Updating ef789480d..c9aac7620
Fast-forward
 unsolved_math_prioritization/QUEUE.md              |   2 +-
 .../attempts/30004435/FINAL_FROZEN_MANIFEST.json   | 212 +++++++++++++++++
 .../attempts/30004435/FINAL_REVIEW_REQUEST.md      |  19 ++
 .../attempts/30004435/PRIOR_GATE.json              |  15 ++
 .../attempts/30004435/PR_BODY.md                   |  17 ++
 .../attempts/30004435/PUBLICATION_MANIFEST.json    | 263 +++++++++++++++++++++
 .../attempts/30004435/READINESS.json               |  14 ++
 .../attempts/30004435/README.md                    |  31 +++
 .../attempts/30004435/REPLAY_ALL.py                |  18 ++
 .../attempts/30004435/RESEARCH_LOG.md              |   5 +
 .../attempts/30004435/RESULT.md                    |  31 +++
 .../attempts/30004435/SOURCE_MANIFEST.json         |  25 ++
 .../attempts/30004435/SOURCE_NORMALIZATION.md      |  15 ++
 .../attempts/30004435/TURN_1.md                    | 106 +++++++++
 .../attempts/30004435/TURN_1_CHECKS.json           |  36 +++
 .../attempts/30004435/TURN_1_LEDGER.jsonl          |   2 +
 .../attempts/30004435/TURN_1_MANIFEST.json         |  62 +++++
 .../attempts/30004435/TURN_1_STATE.json            |  25 ++
 .../attempts/30004435/TURN_2.md                    |  65 +++++
 .../attempts/30004435/TURN_2_CHECKS.json           |  15 ++
 .../attempts/30004435/TURN_2_LEDGER.jsonl          |   3 +
 .../attempts/30004435/TURN_2_MANIFEST.json         |  97 ++++++++
 .../attempts/30004435/TURN_2_STATE.json            |  25 ++
 .../attempts/30004435/TURN_3.md                    |  75 ++++++
 .../attempts/30004435/TURN_3_CHECKS.json           |   6 +
 .../attempts/30004435/TURN_3_LEDGER.jsonl          |   4 +
 .../attempts/30004435/TURN_3_MANIFEST.json         | 132 +++++++++++
 .../attempts/30004435/TURN_3_SOURCE.json           |   9 +
 .../attempts/30004435/TURN_3_STATE.json            |  25 ++
 .../attempts/30004435/TURN_4.md                    |  70 ++++++
 .../attempts/30004435/TURN_4_CHECKS.json           |  26 ++
 .../attempts/30004435/TURN_4_LEDGER.jsonl          |   5 +
 .../attempts/30004435/TURN_4_MANIFEST.json         | 162 +++++++++++++
 .../attempts/30004435/TURN_4_STATE.json            |  25 ++
 .../attempts/30004435/TURN_5.md                    |  88 +++++++
 .../attempts/30004435/TURN_5_CHECKS.json           | 195 +++++++++++++++
 .../attempts/30004435/TURN_5_LEDGER.jsonl          |   6 +
 .../attempts/30004435/TURN_5_MANIFEST.json         | 207 ++++++++++++++++
 .../attempts/30004435/TURN_5_STATE.json            |  25 ++
 .../30004435/final_review/ADVERSARIAL_REVIEW.md    |  67 ++++++
 .../30004435/final_review/AUTHOR_REPLAY.json       |  13 +
 .../30004435/final_review/INDEPENDENT_CHECKS.json  |  21 ++
 .../30004435/final_review/REMOTE_BINDING.json      | 217 +++++++++++++++++
 .../30004435/final_review/REVIEW_MANIFEST.json     |  36 +++
 .../30004435/final_review/independent_checks.py    |  84 +++++++
 .../30004435/final_review/verify_review.py         |  11 +
 .../attempts/30004435/finite_markov.py             |  33 +++
 .../attempts/30004435/observable_space.py          |  22 ++
 .../attempts/30004435/verify_turn1.py              |  63 +++++
 .../attempts/30004435/verify_turn2.py              |  52 ++++
 .../attempts/30004435/verify_turn3.py              |  60 +++++
 .../attempts/30004435/verify_turn4.py              |  49 ++++
 .../attempts/30004435/verify_turn5.py              |  69 ++++++
 53 files changed, 2959 insertions(+), 1 deletion(-)
 create mode 100644 unsolved_math_prioritization/attempts/30004435/FINAL_FROZEN_MANIFEST.json
 create mode 100644 unsolved_math_prioritization/attempts/30004435/FINAL_REVIEW_REQUEST.md
 create mode 100644 unsolved_math_prioritization/attempts/30004435/PRIOR_GATE.json
 create mode 100644 unsolved_math_prioritization/attempts/30004435/PR_BODY.md
 create mode 100644 unsolved_math_prioritization/attempts/30004435/PUBLICATION_MANIFEST.json
 create mode 100644 unsolved_math_prioritization/attempts/30004435/READINESS.json
 create mode 100644 unsolved_math_prioritization/attempts/30004435/README.md
 create mode 100644 unsolved_math_prioritization/attempts/30004435/REPLAY_ALL.py
 create mode 100644 unsolved_math_prioritization/attempts/30004435/RESEARCH_LOG.md
 create mode 100644 unsolved_math_prioritization/attempts/30004435/RESULT.md
 create mode 100644 unsolved_math_prioritization/attempts/30004435/SOURCE_MANIFEST.json
 create mode 100644 unsolved_math_prioritization/attempts/30004435/SOURCE_NORMALIZATION.md
 create mode 100644 unsolved_math_prioritization/attempts/30004435/TURN_1.md
 create mode 100644 unsolved_math_prioritization/attempts/30004435/TURN_1_CHECKS.json
 create mode 100644 unsolved_math_prioritization/attempts/30004435/TURN_1_LEDGER.jsonl
 create mode 100644 unsolved_math_prioritization/attempts/30004435/TURN_1_MANIFEST.json
 create mode 100644 unsolved_math_prioritization/attempts/30004435/TURN_1_STATE.json
 create mode 100644 unsolved_math_prioritization/attempts/30004435/TURN_2.md
 create mode 100644 unsolved_math_prioritization/attempts/30004435/TURN_2_CHECKS.json
 create mode 100644 unsolved_math_prioritization/attempts/30004435/TURN_2_LEDGER.jsonl
 create mode 100644 unsolved_math_prioritization/attempts/30004435/TURN_2_MANIFEST.json
 create mode 100644 unsolved_math_prioritization/attempts/30004435/TURN_2_STATE.json
 create mode 100644 unsolved_math_prioritization/attempts/30004435/TURN_3.md
 create mode 100644 unsolved_math_prioritization/attempts/30004435/TURN_3_CHECKS.json
 create mode 100644 unsolved_math_prioritization/attempts/30004435/TURN_3_LEDGER.jsonl
 create mode 100644 unsolved_math_prioritization/attempts/30004435/TURN_3_MANIFEST.json
 create mode 100644 unsolved_math_prioritization/attempts/30004435/TURN_3_SOURCE.json
 create mode 100644 unsolved_math_prioritization/attempts/30004435/TURN_3_STATE.json
 create mode 100644 unsolved_math_prioritization/attempts/30004435/TURN_4.md
 create mode 100644 unsolved_math_prioritization/attempts/30004435/TURN_4_CHECKS.json
 create mode 100644 unsolved_math_prioritization/attempts/30004435/TURN_4_LEDGER.jsonl
 create mode 100644 unsolved_math_prioritization/attempts/30004435/TURN_4_MANIFEST.json
 create mode 100644 unsolved_math_prioritization/attempts/30004435/TURN_4_STATE.json
 create mode 100644 unsolved_math_prioritization/attempts/30004435/TURN_5.md
 create mode 100644 unsolved_math_prioritization/attempts/30004435/TURN_5_CHECKS.json
 create mode 100644 unsolved_math_prioritization/attempts/30004435/TURN_5_LEDGER.jsonl
 create mode 100644 unsolved_math_prioritization/attempts/30004435/TURN_5_MANIFEST.json
 create mode 100644 unsolved_math_prioritization/attempts/30004435/TURN_5_STATE.json
 create mode 100644 unsolved_math_prioritization/attempts/30004435/final_review/ADVERSARIAL_REVIEW.md
 create mode 100644 unsolved_math_prioritization/attempts/30004435/final_review/AUTHOR_REPLAY.json
 create mode 100644 unsolved_math_prioritization/attempts/30004435/final_review/INDEPENDENT_CHECKS.json
 create mode 100644 unsolved_math_prioritization/attempts/30004435/final_review/REMOTE_BINDING.json
 create mode 100644 unsolved_math_prioritization/attempts/30004435/final_review/REVIEW_MANIFEST.json
 create mode 100644 unsolved_math_prioritization/attempts/30004435/final_review/independent_checks.py
 create mode 100644 unsolved_math_prioritization/attempts/30004435/final_review/verify_review.py
 create mode 100644 unsolved_math_prioritization/attempts/30004435/finite_markov.py
 create mode 100644 unsolved_math_prioritization/attempts/30004435/observable_space.py
 create mode 100644 unsolved_math_prioritization/attempts/30004435/verify_turn1.py
 create mode 100644 unsolved_math_prioritization/attempts/30004435/verify_turn2.py
 create mode 100644 unsolved_math_prioritization/attempts/30004435/verify_turn3.py
 create mode 100644 unsolved_math_prioritization/attempts/30004435/verify_turn4.py
 create mode 100644 unsolved_math_prioritization/attempts/30004435/verify_turn5.py
