{
  "document_byte_check_count": 8,
  "document_byte_checks": [
    {
      "bytes": 1101,
      "document": "first_audit/AUTHORED_PACKET_MANIFEST.json",
      "preserved": true,
      "sha256": "50f1655a716d9e58d005a3713fde29eba0da993e17abba43e038ee651a6fc5ec"
    },
    {
      "bytes": 24620,
      "document": "first_audit/NESTED_DEPENDENCY_LEDGER.md",
      "preserved": true,
      "sha256": "07178f08bda91f33ffbf335da7af8d2244f5439f98f22f61e552aa6aafde1bf9"
    },
    {
      "bytes": 34057,
      "document": "first_audit/PRIOR_RESOLUTION_AUDIT.md",
      "preserved": true,
      "sha256": "7a7cd9dc4c547e20739d5f96d35150f63f03b5fbc0fd1247e6056bce9b256ee4"
    },
    {
      "bytes": 12008,
      "document": "first_audit/SOURCE_VERIFICATION_METADATA.json",
      "preserved": true,
      "sha256": "69df13349746856d34d4eb57970e5f618eb01c8f2d2e3d1346e21f7619389e6d"
    },
    {
      "bytes": 28468,
      "document": "second_audit/INDEPENDENT_ACCEPTANCE_REPORT.md",
      "preserved": true,
      "sha256": "dbd08a7f4b7f973f0a28c774b1030c0a87b20f4a3815221fd7bae04b0345acf5"
    },
    {
      "bytes": 1071,
      "document": "second_audit/INDEPENDENT_PACKET_MANIFEST.json",
      "preserved": true,
      "sha256": "66934f764a75ab0730d4b2a0783153d54f2a9035284029e7157262bf807402f7"
    },
    {
      "bytes": 12066,
      "document": "second_audit/INDEPENDENT_VERIFICATION_METADATA.json",
      "preserved": true,
      "sha256": "08e2b53460e7f862f39efd99eb0a6abbea162f386f03c2d7ba892a6f86f287a8"
    },
    {
      "bytes": 3888,
      "document": "second_audit/LOCAL_CONDITION_CLARIFICATION.md",
      "preserved": true,
      "sha256": "438ca99e22f3975958eeb491b63a4f9610c35fb0b5aa46e61f97f4616d46d833"
    }
  ],
  "euid": 1000,
  "mathematical_proof_checks": "NOT_RUN",
  "problem_id": 30000779,
  "python_optimize": 2,
  "schema": 1,
  "scope_declaration_control_count": 2,
  "scope_declaration_controls": [
    {
      "identity": "exact acceptance declaration",
      "passed": true
    },
    {
      "identity": "exact status declaration",
      "passed": true
    }
  ],
  "source_theorem_computationally_certified": false,
  "status": "passed",
  "uid": 1000
}
