[main 569968811] Publish PR382 repaired-head final audit and scoped acceptance
 65 files changed, 5656 insertions(+), 2 deletions(-)
 create mode 100644 draft_pr_descending_audit_20261002/audits/pr382_6600013/ACCEPTANCE_DECISION.md
 create mode 100644 draft_pr_descending_audit_20261002/audits/pr382_6600013/acceptance_criteria.json
 create mode 100644 draft_pr_descending_audit_20261002/audits/pr382_6600013/accepted_pr_body.txt
 create mode 100644 draft_pr_descending_audit_20261002/audits/pr382_6600013/merge_body.txt
 create mode 100644 draft_pr_descending_audit_20261002/audits/pr382_6600013/repaired_final_adversary/ALL_EXECUTABLE_STARTUP_RECEIPT.json
 create mode 100644 draft_pr_descending_audit_20261002/audits/pr382_6600013/repaired_final_adversary/ALL_FILES_INSPECTION.json
 create mode 100644 draft_pr_descending_audit_20261002/audits/pr382_6600013/repaired_final_adversary/BINDING_RECEIPT.json
 create mode 100644 draft_pr_descending_audit_20261002/audits/pr382_6600013/repaired_final_adversary/INDEPENDENT_RECONSTRUCTION.md
 create mode 100644 draft_pr_descending_audit_20261002/audits/pr382_6600013/repaired_final_adversary/LATER_COMPARISON_RECEIPT.json
 create mode 100644 draft_pr_descending_audit_20261002/audits/pr382_6600013/repaired_final_adversary/OUTPUT_MANIFEST.json
 create mode 100644 draft_pr_descending_audit_20261002/audits/pr382_6600013/repaired_final_adversary/PRE_CANDIDATE_SEAL.json
 create mode 100644 draft_pr_descending_audit_20261002/audits/pr382_6600013/repaired_final_adversary/PRINTED_SOURCE_RECEIPT.json
 create mode 100644 draft_pr_descending_audit_20261002/audits/pr382_6600013/repaired_final_adversary/REPLAY_RECEIPT.json
 create mode 100644 draft_pr_descending_audit_20261002/audits/pr382_6600013/repaired_final_adversary/REPORT.md
 create mode 100644 draft_pr_descending_audit_20261002/audits/pr382_6600013/repaired_final_adversary/RESEARCH_LOG.md
 create mode 100644 draft_pr_descending_audit_20261002/audits/pr382_6600013/repaired_final_adversary/SOURCE_RECEIPTS.json
 create mode 100644 draft_pr_descending_audit_20261002/audits/pr382_6600013/repaired_final_adversary/VERIFY.json
 create mode 100644 draft_pr_descending_audit_20261002/audits/pr382_6600013/repaired_final_adversary/author_replay.stderr
 create mode 100644 draft_pr_descending_audit_20261002/audits/pr382_6600013/repaired_final_adversary/author_replay.stdout
 create mode 100644 draft_pr_descending_audit_20261002/audits/pr382_6600013/repaired_final_adversary/check_bindings.py
 create mode 100644 draft_pr_descending_audit_20261002/audits/pr382_6600013/repaired_final_adversary/cochain_images.stderr
 create mode 100644 draft_pr_descending_audit_20261002/audits/pr382_6600013/repaired_final_adversary/cochain_images.stdout
 create mode 100644 draft_pr_descending_audit_20261002/audits/pr382_6600013/repaired_final_adversary/cyclic_cover.stderr
 create mode 100644 draft_pr_descending_audit_20261002/audits/pr382_6600013/repaired_final_adversary/cyclic_cover.stdout
 create mode 100644 draft_pr_descending_audit_20261002/audits/pr382_6600013/repaired_final_adversary/final_review_verify_review.stderr
 create mode 100644 draft_pr_descending_audit_20261002/audits/pr382_6600013/repaired_final_adversary/final_review_verify_review.stdout
 create mode 100644 draft_pr_descending_audit_20261002/audits/pr382_6600013/repaired_final_adversary/historical_replay.stderr
 create mode 100644 draft_pr_descending_audit_20261002/audits/pr382_6600013/repaired_final_adversary/historical_replay.stdout
 create mode 100644 draft_pr_descending_audit_20261002/audits/pr382_6600013/repaired_final_adversary/independent_controls.py
 create mode 100644 draft_pr_descending_audit_20261002/audits/pr382_6600013/repaired_final_adversary/independent_controls.stderr
 create mode 100644 draft_pr_descending_audit_20261002/audits/pr382_6600013/repaired_final_adversary/independent_controls.stdout
 create mode 100644 draft_pr_descending_audit_20261002/audits/pr382_6600013/repaired_final_adversary/post_candidate_controls.py
 create mode 100644 draft_pr_descending_audit_20261002/audits/pr382_6600013/repaired_final_adversary/post_candidate_controls.stderr
 create mode 100644 draft_pr_descending_audit_20261002/audits/pr382_6600013/repaired_final_adversary/post_candidate_controls.stdout
 create mode 100644 draft_pr_descending_audit_20261002/audits/pr382_6600013/repaired_final_adversary/quadratic_rotation.stderr
 create mode 100644 draft_pr_descending_audit_20261002/audits/pr382_6600013/repaired_final_adversary/quadratic_rotation.stdout
 create mode 100644 draft_pr_descending_audit_20261002/audits/pr382_6600013/repaired_final_adversary/rational_linear.stderr
 create mode 100644 draft_pr_descending_audit_20261002/audits/pr382_6600013/repaired_final_adversary/rational_linear.stdout
 create mode 100644 draft_pr_descending_audit_20261002/audits/pr382_6600013/repaired_final_adversary/rectangular_complex.stderr
 create mode 100644 draft_pr_descending_audit_20261002/audits/pr382_6600013/repaired_final_adversary/rectangular_complex.stdout
 create mode 100644 draft_pr_descending_audit_20261002/audits/pr382_6600013/repaired_final_adversary/replay_driver.stderr
 create mode 100644 draft_pr_descending_audit_20261002/audits/pr382_6600013/repaired_final_adversary/replay_driver.stdout
 create mode 100644 draft_pr_descending_audit_20261002/audits/pr382_6600013/repaired_final_adversary/replay_private.py
 create mode 100644 draft_pr_descending_audit_20261002/audits/pr382_6600013/repaired_final_adversary/thue_morse_language.stderr
 create mode 100644 draft_pr_descending_audit_20261002/audits/pr382_6600013/repaired_final_adversary/thue_morse_language.stdout
 create mode 100644 draft_pr_descending_audit_20261002/audits/pr382_6600013/repaired_final_adversary/verify_review.stderr
 create mode 100644 draft_pr_descending_audit_20261002/audits/pr382_6600013/repaired_final_adversary/verify_review.stdout
 create mode 100644 draft_pr_descending_audit_20261002/audits/pr382_6600013/repaired_final_adversary/verify_turn1.stdout
 create mode 100644 draft_pr_descending_audit_20261002/audits/pr382_6600013/repaired_final_adversary/verify_turn2.stdout
 create mode 100644 draft_pr_descending_audit_20261002/audits/pr382_6600013/repaired_final_adversary/verify_turn3.stdout
 create mode 100644 draft_pr_descending_audit_20261002/audits/pr382_6600013/repaired_final_adversary/verify_turn4.stdout
 create mode 100644 draft_pr_descending_audit_20261002/audits/pr382_6600013/repaired_final_adversary/verify_turn5.stdout
 create mode 100644 draft_pr_descending_audit_20261002/audits/pr382_6600013/root_repaired_final_check.py
 create mode 100644 draft_pr_descending_audit_20261002/audits/pr382_6600013/root_repaired_final_check_bindings.stderr
 create mode 100644 draft_pr_descending_audit_20261002/audits/pr382_6600013/root_repaired_final_check_bindings.stdout
 create mode 100644 draft_pr_descending_audit_20261002/audits/pr382_6600013/root_repaired_final_independent_controls.stderr
 create mode 100644 draft_pr_descending_audit_20261002/audits/pr382_6600013/root_repaired_final_independent_controls.stdout
 create mode 100644 draft_pr_descending_audit_20261002/audits/pr382_6600013/root_repaired_final_post_candidate_controls.stderr
 create mode 100644 draft_pr_descending_audit_20261002/audits/pr382_6600013/root_repaired_final_post_candidate_controls.stdout
 create mode 100644 draft_pr_descending_audit_20261002/audits/pr382_6600013/root_repaired_final_receipt.json
 create mode 100644 draft_pr_descending_audit_20261002/audits/pr382_6600013/root_repaired_final_replay_private.stderr
 create mode 100644 draft_pr_descending_audit_20261002/audits/pr382_6600013/root_repaired_final_replay_private.stdout
