Updating 569968811..568e2f388
Fast-forward
 unsolved_math_prioritization/QUEUE.md              |   2 +-
 .../attempts/6600013/FINAL_FROZEN_MANIFEST.json    | 222 ++++++++++++++++
 .../attempts/6600013/FINAL_REVIEW_REQUEST.md       |  30 +++
 .../attempts/6600013/PRIOR_GATE.json               |  13 +
 .../attempts/6600013/PR_BODY.md                    |  17 ++
 .../attempts/6600013/PUBLICATION_MANIFEST.json     | 288 +++++++++++++++++++++
 .../attempts/6600013/READINESS.json                |  15 ++
 .../attempts/6600013/README.md                     |  38 +++
 .../attempts/6600013/REPLAY_ALL.py                 |  17 ++
 .../attempts/6600013/RESULT.md                     |  35 +++
 .../attempts/6600013/SOURCE_MANIFEST.json          |  31 +++
 .../attempts/6600013/SOURCE_NORMALIZATION.md       |  11 +
 .../attempts/6600013/TURN_1.md                     |  89 +++++++
 .../attempts/6600013/TURN_1_CHECKS.json            |   6 +
 .../attempts/6600013/TURN_1_LEDGER.jsonl           |   2 +
 .../attempts/6600013/TURN_1_MANIFEST.json          |  62 +++++
 .../attempts/6600013/TURN_1_STATE.json             |  26 ++
 .../attempts/6600013/TURN_2.md                     |  94 +++++++
 .../attempts/6600013/TURN_2_CHECKS.json            |  82 ++++++
 .../attempts/6600013/TURN_2_LEDGER.jsonl           |   3 +
 .../attempts/6600013/TURN_2_MANIFEST.json          |  97 +++++++
 .../attempts/6600013/TURN_2_STATE.json             |  26 ++
 .../attempts/6600013/TURN_3.md                     |  95 +++++++
 .../attempts/6600013/TURN_3_CHECKS.json            |  42 +++
 .../attempts/6600013/TURN_3_LEDGER.jsonl           |   4 +
 .../attempts/6600013/TURN_3_MANIFEST.json          | 137 ++++++++++
 .../attempts/6600013/TURN_3_STATE.json             |  26 ++
 .../attempts/6600013/TURN_4.md                     |  81 ++++++
 .../attempts/6600013/TURN_4_CHECKS.json            | 102 ++++++++
 .../attempts/6600013/TURN_4_LEDGER.jsonl           |   5 +
 .../attempts/6600013/TURN_4_MANIFEST.json          | 172 ++++++++++++
 .../attempts/6600013/TURN_4_STATE.json             |  26 ++
 .../attempts/6600013/TURN_5.md                     |  66 +++++
 .../attempts/6600013/TURN_5_CHECKS.json            |  42 +++
 .../attempts/6600013/TURN_5_LEDGER.jsonl           |   6 +
 .../attempts/6600013/TURN_5_MANIFEST.json          | 217 ++++++++++++++++
 .../attempts/6600013/TURN_5_STATE.json             |  26 ++
 .../attempts/6600013/cochain_images.py             |  23 ++
 .../attempts/6600013/cyclic_cover.py               |  24 ++
 .../6600013/final_review/ADVERSARIAL_REVIEW.md     |  59 +++++
 .../6600013/final_review/AUTHOR_REPLAY.json        |  13 +
 .../6600013/final_review/INDEPENDENT_CHECKS.json   |  25 ++
 .../attempts/6600013/final_review/README.md        |   3 +
 .../6600013/final_review/REMOTE_BINDING.json       | 227 ++++++++++++++++
 .../6600013/final_review/REVIEW_MANIFEST.json      |  47 ++++
 .../final_review/TOPOLOGICAL_CLARIFICATION.md      |  15 ++
 .../6600013/final_review/independent_checks.py     |  91 +++++++
 .../attempts/6600013/final_review/verify_review.py |  11 +
 .../attempts/6600013/quadratic_rotation.py         |  29 +++
 .../attempts/6600013/rational_linear.py            |  19 ++
 .../attempts/6600013/rectangular_complex.py        |  25 ++
 .../attempts/6600013/thue_morse_language.py        |  11 +
 .../attempts/6600013/verify_review.py              |  10 +
 .../attempts/6600013/verify_turn1.py               |  40 +++
 .../attempts/6600013/verify_turn2.py               |  33 +++
 .../attempts/6600013/verify_turn3.py               |  37 +++
 .../attempts/6600013/verify_turn4.py               |  36 +++
 .../attempts/6600013/verify_turn5.py               |  31 +++
 58 files changed, 3061 insertions(+), 1 deletion(-)
 create mode 100644 unsolved_math_prioritization/attempts/6600013/FINAL_FROZEN_MANIFEST.json
 create mode 100644 unsolved_math_prioritization/attempts/6600013/FINAL_REVIEW_REQUEST.md
 create mode 100644 unsolved_math_prioritization/attempts/6600013/PRIOR_GATE.json
 create mode 100644 unsolved_math_prioritization/attempts/6600013/PR_BODY.md
 create mode 100644 unsolved_math_prioritization/attempts/6600013/PUBLICATION_MANIFEST.json
 create mode 100644 unsolved_math_prioritization/attempts/6600013/READINESS.json
 create mode 100644 unsolved_math_prioritization/attempts/6600013/README.md
 create mode 100644 unsolved_math_prioritization/attempts/6600013/REPLAY_ALL.py
 create mode 100644 unsolved_math_prioritization/attempts/6600013/RESULT.md
 create mode 100644 unsolved_math_prioritization/attempts/6600013/SOURCE_MANIFEST.json
 create mode 100644 unsolved_math_prioritization/attempts/6600013/SOURCE_NORMALIZATION.md
 create mode 100644 unsolved_math_prioritization/attempts/6600013/TURN_1.md
 create mode 100644 unsolved_math_prioritization/attempts/6600013/TURN_1_CHECKS.json
 create mode 100644 unsolved_math_prioritization/attempts/6600013/TURN_1_LEDGER.jsonl
 create mode 100644 unsolved_math_prioritization/attempts/6600013/TURN_1_MANIFEST.json
 create mode 100644 unsolved_math_prioritization/attempts/6600013/TURN_1_STATE.json
 create mode 100644 unsolved_math_prioritization/attempts/6600013/TURN_2.md
 create mode 100644 unsolved_math_prioritization/attempts/6600013/TURN_2_CHECKS.json
 create mode 100644 unsolved_math_prioritization/attempts/6600013/TURN_2_LEDGER.jsonl
 create mode 100644 unsolved_math_prioritization/attempts/6600013/TURN_2_MANIFEST.json
 create mode 100644 unsolved_math_prioritization/attempts/6600013/TURN_2_STATE.json
 create mode 100644 unsolved_math_prioritization/attempts/6600013/TURN_3.md
 create mode 100644 unsolved_math_prioritization/attempts/6600013/TURN_3_CHECKS.json
 create mode 100644 unsolved_math_prioritization/attempts/6600013/TURN_3_LEDGER.jsonl
 create mode 100644 unsolved_math_prioritization/attempts/6600013/TURN_3_MANIFEST.json
 create mode 100644 unsolved_math_prioritization/attempts/6600013/TURN_3_STATE.json
 create mode 100644 unsolved_math_prioritization/attempts/6600013/TURN_4.md
 create mode 100644 unsolved_math_prioritization/attempts/6600013/TURN_4_CHECKS.json
 create mode 100644 unsolved_math_prioritization/attempts/6600013/TURN_4_LEDGER.jsonl
 create mode 100644 unsolved_math_prioritization/attempts/6600013/TURN_4_MANIFEST.json
 create mode 100644 unsolved_math_prioritization/attempts/6600013/TURN_4_STATE.json
 create mode 100644 unsolved_math_prioritization/attempts/6600013/TURN_5.md
 create mode 100644 unsolved_math_prioritization/attempts/6600013/TURN_5_CHECKS.json
 create mode 100644 unsolved_math_prioritization/attempts/6600013/TURN_5_LEDGER.jsonl
 create mode 100644 unsolved_math_prioritization/attempts/6600013/TURN_5_MANIFEST.json
 create mode 100644 unsolved_math_prioritization/attempts/6600013/TURN_5_STATE.json
 create mode 100644 unsolved_math_prioritization/attempts/6600013/cochain_images.py
 create mode 100644 unsolved_math_prioritization/attempts/6600013/cyclic_cover.py
 create mode 100644 unsolved_math_prioritization/attempts/6600013/final_review/ADVERSARIAL_REVIEW.md
 create mode 100644 unsolved_math_prioritization/attempts/6600013/final_review/AUTHOR_REPLAY.json
 create mode 100644 unsolved_math_prioritization/attempts/6600013/final_review/INDEPENDENT_CHECKS.json
 create mode 100644 unsolved_math_prioritization/attempts/6600013/final_review/README.md
 create mode 100644 unsolved_math_prioritization/attempts/6600013/final_review/REMOTE_BINDING.json
 create mode 100644 unsolved_math_prioritization/attempts/6600013/final_review/REVIEW_MANIFEST.json
 create mode 100644 unsolved_math_prioritization/attempts/6600013/final_review/TOPOLOGICAL_CLARIFICATION.md
 create mode 100644 unsolved_math_prioritization/attempts/6600013/final_review/independent_checks.py
 create mode 100644 unsolved_math_prioritization/attempts/6600013/final_review/verify_review.py
 create mode 100644 unsolved_math_prioritization/attempts/6600013/quadratic_rotation.py
 create mode 100644 unsolved_math_prioritization/attempts/6600013/rational_linear.py
 create mode 100644 unsolved_math_prioritization/attempts/6600013/rectangular_complex.py
 create mode 100644 unsolved_math_prioritization/attempts/6600013/thue_morse_language.py
 create mode 100644 unsolved_math_prioritization/attempts/6600013/verify_review.py
 create mode 100644 unsolved_math_prioritization/attempts/6600013/verify_turn1.py
 create mode 100644 unsolved_math_prioritization/attempts/6600013/verify_turn2.py
 create mode 100644 unsolved_math_prioritization/attempts/6600013/verify_turn3.py
 create mode 100644 unsolved_math_prioritization/attempts/6600013/verify_turn4.py
 create mode 100644 unsolved_math_prioritization/attempts/6600013/verify_turn5.py
