[main 859a83640] Record PR382 actual acceptance and preserve current queue
 34 files changed, 334 insertions(+), 6 deletions(-)
 create mode 100644 draft_pr_descending_audit_20261002/audits/pr382_6600013/ACTUAL_MERGE_VERIFICATION.json
 create mode 100644 draft_pr_descending_audit_20261002/audits/pr382_6600013/acceptance_checkpoint_commit.stderr
 create mode 100644 draft_pr_descending_audit_20261002/audits/pr382_6600013/acceptance_checkpoint_commit.stdout
 create mode 100644 draft_pr_descending_audit_20261002/audits/pr382_6600013/acceptance_checkpoint_push.stderr
 create mode 100644 draft_pr_descending_audit_20261002/audits/pr382_6600013/acceptance_checkpoint_push.stdout
 create mode 100644 draft_pr_descending_audit_20261002/audits/pr382_6600013/acceptance_stage.stderr
 create mode 100644 draft_pr_descending_audit_20261002/audits/pr382_6600013/acceptance_stage.stdout
 create mode 100644 draft_pr_descending_audit_20261002/audits/pr382_6600013/accepted_body_edit.stderr
 create mode 100644 draft_pr_descending_audit_20261002/audits/pr382_6600013/accepted_body_edit.stdout
 create mode 100644 draft_pr_descending_audit_20261002/audits/pr382_6600013/accepted_ready.stderr
 create mode 100644 draft_pr_descending_audit_20261002/audits/pr382_6600013/accepted_ready.stdout
 create mode 100644 draft_pr_descending_audit_20261002/audits/pr382_6600013/actual_acceptance_remote_before.stderr
 create mode 100644 draft_pr_descending_audit_20261002/audits/pr382_6600013/actual_acceptance_remote_before.stdout
 create mode 100644 draft_pr_descending_audit_20261002/audits/pr382_6600013/actual_merge_execution.stderr
 create mode 100644 draft_pr_descending_audit_20261002/audits/pr382_6600013/actual_merge_execution.stdout
 create mode 100644 draft_pr_descending_audit_20261002/audits/pr382_6600013/actual_pre_merge_remote.stderr
 create mode 100644 draft_pr_descending_audit_20261002/audits/pr382_6600013/actual_pre_merge_remote.stdout
 create mode 100644 draft_pr_descending_audit_20261002/audits/pr382_6600013/post_merge_fetch.stderr
 create mode 100644 draft_pr_descending_audit_20261002/audits/pr382_6600013/post_merge_fetch.stdout
 create mode 100644 draft_pr_descending_audit_20261002/audits/pr382_6600013/post_merge_main_sync.stderr
 create mode 100644 draft_pr_descending_audit_20261002/audits/pr382_6600013/post_merge_main_sync.stdout
 create mode 100644 draft_pr_descending_audit_20261002/audits/pr382_6600013/post_merge_remote.stderr
 create mode 100644 draft_pr_descending_audit_20261002/audits/pr382_6600013/post_merge_remote.stdout
 create mode 100644 draft_pr_descending_audit_20261002/audits/pr382_6600013/pre_merge_main_fetch.stderr
 create mode 100644 draft_pr_descending_audit_20261002/audits/pr382_6600013/pre_merge_main_fetch.stdout
 create mode 100644 draft_pr_descending_audit_20261002/audits/pr382_6600013/virtual_integration_receipt.json
 create mode 100644 draft_pr_descending_audit_20261002/audits/pr382_6600013/virtual_merge.stderr
 create mode 100644 draft_pr_descending_audit_20261002/audits/pr382_6600013/virtual_merge.stdout
 create mode 100644 draft_pr_descending_audit_20261002/root_integrate_reviewed_pr.py
