[main a60663202] Publish PR383 actual acceptance and freeze queue-repaired PR382 for new audit
 79 files changed, 5541 insertions(+), 10 deletions(-)
 create mode 100644 draft_pr_descending_audit_20261002/audits/pr382_6600013/queue_repair_branch_push.stderr
 create mode 100644 draft_pr_descending_audit_20261002/audits/pr382_6600013/queue_repair_branch_push.stdout
 create mode 100644 draft_pr_descending_audit_20261002/audits/pr382_6600013/queue_repair_preflight_merge_tree.stderr
 create mode 100644 draft_pr_descending_audit_20261002/audits/pr382_6600013/queue_repair_preflight_merge_tree.stdout
 create mode 100644 draft_pr_descending_audit_20261002/audits/pr382_6600013/queue_repair_receipt.json
 create mode 100644 draft_pr_descending_audit_20261002/audits/pr382_6600013/repaired_snapshot/unsolved_math_prioritization/QUEUE.md
 create mode 100644 draft_pr_descending_audit_20261002/audits/pr382_6600013/repaired_snapshot/unsolved_math_prioritization/attempts/6600013/FINAL_FROZEN_MANIFEST.json
 create mode 100644 draft_pr_descending_audit_20261002/audits/pr382_6600013/repaired_snapshot/unsolved_math_prioritization/attempts/6600013/FINAL_REVIEW_REQUEST.md
 create mode 100644 draft_pr_descending_audit_20261002/audits/pr382_6600013/repaired_snapshot/unsolved_math_prioritization/attempts/6600013/PRIOR_GATE.json
 create mode 100644 draft_pr_descending_audit_20261002/audits/pr382_6600013/repaired_snapshot/unsolved_math_prioritization/attempts/6600013/PR_BODY.md
 create mode 100644 draft_pr_descending_audit_20261002/audits/pr382_6600013/repaired_snapshot/unsolved_math_prioritization/attempts/6600013/PUBLICATION_MANIFEST.json
 create mode 100644 draft_pr_descending_audit_20261002/audits/pr382_6600013/repaired_snapshot/unsolved_math_prioritization/attempts/6600013/READINESS.json
 create mode 100644 draft_pr_descending_audit_20261002/audits/pr382_6600013/repaired_snapshot/unsolved_math_prioritization/attempts/6600013/README.md
 create mode 100644 draft_pr_descending_audit_20261002/audits/pr382_6600013/repaired_snapshot/unsolved_math_prioritization/attempts/6600013/REPLAY_ALL.py
 create mode 100644 draft_pr_descending_audit_20261002/audits/pr382_6600013/repaired_snapshot/unsolved_math_prioritization/attempts/6600013/RESULT.md
 create mode 100644 draft_pr_descending_audit_20261002/audits/pr382_6600013/repaired_snapshot/unsolved_math_prioritization/attempts/6600013/SOURCE_MANIFEST.json
 create mode 100644 draft_pr_descending_audit_20261002/audits/pr382_6600013/repaired_snapshot/unsolved_math_prioritization/attempts/6600013/SOURCE_NORMALIZATION.md
 create mode 100644 draft_pr_descending_audit_20261002/audits/pr382_6600013/repaired_snapshot/unsolved_math_prioritization/attempts/6600013/TURN_1.md
 create mode 100644 draft_pr_descending_audit_20261002/audits/pr382_6600013/repaired_snapshot/unsolved_math_prioritization/attempts/6600013/TURN_1_CHECKS.json
 create mode 100644 draft_pr_descending_audit_20261002/audits/pr382_6600013/repaired_snapshot/unsolved_math_prioritization/attempts/6600013/TURN_1_LEDGER.jsonl
 create mode 100644 draft_pr_descending_audit_20261002/audits/pr382_6600013/repaired_snapshot/unsolved_math_prioritization/attempts/6600013/TURN_1_MANIFEST.json
 create mode 100644 draft_pr_descending_audit_20261002/audits/pr382_6600013/repaired_snapshot/unsolved_math_prioritization/attempts/6600013/TURN_1_STATE.json
 create mode 100644 draft_pr_descending_audit_20261002/audits/pr382_6600013/repaired_snapshot/unsolved_math_prioritization/attempts/6600013/TURN_2.md
 create mode 100644 draft_pr_descending_audit_20261002/audits/pr382_6600013/repaired_snapshot/unsolved_math_prioritization/attempts/6600013/TURN_2_CHECKS.json
 create mode 100644 draft_pr_descending_audit_20261002/audits/pr382_6600013/repaired_snapshot/unsolved_math_prioritization/attempts/6600013/TURN_2_LEDGER.jsonl
 create mode 100644 draft_pr_descending_audit_20261002/audits/pr382_6600013/repaired_snapshot/unsolved_math_prioritization/attempts/6600013/TURN_2_MANIFEST.json
 create mode 100644 draft_pr_descending_audit_20261002/audits/pr382_6600013/repaired_snapshot/unsolved_math_prioritization/attempts/6600013/TURN_2_STATE.json
 create mode 100644 draft_pr_descending_audit_20261002/audits/pr382_6600013/repaired_snapshot/unsolved_math_prioritization/attempts/6600013/TURN_3.md
 create mode 100644 draft_pr_descending_audit_20261002/audits/pr382_6600013/repaired_snapshot/unsolved_math_prioritization/attempts/6600013/TURN_3_CHECKS.json
 create mode 100644 draft_pr_descending_audit_20261002/audits/pr382_6600013/repaired_snapshot/unsolved_math_prioritization/attempts/6600013/TURN_3_LEDGER.jsonl
 create mode 100644 draft_pr_descending_audit_20261002/audits/pr382_6600013/repaired_snapshot/unsolved_math_prioritization/attempts/6600013/TURN_3_MANIFEST.json
 create mode 100644 draft_pr_descending_audit_20261002/audits/pr382_6600013/repaired_snapshot/unsolved_math_prioritization/attempts/6600013/TURN_3_STATE.json
 create mode 100644 draft_pr_descending_audit_20261002/audits/pr382_6600013/repaired_snapshot/unsolved_math_prioritization/attempts/6600013/TURN_4.md
 create mode 100644 draft_pr_descending_audit_20261002/audits/pr382_6600013/repaired_snapshot/unsolved_math_prioritization/attempts/6600013/TURN_4_CHECKS.json
 create mode 100644 draft_pr_descending_audit_20261002/audits/pr382_6600013/repaired_snapshot/unsolved_math_prioritization/attempts/6600013/TURN_4_LEDGER.jsonl
 create mode 100644 draft_pr_descending_audit_20261002/audits/pr382_6600013/repaired_snapshot/unsolved_math_prioritization/attempts/6600013/TURN_4_MANIFEST.json
 create mode 100644 draft_pr_descending_audit_20261002/audits/pr382_6600013/repaired_snapshot/unsolved_math_prioritization/attempts/6600013/TURN_4_STATE.json
 create mode 100644 draft_pr_descending_audit_20261002/audits/pr382_6600013/repaired_snapshot/unsolved_math_prioritization/attempts/6600013/TURN_5.md
 create mode 100644 draft_pr_descending_audit_20261002/audits/pr382_6600013/repaired_snapshot/unsolved_math_prioritization/attempts/6600013/TURN_5_CHECKS.json
 create mode 100644 draft_pr_descending_audit_20261002/audits/pr382_6600013/repaired_snapshot/unsolved_math_prioritization/attempts/6600013/TURN_5_LEDGER.jsonl
 create mode 100644 draft_pr_descending_audit_20261002/audits/pr382_6600013/repaired_snapshot/unsolved_math_prioritization/attempts/6600013/TURN_5_MANIFEST.json
 create mode 100644 draft_pr_descending_audit_20261002/audits/pr382_6600013/repaired_snapshot/unsolved_math_prioritization/attempts/6600013/TURN_5_STATE.json
 create mode 100644 draft_pr_descending_audit_20261002/audits/pr382_6600013/repaired_snapshot/unsolved_math_prioritization/attempts/6600013/cochain_images.py
 create mode 100644 draft_pr_descending_audit_20261002/audits/pr382_6600013/repaired_snapshot/unsolved_math_prioritization/attempts/6600013/cyclic_cover.py
 create mode 100644 draft_pr_descending_audit_20261002/audits/pr382_6600013/repaired_snapshot/unsolved_math_prioritization/attempts/6600013/final_review/ADVERSARIAL_REVIEW.md
 create mode 100644 draft_pr_descending_audit_20261002/audits/pr382_6600013/repaired_snapshot/unsolved_math_prioritization/attempts/6600013/final_review/AUTHOR_REPLAY.json
 create mode 100644 draft_pr_descending_audit_20261002/audits/pr382_6600013/repaired_snapshot/unsolved_math_prioritization/attempts/6600013/final_review/INDEPENDENT_CHECKS.json
 create mode 100644 draft_pr_descending_audit_20261002/audits/pr382_6600013/repaired_snapshot/unsolved_math_prioritization/attempts/6600013/final_review/README.md
 create mode 100644 draft_pr_descending_audit_20261002/audits/pr382_6600013/repaired_snapshot/unsolved_math_prioritization/attempts/6600013/final_review/REMOTE_BINDING.json
 create mode 100644 draft_pr_descending_audit_20261002/audits/pr382_6600013/repaired_snapshot/unsolved_math_prioritization/attempts/6600013/final_review/REVIEW_MANIFEST.json
 create mode 100644 draft_pr_descending_audit_20261002/audits/pr382_6600013/repaired_snapshot/unsolved_math_prioritization/attempts/6600013/final_review/TOPOLOGICAL_CLARIFICATION.md
 create mode 100644 draft_pr_descending_audit_20261002/audits/pr382_6600013/repaired_snapshot/unsolved_math_prioritization/attempts/6600013/final_review/independent_checks.py
 create mode 100644 draft_pr_descending_audit_20261002/audits/pr382_6600013/repaired_snapshot/unsolved_math_prioritization/attempts/6600013/final_review/verify_review.py
 create mode 100644 draft_pr_descending_audit_20261002/audits/pr382_6600013/repaired_snapshot/unsolved_math_prioritization/attempts/6600013/quadratic_rotation.py
 create mode 100644 draft_pr_descending_audit_20261002/audits/pr382_6600013/repaired_snapshot/unsolved_math_prioritization/attempts/6600013/rational_linear.py
 create mode 100644 draft_pr_descending_audit_20261002/audits/pr382_6600013/repaired_snapshot/unsolved_math_prioritization/attempts/6600013/rectangular_complex.py
 create mode 100644 draft_pr_descending_audit_20261002/audits/pr382_6600013/repaired_snapshot/unsolved_math_prioritization/attempts/6600013/thue_morse_language.py
 create mode 100644 draft_pr_descending_audit_20261002/audits/pr382_6600013/repaired_snapshot/unsolved_math_prioritization/attempts/6600013/verify_review.py
 create mode 100644 draft_pr_descending_audit_20261002/audits/pr382_6600013/repaired_snapshot/unsolved_math_prioritization/attempts/6600013/verify_turn1.py
 create mode 100644 draft_pr_descending_audit_20261002/audits/pr382_6600013/repaired_snapshot/unsolved_math_prioritization/attempts/6600013/verify_turn2.py
 create mode 100644 draft_pr_descending_audit_20261002/audits/pr382_6600013/repaired_snapshot/unsolved_math_prioritization/attempts/6600013/verify_turn3.py
 create mode 100644 draft_pr_descending_audit_20261002/audits/pr382_6600013/repaired_snapshot/unsolved_math_prioritization/attempts/6600013/verify_turn4.py
 create mode 100644 draft_pr_descending_audit_20261002/audits/pr382_6600013/repaired_snapshot/unsolved_math_prioritization/attempts/6600013/verify_turn5.py
 create mode 100644 draft_pr_descending_audit_20261002/audits/pr382_6600013/repaired_snapshot_manifest.json
 create mode 100644 draft_pr_descending_audit_20261002/audits/pr383_30004047/ACTUAL_MERGE_VERIFICATION.json
 create mode 100644 draft_pr_descending_audit_20261002/audits/pr383_30004047/post_acceptance_checkpoint_commit.stderr
 create mode 100644 draft_pr_descending_audit_20261002/audits/pr383_30004047/post_acceptance_checkpoint_commit.stdout
 create mode 100644 draft_pr_descending_audit_20261002/audits/pr383_30004047/post_acceptance_checkpoint_push.stderr
 create mode 100644 draft_pr_descending_audit_20261002/audits/pr383_30004047/post_acceptance_checkpoint_push.stdout
 create mode 100644 draft_pr_descending_audit_20261002/audits/pr383_30004047/post_merge_main_reconcile.stderr
 create mode 100644 draft_pr_descending_audit_20261002/audits/pr383_30004047/post_merge_main_reconcile.stdout
 create mode 100644 draft_pr_descending_audit_20261002/audits/pr383_30004047/post_merge_main_reconcile_push.stderr
 create mode 100644 draft_pr_descending_audit_20261002/audits/pr383_30004047/post_merge_main_reconcile_push.stdout
