{
  "assertions": 58258,
  "categories": {
    "actual_action_cocycle_law": 64,
    "actual_action_quotient_compatibility": 14400,
    "actual_action_tail_difference": 14400,
    "actual_cover_H2_pullback_injective": 24,
    "actual_cover_betti": 120,
    "actual_finite_observation_not_generator": 14400,
    "actual_lifted_H1_isomorphism": 32,
    "actual_lifted_H2_isomorphism": 32,
    "actual_signed_action_inverse": 14400,
    "lifted_boundary_squared": 120,
    "minimal_base_does_not_make_zero_extension_minimal": 1,
    "reduction_chain_degree1": 24,
    "reduction_chain_degree2": 24,
    "substitution_chain_degree1": 32,
    "substitution_chain_degree2": 32,
    "substitution_surjective_monodromy": 32,
    "surjectivity_needed_for_connected_Betti_tuple": 1,
    "transfer_is_cochain_degree0": 24,
    "transfer_is_cochain_degree1": 24,
    "transfer_pullback_twice_identity": 72
  },
  "cover_records": [
    {
      "betti": [
        1,
        4,
        4
      ],
      "components": 1,
      "monodromy": [
        1,
        0
      ],
      "q": 1
    },
    {
      "betti": [
        1,
        4,
        4
      ],
      "components": 1,
      "monodromy": [
        2,
        1
      ],
      "q": 1
    },
    {
      "betti": [
        1,
        4,
        4
      ],
      "components": 1,
      "monodromy": [
        5,
        3
      ],
      "q": 1
    },
    {
      "betti": [
        1,
        4,
        4
      ],
      "components": 1,
      "monodromy": [
        0,
        0
      ],
      "q": 1
    },
    {
      "betti": [
        1,
        4,
        4
      ],
      "components": 1,
      "monodromy": [
        2,
        0
      ],
      "q": 1
    },
    {
      "betti": [
        1,
        4,
        5
      ],
      "components": 1,
      "monodromy": [
        1,
        0
      ],
      "q": 2
    },
    {
      "betti": [
        1,
        4,
        5
      ],
      "components": 1,
      "monodromy": [
        2,
        1
      ],
      "q": 2
    },
    {
      "betti": [
        1,
        4,
        5
      ],
      "components": 1,
      "monodromy": [
        5,
        3
      ],
      "q": 2
    },
    {
      "betti": [
        2,
        8,
        8
      ],
      "components": 2,
      "monodromy": [
        0,
        0
      ],
      "q": 2
    },
    {
      "betti": [
        2,
        8,
        8
      ],
      "components": 2,
      "monodromy": [
        2,
        0
      ],
      "q": 2
    },
    {
      "betti": [
        1,
        4,
        6
      ],
      "components": 1,
      "monodromy": [
        1,
        0
      ],
      "q": 3
    },
    {
      "betti": [
        1,
        4,
        6
      ],
      "components": 1,
      "monodromy": [
        2,
        1
      ],
      "q": 3
    },
    {
      "betti": [
        1,
        4,
        6
      ],
      "components": 1,
      "monodromy": [
        5,
        3
      ],
      "q": 3
    },
    {
      "betti": [
        3,
        12,
        12
      ],
      "components": 3,
      "monodromy": [
        0,
        0
      ],
      "q": 3
    },
    {
      "betti": [
        1,
        4,
        6
      ],
      "components": 1,
      "monodromy": [
        2,
        0
      ],
      "q": 3
    },
    {
      "betti": [
        1,
        4,
        7
      ],
      "components": 1,
      "monodromy": [
        1,
        0
      ],
      "q": 4
    },
    {
      "betti": [
        1,
        4,
        7
      ],
      "components": 1,
      "monodromy": [
        2,
        1
      ],
      "q": 4
    },
    {
      "betti": [
        1,
        4,
        7
      ],
      "components": 1,
      "monodromy": [
        5,
        3
      ],
      "q": 4
    },
    {
      "betti": [
        4,
        16,
        16
      ],
      "components": 4,
      "monodromy": [
        0,
        0
      ],
      "q": 4
    },
    {
      "betti": [
        2,
        8,
        10
      ],
      "components": 2,
      "monodromy": [
        2,
        0
      ],
      "q": 4
    },
    {
      "betti": [
        1,
        4,
        8
      ],
      "components": 1,
      "monodromy": [
        1,
        0
      ],
      "q": 5
    },
    {
      "betti": [
        1,
        4,
        8
      ],
      "components": 1,
      "monodromy": [
        2,
        1
      ],
      "q": 5
    },
    {
      "betti": [
        1,
        4,
        8
      ],
      "components": 1,
      "monodromy": [
        5,
        3
      ],
      "q": 5
    },
    {
      "betti": [
        5,
        20,
        20
      ],
      "components": 5,
      "monodromy": [
        0,
        0
      ],
      "q": 5
    },
    {
      "betti": [
        1,
        4,
        8
      ],
      "components": 1,
      "monodromy": [
        2,
        0
      ],
      "q": 5
    },
    {
      "betti": [
        1,
        4,
        9
      ],
      "components": 1,
      "monodromy": [
        1,
        0
      ],
      "q": 6
    },
    {
      "betti": [
        1,
        4,
        9
      ],
      "components": 1,
      "monodromy": [
        2,
        1
      ],
      "q": 6
    },
    {
      "betti": [
        1,
        4,
        9
      ],
      "components": 1,
      "monodromy": [
        5,
        3
      ],
      "q": 6
    },
    {
      "betti": [
        6,
        24,
        24
      ],
      "components": 6,
      "monodromy": [
        0,
        0
      ],
      "q": 6
    },
    {
      "betti": [
        2,
        8,
        12
      ],
      "components": 2,
      "monodromy": [
        2,
        0
      ],
      "q": 6
    },
    {
      "betti": [
        1,
        4,
        10
      ],
      "components": 1,
      "monodromy": [
        1,
        0
      ],
      "q": 7
    },
    {
      "betti": [
        1,
        4,
        10
      ],
      "components": 1,
      "monodromy": [
        2,
        1
      ],
      "q": 7
    },
    {
      "betti": [
        1,
        4,
        10
      ],
      "components": 1,
      "monodromy": [
        5,
        3
      ],
      "q": 7
    },
    {
      "betti": [
        7,
        28,
        28
      ],
      "components": 7,
      "monodromy": [
        0,
        0
      ],
      "q": 7
    },
    {
      "betti": [
        1,
        4,
        10
      ],
      "components": 1,
      "monodromy": [
        2,
        0
      ],
      "q": 7
    },
    {
      "betti": [
        1,
        4,
        11
      ],
      "components": 1,
      "monodromy": [
        1,
        0
      ],
      "q": 8
    },
    {
      "betti": [
        1,
        4,
        11
      ],
      "components": 1,
      "monodromy": [
        2,
        1
      ],
      "q": 8
    },
    {
      "betti": [
        1,
        4,
        11
      ],
      "components": 1,
      "monodromy": [
        5,
        3
      ],
      "q": 8
    },
    {
      "betti": [
        8,
        32,
        32
      ],
      "components": 8,
      "monodromy": [
        0,
        0
      ],
      "q": 8
    },
    {
      "betti": [
        2,
        8,
        14
      ],
      "components": 2,
      "monodromy": [
        2,
        0
      ],
      "q": 8
    },
    {
      "betti": [
        1,
        4,
        12
      ],
      "components": 1,
      "monodromy": [
        1,
        0
      ],
      "q": 9
    },
    {
      "betti": [
        1,
        4,
        12
      ],
      "components": 1,
      "monodromy": [
        2,
        1
      ],
      "q": 9
    },
    {
      "betti": [
        1,
        4,
        12
      ],
      "components": 1,
      "monodromy": [
        5,
        3
      ],
      "q": 9
    },
    {
      "betti": [
        9,
        36,
        36
      ],
      "components": 9,
      "monodromy": [
        0,
        0
      ],
      "q": 9
    },
    {
      "betti": [
        1,
        4,
        12
      ],
      "components": 1,
      "monodromy": [
        2,
        0
      ],
      "q": 9
    },
    {
      "betti": [
        1,
        4,
        13
      ],
      "components": 1,
      "monodromy": [
        1,
        0
      ],
      "q": 10
    },
    {
      "betti": [
        1,
        4,
        13
      ],
      "components": 1,
      "monodromy": [
        2,
        1
      ],
      "q": 10
    },
    {
      "betti": [
        1,
        4,
        13
      ],
      "components": 1,
      "monodromy": [
        5,
        3
      ],
      "q": 10
    },
    {
      "betti": [
        10,
        40,
        40
      ],
      "components": 10,
      "monodromy": [
        0,
        0
      ],
      "q": 10
    },
    {
      "betti": [
        2,
        8,
        16
      ],
      "components": 2,
      "monodromy": [
        2,
        0
      ],
      "q": 10
    },
    {
      "betti": [
        1,
        4,
        14
      ],
      "components": 1,
      "monodromy": [
        1,
        0
      ],
      "q": 11
    },
    {
      "betti": [
        1,
        4,
        14
      ],
      "components": 1,
      "monodromy": [
        2,
        1
      ],
      "q": 11
    },
    {
      "betti": [
        1,
        4,
        14
      ],
      "components": 1,
      "monodromy": [
        5,
        3
      ],
      "q": 11
    },
    {
      "betti": [
        11,
        44,
        44
      ],
      "components": 11,
      "monodromy": [
        0,
        0
      ],
      "q": 11
    },
    {
      "betti": [
        1,
        4,
        14
      ],
      "components": 1,
      "monodromy": [
        2,
        0
      ],
      "q": 11
    },
    {
      "betti": [
        1,
        4,
        15
      ],
      "components": 1,
      "monodromy": [
        1,
        0
      ],
      "q": 12
    },
    {
      "betti": [
        1,
        4,
        15
      ],
      "components": 1,
      "monodromy": [
        2,
        1
      ],
      "q": 12
    },
    {
      "betti": [
        1,
        4,
        15
      ],
      "components": 1,
      "monodromy": [
        5,
        3
      ],
      "q": 12
    },
    {
      "betti": [
        12,
        48,
        48
      ],
      "components": 12,
      "monodromy": [
        0,
        0
      ],
      "q": 12
    },
    {
      "betti": [
        2,
        8,
        18
      ],
      "components": 2,
      "monodromy": [
        2,
        0
      ],
      "q": 12
    },
    {
      "betti": [
        1,
        4,
        16
      ],
      "components": 1,
      "monodromy": [
        1,
        0
      ],
      "q": 13
    },
    {
      "betti": [
        1,
        4,
        16
      ],
      "components": 1,
      "monodromy": [
        2,
        1
      ],
      "q": 13
    },
    {
      "betti": [
        1,
        4,
        16
      ],
      "components": 1,
      "monodromy": [
        5,
        3
      ],
      "q": 13
    },
    {
      "betti": [
        13,
        52,
        52
      ],
      "components": 13,
      "monodromy": [
        0,
        0
      ],
      "q": 13
    },
    {
      "betti": [
        1,
        4,
        16
      ],
      "components": 1,
      "monodromy": [
        2,
        0
      ],
      "q": 13
    },
    {
      "betti": [
        1,
        4,
        17
      ],
      "components": 1,
      "monodromy": [
        1,
        0
      ],
      "q": 14
    },
    {
      "betti": [
        1,
        4,
        17
      ],
      "components": 1,
      "monodromy": [
        2,
        1
      ],
      "q": 14
    },
    {
      "betti": [
        1,
        4,
        17
      ],
      "components": 1,
      "monodromy": [
        5,
        3
      ],
      "q": 14
    },
    {
      "betti": [
        14,
        56,
        56
      ],
      "components": 14,
      "monodromy": [
        0,
        0
      ],
      "q": 14
    },
    {
      "betti": [
        2,
        8,
        20
      ],
      "components": 2,
      "monodromy": [
        2,
        0
      ],
      "q": 14
    },
    {
      "betti": [
        1,
        4,
        18
      ],
      "components": 1,
      "monodromy": [
        1,
        0
      ],
      "q": 15
    },
    {
      "betti": [
        1,
        4,
        18
      ],
      "components": 1,
      "monodromy": [
        2,
        1
      ],
      "q": 15
    },
    {
      "betti": [
        1,
        4,
        18
      ],
      "components": 1,
      "monodromy": [
        5,
        3
      ],
      "q": 15
    },
    {
      "betti": [
        15,
        60,
        60
      ],
      "components": 15,
      "monodromy": [
        0,
        0
      ],
      "q": 15
    },
    {
      "betti": [
        1,
        4,
        18
      ],
      "components": 1,
      "monodromy": [
        2,
        0
      ],
      "q": 15
    },
    {
      "betti": [
        1,
        4,
        19
      ],
      "components": 1,
      "monodromy": [
        1,
        0
      ],
      "q": 16
    },
    {
      "betti": [
        1,
        4,
        19
      ],
      "components": 1,
      "monodromy": [
        2,
        1
      ],
      "q": 16
    },
    {
      "betti": [
        1,
        4,
        19
      ],
      "components": 1,
      "monodromy": [
        5,
        3
      ],
      "q": 16
    },
    {
      "betti": [
        16,
        64,
        64
      ],
      "components": 16,
      "monodromy": [
        0,
        0
      ],
      "q": 16
    },
    {
      "betti": [
        2,
        8,
        22
      ],
      "components": 2,
      "monodromy": [
        2,
        0
      ],
      "q": 16
    },
    {
      "betti": [
        1,
        4,
        20
      ],
      "components": 1,
      "monodromy": [
        1,
        0
      ],
      "q": 17
    },
    {
      "betti": [
        1,
        4,
        20
      ],
      "components": 1,
      "monodromy": [
        2,
        1
      ],
      "q": 17
    },
    {
      "betti": [
        1,
        4,
        20
      ],
      "components": 1,
      "monodromy": [
        5,
        3
      ],
      "q": 17
    },
    {
      "betti": [
        17,
        68,
        68
      ],
      "components": 17,
      "monodromy": [
        0,
        0
      ],
      "q": 17
    },
    {
      "betti": [
        1,
        4,
        20
      ],
      "components": 1,
      "monodromy": [
        2,
        0
      ],
      "q": 17
    },
    {
      "betti": [
        1,
        4,
        21
      ],
      "components": 1,
      "monodromy": [
        1,
        0
      ],
      "q": 18
    },
    {
      "betti": [
        1,
        4,
        21
      ],
      "components": 1,
      "monodromy": [
        2,
        1
      ],
      "q": 18
    },
    {
      "betti": [
        1,
        4,
        21
      ],
      "components": 1,
      "monodromy": [
        5,
        3
      ],
      "q": 18
    },
    {
      "betti": [
        18,
        72,
        72
      ],
      "components": 18,
      "monodromy": [
        0,
        0
      ],
      "q": 18
    },
    {
      "betti": [
        2,
        8,
        24
      ],
      "components": 2,
      "monodromy": [
        2,
        0
      ],
      "q": 18
    },
    {
      "betti": [
        1,
        4,
        22
      ],
      "components": 1,
      "monodromy": [
        1,
        0
      ],
      "q": 19
    },
    {
      "betti": [
        1,
        4,
        22
      ],
      "components": 1,
      "monodromy": [
        2,
        1
      ],
      "q": 19
    },
    {
      "betti": [
        1,
        4,
        22
      ],
      "components": 1,
      "monodromy": [
        5,
        3
      ],
      "q": 19
    },
    {
      "betti": [
        19,
        76,
        76
      ],
      "components": 19,
      "monodromy": [
        0,
        0
      ],
      "q": 19
    },
    {
      "betti": [
        1,
        4,
        22
      ],
      "components": 1,
      "monodromy": [
        2,
        0
      ],
      "q": 19
    },
    {
      "betti": [
        1,
        4,
        23
      ],
      "components": 1,
      "monodromy": [
        1,
        0
      ],
      "q": 20
    },
    {
      "betti": [
        1,
        4,
        23
      ],
      "components": 1,
      "monodromy": [
        2,
        1
      ],
      "q": 20
    },
    {
      "betti": [
        1,
        4,
        23
      ],
      "components": 1,
      "monodromy": [
        5,
        3
      ],
      "q": 20
    },
    {
      "betti": [
        20,
        80,
        80
      ],
      "components": 20,
      "monodromy": [
        0,
        0
      ],
      "q": 20
    },
    {
      "betti": [
        2,
        8,
        26
      ],
      "components": 2,
      "monodromy": [
        2,
        0
      ],
      "q": 20
    },
    {
      "betti": [
        1,
        4,
        24
      ],
      "components": 1,
      "monodromy": [
        1,
        0
      ],
      "q": 21
    },
    {
      "betti": [
        1,
        4,
        24
      ],
      "components": 1,
      "monodromy": [
        2,
        1
      ],
      "q": 21
    },
    {
      "betti": [
        1,
        4,
        24
      ],
      "components": 1,
      "monodromy": [
        5,
        3
      ],
      "q": 21
    },
    {
      "betti": [
        21,
        84,
        84
      ],
      "components": 21,
      "monodromy": [
        0,
        0
      ],
      "q": 21
    },
    {
      "betti": [
        1,
        4,
        24
      ],
      "components": 1,
      "monodromy": [
        2,
        0
      ],
      "q": 21
    },
    {
      "betti": [
        1,
        4,
        25
      ],
      "components": 1,
      "monodromy": [
        1,
        0
      ],
      "q": 22
    },
    {
      "betti": [
        1,
        4,
        25
      ],
      "components": 1,
      "monodromy": [
        2,
        1
      ],
      "q": 22
    },
    {
      "betti": [
        1,
        4,
        25
      ],
      "components": 1,
      "monodromy": [
        5,
        3
      ],
      "q": 22
    },
    {
      "betti": [
        22,
        88,
        88
      ],
      "components": 22,
      "monodromy": [
        0,
        0
      ],
      "q": 22
    },
    {
      "betti": [
        2,
        8,
        28
      ],
      "components": 2,
      "monodromy": [
        2,
        0
      ],
      "q": 22
    },
    {
      "betti": [
        1,
        4,
        26
      ],
      "components": 1,
      "monodromy": [
        1,
        0
      ],
      "q": 23
    },
    {
      "betti": [
        1,
        4,
        26
      ],
      "components": 1,
      "monodromy": [
        2,
        1
      ],
      "q": 23
    },
    {
      "betti": [
        1,
        4,
        26
      ],
      "components": 1,
      "monodromy": [
        5,
        3
      ],
      "q": 23
    },
    {
      "betti": [
        23,
        92,
        92
      ],
      "components": 23,
      "monodromy": [
        0,
        0
      ],
      "q": 23
    },
    {
      "betti": [
        1,
        4,
        26
      ],
      "components": 1,
      "monodromy": [
        2,
        0
      ],
      "q": 23
    },
    {
      "betti": [
        1,
        4,
        27
      ],
      "components": 1,
      "monodromy": [
        1,
        0
      ],
      "q": 24
    },
    {
      "betti": [
        1,
        4,
        27
      ],
      "components": 1,
      "monodromy": [
        2,
        1
      ],
      "q": 24
    },
    {
      "betti": [
        1,
        4,
        27
      ],
      "components": 1,
      "monodromy": [
        5,
        3
      ],
      "q": 24
    },
    {
      "betti": [
        24,
        96,
        96
      ],
      "components": 24,
      "monodromy": [
        0,
        0
      ],
      "q": 24
    },
    {
      "betti": [
        2,
        8,
        30
      ],
      "components": 2,
      "monodromy": [
        2,
        0
      ],
      "q": 24
    }
  ],
  "finite_observation_records": [
    {
      "distinct_pair_difference": 2,
      "modulus": 16,
      "observation_level": 1,
      "tested_shift_box": [
        -7,
        7
      ]
    },
    {
      "distinct_pair_difference": 4,
      "modulus": 32,
      "observation_level": 2,
      "tested_shift_box": [
        -7,
        7
      ]
    },
    {
      "distinct_pair_difference": 8,
      "modulus": 64,
      "observation_level": 3,
      "tested_shift_box": [
        -7,
        7
      ]
    },
    {
      "distinct_pair_difference": 16,
      "modulus": 128,
      "observation_level": 4,
      "tested_shift_box": [
        -7,
        7
      ]
    },
    {
      "distinct_pair_difference": 32,
      "modulus": 256,
      "observation_level": 5,
      "tested_shift_box": [
        -7,
        7
      ]
    },
    {
      "distinct_pair_difference": 64,
      "modulus": 512,
      "observation_level": 6,
      "tested_shift_box": [
        -7,
        7
      ]
    },
    {
      "distinct_pair_difference": 128,
      "modulus": 1024,
      "observation_level": 7,
      "tested_shift_box": [
        -7,
        7
      ]
    },
    {
      "distinct_pair_difference": 256,
      "modulus": 2048,
      "observation_level": 8,
      "tested_shift_box": [
        -7,
        7
      ]
    }
  ],
  "lifted_substitution_records": [
    {
      "homology_image_ranks": [
        1,
        4,
        4
      ],
      "level": 0,
      "q": 1,
      "source_monodromy": [
        2,
        1
      ],
      "target_monodromy": [
        1,
        0
      ]
    },
    {
      "homology_image_ranks": [
        1,
        4,
        4
      ],
      "level": 1,
      "q": 1,
      "source_monodromy": [
        5,
        3
      ],
      "target_monodromy": [
        2,
        1
      ]
    },
    {
      "homology_image_ranks": [
        1,
        4,
        4
      ],
      "level": 2,
      "q": 1,
      "source_monodromy": [
        13,
        8
      ],
      "target_monodromy": [
        5,
        3
      ]
    },
    {
      "homology_image_ranks": [
        1,
        4,
        4
      ],
      "level": 3,
      "q": 1,
      "source_monodromy": [
        34,
        21
      ],
      "target_monodromy": [
        13,
        8
      ]
    },
    {
      "homology_image_ranks": [
        1,
        4,
        5
      ],
      "level": 0,
      "q": 2,
      "source_monodromy": [
        2,
        1
      ],
      "target_monodromy": [
        1,
        0
      ]
    },
    {
      "homology_image_ranks": [
        1,
        4,
        5
      ],
      "level": 1,
      "q": 2,
      "source_monodromy": [
        5,
        3
      ],
      "target_monodromy": [
        2,
        1
      ]
    },
    {
      "homology_image_ranks": [
        1,
        4,
        5
      ],
      "level": 2,
      "q": 2,
      "source_monodromy": [
        13,
        8
      ],
      "target_monodromy": [
        5,
        3
      ]
    },
    {
      "homology_image_ranks": [
        1,
        4,
        5
      ],
      "level": 3,
      "q": 2,
      "source_monodromy": [
        34,
        21
      ],
      "target_monodromy": [
        13,
        8
      ]
    },
    {
      "homology_image_ranks": [
        1,
        4,
        6
      ],
      "level": 0,
      "q": 3,
      "source_monodromy": [
        2,
        1
      ],
      "target_monodromy": [
        1,
        0
      ]
    },
    {
      "homology_image_ranks": [
        1,
        4,
        6
      ],
      "level": 1,
      "q": 3,
      "source_monodromy": [
        5,
        3
      ],
      "target_monodromy": [
        2,
        1
      ]
    },
    {
      "homology_image_ranks": [
        1,
        4,
        6
      ],
      "level": 2,
      "q": 3,
      "source_monodromy": [
        13,
        8
      ],
      "target_monodromy": [
        5,
        3
      ]
    },
    {
      "homology_image_ranks": [
        1,
        4,
        6
      ],
      "level": 3,
      "q": 3,
      "source_monodromy": [
        34,
        21
      ],
      "target_monodromy": [
        13,
        8
      ]
    },
    {
      "homology_image_ranks": [
        1,
        4,
        7
      ],
      "level": 0,
      "q": 4,
      "source_monodromy": [
        2,
        1
      ],
      "target_monodromy": [
        1,
        0
      ]
    },
    {
      "homology_image_ranks": [
        1,
        4,
        7
      ],
      "level": 1,
      "q": 4,
      "source_monodromy": [
        5,
        3
      ],
      "target_monodromy": [
        2,
        1
      ]
    },
    {
      "homology_image_ranks": [
        1,
        4,
        7
      ],
      "level": 2,
      "q": 4,
      "source_monodromy": [
        13,
        8
      ],
      "target_monodromy": [
        5,
        3
      ]
    },
    {
      "homology_image_ranks": [
        1,
        4,
        7
      ],
      "level": 3,
      "q": 4,
      "source_monodromy": [
        34,
        21
      ],
      "target_monodromy": [
        13,
        8
      ]
    },
    {
      "homology_image_ranks": [
        1,
        4,
        8
      ],
      "level": 0,
      "q": 5,
      "source_monodromy": [
        2,
        1
      ],
      "target_monodromy": [
        1,
        0
      ]
    },
    {
      "homology_image_ranks": [
        1,
        4,
        8
      ],
      "level": 1,
      "q": 5,
      "source_monodromy": [
        5,
        3
      ],
      "target_monodromy": [
        2,
        1
      ]
    },
    {
      "homology_image_ranks": [
        1,
        4,
        8
      ],
      "level": 2,
      "q": 5,
      "source_monodromy": [
        13,
        8
      ],
      "target_monodromy": [
        5,
        3
      ]
    },
    {
      "homology_image_ranks": [
        1,
        4,
        8
      ],
      "level": 3,
      "q": 5,
      "source_monodromy": [
        34,
        21
      ],
      "target_monodromy": [
        13,
        8
      ]
    },
    {
      "homology_image_ranks": [
        1,
        4,
        9
      ],
      "level": 0,
      "q": 6,
      "source_monodromy": [
        2,
        1
      ],
      "target_monodromy": [
        1,
        0
      ]
    },
    {
      "homology_image_ranks": [
        1,
        4,
        9
      ],
      "level": 1,
      "q": 6,
      "source_monodromy": [
        5,
        3
      ],
      "target_monodromy": [
        2,
        1
      ]
    },
    {
      "homology_image_ranks": [
        1,
        4,
        9
      ],
      "level": 2,
      "q": 6,
      "source_monodromy": [
        13,
        8
      ],
      "target_monodromy": [
        5,
        3
      ]
    },
    {
      "homology_image_ranks": [
        1,
        4,
        9
      ],
      "level": 3,
      "q": 6,
      "source_monodromy": [
        34,
        21
      ],
      "target_monodromy": [
        13,
        8
      ]
    },
    {
      "homology_image_ranks": [
        1,
        4,
        11
      ],
      "level": 0,
      "q": 8,
      "source_monodromy": [
        2,
        1
      ],
      "target_monodromy": [
        1,
        0
      ]
    },
    {
      "homology_image_ranks": [
        1,
        4,
        11
      ],
      "level": 1,
      "q": 8,
      "source_monodromy": [
        5,
        3
      ],
      "target_monodromy": [
        2,
        1
      ]
    },
    {
      "homology_image_ranks": [
        1,
        4,
        11
      ],
      "level": 2,
      "q": 8,
      "source_monodromy": [
        13,
        8
      ],
      "target_monodromy": [
        5,
        3
      ]
    },
    {
      "homology_image_ranks": [
        1,
        4,
        11
      ],
      "level": 3,
      "q": 8,
      "source_monodromy": [
        34,
        21
      ],
      "target_monodromy": [
        13,
        8
      ]
    },
    {
      "homology_image_ranks": [
        1,
        4,
        15
      ],
      "level": 0,
      "q": 12,
      "source_monodromy": [
        2,
        1
      ],
      "target_monodromy": [
        1,
        0
      ]
    },
    {
      "homology_image_ranks": [
        1,
        4,
        15
      ],
      "level": 1,
      "q": 12,
      "source_monodromy": [
        5,
        3
      ],
      "target_monodromy": [
        2,
        1
      ]
    },
    {
      "homology_image_ranks": [
        1,
        4,
        15
      ],
      "level": 2,
      "q": 12,
      "source_monodromy": [
        13,
        8
      ],
      "target_monodromy": [
        5,
        3
      ]
    },
    {
      "homology_image_ranks": [
        1,
        4,
        15
      ],
      "level": 3,
      "q": 12,
      "source_monodromy": [
        34,
        21
      ],
      "target_monodromy": [
        13,
        8
      ]
    }
  ],
  "scope": "Independent exact actual lifted cells, changing substitution monodromy, cohomology transfer, and signed actions; no author imports and no novelty or full target certification.",
  "transfer_records": [
    {
      "H2_image_rank": 4,
      "monodromy": [
        1,
        0
      ],
      "q": 1
    },
    {
      "H2_image_rank": 4,
      "monodromy": [
        2,
        1
      ],
      "q": 1
    },
    {
      "H2_image_rank": 4,
      "monodromy": [
        13,
        8
      ],
      "q": 1
    },
    {
      "H2_image_rank": 5,
      "monodromy": [
        1,
        0
      ],
      "q": 2
    },
    {
      "H2_image_rank": 5,
      "monodromy": [
        2,
        1
      ],
      "q": 2
    },
    {
      "H2_image_rank": 5,
      "monodromy": [
        13,
        8
      ],
      "q": 2
    },
    {
      "H2_image_rank": 6,
      "monodromy": [
        1,
        0
      ],
      "q": 3
    },
    {
      "H2_image_rank": 6,
      "monodromy": [
        2,
        1
      ],
      "q": 3
    },
    {
      "H2_image_rank": 6,
      "monodromy": [
        13,
        8
      ],
      "q": 3
    },
    {
      "H2_image_rank": 7,
      "monodromy": [
        1,
        0
      ],
      "q": 4
    },
    {
      "H2_image_rank": 7,
      "monodromy": [
        2,
        1
      ],
      "q": 4
    },
    {
      "H2_image_rank": 7,
      "monodromy": [
        13,
        8
      ],
      "q": 4
    },
    {
      "H2_image_rank": 8,
      "monodromy": [
        1,
        0
      ],
      "q": 5
    },
    {
      "H2_image_rank": 8,
      "monodromy": [
        2,
        1
      ],
      "q": 5
    },
    {
      "H2_image_rank": 8,
      "monodromy": [
        13,
        8
      ],
      "q": 5
    },
    {
      "H2_image_rank": 9,
      "monodromy": [
        1,
        0
      ],
      "q": 6
    },
    {
      "H2_image_rank": 9,
      "monodromy": [
        2,
        1
      ],
      "q": 6
    },
    {
      "H2_image_rank": 9,
      "monodromy": [
        13,
        8
      ],
      "q": 6
    },
    {
      "H2_image_rank": 11,
      "monodromy": [
        1,
        0
      ],
      "q": 8
    },
    {
      "H2_image_rank": 11,
      "monodromy": [
        2,
        1
      ],
      "q": 8
    },
    {
      "H2_image_rank": 11,
      "monodromy": [
        13,
        8
      ],
      "q": 8
    },
    {
      "H2_image_rank": 15,
      "monodromy": [
        1,
        0
      ],
      "q": 12
    },
    {
      "H2_image_rank": 15,
      "monodromy": [
        2,
        1
      ],
      "q": 12
    },
    {
      "H2_image_rank": 15,
      "monodromy": [
        13,
        8
      ],
      "q": 12
    }
  ]
}
