[main 2e20baa9a] Publish PR383 and PR382 independent replay evidence; preserve PR384 queue repair
 248 files changed, 21791 insertions(+), 11 deletions(-)
 create mode 100644 draft_pr_descending_audit_20261002/audits/pr381_30003853/README.md
 create mode 100644 draft_pr_descending_audit_20261002/audits/pr381_30003853/original_diff.patch
 create mode 100644 draft_pr_descending_audit_20261002/audits/pr381_30003853/original_remote_metadata.json
 create mode 100644 draft_pr_descending_audit_20261002/audits/pr381_30003853/snapshot/problems/30003853_thompson_subgroup_abelianization/FINAL_AUTHOR_MANIFEST.json
 create mode 100644 draft_pr_descending_audit_20261002/audits/pr381_30003853/snapshot/problems/30003853_thompson_subgroup_abelianization/FINAL_REPLAY.json
 create mode 100644 draft_pr_descending_audit_20261002/audits/pr381_30003853/snapshot/problems/30003853_thompson_subgroup_abelianization/FINAL_RESULT.md
 create mode 100644 draft_pr_descending_audit_20261002/audits/pr381_30003853/snapshot/problems/30003853_thompson_subgroup_abelianization/FINAL_REVIEW_REQUEST.md
 create mode 100644 draft_pr_descending_audit_20261002/audits/pr381_30003853/snapshot/problems/30003853_thompson_subgroup_abelianization/PRIOR_GATE.json
 create mode 100644 draft_pr_descending_audit_20261002/audits/pr381_30003853/snapshot/problems/30003853_thompson_subgroup_abelianization/PUBLICATION_MANIFEST.json
 create mode 100644 draft_pr_descending_audit_20261002/audits/pr381_30003853/snapshot/problems/30003853_thompson_subgroup_abelianization/REPLAY_ALL.py
 create mode 100644 draft_pr_descending_audit_20261002/audits/pr381_30003853/snapshot/problems/30003853_thompson_subgroup_abelianization/RESEARCH_LOG.md
 create mode 100644 draft_pr_descending_audit_20261002/audits/pr381_30003853/snapshot/problems/30003853_thompson_subgroup_abelianization/REVIEWED_STATUS.md
 create mode 100644 draft_pr_descending_audit_20261002/audits/pr381_30003853/snapshot/problems/30003853_thompson_subgroup_abelianization/SOURCE_GATE.md
 create mode 100644 draft_pr_descending_audit_20261002/audits/pr381_30003853/snapshot/problems/30003853_thompson_subgroup_abelianization/SOURCE_MANIFEST.json
 create mode 100644 draft_pr_descending_audit_20261002/audits/pr381_30003853/snapshot/problems/30003853_thompson_subgroup_abelianization/TURN_1.md
 create mode 100644 draft_pr_descending_audit_20261002/audits/pr381_30003853/snapshot/problems/30003853_thompson_subgroup_abelianization/TURN_1_CHECKS.json
 create mode 100644 draft_pr_descending_audit_20261002/audits/pr381_30003853/snapshot/problems/30003853_thompson_subgroup_abelianization/TURN_1_MANIFEST.json
 create mode 100644 draft_pr_descending_audit_20261002/audits/pr381_30003853/snapshot/problems/30003853_thompson_subgroup_abelianization/TURN_2.md
 create mode 100644 draft_pr_descending_audit_20261002/audits/pr381_30003853/snapshot/problems/30003853_thompson_subgroup_abelianization/TURN_2_CHECKS.json
 create mode 100644 draft_pr_descending_audit_20261002/audits/pr381_30003853/snapshot/problems/30003853_thompson_subgroup_abelianization/TURN_2_MANIFEST.json
 create mode 100644 draft_pr_descending_audit_20261002/audits/pr381_30003853/snapshot/problems/30003853_thompson_subgroup_abelianization/TURN_2_STATE.json
 create mode 100644 draft_pr_descending_audit_20261002/audits/pr381_30003853/snapshot/problems/30003853_thompson_subgroup_abelianization/TURN_3.md
 create mode 100644 draft_pr_descending_audit_20261002/audits/pr381_30003853/snapshot/problems/30003853_thompson_subgroup_abelianization/TURN_3_CHECKS.json
 create mode 100644 draft_pr_descending_audit_20261002/audits/pr381_30003853/snapshot/problems/30003853_thompson_subgroup_abelianization/TURN_3_MANIFEST.json
 create mode 100644 draft_pr_descending_audit_20261002/audits/pr381_30003853/snapshot/problems/30003853_thompson_subgroup_abelianization/TURN_3_SOURCES.json
 create mode 100644 draft_pr_descending_audit_20261002/audits/pr381_30003853/snapshot/problems/30003853_thompson_subgroup_abelianization/TURN_3_STATE.json
 create mode 100644 draft_pr_descending_audit_20261002/audits/pr381_30003853/snapshot/problems/30003853_thompson_subgroup_abelianization/TURN_4.md
 create mode 100644 draft_pr_descending_audit_20261002/audits/pr381_30003853/snapshot/problems/30003853_thompson_subgroup_abelianization/TURN_4_CHECKS.json
 create mode 100644 draft_pr_descending_audit_20261002/audits/pr381_30003853/snapshot/problems/30003853_thompson_subgroup_abelianization/TURN_4_MANIFEST.json
 create mode 100644 draft_pr_descending_audit_20261002/audits/pr381_30003853/snapshot/problems/30003853_thompson_subgroup_abelianization/TURN_4_STATE.json
 create mode 100644 draft_pr_descending_audit_20261002/audits/pr381_30003853/snapshot/problems/30003853_thompson_subgroup_abelianization/TURN_5.md
 create mode 100644 draft_pr_descending_audit_20261002/audits/pr381_30003853/snapshot/problems/30003853_thompson_subgroup_abelianization/TURN_5_CHECKS.json
 create mode 100644 draft_pr_descending_audit_20261002/audits/pr381_30003853/snapshot/problems/30003853_thompson_subgroup_abelianization/TURN_5_MANIFEST.json
 create mode 100644 draft_pr_descending_audit_20261002/audits/pr381_30003853/snapshot/problems/30003853_thompson_subgroup_abelianization/TURN_5_SOURCES.json
 create mode 100644 draft_pr_descending_audit_20261002/audits/pr381_30003853/snapshot/problems/30003853_thompson_subgroup_abelianization/TURN_5_STATE.json
 create mode 100644 draft_pr_descending_audit_20261002/audits/pr381_30003853/snapshot/problems/30003853_thompson_subgroup_abelianization/TURN_STATE.json
 create mode 100644 draft_pr_descending_audit_20261002/audits/pr381_30003853/snapshot/problems/30003853_thompson_subgroup_abelianization/independent_review/AUTHOR_REPLAY.json
 create mode 100644 draft_pr_descending_audit_20261002/audits/pr381_30003853/snapshot/problems/30003853_thompson_subgroup_abelianization/independent_review/INDEPENDENT_CHECKS.json
 create mode 100644 draft_pr_descending_audit_20261002/audits/pr381_30003853/snapshot/problems/30003853_thompson_subgroup_abelianization/independent_review/REVIEW.md
 create mode 100644 draft_pr_descending_audit_20261002/audits/pr381_30003853/snapshot/problems/30003853_thompson_subgroup_abelianization/independent_review/REVIEW_MANIFEST.json
 create mode 100644 draft_pr_descending_audit_20261002/audits/pr381_30003853/snapshot/problems/30003853_thompson_subgroup_abelianization/independent_review/independent_check.py
 create mode 100644 draft_pr_descending_audit_20261002/audits/pr381_30003853/snapshot/problems/30003853_thompson_subgroup_abelianization/verify_publication.py
 create mode 100644 draft_pr_descending_audit_20261002/audits/pr381_30003853/snapshot/problems/30003853_thompson_subgroup_abelianization/verify_turn1.py
 create mode 100644 draft_pr_descending_audit_20261002/audits/pr381_30003853/snapshot/problems/30003853_thompson_subgroup_abelianization/verify_turn2.py
 create mode 100644 draft_pr_descending_audit_20261002/audits/pr381_30003853/snapshot/problems/30003853_thompson_subgroup_abelianization/verify_turn3.py
 create mode 100644 draft_pr_descending_audit_20261002/audits/pr381_30003853/snapshot/problems/30003853_thompson_subgroup_abelianization/verify_turn4.py
 create mode 100644 draft_pr_descending_audit_20261002/audits/pr381_30003853/snapshot/problems/30003853_thompson_subgroup_abelianization/verify_turn5.py
 create mode 100644 draft_pr_descending_audit_20261002/audits/pr381_30003853/snapshot/unsolved_math_prioritization/QUEUE.md
 create mode 100644 draft_pr_descending_audit_20261002/audits/pr381_30003853/snapshot_manifest.json
 create mode 100644 draft_pr_descending_audit_20261002/audits/pr382_6600013/ROOT_MATHEMATICAL_RECONSTRUCTION.md
 create mode 100644 draft_pr_descending_audit_20261002/audits/pr382_6600013/cochain_persistence_review/.gitignore
 create mode 100644 draft_pr_descending_audit_20261002/audits/pr382_6600013/cochain_persistence_review/AUTHOR_REPLAY_RECEIPT.json
 create mode 100644 draft_pr_descending_audit_20261002/audits/pr382_6600013/cochain_persistence_review/CANDIDATE_RECONSTRUCTION.md
 create mode 100644 draft_pr_descending_audit_20261002/audits/pr382_6600013/cochain_persistence_review/COMPLETE_AUTHOR_OUTPUT_RECEIPTS.json
 create mode 100644 draft_pr_descending_audit_20261002/audits/pr382_6600013/cochain_persistence_review/CROSS_LIBRARY_RECEIPT.json
 create mode 100644 draft_pr_descending_audit_20261002/audits/pr382_6600013/cochain_persistence_review/FINAL_INPUT_RECEIPT.json
 create mode 100644 draft_pr_descending_audit_20261002/audits/pr382_6600013/cochain_persistence_review/INDEPENDENT_CONTROL_RECEIPT.json
 create mode 100644 draft_pr_descending_audit_20261002/audits/pr382_6600013/cochain_persistence_review/INITIAL_RECONSTRUCTION.md
 create mode 100644 draft_pr_descending_audit_20261002/audits/pr382_6600013/cochain_persistence_review/INPUT_RECEIPT.json
 create mode 100644 draft_pr_descending_audit_20261002/audits/pr382_6600013/cochain_persistence_review/MANIFEST.json
 create mode 100644 draft_pr_descending_audit_20261002/audits/pr382_6600013/cochain_persistence_review/PRIMARY_SOURCE_RECEIPT.json
 create mode 100644 draft_pr_descending_audit_20261002/audits/pr382_6600013/cochain_persistence_review/REPORT.md
 create mode 100644 draft_pr_descending_audit_20261002/audits/pr382_6600013/cochain_persistence_review/RESEARCH_LOG.md
 create mode 100644 draft_pr_descending_audit_20261002/audits/pr382_6600013/cochain_persistence_review/author_replay.stderr
 create mode 100644 draft_pr_descending_audit_20261002/audits/pr382_6600013/cochain_persistence_review/author_replay.stdout
 create mode 100644 draft_pr_descending_audit_20261002/audits/pr382_6600013/cochain_persistence_review/cross_library_controls.py
 create mode 100644 draft_pr_descending_audit_20261002/audits/pr382_6600013/cochain_persistence_review/cross_library_controls.stderr
 create mode 100644 draft_pr_descending_audit_20261002/audits/pr382_6600013/cochain_persistence_review/cross_library_controls.stdout
 create mode 100644 draft_pr_descending_audit_20261002/audits/pr382_6600013/cochain_persistence_review/independent_controls.py
 create mode 100644 draft_pr_descending_audit_20261002/audits/pr382_6600013/cochain_persistence_review/independent_controls.stderr
 create mode 100644 draft_pr_descending_audit_20261002/audits/pr382_6600013/cochain_persistence_review/independent_controls.stdout
 create mode 100644 draft_pr_descending_audit_20261002/audits/pr382_6600013/cochain_persistence_review/verify_turn1.stderr
 create mode 100644 draft_pr_descending_audit_20261002/audits/pr382_6600013/cochain_persistence_review/verify_turn1.stdout
 create mode 100644 draft_pr_descending_audit_20261002/audits/pr382_6600013/cochain_persistence_review/verify_turn2.stderr
 create mode 100644 draft_pr_descending_audit_20261002/audits/pr382_6600013/cochain_persistence_review/verify_turn2.stdout
 create mode 100644 draft_pr_descending_audit_20261002/audits/pr382_6600013/cochain_persistence_review/verify_turn3.stderr
 create mode 100644 draft_pr_descending_audit_20261002/audits/pr382_6600013/cochain_persistence_review/verify_turn3.stdout
 create mode 100644 draft_pr_descending_audit_20261002/audits/pr382_6600013/cochain_persistence_review/verify_turn4.stderr
 create mode 100644 draft_pr_descending_audit_20261002/audits/pr382_6600013/cochain_persistence_review/verify_turn4.stdout
 create mode 100644 draft_pr_descending_audit_20261002/audits/pr382_6600013/cochain_persistence_review/verify_turn5.stderr
 create mode 100644 draft_pr_descending_audit_20261002/audits/pr382_6600013/cochain_persistence_review/verify_turn5.stdout
 create mode 100644 draft_pr_descending_audit_20261002/audits/pr382_6600013/covers_nonexpansive_review/.gitignore
 create mode 100644 draft_pr_descending_audit_20261002/audits/pr382_6600013/covers_nonexpansive_review/AUDIT_REPORT.md
 create mode 100644 draft_pr_descending_audit_20261002/audits/pr382_6600013/covers_nonexpansive_review/FROZEN_BINDING.json
 create mode 100644 draft_pr_descending_audit_20261002/audits/pr382_6600013/covers_nonexpansive_review/INDEPENDENT_PRE_CANDIDATE.md
 create mode 100644 draft_pr_descending_audit_20261002/audits/pr382_6600013/covers_nonexpansive_review/INDEPENDENT_REPLAY_RECEIPT.json
 create mode 100644 draft_pr_descending_audit_20261002/audits/pr382_6600013/covers_nonexpansive_review/INDEPENDENT_RESULTS_SEAL.json
 create mode 100644 draft_pr_descending_audit_20261002/audits/pr382_6600013/covers_nonexpansive_review/NEW_CONTROL_SEAL.json
 create mode 100644 draft_pr_descending_audit_20261002/audits/pr382_6600013/covers_nonexpansive_review/OUTPUT_MANIFEST.json
 create mode 100644 draft_pr_descending_audit_20261002/audits/pr382_6600013/covers_nonexpansive_review/PRE_CANDIDATE_SEAL.json
 create mode 100644 draft_pr_descending_audit_20261002/audits/pr382_6600013/covers_nonexpansive_review/REPLAY_RECEIPT.json
 create mode 100644 draft_pr_descending_audit_20261002/audits/pr382_6600013/covers_nonexpansive_review/RESEARCH_LOG.md
 create mode 100644 draft_pr_descending_audit_20261002/audits/pr382_6600013/covers_nonexpansive_review/SOURCE_RECEIPT.json
 create mode 100644 draft_pr_descending_audit_20261002/audits/pr382_6600013/covers_nonexpansive_review/additive_review_replay.stderr
 create mode 100644 draft_pr_descending_audit_20261002/audits/pr382_6600013/covers_nonexpansive_review/additive_review_replay.stdout
 create mode 100644 draft_pr_descending_audit_20261002/audits/pr382_6600013/covers_nonexpansive_review/independent_controls.py
 create mode 100644 draft_pr_descending_audit_20261002/audits/pr382_6600013/covers_nonexpansive_review/independent_controls.stderr
 create mode 100644 draft_pr_descending_audit_20261002/audits/pr382_6600013/covers_nonexpansive_review/independent_controls.stdout
 create mode 100644 draft_pr_descending_audit_20261002/audits/pr382_6600013/covers_nonexpansive_review/old_independent.stderr
 create mode 100644 draft_pr_descending_audit_20261002/audits/pr382_6600013/covers_nonexpansive_review/old_independent.stdout
 create mode 100644 draft_pr_descending_audit_20261002/audits/pr382_6600013/covers_nonexpansive_review/turn4.stderr
 create mode 100644 draft_pr_descending_audit_20261002/audits/pr382_6600013/covers_nonexpansive_review/turn4.stdout
 create mode 100644 draft_pr_descending_audit_20261002/audits/pr382_6600013/covers_nonexpansive_review/turn5.stderr
 create mode 100644 draft_pr_descending_audit_20261002/audits/pr382_6600013/covers_nonexpansive_review/turn5.stdout
 create mode 100644 draft_pr_descending_audit_20261002/audits/pr382_6600013/root_author_replay.stderr
 create mode 100644 draft_pr_descending_audit_20261002/audits/pr382_6600013/root_author_replay.stdout
 create mode 100644 draft_pr_descending_audit_20261002/audits/pr382_6600013/root_cochain_persistence_review_cross_library_controls.stderr
 create mode 100644 draft_pr_descending_audit_20261002/audits/pr382_6600013/root_cochain_persistence_review_cross_library_controls.stdout
 create mode 100644 draft_pr_descending_audit_20261002/audits/pr382_6600013/root_cochain_persistence_review_independent_controls.stderr
 create mode 100644 draft_pr_descending_audit_20261002/audits/pr382_6600013/root_cochain_persistence_review_independent_controls.stdout
 create mode 100644 draft_pr_descending_audit_20261002/audits/pr382_6600013/root_covers_nonexpansive_review_independent_controls.stderr
 create mode 100644 draft_pr_descending_audit_20261002/audits/pr382_6600013/root_covers_nonexpansive_review_independent_controls.stdout
 create mode 100644 draft_pr_descending_audit_20261002/audits/pr382_6600013/root_family_controls_receipt.json
 create mode 100644 draft_pr_descending_audit_20261002/audits/pr382_6600013/root_historical_independent.stderr
 create mode 100644 draft_pr_descending_audit_20261002/audits/pr382_6600013/root_historical_independent.stdout
 create mode 100644 draft_pr_descending_audit_20261002/audits/pr382_6600013/root_historical_review_replay.stderr
 create mode 100644 draft_pr_descending_audit_20261002/audits/pr382_6600013/root_historical_review_replay.stdout
 create mode 100644 draft_pr_descending_audit_20261002/audits/pr382_6600013/root_primary_source_receipt.json
 create mode 100644 draft_pr_descending_audit_20261002/audits/pr382_6600013/root_public_replay_receipt.json
 create mode 100644 draft_pr_descending_audit_20261002/audits/pr382_6600013/root_sources_product_review_independent_controls.stderr
 create mode 100644 draft_pr_descending_audit_20261002/audits/pr382_6600013/root_sources_product_review_independent_controls.stdout
 create mode 100644 draft_pr_descending_audit_20261002/audits/pr382_6600013/root_sources_product_review_independent_controls_venv_symlink_failure.stderr
 create mode 100644 draft_pr_descending_audit_20261002/audits/pr382_6600013/root_sources_product_review_independent_controls_venv_symlink_failure.stdout
 create mode 100644 draft_pr_descending_audit_20261002/audits/pr382_6600013/root_sources_product_review_negative_controls.stderr
 create mode 100644 draft_pr_descending_audit_20261002/audits/pr382_6600013/root_sources_product_review_negative_controls.stdout
 create mode 100644 draft_pr_descending_audit_20261002/audits/pr382_6600013/sources_product_review/.gitignore
 create mode 100644 draft_pr_descending_audit_20261002/audits/pr382_6600013/sources_product_review/INDEPENDENT_RECONSTRUCTION.md
 create mode 100644 draft_pr_descending_audit_20261002/audits/pr382_6600013/sources_product_review/INDEPENDENT_SEAL.json
 create mode 100644 draft_pr_descending_audit_20261002/audits/pr382_6600013/sources_product_review/OUTPUT_SHA256_MANIFEST.json
 create mode 100644 draft_pr_descending_audit_20261002/audits/pr382_6600013/sources_product_review/PRE_CANDIDATE_RECONSTRUCTION.md
 create mode 100644 draft_pr_descending_audit_20261002/audits/pr382_6600013/sources_product_review/PRE_CANDIDATE_SEAL.json
 create mode 100644 draft_pr_descending_audit_20261002/audits/pr382_6600013/sources_product_review/REPORT.md
 create mode 100644 draft_pr_descending_audit_20261002/audits/pr382_6600013/sources_product_review/REPRODUCE.md
 create mode 100644 draft_pr_descending_audit_20261002/audits/pr382_6600013/sources_product_review/RESEARCH_LOG.md
 create mode 100644 draft_pr_descending_audit_20261002/audits/pr382_6600013/sources_product_review/dependency_install.receipt.json
 create mode 100644 draft_pr_descending_audit_20261002/audits/pr382_6600013/sources_product_review/dependency_install.stderr
 create mode 100644 draft_pr_descending_audit_20261002/audits/pr382_6600013/sources_product_review/dependency_install.stdout
 create mode 100644 draft_pr_descending_audit_20261002/audits/pr382_6600013/sources_product_review/independent_controls.bundled_failure.receipt.json
 create mode 100644 draft_pr_descending_audit_20261002/audits/pr382_6600013/sources_product_review/independent_controls.bundled_failure.stderr
 create mode 100644 draft_pr_descending_audit_20261002/audits/pr382_6600013/sources_product_review/independent_controls.bundled_failure.stdout
 create mode 100644 draft_pr_descending_audit_20261002/audits/pr382_6600013/sources_product_review/independent_controls.first_enclosure_failure.receipt.json
 create mode 100644 draft_pr_descending_audit_20261002/audits/pr382_6600013/sources_product_review/independent_controls.first_enclosure_failure.stderr
 create mode 100644 draft_pr_descending_audit_20261002/audits/pr382_6600013/sources_product_review/independent_controls.first_enclosure_failure.stdout
 create mode 100644 draft_pr_descending_audit_20261002/audits/pr382_6600013/sources_product_review/independent_controls.py
 create mode 100644 draft_pr_descending_audit_20261002/audits/pr382_6600013/sources_product_review/independent_controls.receipt.json
 create mode 100644 draft_pr_descending_audit_20261002/audits/pr382_6600013/sources_product_review/independent_controls.stderr
 create mode 100644 draft_pr_descending_audit_20261002/audits/pr382_6600013/sources_product_review/independent_controls.stdout
 create mode 100644 draft_pr_descending_audit_20261002/audits/pr382_6600013/sources_product_review/independent_controls.unbundled_failure.receipt.json
 create mode 100644 draft_pr_descending_audit_20261002/audits/pr382_6600013/sources_product_review/independent_controls.unbundled_failure.stderr
 create mode 100644 draft_pr_descending_audit_20261002/audits/pr382_6600013/sources_product_review/independent_controls.unbundled_failure.stdout
 create mode 100644 draft_pr_descending_audit_20261002/audits/pr382_6600013/sources_product_review/journal_source_receipt.json
 create mode 100644 draft_pr_descending_audit_20261002/audits/pr382_6600013/sources_product_review/negative_controls.py
 create mode 100644 draft_pr_descending_audit_20261002/audits/pr382_6600013/sources_product_review/negative_controls.receipt.json
 create mode 100644 draft_pr_descending_audit_20261002/audits/pr382_6600013/sources_product_review/negative_controls.stderr
 create mode 100644 draft_pr_descending_audit_20261002/audits/pr382_6600013/sources_product_review/negative_controls.stdout
 create mode 100644 draft_pr_descending_audit_20261002/audits/pr382_6600013/sources_product_review/seal_validation.json
 create mode 100644 draft_pr_descending_audit_20261002/audits/pr382_6600013/sources_product_review/snapshot_binding_receipt.json
 create mode 100644 draft_pr_descending_audit_20261002/audits/pr382_6600013/sources_product_review/source_receipts.json
 create mode 100644 draft_pr_descending_audit_20261002/audits/pr382_6600013/sources_product_review/source_visual_receipt.json
 create mode 100644 draft_pr_descending_audit_20261002/audits/pr382_6600013/sources_product_review/verify_turn1.py.receipt.json
 create mode 100644 draft_pr_descending_audit_20261002/audits/pr382_6600013/sources_product_review/verify_turn1.py.stderr
 create mode 100644 draft_pr_descending_audit_20261002/audits/pr382_6600013/sources_product_review/verify_turn1.py.stdout
 create mode 100644 draft_pr_descending_audit_20261002/audits/pr382_6600013/sources_product_review/verify_turn2.py.receipt.json
 create mode 100644 draft_pr_descending_audit_20261002/audits/pr382_6600013/sources_product_review/verify_turn2.py.stderr
 create mode 100644 draft_pr_descending_audit_20261002/audits/pr382_6600013/sources_product_review/verify_turn2.py.stdout
 create mode 100644 draft_pr_descending_audit_20261002/audits/pr383_30004047/root_family_controls_receipt.json
 create mode 100644 draft_pr_descending_audit_20261002/audits/pr383_30004047/root_laminar_uncrossing_review_independent_controls.stderr
 create mode 100644 draft_pr_descending_audit_20261002/audits/pr383_30004047/root_laminar_uncrossing_review_independent_controls.stdout
 create mode 100644 draft_pr_descending_audit_20261002/audits/pr383_30004047/root_maximal_types_review_actual_graph_controls.stderr
 create mode 100644 draft_pr_descending_audit_20261002/audits/pr383_30004047/root_maximal_types_review_actual_graph_controls.stdout
 create mode 100644 draft_pr_descending_audit_20261002/audits/pr383_30004047/root_maximal_types_review_deletion_boundary_controls.stderr
 create mode 100644 draft_pr_descending_audit_20261002/audits/pr383_30004047/root_maximal_types_review_deletion_boundary_controls.stdout
 create mode 100644 draft_pr_descending_audit_20261002/audits/pr383_30004047/root_maximal_types_review_rank_witness_controls.stderr
 create mode 100644 draft_pr_descending_audit_20261002/audits/pr383_30004047/root_maximal_types_review_rank_witness_controls.stdout
 create mode 100644 draft_pr_descending_audit_20261002/audits/pr383_30004047/root_maximal_types_review_triple_clique_controls.stderr
 create mode 100644 draft_pr_descending_audit_20261002/audits/pr383_30004047/root_maximal_types_review_triple_clique_controls.stdout
 create mode 100644 draft_pr_descending_audit_20261002/audits/pr383_30004047/root_sources_lp_review_new_controls.stderr
 create mode 100644 draft_pr_descending_audit_20261002/audits/pr383_30004047/root_sources_lp_review_new_controls.stdout
 create mode 100644 draft_pr_descending_audit_20261002/audits/pr384_30004106/queue_repair_branch_push.stderr
 create mode 100644 draft_pr_descending_audit_20261002/audits/pr384_30004106/queue_repair_branch_push.stdout
 create mode 100644 draft_pr_descending_audit_20261002/audits/pr384_30004106/queue_repair_immediate_remote.json
 create mode 100644 draft_pr_descending_audit_20261002/audits/pr384_30004106/queue_repair_immediate_remote.stderr
 create mode 100644 draft_pr_descending_audit_20261002/audits/pr384_30004106/queue_repair_preflight_merge_tree.stderr
 create mode 100644 draft_pr_descending_audit_20261002/audits/pr384_30004106/queue_repair_preflight_merge_tree.stdout
 create mode 100644 draft_pr_descending_audit_20261002/audits/pr384_30004106/queue_repair_preflight_remote.json
 create mode 100644 draft_pr_descending_audit_20261002/audits/pr384_30004106/queue_repair_receipt.json
 create mode 100644 draft_pr_descending_audit_20261002/audits/pr384_30004106/repaired_snapshot/unsolved_math_prioritization/QUEUE.md
 create mode 100644 draft_pr_descending_audit_20261002/audits/pr384_30004106/repaired_snapshot/unsolved_math_prioritization/attempts/30004106/AUTHOR_REPLAY.json
 create mode 100644 draft_pr_descending_audit_20261002/audits/pr384_30004106/repaired_snapshot/unsolved_math_prioritization/attempts/30004106/CURRENT_STATE.json
 create mode 100644 draft_pr_descending_audit_20261002/audits/pr384_30004106/repaired_snapshot/unsolved_math_prioritization/attempts/30004106/CURRENT_STATE_T1.json
 create mode 100644 draft_pr_descending_audit_20261002/audits/pr384_30004106/repaired_snapshot/unsolved_math_prioritization/attempts/30004106/CURRENT_STATE_T2.json
 create mode 100644 draft_pr_descending_audit_20261002/audits/pr384_30004106/repaired_snapshot/unsolved_math_prioritization/attempts/30004106/CURRENT_STATE_T3.json
 create mode 100644 draft_pr_descending_audit_20261002/audits/pr384_30004106/repaired_snapshot/unsolved_math_prioritization/attempts/30004106/CURRENT_STATE_T4.json
 create mode 100644 draft_pr_descending_audit_20261002/audits/pr384_30004106/repaired_snapshot/unsolved_math_prioritization/attempts/30004106/CURRENT_STATE_T5.json
 create mode 100644 draft_pr_descending_audit_20261002/audits/pr384_30004106/repaired_snapshot/unsolved_math_prioritization/attempts/30004106/FINAL_AUTHOR_MANIFEST.json
 create mode 100644 draft_pr_descending_audit_20261002/audits/pr384_30004106/repaired_snapshot/unsolved_math_prioritization/attempts/30004106/FINAL_README.md
 create mode 100644 draft_pr_descending_audit_20261002/audits/pr384_30004106/repaired_snapshot/unsolved_math_prioritization/attempts/30004106/FINAL_REVIEW_REQUEST.md
 create mode 100644 draft_pr_descending_audit_20261002/audits/pr384_30004106/repaired_snapshot/unsolved_math_prioritization/attempts/30004106/PRIOR_GATE.json
 create mode 100644 draft_pr_descending_audit_20261002/audits/pr384_30004106/repaired_snapshot/unsolved_math_prioritization/attempts/30004106/PUBLICATION_MANIFEST.json
 create mode 100644 draft_pr_descending_audit_20261002/audits/pr384_30004106/repaired_snapshot/unsolved_math_prioritization/attempts/30004106/RESULT.md
 create mode 100644 draft_pr_descending_audit_20261002/audits/pr384_30004106/repaired_snapshot/unsolved_math_prioritization/attempts/30004106/SOURCE_ADDITION_T3.json
 create mode 100644 draft_pr_descending_audit_20261002/audits/pr384_30004106/repaired_snapshot/unsolved_math_prioritization/attempts/30004106/SOURCE_GATE_MANIFEST.json
 create mode 100644 draft_pr_descending_audit_20261002/audits/pr384_30004106/repaired_snapshot/unsolved_math_prioritization/attempts/30004106/SOURCE_MANIFEST.json
 create mode 100644 draft_pr_descending_audit_20261002/audits/pr384_30004106/repaired_snapshot/unsolved_math_prioritization/attempts/30004106/SOURCE_SCOPE.md
 create mode 100644 draft_pr_descending_audit_20261002/audits/pr384_30004106/repaired_snapshot/unsolved_math_prioritization/attempts/30004106/STATUS.md
 create mode 100644 draft_pr_descending_audit_20261002/audits/pr384_30004106/repaired_snapshot/unsolved_math_prioritization/attempts/30004106/TURN_1.md
 create mode 100644 draft_pr_descending_audit_20261002/audits/pr384_30004106/repaired_snapshot/unsolved_math_prioritization/attempts/30004106/TURN_1_CHECKS.json
 create mode 100644 draft_pr_descending_audit_20261002/audits/pr384_30004106/repaired_snapshot/unsolved_math_prioritization/attempts/30004106/TURN_1_LOG.md
 create mode 100644 draft_pr_descending_audit_20261002/audits/pr384_30004106/repaired_snapshot/unsolved_math_prioritization/attempts/30004106/TURN_1_MANIFEST.json
 create mode 100644 draft_pr_descending_audit_20261002/audits/pr384_30004106/repaired_snapshot/unsolved_math_prioritization/attempts/30004106/TURN_2.md
 create mode 100644 draft_pr_descending_audit_20261002/audits/pr384_30004106/repaired_snapshot/unsolved_math_prioritization/attempts/30004106/TURN_2_CHECKS.json
 create mode 100644 draft_pr_descending_audit_20261002/audits/pr384_30004106/repaired_snapshot/unsolved_math_prioritization/attempts/30004106/TURN_2_LOG.md
 create mode 100644 draft_pr_descending_audit_20261002/audits/pr384_30004106/repaired_snapshot/unsolved_math_prioritization/attempts/30004106/TURN_2_MANIFEST.json
 create mode 100644 draft_pr_descending_audit_20261002/audits/pr384_30004106/repaired_snapshot/unsolved_math_prioritization/attempts/30004106/TURN_3.md
 create mode 100644 draft_pr_descending_audit_20261002/audits/pr384_30004106/repaired_snapshot/unsolved_math_prioritization/attempts/30004106/TURN_3_CHECKS.json
 create mode 100644 draft_pr_descending_audit_20261002/audits/pr384_30004106/repaired_snapshot/unsolved_math_prioritization/attempts/30004106/TURN_3_LOG.md
 create mode 100644 draft_pr_descending_audit_20261002/audits/pr384_30004106/repaired_snapshot/unsolved_math_prioritization/attempts/30004106/TURN_3_MANIFEST.json
 create mode 100644 draft_pr_descending_audit_20261002/audits/pr384_30004106/repaired_snapshot/unsolved_math_prioritization/attempts/30004106/TURN_4.md
 create mode 100644 draft_pr_descending_audit_20261002/audits/pr384_30004106/repaired_snapshot/unsolved_math_prioritization/attempts/30004106/TURN_4_CHECKS.json
 create mode 100644 draft_pr_descending_audit_20261002/audits/pr384_30004106/repaired_snapshot/unsolved_math_prioritization/attempts/30004106/TURN_4_LOG.md
 create mode 100644 draft_pr_descending_audit_20261002/audits/pr384_30004106/repaired_snapshot/unsolved_math_prioritization/attempts/30004106/TURN_4_MANIFEST.json
 create mode 100644 draft_pr_descending_audit_20261002/audits/pr384_30004106/repaired_snapshot/unsolved_math_prioritization/attempts/30004106/TURN_5.md
 create mode 100644 draft_pr_descending_audit_20261002/audits/pr384_30004106/repaired_snapshot/unsolved_math_prioritization/attempts/30004106/TURN_5_CHECKS.json
 create mode 100644 draft_pr_descending_audit_20261002/audits/pr384_30004106/repaired_snapshot/unsolved_math_prioritization/attempts/30004106/TURN_5_LOG.md
 create mode 100644 draft_pr_descending_audit_20261002/audits/pr384_30004106/repaired_snapshot/unsolved_math_prioritization/attempts/30004106/TURN_5_MANIFEST.json
 create mode 100644 draft_pr_descending_audit_20261002/audits/pr384_30004106/repaired_snapshot/unsolved_math_prioritization/attempts/30004106/replay_author.py
 create mode 100644 draft_pr_descending_audit_20261002/audits/pr384_30004106/repaired_snapshot/unsolved_math_prioritization/attempts/30004106/review/AUTHOR_REPLAY.json
 create mode 100644 draft_pr_descending_audit_20261002/audits/pr384_30004106/repaired_snapshot/unsolved_math_prioritization/attempts/30004106/review/INDEPENDENT_CHECKS.json
 create mode 100644 draft_pr_descending_audit_20261002/audits/pr384_30004106/repaired_snapshot/unsolved_math_prioritization/attempts/30004106/review/REVIEW.md
 create mode 100644 draft_pr_descending_audit_20261002/audits/pr384_30004106/repaired_snapshot/unsolved_math_prioritization/attempts/30004106/review/REVIEW_MANIFEST.json
 create mode 100644 draft_pr_descending_audit_20261002/audits/pr384_30004106/repaired_snapshot/unsolved_math_prioritization/attempts/30004106/review/SOURCE_AND_BINDING_CHECKS.json
 create mode 100644 draft_pr_descending_audit_20261002/audits/pr384_30004106/repaired_snapshot/unsolved_math_prioritization/attempts/30004106/review/independent_check.py
 create mode 100644 draft_pr_descending_audit_20261002/audits/pr384_30004106/repaired_snapshot/unsolved_math_prioritization/attempts/30004106/verify_publication.py
 create mode 100644 draft_pr_descending_audit_20261002/audits/pr384_30004106/repaired_snapshot/unsolved_math_prioritization/attempts/30004106/verify_turn1.py
 create mode 100644 draft_pr_descending_audit_20261002/audits/pr384_30004106/repaired_snapshot/unsolved_math_prioritization/attempts/30004106/verify_turn2.py
 create mode 100644 draft_pr_descending_audit_20261002/audits/pr384_30004106/repaired_snapshot/unsolved_math_prioritization/attempts/30004106/verify_turn3.py
 create mode 100644 draft_pr_descending_audit_20261002/audits/pr384_30004106/repaired_snapshot/unsolved_math_prioritization/attempts/30004106/verify_turn4.py
 create mode 100644 draft_pr_descending_audit_20261002/audits/pr384_30004106/repaired_snapshot/unsolved_math_prioritization/attempts/30004106/verify_turn5.py
 create mode 100644 draft_pr_descending_audit_20261002/audits/pr384_30004106/repaired_snapshot_manifest.json
 create mode 100644 draft_pr_descending_audit_20261002/audits/pr385_2518/post_acceptance_checkpoint_commit.stderr
 create mode 100644 draft_pr_descending_audit_20261002/audits/pr385_2518/post_acceptance_checkpoint_commit.stdout
 create mode 100644 draft_pr_descending_audit_20261002/audits/pr385_2518/post_acceptance_checkpoint_push.stderr
 create mode 100644 draft_pr_descending_audit_20261002/audits/pr385_2518/post_acceptance_checkpoint_push.stdout
