{
  "assertions": 4122,
  "all_passed": true,
  "arithmetic": "Fraction rational",
  "candidate_imports": [],
  "complete_rows": [
    {
      "family": "actual collared TM",
      "vertices": [
        "00",
        "01",
        "10",
        "11"
      ],
      "edges": [
        "001",
        "010",
        "011",
        "100",
        "101",
        "110"
      ],
      "boundary": [
        [
          -1,
          0,
          0,
          1,
          0,
          0
        ],
        [
          1,
          -1,
          -1,
          0,
          1,
          0
        ],
        [
          0,
          1,
          0,
          -1,
          -1,
          1
        ],
        [
          0,
          0,
          1,
          0,
          0,
          -1
        ]
      ],
      "vertex_substitution": [
        [
          0,
          0,
          1,
          0
        ],
        [
          0,
          0,
          0,
          1
        ],
        [
          1,
          0,
          0,
          0
        ],
        [
          0,
          1,
          0,
          0
        ]
      ],
      "edge_substitution": [
        [
          0,
          0,
          0,
          1,
          1,
          0
        ],
        [
          0,
          0,
          0,
          1,
          0,
          1
        ],
        [
          1,
          0,
          0,
          0,
          1,
          0
        ],
        [
          0,
          1,
          0,
          0,
          0,
          1
        ],
        [
          1,
          0,
          1,
          0,
          0,
          0
        ],
        [
          0,
          1,
          1,
          0,
          0,
          0
        ]
      ],
      "persistent_H1": [
        3,
        2,
        2,
        2,
        2,
        2,
        2
      ]
    },
    {
      "family": "product/sheared actual CW",
      "cell_counts": [
        16,
        48,
        36
      ],
      "persistent_H1_H2": [
        [
          0,
          6,
          9
        ],
        [
          1,
          4,
          4
        ],
        [
          2,
          4,
          4
        ],
        [
          3,
          4,
          4
        ],
        [
          4,
          4,
          4
        ]
      ]
    },
    {
      "family": "shear exact blocks",
      "n": 1,
      "factors_horizontal": 2,
      "factors_vertical": 2,
      "blocks": 4
    },
    {
      "family": "shear exact blocks",
      "n": 2,
      "factors_horizontal": 6,
      "factors_vertical": 4,
      "blocks": 24
    },
    {
      "family": "shear exact blocks",
      "n": 3,
      "factors_horizontal": 12,
      "factors_vertical": 6,
      "blocks": 72
    },
    {
      "family": "shear exact blocks",
      "n": 4,
      "factors_horizontal": 20,
      "factors_vertical": 10,
      "blocks": 200
    },
    {
      "family": "shear exact blocks",
      "n": 5,
      "factors_horizontal": 24,
      "factors_vertical": 12,
      "blocks": 288
    },
    {
      "family": "shear exact blocks",
      "n": 6,
      "factors_horizontal": 32,
      "factors_vertical": 16,
      "blocks": 512
    },
    {
      "family": "shear exact blocks",
      "n": 7,
      "factors_horizontal": 40,
      "factors_vertical": 20,
      "blocks": 800
    },
    {
      "family": "TM finite permutation covering",
      "degree": 1,
      "H1_rank": 3,
      "transfer_scalar": 1
    },
    {
      "family": "TM finite permutation covering",
      "degree": 2,
      "H1_rank": 5,
      "transfer_scalar": 2
    },
    {
      "family": "TM finite permutation covering",
      "degree": 3,
      "H1_rank": 7,
      "transfer_scalar": 3
    },
    {
      "family": "TM finite permutation covering",
      "degree": 4,
      "H1_rank": 9,
      "transfer_scalar": 4
    },
    {
      "family": "TM finite permutation covering",
      "degree": 5,
      "H1_rank": 11,
      "transfer_scalar": 5
    },
    {
      "family": "TM finite permutation covering",
      "degree": 6,
      "H1_rank": 13,
      "transfer_scalar": 6
    },
    {
      "family": "TM finite permutation covering",
      "degree": 7,
      "H1_rank": 15,
      "transfer_scalar": 7
    },
    {
      "family": "TM finite permutation covering",
      "degree": 8,
      "H1_rank": 17,
      "transfer_scalar": 8
    },
    {
      "family": "quantifier falsifier",
      "system": "V_j has basis births b with b<=j<2b+1. Bonding retains surviving birth labels and kills expired labels. Every stage j dies by 2j+1; newest birth survives j more transitions.",
      "direct_limit_rank": 0
    },
    {
      "family": "finite-stage rank falsifier",
      "constant_bonding_direct_limit": 0,
      "inclusion_direct_limit": "infinite"
    },
    {
      "family": "specified profinite action",
      "levels": 20,
      "all_integer_time_argument": "addition preserves difference exactly; finite sample is a sanity check only",
      "scope": "equivariant expansivity obstruction; underlying topological hull/alternate actions not excluded"
    },
    {
      "family": "variable roof falsifier",
      "homeomorphic_mapping_tori": true,
      "periods": [
        3,
        2
      ],
      "time_conjugacy": false,
      "scope": "mechanism/boundary illustration, not target aperiodic theorem"
    },
    {
      "family": "coefficient boundary",
      "p(1)": "alphabet size arbitrary; a global n>=1 bound cannot depend on d alone",
      "asymptotic": "large-n coefficient requires actual high-rank minimal families, not p(1) alone"
    }
  ]
}
