{
  "cover_rank_hypothesis_falsifiers": [
    {
      "degree": 2,
      "both_factor_monodromies_surjective": [
        1,
        4,
        5
      ],
      "only_horizontal_monodromy_surjective": [
        1,
        5,
        6
      ],
      "zero_monodromy": [
        2,
        8,
        8
      ]
    },
    {
      "degree": 3,
      "both_factor_monodromies_surjective": [
        1,
        4,
        6
      ],
      "only_horizontal_monodromy_surjective": [
        1,
        6,
        8
      ],
      "zero_monodromy": [
        3,
        12,
        12
      ]
    },
    {
      "degree": 5,
      "both_factor_monodromies_surjective": [
        1,
        4,
        8
      ],
      "only_horizontal_monodromy_surjective": [
        1,
        8,
        12
      ],
      "zero_monodromy": [
        5,
        20,
        20
      ]
    },
    {
      "degree": 7,
      "both_factor_monodromies_surjective": [
        1,
        4,
        10
      ],
      "only_horizontal_monodromy_surjective": [
        1,
        10,
        16
      ],
      "zero_monodromy": [
        7,
        28,
        28
      ]
    }
  ],
  "nonflat_transport": {
    "horizontal": [
      1,
      0,
      2
    ],
    "vertical": [
      0,
      2,
      1
    ],
    "commutes_by_sheet": [
      false,
      false,
      false
    ],
    "is_cover_transport": false
  },
  "finite_to_one_fold_fails_covering_transfer": [
    {
      "target": "0",
      "preimages": [
        "1/2"
      ],
      "sum_constant_1": 1
    },
    {
      "target": "1/100",
      "preimages": [
        "99/200",
        "101/200"
      ],
      "sum_constant_1": 2
    }
  ],
  "scope": "Counterfeits falsified; frozen candidate retains the required hypotheses."
}
