{
  "timestamp": "2026-10-03T04:09:20.160291+00:00",
  "head": "391a2e306581b57e5a5ffbd177e8b9add894ad56",
  "actual_main": "4342abee079cca889f9e98873ac36c29a3de3645",
  "original_head": "421c6aa90eace49c8659f9a96e83c24fe1b5b901",
  "head_parents": [
    "421c6aa90eace49c8659f9a96e83c24fe1b5b901",
    "4342abee079cca889f9e98873ac36c29a3de3645"
  ],
  "base_parents": [
    "6f707337850ba73510105b4a269ba115cf58ce2e",
    "429e3f91097238669be7fc2173b9ce4d9956a3af"
  ],
  "actual_PR383_merge": "429e3f91097238669be7fc2173b9ce4d9956a3af",
  "PR383_is_ancestor_of_actual_main": true,
  "manifest_files": 58,
  "unchanged_original_target_files": 57,
  "queue": {
    "line": 418,
    "changed_physical_pipe_cells": [
      8,
      9
    ],
    "base_row": "| 407 | 6600013 / AMR-065-0013 | A. Julien: Relationship between Complexity and Cohomology \u2014 Problem | 0.1374 | 6.0 | 4 | 2016 | queued | 0/5 |  |  |  |\n",
    "head_row": "| 407 | 6600013 / AMR-065-0013 | A. Julien: Relationship between Complexity and Cohomology \u2014 Problem | 0.1374 | 6.0 | 4 | 2016 | unsolved | 5/5 |  |  |  |\n",
    "all_other_lines_equal": true,
    "all_other_target_cells_equal": true,
    "base_sha256": "b70fb50b82ef127aee15219e1107d86bdc606ad268dd6a6c30533b6fc2b1b3ee",
    "head_sha256": "ab7461688bc572edd5c40aa4d190a1bbb18513d2f8a98a56aa37848deff7b2d0"
  },
  "public_raw_source_count": 0
}
