{
  "timestamp": "2026-10-03T04:09:34.232686+00:00",
  "elapsed_seconds": 13.995986374997301,
  "private_copy_byte_exact": true,
  "author_complete_stdout": {
    "author_assertions": 5367,
    "manifest_entries_verified": 173,
    "per_turn": [
      1435,
      418,
      63,
      1077,
      2374
    ],
    "primary_source_pdfs_verified": 0,
    "scope": "Five-turn scoped partials; arbitrary low-complexity tiling/cohomology implication remains unresolved."
  },
  "turn_complete_outputs": [
    {
      "turn": 1,
      "stdout_bytes": 259,
      "sha256": "cf2d4d576ce1c5680b12a7cc88b2d52ac995353d9fc10e7860880c5d98a6fbd4",
      "complete_expected_bytes_equal": true,
      "assertions": 1435
    },
    {
      "turn": 2,
      "stdout_bytes": 1154,
      "sha256": "ee36cecfb97a64ccc9d3abe724b2e12791e9db8d3d9dcc4007ca1ae917343925",
      "complete_expected_bytes_equal": true,
      "assertions": 418
    },
    {
      "turn": 3,
      "stdout_bytes": 720,
      "sha256": "bf8dcf6557467ab0ce7adcabe11aea0a44dd682b4504df245d79b4fba85e9fc0",
      "complete_expected_bytes_equal": true,
      "assertions": 63
    },
    {
      "turn": 4,
      "stdout_bytes": 1281,
      "sha256": "3236b674fbc08afba765ffa905a15db424c8692576f410eb7213f13ae0231e11",
      "complete_expected_bytes_equal": true,
      "assertions": 1077
    },
    {
      "turn": 5,
      "stdout_bytes": 978,
      "sha256": "543e7446204e26d1ad79a2d95cd88e0fa2a02404f4629c9394a30b0062496049",
      "complete_expected_bytes_equal": true,
      "assertions": 2374
    }
  ],
  "historical_complete_stdout": {
    "categories": {
      "collar_legality": 1,
      "collared_chain": 1,
      "cover_betti": 24,
      "cover_cochain": 24,
      "cover_connected_monodromy": 3000,
      "cycle_basis_boundary": 1,
      "cycle_basis_rank": 1,
      "cycle_substitution": 1,
      "product_rank_bound": 19607,
      "proper_inverse_a": 1,
      "proper_inverse_b": 1,
      "pullback_degree0": 10,
      "pullback_degree1": 10,
      "stable_image": 1,
      "sturmian_sharpness": 5,
      "transfer_cochain0": 10,
      "transfer_cochain1": 10,
      "transfer_leftinverse0": 10,
      "transfer_leftinverse1and2": 10
    },
    "exact_assertions": 22728,
    "scope": "Exact finite cochain, cover, collar and rank controls; topology and admissibility audited analytically"
  },
  "historical_expected_bytes_equal": true,
  "source_free_count": 0,
  "no_frozen_file_mutations": true
}
