{
  "assertions": 466,
  "indexing_controls": [
    {
      "n": 1,
      "recoded_chi": 8,
      "unrecoded_chi": 2
    },
    {
      "n": 2,
      "recoded_chi": 10,
      "unrecoded_chi": -4
    },
    {
      "n": 3,
      "recoded_chi": -6,
      "unrecoded_chi": 4
    },
    {
      "n": 4,
      "recoded_chi": 14,
      "unrecoded_chi": 2
    },
    {
      "n": 5,
      "recoded_chi": 4,
      "unrecoded_chi": 4
    }
  ],
  "partially_periodic_control": {
    "configuration": "z(i,j)=t(i+j)",
    "period": [
      1,
      -1
    ],
    "source_admissible": false
  },
  "result": "The two-block recoding and independent Sturmian coordinate are essential to the exact displayed scale formulas and full aperiodicity."
}
