{"pivots": 100, "last_valuation": 1, "remaining_rows": 7079, "remaining_nnz": 17203, "seconds": 0.15249150900001496}
{"pivots": 200, "last_valuation": 2, "remaining_rows": 6923, "remaining_nnz": 18762, "seconds": 0.3306717269999808}
{"pivots": 300, "last_valuation": 2, "remaining_rows": 6702, "remaining_nnz": 17599, "seconds": 0.5013401539999904}
{"pivots": 400, "last_valuation": 2, "remaining_rows": 6283, "remaining_nnz": 16126, "seconds": 0.6648569739999175}
{"pivots": 500, "last_valuation": 2, "remaining_rows": 5603, "remaining_nnz": 14102, "seconds": 0.840275991999988}
{"pivots": 600, "last_valuation": 2, "remaining_rows": 4336, "remaining_nnz": 11256, "seconds": 0.9900470110000015}
{"pivots": 700, "last_valuation": 2, "remaining_rows": 2122, "remaining_nnz": 5150, "seconds": 1.0891756319999786}
{"pivots": 800, "last_valuation": 2, "remaining_rows": 893, "remaining_nnz": 2991, "seconds": 1.1309892639999362}
{"pivots": 900, "last_valuation": 2, "remaining_rows": 423, "remaining_nnz": 1202, "seconds": 1.1716564199999766}
{
  "prime": 1009,
  "precision": 6,
  "rank": 931,
  "scaled_smith_valuation_multiplicities": {
    "0": 87,
    "1": 55,
    "2": 758,
    "3": 6,
    "4": 25
  },
  "unscaled_smith_valuation_multiplicities": {
    "-2": 87,
    "-1": 55,
    "0": 758,
    "1": 6,
    "2": 25
  },
  "sum_unscaled_smith_valuations": -173,
  "maximum_unscaled_smith_valuation": 2,
  "elapsed_seconds": 1.2681473930000493,
  "mode": "verify_plan"
}
