{"pivots": 100, "last_valuation": 1, "remaining_rows": 7204, "remaining_nnz": 17850, "seconds": 0.9335295920000135}
{"pivots": 200, "last_valuation": 2, "remaining_rows": 7048, "remaining_nnz": 19426, "seconds": 2.094658829999986}
{"pivots": 300, "last_valuation": 2, "remaining_rows": 6827, "remaining_nnz": 18263, "seconds": 3.233589308000006}
{"pivots": 400, "last_valuation": 2, "remaining_rows": 6408, "remaining_nnz": 16790, "seconds": 4.290428617999993}
{"pivots": 500, "last_valuation": 2, "remaining_rows": 5728, "remaining_nnz": 14766, "seconds": 5.257608411999996}
{"pivots": 600, "last_valuation": 2, "remaining_rows": 4461, "remaining_nnz": 11920, "seconds": 6.099446293}
{"pivots": 700, "last_valuation": 2, "remaining_rows": 2219, "remaining_nnz": 5739, "seconds": 6.68971662300001}
{"pivots": 800, "last_valuation": 2, "remaining_rows": 920, "remaining_nnz": 3460, "seconds": 6.9634532100000115}
{"pivots": 900, "last_valuation": 2, "remaining_rows": 489, "remaining_nnz": 1942, "seconds": 7.172397937999989}
{
  "prime": 1009,
  "precision": 12,
  "rank": 931,
  "scaled_smith_valuation_multiplicities": {
    "0": 87,
    "1": 55,
    "2": 758,
    "3": 6,
    "4": 25
  },
  "unscaled_smith_valuation_multiplicities": {
    "-2": 87,
    "-1": 55,
    "0": 758,
    "1": 6,
    "2": 25
  },
  "sum_unscaled_smith_valuations": -173,
  "maximum_unscaled_smith_valuation": 2,
  "elapsed_seconds": 7.294100194999999,
  "mode": "construct_plan"
}
