{
  "original_replays": [
    {
      "label": "original_author",
      "started_utc": "2026-10-02T11:02:46.116397+00:00",
      "ended_utc": "2026-10-02T11:02:46.371506+00:00",
      "command": [
        "/usr/bin/python3",
        "/Users/alec/Documents/Math/draft_pr_publication_program_20260930/audits/pr38_2765/tmp/root_pr38_actual_f4mchuie/draft_pr_publication_program_20260930/audits/pr38_2765/current_measure_family/isolated_original/verify.py"
      ],
      "cwd": "/Users/alec/Documents/Math/draft_pr_publication_program_20260930/audits/pr38_2765/tmp/root_pr38_actual_f4mchuie/draft_pr_publication_program_20260930/audits/pr38_2765/current_measure_family/isolated_original",
      "script_sha256": "3a7ebaa722d1831eb4364cc584eb2a4700f42e6713396aa614cc253a15da4a2e",
      "exit_code": 0,
      "stdout_bytes": 837,
      "stdout_sha256": "4c9ca020c8dbeee8ed8b8eae4e095d1e4a7cd78e44cf7a625c512bd817786850",
      "stderr_bytes": 0,
      "stderr_sha256": "e3b0c44298fc1c149afbf4c8996fb92427ae41e4649b934ca495991b7852b855",
      "expected_packet_sha256": "4c9ca020c8dbeee8ed8b8eae4e095d1e4a7cd78e44cf7a625c512bd817786850",
      "byte_whole_packet_identical": true,
      "whole_json_equal": true
    },
    {
      "label": "original_review",
      "started_utc": "2026-10-02T11:02:46.371603+00:00",
      "ended_utc": "2026-10-02T11:02:46.790565+00:00",
      "command": [
        "/usr/bin/python3",
        "/Users/alec/Documents/Math/draft_pr_publication_program_20260930/audits/pr38_2765/tmp/root_pr38_actual_f4mchuie/draft_pr_publication_program_20260930/audits/pr38_2765/current_measure_family/isolated_original/review/independent_checks.py"
      ],
      "cwd": "/Users/alec/Documents/Math/draft_pr_publication_program_20260930/audits/pr38_2765/tmp/root_pr38_actual_f4mchuie/draft_pr_publication_program_20260930/audits/pr38_2765/current_measure_family/isolated_original/review",
      "script_sha256": "3218205615b86eae0f62b428af7e2718f05c34d13d8c59feea2db06ebefbd70c",
      "exit_code": 0,
      "stdout_bytes": 1834,
      "stdout_sha256": "863573822215b96c505034148b25a1d02084fb5de6a5bb64e0d718ce469669bc",
      "stderr_bytes": 0,
      "stderr_sha256": "e3b0c44298fc1c149afbf4c8996fb92427ae41e4649b934ca495991b7852b855",
      "expected_packet_sha256": "863573822215b96c505034148b25a1d02084fb5de6a5bb64e0d718ce469669bc",
      "byte_whole_packet_identical": true,
      "whole_json_equal": true
    }
  ],
  "control_labels": [
    "wrong_hyperbolic_trace",
    "false_reversal_word",
    "assertions_bypassed_false_trace",
    "false_compactness_atomicity",
    "false_ml_converse",
    "false_signed_rigidity",
    "false_complete_only_singleton"
  ],
  "all_controls_met_expected_behavior": true
}
