{
  "aggregate": [
    -3,
    0,
    -3,
    -3
  ],
  "best_record": null,
  "candidate_index": 4,
  "exact_margin_points": [],
  "label": "h2-422220-3",
  "partition": [
    4,
    2,
    2,
    2,
    2,
    0
  ],
  "retraction": {
    "common_radical_dimension": 4,
    "direction_matrix": [
      [
        2,
        2,
        0,
        0
      ],
      [
        2,
        0,
        1,
        0
      ],
      [
        1,
        2,
        2,
        2
      ],
      [
        1,
        0,
        1,
        0
      ],
      [
        2,
        2,
        1,
        0
      ],
      [
        0,
        0,
        2,
        2
      ],
      [
        0,
        1,
        0,
        2
      ],
      [
        1,
        2,
        1,
        0
      ],
      [
        1,
        0,
        2,
        0
      ],
      [
        1,
        1,
        0,
        0
      ],
      [
        1,
        1,
        2,
        0
      ],
      [
        2,
        1,
        0,
        0
      ],
      [
        1,
        1,
        2,
        0
      ],
      [
        2,
        0,
        0,
        1
      ],
      [
        0,
        2,
        1,
        2
      ],
      [
        1,
        1,
        2,
        0
      ],
      [
        2,
        1,
        0,
        0
      ],
      [
        1,
        0,
        1,
        0
      ],
      [
        2,
        1,
        0,
        0
      ],
      [
        0,
        2,
        1,
        2
      ],
      [
        0,
        0,
        1,
        1
      ],
      [
        2,
        1,
        2,
        0
      ],
      [
        2,
        2,
        0,
        0
      ],
      [
        2,
        0,
        1,
        0
      ],
      [
        1,
        1,
        1,
        2
      ],
      [
        2,
        2,
        1,
        0
      ],
      [
        0,
        0,
        1,
        1
      ],
      [
        2,
        1,
        0,
        0
      ],
      [
        0,
        1,
        2,
        1
      ],
      [
        1,
        1,
        1,
        2
      ]
    ],
    "equations": 4,
    "structured_subset": [
      0,
      1,
      2,
      3
    ]
  },
  "row_margin_linear_rank": 6,
  "schema": "lp333-shell-two-physical-digit2-retracted-search-v1",
  "scope": "Bounded search in one exact catalog-target chart. UNKNOWN is not an exclusion; a digit-two point is not an LP(333), Legendre pair, or H(668).",
  "search": {
    "best_score": [
      7,
      1000000000,
      19,
      19
    ],
    "cpu_seconds_limit": 60.0,
    "cpu_seconds_used": 60.005048,
    "distinct_exact_digit2_points": 0,
    "exact_row_margin_digit2_points": 0,
    "iterations": 10237,
    "margin_bad_group_histogram": [],
    "restarts": 74,
    "samples_per_step": 512,
    "seed": 6683334,
    "tangent_rounds": 0,
    "wall_seconds_used": 60.23202129200217
  },
  "search_dimension": 30,
  "semantic_sha256": "fc67bd9f5bf1f5c42e2ae1e3722716a04990ef511a326ce812a318596effd543",
  "status": "UNKNOWN",
  "target_index": 65,
  "target_phase_sums": [
    [
      [
        1,
        3
      ],
      [
        3,
        -1
      ],
      [
        4,
        1
      ]
    ],
    [
      [
        -3,
        0
      ],
      [
        1,
        -3
      ],
      [
        4,
        12
      ]
    ]
  ],
  "target_raw_assignment_multiplicity": 5166361292927927400
}
