{
  "addition_only": {
    "addition_count": 247981,
    "addition_literal_count": 4372774,
    "addition_stream_sha256": "c6c24853e30073e66fb396441edb176a0160d062a8558e25fa18a955f33927c3",
    "addition_stream_size_bytes": 6337621,
    "byte_count": 6337621,
    "deletion_count": 0,
    "deletion_literal_count": 0,
    "deletion_stream_sha256": "e3b0c44298fc1c149afbf4c8996fb92427ae41e4649b934ca495991b7852b855",
    "deletion_stream_size_bytes": 0,
    "empty_addition_count": 1,
    "final_empty_record": 247981,
    "first_deletion_record": null,
    "maximum_clause_length": 218,
    "maximum_variable": 6886,
    "proof_sha256": "c6c24853e30073e66fb396441edb176a0160d062a8558e25fa18a955f33927c3",
    "record_count": 247981
  },
  "all_addition_bytes_preserved_in_order": true,
  "source": {
    "addition_count": 247981,
    "addition_literal_count": 4372774,
    "addition_stream_sha256": "c6c24853e30073e66fb396441edb176a0160d062a8558e25fa18a955f33927c3",
    "addition_stream_size_bytes": 6337621,
    "byte_count": 12524020,
    "deletion_count": 245439,
    "deletion_literal_count": 4298890,
    "deletion_stream_sha256": "9a26725ceb8ddb4bdbec3e9397d796f4bed94288a9ba2a8a014cb2e7694e6711",
    "deletion_stream_size_bytes": 6186399,
    "empty_addition_count": 1,
    "final_empty_record": 493420,
    "first_deletion_record": 96,
    "maximum_clause_length": 220,
    "maximum_variable": 6886,
    "proof_sha256": "c17ed1ee2782270ed861462ae7bdd94420a2079edf419a7d778d7096a67d1be4",
    "record_count": 493420
  }
}
