{
  "status": "PASS",
  "historical_file_bindings": 27,
  "all_file_bindings": 67,
  "source_pdfs_checked": 2,
  "exact_author_assertions": 12967236,
  "replays": [
    {
      "turn": 1,
      "assertions": 377063,
      "byte_exact": true
    },
    {
      "turn": 2,
      "assertions": 20643,
      "byte_exact": true
    },
    {
      "turn": 3,
      "assertions": 12105108,
      "byte_exact": true
    },
    {
      "turn": 4,
      "assertions": 164794,
      "byte_exact": true
    },
    {
      "turn": 5,
      "assertions": 299628,
      "byte_exact": true
    }
  ]
}
PASS: preserved author/review bytes, 12967236 author and 30053 independent assertions; original unsolved 5/5
