[main b8eb79b0e] Checkpoint first fresh biconstrained preprint review and claimed-solved-only scope
 36 files changed, 5811 insertions(+), 6 deletions(-)
 create mode 100644 draft_pr_descending_audit_20261002/CURRENT_SCOPE.json
 create mode 100644 draft_pr_descending_audit_20261002/audits/pr364_30004048/CURRENT_PREPRINT_STATUS.json
 create mode 100644 draft_pr_descending_audit_20261002/audits/pr364_30004048/GIT_PREPARATION_PUBLICATION_RECEIPT.json
 create mode 100644 draft_pr_descending_audit_20261002/audits/pr364_30004048/ROOT_PREPRINT_REVIEW01_CONTROL_REPRODUCTION.json
 create mode 100644 draft_pr_descending_audit_20261002/audits/pr364_30004048/ROOT_PREPRINT_REVIEW01_MANIFEST_SEMANTICS.json
 create mode 100644 draft_pr_descending_audit_20261002/audits/pr364_30004048/ROOT_PREPRINT_REVIEW01_VERIFICATION.json
 create mode 100644 draft_pr_descending_audit_20261002/audits/pr364_30004048/preprint_review_01/ALL_FILE_READ_RECEIPT.json
 create mode 100644 draft_pr_descending_audit_20261002/audits/pr364_30004048/preprint_review_01/ANALYTIC_ASSESSMENT.md
 create mode 100644 draft_pr_descending_audit_20261002/audits/pr364_30004048/preprint_review_01/ANALYTIC_SEAL.json
 create mode 100644 draft_pr_descending_audit_20261002/audits/pr364_30004048/preprint_review_01/CONTROLS.json
 create mode 100644 draft_pr_descending_audit_20261002/audits/pr364_30004048/preprint_review_01/FINAL_REPORT.md
 create mode 100644 draft_pr_descending_audit_20261002/audits/pr364_30004048/preprint_review_01/FINAL_SEAL.json
 create mode 100644 draft_pr_descending_audit_20261002/audits/pr364_30004048/preprint_review_01/INITIAL_BINDING.json
 create mode 100644 draft_pr_descending_audit_20261002/audits/pr364_30004048/preprint_review_01/MANIFEST.json
 create mode 100644 draft_pr_descending_audit_20261002/audits/pr364_30004048/preprint_review_01/README.md
 create mode 100644 draft_pr_descending_audit_20261002/audits/pr364_30004048/preprint_review_01/REPLAY_RECEIPT.json
 create mode 100644 draft_pr_descending_audit_20261002/audits/pr364_30004048/preprint_review_01/RESEARCH_LOG.md
 create mode 100644 draft_pr_descending_audit_20261002/audits/pr364_30004048/preprint_review_01/SOURCE_RECEIPTS.json
 create mode 100644 draft_pr_descending_audit_20261002/audits/pr364_30004048/preprint_review_01/ZIP_BINDING.json
 create mode 100644 draft_pr_descending_audit_20261002/audits/pr364_30004048/preprint_review_01/independent_controls.py
 create mode 100644 draft_pr_descending_audit_20261002/audits/pr364_30004048/preprint_review_01/verify_review.py
 create mode 100644 draft_pr_descending_audit_20261002/audits/pr364_30004048/publication/README.md
 create mode 100644 draft_pr_descending_audit_20261002/audits/pr364_30004048/publication/append_tracker.py
 create mode 100644 draft_pr_descending_audit_20261002/audits/pr364_30004048/publication/run_zenodo_step.py
 create mode 100644 draft_pr_descending_audit_20261002/audits/pr364_30004048/publication/verify_public_record.py
 create mode 100644 draft_pr_descending_audit_20261002/audits/pr364_30004048/root_integrate_claimed.py
 create mode 100644 draft_pr_descending_audit_20261002/audits/pr364_30004048/root_refresh_claimed_queue.py
 create mode 100644 draft_pr_descending_audit_20261002/audits/pr364_30004048/root_reproduce_preprint_review01_control.py
 create mode 100644 draft_pr_descending_audit_20261002/checkpoint_364_preprint_publication_receipt.json
 create mode 100644 draft_pr_descending_audit_20261002/checkpoint_364_review01_allowlist.json
 create mode 100644 draft_pr_descending_audit_20261002/root_publish_364_review01_checkpoint.py
