[main b009faf48] Release two clean fresh biconstrained preprint reviews and exact submission clearance
 39 files changed, 5634 insertions(+), 18 deletions(-)
 create mode 100644 draft_pr_descending_audit_20261002/SHARED_GIT_WINDOW_STATUS.json
 create mode 100644 draft_pr_descending_audit_20261002/audits/pr364_30004048/GIT_REVIEW01_PUBLICATION_RECEIPT.json
 create mode 100644 draft_pr_descending_audit_20261002/audits/pr364_30004048/PUBLISHING_CLEARANCE.json
 create mode 100644 draft_pr_descending_audit_20261002/audits/pr364_30004048/ROOT_PREPRINT_REVIEW02_CONTROL_REPRODUCTION.json
 create mode 100644 draft_pr_descending_audit_20261002/audits/pr364_30004048/ROOT_PREPRINT_REVIEW02_VERIFICATION.json
 create mode 100644 draft_pr_descending_audit_20261002/audits/pr364_30004048/ROOT_SOURCE_RESPONSE_HEADER_ASSESSMENT.json
 create mode 100644 draft_pr_descending_audit_20261002/audits/pr364_30004048/accepted_pr_body.txt
 create mode 100644 draft_pr_descending_audit_20261002/audits/pr364_30004048/merge_body.txt
 create mode 100644 draft_pr_descending_audit_20261002/audits/pr364_30004048/preprint_review_02/ALL_FILE_READ_RECEIPT.json
 create mode 100644 draft_pr_descending_audit_20261002/audits/pr364_30004048/preprint_review_02/ANALYTIC_ASSESSMENT.md
 create mode 100644 draft_pr_descending_audit_20261002/audits/pr364_30004048/preprint_review_02/ANALYTIC_SEAL.json
 create mode 100644 draft_pr_descending_audit_20261002/audits/pr364_30004048/preprint_review_02/CONTROLS.json
 create mode 100644 draft_pr_descending_audit_20261002/audits/pr364_30004048/preprint_review_02/CONTROLS_RECEIPT.json
 create mode 100644 draft_pr_descending_audit_20261002/audits/pr364_30004048/preprint_review_02/FINAL_REPORT.md
 create mode 100644 draft_pr_descending_audit_20261002/audits/pr364_30004048/preprint_review_02/FINAL_SEAL.json
 create mode 100644 draft_pr_descending_audit_20261002/audits/pr364_30004048/preprint_review_02/MANIFEST.json
 create mode 100644 draft_pr_descending_audit_20261002/audits/pr364_30004048/preprint_review_02/PRIORITY_NOTE.md
 create mode 100644 draft_pr_descending_audit_20261002/audits/pr364_30004048/preprint_review_02/PRIORITY_SOURCE_RECEIPTS.json
 create mode 100644 draft_pr_descending_audit_20261002/audits/pr364_30004048/preprint_review_02/README.md
 create mode 100644 draft_pr_descending_audit_20261002/audits/pr364_30004048/preprint_review_02/REPLAY_RECEIPT.json
 create mode 100644 draft_pr_descending_audit_20261002/audits/pr364_30004048/preprint_review_02/RESEARCH_LOG.md
 create mode 100644 draft_pr_descending_audit_20261002/audits/pr364_30004048/preprint_review_02/SOURCE_RECEIPTS.json
 create mode 100644 draft_pr_descending_audit_20261002/audits/pr364_30004048/preprint_review_02/SUBMISSION_BINDING.json
 create mode 100644 draft_pr_descending_audit_20261002/audits/pr364_30004048/preprint_review_02/independent_controls.py
 create mode 100644 draft_pr_descending_audit_20261002/audits/pr364_30004048/preprint_review_02/verify_review.py
 create mode 100644 draft_pr_descending_audit_20261002/audits/pr364_30004048/root_clear_submission.py
 create mode 100644 draft_pr_descending_audit_20261002/audits/pr364_30004048/root_verify_exact_live.py
 create mode 100644 draft_pr_descending_audit_20261002/audits/pr364_30004048/root_verify_review02.py
 create mode 100644 draft_pr_descending_audit_20261002/checkpoint_364_clearance_allowlist.json
 create mode 100644 draft_pr_descending_audit_20261002/checkpoint_364_review01_publication_receipt.json
 create mode 100644 draft_pr_descending_audit_20261002/root_publish_364_submission_clearance_checkpoint.py
