[main 115906835] Publish verified direct capacity proof partial acceptance and audit
 641 files changed, 75571 insertions(+), 5 deletions(-)
 create mode 100644 draft_pr_descending_audit_20261002/ROOT_PRIVATE_SOURCE_DEDUP_20261003_1825.json
 create mode 100644 draft_pr_descending_audit_20261002/ROOT_PRIVATE_SOURCE_DEDUP_20261003_1825.jsonl
 create mode 100644 draft_pr_descending_audit_20261002/ROOT_PRIVATE_SOURCE_DEDUP_20261003_1828.json
 create mode 100644 draft_pr_descending_audit_20261002/ROOT_PRIVATE_SOURCE_DEDUP_20261003_1835.json
 create mode 100644 draft_pr_descending_audit_20261002/ROOT_PRIVATE_SOURCE_DEDUP_20261003_1835.jsonl
 create mode 100644 draft_pr_descending_audit_20261002/ROOT_STORAGE_RECOVERY_20261003_1823.json
 create mode 100644 draft_pr_descending_audit_20261002/audits/pr365_2303002/README.md
 create mode 100644 draft_pr_descending_audit_20261002/audits/pr365_2303002/RESEARCH_LOG.md
 create mode 100644 draft_pr_descending_audit_20261002/audits/pr365_2303002/freeze_fetch.stderr
 create mode 100644 draft_pr_descending_audit_20261002/audits/pr365_2303002/freeze_fetch.stdout
 create mode 100644 draft_pr_descending_audit_20261002/audits/pr365_2303002/freeze_files.stderr
 create mode 100644 draft_pr_descending_audit_20261002/audits/pr365_2303002/freeze_files.stdout
 create mode 100644 draft_pr_descending_audit_20261002/audits/pr365_2303002/freeze_metadata.stderr
 create mode 100644 draft_pr_descending_audit_20261002/audits/pr365_2303002/freeze_metadata.stdout
 create mode 100644 draft_pr_descending_audit_20261002/audits/pr365_2303002/remote_original.json
 create mode 100644 draft_pr_descending_audit_20261002/audits/pr365_2303002/snapshot/unsolved_math_prioritization/QUEUE.md
 create mode 100644 draft_pr_descending_audit_20261002/audits/pr365_2303002/snapshot/unsolved_math_prioritization/attempts/2303002/FINAL_FROZEN_MANIFEST.json
 create mode 100644 draft_pr_descending_audit_20261002/audits/pr365_2303002/snapshot/unsolved_math_prioritization/attempts/2303002/FINAL_REVIEW_REQUEST.md
 create mode 100644 draft_pr_descending_audit_20261002/audits/pr365_2303002/snapshot/unsolved_math_prioritization/attempts/2303002/PRIOR_GATE.json
 create mode 100644 draft_pr_descending_audit_20261002/audits/pr365_2303002/snapshot/unsolved_math_prioritization/attempts/2303002/PR_BODY.md
 create mode 100644 draft_pr_descending_audit_20261002/audits/pr365_2303002/snapshot/unsolved_math_prioritization/attempts/2303002/PUBLICATION_MANIFEST.json
 create mode 100644 draft_pr_descending_audit_20261002/audits/pr365_2303002/snapshot/unsolved_math_prioritization/attempts/2303002/README.md
 create mode 100644 draft_pr_descending_audit_20261002/audits/pr365_2303002/snapshot/unsolved_math_prioritization/attempts/2303002/SOURCE_AUDIT_STATE.json
 create mode 100644 draft_pr_descending_audit_20261002/audits/pr365_2303002/snapshot/unsolved_math_prioritization/attempts/2303002/SOURCE_CHECKS.json
 create mode 100644 draft_pr_descending_audit_20261002/audits/pr365_2303002/snapshot/unsolved_math_prioritization/attempts/2303002/SOURCE_MANIFEST.json
 create mode 100644 draft_pr_descending_audit_20261002/audits/pr365_2303002/snapshot/unsolved_math_prioritization/attempts/2303002/SOURCE_NORMALIZATION.md
 create mode 100644 draft_pr_descending_audit_20261002/audits/pr365_2303002/snapshot/unsolved_math_prioritization/attempts/2303002/SOURCE_PROOF.md
 create mode 100644 draft_pr_descending_audit_20261002/audits/pr365_2303002/snapshot/unsolved_math_prioritization/attempts/2303002/SOURCE_STATUS.md
 create mode 100644 draft_pr_descending_audit_20261002/audits/pr365_2303002/snapshot/unsolved_math_prioritization/attempts/2303002/final_review/INDEPENDENT_CHECKS.json
 create mode 100644 draft_pr_descending_audit_20261002/audits/pr365_2303002/snapshot/unsolved_math_prioritization/attempts/2303002/final_review/REVIEW.md
 create mode 100644 draft_pr_descending_audit_20261002/audits/pr365_2303002/snapshot/unsolved_math_prioritization/attempts/2303002/final_review/REVIEW_MANIFEST.json
 create mode 100644 draft_pr_descending_audit_20261002/audits/pr365_2303002/snapshot/unsolved_math_prioritization/attempts/2303002/final_review/check_independent.py
 create mode 100644 draft_pr_descending_audit_20261002/audits/pr365_2303002/snapshot/unsolved_math_prioritization/attempts/2303002/final_review/run_portable.py
 create mode 100644 draft_pr_descending_audit_20261002/audits/pr365_2303002/snapshot/unsolved_math_prioritization/attempts/2303002/verify_source_alignment.py
 create mode 100644 draft_pr_descending_audit_20261002/audits/pr365_2303002/snapshot_manifest.json
 create mode 100644 draft_pr_descending_audit_20261002/audits/pr366_2303016/ACCEPTANCE_DECISION.md
 create mode 100644 draft_pr_descending_audit_20261002/audits/pr366_2303016/ACTUAL_MERGE_VERIFICATION.json
 create mode 100644 draft_pr_descending_audit_20261002/audits/pr366_2303016/CURRENT_ACCEPTANCE_STATUS.md
 create mode 100644 draft_pr_descending_audit_20261002/audits/pr366_2303016/DECISION.md
 create mode 100644 draft_pr_descending_audit_20261002/audits/pr366_2303016/LIVE_ACCEPTANCE_PINS.json
 create mode 100644 draft_pr_descending_audit_20261002/audits/pr366_2303016/ROOT_CLOSURE_FINDINGS.md
 create mode 100644 draft_pr_descending_audit_20261002/audits/pr366_2303016/ROOT_POSTMERGE_MAIN_ADVANCE.json
 create mode 100644 draft_pr_descending_audit_20261002/audits/pr366_2303016/ROOT_POSTMERGE_REPOSITORY_METADATA_CHANGE.json
 create mode 100644 draft_pr_descending_audit_20261002/audits/pr366_2303016/acceptance_criteria.json
 create mode 100644 draft_pr_descending_audit_20261002/audits/pr366_2303016/accepted_body_edit.stderr
 create mode 100644 draft_pr_descending_audit_20261002/audits/pr366_2303016/accepted_body_edit.stdout
 create mode 100644 draft_pr_descending_audit_20261002/audits/pr366_2303016/accepted_pr_body.txt
 create mode 100644 draft_pr_descending_audit_20261002/audits/pr366_2303016/actual_acceptance_remote_before.stderr
 create mode 100644 draft_pr_descending_audit_20261002/audits/pr366_2303016/actual_acceptance_remote_before.stdout
 create mode 100644 draft_pr_descending_audit_20261002/audits/pr366_2303016/actual_last_main_ref.stderr
 create mode 100644 draft_pr_descending_audit_20261002/audits/pr366_2303016/actual_last_main_ref.stdout
 create mode 100644 draft_pr_descending_audit_20261002/audits/pr366_2303016/actual_last_premerge_api.stderr
 create mode 100644 draft_pr_descending_audit_20261002/audits/pr366_2303016/actual_last_premerge_api.stdout
 create mode 100644 draft_pr_descending_audit_20261002/audits/pr366_2303016/actual_last_testmerge_commit.stderr
 create mode 100644 draft_pr_descending_audit_20261002/audits/pr366_2303016/actual_last_testmerge_commit.stdout
 create mode 100644 draft_pr_descending_audit_20261002/audits/pr366_2303016/actual_merge_execution.stderr
 create mode 100644 draft_pr_descending_audit_20261002/audits/pr366_2303016/actual_merge_execution.stdout
 create mode 100644 draft_pr_descending_audit_20261002/audits/pr366_2303016/actual_pre_merge_remote.stderr
 create mode 100644 draft_pr_descending_audit_20261002/audits/pr366_2303016/actual_pre_merge_remote.stdout
 create mode 100644 draft_pr_descending_audit_20261002/audits/pr366_2303016/clean_final_adversary/.gitignore
 create mode 100644 draft_pr_descending_audit_20261002/audits/pr366_2303016/clean_final_adversary/ADVERSARIAL_CONTROLS.json
 create mode 100644 draft_pr_descending_audit_20261002/audits/pr366_2303016/clean_final_adversary/CROSS_FAMILY_COMPARISON.md
 create mode 100644 draft_pr_descending_audit_20261002/audits/pr366_2303016/clean_final_adversary/EXECUTION_RECEIPTS.json
 create mode 100644 draft_pr_descending_audit_20261002/audits/pr366_2303016/clean_final_adversary/FINAL_PREPARATION_NOTES.json
 create mode 100644 draft_pr_descending_audit_20261002/audits/pr366_2303016/clean_final_adversary/FINAL_SEAL.json
 create mode 100644 draft_pr_descending_audit_20261002/audits/pr366_2303016/clean_final_adversary/FROZEN_PACKET_RECEIPT.json
 create mode 100644 draft_pr_descending_audit_20261002/audits/pr366_2303016/clean_final_adversary/IMMUTABLE_MANIFEST.json
 create mode 100644 draft_pr_descending_audit_20261002/audits/pr366_2303016/clean_final_adversary/INDEPENDENT_BASELINE_SEAL.json
 create mode 100644 draft_pr_descending_audit_20261002/audits/pr366_2303016/clean_final_adversary/INDEPENDENT_MATH_BASELINE.md
 create mode 100644 draft_pr_descending_audit_20261002/audits/pr366_2303016/clean_final_adversary/LIVE_ACCEPTED_PR_BODY.md
 create mode 100644 draft_pr_descending_audit_20261002/audits/pr366_2303016/clean_final_adversary/ORIGINAL_ASSESSMENT_SEAL.json
 create mode 100644 draft_pr_descending_audit_20261002/audits/pr366_2303016/clean_final_adversary/ORIGINAL_MATHEMATICAL_ASSESSMENT.md
 create mode 100644 draft_pr_descending_audit_20261002/audits/pr366_2303016/clean_final_adversary/PREPARED_COMMANDS_PROGRESS.json
 create mode 100644 draft_pr_descending_audit_20261002/audits/pr366_2303016/clean_final_adversary/PREPARED_HEAD_RECEIPT.json
 create mode 100644 draft_pr_descending_audit_20261002/audits/pr366_2303016/clean_final_adversary/PRIMARY_SOURCE_RECEIPTS.json
 create mode 100644 draft_pr_descending_audit_20261002/audits/pr366_2303016/clean_final_adversary/REPORT.md
 create mode 100644 draft_pr_descending_audit_20261002/audits/pr366_2303016/clean_final_adversary/RESEARCH_LOG.md
 create mode 100644 draft_pr_descending_audit_20261002/audits/pr366_2303016/clean_final_adversary/ROOT_EVIDENCE_INSPECTION.json
 create mode 100644 draft_pr_descending_audit_20261002/audits/pr366_2303016/clean_final_adversary/adversarial_controls.py
 create mode 100644 draft_pr_descending_audit_20261002/audits/pr366_2303016/clean_final_adversary/adversarial_controls.stderr
 create mode 100644 draft_pr_descending_audit_20261002/audits/pr366_2303016/clean_final_adversary/adversarial_controls.stdout
 create mode 100644 draft_pr_descending_audit_20261002/audits/pr366_2303016/clean_final_adversary/assessment_seal.stderr
 create mode 100644 draft_pr_descending_audit_20261002/audits/pr366_2303016/clean_final_adversary/assessment_seal.stdout
 create mode 100644 draft_pr_descending_audit_20261002/audits/pr366_2303016/clean_final_adversary/audit_frozen_packet.py
 create mode 100644 draft_pr_descending_audit_20261002/audits/pr366_2303016/clean_final_adversary/audit_prepared_head.py
 create mode 100644 draft_pr_descending_audit_20261002/audits/pr366_2303016/clean_final_adversary/close_audit.py
 create mode 100644 draft_pr_descending_audit_20261002/audits/pr366_2303016/clean_final_adversary/closure.stderr
 create mode 100644 draft_pr_descending_audit_20261002/audits/pr366_2303016/clean_final_adversary/closure.stdout
 create mode 100644 draft_pr_descending_audit_20261002/audits/pr366_2303016/clean_final_adversary/frozen_packet.stderr
 create mode 100644 draft_pr_descending_audit_20261002/audits/pr366_2303016/clean_final_adversary/frozen_packet.stdout
 create mode 100644 draft_pr_descending_audit_20261002/audits/pr366_2303016/clean_final_adversary/inspect_root_evidence.py
 create mode 100644 draft_pr_descending_audit_20261002/audits/pr366_2303016/clean_final_adversary/prepared_head.stderr
 create mode 100644 draft_pr_descending_audit_20261002/audits/pr366_2303016/clean_final_adversary/prepared_head.stdout
 create mode 100644 draft_pr_descending_audit_20261002/audits/pr366_2303016/clean_final_adversary/prepared_streams/actual_test_merge_ref.stderr
 create mode 100644 draft_pr_descending_audit_20261002/audits/pr366_2303016/clean_final_adversary/prepared_streams/actual_test_merge_ref.stdout
 create mode 100644 draft_pr_descending_audit_20261002/audits/pr366_2303016/clean_final_adversary/prepared_streams/entire_base_tree.stderr.gz
 create mode 100644 draft_pr_descending_audit_20261002/audits/pr366_2303016/clean_final_adversary/prepared_streams/entire_base_tree.stdout.gz
 create mode 100644 draft_pr_descending_audit_20261002/audits/pr366_2303016/clean_final_adversary/prepared_streams/entire_head_tree.stderr.gz
 create mode 100644 draft_pr_descending_audit_20261002/audits/pr366_2303016/clean_final_adversary/prepared_streams/entire_head_tree.stdout.gz
 create mode 100644 draft_pr_descending_audit_20261002/audits/pr366_2303016/clean_final_adversary/prepared_streams/entire_original_tree.stderr.gz
 create mode 100644 draft_pr_descending_audit_20261002/audits/pr366_2303016/clean_final_adversary/prepared_streams/entire_original_tree.stdout.gz
 create mode 100644 draft_pr_descending_audit_20261002/audits/pr366_2303016/clean_final_adversary/prepared_streams/literal_base_queue.stderr
 create mode 100644 draft_pr_descending_audit_20261002/audits/pr366_2303016/clean_final_adversary/prepared_streams/literal_base_queue.stdout
 create mode 100644 draft_pr_descending_audit_20261002/audits/pr366_2303016/clean_final_adversary/prepared_streams/literal_queue_diff.stderr
 create mode 100644 draft_pr_descending_audit_20261002/audits/pr366_2303016/clean_final_adversary/prepared_streams/literal_queue_diff.stdout
 create mode 100644 draft_pr_descending_audit_20261002/audits/pr366_2303016/clean_final_adversary/prepared_streams/local_branch.stderr
 create mode 100644 draft_pr_descending_audit_20261002/audits/pr366_2303016/clean_final_adversary/prepared_streams/local_branch.stdout
 create mode 100644 draft_pr_descending_audit_20261002/audits/pr366_2303016/clean_final_adversary/prepared_streams/local_head_parents.stderr
 create mode 100644 draft_pr_descending_audit_20261002/audits/pr366_2303016/clean_final_adversary/prepared_streams/local_head_parents.stdout
 create mode 100644 draft_pr_descending_audit_20261002/audits/pr366_2303016/clean_final_adversary/prepared_streams/local_head_tree_oid.stderr
 create mode 100644 draft_pr_descending_audit_20261002/audits/pr366_2303016/clean_final_adversary/prepared_streams/local_head_tree_oid.stdout
 create mode 100644 draft_pr_descending_audit_20261002/audits/pr366_2303016/clean_final_adversary/prepared_streams/local_main.stderr
 create mode 100644 draft_pr_descending_audit_20261002/audits/pr366_2303016/clean_final_adversary/prepared_streams/local_main.stdout
 create mode 100644 draft_pr_descending_audit_20261002/audits/pr366_2303016/clean_final_adversary/prepared_streams/local_main_end.stderr
 create mode 100644 draft_pr_descending_audit_20261002/audits/pr366_2303016/clean_final_adversary/prepared_streams/local_main_end.stdout
 create mode 100644 draft_pr_descending_audit_20261002/audits/pr366_2303016/clean_final_adversary/prepared_streams/prepared_blob_0.stderr
 create mode 100644 draft_pr_descending_audit_20261002/audits/pr366_2303016/clean_final_adversary/prepared_streams/prepared_blob_0.stdout
 create mode 100644 draft_pr_descending_audit_20261002/audits/pr366_2303016/clean_final_adversary/prepared_streams/prepared_blob_1.stderr
 create mode 100644 draft_pr_descending_audit_20261002/audits/pr366_2303016/clean_final_adversary/prepared_streams/prepared_blob_1.stdout
 create mode 100644 draft_pr_descending_audit_20261002/audits/pr366_2303016/clean_final_adversary/prepared_streams/prepared_blob_10.stderr
 create mode 100644 draft_pr_descending_audit_20261002/audits/pr366_2303016/clean_final_adversary/prepared_streams/prepared_blob_10.stdout
 create mode 100644 draft_pr_descending_audit_20261002/audits/pr366_2303016/clean_final_adversary/prepared_streams/prepared_blob_11.stderr
 create mode 100644 draft_pr_descending_audit_20261002/audits/pr366_2303016/clean_final_adversary/prepared_streams/prepared_blob_11.stdout
 create mode 100644 draft_pr_descending_audit_20261002/audits/pr366_2303016/clean_final_adversary/prepared_streams/prepared_blob_12.stderr
 create mode 100644 draft_pr_descending_audit_20261002/audits/pr366_2303016/clean_final_adversary/prepared_streams/prepared_blob_12.stdout
 create mode 100644 draft_pr_descending_audit_20261002/audits/pr366_2303016/clean_final_adversary/prepared_streams/prepared_blob_13.stderr
 create mode 100644 draft_pr_descending_audit_20261002/audits/pr366_2303016/clean_final_adversary/prepared_streams/prepared_blob_13.stdout
 create mode 100644 draft_pr_descending_audit_20261002/audits/pr366_2303016/clean_final_adversary/prepared_streams/prepared_blob_14.stderr
 create mode 100644 draft_pr_descending_audit_20261002/audits/pr366_2303016/clean_final_adversary/prepared_streams/prepared_blob_14.stdout
 create mode 100644 draft_pr_descending_audit_20261002/audits/pr366_2303016/clean_final_adversary/prepared_streams/prepared_blob_15.stderr
 create mode 100644 draft_pr_descending_audit_20261002/audits/pr366_2303016/clean_final_adversary/prepared_streams/prepared_blob_15.stdout
 create mode 100644 draft_pr_descending_audit_20261002/audits/pr366_2303016/clean_final_adversary/prepared_streams/prepared_blob_16.stderr
 create mode 100644 draft_pr_descending_audit_20261002/audits/pr366_2303016/clean_final_adversary/prepared_streams/prepared_blob_16.stdout
 create mode 100644 draft_pr_descending_audit_20261002/audits/pr366_2303016/clean_final_adversary/prepared_streams/prepared_blob_17.stderr
 create mode 100644 draft_pr_descending_audit_20261002/audits/pr366_2303016/clean_final_adversary/prepared_streams/prepared_blob_17.stdout
 create mode 100644 draft_pr_descending_audit_20261002/audits/pr366_2303016/clean_final_adversary/prepared_streams/prepared_blob_18.stderr
 create mode 100644 draft_pr_descending_audit_20261002/audits/pr366_2303016/clean_final_adversary/prepared_streams/prepared_blob_18.stdout
 create mode 100644 draft_pr_descending_audit_20261002/audits/pr366_2303016/clean_final_adversary/prepared_streams/prepared_blob_19.stderr
 create mode 100644 draft_pr_descending_audit_20261002/audits/pr366_2303016/clean_final_adversary/prepared_streams/prepared_blob_19.stdout
 create mode 100644 draft_pr_descending_audit_20261002/audits/pr366_2303016/clean_final_adversary/prepared_streams/prepared_blob_2.stderr
 create mode 100644 draft_pr_descending_audit_20261002/audits/pr366_2303016/clean_final_adversary/prepared_streams/prepared_blob_2.stdout
 create mode 100644 draft_pr_descending_audit_20261002/audits/pr366_2303016/clean_final_adversary/prepared_streams/prepared_blob_20.stderr
 create mode 100644 draft_pr_descending_audit_20261002/audits/pr366_2303016/clean_final_adversary/prepared_streams/prepared_blob_20.stdout
 create mode 100644 draft_pr_descending_audit_20261002/audits/pr366_2303016/clean_final_adversary/prepared_streams/prepared_blob_21.stderr
 create mode 100644 draft_pr_descending_audit_20261002/audits/pr366_2303016/clean_final_adversary/prepared_streams/prepared_blob_21.stdout
 create mode 100644 draft_pr_descending_audit_20261002/audits/pr366_2303016/clean_final_adversary/prepared_streams/prepared_blob_3.stderr
 create mode 100644 draft_pr_descending_audit_20261002/audits/pr366_2303016/clean_final_adversary/prepared_streams/prepared_blob_3.stdout
 create mode 100644 draft_pr_descending_audit_20261002/audits/pr366_2303016/clean_final_adversary/prepared_streams/prepared_blob_4.stderr
 create mode 100644 draft_pr_descending_audit_20261002/audits/pr366_2303016/clean_final_adversary/prepared_streams/prepared_blob_4.stdout
 create mode 100644 draft_pr_descending_audit_20261002/audits/pr366_2303016/clean_final_adversary/prepared_streams/prepared_blob_5.stderr
 create mode 100644 draft_pr_descending_audit_20261002/audits/pr366_2303016/clean_final_adversary/prepared_streams/prepared_blob_5.stdout
 create mode 100644 draft_pr_descending_audit_20261002/audits/pr366_2303016/clean_final_adversary/prepared_streams/prepared_blob_6.stderr
 create mode 100644 draft_pr_descending_audit_20261002/audits/pr366_2303016/clean_final_adversary/prepared_streams/prepared_blob_6.stdout
 create mode 100644 draft_pr_descending_audit_20261002/audits/pr366_2303016/clean_final_adversary/prepared_streams/prepared_blob_7.stderr
 create mode 100644 draft_pr_descending_audit_20261002/audits/pr366_2303016/clean_final_adversary/prepared_streams/prepared_blob_7.stdout
 create mode 100644 draft_pr_descending_audit_20261002/audits/pr366_2303016/clean_final_adversary/prepared_streams/prepared_blob_8.stderr
 create mode 100644 draft_pr_descending_audit_20261002/audits/pr366_2303016/clean_final_adversary/prepared_streams/prepared_blob_8.stdout
 create mode 100644 draft_pr_descending_audit_20261002/audits/pr366_2303016/clean_final_adversary/prepared_streams/prepared_blob_9.stderr
 create mode 100644 draft_pr_descending_audit_20261002/audits/pr366_2303016/clean_final_adversary/prepared_streams/prepared_blob_9.stdout
 create mode 100644 draft_pr_descending_audit_20261002/audits/pr366_2303016/clean_final_adversary/prepared_streams/remote_main.stderr
 create mode 100644 draft_pr_descending_audit_20261002/audits/pr366_2303016/clean_final_adversary/prepared_streams/remote_main.stdout
 create mode 100644 draft_pr_descending_audit_20261002/audits/pr366_2303016/clean_final_adversary/prepared_streams/remote_main_end.stderr
 create mode 100644 draft_pr_descending_audit_20261002/audits/pr366_2303016/clean_final_adversary/prepared_streams/remote_main_end.stdout
 create mode 100644 draft_pr_descending_audit_20261002/audits/pr366_2303016/clean_final_adversary/root_evidence_inspection.stderr
 create mode 100644 draft_pr_descending_audit_20261002/audits/pr366_2303016/clean_final_adversary/root_evidence_inspection.stdout
 create mode 100644 draft_pr_descending_audit_20261002/audits/pr366_2303016/clean_final_adversary/seal_assessment.py
 create mode 100644 draft_pr_descending_audit_20261002/audits/pr366_2303016/clean_final_adversary/seal_baseline.py
 create mode 100644 draft_pr_descending_audit_20261002/audits/pr366_2303016/clean_final_adversary/source_receipt.py
 create mode 100644 draft_pr_descending_audit_20261002/audits/pr366_2303016/clean_final_adversary/streams/author_ancestry.stderr
 create mode 100644 draft_pr_descending_audit_20261002/audits/pr366_2303016/clean_final_adversary/streams/author_ancestry.stdout
 create mode 100644 draft_pr_descending_audit_20261002/audits/pr366_2303016/clean_final_adversary/streams/author_blob_0.stderr
 create mode 100644 draft_pr_descending_audit_20261002/audits/pr366_2303016/clean_final_adversary/streams/author_blob_0.stdout
 create mode 100644 draft_pr_descending_audit_20261002/audits/pr366_2303016/clean_final_adversary/streams/author_blob_1.stderr
 create mode 100644 draft_pr_descending_audit_20261002/audits/pr366_2303016/clean_final_adversary/streams/author_blob_1.stdout
 create mode 100644 draft_pr_descending_audit_20261002/audits/pr366_2303016/clean_final_adversary/streams/author_blob_10.stderr
 create mode 100644 draft_pr_descending_audit_20261002/audits/pr366_2303016/clean_final_adversary/streams/author_blob_10.stdout
 create mode 100644 draft_pr_descending_audit_20261002/audits/pr366_2303016/clean_final_adversary/streams/author_blob_11.stderr
 create mode 100644 draft_pr_descending_audit_20261002/audits/pr366_2303016/clean_final_adversary/streams/author_blob_11.stdout
 create mode 100644 draft_pr_descending_audit_20261002/audits/pr366_2303016/clean_final_adversary/streams/author_blob_12.stderr
 create mode 100644 draft_pr_descending_audit_20261002/audits/pr366_2303016/clean_final_adversary/streams/author_blob_12.stdout
 create mode 100644 draft_pr_descending_audit_20261002/audits/pr366_2303016/clean_final_adversary/streams/author_blob_13.stderr
 create mode 100644 draft_pr_descending_audit_20261002/audits/pr366_2303016/clean_final_adversary/streams/author_blob_13.stdout
 create mode 100644 draft_pr_descending_audit_20261002/audits/pr366_2303016/clean_final_adversary/streams/author_blob_2.stderr
 create mode 100644 draft_pr_descending_audit_20261002/audits/pr366_2303016/clean_final_adversary/streams/author_blob_2.stdout
 create mode 100644 draft_pr_descending_audit_20261002/audits/pr366_2303016/clean_final_adversary/streams/author_blob_3.stderr
 create mode 100644 draft_pr_descending_audit_20261002/audits/pr366_2303016/clean_final_adversary/streams/author_blob_3.stdout
 create mode 100644 draft_pr_descending_audit_20261002/audits/pr366_2303016/clean_final_adversary/streams/author_blob_4.stderr
 create mode 100644 draft_pr_descending_audit_20261002/audits/pr366_2303016/clean_final_adversary/streams/author_blob_4.stdout
 create mode 100644 draft_pr_descending_audit_20261002/audits/pr366_2303016/clean_final_adversary/streams/author_blob_5.stderr
 create mode 100644 draft_pr_descending_audit_20261002/audits/pr366_2303016/clean_final_adversary/streams/author_blob_5.stdout
 create mode 100644 draft_pr_descending_audit_20261002/audits/pr366_2303016/clean_final_adversary/streams/author_blob_6.stderr
 create mode 100644 draft_pr_descending_audit_20261002/audits/pr366_2303016/clean_final_adversary/streams/author_blob_6.stdout
 create mode 100644 draft_pr_descending_audit_20261002/audits/pr366_2303016/clean_final_adversary/streams/author_blob_7.stderr
 create mode 100644 draft_pr_descending_audit_20261002/audits/pr366_2303016/clean_final_adversary/streams/author_blob_7.stdout
 create mode 100644 draft_pr_descending_audit_20261002/audits/pr366_2303016/clean_final_adversary/streams/author_blob_8.stderr
 create mode 100644 draft_pr_descending_audit_20261002/audits/pr366_2303016/clean_final_adversary/streams/author_blob_8.stdout
 create mode 100644 draft_pr_descending_audit_20261002/audits/pr366_2303016/clean_final_adversary/streams/author_blob_9.stderr
 create mode 100644 draft_pr_descending_audit_20261002/audits/pr366_2303016/clean_final_adversary/streams/author_blob_9.stdout
 create mode 100644 draft_pr_descending_audit_20261002/audits/pr366_2303016/clean_final_adversary/streams/author_checks.stderr
 create mode 100644 draft_pr_descending_audit_20261002/audits/pr366_2303016/clean_final_adversary/streams/author_checks.stdout
 create mode 100644 draft_pr_descending_audit_20261002/audits/pr366_2303016/clean_final_adversary/streams/author_tree.stderr
 create mode 100644 draft_pr_descending_audit_20261002/audits/pr366_2303016/clean_final_adversary/streams/author_tree.stdout
 create mode 100644 draft_pr_descending_audit_20261002/audits/pr366_2303016/clean_final_adversary/streams/base_queue.stderr
 create mode 100644 draft_pr_descending_audit_20261002/audits/pr366_2303016/clean_final_adversary/streams/base_queue.stdout
 create mode 100644 draft_pr_descending_audit_20261002/audits/pr366_2303016/clean_final_adversary/streams/changed_files.stderr
 create mode 100644 draft_pr_descending_audit_20261002/audits/pr366_2303016/clean_final_adversary/streams/changed_files.stdout
 create mode 100644 draft_pr_descending_audit_20261002/audits/pr366_2303016/clean_final_adversary/streams/historical_review.stderr
 create mode 100644 draft_pr_descending_audit_20261002/audits/pr366_2303016/clean_final_adversary/streams/historical_review.stdout
 create mode 100644 draft_pr_descending_audit_20261002/audits/pr366_2303016/clean_final_adversary/streams/original_blob_0.stderr
 create mode 100644 draft_pr_descending_audit_20261002/audits/pr366_2303016/clean_final_adversary/streams/original_blob_0.stdout
 create mode 100644 draft_pr_descending_audit_20261002/audits/pr366_2303016/clean_final_adversary/streams/original_blob_1.stderr
 create mode 100644 draft_pr_descending_audit_20261002/audits/pr366_2303016/clean_final_adversary/streams/original_blob_1.stdout
 create mode 100644 draft_pr_descending_audit_20261002/audits/pr366_2303016/clean_final_adversary/streams/original_blob_10.stderr
 create mode 100644 draft_pr_descending_audit_20261002/audits/pr366_2303016/clean_final_adversary/streams/original_blob_10.stdout
 create mode 100644 draft_pr_descending_audit_20261002/audits/pr366_2303016/clean_final_adversary/streams/original_blob_11.stderr
 create mode 100644 draft_pr_descending_audit_20261002/audits/pr366_2303016/clean_final_adversary/streams/original_blob_11.stdout
 create mode 100644 draft_pr_descending_audit_20261002/audits/pr366_2303016/clean_final_adversary/streams/original_blob_12.stderr
 create mode 100644 draft_pr_descending_audit_20261002/audits/pr366_2303016/clean_final_adversary/streams/original_blob_12.stdout
 create mode 100644 draft_pr_descending_audit_20261002/audits/pr366_2303016/clean_final_adversary/streams/original_blob_13.stderr
 create mode 100644 draft_pr_descending_audit_20261002/audits/pr366_2303016/clean_final_adversary/streams/original_blob_13.stdout
 create mode 100644 draft_pr_descending_audit_20261002/audits/pr366_2303016/clean_final_adversary/streams/original_blob_14.stderr
 create mode 100644 draft_pr_descending_audit_20261002/audits/pr366_2303016/clean_final_adversary/streams/original_blob_14.stdout
 create mode 100644 draft_pr_descending_audit_20261002/audits/pr366_2303016/clean_final_adversary/streams/original_blob_15.stderr
 create mode 100644 draft_pr_descending_audit_20261002/audits/pr366_2303016/clean_final_adversary/streams/original_blob_15.stdout
 create mode 100644 draft_pr_descending_audit_20261002/audits/pr366_2303016/clean_final_adversary/streams/original_blob_16.stderr
 create mode 100644 draft_pr_descending_audit_20261002/audits/pr366_2303016/clean_final_adversary/streams/original_blob_16.stdout
 create mode 100644 draft_pr_descending_audit_20261002/audits/pr366_2303016/clean_final_adversary/streams/original_blob_17.stderr
 create mode 100644 draft_pr_descending_audit_20261002/audits/pr366_2303016/clean_final_adversary/streams/original_blob_17.stdout
 create mode 100644 draft_pr_descending_audit_20261002/audits/pr366_2303016/clean_final_adversary/streams/original_blob_18.stderr
 create mode 100644 draft_pr_descending_audit_20261002/audits/pr366_2303016/clean_final_adversary/streams/original_blob_18.stdout
 create mode 100644 draft_pr_descending_audit_20261002/audits/pr366_2303016/clean_final_adversary/streams/original_blob_19.stderr
 create mode 100644 draft_pr_descending_audit_20261002/audits/pr366_2303016/clean_final_adversary/streams/original_blob_19.stdout
 create mode 100644 draft_pr_descending_audit_20261002/audits/pr366_2303016/clean_final_adversary/streams/original_blob_2.stderr
 create mode 100644 draft_pr_descending_audit_20261002/audits/pr366_2303016/clean_final_adversary/streams/original_blob_2.stdout
 create mode 100644 draft_pr_descending_audit_20261002/audits/pr366_2303016/clean_final_adversary/streams/original_blob_20.stderr
 create mode 100644 draft_pr_descending_audit_20261002/audits/pr366_2303016/clean_final_adversary/streams/original_blob_20.stdout
 create mode 100644 draft_pr_descending_audit_20261002/audits/pr366_2303016/clean_final_adversary/streams/original_blob_21.stderr
 create mode 100644 draft_pr_descending_audit_20261002/audits/pr366_2303016/clean_final_adversary/streams/original_blob_21.stdout
 create mode 100644 draft_pr_descending_audit_20261002/audits/pr366_2303016/clean_final_adversary/streams/original_blob_3.stderr
 create mode 100644 draft_pr_descending_audit_20261002/audits/pr366_2303016/clean_final_adversary/streams/original_blob_3.stdout
 create mode 100644 draft_pr_descending_audit_20261002/audits/pr366_2303016/clean_final_adversary/streams/original_blob_4.stderr
 create mode 100644 draft_pr_descending_audit_20261002/audits/pr366_2303016/clean_final_adversary/streams/original_blob_4.stdout
 create mode 100644 draft_pr_descending_audit_20261002/audits/pr366_2303016/clean_final_adversary/streams/original_blob_5.stderr
 create mode 100644 draft_pr_descending_audit_20261002/audits/pr366_2303016/clean_final_adversary/streams/original_blob_5.stdout
 create mode 100644 draft_pr_descending_audit_20261002/audits/pr366_2303016/clean_final_adversary/streams/original_blob_6.stderr
 create mode 100644 draft_pr_descending_audit_20261002/audits/pr366_2303016/clean_final_adversary/streams/original_blob_6.stdout
 create mode 100644 draft_pr_descending_audit_20261002/audits/pr366_2303016/clean_final_adversary/streams/original_blob_7.stderr
 create mode 100644 draft_pr_descending_audit_20261002/audits/pr366_2303016/clean_final_adversary/streams/original_blob_7.stdout
 create mode 100644 draft_pr_descending_audit_20261002/audits/pr366_2303016/clean_final_adversary/streams/original_blob_8.stderr
 create mode 100644 draft_pr_descending_audit_20261002/audits/pr366_2303016/clean_final_adversary/streams/original_blob_8.stdout
 create mode 100644 draft_pr_descending_audit_20261002/audits/pr366_2303016/clean_final_adversary/streams/original_blob_9.stderr
 create mode 100644 draft_pr_descending_audit_20261002/audits/pr366_2303016/clean_final_adversary/streams/original_blob_9.stdout
 create mode 100644 draft_pr_descending_audit_20261002/audits/pr366_2303016/clean_final_adversary/streams/queue_diff.stderr
 create mode 100644 draft_pr_descending_audit_20261002/audits/pr366_2303016/clean_final_adversary/streams/queue_diff.stdout
 create mode 100644 draft_pr_descending_audit_20261002/audits/pr366_2303016/clean_final_adversary/verify_audit.py
 create mode 100644 draft_pr_descending_audit_20261002/audits/pr366_2303016/merge_body.txt
 create mode 100644 draft_pr_descending_audit_20261002/audits/pr366_2303016/post_merge_fetch.stderr
 create mode 100644 draft_pr_descending_audit_20261002/audits/pr366_2303016/post_merge_fetch.stdout
 create mode 100644 draft_pr_descending_audit_20261002/audits/pr366_2303016/post_merge_main_sync.stderr
 create mode 100644 draft_pr_descending_audit_20261002/audits/pr366_2303016/post_merge_main_sync.stdout
 create mode 100644 draft_pr_descending_audit_20261002/audits/pr366_2303016/post_merge_remote.stderr
 create mode 100644 draft_pr_descending_audit_20261002/audits/pr366_2303016/post_merge_remote.stdout
 create mode 100644 draft_pr_descending_audit_20261002/audits/pr366_2303016/post_merge_review/.gitignore
 create mode 100644 draft_pr_descending_audit_20261002/audits/pr366_2303016/post_merge_review/ACTUAL_MERGED_PR_BODY.md
 create mode 100644 draft_pr_descending_audit_20261002/audits/pr366_2303016/post_merge_review/ACTUAL_POST_MERGE_RECEIPT.json
 create mode 100644 draft_pr_descending_audit_20261002/audits/pr366_2303016/post_merge_review/COMMANDS_PROGRESS.json
 create mode 100644 draft_pr_descending_audit_20261002/audits/pr366_2303016/post_merge_review/EXECUTION_RECEIPTS.json
 create mode 100644 draft_pr_descending_audit_20261002/audits/pr366_2303016/post_merge_review/FINAL_SEAL.json
 create mode 100644 draft_pr_descending_audit_20261002/audits/pr366_2303016/post_merge_review/PREPARATION_FAILURES.json
 create mode 100644 draft_pr_descending_audit_20261002/audits/pr366_2303016/post_merge_review/PUBLIC_MANIFEST.json
 create mode 100644 draft_pr_descending_audit_20261002/audits/pr366_2303016/post_merge_review/QUEUE_NEGATIVE_CLARIFICATION.json
 create mode 100644 draft_pr_descending_audit_20261002/audits/pr366_2303016/post_merge_review/REPORT.md
 create mode 100644 draft_pr_descending_audit_20261002/audits/pr366_2303016/post_merge_review/RESEARCH_LOG.md
 create mode 100644 draft_pr_descending_audit_20261002/audits/pr366_2303016/post_merge_review/audit_actual_merge.py
 create mode 100644 draft_pr_descending_audit_20261002/audits/pr366_2303016/post_merge_review/close_post_merge.py
 create mode 100644 draft_pr_descending_audit_20261002/audits/pr366_2303016/post_merge_review/closure.stderr
 create mode 100644 draft_pr_descending_audit_20261002/audits/pr366_2303016/post_merge_review/closure.stdout
 create mode 100644 draft_pr_descending_audit_20261002/audits/pr366_2303016/post_merge_review/post_merge.stderr
 create mode 100644 draft_pr_descending_audit_20261002/audits/pr366_2303016/post_merge_review/post_merge.stdout
 create mode 100644 draft_pr_descending_audit_20261002/audits/pr366_2303016/post_merge_review/queue_negative.stderr
 create mode 100644 draft_pr_descending_audit_20261002/audits/pr366_2303016/post_merge_review/queue_negative.stdout
 create mode 100644 draft_pr_descending_audit_20261002/audits/pr366_2303016/post_merge_review/streams/actual_blob_0.stderr
 create mode 100644 draft_pr_descending_audit_20261002/audits/pr366_2303016/post_merge_review/streams/actual_blob_0.stdout
 create mode 100644 draft_pr_descending_audit_20261002/audits/pr366_2303016/post_merge_review/streams/actual_blob_1.stderr
 create mode 100644 draft_pr_descending_audit_20261002/audits/pr366_2303016/post_merge_review/streams/actual_blob_1.stdout
 create mode 100644 draft_pr_descending_audit_20261002/audits/pr366_2303016/post_merge_review/streams/actual_blob_10.stderr
 create mode 100644 draft_pr_descending_audit_20261002/audits/pr366_2303016/post_merge_review/streams/actual_blob_10.stdout
 create mode 100644 draft_pr_descending_audit_20261002/audits/pr366_2303016/post_merge_review/streams/actual_blob_11.stderr
 create mode 100644 draft_pr_descending_audit_20261002/audits/pr366_2303016/post_merge_review/streams/actual_blob_11.stdout
 create mode 100644 draft_pr_descending_audit_20261002/audits/pr366_2303016/post_merge_review/streams/actual_blob_12.stderr
 create mode 100644 draft_pr_descending_audit_20261002/audits/pr366_2303016/post_merge_review/streams/actual_blob_12.stdout
 create mode 100644 draft_pr_descending_audit_20261002/audits/pr366_2303016/post_merge_review/streams/actual_blob_13.stderr
 create mode 100644 draft_pr_descending_audit_20261002/audits/pr366_2303016/post_merge_review/streams/actual_blob_13.stdout
 create mode 100644 draft_pr_descending_audit_20261002/audits/pr366_2303016/post_merge_review/streams/actual_blob_14.stderr
 create mode 100644 draft_pr_descending_audit_20261002/audits/pr366_2303016/post_merge_review/streams/actual_blob_14.stdout
 create mode 100644 draft_pr_descending_audit_20261002/audits/pr366_2303016/post_merge_review/streams/actual_blob_15.stderr
 create mode 100644 draft_pr_descending_audit_20261002/audits/pr366_2303016/post_merge_review/streams/actual_blob_15.stdout
 create mode 100644 draft_pr_descending_audit_20261002/audits/pr366_2303016/post_merge_review/streams/actual_blob_16.stderr
 create mode 100644 draft_pr_descending_audit_20261002/audits/pr366_2303016/post_merge_review/streams/actual_blob_16.stdout
 create mode 100644 draft_pr_descending_audit_20261002/audits/pr366_2303016/post_merge_review/streams/actual_blob_17.stderr
 create mode 100644 draft_pr_descending_audit_20261002/audits/pr366_2303016/post_merge_review/streams/actual_blob_17.stdout
 create mode 100644 draft_pr_descending_audit_20261002/audits/pr366_2303016/post_merge_review/streams/actual_blob_18.stderr
 create mode 100644 draft_pr_descending_audit_20261002/audits/pr366_2303016/post_merge_review/streams/actual_blob_18.stdout
 create mode 100644 draft_pr_descending_audit_20261002/audits/pr366_2303016/post_merge_review/streams/actual_blob_19.stderr
 create mode 100644 draft_pr_descending_audit_20261002/audits/pr366_2303016/post_merge_review/streams/actual_blob_19.stdout
 create mode 100644 draft_pr_descending_audit_20261002/audits/pr366_2303016/post_merge_review/streams/actual_blob_2.stderr
 create mode 100644 draft_pr_descending_audit_20261002/audits/pr366_2303016/post_merge_review/streams/actual_blob_2.stdout
 create mode 100644 draft_pr_descending_audit_20261002/audits/pr366_2303016/post_merge_review/streams/actual_blob_20.stderr
 create mode 100644 draft_pr_descending_audit_20261002/audits/pr366_2303016/post_merge_review/streams/actual_blob_20.stdout
 create mode 100644 draft_pr_descending_audit_20261002/audits/pr366_2303016/post_merge_review/streams/actual_blob_21.stderr
 create mode 100644 draft_pr_descending_audit_20261002/audits/pr366_2303016/post_merge_review/streams/actual_blob_21.stdout
 create mode 100644 draft_pr_descending_audit_20261002/audits/pr366_2303016/post_merge_review/streams/actual_blob_3.stderr
 create mode 100644 draft_pr_descending_audit_20261002/audits/pr366_2303016/post_merge_review/streams/actual_blob_3.stdout
 create mode 100644 draft_pr_descending_audit_20261002/audits/pr366_2303016/post_merge_review/streams/actual_blob_4.stderr
 create mode 100644 draft_pr_descending_audit_20261002/audits/pr366_2303016/post_merge_review/streams/actual_blob_4.stdout
 create mode 100644 draft_pr_descending_audit_20261002/audits/pr366_2303016/post_merge_review/streams/actual_blob_5.stderr
 create mode 100644 draft_pr_descending_audit_20261002/audits/pr366_2303016/post_merge_review/streams/actual_blob_5.stdout
 create mode 100644 draft_pr_descending_audit_20261002/audits/pr366_2303016/post_merge_review/streams/actual_blob_6.stderr
 create mode 100644 draft_pr_descending_audit_20261002/audits/pr366_2303016/post_merge_review/streams/actual_blob_6.stdout
 create mode 100644 draft_pr_descending_audit_20261002/audits/pr366_2303016/post_merge_review/streams/actual_blob_7.stderr
 create mode 100644 draft_pr_descending_audit_20261002/audits/pr366_2303016/post_merge_review/streams/actual_blob_7.stdout
 create mode 100644 draft_pr_descending_audit_20261002/audits/pr366_2303016/post_merge_review/streams/actual_blob_8.stderr
 create mode 100644 draft_pr_descending_audit_20261002/audits/pr366_2303016/post_merge_review/streams/actual_blob_8.stdout
 create mode 100644 draft_pr_descending_audit_20261002/audits/pr366_2303016/post_merge_review/streams/actual_blob_9.stderr
 create mode 100644 draft_pr_descending_audit_20261002/audits/pr366_2303016/post_merge_review/streams/actual_blob_9.stdout
 create mode 100644 draft_pr_descending_audit_20261002/audits/pr366_2303016/post_merge_review/streams/actual_local_merge_parents.stderr
 create mode 100644 draft_pr_descending_audit_20261002/audits/pr366_2303016/post_merge_review/streams/actual_local_merge_parents.stdout
 create mode 100644 draft_pr_descending_audit_20261002/audits/pr366_2303016/post_merge_review/streams/actual_local_merge_tree.stderr
 create mode 100644 draft_pr_descending_audit_20261002/audits/pr366_2303016/post_merge_review/streams/actual_local_merge_tree.stdout
 create mode 100644 draft_pr_descending_audit_20261002/audits/pr366_2303016/post_merge_review/streams/actual_queue_diff.stderr
 create mode 100644 draft_pr_descending_audit_20261002/audits/pr366_2303016/post_merge_review/streams/actual_queue_diff.stdout
 create mode 100644 draft_pr_descending_audit_20261002/audits/pr366_2303016/post_merge_review/streams/branch_start.stderr
 create mode 100644 draft_pr_descending_audit_20261002/audits/pr366_2303016/post_merge_review/streams/branch_start.stdout
 create mode 100644 draft_pr_descending_audit_20261002/audits/pr366_2303016/post_merge_review/streams/checkout_start.stderr
 create mode 100644 draft_pr_descending_audit_20261002/audits/pr366_2303016/post_merge_review/streams/checkout_start.stdout
 create mode 100644 draft_pr_descending_audit_20261002/audits/pr366_2303016/post_merge_review/streams/entire_literal_base_queue.stderr
 create mode 100644 draft_pr_descending_audit_20261002/audits/pr366_2303016/post_merge_review/streams/entire_literal_base_queue.stdout
 create mode 100644 draft_pr_descending_audit_20261002/audits/pr366_2303016/post_merge_review/streams/local_main_end.stderr
 create mode 100644 draft_pr_descending_audit_20261002/audits/pr366_2303016/post_merge_review/streams/local_main_end.stdout
 create mode 100644 draft_pr_descending_audit_20261002/audits/pr366_2303016/post_merge_review/streams/main_ancestry_actual_merge.stderr
 create mode 100644 draft_pr_descending_audit_20261002/audits/pr366_2303016/post_merge_review/streams/main_ancestry_actual_merge.stdout
 create mode 100644 draft_pr_descending_audit_20261002/audits/pr366_2303016/post_merge_review/streams/main_ancestry_base.stderr
 create mode 100644 draft_pr_descending_audit_20261002/audits/pr366_2303016/post_merge_review/streams/main_ancestry_base.stdout
 create mode 100644 draft_pr_descending_audit_20261002/audits/pr366_2303016/post_merge_review/streams/main_ancestry_prepared.stderr
 create mode 100644 draft_pr_descending_audit_20261002/audits/pr366_2303016/post_merge_review/streams/main_ancestry_prepared.stdout
 create mode 100644 draft_pr_descending_audit_20261002/audits/pr366_2303016/post_merge_review/streams/main_start.stderr
 create mode 100644 draft_pr_descending_audit_20261002/audits/pr366_2303016/post_merge_review/streams/main_start.stdout
 create mode 100644 draft_pr_descending_audit_20261002/audits/pr366_2303016/post_merge_review/streams/prepared_local_tree.stderr
 create mode 100644 draft_pr_descending_audit_20261002/audits/pr366_2303016/post_merge_review/streams/prepared_local_tree.stdout
 create mode 100644 draft_pr_descending_audit_20261002/audits/pr366_2303016/post_merge_review/streams/remote_main_end.stderr
 create mode 100644 draft_pr_descending_audit_20261002/audits/pr366_2303016/post_merge_review/streams/remote_main_end.stdout
 create mode 100644 draft_pr_descending_audit_20261002/audits/pr366_2303016/post_merge_review/streams/remote_main_start.stderr
 create mode 100644 draft_pr_descending_audit_20261002/audits/pr366_2303016/post_merge_review/streams/remote_main_start.stdout
 create mode 100644 draft_pr_descending_audit_20261002/audits/pr366_2303016/post_merge_review/streams/whole_actual_merge_tree.stderr.gz
 create mode 100644 draft_pr_descending_audit_20261002/audits/pr366_2303016/post_merge_review/streams/whole_actual_merge_tree.stdout.gz
 create mode 100644 draft_pr_descending_audit_20261002/audits/pr366_2303016/post_merge_review/streams/whole_base_tree.stderr.gz
 create mode 100644 draft_pr_descending_audit_20261002/audits/pr366_2303016/post_merge_review/streams/whole_base_tree.stdout.gz
 create mode 100644 draft_pr_descending_audit_20261002/audits/pr366_2303016/post_merge_review/streams/whole_original_tree.stderr.gz
 create mode 100644 draft_pr_descending_audit_20261002/audits/pr366_2303016/post_merge_review/streams/whole_original_tree.stdout.gz
 create mode 100644 draft_pr_descending_audit_20261002/audits/pr366_2303016/post_merge_review/streams/whole_prepared_tree.stderr.gz
 create mode 100644 draft_pr_descending_audit_20261002/audits/pr366_2303016/post_merge_review/streams/whole_prepared_tree.stdout.gz
 create mode 100644 draft_pr_descending_audit_20261002/audits/pr366_2303016/post_merge_review/targeted_queue_negative.py
 create mode 100644 draft_pr_descending_audit_20261002/audits/pr366_2303016/post_merge_review/verify_post_merge.py
 create mode 100644 draft_pr_descending_audit_20261002/audits/pr366_2303016/pre_merge_main_fetch.stderr
 create mode 100644 draft_pr_descending_audit_20261002/audits/pr366_2303016/pre_merge_main_fetch.stdout
 create mode 100644 draft_pr_descending_audit_20261002/audits/pr366_2303016/prepared_body_edit.stderr
 create mode 100644 draft_pr_descending_audit_20261002/audits/pr366_2303016/prepared_body_edit.stdout
 create mode 100644 draft_pr_descending_audit_20261002/audits/pr366_2303016/prepared_ready.stderr
 create mode 100644 draft_pr_descending_audit_20261002/audits/pr366_2303016/prepared_ready.stdout
 create mode 100644 draft_pr_descending_audit_20261002/audits/pr366_2303016/priority_method_review/.gitignore
 create mode 100644 draft_pr_descending_audit_20261002/audits/pr366_2303016/priority_method_review/BASELINE_SEAL.json
 create mode 100644 draft_pr_descending_audit_20261002/audits/pr366_2303016/priority_method_review/CHECKS.json
 create mode 100644 draft_pr_descending_audit_20261002/audits/pr366_2303016/priority_method_review/MATH_BASELINE.md
 create mode 100644 draft_pr_descending_audit_20261002/audits/pr366_2303016/priority_method_review/RESEARCH_LOG.md
 create mode 100644 draft_pr_descending_audit_20261002/audits/pr366_2303016/priority_method_review/REVIEW.md
 create mode 100644 draft_pr_descending_audit_20261002/audits/pr366_2303016/priority_method_review/REVIEW_MANIFEST.json
 create mode 100644 draft_pr_descending_audit_20261002/audits/pr366_2303016/priority_method_review/SOURCE_BASELINE.md
 create mode 100644 draft_pr_descending_audit_20261002/audits/pr366_2303016/priority_method_review/check_integrity.py
 create mode 100644 draft_pr_descending_audit_20261002/audits/pr366_2303016/queue_repair_receipt.json
 create mode 100644 draft_pr_descending_audit_20261002/audits/pr366_2303016/repair_main_fetch.stderr
 create mode 100644 draft_pr_descending_audit_20261002/audits/pr366_2303016/repair_main_fetch.stdout
 create mode 100644 draft_pr_descending_audit_20261002/audits/pr366_2303016/repair_merge_tree.stderr
 create mode 100644 draft_pr_descending_audit_20261002/audits/pr366_2303016/repair_merge_tree.stdout
 create mode 100644 draft_pr_descending_audit_20261002/audits/pr366_2303016/repair_push.stderr
 create mode 100644 draft_pr_descending_audit_20261002/audits/pr366_2303016/repair_push.stdout
 create mode 100644 draft_pr_descending_audit_20261002/audits/pr366_2303016/repair_remote.stderr
 create mode 100644 draft_pr_descending_audit_20261002/audits/pr366_2303016/repair_remote.stdout
 create mode 100644 draft_pr_descending_audit_20261002/audits/pr366_2303016/repaired_snapshot/unsolved_math_prioritization/QUEUE.md
 create mode 100644 draft_pr_descending_audit_20261002/audits/pr366_2303016/repaired_snapshot/unsolved_math_prioritization/attempts/2303016/FINAL_FROZEN_MANIFEST.json
 create mode 100644 draft_pr_descending_audit_20261002/audits/pr366_2303016/repaired_snapshot/unsolved_math_prioritization/attempts/2303016/FINAL_REVIEW_REQUEST.md
 create mode 100644 draft_pr_descending_audit_20261002/audits/pr366_2303016/repaired_snapshot/unsolved_math_prioritization/attempts/2303016/PRIOR_GATE.json
 create mode 100644 draft_pr_descending_audit_20261002/audits/pr366_2303016/repaired_snapshot/unsolved_math_prioritization/attempts/2303016/PR_BODY.md
 create mode 100644 draft_pr_descending_audit_20261002/audits/pr366_2303016/repaired_snapshot/unsolved_math_prioritization/attempts/2303016/PUBLICATION_MANIFEST.json
 create mode 100644 draft_pr_descending_audit_20261002/audits/pr366_2303016/repaired_snapshot/unsolved_math_prioritization/attempts/2303016/READINESS.json
 create mode 100644 draft_pr_descending_audit_20261002/audits/pr366_2303016/repaired_snapshot/unsolved_math_prioritization/attempts/2303016/README.md
 create mode 100644 draft_pr_descending_audit_20261002/audits/pr366_2303016/repaired_snapshot/unsolved_math_prioritization/attempts/2303016/RESEARCH_LOG.md
 create mode 100644 draft_pr_descending_audit_20261002/audits/pr366_2303016/repaired_snapshot/unsolved_math_prioritization/attempts/2303016/RESULT.md
 create mode 100644 draft_pr_descending_audit_20261002/audits/pr366_2303016/repaired_snapshot/unsolved_math_prioritization/attempts/2303016/SOURCE_MANIFEST.json
 create mode 100644 draft_pr_descending_audit_20261002/audits/pr366_2303016/repaired_snapshot/unsolved_math_prioritization/attempts/2303016/SOURCE_NORMALIZATION.md
 create mode 100644 draft_pr_descending_audit_20261002/audits/pr366_2303016/repaired_snapshot/unsolved_math_prioritization/attempts/2303016/TURN_1.md
 create mode 100644 draft_pr_descending_audit_20261002/audits/pr366_2303016/repaired_snapshot/unsolved_math_prioritization/attempts/2303016/TURN_1_CHECKS.json
 create mode 100644 draft_pr_descending_audit_20261002/audits/pr366_2303016/repaired_snapshot/unsolved_math_prioritization/attempts/2303016/TURN_1_LEDGER.jsonl
 create mode 100644 draft_pr_descending_audit_20261002/audits/pr366_2303016/repaired_snapshot/unsolved_math_prioritization/attempts/2303016/TURN_1_MANIFEST.json
 create mode 100644 draft_pr_descending_audit_20261002/audits/pr366_2303016/repaired_snapshot/unsolved_math_prioritization/attempts/2303016/TURN_1_STATE.json
 create mode 100644 draft_pr_descending_audit_20261002/audits/pr366_2303016/repaired_snapshot/unsolved_math_prioritization/attempts/2303016/final_review/CHECKS.json
 create mode 100644 draft_pr_descending_audit_20261002/audits/pr366_2303016/repaired_snapshot/unsolved_math_prioritization/attempts/2303016/final_review/REVIEW.md
 create mode 100644 draft_pr_descending_audit_20261002/audits/pr366_2303016/repaired_snapshot/unsolved_math_prioritization/attempts/2303016/final_review/REVIEW_MANIFEST.json
 create mode 100644 draft_pr_descending_audit_20261002/audits/pr366_2303016/repaired_snapshot/unsolved_math_prioritization/attempts/2303016/final_review/check.py
 create mode 100644 draft_pr_descending_audit_20261002/audits/pr366_2303016/repaired_snapshot/unsolved_math_prioritization/attempts/2303016/verify_turn1.py
 create mode 100644 draft_pr_descending_audit_20261002/audits/pr366_2303016/repaired_snapshot_manifest.json
 create mode 100644 draft_pr_descending_audit_20261002/audits/pr366_2303016/root_closed_whole_verifier.stderr
 create mode 100644 draft_pr_descending_audit_20261002/audits/pr366_2303016/root_closed_whole_verifier.stdout
 create mode 100644 draft_pr_descending_audit_20261002/audits/pr366_2303016/root_closed_whole_verifier_receipt.json
 create mode 100644 draft_pr_descending_audit_20261002/audits/pr366_2303016/root_compare_prepared_review.py
 create mode 100644 draft_pr_descending_audit_20261002/audits/pr366_2303016/root_dataset_revision_check.json
 create mode 100644 draft_pr_descending_audit_20261002/audits/pr366_2303016/root_dataset_revision_check.stderr
 create mode 100644 draft_pr_descending_audit_20261002/audits/pr366_2303016/root_dataset_revision_check.stdout
 create mode 100644 draft_pr_descending_audit_20261002/audits/pr366_2303016/root_exact_live_gate.py
 create mode 100644 draft_pr_descending_audit_20261002/audits/pr366_2303016/root_exact_live_receipt.json
 create mode 100644 draft_pr_descending_audit_20261002/audits/pr366_2303016/root_family_streams/method_integrity.stderr
 create mode 100644 draft_pr_descending_audit_20261002/audits/pr366_2303016/root_family_streams/method_integrity.stdout
 create mode 100644 draft_pr_descending_audit_20261002/audits/pr366_2303016/root_family_streams/variational_capture_0.stderr
 create mode 100644 draft_pr_descending_audit_20261002/audits/pr366_2303016/root_family_streams/variational_capture_0.stdout
 create mode 100644 draft_pr_descending_audit_20261002/audits/pr366_2303016/root_family_streams/variational_capture_1.stderr
 create mode 100644 draft_pr_descending_audit_20261002/audits/pr366_2303016/root_family_streams/variational_capture_1.stdout
 create mode 100644 draft_pr_descending_audit_20261002/audits/pr366_2303016/root_family_streams/variational_capture_10.stderr
 create mode 100644 draft_pr_descending_audit_20261002/audits/pr366_2303016/root_family_streams/variational_capture_10.stdout
 create mode 100644 draft_pr_descending_audit_20261002/audits/pr366_2303016/root_family_streams/variational_capture_11.stderr
 create mode 100644 draft_pr_descending_audit_20261002/audits/pr366_2303016/root_family_streams/variational_capture_11.stdout
 create mode 100644 draft_pr_descending_audit_20261002/audits/pr366_2303016/root_family_streams/variational_capture_12.stderr
 create mode 100644 draft_pr_descending_audit_20261002/audits/pr366_2303016/root_family_streams/variational_capture_12.stdout
 create mode 100644 draft_pr_descending_audit_20261002/audits/pr366_2303016/root_family_streams/variational_capture_13.stderr
 create mode 100644 draft_pr_descending_audit_20261002/audits/pr366_2303016/root_family_streams/variational_capture_13.stdout
 create mode 100644 draft_pr_descending_audit_20261002/audits/pr366_2303016/root_family_streams/variational_capture_14.stderr
 create mode 100644 draft_pr_descending_audit_20261002/audits/pr366_2303016/root_family_streams/variational_capture_14.stdout
 create mode 100644 draft_pr_descending_audit_20261002/audits/pr366_2303016/root_family_streams/variational_capture_15.stderr
 create mode 100644 draft_pr_descending_audit_20261002/audits/pr366_2303016/root_family_streams/variational_capture_15.stdout
 create mode 100644 draft_pr_descending_audit_20261002/audits/pr366_2303016/root_family_streams/variational_capture_16.stderr
 create mode 100644 draft_pr_descending_audit_20261002/audits/pr366_2303016/root_family_streams/variational_capture_16.stdout
 create mode 100644 draft_pr_descending_audit_20261002/audits/pr366_2303016/root_family_streams/variational_capture_17.stderr
 create mode 100644 draft_pr_descending_audit_20261002/audits/pr366_2303016/root_family_streams/variational_capture_17.stdout
 create mode 100644 draft_pr_descending_audit_20261002/audits/pr366_2303016/root_family_streams/variational_capture_18.stderr
 create mode 100644 draft_pr_descending_audit_20261002/audits/pr366_2303016/root_family_streams/variational_capture_18.stdout
 create mode 100644 draft_pr_descending_audit_20261002/audits/pr366_2303016/root_family_streams/variational_capture_19.stderr
 create mode 100644 draft_pr_descending_audit_20261002/audits/pr366_2303016/root_family_streams/variational_capture_19.stdout
 create mode 100644 draft_pr_descending_audit_20261002/audits/pr366_2303016/root_family_streams/variational_capture_2.stderr
 create mode 100644 draft_pr_descending_audit_20261002/audits/pr366_2303016/root_family_streams/variational_capture_2.stdout
 create mode 100644 draft_pr_descending_audit_20261002/audits/pr366_2303016/root_family_streams/variational_capture_20.stderr
 create mode 100644 draft_pr_descending_audit_20261002/audits/pr366_2303016/root_family_streams/variational_capture_20.stdout
 create mode 100644 draft_pr_descending_audit_20261002/audits/pr366_2303016/root_family_streams/variational_capture_21.stderr
 create mode 100644 draft_pr_descending_audit_20261002/audits/pr366_2303016/root_family_streams/variational_capture_21.stdout
 create mode 100644 draft_pr_descending_audit_20261002/audits/pr366_2303016/root_family_streams/variational_capture_22.stderr
 create mode 100644 draft_pr_descending_audit_20261002/audits/pr366_2303016/root_family_streams/variational_capture_22.stdout
 create mode 100644 draft_pr_descending_audit_20261002/audits/pr366_2303016/root_family_streams/variational_capture_23.stderr
 create mode 100644 draft_pr_descending_audit_20261002/audits/pr366_2303016/root_family_streams/variational_capture_23.stdout
 create mode 100644 draft_pr_descending_audit_20261002/audits/pr366_2303016/root_family_streams/variational_capture_24.stderr
 create mode 100644 draft_pr_descending_audit_20261002/audits/pr366_2303016/root_family_streams/variational_capture_24.stdout
 create mode 100644 draft_pr_descending_audit_20261002/audits/pr366_2303016/root_family_streams/variational_capture_25.stderr
 create mode 100644 draft_pr_descending_audit_20261002/audits/pr366_2303016/root_family_streams/variational_capture_25.stdout
 create mode 100644 draft_pr_descending_audit_20261002/audits/pr366_2303016/root_family_streams/variational_capture_26.stderr
 create mode 100644 draft_pr_descending_audit_20261002/audits/pr366_2303016/root_family_streams/variational_capture_26.stdout
 create mode 100644 draft_pr_descending_audit_20261002/audits/pr366_2303016/root_family_streams/variational_capture_27.stderr
 create mode 100644 draft_pr_descending_audit_20261002/audits/pr366_2303016/root_family_streams/variational_capture_27.stdout
 create mode 100644 draft_pr_descending_audit_20261002/audits/pr366_2303016/root_family_streams/variational_capture_3.stderr
 create mode 100644 draft_pr_descending_audit_20261002/audits/pr366_2303016/root_family_streams/variational_capture_3.stdout
 create mode 100644 draft_pr_descending_audit_20261002/audits/pr366_2303016/root_family_streams/variational_capture_4.stderr
 create mode 100644 draft_pr_descending_audit_20261002/audits/pr366_2303016/root_family_streams/variational_capture_4.stdout
 create mode 100644 draft_pr_descending_audit_20261002/audits/pr366_2303016/root_family_streams/variational_capture_5.stderr
 create mode 100644 draft_pr_descending_audit_20261002/audits/pr366_2303016/root_family_streams/variational_capture_5.stdout
 create mode 100644 draft_pr_descending_audit_20261002/audits/pr366_2303016/root_family_streams/variational_capture_6.stderr
 create mode 100644 draft_pr_descending_audit_20261002/audits/pr366_2303016/root_family_streams/variational_capture_6.stdout
 create mode 100644 draft_pr_descending_audit_20261002/audits/pr366_2303016/root_family_streams/variational_capture_7.stderr
 create mode 100644 draft_pr_descending_audit_20261002/audits/pr366_2303016/root_family_streams/variational_capture_7.stdout
 create mode 100644 draft_pr_descending_audit_20261002/audits/pr366_2303016/root_family_streams/variational_capture_8.stderr
 create mode 100644 draft_pr_descending_audit_20261002/audits/pr366_2303016/root_family_streams/variational_capture_8.stdout
 create mode 100644 draft_pr_descending_audit_20261002/audits/pr366_2303016/root_family_streams/variational_capture_9.stderr
 create mode 100644 draft_pr_descending_audit_20261002/audits/pr366_2303016/root_family_streams/variational_capture_9.stdout
 create mode 100644 draft_pr_descending_audit_20261002/audits/pr366_2303016/root_family_streams/variational_closed_verifier.stderr
 create mode 100644 draft_pr_descending_audit_20261002/audits/pr366_2303016/root_family_streams/variational_closed_verifier.stdout
 create mode 100644 draft_pr_descending_audit_20261002/audits/pr366_2303016/root_family_verification_receipt.json
 create mode 100644 draft_pr_descending_audit_20261002/audits/pr366_2303016/root_finalize_acceptance.py
 create mode 100644 draft_pr_descending_audit_20261002/audits/pr366_2303016/root_postmerge_closed_verifier.stderr
 create mode 100644 draft_pr_descending_audit_20261002/audits/pr366_2303016/root_postmerge_closed_verifier.stdout
 create mode 100644 draft_pr_descending_audit_20261002/audits/pr366_2303016/root_postmerge_reexecution.stderr
 create mode 100644 draft_pr_descending_audit_20261002/audits/pr366_2303016/root_postmerge_reexecution.stderr.failed01
 create mode 100644 draft_pr_descending_audit_20261002/audits/pr366_2303016/root_postmerge_reexecution.stderr.failed02
 create mode 100644 draft_pr_descending_audit_20261002/audits/pr366_2303016/root_postmerge_reexecution.stdout
 create mode 100644 draft_pr_descending_audit_20261002/audits/pr366_2303016/root_postmerge_reexecution.stdout.failed01
 create mode 100644 draft_pr_descending_audit_20261002/audits/pr366_2303016/root_postmerge_reexecution.stdout.failed02
 create mode 100644 draft_pr_descending_audit_20261002/audits/pr366_2303016/root_postmerge_replay_progress.json
 create mode 100644 draft_pr_descending_audit_20261002/audits/pr366_2303016/root_postmerge_replay_progress.json.failed01
 create mode 100644 draft_pr_descending_audit_20261002/audits/pr366_2303016/root_postmerge_replay_progress.json.failed02
 create mode 100644 draft_pr_descending_audit_20261002/audits/pr366_2303016/root_postmerge_verification_receipt.json
 create mode 100644 draft_pr_descending_audit_20261002/audits/pr366_2303016/root_prepared_comparison_receipt.json
 create mode 100644 draft_pr_descending_audit_20261002/audits/pr366_2303016/root_verify_family_evidence.py
 create mode 100644 draft_pr_descending_audit_20261002/audits/pr366_2303016/root_verify_postmerge.py
 create mode 100644 draft_pr_descending_audit_20261002/audits/pr366_2303016/root_verify_postmerge.py.failed01
 create mode 100644 draft_pr_descending_audit_20261002/audits/pr366_2303016/root_verify_postmerge.py.failed02
 create mode 100644 draft_pr_descending_audit_20261002/audits/pr366_2303016/root_verify_whole_original.py
 create mode 100644 draft_pr_descending_audit_20261002/audits/pr366_2303016/root_whole_original_receipt.json
 create mode 100644 draft_pr_descending_audit_20261002/audits/pr366_2303016/root_whole_original_streams/0_original_blob_0.stderr.gz
 create mode 100644 draft_pr_descending_audit_20261002/audits/pr366_2303016/root_whole_original_streams/0_original_blob_0.stdout.gz
 create mode 100644 draft_pr_descending_audit_20261002/audits/pr366_2303016/root_whole_original_streams/10_original_blob_10.stderr.gz
 create mode 100644 draft_pr_descending_audit_20261002/audits/pr366_2303016/root_whole_original_streams/10_original_blob_10.stdout.gz
 create mode 100644 draft_pr_descending_audit_20261002/audits/pr366_2303016/root_whole_original_streams/11_original_blob_11.stderr.gz
 create mode 100644 draft_pr_descending_audit_20261002/audits/pr366_2303016/root_whole_original_streams/11_original_blob_11.stdout.gz
 create mode 100644 draft_pr_descending_audit_20261002/audits/pr366_2303016/root_whole_original_streams/12_original_blob_12.stderr.gz
 create mode 100644 draft_pr_descending_audit_20261002/audits/pr366_2303016/root_whole_original_streams/12_original_blob_12.stdout.gz
 create mode 100644 draft_pr_descending_audit_20261002/audits/pr366_2303016/root_whole_original_streams/13_original_blob_13.stderr.gz
 create mode 100644 draft_pr_descending_audit_20261002/audits/pr366_2303016/root_whole_original_streams/13_original_blob_13.stdout.gz
 create mode 100644 draft_pr_descending_audit_20261002/audits/pr366_2303016/root_whole_original_streams/14_original_blob_14.stderr.gz
 create mode 100644 draft_pr_descending_audit_20261002/audits/pr366_2303016/root_whole_original_streams/14_original_blob_14.stdout.gz
 create mode 100644 draft_pr_descending_audit_20261002/audits/pr366_2303016/root_whole_original_streams/15_original_blob_15.stderr.gz
 create mode 100644 draft_pr_descending_audit_20261002/audits/pr366_2303016/root_whole_original_streams/15_original_blob_15.stdout.gz
 create mode 100644 draft_pr_descending_audit_20261002/audits/pr366_2303016/root_whole_original_streams/16_original_blob_16.stderr.gz
 create mode 100644 draft_pr_descending_audit_20261002/audits/pr366_2303016/root_whole_original_streams/16_original_blob_16.stdout.gz
 create mode 100644 draft_pr_descending_audit_20261002/audits/pr366_2303016/root_whole_original_streams/17_original_blob_17.stderr.gz
 create mode 100644 draft_pr_descending_audit_20261002/audits/pr366_2303016/root_whole_original_streams/17_original_blob_17.stdout.gz
 create mode 100644 draft_pr_descending_audit_20261002/audits/pr366_2303016/root_whole_original_streams/18_original_blob_18.stderr.gz
 create mode 100644 draft_pr_descending_audit_20261002/audits/pr366_2303016/root_whole_original_streams/18_original_blob_18.stdout.gz
 create mode 100644 draft_pr_descending_audit_20261002/audits/pr366_2303016/root_whole_original_streams/19_original_blob_19.stderr.gz
 create mode 100644 draft_pr_descending_audit_20261002/audits/pr366_2303016/root_whole_original_streams/19_original_blob_19.stdout.gz
 create mode 100644 draft_pr_descending_audit_20261002/audits/pr366_2303016/root_whole_original_streams/1_original_blob_1.stderr.gz
 create mode 100644 draft_pr_descending_audit_20261002/audits/pr366_2303016/root_whole_original_streams/1_original_blob_1.stdout.gz
 create mode 100644 draft_pr_descending_audit_20261002/audits/pr366_2303016/root_whole_original_streams/20_original_blob_20.stderr.gz
 create mode 100644 draft_pr_descending_audit_20261002/audits/pr366_2303016/root_whole_original_streams/20_original_blob_20.stdout.gz
 create mode 100644 draft_pr_descending_audit_20261002/audits/pr366_2303016/root_whole_original_streams/21_original_blob_21.stderr.gz
 create mode 100644 draft_pr_descending_audit_20261002/audits/pr366_2303016/root_whole_original_streams/21_original_blob_21.stdout.gz
 create mode 100644 draft_pr_descending_audit_20261002/audits/pr366_2303016/root_whole_original_streams/22_author_tree.stderr.gz
 create mode 100644 draft_pr_descending_audit_20261002/audits/pr366_2303016/root_whole_original_streams/22_author_tree.stdout.gz
 create mode 100644 draft_pr_descending_audit_20261002/audits/pr366_2303016/root_whole_original_streams/23_author_blob_0.stderr.gz
 create mode 100644 draft_pr_descending_audit_20261002/audits/pr366_2303016/root_whole_original_streams/23_author_blob_0.stdout.gz
 create mode 100644 draft_pr_descending_audit_20261002/audits/pr366_2303016/root_whole_original_streams/24_author_blob_1.stderr.gz
 create mode 100644 draft_pr_descending_audit_20261002/audits/pr366_2303016/root_whole_original_streams/24_author_blob_1.stdout.gz
 create mode 100644 draft_pr_descending_audit_20261002/audits/pr366_2303016/root_whole_original_streams/25_author_blob_2.stderr.gz
 create mode 100644 draft_pr_descending_audit_20261002/audits/pr366_2303016/root_whole_original_streams/25_author_blob_2.stdout.gz
 create mode 100644 draft_pr_descending_audit_20261002/audits/pr366_2303016/root_whole_original_streams/26_author_blob_3.stderr.gz
 create mode 100644 draft_pr_descending_audit_20261002/audits/pr366_2303016/root_whole_original_streams/26_author_blob_3.stdout.gz
 create mode 100644 draft_pr_descending_audit_20261002/audits/pr366_2303016/root_whole_original_streams/27_author_blob_4.stderr.gz
 create mode 100644 draft_pr_descending_audit_20261002/audits/pr366_2303016/root_whole_original_streams/27_author_blob_4.stdout.gz
 create mode 100644 draft_pr_descending_audit_20261002/audits/pr366_2303016/root_whole_original_streams/28_author_blob_5.stderr.gz
 create mode 100644 draft_pr_descending_audit_20261002/audits/pr366_2303016/root_whole_original_streams/28_author_blob_5.stdout.gz
 create mode 100644 draft_pr_descending_audit_20261002/audits/pr366_2303016/root_whole_original_streams/29_author_blob_6.stderr.gz
 create mode 100644 draft_pr_descending_audit_20261002/audits/pr366_2303016/root_whole_original_streams/29_author_blob_6.stdout.gz
 create mode 100644 draft_pr_descending_audit_20261002/audits/pr366_2303016/root_whole_original_streams/2_original_blob_2.stderr.gz
 create mode 100644 draft_pr_descending_audit_20261002/audits/pr366_2303016/root_whole_original_streams/2_original_blob_2.stdout.gz
 create mode 100644 draft_pr_descending_audit_20261002/audits/pr366_2303016/root_whole_original_streams/30_author_blob_7.stderr.gz
 create mode 100644 draft_pr_descending_audit_20261002/audits/pr366_2303016/root_whole_original_streams/30_author_blob_7.stdout.gz
 create mode 100644 draft_pr_descending_audit_20261002/audits/pr366_2303016/root_whole_original_streams/31_author_blob_8.stderr.gz
 create mode 100644 draft_pr_descending_audit_20261002/audits/pr366_2303016/root_whole_original_streams/31_author_blob_8.stdout.gz
 create mode 100644 draft_pr_descending_audit_20261002/audits/pr366_2303016/root_whole_original_streams/32_author_blob_9.stderr.gz
 create mode 100644 draft_pr_descending_audit_20261002/audits/pr366_2303016/root_whole_original_streams/32_author_blob_9.stdout.gz
 create mode 100644 draft_pr_descending_audit_20261002/audits/pr366_2303016/root_whole_original_streams/33_author_blob_10.stderr.gz
 create mode 100644 draft_pr_descending_audit_20261002/audits/pr366_2303016/root_whole_original_streams/33_author_blob_10.stdout.gz
 create mode 100644 draft_pr_descending_audit_20261002/audits/pr366_2303016/root_whole_original_streams/34_author_blob_11.stderr.gz
 create mode 100644 draft_pr_descending_audit_20261002/audits/pr366_2303016/root_whole_original_streams/34_author_blob_11.stdout.gz
 create mode 100644 draft_pr_descending_audit_20261002/audits/pr366_2303016/root_whole_original_streams/35_author_blob_12.stderr.gz
 create mode 100644 draft_pr_descending_audit_20261002/audits/pr366_2303016/root_whole_original_streams/35_author_blob_12.stdout.gz
 create mode 100644 draft_pr_descending_audit_20261002/audits/pr366_2303016/root_whole_original_streams/36_author_blob_13.stderr.gz
 create mode 100644 draft_pr_descending_audit_20261002/audits/pr366_2303016/root_whole_original_streams/36_author_blob_13.stdout.gz
 create mode 100644 draft_pr_descending_audit_20261002/audits/pr366_2303016/root_whole_original_streams/37_author_ancestry.stderr.gz
 create mode 100644 draft_pr_descending_audit_20261002/audits/pr366_2303016/root_whole_original_streams/37_author_ancestry.stdout.gz
 create mode 100644 draft_pr_descending_audit_20261002/audits/pr366_2303016/root_whole_original_streams/38_changed_files.stderr.gz
 create mode 100644 draft_pr_descending_audit_20261002/audits/pr366_2303016/root_whole_original_streams/38_changed_files.stdout.gz
 create mode 100644 draft_pr_descending_audit_20261002/audits/pr366_2303016/root_whole_original_streams/39_queue_diff.stderr.gz
 create mode 100644 draft_pr_descending_audit_20261002/audits/pr366_2303016/root_whole_original_streams/39_queue_diff.stdout.gz
 create mode 100644 draft_pr_descending_audit_20261002/audits/pr366_2303016/root_whole_original_streams/3_original_blob_3.stderr.gz
 create mode 100644 draft_pr_descending_audit_20261002/audits/pr366_2303016/root_whole_original_streams/3_original_blob_3.stdout.gz
 create mode 100644 draft_pr_descending_audit_20261002/audits/pr366_2303016/root_whole_original_streams/40_base_queue.stderr.gz
 create mode 100644 draft_pr_descending_audit_20261002/audits/pr366_2303016/root_whole_original_streams/40_base_queue.stdout.gz
 create mode 100644 draft_pr_descending_audit_20261002/audits/pr366_2303016/root_whole_original_streams/41_author_checks.stderr.gz
 create mode 100644 draft_pr_descending_audit_20261002/audits/pr366_2303016/root_whole_original_streams/41_author_checks.stdout.gz
 create mode 100644 draft_pr_descending_audit_20261002/audits/pr366_2303016/root_whole_original_streams/42_historical_review.stderr.gz
 create mode 100644 draft_pr_descending_audit_20261002/audits/pr366_2303016/root_whole_original_streams/42_historical_review.stdout.gz
 create mode 100644 draft_pr_descending_audit_20261002/audits/pr366_2303016/root_whole_original_streams/4_original_blob_4.stderr.gz
 create mode 100644 draft_pr_descending_audit_20261002/audits/pr366_2303016/root_whole_original_streams/4_original_blob_4.stdout.gz
 create mode 100644 draft_pr_descending_audit_20261002/audits/pr366_2303016/root_whole_original_streams/5_original_blob_5.stderr.gz
 create mode 100644 draft_pr_descending_audit_20261002/audits/pr366_2303016/root_whole_original_streams/5_original_blob_5.stdout.gz
 create mode 100644 draft_pr_descending_audit_20261002/audits/pr366_2303016/root_whole_original_streams/6_original_blob_6.stderr.gz
 create mode 100644 draft_pr_descending_audit_20261002/audits/pr366_2303016/root_whole_original_streams/6_original_blob_6.stdout.gz
 create mode 100644 draft_pr_descending_audit_20261002/audits/pr366_2303016/root_whole_original_streams/7_original_blob_7.stderr.gz
 create mode 100644 draft_pr_descending_audit_20261002/audits/pr366_2303016/root_whole_original_streams/7_original_blob_7.stdout.gz
 create mode 100644 draft_pr_descending_audit_20261002/audits/pr366_2303016/root_whole_original_streams/8_original_blob_8.stderr.gz
 create mode 100644 draft_pr_descending_audit_20261002/audits/pr366_2303016/root_whole_original_streams/8_original_blob_8.stdout.gz
 create mode 100644 draft_pr_descending_audit_20261002/audits/pr366_2303016/root_whole_original_streams/9_original_blob_9.stderr.gz
 create mode 100644 draft_pr_descending_audit_20261002/audits/pr366_2303016/root_whole_original_streams/9_original_blob_9.stdout.gz
 create mode 100644 draft_pr_descending_audit_20261002/audits/pr366_2303016/root_whole_original_streams/adversarial_controls.stderr
 create mode 100644 draft_pr_descending_audit_20261002/audits/pr366_2303016/root_whole_original_streams/adversarial_controls.stdout
 create mode 100644 draft_pr_descending_audit_20261002/audits/pr366_2303016/variational_capacity_review/.gitignore
 create mode 100644 draft_pr_descending_audit_20261002/audits/pr366_2303016/variational_capacity_review/CANDIDATE_MATH_AUDIT.md
 create mode 100644 draft_pr_descending_audit_20261002/audits/pr366_2303016/variational_capacity_review/CANDIDATE_MATH_SEAL.json
 create mode 100644 draft_pr_descending_audit_20261002/audits/pr366_2303016/variational_capacity_review/CODE_SEAL.json
 create mode 100644 draft_pr_descending_audit_20261002/audits/pr366_2303016/variational_capacity_review/FINAL_PREPARATION_FAILURES.json
 create mode 100644 draft_pr_descending_audit_20261002/audits/pr366_2303016/variational_capacity_review/FINAL_SEAL.json
 create mode 100644 draft_pr_descending_audit_20261002/audits/pr366_2303016/variational_capacity_review/IMMUTABLE_MANIFEST.json
 create mode 100644 draft_pr_descending_audit_20261002/audits/pr366_2303016/variational_capacity_review/MATH_BASELINE.md
 create mode 100644 draft_pr_descending_audit_20261002/audits/pr366_2303016/variational_capacity_review/MATH_SEAL.json
 create mode 100644 draft_pr_descending_audit_20261002/audits/pr366_2303016/variational_capacity_review/PRIVATE_DEDUP_RECEIPT.json
 create mode 100644 draft_pr_descending_audit_20261002/audits/pr366_2303016/variational_capacity_review/README.md
 create mode 100644 draft_pr_descending_audit_20261002/audits/pr366_2303016/variational_capacity_review/REPORT.md
 create mode 100644 draft_pr_descending_audit_20261002/audits/pr366_2303016/variational_capacity_review/REPRODUCTION.json
 create mode 100644 draft_pr_descending_audit_20261002/audits/pr366_2303016/variational_capacity_review/RESEARCH_LOG.md
 create mode 100644 draft_pr_descending_audit_20261002/audits/pr366_2303016/variational_capacity_review/SOURCE_BASELINE.md
 create mode 100644 draft_pr_descending_audit_20261002/audits/pr366_2303016/variational_capacity_review/SOURCE_SEAL.json
 create mode 100644 draft_pr_descending_audit_20261002/audits/pr366_2303016/variational_capacity_review/VERIFIER_CODE_SEAL.json
 create mode 100644 draft_pr_descending_audit_20261002/audits/pr366_2303016/variational_capacity_review/author.stderr
 create mode 100644 draft_pr_descending_audit_20261002/audits/pr366_2303016/variational_capacity_review/author.stdout
 create mode 100644 draft_pr_descending_audit_20261002/audits/pr366_2303016/variational_capacity_review/historical.stderr
 create mode 100644 draft_pr_descending_audit_20261002/audits/pr366_2303016/variational_capacity_review/historical.stdout
 create mode 100644 draft_pr_descending_audit_20261002/audits/pr366_2303016/variational_capacity_review/independent.stderr
 create mode 100644 draft_pr_descending_audit_20261002/audits/pr366_2303016/variational_capacity_review/independent.stdout
 create mode 100644 draft_pr_descending_audit_20261002/audits/pr366_2303016/variational_capacity_review/independent_controls.py
 create mode 100644 draft_pr_descending_audit_20261002/audits/pr366_2303016/variational_capacity_review/reproduce_and_bind.py
 create mode 100644 draft_pr_descending_audit_20261002/audits/pr366_2303016/variational_capacity_review/reproduction.stderr
 create mode 100644 draft_pr_descending_audit_20261002/audits/pr366_2303016/variational_capacity_review/reproduction.stdout
 create mode 100644 draft_pr_descending_audit_20261002/audits/pr366_2303016/variational_capacity_review/verify_audit.py
 create mode 100644 draft_pr_descending_audit_20261002/audits/pr366_2303016/virtual_integration_receipt.json
 create mode 100644 draft_pr_descending_audit_20261002/audits/pr366_2303016/virtual_merge.stderr
 create mode 100644 draft_pr_descending_audit_20261002/audits/pr366_2303016/virtual_merge.stdout
 create mode 100644 draft_pr_descending_audit_20261002/checkpoint_366_final_allowlist.json
 create mode 100644 draft_pr_descending_audit_20261002/checkpoint_366_final_allowlist.json.failed01
 create mode 100644 draft_pr_descending_audit_20261002/checkpoint_366_final_publication.stderr.failed01
 create mode 100644 draft_pr_descending_audit_20261002/checkpoint_366_final_publication.stdout.failed01
 create mode 100644 draft_pr_descending_audit_20261002/checkpoint_366_final_publication_failure.json
 create mode 100644 draft_pr_descending_audit_20261002/checkpoint_366_final_stage.stderr.failed01
 create mode 100644 draft_pr_descending_audit_20261002/checkpoint_366_final_stage.stdout.failed01
 create mode 100644 draft_pr_descending_audit_20261002/checkpoint_366_source_math_commit.stderr
 create mode 100644 draft_pr_descending_audit_20261002/checkpoint_366_source_math_commit.stdout
 create mode 100644 draft_pr_descending_audit_20261002/checkpoint_366_source_math_push.stderr
 create mode 100644 draft_pr_descending_audit_20261002/checkpoint_366_source_math_push.stdout
 create mode 100644 draft_pr_descending_audit_20261002/checkpoint_366_source_math_stage.stderr
 create mode 100644 draft_pr_descending_audit_20261002/checkpoint_366_source_math_stage.stdout
 create mode 100644 draft_pr_descending_audit_20261002/root_dedup_completed_primary_pdfs.py
 create mode 100644 draft_pr_descending_audit_20261002/root_publish_366_final.py
 create mode 100644 draft_pr_descending_audit_20261002/root_publish_366_final.py.failed01
 create mode 100644 draft_pr_descending_audit_20261002/root_refresh_partial_queue.py
