[main 728b48109] Checkpoint credited harmonic-path proof and complete source reproduction
 113 files changed, 6133 insertions(+), 4 deletions(-)
 create mode 100644 draft_pr_descending_audit_20261002/audits/pr365_2303002/.gitignore
 create mode 100644 draft_pr_descending_audit_20261002/audits/pr365_2303002/DECISION.md
 create mode 100644 draft_pr_descending_audit_20261002/audits/pr365_2303002/ROOT_BASELINE_SEAL.json
 create mode 100644 draft_pr_descending_audit_20261002/audits/pr365_2303002/ROOT_MATH_ASSESSMENT.md
 create mode 100644 draft_pr_descending_audit_20261002/audits/pr365_2303002/ROOT_MATH_ASSESSMENT_SEAL.json
 create mode 100644 draft_pr_descending_audit_20261002/audits/pr365_2303002/ROOT_PRIMARY_RECEIPTS.json
 create mode 100644 draft_pr_descending_audit_20261002/audits/pr365_2303002/ROOT_SOURCE_FIRST_BASELINE.md
 create mode 100644 draft_pr_descending_audit_20261002/audits/pr365_2303002/acceptance_criteria.json
 create mode 100644 draft_pr_descending_audit_20261002/audits/pr365_2303002/root_fetch_primary.py
 create mode 100644 draft_pr_descending_audit_20261002/audits/pr365_2303002/root_original_command_progress.json
 create mode 100644 draft_pr_descending_audit_20261002/audits/pr365_2303002/root_original_reproduction.stderr
 create mode 100644 draft_pr_descending_audit_20261002/audits/pr365_2303002/root_original_reproduction.stdout
 create mode 100644 draft_pr_descending_audit_20261002/audits/pr365_2303002/root_original_reproduction_receipt.json
 create mode 100644 draft_pr_descending_audit_20261002/audits/pr365_2303002/root_original_streams/author.stderr.gz
 create mode 100644 draft_pr_descending_audit_20261002/audits/pr365_2303002/root_original_streams/author.stdout.gz
 create mode 100644 draft_pr_descending_audit_20261002/audits/pr365_2303002/root_original_streams/author_0.stderr.gz
 create mode 100644 draft_pr_descending_audit_20261002/audits/pr365_2303002/root_original_streams/author_0.stdout.gz
 create mode 100644 draft_pr_descending_audit_20261002/audits/pr365_2303002/root_original_streams/author_1.stderr.gz
 create mode 100644 draft_pr_descending_audit_20261002/audits/pr365_2303002/root_original_streams/author_1.stdout.gz
 create mode 100644 draft_pr_descending_audit_20261002/audits/pr365_2303002/root_original_streams/author_2.stderr.gz
 create mode 100644 draft_pr_descending_audit_20261002/audits/pr365_2303002/root_original_streams/author_2.stdout.gz
 create mode 100644 draft_pr_descending_audit_20261002/audits/pr365_2303002/root_original_streams/author_3.stderr.gz
 create mode 100644 draft_pr_descending_audit_20261002/audits/pr365_2303002/root_original_streams/author_3.stdout.gz
 create mode 100644 draft_pr_descending_audit_20261002/audits/pr365_2303002/root_original_streams/author_4.stderr.gz
 create mode 100644 draft_pr_descending_audit_20261002/audits/pr365_2303002/root_original_streams/author_4.stdout.gz
 create mode 100644 draft_pr_descending_audit_20261002/audits/pr365_2303002/root_original_streams/author_5.stderr.gz
 create mode 100644 draft_pr_descending_audit_20261002/audits/pr365_2303002/root_original_streams/author_5.stdout.gz
 create mode 100644 draft_pr_descending_audit_20261002/audits/pr365_2303002/root_original_streams/author_6.stderr.gz
 create mode 100644 draft_pr_descending_audit_20261002/audits/pr365_2303002/root_original_streams/author_6.stdout.gz
 create mode 100644 draft_pr_descending_audit_20261002/audits/pr365_2303002/root_original_streams/author_7.stderr.gz
 create mode 100644 draft_pr_descending_audit_20261002/audits/pr365_2303002/root_original_streams/author_7.stdout.gz
 create mode 100644 draft_pr_descending_audit_20261002/audits/pr365_2303002/root_original_streams/author_8.stderr.gz
 create mode 100644 draft_pr_descending_audit_20261002/audits/pr365_2303002/root_original_streams/author_8.stdout.gz
 create mode 100644 draft_pr_descending_audit_20261002/audits/pr365_2303002/root_original_streams/author_9.stderr.gz
 create mode 100644 draft_pr_descending_audit_20261002/audits/pr365_2303002/root_original_streams/author_9.stdout.gz
 create mode 100644 draft_pr_descending_audit_20261002/audits/pr365_2303002/root_original_streams/base_catalog.stderr.gz
 create mode 100644 draft_pr_descending_audit_20261002/audits/pr365_2303002/root_original_streams/base_catalog.stdout.gz
 create mode 100644 draft_pr_descending_audit_20261002/audits/pr365_2303002/root_original_streams/base_queue.stderr.gz
 create mode 100644 draft_pr_descending_audit_20261002/audits/pr365_2303002/root_original_streams/base_queue.stdout.gz
 create mode 100644 draft_pr_descending_audit_20261002/audits/pr365_2303002/root_original_streams/base_tree.stderr.gz
 create mode 100644 draft_pr_descending_audit_20261002/audits/pr365_2303002/root_original_streams/base_tree.stdout.gz
 create mode 100644 draft_pr_descending_audit_20261002/audits/pr365_2303002/root_original_streams/blob_0.stderr.gz
 create mode 100644 draft_pr_descending_audit_20261002/audits/pr365_2303002/root_original_streams/blob_0.stdout.gz
 create mode 100644 draft_pr_descending_audit_20261002/audits/pr365_2303002/root_original_streams/blob_1.stderr.gz
 create mode 100644 draft_pr_descending_audit_20261002/audits/pr365_2303002/root_original_streams/blob_1.stdout.gz
 create mode 100644 draft_pr_descending_audit_20261002/audits/pr365_2303002/root_original_streams/blob_10.stderr.gz
 create mode 100644 draft_pr_descending_audit_20261002/audits/pr365_2303002/root_original_streams/blob_10.stdout.gz
 create mode 100644 draft_pr_descending_audit_20261002/audits/pr365_2303002/root_original_streams/blob_11.stderr.gz
 create mode 100644 draft_pr_descending_audit_20261002/audits/pr365_2303002/root_original_streams/blob_11.stdout.gz
 create mode 100644 draft_pr_descending_audit_20261002/audits/pr365_2303002/root_original_streams/blob_12.stderr.gz
 create mode 100644 draft_pr_descending_audit_20261002/audits/pr365_2303002/root_original_streams/blob_12.stdout.gz
 create mode 100644 draft_pr_descending_audit_20261002/audits/pr365_2303002/root_original_streams/blob_13.stderr.gz
 create mode 100644 draft_pr_descending_audit_20261002/audits/pr365_2303002/root_original_streams/blob_13.stdout.gz
 create mode 100644 draft_pr_descending_audit_20261002/audits/pr365_2303002/root_original_streams/blob_14.stderr.gz
 create mode 100644 draft_pr_descending_audit_20261002/audits/pr365_2303002/root_original_streams/blob_14.stdout.gz
 create mode 100644 draft_pr_descending_audit_20261002/audits/pr365_2303002/root_original_streams/blob_15.stderr.gz
 create mode 100644 draft_pr_descending_audit_20261002/audits/pr365_2303002/root_original_streams/blob_15.stdout.gz
 create mode 100644 draft_pr_descending_audit_20261002/audits/pr365_2303002/root_original_streams/blob_16.stderr.gz
 create mode 100644 draft_pr_descending_audit_20261002/audits/pr365_2303002/root_original_streams/blob_16.stdout.gz
 create mode 100644 draft_pr_descending_audit_20261002/audits/pr365_2303002/root_original_streams/blob_17.stderr.gz
 create mode 100644 draft_pr_descending_audit_20261002/audits/pr365_2303002/root_original_streams/blob_17.stdout.gz
 create mode 100644 draft_pr_descending_audit_20261002/audits/pr365_2303002/root_original_streams/blob_18.stderr.gz
 create mode 100644 draft_pr_descending_audit_20261002/audits/pr365_2303002/root_original_streams/blob_18.stdout.gz
 create mode 100644 draft_pr_descending_audit_20261002/audits/pr365_2303002/root_original_streams/blob_2.stderr.gz
 create mode 100644 draft_pr_descending_audit_20261002/audits/pr365_2303002/root_original_streams/blob_2.stdout.gz
 create mode 100644 draft_pr_descending_audit_20261002/audits/pr365_2303002/root_original_streams/blob_3.stderr.gz
 create mode 100644 draft_pr_descending_audit_20261002/audits/pr365_2303002/root_original_streams/blob_3.stdout.gz
 create mode 100644 draft_pr_descending_audit_20261002/audits/pr365_2303002/root_original_streams/blob_4.stderr.gz
 create mode 100644 draft_pr_descending_audit_20261002/audits/pr365_2303002/root_original_streams/blob_4.stdout.gz
 create mode 100644 draft_pr_descending_audit_20261002/audits/pr365_2303002/root_original_streams/blob_5.stderr.gz
 create mode 100644 draft_pr_descending_audit_20261002/audits/pr365_2303002/root_original_streams/blob_5.stdout.gz
 create mode 100644 draft_pr_descending_audit_20261002/audits/pr365_2303002/root_original_streams/blob_6.stderr.gz
 create mode 100644 draft_pr_descending_audit_20261002/audits/pr365_2303002/root_original_streams/blob_6.stdout.gz
 create mode 100644 draft_pr_descending_audit_20261002/audits/pr365_2303002/root_original_streams/blob_7.stderr.gz
 create mode 100644 draft_pr_descending_audit_20261002/audits/pr365_2303002/root_original_streams/blob_7.stdout.gz
 create mode 100644 draft_pr_descending_audit_20261002/audits/pr365_2303002/root_original_streams/blob_8.stderr.gz
 create mode 100644 draft_pr_descending_audit_20261002/audits/pr365_2303002/root_original_streams/blob_8.stdout.gz
 create mode 100644 draft_pr_descending_audit_20261002/audits/pr365_2303002/root_original_streams/blob_9.stderr.gz
 create mode 100644 draft_pr_descending_audit_20261002/audits/pr365_2303002/root_original_streams/blob_9.stdout.gz
 create mode 100644 draft_pr_descending_audit_20261002/audits/pr365_2303002/root_original_streams/checkpoint_parent.stderr.gz
 create mode 100644 draft_pr_descending_audit_20261002/audits/pr365_2303002/root_original_streams/checkpoint_parent.stdout.gz
 create mode 100644 draft_pr_descending_audit_20261002/audits/pr365_2303002/root_original_streams/checkpoint_paths.stderr.gz
 create mode 100644 draft_pr_descending_audit_20261002/audits/pr365_2303002/root_original_streams/checkpoint_paths.stdout.gz
 create mode 100644 draft_pr_descending_audit_20261002/audits/pr365_2303002/root_original_streams/dataset_object.stderr.gz
 create mode 100644 draft_pr_descending_audit_20261002/audits/pr365_2303002/root_original_streams/dataset_object.stdout.gz
 create mode 100644 draft_pr_descending_audit_20261002/audits/pr365_2303002/root_original_streams/head_parents.stderr.gz
 create mode 100644 draft_pr_descending_audit_20261002/audits/pr365_2303002/root_original_streams/head_parents.stdout.gz
 create mode 100644 draft_pr_descending_audit_20261002/audits/pr365_2303002/root_original_streams/historical_math_only.stderr.gz
 create mode 100644 draft_pr_descending_audit_20261002/audits/pr365_2303002/root_original_streams/historical_math_only.stdout.gz
 create mode 100644 draft_pr_descending_audit_20261002/audits/pr365_2303002/root_original_streams/historical_with_sources.stderr.gz
 create mode 100644 draft_pr_descending_audit_20261002/audits/pr365_2303002/root_original_streams/historical_with_sources.stdout.gz
 create mode 100644 draft_pr_descending_audit_20261002/audits/pr365_2303002/root_original_streams/original_tree.stderr.gz
 create mode 100644 draft_pr_descending_audit_20261002/audits/pr365_2303002/root_original_streams/original_tree.stdout.gz
 create mode 100644 draft_pr_descending_audit_20261002/audits/pr365_2303002/root_reproduce_frozen_packet.py
 create mode 100644 draft_pr_descending_audit_20261002/audits/pr366_2303016/GIT_PUBLICATION_RECEIPT.json
 create mode 100644 draft_pr_descending_audit_20261002/audits/pr366_2303016/root_record_publication.py
 create mode 100644 draft_pr_descending_audit_20261002/checkpoint_365_math_allowlist.json
 create mode 100644 draft_pr_descending_audit_20261002/checkpoint_366_final_commit.stderr
 create mode 100644 draft_pr_descending_audit_20261002/checkpoint_366_final_commit.stdout
 create mode 100644 draft_pr_descending_audit_20261002/checkpoint_366_final_publication.stderr
 create mode 100644 draft_pr_descending_audit_20261002/checkpoint_366_final_publication.stdout
 create mode 100644 draft_pr_descending_audit_20261002/checkpoint_366_final_push.stderr
 create mode 100644 draft_pr_descending_audit_20261002/checkpoint_366_final_push.stdout
 create mode 100644 draft_pr_descending_audit_20261002/checkpoint_366_final_stage.stderr
 create mode 100644 draft_pr_descending_audit_20261002/checkpoint_366_final_stage.stdout
 create mode 100644 draft_pr_descending_audit_20261002/root_publish_365_math_checkpoint.py
