[main 04c400622] Checkpoint direct capacity proof source-first and reproducibility audit
 57 files changed, 4867 insertions(+), 2 deletions(-)
 create mode 100644 draft_pr_descending_audit_20261002/ROOT_COMPLETED_PRIVATE_GZIP_20261003_1738.json
 create mode 100644 draft_pr_descending_audit_20261002/ROOT_COMPLETED_PRIVATE_GZIP_20261003_1738.jsonl
 create mode 100644 draft_pr_descending_audit_20261002/ROOT_COMPLETED_RUNTIME_CACHE_REMOVAL_20261003_1720.json
 create mode 100644 draft_pr_descending_audit_20261002/ROOT_COMPLETED_RUNTIME_CACHE_REMOVAL_20261003_1720.jsonl.gz
 create mode 100644 draft_pr_descending_audit_20261002/audits/pr366_2303016/.gitignore
 create mode 100644 draft_pr_descending_audit_20261002/audits/pr366_2303016/README.md
 create mode 100644 draft_pr_descending_audit_20261002/audits/pr366_2303016/RESEARCH_LOG.md
 create mode 100644 draft_pr_descending_audit_20261002/audits/pr366_2303016/ROOT_BASELINE_SEAL.json
 create mode 100644 draft_pr_descending_audit_20261002/audits/pr366_2303016/ROOT_INDEPENDENT_MATH_BASELINE.md
 create mode 100644 draft_pr_descending_audit_20261002/audits/pr366_2303016/ROOT_MATHEMATICAL_ASSESSMENT.md
 create mode 100644 draft_pr_descending_audit_20261002/audits/pr366_2303016/ROOT_PRIMARY_RECEIPTS.json
 create mode 100644 draft_pr_descending_audit_20261002/audits/pr366_2303016/ROOT_SOURCE_FIRST_BASELINE.md
 create mode 100644 draft_pr_descending_audit_20261002/audits/pr366_2303016/freeze_fetch.stderr
 create mode 100644 draft_pr_descending_audit_20261002/audits/pr366_2303016/freeze_fetch.stdout
 create mode 100644 draft_pr_descending_audit_20261002/audits/pr366_2303016/freeze_files.stderr
 create mode 100644 draft_pr_descending_audit_20261002/audits/pr366_2303016/freeze_files.stdout
 create mode 100644 draft_pr_descending_audit_20261002/audits/pr366_2303016/freeze_metadata.stderr
 create mode 100644 draft_pr_descending_audit_20261002/audits/pr366_2303016/freeze_metadata.stdout
 create mode 100644 draft_pr_descending_audit_20261002/audits/pr366_2303016/remote_original.json
 create mode 100644 draft_pr_descending_audit_20261002/audits/pr366_2303016/root_fetch_primary.py
 create mode 100644 draft_pr_descending_audit_20261002/audits/pr366_2303016/root_original_reproduction_receipt.json
 create mode 100644 draft_pr_descending_audit_20261002/audits/pr366_2303016/root_original_streams/author.stderr
 create mode 100644 draft_pr_descending_audit_20261002/audits/pr366_2303016/root_original_streams/author.stdout
 create mode 100644 draft_pr_descending_audit_20261002/audits/pr366_2303016/root_original_streams/historical_review.stderr
 create mode 100644 draft_pr_descending_audit_20261002/audits/pr366_2303016/root_original_streams/historical_review.stdout
 create mode 100644 draft_pr_descending_audit_20261002/audits/pr366_2303016/root_reproduce_frozen_packet.py
 create mode 100644 draft_pr_descending_audit_20261002/audits/pr366_2303016/snapshot/unsolved_math_prioritization/QUEUE.md
 create mode 100644 draft_pr_descending_audit_20261002/audits/pr366_2303016/snapshot/unsolved_math_prioritization/attempts/2303016/FINAL_FROZEN_MANIFEST.json
 create mode 100644 draft_pr_descending_audit_20261002/audits/pr366_2303016/snapshot/unsolved_math_prioritization/attempts/2303016/FINAL_REVIEW_REQUEST.md
 create mode 100644 draft_pr_descending_audit_20261002/audits/pr366_2303016/snapshot/unsolved_math_prioritization/attempts/2303016/PRIOR_GATE.json
 create mode 100644 draft_pr_descending_audit_20261002/audits/pr366_2303016/snapshot/unsolved_math_prioritization/attempts/2303016/PR_BODY.md
 create mode 100644 draft_pr_descending_audit_20261002/audits/pr366_2303016/snapshot/unsolved_math_prioritization/attempts/2303016/PUBLICATION_MANIFEST.json
 create mode 100644 draft_pr_descending_audit_20261002/audits/pr366_2303016/snapshot/unsolved_math_prioritization/attempts/2303016/READINESS.json
 create mode 100644 draft_pr_descending_audit_20261002/audits/pr366_2303016/snapshot/unsolved_math_prioritization/attempts/2303016/README.md
 create mode 100644 draft_pr_descending_audit_20261002/audits/pr366_2303016/snapshot/unsolved_math_prioritization/attempts/2303016/RESEARCH_LOG.md
 create mode 100644 draft_pr_descending_audit_20261002/audits/pr366_2303016/snapshot/unsolved_math_prioritization/attempts/2303016/RESULT.md
 create mode 100644 draft_pr_descending_audit_20261002/audits/pr366_2303016/snapshot/unsolved_math_prioritization/attempts/2303016/SOURCE_MANIFEST.json
 create mode 100644 draft_pr_descending_audit_20261002/audits/pr366_2303016/snapshot/unsolved_math_prioritization/attempts/2303016/SOURCE_NORMALIZATION.md
 create mode 100644 draft_pr_descending_audit_20261002/audits/pr366_2303016/snapshot/unsolved_math_prioritization/attempts/2303016/TURN_1.md
 create mode 100644 draft_pr_descending_audit_20261002/audits/pr366_2303016/snapshot/unsolved_math_prioritization/attempts/2303016/TURN_1_CHECKS.json
 create mode 100644 draft_pr_descending_audit_20261002/audits/pr366_2303016/snapshot/unsolved_math_prioritization/attempts/2303016/TURN_1_LEDGER.jsonl
 create mode 100644 draft_pr_descending_audit_20261002/audits/pr366_2303016/snapshot/unsolved_math_prioritization/attempts/2303016/TURN_1_MANIFEST.json
 create mode 100644 draft_pr_descending_audit_20261002/audits/pr366_2303016/snapshot/unsolved_math_prioritization/attempts/2303016/TURN_1_STATE.json
 create mode 100644 draft_pr_descending_audit_20261002/audits/pr366_2303016/snapshot/unsolved_math_prioritization/attempts/2303016/final_review/CHECKS.json
 create mode 100644 draft_pr_descending_audit_20261002/audits/pr366_2303016/snapshot/unsolved_math_prioritization/attempts/2303016/final_review/REVIEW.md
 create mode 100644 draft_pr_descending_audit_20261002/audits/pr366_2303016/snapshot/unsolved_math_prioritization/attempts/2303016/final_review/REVIEW_MANIFEST.json
 create mode 100644 draft_pr_descending_audit_20261002/audits/pr366_2303016/snapshot/unsolved_math_prioritization/attempts/2303016/final_review/check.py
 create mode 100644 draft_pr_descending_audit_20261002/audits/pr366_2303016/snapshot/unsolved_math_prioritization/attempts/2303016/verify_turn1.py
 create mode 100644 draft_pr_descending_audit_20261002/audits/pr366_2303016/snapshot_manifest.json
 create mode 100644 draft_pr_descending_audit_20261002/audits/pr367_11000151/publication/GIT_PUBLICATION_RECEIPT.json
 create mode 100644 draft_pr_descending_audit_20261002/checkpoint_366_source_math_allowlist.json
 create mode 100644 draft_pr_descending_audit_20261002/root_compress_completed_370_372_streams.py
 create mode 100644 draft_pr_descending_audit_20261002/root_publish_366_checkpoint.py
 create mode 100644 draft_pr_descending_audit_20261002/root_remove_completed_module_caches_1720.py
