[main f91b355fc] Publish biconstrained boundary proof audits and preprint preparation
 157 files changed, 26679 insertions(+), 4 deletions(-)
 create mode 100644 draft_pr_descending_audit_20261002/audits/pr364_30004048/ROOT_CANDIDATE_ANALYTIC_SEAL.json
 create mode 100644 draft_pr_descending_audit_20261002/audits/pr364_30004048/ROOT_CURRENT_CATALOGUE_CONTEXT.json
 create mode 100644 draft_pr_descending_audit_20261002/audits/pr364_30004048/ROOT_PRIORITY_VERIFICATION.json
 create mode 100644 draft_pr_descending_audit_20261002/audits/pr364_30004048/ROOT_SOURCE_FIRST_SEAL.json
 create mode 100644 draft_pr_descending_audit_20261002/audits/pr364_30004048/acceptance_criteria.json
 create mode 100644 draft_pr_descending_audit_20261002/audits/pr364_30004048/graph_boundary_review/public/COMMAND_RECEIPTS.json
 create mode 100644 draft_pr_descending_audit_20261002/audits/pr364_30004048/graph_boundary_review/public/FINAL_REVIEW.md
 create mode 100644 draft_pr_descending_audit_20261002/audits/pr364_30004048/graph_boundary_review/public/FROZEN_EVIDENCE.json
 create mode 100644 draft_pr_descending_audit_20261002/audits/pr364_30004048/graph_boundary_review/public/GRAPH_CONTROLS.json
 create mode 100644 draft_pr_descending_audit_20261002/audits/pr364_30004048/graph_boundary_review/public/PUBLIC_MANIFEST.json
 create mode 100644 draft_pr_descending_audit_20261002/audits/pr364_30004048/graph_boundary_review/public/README.md
 create mode 100644 draft_pr_descending_audit_20261002/audits/pr364_30004048/graph_boundary_review/public/RESEARCH_LOG.md
 create mode 100644 draft_pr_descending_audit_20261002/audits/pr364_30004048/graph_boundary_review/public/SOURCE_RECEIPTS.json
 create mode 100644 draft_pr_descending_audit_20261002/audits/pr364_30004048/graph_boundary_review/public/candidate_analytic_assessment.md
 create mode 100644 draft_pr_descending_audit_20261002/audits/pr364_30004048/graph_boundary_review/public/candidate_analytic_seal.json
 create mode 100644 draft_pr_descending_audit_20261002/audits/pr364_30004048/graph_boundary_review/public/check_frozen_evidence.py
 create mode 100644 draft_pr_descending_audit_20261002/audits/pr364_30004048/graph_boundary_review/public/check_graph_boundaries.py
 create mode 100644 draft_pr_descending_audit_20261002/audits/pr364_30004048/graph_boundary_review/public/check_public_namespace.py
 create mode 100644 draft_pr_descending_audit_20261002/audits/pr364_30004048/graph_boundary_review/public/independent_graph_analysis.md
 create mode 100644 draft_pr_descending_audit_20261002/audits/pr364_30004048/graph_boundary_review/public/independent_source_seal.json
 create mode 100644 draft_pr_descending_audit_20261002/audits/pr364_30004048/polytope_duality_review/ANALYTIC_ASSESSMENT.md
 create mode 100644 draft_pr_descending_audit_20261002/audits/pr364_30004048/polytope_duality_review/ANALYTIC_SEAL.json
 create mode 100644 draft_pr_descending_audit_20261002/audits/pr364_30004048/polytope_duality_review/BINDING_RECEIPT.json
 create mode 100644 draft_pr_descending_audit_20261002/audits/pr364_30004048/polytope_duality_review/CONTROLS.json
 create mode 100644 draft_pr_descending_audit_20261002/audits/pr364_30004048/polytope_duality_review/CROSSCHECK.md
 create mode 100644 draft_pr_descending_audit_20261002/audits/pr364_30004048/polytope_duality_review/FINAL_REPORT.md
 create mode 100644 draft_pr_descending_audit_20261002/audits/pr364_30004048/polytope_duality_review/PUBLIC_MANIFEST.json
 create mode 100644 draft_pr_descending_audit_20261002/audits/pr364_30004048/polytope_duality_review/README.md
 create mode 100644 draft_pr_descending_audit_20261002/audits/pr364_30004048/polytope_duality_review/REPLAY_RECEIPT.json
 create mode 100644 draft_pr_descending_audit_20261002/audits/pr364_30004048/polytope_duality_review/RESEARCH_LOG.md
 create mode 100644 draft_pr_descending_audit_20261002/audits/pr364_30004048/polytope_duality_review/SOURCE_MECHANISM.md
 create mode 100644 draft_pr_descending_audit_20261002/audits/pr364_30004048/polytope_duality_review/SOURCE_MECHANISM_SEAL.json
 create mode 100644 draft_pr_descending_audit_20261002/audits/pr364_30004048/polytope_duality_review/independent_controls.py
 create mode 100644 draft_pr_descending_audit_20261002/audits/pr364_30004048/polytope_duality_review/verify_review.py
 create mode 100644 draft_pr_descending_audit_20261002/audits/pr364_30004048/preprint/.gitignore
 create mode 100644 draft_pr_descending_audit_20261002/audits/pr364_30004048/preprint/FINAL_PRE_REVIEW_QA.json
 create mode 100644 draft_pr_descending_audit_20261002/audits/pr364_30004048/preprint/INITIAL_REVIEW_PACKAGE.json
 create mode 100644 draft_pr_descending_audit_20261002/audits/pr364_30004048/preprint/PREPARATION_QA.json
 create mode 100644 draft_pr_descending_audit_20261002/audits/pr364_30004048/preprint/biconstrained-asymmetry-verification.zip
 create mode 100644 draft_pr_descending_audit_20261002/audits/pr364_30004048/preprint/biconstrained_asymmetry.pdf
 create mode 100644 draft_pr_descending_audit_20261002/audits/pr364_30004048/preprint/biconstrained_asymmetry.tex
 create mode 100644 draft_pr_descending_audit_20261002/audits/pr364_30004048/preprint/verification/MANIFEST.json
 create mode 100644 draft_pr_descending_audit_20261002/audits/pr364_30004048/preprint/verification/PRIORITY_REPORT.md
 create mode 100644 draft_pr_descending_audit_20261002/audits/pr364_30004048/preprint/verification/README.md
 create mode 100644 draft_pr_descending_audit_20261002/audits/pr364_30004048/preprint/verification/SOURCE_RECEIPTS.json
 create mode 100644 draft_pr_descending_audit_20261002/audits/pr364_30004048/preprint/verification/audits/graph_boundary/COMMAND_RECEIPTS.json
 create mode 100644 draft_pr_descending_audit_20261002/audits/pr364_30004048/preprint/verification/audits/graph_boundary/FINAL_REVIEW.md
 create mode 100644 draft_pr_descending_audit_20261002/audits/pr364_30004048/preprint/verification/audits/graph_boundary/FROZEN_EVIDENCE.json
 create mode 100644 draft_pr_descending_audit_20261002/audits/pr364_30004048/preprint/verification/audits/graph_boundary/GRAPH_CONTROLS.json
 create mode 100644 draft_pr_descending_audit_20261002/audits/pr364_30004048/preprint/verification/audits/graph_boundary/PUBLIC_MANIFEST.json
 create mode 100644 draft_pr_descending_audit_20261002/audits/pr364_30004048/preprint/verification/audits/graph_boundary/README.md
 create mode 100644 draft_pr_descending_audit_20261002/audits/pr364_30004048/preprint/verification/audits/graph_boundary/RESEARCH_LOG.md
 create mode 100644 draft_pr_descending_audit_20261002/audits/pr364_30004048/preprint/verification/audits/graph_boundary/SOURCE_RECEIPTS.json
 create mode 100644 draft_pr_descending_audit_20261002/audits/pr364_30004048/preprint/verification/audits/graph_boundary/candidate_analytic_assessment.md
 create mode 100644 draft_pr_descending_audit_20261002/audits/pr364_30004048/preprint/verification/audits/graph_boundary/candidate_analytic_seal.json
 create mode 100644 draft_pr_descending_audit_20261002/audits/pr364_30004048/preprint/verification/audits/graph_boundary/check_frozen_evidence.py
 create mode 100644 draft_pr_descending_audit_20261002/audits/pr364_30004048/preprint/verification/audits/graph_boundary/check_graph_boundaries.py
 create mode 100644 draft_pr_descending_audit_20261002/audits/pr364_30004048/preprint/verification/audits/graph_boundary/check_public_namespace.py
 create mode 100644 draft_pr_descending_audit_20261002/audits/pr364_30004048/preprint/verification/audits/graph_boundary/independent_graph_analysis.md
 create mode 100644 draft_pr_descending_audit_20261002/audits/pr364_30004048/preprint/verification/audits/graph_boundary/independent_source_seal.json
 create mode 100644 draft_pr_descending_audit_20261002/audits/pr364_30004048/preprint/verification/audits/polytope_duality/ANALYTIC_ASSESSMENT.md
 create mode 100644 draft_pr_descending_audit_20261002/audits/pr364_30004048/preprint/verification/audits/polytope_duality/ANALYTIC_SEAL.json
 create mode 100644 draft_pr_descending_audit_20261002/audits/pr364_30004048/preprint/verification/audits/polytope_duality/BINDING_RECEIPT.json
 create mode 100644 draft_pr_descending_audit_20261002/audits/pr364_30004048/preprint/verification/audits/polytope_duality/CONTROLS.json
 create mode 100644 draft_pr_descending_audit_20261002/audits/pr364_30004048/preprint/verification/audits/polytope_duality/CROSSCHECK.md
 create mode 100644 draft_pr_descending_audit_20261002/audits/pr364_30004048/preprint/verification/audits/polytope_duality/FINAL_REPORT.md
 create mode 100644 draft_pr_descending_audit_20261002/audits/pr364_30004048/preprint/verification/audits/polytope_duality/PUBLIC_MANIFEST.json
 create mode 100644 draft_pr_descending_audit_20261002/audits/pr364_30004048/preprint/verification/audits/polytope_duality/README.md
 create mode 100644 draft_pr_descending_audit_20261002/audits/pr364_30004048/preprint/verification/audits/polytope_duality/REPLAY_RECEIPT.json
 create mode 100644 draft_pr_descending_audit_20261002/audits/pr364_30004048/preprint/verification/audits/polytope_duality/RESEARCH_LOG.md
 create mode 100644 draft_pr_descending_audit_20261002/audits/pr364_30004048/preprint/verification/audits/polytope_duality/SOURCE_MECHANISM.md
 create mode 100644 draft_pr_descending_audit_20261002/audits/pr364_30004048/preprint/verification/audits/polytope_duality/SOURCE_MECHANISM_SEAL.json
 create mode 100644 draft_pr_descending_audit_20261002/audits/pr364_30004048/preprint/verification/audits/polytope_duality/independent_controls.py
 create mode 100644 draft_pr_descending_audit_20261002/audits/pr364_30004048/preprint/verification/audits/polytope_duality/verify_review.py
 create mode 100644 draft_pr_descending_audit_20261002/audits/pr364_30004048/preprint/verification/audits/priority/FINAL_SEAL.json
 create mode 100644 draft_pr_descending_audit_20261002/audits/pr364_30004048/preprint/verification/audits/priority/PRIORITY_REPORT.md
 create mode 100644 draft_pr_descending_audit_20261002/audits/pr364_30004048/preprint/verification/audits/priority/PUBLIC_MANIFEST.json
 create mode 100644 draft_pr_descending_audit_20261002/audits/pr364_30004048/preprint/verification/audits/priority/README.md
 create mode 100644 draft_pr_descending_audit_20261002/audits/pr364_30004048/preprint/verification/audits/priority/RESEARCH_LOG.md
 create mode 100644 draft_pr_descending_audit_20261002/audits/pr364_30004048/preprint/verification/audits/priority/SEARCH_COVERAGE.json
 create mode 100644 draft_pr_descending_audit_20261002/audits/pr364_30004048/preprint/verification/audits/priority/SOURCE_IDENTITIES.json
 create mode 100644 draft_pr_descending_audit_20261002/audits/pr364_30004048/preprint/verification/biconstrained_asymmetry.tex
 create mode 100644 draft_pr_descending_audit_20261002/audits/pr364_30004048/preprint/verification/controls/graph_boundary_controls.py
 create mode 100644 draft_pr_descending_audit_20261002/audits/pr364_30004048/preprint/verification/controls/graph_boundary_expected.json
 create mode 100644 draft_pr_descending_audit_20261002/audits/pr364_30004048/preprint/verification/controls/polytope_controls.py
 create mode 100644 draft_pr_descending_audit_20261002/audits/pr364_30004048/preprint/verification/controls/polytope_expected.json
 create mode 100644 draft_pr_descending_audit_20261002/audits/pr364_30004048/preprint/verification/reference/CURRENT_STATE.json
 create mode 100644 draft_pr_descending_audit_20261002/audits/pr364_30004048/preprint/verification/reference/CURRENT_STATE_T1.json
 create mode 100644 draft_pr_descending_audit_20261002/audits/pr364_30004048/preprint/verification/reference/CURRENT_STATE_T2.json
 create mode 100644 draft_pr_descending_audit_20261002/audits/pr364_30004048/preprint/verification/reference/CURRENT_STATE_T3.json
 create mode 100644 draft_pr_descending_audit_20261002/audits/pr364_30004048/preprint/verification/reference/DISPOSITION.json
 create mode 100644 draft_pr_descending_audit_20261002/audits/pr364_30004048/preprint/verification/reference/FINAL_AUTHOR_MANIFEST.json
 create mode 100644 draft_pr_descending_audit_20261002/audits/pr364_30004048/preprint/verification/reference/FINAL_README.md
 create mode 100644 draft_pr_descending_audit_20261002/audits/pr364_30004048/preprint/verification/reference/FINAL_REVIEW_REQUEST.md
 create mode 100644 draft_pr_descending_audit_20261002/audits/pr364_30004048/preprint/verification/reference/PRIOR_GATE.json
 create mode 100644 draft_pr_descending_audit_20261002/audits/pr364_30004048/preprint/verification/reference/PUBLICATION_MANIFEST.json
 create mode 100644 draft_pr_descending_audit_20261002/audits/pr364_30004048/preprint/verification/reference/PUBLICATION_STATUS.md
 create mode 100644 draft_pr_descending_audit_20261002/audits/pr364_30004048/preprint/verification/reference/RESULT.md
 create mode 100644 draft_pr_descending_audit_20261002/audits/pr364_30004048/preprint/verification/reference/SOURCE_ADDITION_T3.json
 create mode 100644 draft_pr_descending_audit_20261002/audits/pr364_30004048/preprint/verification/reference/SOURCE_GATE_MANIFEST.json
 create mode 100644 draft_pr_descending_audit_20261002/audits/pr364_30004048/preprint/verification/reference/SOURCE_MANIFEST.json
 create mode 100644 draft_pr_descending_audit_20261002/audits/pr364_30004048/preprint/verification/reference/SOURCE_SCOPE.md
 create mode 100644 draft_pr_descending_audit_20261002/audits/pr364_30004048/preprint/verification/reference/TURN_1.md
 create mode 100644 draft_pr_descending_audit_20261002/audits/pr364_30004048/preprint/verification/reference/TURN_1_CHECKS.json
 create mode 100644 draft_pr_descending_audit_20261002/audits/pr364_30004048/preprint/verification/reference/TURN_1_LOG.md
 create mode 100644 draft_pr_descending_audit_20261002/audits/pr364_30004048/preprint/verification/reference/TURN_1_MANIFEST.json
 create mode 100644 draft_pr_descending_audit_20261002/audits/pr364_30004048/preprint/verification/reference/TURN_2.md
 create mode 100644 draft_pr_descending_audit_20261002/audits/pr364_30004048/preprint/verification/reference/TURN_2_CERTIFICATE.json
 create mode 100644 draft_pr_descending_audit_20261002/audits/pr364_30004048/preprint/verification/reference/TURN_2_CHECKS.json
 create mode 100644 draft_pr_descending_audit_20261002/audits/pr364_30004048/preprint/verification/reference/TURN_2_LOG.md
 create mode 100644 draft_pr_descending_audit_20261002/audits/pr364_30004048/preprint/verification/reference/TURN_2_MANIFEST.json
 create mode 100644 draft_pr_descending_audit_20261002/audits/pr364_30004048/preprint/verification/reference/TURN_3.md
 create mode 100644 draft_pr_descending_audit_20261002/audits/pr364_30004048/preprint/verification/reference/TURN_3_CERTIFICATE.json
 create mode 100644 draft_pr_descending_audit_20261002/audits/pr364_30004048/preprint/verification/reference/TURN_3_CHECKS.json
 create mode 100644 draft_pr_descending_audit_20261002/audits/pr364_30004048/preprint/verification/reference/TURN_3_LOG.md
 create mode 100644 draft_pr_descending_audit_20261002/audits/pr364_30004048/preprint/verification/reference/TURN_3_MANIFEST.json
 create mode 100644 draft_pr_descending_audit_20261002/audits/pr364_30004048/preprint/verification/reference/review/ADVERSARIAL_REVIEW.md
 create mode 100644 draft_pr_descending_audit_20261002/audits/pr364_30004048/preprint/verification/reference/review/AUTHOR_REPLAY.json
 create mode 100644 draft_pr_descending_audit_20261002/audits/pr364_30004048/preprint/verification/reference/review/INDEPENDENT_CHECKS.json
 create mode 100644 draft_pr_descending_audit_20261002/audits/pr364_30004048/preprint/verification/reference/review/INTEGRITY.json
 create mode 100644 draft_pr_descending_audit_20261002/audits/pr364_30004048/preprint/verification/reference/review/README.md
 create mode 100644 draft_pr_descending_audit_20261002/audits/pr364_30004048/preprint/verification/reference/review/REMOTE_BINDING.json
 create mode 100644 draft_pr_descending_audit_20261002/audits/pr364_30004048/preprint/verification/reference/review/REVIEW_MANIFEST.json
 create mode 100644 draft_pr_descending_audit_20261002/audits/pr364_30004048/preprint/verification/reference/review/check_independent.py
 create mode 100644 draft_pr_descending_audit_20261002/audits/pr364_30004048/preprint/verification/reference/verify_turn1.py
 create mode 100644 draft_pr_descending_audit_20261002/audits/pr364_30004048/preprint/verification/reference/verify_turn2.py
 create mode 100644 draft_pr_descending_audit_20261002/audits/pr364_30004048/preprint/verification/reference/verify_turn3.py
 create mode 100644 draft_pr_descending_audit_20261002/audits/pr364_30004048/preprint/verification/verify_package.py
 create mode 100644 draft_pr_descending_audit_20261002/audits/pr364_30004048/preprint/zenodo-deposit.json
 create mode 100644 draft_pr_descending_audit_20261002/audits/pr364_30004048/priority_review/FINAL_SEAL.json
 create mode 100644 draft_pr_descending_audit_20261002/audits/pr364_30004048/priority_review/PRIORITY_REPORT.md
 create mode 100644 draft_pr_descending_audit_20261002/audits/pr364_30004048/priority_review/PUBLIC_MANIFEST.json
 create mode 100644 draft_pr_descending_audit_20261002/audits/pr364_30004048/priority_review/README.md
 create mode 100644 draft_pr_descending_audit_20261002/audits/pr364_30004048/priority_review/RESEARCH_LOG.md
 create mode 100644 draft_pr_descending_audit_20261002/audits/pr364_30004048/priority_review/SEARCH_COVERAGE.json
 create mode 100644 draft_pr_descending_audit_20261002/audits/pr364_30004048/priority_review/SOURCE_IDENTITIES.json
 create mode 100644 draft_pr_descending_audit_20261002/audits/pr364_30004048/remote_original.json
 create mode 100644 draft_pr_descending_audit_20261002/audits/pr364_30004048/root_closed_families_receipt.json
 create mode 100644 draft_pr_descending_audit_20261002/audits/pr364_30004048/root_prepare_preprint_package.py
 create mode 100644 draft_pr_descending_audit_20261002/audits/pr364_30004048/root_reproduce_closed_families.py
 create mode 100644 draft_pr_descending_audit_20261002/audits/pr365_2303002/GIT_PUBLICATION_RECEIPT.json
 create mode 100644 draft_pr_descending_audit_20261002/checkpoint_364_preprint_allowlist.json
 create mode 100644 draft_pr_descending_audit_20261002/checkpoint_365_corrective_commit.stderr
 create mode 100644 draft_pr_descending_audit_20261002/checkpoint_365_corrective_commit.stdout
 create mode 100644 draft_pr_descending_audit_20261002/checkpoint_365_corrective_push.stderr
 create mode 100644 draft_pr_descending_audit_20261002/checkpoint_365_corrective_push.stdout
 create mode 100644 draft_pr_descending_audit_20261002/checkpoint_365_corrective_stage.stderr
 create mode 100644 draft_pr_descending_audit_20261002/checkpoint_365_corrective_stage.stdout
 create mode 100644 draft_pr_descending_audit_20261002/checkpoint_365_final_publication_receipt.json
 create mode 100644 draft_pr_descending_audit_20261002/root_publish_364_preprint_checkpoint.py
