{
  "postseal": true,
  "candidate_imports": [],
  "random_seed": 380882,
  "assertions": 61200,
  "random_defect_pairs": 30000,
  "largest_observed_defect": 1,
  "commutator_power_range": [
    1,
    200
  ],
  "abelian_exponent_vector": [
    0,
    0
  ],
  "homogenized_count_value_on_commutator": 1,
  "rigorous_defect_bound_from_cancellation_proof": 3,
  "homogenized_defect_bound": 6,
  "derived_subgroup_unbounded": true,
  "stable_group_norm_lower_bound": "1/6",
  "abelian_lp_value": "0",
  "all_passed": true,
  "scope": "Exact controls supplement the written cancellation proof; finite observations alone do not establish the defect bound."
}
