{
  "recorded_at_utc": "2026-10-02T11:27:49.443939+00:00",
  "status": "PASS",
  "errors": [],
  "candidate_manifest_sha256": "054b156eb6d44903eadeffeda2012a23c68db530b514294830cc0f45c7b93912",
  "candidate_members_plus_self": [
    1499,
    1
  ],
  "current_dependency_count": 1472,
  "support_member_count": 1269,
  "closed_families": [
    {
      "name": "primary_scope_family",
      "count": 52,
      "manifest_sha256": "56cbbc079ee9f05dd3f43f75b068bfc1ec691a363f44ab94054925a0cedba09c"
    },
    {
      "name": "current_measure_family",
      "count": 63,
      "manifest_sha256": "1e6905dddeb96b57e8d5362724947ab2862791ded39f174b4de4b57c850d0082"
    },
    {
      "name": "trace_geometry_family",
      "count": 54,
      "manifest_sha256": "82ec472f35d4e4b45dea5128c58e2d0ec61318c285bcf9ca5e88de3bf5d2aeac"
    }
  ],
  "valid_JSON_counts": {
    "candidate": 454,
    "support": 363,
    "dependency_members": 436
  },
  "python_AST_count": 395,
  "actual_run_counts": {
    "outer": 12,
    "nested": 108,
    "administrative": 2
  },
  "whole_original30_72_replay_checks": [
    {
      "assertions": 30,
      "whole_byte_equal": true,
      "whole_json_equal": true,
      "sha256": "4c9ca020c8dbeee8ed8b8eae4e095d1e4a7cd78e44cf7a625c512bd817786850"
    },
    {
      "assertions": 72,
      "whole_byte_equal": true,
      "whole_json_equal": true,
      "sha256": "863573822215b96c505034148b25a1d02084fb5de6a5bb64e0d718ce469669bc"
    }
  ],
  "full_structured_comparisons_independently_checked": [
    {
      "label": "trace_complete_eight_run_receipt",
      "whole_BYTE_equal": false,
      "complete_JSON_equal_after_clock_and_path": false,
      "qualified_residuals": [
        {
          "path": "$/runs/2/stderr_sha256",
          "actual": "6d430884638f66d76296db731fbb93aa85c23f295722b92d057f98b56bb90c62",
          "saved": "8525c792da4a862c0e08d9fa6bec178e055e9b304573606b9ed2b3f29b2cbdd8"
        },
        {
          "path": "$/runs/3/stderr_sha256",
          "actual": "d12bedd38bca008da0a0c6cce44b97362a7efbff8c6c5a7b6eda75e072050775",
          "saved": "b015efed7ad9af1ac8b9c5382e397c40808d1a89cbb08a3d9ad212dd8256281e"
        },
        {
          "path": "$/runs/4/stderr_sha256",
          "actual": "a288f9f2c033868db4e721f8c7626a5639133f1f78a6f03bc2ea85892a5ba913",
          "saved": "1fd6138d5fdab7c9d1e43e5f9b1a60e69d271d8757294e776065264355aea531"
        },
        {
          "path": "$/runs/5/stderr_sha256",
          "actual": "65a57036906164210458e72068e1d8c5234fec8c7fe936f532cfd4315f04d7b6",
          "saved": "9dfccb5fce83949e4ce85f0655f7df67d8932c3fb9e6c368cf07b0b187bf87be"
        },
        {
          "path": "$/runs/6/stderr_sha256",
          "actual": "9ff4e0ebbb8c366d9d11ee3a385914de5dc551fc2aa0a73d435a0d2c9630ba5c",
          "saved": "0e96a7bb3bd82351f610c791b328ba73457111aa00bdd1edc9c3ec7382a0e4fa"
        }
      ]
    },
    {
      "label": "primary_author_and_runtime_controls_whole_JSON",
      "whole_BYTE_equal": false,
      "complete_JSON_equal_after_clock_and_path": true,
      "qualified_residuals": []
    },
    {
      "label": "primary_independent_controls_whole_JSON",
      "whole_BYTE_equal": false,
      "complete_JSON_equal_after_clock_and_path": true,
      "qualified_residuals": []
    },
    {
      "label": "primary_source_accounting_controls_whole_JSON",
      "whole_BYTE_equal": false,
      "complete_JSON_equal_after_clock_and_path": true,
      "qualified_residuals": []
    },
    {
      "label": "primary_full_dated_current_metadata",
      "whole_BYTE_equal": false,
      "complete_JSON_equal_after_clock_and_path": false,
      "qualified_residuals": [
        {
          "path": "$/history_target/sha256",
          "actual": "eba0b21807bfe75625941980210440e538ddd983bf8adfdaed25f149e9d8b809",
          "saved": "cdd5ed407477ae8ec7fda54084f7071c57260371086fa8433abed5a0d1fa966c"
        },
        {
          "path": "$/state.json/bytes",
          "actual": 76865,
          "saved": 71014
        },
        {
          "path": "$/state.json/sha256",
          "actual": "f4445d1fb046f575435533b7cb1ae98e6ddb1649f6c875b1282c38c254549114",
          "saved": "77ae2c450cbdeb83517e9d1197fa90e61b6980472521cb729c2b5d5da7432b54"
        }
      ]
    },
    {
      "label": "current_measure_whole_replay_inputs.json",
      "whole_BYTE_equal": false,
      "complete_JSON_equal_after_clock_and_path": true,
      "qualified_residuals": []
    },
    {
      "label": "current_measure_whole_replay_results.json",
      "whole_BYTE_equal": false,
      "complete_JSON_equal_after_clock_and_path": false,
      "qualified_residuals": [
        {
          "path": "$/negative_controls/0/stderr_bytes",
          "actual": 689,
          "saved": 519
        },
        {
          "path": "$/negative_controls/0/stderr_sha256",
          "actual": "19e5fb2fdfc2a1e5d9451401167f306eb823fd708737c493c42927f04fd24f7a",
          "saved": "d3d030290109b79602a34d28ca5c89e231a035e5b8131115448f07c7f11de4d2"
        },
        {
          "path": "$/negative_controls/1/stderr_bytes",
          "actual": 710,
          "saved": 540
        },
        {
          "path": "$/negative_controls/1/stderr_sha256",
          "actual": "7f451d8694be932a8b44670bdf08bc10ec2685e21310b9a3b2a9111f1181b3d0",
          "saved": "cb25cf36930a751fa3b329cfb90a0a19f2be60c7bdbadb5a63fbe6887836a487"
        }
      ]
    }
  ],
  "live_native_preimages_checked": 13,
  "original17_diff_BYTE_equal": true,
  "full_raw_and_SQL_importer_join_checked": {
    "raw_problems": 15458,
    "raw_reports": 6701,
    "SQL_records": 15458,
    "mode": "ro+immutable+query_only"
  },
  "scope": "Every complete current/dependency/support byte traversed and recorded; complete JSON objects parsed except exactly pinned mutation inputs with raw provenance. Human semantic reading ledger is separate. No all-metric mathematical proof is supplied by these finite provenance checks. No candidate tool executed and no shared state changed."
}
