{
  "cases": [
    {
      "category": "positive",
      "complete_raw_output_equal": true,
      "exact_types": true,
      "exit_code": 0,
      "expected_exit": 0,
      "identity": "independent_complete_embedding",
      "reason": "exact coordinate checks passed",
      "stderr": "",
      "stderr_sha256": "e3b0c44298fc1c149afbf4c8996fb92427ae41e4649b934ca495991b7852b855",
      "stdout": "{\"arithmetic\": \"integer pairs and exact rational parsing\", \"columns\": 225, \"general_projector\": {\"independent_real_variables\": 24, \"nonzero_coordinate_polynomials\": 495, \"polynomial_terms_after_cancellation\": 11760, \"verified_exterior_coordinates\": 495}, \"gram_diagonal\": {\"1\": 15, \"2\": 210}, \"mixed_minors\": 9, \"phi_trace\": true, \"python_optimization\": 1, \"q_pure_trace\": true, \"rank\": 225, \"readonly\": null, \"status\": \"PASS\"}\n",
      "stdout_sha256": "047b00fd97b794aca91024333938d5196c75d0a53be3a1fdfa7bcbdcd4dba12b"
    },
    {
      "category": "coordinate_matrix_mutants",
      "complete_raw_output_equal": true,
      "exact_types": true,
      "exit_code": 1,
      "expected_exit": 1,
      "identity": "global_orientation_sign",
      "reason": "COORDINATE_MISMATCH: column 0",
      "stderr": "",
      "stderr_sha256": "e3b0c44298fc1c149afbf4c8996fb92427ae41e4649b934ca495991b7852b855",
      "stdout": "{\"error\": \"COORDINATE_MISMATCH: column 0\", \"status\": \"FAIL\"}\n",
      "stdout_sha256": "b28eb869e39a375b0717bacb84b313d11e632bef5d1f381157406bc241192968"
    },
    {
      "category": "coordinate_matrix_mutants",
      "complete_raw_output_equal": true,
      "exact_types": true,
      "exit_code": 1,
      "expected_exit": 1,
      "identity": "missing_quarter_normalization",
      "reason": "COORDINATE_MISMATCH: column 0",
      "stderr": "",
      "stderr_sha256": "e3b0c44298fc1c149afbf4c8996fb92427ae41e4649b934ca495991b7852b855",
      "stdout": "{\"error\": \"COORDINATE_MISMATCH: column 0\", \"status\": \"FAIL\"}\n",
      "stdout_sha256": "b28eb869e39a375b0717bacb84b313d11e632bef5d1f381157406bc241192968"
    },
    {
      "category": "coordinate_matrix_mutants",
      "complete_raw_output_equal": true,
      "exact_types": true,
      "exit_code": 1,
      "expected_exit": 1,
      "identity": "conjugate_projector_imaginary_sign",
      "reason": "COORDINATE_MISMATCH: column 16",
      "stderr": "",
      "stderr_sha256": "e3b0c44298fc1c149afbf4c8996fb92427ae41e4649b934ca495991b7852b855",
      "stdout": "{\"error\": \"COORDINATE_MISMATCH: column 16\", \"status\": \"FAIL\"}\n",
      "stdout_sha256": "7d32bc97e4c7fcb0ee2a11be71241bf6a48a9a5befdc841ea517b2772a5e019f"
    },
    {
      "category": "coordinate_matrix_mutants",
      "complete_raw_output_equal": true,
      "exact_types": true,
      "exit_code": 1,
      "expected_exit": 1,
      "identity": "drop_real_offdiagonal",
      "reason": "COORDINATE_MISMATCH: column 15",
      "stderr": "",
      "stderr_sha256": "e3b0c44298fc1c149afbf4c8996fb92427ae41e4649b934ca495991b7852b855",
      "stdout": "{\"error\": \"COORDINATE_MISMATCH: column 15\", \"status\": \"FAIL\"}\n",
      "stdout_sha256": "77984710c023d38fffe7186edc4fa8468db8aa3906b83d7905650f3f9f20dbbe"
    },
    {
      "category": "coordinate_matrix_mutants",
      "complete_raw_output_equal": true,
      "exact_types": true,
      "exit_code": 1,
      "expected_exit": 1,
      "identity": "corrupt_pure_diagonal",
      "reason": "COORDINATE_MISMATCH: column 0",
      "stderr": "",
      "stderr_sha256": "e3b0c44298fc1c149afbf4c8996fb92427ae41e4649b934ca495991b7852b855",
      "stdout": "{\"error\": \"COORDINATE_MISMATCH: column 0\", \"status\": \"FAIL\"}\n",
      "stdout_sha256": "b28eb869e39a375b0717bacb84b313d11e632bef5d1f381157406bc241192968"
    },
    {
      "category": "coordinate_matrix_mutants",
      "complete_raw_output_equal": true,
      "exact_types": true,
      "exit_code": 1,
      "expected_exit": 1,
      "identity": "corrupt_mixed_diagonal",
      "reason": "COORDINATE_MISMATCH: column 2",
      "stderr": "",
      "stderr_sha256": "e3b0c44298fc1c149afbf4c8996fb92427ae41e4649b934ca495991b7852b855",
      "stdout": "{\"error\": \"COORDINATE_MISMATCH: column 2\", \"status\": \"FAIL\"}\n",
      "stdout_sha256": "944651ec64fdf06086e661f6287dfc9533c30fa56569b9bf532df1ad260e4097"
    },
    {
      "category": "certificate_schema_and_metadata_mutants",
      "complete_raw_output_equal": true,
      "exact_types": true,
      "exit_code": 1,
      "expected_exit": 1,
      "identity": "swap_hermitian_basis_label",
      "reason": "HERMITIAN_BASIS_ORDER",
      "stderr": "",
      "stderr_sha256": "e3b0c44298fc1c149afbf4c8996fb92427ae41e4649b934ca495991b7852b855",
      "stdout": "{\"error\": \"HERMITIAN_BASIS_ORDER\", \"status\": \"FAIL\"}\n",
      "stdout_sha256": "a108fd6ef904d99e59c9f280ca41e3ca4b972cf315e5f6abed4f4fb6ee058401"
    },
    {
      "category": "certificate_schema_and_metadata_mutants",
      "complete_raw_output_equal": true,
      "exact_types": true,
      "exit_code": 1,
      "expected_exit": 1,
      "identity": "reverse_complex_orientation_label",
      "reason": "REAL_BASIS_ORDER",
      "stderr": "",
      "stderr_sha256": "e3b0c44298fc1c149afbf4c8996fb92427ae41e4649b934ca495991b7852b855",
      "stdout": "{\"error\": \"REAL_BASIS_ORDER\", \"status\": \"FAIL\"}\n",
      "stdout_sha256": "c5cb9ce56f5529d59184e94a1632024d61579f4764314a127b4f06fe177b8110"
    },
    {
      "category": "certificate_schema_and_metadata_mutants",
      "complete_raw_output_equal": true,
      "exact_types": true,
      "exit_code": 1,
      "expected_exit": 1,
      "identity": "bivector_basis_permutation",
      "reason": "COMPLEX_BASIS_ORDER",
      "stderr": "",
      "stderr_sha256": "e3b0c44298fc1c149afbf4c8996fb92427ae41e4649b934ca495991b7852b855",
      "stdout": "{\"error\": \"COMPLEX_BASIS_ORDER\", \"status\": \"FAIL\"}\n",
      "stdout_sha256": "16c7d4f8db0190d8549a990519498ca5db510a425c898e26d569edbbd8c94f4a"
    },
    {
      "category": "certificate_schema_and_metadata_mutants",
      "complete_raw_output_equal": true,
      "exact_types": true,
      "exit_code": 1,
      "expected_exit": 1,
      "identity": "duplicate_exterior_entry",
      "reason": "ENTRY_ORDER_OR_DUPLICATE",
      "stderr": "",
      "stderr_sha256": "e3b0c44298fc1c149afbf4c8996fb92427ae41e4649b934ca495991b7852b855",
      "stdout": "{\"error\": \"ENTRY_ORDER_OR_DUPLICATE\", \"status\": \"FAIL\"}\n",
      "stdout_sha256": "11d3036a89364a1e539292544461cb50a3cb5601353d02416510eff27f15f126"
    },
    {
      "category": "certificate_schema_and_metadata_mutants",
      "complete_raw_output_equal": true,
      "exact_types": true,
      "exit_code": 1,
      "expected_exit": 1,
      "identity": "invalid_exact_denominator",
      "reason": "ENTRY_VALUE_PARSE",
      "stderr": "",
      "stderr_sha256": "e3b0c44298fc1c149afbf4c8996fb92427ae41e4649b934ca495991b7852b855",
      "stdout": "{\"error\": \"ENTRY_VALUE_PARSE\", \"status\": \"FAIL\"}\n",
      "stdout_sha256": "9fa3e6b3eb59c4758e3bf34f5c481fa806aff42e282207efbd1f56befcd8f5d7"
    },
    {
      "category": "certificate_schema_and_metadata_mutants",
      "complete_raw_output_equal": true,
      "exact_types": true,
      "exit_code": 1,
      "expected_exit": 1,
      "identity": "wrong_hermitian_gram_norm",
      "reason": "GRAM_METADATA",
      "stderr": "",
      "stderr_sha256": "e3b0c44298fc1c149afbf4c8996fb92427ae41e4649b934ca495991b7852b855",
      "stdout": "{\"error\": \"GRAM_METADATA\", \"status\": \"FAIL\"}\n",
      "stdout_sha256": "903acd226e45ab4698783cfb740dcf489b337e34552d3c8cd2511d5fbd6d56ed"
    },
    {
      "category": "certificate_schema_and_metadata_mutants",
      "complete_raw_output_equal": true,
      "exact_types": true,
      "exit_code": 1,
      "expected_exit": 1,
      "identity": "missing_inverse_norm_factor",
      "reason": "INVERSE_METADATA",
      "stderr": "",
      "stderr_sha256": "e3b0c44298fc1c149afbf4c8996fb92427ae41e4649b934ca495991b7852b855",
      "stdout": "{\"error\": \"INVERSE_METADATA\", \"status\": \"FAIL\"}\n",
      "stdout_sha256": "d48f49d3ec5ec59bfd7e5ff266a5181c34c1f6b7ae64eb6ff46e23b52a2840e3"
    },
    {
      "category": "certificate_schema_and_metadata_mutants",
      "complete_raw_output_equal": true,
      "exact_types": true,
      "exit_code": 1,
      "expected_exit": 1,
      "identity": "missing_embedding_column",
      "reason": "COLUMN_COUNT",
      "stderr": "",
      "stderr_sha256": "e3b0c44298fc1c149afbf4c8996fb92427ae41e4649b934ca495991b7852b855",
      "stdout": "{\"error\": \"COLUMN_COUNT\", \"status\": \"FAIL\"}\n",
      "stdout_sha256": "fbdfc419c2ffcf7b8b36e5d6b07151947af7898d123802ceb5a7bec23a384102"
    },
    {
      "category": "certificate_schema_and_metadata_mutants",
      "complete_raw_output_equal": true,
      "exact_types": true,
      "exit_code": 1,
      "expected_exit": 1,
      "identity": "unexpected_schema_field",
      "reason": "SCHEMA_KEYS",
      "stderr": "",
      "stderr_sha256": "e3b0c44298fc1c149afbf4c8996fb92427ae41e4649b934ca495991b7852b855",
      "stdout": "{\"error\": \"SCHEMA_KEYS\", \"status\": \"FAIL\"}\n",
      "stdout_sha256": "03234dda655c00bd5679829cad3072bcd09d3a5b39238087af6964544f9eed94"
    }
  ],
  "euid": 1000,
  "expected_mutant_rejections": 15,
  "external_theorem_reproved": false,
  "positive_checker_runs": 1,
  "problem_id": 30002816,
  "public_input_count": 9,
  "python_optimize": 1,
  "rejection_categories": {
    "certificate_schema_and_metadata_mutants": 9,
    "coordinate_matrix_mutants": 6
  },
  "schema": 1,
  "status": "passed",
  "uid": 1000,
  "whole_public_input_unchanged": true,
  "writing_author_generator": "NOT_RUN"
}
