{
  "source_scope": {
    "numeric_original_files": 13,
    "diff_files": 14,
    "original_body_only_folder_assertion": " unsolved. The campaign\u2019s single queue writer will add that row update to this branch; this commit only touches this problem\u2019s attempt folder.\n\nNo merge or release is requested.",
    "body_assertion_contradicted": true
  },
  "diff": {
    "sha256": "7ef73671ccd579fbb59d73588b861a9acb5f60bb0d03b3563ccb036975039f6a",
    "bytes": 55852,
    "git_diff_equal": true,
    "changed_paths": [
      "unsolved_math_prioritization/QUEUE.md",
      "unsolved_math_prioritization/attempts/10000046/PARTIAL.md",
      "unsolved_math_prioritization/attempts/10000046/RESEARCH_LOG.md",
      "unsolved_math_prioritization/attempts/10000046/prior_report.json",
      "unsolved_math_prioritization/attempts/10000046/readiness.json",
      "unsolved_math_prioritization/attempts/10000046/review/REVIEW.md",
      "unsolved_math_prioritization/attempts/10000046/review/independent_checks.py",
      "unsolved_math_prioritization/attempts/10000046/review/independent_results.json",
      "unsolved_math_prioritization/attempts/10000046/review/review_summary.json",
      "unsolved_math_prioritization/attempts/10000046/source_checksums.json",
      "unsolved_math_prioritization/attempts/10000046/source_record.json",
      "unsolved_math_prioritization/attempts/10000046/turns.jsonl",
      "unsolved_math_prioritization/attempts/10000046/verification.json",
      "unsolved_math_prioritization/attempts/10000046/verify.py"
    ]
  },
  "database": {
    "mode": "read-only URI plus query_only",
    "key": "10000046",
    "sqlite_types": [
      "text",
      "text",
      "text"
    ],
    "metadata_revision": [
      [
        "37e53eabe540fb458758e198be61634bd02ee008"
      ]
    ],
    "payload_equals_fresh": true,
    "report_equals_fresh": true,
    "payload_exact_import_serialization": true,
    "report_exact_import_serialization": true,
    "payload_TEXT_sha256": "06195d6cffa1ec889e13f979e6a7a099ca87d999360d33f18909d085f3fa5639",
    "report_TEXT_sha256": "b03a99a974b3379706be1a6664a5be0e1d7aeb700b2fba14329a1832bd59dea4",
    "review_hash_fresh_exact_queue_algorithm": "7113131d180ad4fc26f7c07dfcd858a7a4d2a8a66d520478b0b2105ca126e8f3",
    "statement_hash_fresh": "843571f90f1db50ceea703161b9882e11f19ad0a8c48fbb85e0a889538d013a0",
    "review_hash_original_readiness_matches": true,
    "statement_hash_original_readiness_matches": true
  },
  "queue_changed_cells": [
    8,
    9,
    11
  ],
  "queue_original_row": [
    {
      "literal": "| 50 | 10000046 / AMR-099-0046 | Nonintersecting couplings of random walks in dimensions three and four | 0.2560 | 5.5 | 3 | unknown | unsolved | 1/5 |  | 2026-09-30: Separate review passed the finite coupling reductions and source-scope audit. Existing2024 dimension-four progress is credited with its full-proof-audit caveat; dimension three and the combined original target remain unresolved. Unrestricted versus Markovian and full-range event distinctions are explicit; no campaign solution claim. Draft PR: https://github.com/AlecKriebel/Math/pull/33. |  |",
      "cells": [
        "50",
        "10000046 / AMR-099-0046",
        "Nonintersecting couplings of random walks in dimensions three and four",
        "0.2560",
        "5.5",
        "3",
        "unknown",
        "unsolved",
        "1/5",
        "",
        "2026-09-30: Separate review passed the finite coupling reductions and source-scope audit. Existing2024 dimension-four progress is credited with its full-proof-audit caveat; dimension three and the combined original target remain unresolved. Unrestricted versus Markovian and full-range event distinctions are explicit; no campaign solution claim. Draft PR: https://github.com/AlecKriebel/Math/pull/33.",
        ""
      ],
      "cell_count": 12
    }
  ],
  "live_queue_row": [
    {
      "literal": "| 50 | 10000046 / AMR-099-0046 | Nonintersecting couplings of random walks in dimensions three and four | 0.2560 | 5.5 | 3 | unknown | queued | 0/5 |  |  |  |",
      "cells": [
        "50",
        "10000046 / AMR-099-0046",
        "Nonintersecting couplings of random walks in dimensions three and four",
        "0.2560",
        "5.5",
        "3",
        "unknown",
        "queued",
        "0/5",
        "",
        "",
        ""
      ],
      "cell_count": 12
    }
  ],
  "live_canonical_state": null,
  "all_original_blob_bindings_pass": true,
  "old_review_bindings": {
    "reviewed_sha256": true,
    "review_sha256": true,
    "independent_check_sha256": true,
    "independent_receipt_sha256": true
  },
  "github_inventory_count": 290,
  "prior_full": {
    "classification": "OPEN-TRIAGE",
    "wording_corrected": "no",
    "difficulty_suggested": null,
    "problem": "Can two simple random walks on $\\mathbb Z^3$ or $\\mathbb Z^4$, started at distance $10$, be coupled so their paths are disjoint with positive probability? (Saint-Flour, Open Problem.)",
    "status_literature": "Listed as open. In $d\\ge5$ such couplings exist via transience + EIT; in $d=3,4$ (polynomially recurrent/transient boundary) it is delicate. Related to \"nonintersection probability\" and Kapri\u2013... I did not find a settled answer.",
    "work_done": "Web + arXiv search; no resolution located.",
    "result": "Open (triage).",
    "what_remains": "Decide existence of disjoint couplings in $d=3,4$."
  }
}
