{
  "baseline": {
    "verify.py": {
      "returncode": 0,
      "stdout_sha256": "2d47b2a6c68671b3a5691308c22d6fbce8742690f616b791879a415f6a20b197",
      "stderr": "",
      "original_code_sha256": "ea017ad7a9a89807a424c803047af840c2a48bbcd87504397a2769ef1ea0e564",
      "copied_code_sha256": "ea017ad7a9a89807a424c803047af840c2a48bbcd87504397a2769ef1ea0e564",
      "code_unchanged": true,
      "receipt_bytes_equal": true,
      "receipt_structurally_equal": true,
      "generated_receipt_bytes_equal": true
    },
    "review/independent_checks.py": {
      "returncode": 0,
      "stdout_sha256": "e3af17200b82e16ccb317a7d0c193ea03468d8237a75066bc726c7365df901d9",
      "stderr": "",
      "original_code_sha256": "76c6b258ec780fe296d16a79106e00dfaa84a5d5d0358d5338acbd148de97caa",
      "copied_code_sha256": "76c6b258ec780fe296d16a79106e00dfaa84a5d5d0358d5338acbd148de97caa",
      "code_unchanged": true,
      "receipt_bytes_equal": true,
      "receipt_structurally_equal": true
    }
  },
  "binding_variants": 9,
  "prose_mutants": 3,
  "queue_probe": {
    "generated_selected_row": "| 1 | 10000046 / AMR-099-0046 | Nonintersecting couplings of random walks in dimensions three and four | 0.2560 | 3 | unknown | queued | 0/5 |",
    "generated_cell_count": 8,
    "protected_input_cell_count": 12,
    "protected_input_was_live_full_queue_copy": true,
    "findings_chat_doi_impact_columns_lost": true,
    "actual_rank_executed_only_on_private_synthetic_input": true
  },
  "cache_negative_controls": [
    {
      "name": "payload_changed",
      "actual_require_cache_accepted": true,
      "error": null,
      "binding_control_rejects": true
    },
    {
      "name": "null_report",
      "actual_require_cache_accepted": true,
      "error": null,
      "binding_control_rejects": true
    },
    {
      "name": "deleted_report_default_empty",
      "actual_require_cache_accepted": true,
      "error": null,
      "binding_control_rejects": true
    }
  ],
  "protected_unchanged": true
}
