{
  "utc": "2026-10-02T03:11:30.617371+00:00",
  "pass": true,
  "original_head": "de5877c38bf3604f0a8e074af7a9c55fca334522",
  "actual_and_metadata_base": "c6975ca76f9f667f1250ba403d0e6da2aafe14d0",
  "programs": [
    {
      "program": "controls.py",
      "exit": 0,
      "stdout_bytes": 1252,
      "stderr_bytes": 0
    },
    {
      "program": "check_certificates.py",
      "exit": 0,
      "stdout_bytes": 181,
      "stderr_bytes": 0
    },
    {
      "program": "mutation_checks.py",
      "exit": 0,
      "stdout_bytes": 1357,
      "stderr_bytes": 0
    }
  ],
  "deterministic_outputs": [
    {
      "file": "certificates.json",
      "bytes": 204701,
      "byte_identical": true,
      "sha256": "ea6f5d4cc1a310aea2d6aa65691a1d0392eefdd8ac34e206e22ca5bb5531bb87"
    },
    {
      "file": "controls_results.json",
      "bytes": 1252,
      "byte_identical": true,
      "sha256": "97945cc85243082927c94abd5c57757c2cabef49bd932ba3b215a398ee97a098"
    },
    {
      "file": "MUTATION_RESULTS.json",
      "bytes": 1357,
      "byte_identical": true,
      "sha256": "94149ee156a94859265cf0214929704e45a3f0ce137a2cab8020020647f3a17c"
    }
  ],
  "frozen_diff_unchanged": true,
  "seal_sha256": "38b28b94489bcc8b420edf8b8c205bec20953dd2c5aa06f7cddb038dc43f4c33",
  "scope": "No imports from old implementations, no shared-state/Git/queue mutation; adds 0 attempts."
}
