DOUBLELEX LRAT HOSTILE REVIEW FINAL LOG
date=2026-07-26
verdict=ACCEPT_EXACT_DOUBLELEX_CNF_UNSAT_ONLY
transfer_to_graph_exclusion=OUT_OF_SCOPE_SEPARATE_AUDIT_REQUIRED
universal_gamma_theta_claim=NONE

author_package=certificates/order12_k4_doublelex_seed0_lrat
author_package_file_count=35
author_package_total_size_bytes=260029326
author_package_inventory_sha256=0814a4f435f9a50784eb12dcd99116f5b4529587a78723bff328dcec86ec7113
author_certificate_sha256=a21bd3db71fb271965859237d7665c5d0c38d32d061fdf3eda285c014e366991
author_artifact_manifest_sha256=846a646ba951569f50a76b562fdc8ec005dcf0f06ff57e48b4e3d4d330fbd607

review_md_sha256=fb95934b5d5acd75c9f6deb9142be3b903900f5abd02a5cc21d9884788f38395
review_md_size_bytes=7519
hostile_audit_sha256=950a7f787b8d3b1e5d6637c2bfded821925865b14d1615f1808b97ebcc0b6826
hostile_evidence_sha256=2651f9d286582c068fb872acf862b82c4d4ab8e5fc07f6b99825b9335dd40b63
prepare_evidence_sha256=df7390ff6fa7b7205ba954c444e2e723fc716581a0ad0a7c8caec83162026338

formula_sha256=14284db1f0b9cfb37b91d834fbabac1d0ca06d36e0d2782683e35cbd04a976e7
formula_size_bytes=4030657
formula_variables=18381
formula_clauses=115507
formula_literals=1190774
formula_reconstruction=PASS_BYTE_IDENTICAL
parent_sha256=adbe0c01614bae6cd3aed4ccdcd45a757ca56e7ef9c4f2f280f2d8ef200e40ac
doublelex_suffix_sha256=328eeeaadc688bbce63fd3ffd952f86a4eb9209e6d0abf5542979fe54ebdbbe0
doublelex_suffix_clauses=765
doublelex_suffix_literals=10758

raw_bdrat_sha256=ed3975c5f0cfbe9475c607e440c0ddc012722d0fe68b797e693149fd6f7d5c51
raw_bdrat_size_bytes=32987136
raw_records=1378975
raw_additions=640854
raw_deletions=738121
raw_literals=22445080
raw_addition_literals=10668019
raw_unique_empty_record=1378975
raw_post_empty_records=0
raw_strict_parse=PASS

normalized_bdrat_sha256=2741335a5ed9af769f0db4bd0c03a70e414d0568681d5b8261a5667ed30b6686
normalized_bdrat_size_bytes=15783377
normalized_records=640854
normalized_deletions=0
normalized_literals=10668019
normalized_unique_empty_record=640854
normalized_rederived_byte_identity=PASS
normalizer_resource_sha256=e02cfaa3d31787cdaa368b243ceb821b90a82d0239bb41c4b7aaae6bb4d39c1e

forward_flags=-i -f -W -U -t 3600
forward_exit=0
forward_stderr_size=0
forward_marker=s_VERIFIED
forward_rat_lemmas=0
forward_wall_seconds=437.23638674998074
forward_maximum_rss_mib=124.546875
forward_resource_sha256=d6c9d81c7b1653b51e368d61bfb46e8b5060e3485ad32931cb9697d8d1ff4229

backward_flags=-i -W -U -L fresh_private_lrat -t 3600
backward_exit=0
backward_stderr_size=0
backward_marker=s_VERIFIED
backward_rat_lemmas=0
backward_wall_seconds=225.37209266700665
backward_maximum_rss_mib=244.640625
backward_resource_sha256=f94f6bccc60269acc093ad96896fcef8470e3be07e6466532abb1cf9a4ad2edc

lrat_sha256=0e04eb639a3f7f7d335126d56040abb4ef11e8548770262c316a608390659263
lrat_size_bytes=228381671
fresh_lrat_matches_retained=PASS_BYTE_IDENTICAL
lrat_check_retained_exit=0
lrat_check_retained_marker=c_VERIFIED
lrat_check_retained_stderr_size=0
lrat_check_retained_resource_sha256=b3cba69676eebfa6b6e78312605aad35aa91cbd4e1fbb47c35c32ea4fd6fa106
lrat_check_fresh_exit=0
lrat_check_fresh_marker=c_VERIFIED
lrat_check_fresh_stderr_size=0
lrat_check_fresh_resource_sha256=878bc0e33a92a553435c598256bdedd2dfe1d021a82dddf776703e595c42d93d
lrat_added_clauses=471552
lrat_deleted_clauses=471427
lrat_max_live_clauses=115507

drat_trim_sha256=31df522b8b2b71acd357723b0e826cf488826ed78ad9e3a7bcad241271812beb
lrat_check_sha256=5d7d77a57457db82e57f2505ea9d0267ff0bceff197235b6edfc8fda1f26c7a2
normalizer_source_sha256=07229fce9293a05fed3fa6ef3f96415eb48ea4b0cdd8e9a329620017d2bced99
normalizer_python_sha256=b502cb4c5b46b8d4192ec6bcb600ce8922f1afc396fcf646e8765c6eba74a0bf
sat_solver_invocations=0

generator_tests=PASS_4
accepted_doublelex_probe_replay=PASS_BYTE_IDENTICAL
formula_mutation_rejected=PASS
normalized_mutation_rejected=PASS
lrat_truncation_rejected=PASS
certificate_mutation_rejected=PASS
symlink_binding_rejected=PASS
hardlink_binding_rejected=PASS

failed_attempt_000000=NONCLAIM_EXCLUDED
failed_attempt_000001=NONCLAIM_EXCLUDED
raw_forward_exit_80_decisive=false
raw_forward_exit_80_status=PRESERVED_FAILED_NONCLAIM_ONLY

FINAL_SCOPE=THE_EXACT_DOUBLELEX_CNF_SHA256_14284db1f0b9cfb37b91d834fbabac1d0ca06d36e0d2782683e35cbd04a976e7_IS_UNSAT
