{
  "PID": 8500,
  "method": "HT5.1 full A3,r=6 exact cyclotomic",
  "results": {
    "9": {
      "q": 9,
      "dedekind_symbol": "-63/32",
      "histogram_terms": 6291456,
      "sum_polynomial": [
        [
          27,
          6144
        ],
        [
          59,
          6144
        ],
        [
          91,
          -6144
        ]
      ],
      "square_polynomial": [
        [
          0,
          75497472
        ]
      ],
      "square_denominator": 226492416,
      "tau_approx": [
        -0.14942924536134225,
        -0.5576775358252053
      ],
      "magnitude_approx": 0.5773502691896257,
      "magnitude_square_approx": 0.3333333333333333,
      "S3_normalized_square_if_S00_square_1_over_24": [
        [
          0,
          1811939328
        ]
      ],
      "S3_normalized_square_denominator": 226492416
    },
    "25": {
      "q": 25,
      "dedekind_symbol": "-63/32",
      "histogram_terms": 6291456,
      "sum_polynomial": [
        [
          27,
          6144
        ],
        [
          59,
          6144
        ],
        [
          91,
          -6144
        ]
      ],
      "square_polynomial": [
        [
          0,
          75497472
        ]
      ],
      "square_denominator": 226492416,
      "tau_approx": [
        -0.14942924536134225,
        -0.5576775358252053
      ],
      "magnitude_approx": 0.5773502691896257,
      "magnitude_square_approx": 0.3333333333333333,
      "S3_normalized_square_if_S00_square_1_over_24": [
        [
          0,
          1811939328
        ]
      ],
      "S3_normalized_square_denominator": 226492416
    }
  },
  "exact_squared_magnitude_equality": true
}
