{
  "PID": 11574,
  "method": "separate 10-object modular surgery exact Q(zeta48)",
  "all_labels": [
    [
      0,
      0,
      0
    ],
    [
      0,
      0,
      1
    ],
    [
      0,
      0,
      2
    ],
    [
      0,
      1,
      0
    ],
    [
      0,
      1,
      1
    ],
    [
      0,
      2,
      0
    ],
    [
      1,
      0,
      0
    ],
    [
      1,
      0,
      1
    ],
    [
      1,
      1,
      0
    ],
    [
      2,
      0,
      0
    ]
  ],
  "S_exact_unitarity_pass": true,
  "S00_squared": "1/24",
  "results": {
    "9": {
      "continued_fraction": [
        8,
        2,
        2,
        2,
        2,
        2,
        2,
        2,
        2
      ],
      "S_factors": 10,
      "chain_denominator": 3743906242624487424,
      "corrected_polynomial": [
        [
          2,
          -1247968747541495808
        ],
        [
          10,
          2495937495082991616
        ]
      ],
      "squared_magnitude": "1/3",
      "S3_normalized_squared_magnitude": "8"
    },
    "25": {
      "continued_fraction": [
        3,
        3,
        2,
        2,
        3,
        2
      ],
      "S_factors": 7,
      "chain_denominator": 10030613004288,
      "corrected_polynomial": [
        [
          2,
          -3343537668096
        ],
        [
          10,
          6687075336192
        ]
      ],
      "squared_magnitude": "1/3",
      "S3_normalized_squared_magnitude": "8"
    }
  },
  "equal_corrected_complex_values": true
}
