{
  "PID": 9894,
  "all_labels": [
    [
      0,
      0,
      0
    ],
    [
      0,
      0,
      1
    ],
    [
      0,
      0,
      2
    ],
    [
      0,
      1,
      0
    ],
    [
      0,
      1,
      1
    ],
    [
      0,
      2,
      0
    ],
    [
      1,
      0,
      0
    ],
    [
      1,
      0,
      1
    ],
    [
      1,
      1,
      0
    ],
    [
      2,
      0,
      0
    ]
  ],
  "S00": [
    0.20412414523193137,
    -0.0
  ],
  "S00_squared": 0.04166666666666661,
  "S_unitarity_error": 4.440892098500626e-16,
  "results": {
    "9": {
      "continued_fraction": [
        8,
        2,
        2,
        2,
        2,
        2,
        2,
        2,
        2
      ],
      "uncorrected_chain_real": 0.4999999999999989,
      "uncorrected_chain_imag": -0.2886751345948165,
      "magnitude": 0.5773502691896266,
      "squared_magnitude": 0.3333333333333343
    },
    "25": {
      "continued_fraction": [
        3,
        3,
        2,
        2,
        3,
        2
      ],
      "uncorrected_chain_real": 0.5576775358252065,
      "uncorrected_chain_imag": 0.14942924536133986,
      "magnitude": 0.5773502691896264,
      "squared_magnitude": 0.33333333333333404
    }
  }
}
