Updating db13bbee2..f552824f1
Fast-forward
 unsolved_math_prioritization/QUEUE.md              |   2 +-
 .../attempts/30004293/AUTHOR_REPLAY.json           |  53 ++++
 .../attempts/30004293/CURRENT_STATE.json           |  11 +
 .../attempts/30004293/CURRENT_STATE_T1.json        |  15 ++
 .../attempts/30004293/CURRENT_STATE_T2.json        |  14 ++
 .../attempts/30004293/CURRENT_STATE_T3.json        |  13 +
 .../attempts/30004293/CURRENT_STATE_T4.json        |  13 +
 .../attempts/30004293/CURRENT_STATE_T5.json        |  17 ++
 .../attempts/30004293/FINAL_AUTHOR_MANIFEST.json   | 214 +++++++++++++++++
 .../attempts/30004293/FINAL_README.md              |  13 +
 .../attempts/30004293/FINAL_REVIEW_REQUEST.md      |  19 ++
 .../attempts/30004293/LITERAL_COROLLARY.md         |   7 +
 .../attempts/30004293/PRIOR_GATE.json              |  19 ++
 .../attempts/30004293/PUBLICATION.md               |  19 ++
 .../attempts/30004293/PUBLICATION_MANIFEST.json    | 267 +++++++++++++++++++++
 .../attempts/30004293/RESULT.md                    |  34 +++
 .../attempts/30004293/SOURCE_GATE_MANIFEST.json    |  31 +++
 .../attempts/30004293/SOURCE_MANIFEST.json         |  41 ++++
 .../attempts/30004293/SOURCE_SCOPE.md              |  47 ++++
 .../attempts/30004293/TURN_1.md                    | 142 +++++++++++
 .../attempts/30004293/TURN_1_CHECKS.json           |   7 +
 .../attempts/30004293/TURN_1_LOG.md                |   5 +
 .../attempts/30004293/TURN_1_MANIFEST.json         |  61 +++++
 .../attempts/30004293/TURN_2.md                    | 121 ++++++++++
 .../attempts/30004293/TURN_2_CHECKS.json           |   7 +
 .../attempts/30004293/TURN_2_LOG.md                |   5 +
 .../attempts/30004293/TURN_2_MANIFEST.json         |  91 +++++++
 .../attempts/30004293/TURN_3.md                    | 182 ++++++++++++++
 .../attempts/30004293/TURN_3_CHECKS.json           |   7 +
 .../attempts/30004293/TURN_3_LOG.md                |   5 +
 .../attempts/30004293/TURN_3_MANIFEST.json         | 121 ++++++++++
 .../attempts/30004293/TURN_4.md                    | 176 ++++++++++++++
 .../attempts/30004293/TURN_4_CHECKS.json           |   7 +
 .../attempts/30004293/TURN_4_LOG.md                |   5 +
 .../attempts/30004293/TURN_4_MANIFEST.json         | 151 ++++++++++++
 .../attempts/30004293/TURN_5.md                    | 166 +++++++++++++
 .../attempts/30004293/TURN_5_CHECKS.json           |   7 +
 .../attempts/30004293/TURN_5_LOG.md                |   5 +
 .../attempts/30004293/TURN_5_MANIFEST.json         | 181 ++++++++++++++
 .../attempts/30004293/replay_author.py             |  27 +++
 .../attempts/30004293/review/ADVERSARIAL_REVIEW.md |  57 +++++
 .../attempts/30004293/review/AUTHOR_REPLAY.json    |  53 ++++
 .../30004293/review/INDEPENDENT_CHECKS.json        |  18 ++
 .../attempts/30004293/review/README.md             |   3 +
 .../attempts/30004293/review/REMOTE_BINDING.json   | 218 +++++++++++++++++
 .../attempts/30004293/review/REVIEW_MANIFEST.json  |  40 +++
 .../attempts/30004293/review/independent_checks.py |  92 +++++++
 .../attempts/30004293/review/verify_review.py      |  11 +
 .../attempts/30004293/verify_publication.py        |   9 +
 .../attempts/30004293/verify_turn1.py              |  48 ++++
 .../attempts/30004293/verify_turn2.py              |  42 ++++
 .../attempts/30004293/verify_turn3.py              |  62 +++++
 .../attempts/30004293/verify_turn4.py              |  70 ++++++
 .../attempts/30004293/verify_turn5.py              |  49 ++++
 54 files changed, 3099 insertions(+), 1 deletion(-)
 create mode 100644 unsolved_math_prioritization/attempts/30004293/AUTHOR_REPLAY.json
 create mode 100644 unsolved_math_prioritization/attempts/30004293/CURRENT_STATE.json
 create mode 100644 unsolved_math_prioritization/attempts/30004293/CURRENT_STATE_T1.json
 create mode 100644 unsolved_math_prioritization/attempts/30004293/CURRENT_STATE_T2.json
 create mode 100644 unsolved_math_prioritization/attempts/30004293/CURRENT_STATE_T3.json
 create mode 100644 unsolved_math_prioritization/attempts/30004293/CURRENT_STATE_T4.json
 create mode 100644 unsolved_math_prioritization/attempts/30004293/CURRENT_STATE_T5.json
 create mode 100644 unsolved_math_prioritization/attempts/30004293/FINAL_AUTHOR_MANIFEST.json
 create mode 100644 unsolved_math_prioritization/attempts/30004293/FINAL_README.md
 create mode 100644 unsolved_math_prioritization/attempts/30004293/FINAL_REVIEW_REQUEST.md
 create mode 100644 unsolved_math_prioritization/attempts/30004293/LITERAL_COROLLARY.md
 create mode 100644 unsolved_math_prioritization/attempts/30004293/PRIOR_GATE.json
 create mode 100644 unsolved_math_prioritization/attempts/30004293/PUBLICATION.md
 create mode 100644 unsolved_math_prioritization/attempts/30004293/PUBLICATION_MANIFEST.json
 create mode 100644 unsolved_math_prioritization/attempts/30004293/RESULT.md
 create mode 100644 unsolved_math_prioritization/attempts/30004293/SOURCE_GATE_MANIFEST.json
 create mode 100644 unsolved_math_prioritization/attempts/30004293/SOURCE_MANIFEST.json
 create mode 100644 unsolved_math_prioritization/attempts/30004293/SOURCE_SCOPE.md
 create mode 100644 unsolved_math_prioritization/attempts/30004293/TURN_1.md
 create mode 100644 unsolved_math_prioritization/attempts/30004293/TURN_1_CHECKS.json
 create mode 100644 unsolved_math_prioritization/attempts/30004293/TURN_1_LOG.md
 create mode 100644 unsolved_math_prioritization/attempts/30004293/TURN_1_MANIFEST.json
 create mode 100644 unsolved_math_prioritization/attempts/30004293/TURN_2.md
 create mode 100644 unsolved_math_prioritization/attempts/30004293/TURN_2_CHECKS.json
 create mode 100644 unsolved_math_prioritization/attempts/30004293/TURN_2_LOG.md
 create mode 100644 unsolved_math_prioritization/attempts/30004293/TURN_2_MANIFEST.json
 create mode 100644 unsolved_math_prioritization/attempts/30004293/TURN_3.md
 create mode 100644 unsolved_math_prioritization/attempts/30004293/TURN_3_CHECKS.json
 create mode 100644 unsolved_math_prioritization/attempts/30004293/TURN_3_LOG.md
 create mode 100644 unsolved_math_prioritization/attempts/30004293/TURN_3_MANIFEST.json
 create mode 100644 unsolved_math_prioritization/attempts/30004293/TURN_4.md
 create mode 100644 unsolved_math_prioritization/attempts/30004293/TURN_4_CHECKS.json
 create mode 100644 unsolved_math_prioritization/attempts/30004293/TURN_4_LOG.md
 create mode 100644 unsolved_math_prioritization/attempts/30004293/TURN_4_MANIFEST.json
 create mode 100644 unsolved_math_prioritization/attempts/30004293/TURN_5.md
 create mode 100644 unsolved_math_prioritization/attempts/30004293/TURN_5_CHECKS.json
 create mode 100644 unsolved_math_prioritization/attempts/30004293/TURN_5_LOG.md
 create mode 100644 unsolved_math_prioritization/attempts/30004293/TURN_5_MANIFEST.json
 create mode 100644 unsolved_math_prioritization/attempts/30004293/replay_author.py
 create mode 100644 unsolved_math_prioritization/attempts/30004293/review/ADVERSARIAL_REVIEW.md
 create mode 100644 unsolved_math_prioritization/attempts/30004293/review/AUTHOR_REPLAY.json
 create mode 100644 unsolved_math_prioritization/attempts/30004293/review/INDEPENDENT_CHECKS.json
 create mode 100644 unsolved_math_prioritization/attempts/30004293/review/README.md
 create mode 100644 unsolved_math_prioritization/attempts/30004293/review/REMOTE_BINDING.json
 create mode 100644 unsolved_math_prioritization/attempts/30004293/review/REVIEW_MANIFEST.json
 create mode 100644 unsolved_math_prioritization/attempts/30004293/review/independent_checks.py
 create mode 100644 unsolved_math_prioritization/attempts/30004293/review/verify_review.py
 create mode 100644 unsolved_math_prioritization/attempts/30004293/verify_publication.py
 create mode 100644 unsolved_math_prioritization/attempts/30004293/verify_turn1.py
 create mode 100644 unsolved_math_prioritization/attempts/30004293/verify_turn2.py
 create mode 100644 unsolved_math_prioritization/attempts/30004293/verify_turn3.py
 create mode 100644 unsolved_math_prioritization/attempts/30004293/verify_turn4.py
 create mode 100644 unsolved_math_prioritization/attempts/30004293/verify_turn5.py
