{
  "all_passed": true,
  "assertions": 164,
  "false_multiplicative_upper_counterexample": {
    "left": [
      1
    ],
    "left_max": 1,
    "right": [
      2,
      3
    ],
    "right_max": 1,
    "union_max": 2
  },
  "independent_disjoint_relation_weights": [
    {
      "exact_weight": "1/6",
      "largest_two_bound": "4/3",
      "length": 3,
      "maximum": 3
    },
    {
      "exact_weight": "1/12",
      "largest_two_bound": "11/12",
      "length": 3,
      "maximum": 4
    },
    {
      "exact_weight": "1/24",
      "largest_two_bound": "121/48",
      "length": 4,
      "maximum": 4
    },
    {
      "exact_weight": "1/12",
      "largest_two_bound": "2/3",
      "length": 3,
      "maximum": 5
    },
    {
      "exact_weight": "1/30",
      "largest_two_bound": "25/12",
      "length": 4,
      "maximum": 5
    },
    {
      "exact_weight": "13/240",
      "largest_two_bound": "137/270",
      "length": 3,
      "maximum": 6
    },
    {
      "exact_weight": "1/15",
      "largest_two_bound": "18769/10800",
      "length": 4,
      "maximum": 6
    },
    {
      "exact_weight": "1/80",
      "largest_two_bound": "2571353/729000",
      "length": 5,
      "maximum": 6
    },
    {
      "exact_weight": "1/20",
      "largest_two_bound": "2/5",
      "length": 3,
      "maximum": 7
    },
    {
      "exact_weight": "1/20",
      "largest_two_bound": "147/100",
      "length": 4,
      "maximum": 7
    },
    {
      "exact_weight": "67/5040",
      "largest_two_bound": "2401/750",
      "length": 5,
      "maximum": 7
    },
    {
      "exact_weight": "1/210",
      "largest_two_bound": "117649/24000",
      "length": 6,
      "maximum": 7
    },
    {
      "exact_weight": "1/1260",
      "largest_two_bound": "5764801/1000000",
      "length": 7,
      "maximum": 7
    },
    {
      "exact_weight": "41/1120",
      "largest_two_bound": "363/1120",
      "length": 3,
      "maximum": 8
    },
    {
      "exact_weight": "739/13440",
      "largest_two_bound": "395307/313600",
      "length": 4,
      "maximum": 8
    },
    {
      "exact_weight": "31/1260",
      "largest_two_bound": "15944049/5488000",
      "length": 5,
      "maximum": 8
    },
    {
      "exact_weight": "7/1152",
      "largest_two_bound": "5787689787/1229312000",
      "length": 6,
      "maximum": 8
    },
    {
      "exact_weight": "23/20160",
      "largest_two_bound": "6302794178043/1075648000000",
      "length": 7,
      "maximum": 8
    },
    {
      "exact_weight": "1/5760",
      "largest_two_bound": "254212698514401/43025920000000",
      "length": 8,
      "maximum": 8
    },
    {
      "exact_weight": "761/22680",
      "largest_two_bound": "761/2835",
      "length": 3,
      "maximum": 9
    },
    {
      "exact_weight": "46/945",
      "largest_two_bound": "579121/529200",
      "length": 4,
      "maximum": 9
    },
    {
      "exact_weight": "4117/181440",
      "largest_two_bound": "440711081/166698000",
      "length": 5,
      "maximum": 9
    },
    {
      "exact_weight": "395/36288",
      "largest_two_bound": "335381132641/74680704000",
      "length": 6,
      "maximum": 9
    },
    {
      "exact_weight": "557/181440",
      "largest_two_bound": "255225041939801/43563744000000",
      "length": 7,
      "maximum": 9
    },
    {
      "exact_weight": "1/3780",
      "largest_two_bound": "194226256916188561/31365895680000000",
      "length": 8,
      "maximum": 9
    },
    {
      "exact_weight": "53/2016",
      "largest_two_bound": "7129/31500",
      "length": 3,
      "maximum": 10
    },
    {
      "exact_weight": "53/1120",
      "largest_two_bound": "50822641/52920000",
      "length": 4,
      "maximum": 10
    },
    {
      "exact_weight": "181/5670",
      "largest_two_bound": "362314607689/150028200000",
      "length": 5,
      "maximum": 10
    },
    {
      "exact_weight": "22067/1814400",
      "largest_two_bound": "2582940838214881/604913702400000",
      "length": 6,
      "maximum": 10
    },
    {
      "exact_weight": "13297/3628800",
      "largest_two_bound": "18413785235633886649/3175796937600000000",
      "length": 7,
      "maximum": 10
    },
    {
      "exact_weight": "467/604800",
      "largest_two_bound": "131271874944833977920721/20579164155648000000000",
      "length": 8,
      "maximum": 10
    },
    {
      "exact_weight": "19/259200",
      "largest_two_bound": "935837196481721428596820009/158819699371213440000000000",
      "length": 9,
      "maximum": 10
    },
    {
      "exact_weight": "61/2520",
      "largest_two_bound": "61/315",
      "length": 3,
      "maximum": 11
    },
    {
      "exact_weight": "1153/27720",
      "largest_two_bound": "450241/529200",
      "length": 4,
      "maximum": 11
    },
    {
      "exact_weight": "8551/285120",
      "largest_two_bound": "3323228821/1500282000",
      "length": 5,
      "maximum": 11
    },
    {
      "exact_weight": "322459/19958400",
      "largest_two_bound": "24528751927801/6049137024000",
      "length": 6,
      "maximum": 11
    },
    {
      "exact_weight": "232453/39916800",
      "largest_two_bound": "181046717979099181/31757969376000000",
      "length": 7,
      "maximum": 11
    },
    {
      "exact_weight": "1259/1108800",
      "largest_two_bound": "1336305825403731054961/205791641556480000000",
      "length": 8,
      "maximum": 11
    },
    {
      "exact_weight": "457/3326400",
      "largest_two_bound": "9863273297304938916667141/1588196993712134400000000",
      "length": 9,
      "maximum": 11
    },
    {
      "exact_weight": "17/1247400",
      "largest_two_bound": "72800820207407754143920167721/14230245063660724224000000000",
      "length": 10,
      "maximum": 11
    },
    {
      "exact_weight": "1/1140480",
      "largest_two_bound": "537342853950876633336274757948701/145233881119721351430144000000000",
      "length": 11,
      "maximum": 11
    },
    {
      "exact_weight": "79091/3991680",
      "largest_two_bound": "83711/498960",
      "length": 3,
      "maximum": 12
    },
    {
      "exact_weight": "6107/149688",
      "largest_two_bound": "7007531521/9220780800",
      "length": 4,
      "maximum": 12
    },
    {
      "exact_weight": "2647313/79833600",
      "largest_two_bound": "586607471154431/287550049248000",
      "length": 5,
      "maximum": 12
    },
    {
      "exact_weight": "225949/13305600",
      "largest_two_bound": "49105498017808573441/12753419784247296000",
      "length": 6,
      "maximum": 12
    },
    {
      "exact_weight": "13747/1995840",
      "largest_two_bound": "4110670344568773491319551/736509992540281344000000",
      "length": 7,
      "maximum": 12
    },
    {
      "exact_weight": "301709/159667200",
      "largest_two_bound": "344108325214196597731850933761/52498432268271254200320000000",
      "length": 8,
      "maximum": 12
    },
    {
      "exact_weight": "18911/59875200",
      "largest_two_bound": "28805652012005611392730973516067071/4456723161334217447200665600000000",
      "length": 9,
      "maximum": 12
    },
    {
      "exact_weight": "1607/53222400",
      "largest_two_bound": "2411349935577001735296902524003490580481/439254634781100471596097601536000000000",
      "length": 10,
      "maximum": 12
    },
    {
      "exact_weight": "241/119750400",
      "largest_two_bound": "201856514457086392263439007186856199982644991/49313360828335025544207493334040576000000000",
      "length": 11,
      "maximum": 12
    },
    {
      "exact_weight": "31/239500800",
      "largest_two_bound": "16897610681717158982764742730618919356747194841601/6213483464370213218570144160089112576000000000000",
      "length": 12,
      "maximum": 12
    }
  ],
  "limits": "Exact finite identities and independent first-moment counting; asymptotic probability claims require the written proofs.",
  "second_moment_asymptotic_lower_constant": "1/96",
  "tilt_identity_and_second_moment_records": [
    {
      "EM2": "1",
      "Jensen_lower": "4/25",
      "n": 1,
      "ratio_lower_over_n": "4/25"
    },
    {
      "EM2": "1",
      "Jensen_lower": "10/81",
      "n": 2,
      "ratio_lower_over_n": "5/81"
    },
    {
      "EM2": "3/2",
      "Jensen_lower": "20/169",
      "n": 3,
      "ratio_lower_over_n": "20/507"
    },
    {
      "EM2": "13/8",
      "Jensen_lower": "35/289",
      "n": 4,
      "ratio_lower_over_n": "35/1156"
    },
    {
      "EM2": "53/30",
      "Jensen_lower": "8/63",
      "n": 5,
      "ratio_lower_over_n": "8/315"
    },
    {
      "EM2": "469/240",
      "Jensen_lower": "84/625",
      "n": 6,
      "ratio_lower_over_n": "14/625"
    },
    {
      "EM2": "10961/5040",
      "Jensen_lower": "120/841",
      "n": 7,
      "ratio_lower_over_n": "120/5887"
    },
    {
      "EM2": "47347/20160",
      "Jensen_lower": "5/33",
      "n": 8,
      "ratio_lower_over_n": "5/264"
    },
    {
      "EM2": "914237/362880",
      "Jensen_lower": "220/1369",
      "n": 9,
      "ratio_lower_over_n": "220/12321"
    },
    {
      "EM2": "1949383/725760",
      "Jensen_lower": "286/1681",
      "n": 10,
      "ratio_lower_over_n": "143/8405"
    }
  ],
  "upper_constant_certified_interval": [
    "47/1000",
    "48/1000"
  ]
}
