{
  "all_passed": true,
  "assertions": 42829,
  "categories": {
    "above_first_diagonal": 936,
    "certified_coefficient_signs": 2,
    "direct_large_to_rank_event_inclusion": 372,
    "exact_distinct_pivot_deletion": 2452,
    "general_cube_diagonal_class_bound": 9734,
    "invertible_row_restriction": 2764,
    "quotient_equation_exact": 2764,
    "quotient_reconstruction_injective": 2764,
    "rank_signature_bound": 1573,
    "reduced_equal_full_rank_family": 5528,
    "regreedy_exact_rank": 2764,
    "rounded_support_with_ties": 11063,
    "uniform_ratio_bound": 98,
    "weighted_event_inclusion_no_row_factor": 15
  },
  "family_cases": 1573,
  "limitations": "Exact finite controls supplement the universal argument; logarithmic parameter limits and Borel-Cantelli are proved in writing, not simulated.",
  "weighted_event_records": [
    {
      "full_rank_witness_probability": "0",
      "large_fiber_probability": "0",
      "maximum_ground": 3,
      "rank": 1
    },
    {
      "full_rank_witness_probability": "0",
      "large_fiber_probability": "0",
      "maximum_ground": 3,
      "rank": 2
    },
    {
      "full_rank_witness_probability": "0",
      "large_fiber_probability": "0",
      "maximum_ground": 3,
      "rank": 3
    },
    {
      "full_rank_witness_probability": "0",
      "large_fiber_probability": "0",
      "maximum_ground": 4,
      "rank": 1
    },
    {
      "full_rank_witness_probability": "0",
      "large_fiber_probability": "0",
      "maximum_ground": 4,
      "rank": 2
    },
    {
      "full_rank_witness_probability": "0",
      "large_fiber_probability": "0",
      "maximum_ground": 4,
      "rank": 3
    },
    {
      "full_rank_witness_probability": "1/30",
      "large_fiber_probability": "1/30",
      "maximum_ground": 5,
      "rank": 1
    },
    {
      "full_rank_witness_probability": "0",
      "large_fiber_probability": "0",
      "maximum_ground": 5,
      "rank": 2
    },
    {
      "full_rank_witness_probability": "0",
      "large_fiber_probability": "0",
      "maximum_ground": 5,
      "rank": 3
    },
    {
      "full_rank_witness_probability": "13/240",
      "large_fiber_probability": "13/240",
      "maximum_ground": 6,
      "rank": 1
    },
    {
      "full_rank_witness_probability": "1/720",
      "large_fiber_probability": "1/720",
      "maximum_ground": 6,
      "rank": 2
    },
    {
      "full_rank_witness_probability": "0",
      "large_fiber_probability": "0",
      "maximum_ground": 6,
      "rank": 3
    },
    {
      "full_rank_witness_probability": "191/2520",
      "large_fiber_probability": "191/2520",
      "maximum_ground": 7,
      "rank": 1
    },
    {
      "full_rank_witness_probability": "1/280",
      "large_fiber_probability": "1/280",
      "maximum_ground": 7,
      "rank": 2
    },
    {
      "full_rank_witness_probability": "1/5040",
      "large_fiber_probability": "0",
      "maximum_ground": 7,
      "rank": 3
    }
  ]
}
