{
  "utc": "2026-10-03T07:34:41.708857+00:00",
  "head": "36c29bb039471f132889d577c9322d78925b62dd",
  "base": "efd29c05204703acca9a0860812f54b94fae54b1",
  "all_original_objects": [
    {
      "path": "unsolved_math_prioritization/QUEUE.md",
      "bytes": 380592,
      "sha256": "489cf750a2976a0999cb6ca784514f42898b3b733eabcd54c26c981e67ea0bb7",
      "git_blob": "fd752f1339bfb46247da4a074500d9b149b82b3c",
      "mode": "100644"
    },
    {
      "path": "unsolved_math_prioritization/attempts/30004293/AUTHOR_REPLAY.json",
      "bytes": 977,
      "sha256": "b5b237d97c71792b9231e5b61372f8dc0b4122a2749f26848be2f43d1f5c7e1f",
      "git_blob": "4321d027211a272d794a0fb9666bfc3f0bfcc28e",
      "mode": "100644"
    },
    {
      "path": "unsolved_math_prioritization/attempts/30004293/CURRENT_STATE.json",
      "bytes": 473,
      "sha256": "d7cbc3a5e86a9f2fa89c9eab1dcdc397effb78ee736fa40350be348568b9d6fe",
      "git_blob": "c87d4e779bdf8e1bbccad2cf026dec2a15d34b04",
      "mode": "100644"
    },
    {
      "path": "unsolved_math_prioritization/attempts/30004293/CURRENT_STATE_T1.json",
      "bytes": 535,
      "sha256": "75d8d37377d5b012c512dd0fb4649ef899d791ecca09813e0264b1d209e27f86",
      "git_blob": "e7d0fdf9c3a23239eb10edc0b826e90e1da71e06",
      "mode": "100644"
    },
    {
      "path": "unsolved_math_prioritization/attempts/30004293/CURRENT_STATE_T2.json",
      "bytes": 502,
      "sha256": "0d800947a23b5ab860a76ced0ad55cb269110e4031abb7df0f59b8514a2d1324",
      "git_blob": "edb5a7b2fc8f12953c6b86e3af63e8ee14a554e7",
      "mode": "100644"
    },
    {
      "path": "unsolved_math_prioritization/attempts/30004293/CURRENT_STATE_T3.json",
      "bytes": 419,
      "sha256": "ea8589a6c94fd872354b5692041e92e1224cbe01897c0a84dbdb199110bb5c34",
      "git_blob": "1cdd534b37bc071a9efc448f2ebf7780e64d2262",
      "mode": "100644"
    },
    {
      "path": "unsolved_math_prioritization/attempts/30004293/CURRENT_STATE_T4.json",
      "bytes": 431,
      "sha256": "f8f5175a470b10114e0d76cab32576e5198d84e6634addc90c96b4743b151517",
      "git_blob": "4345eb5f2fb3798ce482fc11d59a52cdbc6d4aa2",
      "mode": "100644"
    },
    {
      "path": "unsolved_math_prioritization/attempts/30004293/CURRENT_STATE_T5.json",
      "bytes": 806,
      "sha256": "c6084adceb351b26db15fcc9eea9c1e706d41803bb09cb8bd063a2869efcbc08",
      "git_blob": "1760d875584e7cae98316c6d32e6a6129b5d1767",
      "mode": "100644"
    },
    {
      "path": "unsolved_math_prioritization/attempts/30004293/FINAL_AUTHOR_MANIFEST.json",
      "bytes": 6403,
      "sha256": "ab2d9369a444b49e913abf32420b1c08f701149dc2df631278ad03e69feb5218",
      "git_blob": "46082c5afbe6dff75031a0bdeda4f7afb00f29a6",
      "mode": "100644"
    },
    {
      "path": "unsolved_math_prioritization/attempts/30004293/FINAL_README.md",
      "bytes": 1482,
      "sha256": "b001b4b75659e5636b85fe08d948272f598d9f62e80fece6b6af3bbee2161b0d",
      "git_blob": "f0b1c4502805e605b4a01c5cefedc43f8d30a4c3",
      "mode": "100644"
    },
    {
      "path": "unsolved_math_prioritization/attempts/30004293/FINAL_REVIEW_REQUEST.md",
      "bytes": 2545,
      "sha256": "28c93d59639a9954e18bb09175eb9ea9892c2a92cc50a6469684c667660280b3",
      "git_blob": "e20664e5b88598c08c898ee9ef2559120b227ecf",
      "mode": "100644"
    },
    {
      "path": "unsolved_math_prioritization/attempts/30004293/LITERAL_COROLLARY.md",
      "bytes": 1264,
      "sha256": "c256269bd57ef9aaa1827f594effe6af1dadfcd07ae758f6ec7d5b51c566aa7c",
      "git_blob": "3147269f04870a8b867e79701fb9b7b68caff053",
      "mode": "100644"
    },
    {
      "path": "unsolved_math_prioritization/attempts/30004293/PRIOR_GATE.json",
      "bytes": 600,
      "sha256": "10f25ddef0ac8d1d626ef20652dfbb90d1e137f9831d99443cd11db8954b21c0",
      "git_blob": "f44572ad057ea23acaabfbae3a770f1d20077200",
      "mode": "100644"
    },
    {
      "path": "unsolved_math_prioritization/attempts/30004293/PUBLICATION.md",
      "bytes": 2049,
      "sha256": "01972eaf75bb0c68d9157050312f1945e02102454c53818f25c0ac232e84b255",
      "git_blob": "0227186683cac6d2b59d491e5014950c3a838827",
      "mode": "100644"
    },
    {
      "path": "unsolved_math_prioritization/attempts/30004293/PUBLICATION_MANIFEST.json",
      "bytes": 8027,
      "sha256": "07f11fed166f8c88005330de2d473ba476582f20c104bb09f1998d4bf3461257",
      "git_blob": "a970649c145d95930d1c3b25676026d109e258a9",
      "mode": "100644"
    },
    {
      "path": "unsolved_math_prioritization/attempts/30004293/RESULT.md",
      "bytes": 3432,
      "sha256": "33749582b5d5813c2374892774e920d097d09ae6b066301d14198e819a7b4572",
      "git_blob": "96dbe6db453d9f98cb3bc09def3634887b26636d",
      "mode": "100644"
    },
    {
      "path": "unsolved_math_prioritization/attempts/30004293/SOURCE_GATE_MANIFEST.json",
      "bytes": 828,
      "sha256": "381eb69ea0d7fd79cfb4a5113c8f70d2b5c51fd3fa2ec547b71f4a4b9d67595e",
      "git_blob": "852bef8e510b8eaffc56991b5ae181eb38a49ca6",
      "mode": "100644"
    },
    {
      "path": "unsolved_math_prioritization/attempts/30004293/SOURCE_MANIFEST.json",
      "bytes": 1562,
      "sha256": "22335eb3fed5782930e68de88c4e8c291786da598b68a7cbd1cef1ce0b348d1e",
      "git_blob": "9d66c98104fe8d288368fe9ca424addda1a60a3a",
      "mode": "100644"
    },
    {
      "path": "unsolved_math_prioritization/attempts/30004293/SOURCE_SCOPE.md",
      "bytes": 6462,
      "sha256": "c6e5d6366594985cb5bf6fb7228a94f2e8c0f3fef98b732ef6cf166ba383123d",
      "git_blob": "a420125fde67c5d3dc793bb1e1689adec54b3165",
      "mode": "100644"
    },
    {
      "path": "unsolved_math_prioritization/attempts/30004293/TURN_1.md",
      "bytes": 9784,
      "sha256": "ea16b9b0105934e2e63579c01e66f6eca27b57dc3f3413766c9566ed24c5e5d3",
      "git_blob": "c979eb4537a80ed23d202f1b30ef3c6ec1f5e8bb",
      "mode": "100644"
    },
    {
      "path": "unsolved_math_prioritization/attempts/30004293/TURN_1_CHECKS.json",
      "bytes": 161,
      "sha256": "4327e24a9fcd85b0d7cf7dd3fd064a18129eafe4f0702b7d3bbe1e2dfee8d31e",
      "git_blob": "58f40a4530b81027f1be366a03bbe5462723f310",
      "mode": "100644"
    },
    {
      "path": "unsolved_math_prioritization/attempts/30004293/TURN_1_LOG.md",
      "bytes": 982,
      "sha256": "21ab0851cd68a946235b603a8968ab35d66055ec89baab226f838f411e030942",
      "git_blob": "e9ebcde56e7f9e16182ff0c61ce78959f60c5d42",
      "mode": "100644"
    },
    {
      "path": "unsolved_math_prioritization/attempts/30004293/TURN_1_MANIFEST.json",
      "bytes": 1735,
      "sha256": "6a513bd96c5f6b63a6fe2d0e2bd8aa807d7b46b474b890e50954e98130de972c",
      "git_blob": "53010a7f413e81d659d1ceb3149ff651e89af044",
      "mode": "100644"
    },
    {
      "path": "unsolved_math_prioritization/attempts/30004293/TURN_2.md",
      "bytes": 8633,
      "sha256": "0f4a65d6b5afad82733eba64853b3068baf41e729e5c9b6c570c751a73fde67f",
      "git_blob": "7698add1d68744c7aa702eeb1d30711b1689e488",
      "mode": "100644"
    },
    {
      "path": "unsolved_math_prioritization/attempts/30004293/TURN_2_CHECKS.json",
      "bytes": 188,
      "sha256": "40adb1f18d70c7a4b6488b611f5d6e997a3963305cf889ed9c0655d1b26196da",
      "git_blob": "94db52320b3a9e57c136b65283f4bb2dcef2fcf0",
      "mode": "100644"
    },
    {
      "path": "unsolved_math_prioritization/attempts/30004293/TURN_2_LOG.md",
      "bytes": 806,
      "sha256": "e1cb5793cfd207f7c815de702acc54f762670b4fa9cb756630ac9cdb7dbe4b67",
      "git_blob": "03291641bb87c7a59a29bf3effacdf3d19d17a21",
      "mode": "100644"
    },
    {
      "path": "unsolved_math_prioritization/attempts/30004293/TURN_2_MANIFEST.json",
      "bytes": 2638,
      "sha256": "3f9310b938fbae5ebcce541eafc5e58416f5c09cfb1bdfe5805c3f68afad1dc8",
      "git_blob": "4f12747e654e40f8b0f47e7f5e3354e606778437",
      "mode": "100644"
    },
    {
      "path": "unsolved_math_prioritization/attempts/30004293/TURN_3.md",
      "bytes": 10764,
      "sha256": "2eddc67778bf22fd0fd50583a0dac4b1c16b97e1155735d6c4ccffa4636e9a93",
      "git_blob": "3594bddf42fd3dff5f95e660d35461d06c124b8b",
      "mode": "100644"
    },
    {
      "path": "unsolved_math_prioritization/attempts/30004293/TURN_3_CHECKS.json",
      "bytes": 181,
      "sha256": "e046f1cc9172014f42dd8854054484eb6f722f30b56630cebb37547e408d1c1d",
      "git_blob": "3ece8bf1390effe1922481323efba973361b985d",
      "mode": "100644"
    },
    {
      "path": "unsolved_math_prioritization/attempts/30004293/TURN_3_LOG.md",
      "bytes": 887,
      "sha256": "c37d43021c803e3ac0bac944adf5d8b48ae8467c634b227c41233eace938d64d",
      "git_blob": "400a1660fb6ebf471d6bdf793f8057a6ac94c57f",
      "mode": "100644"
    },
    {
      "path": "unsolved_math_prioritization/attempts/30004293/TURN_3_MANIFEST.json",
      "bytes": 3542,
      "sha256": "0587a825bef0e7bf418d830b046f84d80a7d767f6ec018350f9b9e9fbab485c1",
      "git_blob": "30b1b1280a47d093892751b06960da5d5864d75d",
      "mode": "100644"
    },
    {
      "path": "unsolved_math_prioritization/attempts/30004293/TURN_4.md",
      "bytes": 8944,
      "sha256": "fef75813b31ca69a4bae3434ca21f9149a3f4677912f4b6a1a6e4d68845955ad",
      "git_blob": "d77b6a38e056e2f55d1fa71f02f4dea0a1194781",
      "mode": "100644"
    },
    {
      "path": "unsolved_math_prioritization/attempts/30004293/TURN_4_CHECKS.json",
      "bytes": 182,
      "sha256": "d520c0bc800659bf31819defb73241d7f8b36eebb3133a403904308814dc9ed9",
      "git_blob": "e822f5239d1751fd0fe9c85b9a80c7f38d4a7563",
      "mode": "100644"
    },
    {
      "path": "unsolved_math_prioritization/attempts/30004293/TURN_4_LOG.md",
      "bytes": 804,
      "sha256": "826bb29eedb28c4fc9d60db2be0060d56c86a505473034c02b9d74f676182313",
      "git_blob": "cd2c900b22cac572d97864f831778f89d0fd30db",
      "mode": "100644"
    },
    {
      "path": "unsolved_math_prioritization/attempts/30004293/TURN_4_MANIFEST.json",
      "bytes": 4445,
      "sha256": "324e9af8d1f68448e8ab8c9a34baa5907b22a358c39ed9ae9bcd8a29f4564a0b",
      "git_blob": "a25441099986543fa169ececac9c432acec4d141",
      "mode": "100644"
    },
    {
      "path": "unsolved_math_prioritization/attempts/30004293/TURN_5.md",
      "bytes": 9613,
      "sha256": "c6858fe65c85e47a7bea1e16c8487f9703dec9e435497a1e00f0c50962d3bc19",
      "git_blob": "b90a2e2625be5d121c5a6c8000bf76e537411bb2",
      "mode": "100644"
    },
    {
      "path": "unsolved_math_prioritization/attempts/30004293/TURN_5_CHECKS.json",
      "bytes": 180,
      "sha256": "62abb20e8b53fe732df637e3102eab9b59e86d508c5dead85a99372047b1572f",
      "git_blob": "4512b49e529bcf6eadae2378bef45d5ce4ef82ee",
      "mode": "100644"
    },
    {
      "path": "unsolved_math_prioritization/attempts/30004293/TURN_5_LOG.md",
      "bytes": 976,
      "sha256": "ac68d8c6178c2210057ac8d3cd4d0d8c24ac0d7030901d62561407a9100249ce",
      "git_blob": "716c26c115145f0c9ea60df79a9e097a5a860905",
      "mode": "100644"
    },
    {
      "path": "unsolved_math_prioritization/attempts/30004293/TURN_5_MANIFEST.json",
      "bytes": 5348,
      "sha256": "45416139cee4191d4280d195f36a743e7c1b8c4b4b9d90477685076adaed0ca6",
      "git_blob": "9a2ed426ad22acb84e808e20dabf2f3d9e330077",
      "mode": "100644"
    },
    {
      "path": "unsolved_math_prioritization/attempts/30004293/replay_author.py",
      "bytes": 1350,
      "sha256": "a15e6cdf43e3767b53aeadad334c3e0a796798d7dd2620ef33d47da6ed4a6650",
      "git_blob": "4fe3b80eedd32b50d458be8578412f87068fc80f",
      "mode": "100644"
    },
    {
      "path": "unsolved_math_prioritization/attempts/30004293/review/ADVERSARIAL_REVIEW.md",
      "bytes": 9685,
      "sha256": "51c7388c432b26d04fc7a4b41f1688df2c0bbeb789e4b41701d08ff02793c16b",
      "git_blob": "c81561c8b42264748e08e41733daf92d8f615d72",
      "mode": "100644"
    },
    {
      "path": "unsolved_math_prioritization/attempts/30004293/review/AUTHOR_REPLAY.json",
      "bytes": 977,
      "sha256": "b5b237d97c71792b9231e5b61372f8dc0b4122a2749f26848be2f43d1f5c7e1f",
      "git_blob": "4321d027211a272d794a0fb9666bfc3f0bfcc28e",
      "mode": "100644"
    },
    {
      "path": "unsolved_math_prioritization/attempts/30004293/review/INDEPENDENT_CHECKS.json",
      "bytes": 524,
      "sha256": "b71321fa908faf71bda9d74c828be12080f25a32b2f2084d704ee715c954604d",
      "git_blob": "f94d98056939c346d550d824d3defde1445d4e4c",
      "mode": "100644"
    },
    {
      "path": "unsolved_math_prioritization/attempts/30004293/review/README.md",
      "bytes": 543,
      "sha256": "52771a6e226f227b2f009cf4ee3cb33a5897f8ec9368beddd5f0ffb42b9a5537",
      "git_blob": "6c7c20394aafdafeb7604a1eea25ca50580236b2",
      "mode": "100644"
    },
    {
      "path": "unsolved_math_prioritization/attempts/30004293/review/REMOTE_BINDING.json",
      "bytes": 5382,
      "sha256": "08e40fbe64d937af12e5b29e7e4898513ad0366d78509adae4b9d22996c72c3a",
      "git_blob": "5bd35716c81ff5c696cd61ad33cb48ed0e41b896",
      "mode": "100644"
    },
    {
      "path": "unsolved_math_prioritization/attempts/30004293/review/REVIEW_MANIFEST.json",
      "bytes": 1142,
      "sha256": "e08980670ec376e70a9c5ec0cda7bfbb18f824a2759e15eee22856b880aea150",
      "git_blob": "fc278b2d6896d35dedae80080ac4173813db0db6",
      "mode": "100644"
    },
    {
      "path": "unsolved_math_prioritization/attempts/30004293/review/independent_checks.py",
      "bytes": 4291,
      "sha256": "8ec47d4efd00ac53743708e2e933e6c118e212dc96cbc499ae97ac9270b1859d",
      "git_blob": "9cb002521ad5516ef1f9edb522f6a0e6802def57",
      "mode": "100644"
    },
    {
      "path": "unsolved_math_prioritization/attempts/30004293/review/verify_review.py",
      "bytes": 1215,
      "sha256": "1868281be28e4e5273a35a988d49ebef840228623c11fd05c7efb50f16c13a14",
      "git_blob": "ab47109c80d8031149b40a586322ea4fbfc5914e",
      "mode": "100644"
    },
    {
      "path": "unsolved_math_prioritization/attempts/30004293/verify_publication.py",
      "bytes": 664,
      "sha256": "a498c9d457d7abcdd5f7c1c979c60eedd11347f2c34d803c88586597ad3235d0",
      "git_blob": "ca202f1c1afb86c29ca40d7ab317a41c83b563a0",
      "mode": "100644"
    },
    {
      "path": "unsolved_math_prioritization/attempts/30004293/verify_turn1.py",
      "bytes": 1483,
      "sha256": "126d0f10a935cbc83312faea7f705d1ccbf58adabcda5034d756d564c0aa9cff",
      "git_blob": "e72e80e25f92792ffffce91b19a8b22641090555",
      "mode": "100644"
    },
    {
      "path": "unsolved_math_prioritization/attempts/30004293/verify_turn2.py",
      "bytes": 1556,
      "sha256": "e53cbf834781b14151bb32cb66ec37fc6bfc1b29561c181072d8a9c8a529213b",
      "git_blob": "194c054aaffdce290d1a1699d9f925d63d154643",
      "mode": "100644"
    },
    {
      "path": "unsolved_math_prioritization/attempts/30004293/verify_turn3.py",
      "bytes": 2563,
      "sha256": "799d51a87ca4b5386ef559b5983227192b86fca3fdc1a202f45183793bc64584",
      "git_blob": "9d7edfdeba0c1e0dab327511131a23f7d1c3b305",
      "mode": "100644"
    },
    {
      "path": "unsolved_math_prioritization/attempts/30004293/verify_turn4.py",
      "bytes": 3319,
      "sha256": "6c00bdfd78b457c339bc855460dc7335e5067a9a6ef6ad14065845e020ec37ff",
      "git_blob": "ba591ce6bce19a7cb366dd10fd5f9f8f2a957485",
      "mode": "100644"
    },
    {
      "path": "unsolved_math_prioritization/attempts/30004293/verify_turn5.py",
      "bytes": 2176,
      "sha256": "1d8fb77b9ed186f748f6fca6bc6b6435ca6de8d402f548b6873d1bb52ddb1c8e",
      "git_blob": "9f7e290badcaca1c5fd2ba1c9f2353624c7d8e56",
      "mode": "100644"
    }
  ],
  "original_target_file_count": 53,
  "nested_manifest_entries": 220,
  "nested": [
    {
      "manifest": "FINAL_AUTHOR_MANIFEST.json",
      "path": "AUTHOR_REPLAY.json",
      "sha256": "b5b237d97c71792b9231e5b61372f8dc0b4122a2749f26848be2f43d1f5c7e1f"
    },
    {
      "manifest": "FINAL_AUTHOR_MANIFEST.json",
      "path": "CURRENT_STATE.json",
      "sha256": "d7cbc3a5e86a9f2fa89c9eab1dcdc397effb78ee736fa40350be348568b9d6fe"
    },
    {
      "manifest": "FINAL_AUTHOR_MANIFEST.json",
      "path": "CURRENT_STATE_T1.json",
      "sha256": "75d8d37377d5b012c512dd0fb4649ef899d791ecca09813e0264b1d209e27f86"
    },
    {
      "manifest": "FINAL_AUTHOR_MANIFEST.json",
      "path": "CURRENT_STATE_T2.json",
      "sha256": "0d800947a23b5ab860a76ced0ad55cb269110e4031abb7df0f59b8514a2d1324"
    },
    {
      "manifest": "FINAL_AUTHOR_MANIFEST.json",
      "path": "CURRENT_STATE_T3.json",
      "sha256": "ea8589a6c94fd872354b5692041e92e1224cbe01897c0a84dbdb199110bb5c34"
    },
    {
      "manifest": "FINAL_AUTHOR_MANIFEST.json",
      "path": "CURRENT_STATE_T4.json",
      "sha256": "f8f5175a470b10114e0d76cab32576e5198d84e6634addc90c96b4743b151517"
    },
    {
      "manifest": "FINAL_AUTHOR_MANIFEST.json",
      "path": "CURRENT_STATE_T5.json",
      "sha256": "c6084adceb351b26db15fcc9eea9c1e706d41803bb09cb8bd063a2869efcbc08"
    },
    {
      "manifest": "FINAL_AUTHOR_MANIFEST.json",
      "path": "FINAL_README.md",
      "sha256": "b001b4b75659e5636b85fe08d948272f598d9f62e80fece6b6af3bbee2161b0d"
    },
    {
      "manifest": "FINAL_AUTHOR_MANIFEST.json",
      "path": "FINAL_REVIEW_REQUEST.md",
      "sha256": "28c93d59639a9954e18bb09175eb9ea9892c2a92cc50a6469684c667660280b3"
    },
    {
      "manifest": "FINAL_AUTHOR_MANIFEST.json",
      "path": "LITERAL_COROLLARY.md",
      "sha256": "c256269bd57ef9aaa1827f594effe6af1dadfcd07ae758f6ec7d5b51c566aa7c"
    },
    {
      "manifest": "FINAL_AUTHOR_MANIFEST.json",
      "path": "PRIOR_GATE.json",
      "sha256": "10f25ddef0ac8d1d626ef20652dfbb90d1e137f9831d99443cd11db8954b21c0"
    },
    {
      "manifest": "FINAL_AUTHOR_MANIFEST.json",
      "path": "RESULT.md",
      "sha256": "33749582b5d5813c2374892774e920d097d09ae6b066301d14198e819a7b4572"
    },
    {
      "manifest": "FINAL_AUTHOR_MANIFEST.json",
      "path": "SOURCE_GATE_MANIFEST.json",
      "sha256": "381eb69ea0d7fd79cfb4a5113c8f70d2b5c51fd3fa2ec547b71f4a4b9d67595e"
    },
    {
      "manifest": "FINAL_AUTHOR_MANIFEST.json",
      "path": "SOURCE_MANIFEST.json",
      "sha256": "22335eb3fed5782930e68de88c4e8c291786da598b68a7cbd1cef1ce0b348d1e"
    },
    {
      "manifest": "FINAL_AUTHOR_MANIFEST.json",
      "path": "SOURCE_SCOPE.md",
      "sha256": "c6e5d6366594985cb5bf6fb7228a94f2e8c0f3fef98b732ef6cf166ba383123d"
    },
    {
      "manifest": "FINAL_AUTHOR_MANIFEST.json",
      "path": "TURN_1.md",
      "sha256": "ea16b9b0105934e2e63579c01e66f6eca27b57dc3f3413766c9566ed24c5e5d3"
    },
    {
      "manifest": "FINAL_AUTHOR_MANIFEST.json",
      "path": "TURN_1_CHECKS.json",
      "sha256": "4327e24a9fcd85b0d7cf7dd3fd064a18129eafe4f0702b7d3bbe1e2dfee8d31e"
    },
    {
      "manifest": "FINAL_AUTHOR_MANIFEST.json",
      "path": "TURN_1_LOG.md",
      "sha256": "21ab0851cd68a946235b603a8968ab35d66055ec89baab226f838f411e030942"
    },
    {
      "manifest": "FINAL_AUTHOR_MANIFEST.json",
      "path": "TURN_1_MANIFEST.json",
      "sha256": "6a513bd96c5f6b63a6fe2d0e2bd8aa807d7b46b474b890e50954e98130de972c"
    },
    {
      "manifest": "FINAL_AUTHOR_MANIFEST.json",
      "path": "TURN_2.md",
      "sha256": "0f4a65d6b5afad82733eba64853b3068baf41e729e5c9b6c570c751a73fde67f"
    },
    {
      "manifest": "FINAL_AUTHOR_MANIFEST.json",
      "path": "TURN_2_CHECKS.json",
      "sha256": "40adb1f18d70c7a4b6488b611f5d6e997a3963305cf889ed9c0655d1b26196da"
    },
    {
      "manifest": "FINAL_AUTHOR_MANIFEST.json",
      "path": "TURN_2_LOG.md",
      "sha256": "e1cb5793cfd207f7c815de702acc54f762670b4fa9cb756630ac9cdb7dbe4b67"
    },
    {
      "manifest": "FINAL_AUTHOR_MANIFEST.json",
      "path": "TURN_2_MANIFEST.json",
      "sha256": "3f9310b938fbae5ebcce541eafc5e58416f5c09cfb1bdfe5805c3f68afad1dc8"
    },
    {
      "manifest": "FINAL_AUTHOR_MANIFEST.json",
      "path": "TURN_3.md",
      "sha256": "2eddc67778bf22fd0fd50583a0dac4b1c16b97e1155735d6c4ccffa4636e9a93"
    },
    {
      "manifest": "FINAL_AUTHOR_MANIFEST.json",
      "path": "TURN_3_CHECKS.json",
      "sha256": "e046f1cc9172014f42dd8854054484eb6f722f30b56630cebb37547e408d1c1d"
    },
    {
      "manifest": "FINAL_AUTHOR_MANIFEST.json",
      "path": "TURN_3_LOG.md",
      "sha256": "c37d43021c803e3ac0bac944adf5d8b48ae8467c634b227c41233eace938d64d"
    },
    {
      "manifest": "FINAL_AUTHOR_MANIFEST.json",
      "path": "TURN_3_MANIFEST.json",
      "sha256": "0587a825bef0e7bf418d830b046f84d80a7d767f6ec018350f9b9e9fbab485c1"
    },
    {
      "manifest": "FINAL_AUTHOR_MANIFEST.json",
      "path": "TURN_4.md",
      "sha256": "fef75813b31ca69a4bae3434ca21f9149a3f4677912f4b6a1a6e4d68845955ad"
    },
    {
      "manifest": "FINAL_AUTHOR_MANIFEST.json",
      "path": "TURN_4_CHECKS.json",
      "sha256": "d520c0bc800659bf31819defb73241d7f8b36eebb3133a403904308814dc9ed9"
    },
    {
      "manifest": "FINAL_AUTHOR_MANIFEST.json",
      "path": "TURN_4_LOG.md",
      "sha256": "826bb29eedb28c4fc9d60db2be0060d56c86a505473034c02b9d74f676182313"
    },
    {
      "manifest": "FINAL_AUTHOR_MANIFEST.json",
      "path": "TURN_4_MANIFEST.json",
      "sha256": "324e9af8d1f68448e8ab8c9a34baa5907b22a358c39ed9ae9bcd8a29f4564a0b"
    },
    {
      "manifest": "FINAL_AUTHOR_MANIFEST.json",
      "path": "TURN_5.md",
      "sha256": "c6858fe65c85e47a7bea1e16c8487f9703dec9e435497a1e00f0c50962d3bc19"
    },
    {
      "manifest": "FINAL_AUTHOR_MANIFEST.json",
      "path": "TURN_5_CHECKS.json",
      "sha256": "62abb20e8b53fe732df637e3102eab9b59e86d508c5dead85a99372047b1572f"
    },
    {
      "manifest": "FINAL_AUTHOR_MANIFEST.json",
      "path": "TURN_5_LOG.md",
      "sha256": "ac68d8c6178c2210057ac8d3cd4d0d8c24ac0d7030901d62561407a9100249ce"
    },
    {
      "manifest": "FINAL_AUTHOR_MANIFEST.json",
      "path": "TURN_5_MANIFEST.json",
      "sha256": "45416139cee4191d4280d195f36a743e7c1b8c4b4b9d90477685076adaed0ca6"
    },
    {
      "manifest": "FINAL_AUTHOR_MANIFEST.json",
      "path": "replay_author.py",
      "sha256": "a15e6cdf43e3767b53aeadad334c3e0a796798d7dd2620ef33d47da6ed4a6650"
    },
    {
      "manifest": "FINAL_AUTHOR_MANIFEST.json",
      "path": "verify_turn1.py",
      "sha256": "126d0f10a935cbc83312faea7f705d1ccbf58adabcda5034d756d564c0aa9cff"
    },
    {
      "manifest": "FINAL_AUTHOR_MANIFEST.json",
      "path": "verify_turn2.py",
      "sha256": "e53cbf834781b14151bb32cb66ec37fc6bfc1b29561c181072d8a9c8a529213b"
    },
    {
      "manifest": "FINAL_AUTHOR_MANIFEST.json",
      "path": "verify_turn3.py",
      "sha256": "799d51a87ca4b5386ef559b5983227192b86fca3fdc1a202f45183793bc64584"
    },
    {
      "manifest": "FINAL_AUTHOR_MANIFEST.json",
      "path": "verify_turn4.py",
      "sha256": "6c00bdfd78b457c339bc855460dc7335e5067a9a6ef6ad14065845e020ec37ff"
    },
    {
      "manifest": "FINAL_AUTHOR_MANIFEST.json",
      "path": "verify_turn5.py",
      "sha256": "1d8fb77b9ed186f748f6fca6bc6b6435ca6de8d402f548b6873d1bb52ddb1c8e"
    },
    {
      "manifest": "PUBLICATION_MANIFEST.json",
      "path": "AUTHOR_REPLAY.json",
      "sha256": "b5b237d97c71792b9231e5b61372f8dc0b4122a2749f26848be2f43d1f5c7e1f"
    },
    {
      "manifest": "PUBLICATION_MANIFEST.json",
      "path": "CURRENT_STATE.json",
      "sha256": "d7cbc3a5e86a9f2fa89c9eab1dcdc397effb78ee736fa40350be348568b9d6fe"
    },
    {
      "manifest": "PUBLICATION_MANIFEST.json",
      "path": "CURRENT_STATE_T1.json",
      "sha256": "75d8d37377d5b012c512dd0fb4649ef899d791ecca09813e0264b1d209e27f86"
    },
    {
      "manifest": "PUBLICATION_MANIFEST.json",
      "path": "CURRENT_STATE_T2.json",
      "sha256": "0d800947a23b5ab860a76ced0ad55cb269110e4031abb7df0f59b8514a2d1324"
    },
    {
      "manifest": "PUBLICATION_MANIFEST.json",
      "path": "CURRENT_STATE_T3.json",
      "sha256": "ea8589a6c94fd872354b5692041e92e1224cbe01897c0a84dbdb199110bb5c34"
    },
    {
      "manifest": "PUBLICATION_MANIFEST.json",
      "path": "CURRENT_STATE_T4.json",
      "sha256": "f8f5175a470b10114e0d76cab32576e5198d84e6634addc90c96b4743b151517"
    },
    {
      "manifest": "PUBLICATION_MANIFEST.json",
      "path": "CURRENT_STATE_T5.json",
      "sha256": "c6084adceb351b26db15fcc9eea9c1e706d41803bb09cb8bd063a2869efcbc08"
    },
    {
      "manifest": "PUBLICATION_MANIFEST.json",
      "path": "FINAL_AUTHOR_MANIFEST.json",
      "sha256": "ab2d9369a444b49e913abf32420b1c08f701149dc2df631278ad03e69feb5218"
    },
    {
      "manifest": "PUBLICATION_MANIFEST.json",
      "path": "FINAL_README.md",
      "sha256": "b001b4b75659e5636b85fe08d948272f598d9f62e80fece6b6af3bbee2161b0d"
    },
    {
      "manifest": "PUBLICATION_MANIFEST.json",
      "path": "FINAL_REVIEW_REQUEST.md",
      "sha256": "28c93d59639a9954e18bb09175eb9ea9892c2a92cc50a6469684c667660280b3"
    },
    {
      "manifest": "PUBLICATION_MANIFEST.json",
      "path": "LITERAL_COROLLARY.md",
      "sha256": "c256269bd57ef9aaa1827f594effe6af1dadfcd07ae758f6ec7d5b51c566aa7c"
    },
    {
      "manifest": "PUBLICATION_MANIFEST.json",
      "path": "PRIOR_GATE.json",
      "sha256": "10f25ddef0ac8d1d626ef20652dfbb90d1e137f9831d99443cd11db8954b21c0"
    },
    {
      "manifest": "PUBLICATION_MANIFEST.json",
      "path": "PUBLICATION.md",
      "sha256": "01972eaf75bb0c68d9157050312f1945e02102454c53818f25c0ac232e84b255"
    },
    {
      "manifest": "PUBLICATION_MANIFEST.json",
      "path": "RESULT.md",
      "sha256": "33749582b5d5813c2374892774e920d097d09ae6b066301d14198e819a7b4572"
    },
    {
      "manifest": "PUBLICATION_MANIFEST.json",
      "path": "SOURCE_GATE_MANIFEST.json",
      "sha256": "381eb69ea0d7fd79cfb4a5113c8f70d2b5c51fd3fa2ec547b71f4a4b9d67595e"
    },
    {
      "manifest": "PUBLICATION_MANIFEST.json",
      "path": "SOURCE_MANIFEST.json",
      "sha256": "22335eb3fed5782930e68de88c4e8c291786da598b68a7cbd1cef1ce0b348d1e"
    },
    {
      "manifest": "PUBLICATION_MANIFEST.json",
      "path": "SOURCE_SCOPE.md",
      "sha256": "c6e5d6366594985cb5bf6fb7228a94f2e8c0f3fef98b732ef6cf166ba383123d"
    },
    {
      "manifest": "PUBLICATION_MANIFEST.json",
      "path": "TURN_1.md",
      "sha256": "ea16b9b0105934e2e63579c01e66f6eca27b57dc3f3413766c9566ed24c5e5d3"
    },
    {
      "manifest": "PUBLICATION_MANIFEST.json",
      "path": "TURN_1_CHECKS.json",
      "sha256": "4327e24a9fcd85b0d7cf7dd3fd064a18129eafe4f0702b7d3bbe1e2dfee8d31e"
    },
    {
      "manifest": "PUBLICATION_MANIFEST.json",
      "path": "TURN_1_LOG.md",
      "sha256": "21ab0851cd68a946235b603a8968ab35d66055ec89baab226f838f411e030942"
    },
    {
      "manifest": "PUBLICATION_MANIFEST.json",
      "path": "TURN_1_MANIFEST.json",
      "sha256": "6a513bd96c5f6b63a6fe2d0e2bd8aa807d7b46b474b890e50954e98130de972c"
    },
    {
      "manifest": "PUBLICATION_MANIFEST.json",
      "path": "TURN_2.md",
      "sha256": "0f4a65d6b5afad82733eba64853b3068baf41e729e5c9b6c570c751a73fde67f"
    },
    {
      "manifest": "PUBLICATION_MANIFEST.json",
      "path": "TURN_2_CHECKS.json",
      "sha256": "40adb1f18d70c7a4b6488b611f5d6e997a3963305cf889ed9c0655d1b26196da"
    },
    {
      "manifest": "PUBLICATION_MANIFEST.json",
      "path": "TURN_2_LOG.md",
      "sha256": "e1cb5793cfd207f7c815de702acc54f762670b4fa9cb756630ac9cdb7dbe4b67"
    },
    {
      "manifest": "PUBLICATION_MANIFEST.json",
      "path": "TURN_2_MANIFEST.json",
      "sha256": "3f9310b938fbae5ebcce541eafc5e58416f5c09cfb1bdfe5805c3f68afad1dc8"
    },
    {
      "manifest": "PUBLICATION_MANIFEST.json",
      "path": "TURN_3.md",
      "sha256": "2eddc67778bf22fd0fd50583a0dac4b1c16b97e1155735d6c4ccffa4636e9a93"
    },
    {
      "manifest": "PUBLICATION_MANIFEST.json",
      "path": "TURN_3_CHECKS.json",
      "sha256": "e046f1cc9172014f42dd8854054484eb6f722f30b56630cebb37547e408d1c1d"
    },
    {
      "manifest": "PUBLICATION_MANIFEST.json",
      "path": "TURN_3_LOG.md",
      "sha256": "c37d43021c803e3ac0bac944adf5d8b48ae8467c634b227c41233eace938d64d"
    },
    {
      "manifest": "PUBLICATION_MANIFEST.json",
      "path": "TURN_3_MANIFEST.json",
      "sha256": "0587a825bef0e7bf418d830b046f84d80a7d767f6ec018350f9b9e9fbab485c1"
    },
    {
      "manifest": "PUBLICATION_MANIFEST.json",
      "path": "TURN_4.md",
      "sha256": "fef75813b31ca69a4bae3434ca21f9149a3f4677912f4b6a1a6e4d68845955ad"
    },
    {
      "manifest": "PUBLICATION_MANIFEST.json",
      "path": "TURN_4_CHECKS.json",
      "sha256": "d520c0bc800659bf31819defb73241d7f8b36eebb3133a403904308814dc9ed9"
    },
    {
      "manifest": "PUBLICATION_MANIFEST.json",
      "path": "TURN_4_LOG.md",
      "sha256": "826bb29eedb28c4fc9d60db2be0060d56c86a505473034c02b9d74f676182313"
    },
    {
      "manifest": "PUBLICATION_MANIFEST.json",
      "path": "TURN_4_MANIFEST.json",
      "sha256": "324e9af8d1f68448e8ab8c9a34baa5907b22a358c39ed9ae9bcd8a29f4564a0b"
    },
    {
      "manifest": "PUBLICATION_MANIFEST.json",
      "path": "TURN_5.md",
      "sha256": "c6858fe65c85e47a7bea1e16c8487f9703dec9e435497a1e00f0c50962d3bc19"
    },
    {
      "manifest": "PUBLICATION_MANIFEST.json",
      "path": "TURN_5_CHECKS.json",
      "sha256": "62abb20e8b53fe732df637e3102eab9b59e86d508c5dead85a99372047b1572f"
    },
    {
      "manifest": "PUBLICATION_MANIFEST.json",
      "path": "TURN_5_LOG.md",
      "sha256": "ac68d8c6178c2210057ac8d3cd4d0d8c24ac0d7030901d62561407a9100249ce"
    },
    {
      "manifest": "PUBLICATION_MANIFEST.json",
      "path": "TURN_5_MANIFEST.json",
      "sha256": "45416139cee4191d4280d195f36a743e7c1b8c4b4b9d90477685076adaed0ca6"
    },
    {
      "manifest": "PUBLICATION_MANIFEST.json",
      "path": "replay_author.py",
      "sha256": "a15e6cdf43e3767b53aeadad334c3e0a796798d7dd2620ef33d47da6ed4a6650"
    },
    {
      "manifest": "PUBLICATION_MANIFEST.json",
      "path": "review/ADVERSARIAL_REVIEW.md",
      "sha256": "51c7388c432b26d04fc7a4b41f1688df2c0bbeb789e4b41701d08ff02793c16b"
    },
    {
      "manifest": "PUBLICATION_MANIFEST.json",
      "path": "review/AUTHOR_REPLAY.json",
      "sha256": "b5b237d97c71792b9231e5b61372f8dc0b4122a2749f26848be2f43d1f5c7e1f"
    },
    {
      "manifest": "PUBLICATION_MANIFEST.json",
      "path": "review/INDEPENDENT_CHECKS.json",
      "sha256": "b71321fa908faf71bda9d74c828be12080f25a32b2f2084d704ee715c954604d"
    },
    {
      "manifest": "PUBLICATION_MANIFEST.json",
      "path": "review/README.md",
      "sha256": "52771a6e226f227b2f009cf4ee3cb33a5897f8ec9368beddd5f0ffb42b9a5537"
    },
    {
      "manifest": "PUBLICATION_MANIFEST.json",
      "path": "review/REMOTE_BINDING.json",
      "sha256": "08e40fbe64d937af12e5b29e7e4898513ad0366d78509adae4b9d22996c72c3a"
    },
    {
      "manifest": "PUBLICATION_MANIFEST.json",
      "path": "review/REVIEW_MANIFEST.json",
      "sha256": "e08980670ec376e70a9c5ec0cda7bfbb18f824a2759e15eee22856b880aea150"
    },
    {
      "manifest": "PUBLICATION_MANIFEST.json",
      "path": "review/independent_checks.py",
      "sha256": "8ec47d4efd00ac53743708e2e933e6c118e212dc96cbc499ae97ac9270b1859d"
    },
    {
      "manifest": "PUBLICATION_MANIFEST.json",
      "path": "review/verify_review.py",
      "sha256": "1868281be28e4e5273a35a988d49ebef840228623c11fd05c7efb50f16c13a14"
    },
    {
      "manifest": "PUBLICATION_MANIFEST.json",
      "path": "verify_publication.py",
      "sha256": "a498c9d457d7abcdd5f7c1c979c60eedd11347f2c34d803c88586597ad3235d0"
    },
    {
      "manifest": "PUBLICATION_MANIFEST.json",
      "path": "verify_turn1.py",
      "sha256": "126d0f10a935cbc83312faea7f705d1ccbf58adabcda5034d756d564c0aa9cff"
    },
    {
      "manifest": "PUBLICATION_MANIFEST.json",
      "path": "verify_turn2.py",
      "sha256": "e53cbf834781b14151bb32cb66ec37fc6bfc1b29561c181072d8a9c8a529213b"
    },
    {
      "manifest": "PUBLICATION_MANIFEST.json",
      "path": "verify_turn3.py",
      "sha256": "799d51a87ca4b5386ef559b5983227192b86fca3fdc1a202f45183793bc64584"
    },
    {
      "manifest": "PUBLICATION_MANIFEST.json",
      "path": "verify_turn4.py",
      "sha256": "6c00bdfd78b457c339bc855460dc7335e5067a9a6ef6ad14065845e020ec37ff"
    },
    {
      "manifest": "PUBLICATION_MANIFEST.json",
      "path": "verify_turn5.py",
      "sha256": "1d8fb77b9ed186f748f6fca6bc6b6435ca6de8d402f548b6873d1bb52ddb1c8e"
    },
    {
      "manifest": "SOURCE_GATE_MANIFEST.json",
      "path": "CURRENT_STATE.json",
      "sha256": "d7cbc3a5e86a9f2fa89c9eab1dcdc397effb78ee736fa40350be348568b9d6fe"
    },
    {
      "manifest": "SOURCE_GATE_MANIFEST.json",
      "path": "LITERAL_COROLLARY.md",
      "sha256": "c256269bd57ef9aaa1827f594effe6af1dadfcd07ae758f6ec7d5b51c566aa7c"
    },
    {
      "manifest": "SOURCE_GATE_MANIFEST.json",
      "path": "PRIOR_GATE.json",
      "sha256": "10f25ddef0ac8d1d626ef20652dfbb90d1e137f9831d99443cd11db8954b21c0"
    },
    {
      "manifest": "SOURCE_GATE_MANIFEST.json",
      "path": "SOURCE_MANIFEST.json",
      "sha256": "22335eb3fed5782930e68de88c4e8c291786da598b68a7cbd1cef1ce0b348d1e"
    },
    {
      "manifest": "SOURCE_GATE_MANIFEST.json",
      "path": "SOURCE_SCOPE.md",
      "sha256": "c6e5d6366594985cb5bf6fb7228a94f2e8c0f3fef98b732ef6cf166ba383123d"
    },
    {
      "manifest": "TURN_1_MANIFEST.json",
      "path": "CURRENT_STATE.json",
      "sha256": "d7cbc3a5e86a9f2fa89c9eab1dcdc397effb78ee736fa40350be348568b9d6fe"
    },
    {
      "manifest": "TURN_1_MANIFEST.json",
      "path": "CURRENT_STATE_T1.json",
      "sha256": "75d8d37377d5b012c512dd0fb4649ef899d791ecca09813e0264b1d209e27f86"
    },
    {
      "manifest": "TURN_1_MANIFEST.json",
      "path": "LITERAL_COROLLARY.md",
      "sha256": "c256269bd57ef9aaa1827f594effe6af1dadfcd07ae758f6ec7d5b51c566aa7c"
    },
    {
      "manifest": "TURN_1_MANIFEST.json",
      "path": "PRIOR_GATE.json",
      "sha256": "10f25ddef0ac8d1d626ef20652dfbb90d1e137f9831d99443cd11db8954b21c0"
    },
    {
      "manifest": "TURN_1_MANIFEST.json",
      "path": "SOURCE_GATE_MANIFEST.json",
      "sha256": "381eb69ea0d7fd79cfb4a5113c8f70d2b5c51fd3fa2ec547b71f4a4b9d67595e"
    },
    {
      "manifest": "TURN_1_MANIFEST.json",
      "path": "SOURCE_MANIFEST.json",
      "sha256": "22335eb3fed5782930e68de88c4e8c291786da598b68a7cbd1cef1ce0b348d1e"
    },
    {
      "manifest": "TURN_1_MANIFEST.json",
      "path": "SOURCE_SCOPE.md",
      "sha256": "c6e5d6366594985cb5bf6fb7228a94f2e8c0f3fef98b732ef6cf166ba383123d"
    },
    {
      "manifest": "TURN_1_MANIFEST.json",
      "path": "TURN_1.md",
      "sha256": "ea16b9b0105934e2e63579c01e66f6eca27b57dc3f3413766c9566ed24c5e5d3"
    },
    {
      "manifest": "TURN_1_MANIFEST.json",
      "path": "TURN_1_CHECKS.json",
      "sha256": "4327e24a9fcd85b0d7cf7dd3fd064a18129eafe4f0702b7d3bbe1e2dfee8d31e"
    },
    {
      "manifest": "TURN_1_MANIFEST.json",
      "path": "TURN_1_LOG.md",
      "sha256": "21ab0851cd68a946235b603a8968ab35d66055ec89baab226f838f411e030942"
    },
    {
      "manifest": "TURN_1_MANIFEST.json",
      "path": "verify_turn1.py",
      "sha256": "126d0f10a935cbc83312faea7f705d1ccbf58adabcda5034d756d564c0aa9cff"
    },
    {
      "manifest": "TURN_2_MANIFEST.json",
      "path": "CURRENT_STATE.json",
      "sha256": "d7cbc3a5e86a9f2fa89c9eab1dcdc397effb78ee736fa40350be348568b9d6fe"
    },
    {
      "manifest": "TURN_2_MANIFEST.json",
      "path": "CURRENT_STATE_T1.json",
      "sha256": "75d8d37377d5b012c512dd0fb4649ef899d791ecca09813e0264b1d209e27f86"
    },
    {
      "manifest": "TURN_2_MANIFEST.json",
      "path": "CURRENT_STATE_T2.json",
      "sha256": "0d800947a23b5ab860a76ced0ad55cb269110e4031abb7df0f59b8514a2d1324"
    },
    {
      "manifest": "TURN_2_MANIFEST.json",
      "path": "LITERAL_COROLLARY.md",
      "sha256": "c256269bd57ef9aaa1827f594effe6af1dadfcd07ae758f6ec7d5b51c566aa7c"
    },
    {
      "manifest": "TURN_2_MANIFEST.json",
      "path": "PRIOR_GATE.json",
      "sha256": "10f25ddef0ac8d1d626ef20652dfbb90d1e137f9831d99443cd11db8954b21c0"
    },
    {
      "manifest": "TURN_2_MANIFEST.json",
      "path": "SOURCE_GATE_MANIFEST.json",
      "sha256": "381eb69ea0d7fd79cfb4a5113c8f70d2b5c51fd3fa2ec547b71f4a4b9d67595e"
    },
    {
      "manifest": "TURN_2_MANIFEST.json",
      "path": "SOURCE_MANIFEST.json",
      "sha256": "22335eb3fed5782930e68de88c4e8c291786da598b68a7cbd1cef1ce0b348d1e"
    },
    {
      "manifest": "TURN_2_MANIFEST.json",
      "path": "SOURCE_SCOPE.md",
      "sha256": "c6e5d6366594985cb5bf6fb7228a94f2e8c0f3fef98b732ef6cf166ba383123d"
    },
    {
      "manifest": "TURN_2_MANIFEST.json",
      "path": "TURN_1.md",
      "sha256": "ea16b9b0105934e2e63579c01e66f6eca27b57dc3f3413766c9566ed24c5e5d3"
    },
    {
      "manifest": "TURN_2_MANIFEST.json",
      "path": "TURN_1_CHECKS.json",
      "sha256": "4327e24a9fcd85b0d7cf7dd3fd064a18129eafe4f0702b7d3bbe1e2dfee8d31e"
    },
    {
      "manifest": "TURN_2_MANIFEST.json",
      "path": "TURN_1_LOG.md",
      "sha256": "21ab0851cd68a946235b603a8968ab35d66055ec89baab226f838f411e030942"
    },
    {
      "manifest": "TURN_2_MANIFEST.json",
      "path": "TURN_1_MANIFEST.json",
      "sha256": "6a513bd96c5f6b63a6fe2d0e2bd8aa807d7b46b474b890e50954e98130de972c"
    },
    {
      "manifest": "TURN_2_MANIFEST.json",
      "path": "TURN_2.md",
      "sha256": "0f4a65d6b5afad82733eba64853b3068baf41e729e5c9b6c570c751a73fde67f"
    },
    {
      "manifest": "TURN_2_MANIFEST.json",
      "path": "TURN_2_CHECKS.json",
      "sha256": "40adb1f18d70c7a4b6488b611f5d6e997a3963305cf889ed9c0655d1b26196da"
    },
    {
      "manifest": "TURN_2_MANIFEST.json",
      "path": "TURN_2_LOG.md",
      "sha256": "e1cb5793cfd207f7c815de702acc54f762670b4fa9cb756630ac9cdb7dbe4b67"
    },
    {
      "manifest": "TURN_2_MANIFEST.json",
      "path": "verify_turn1.py",
      "sha256": "126d0f10a935cbc83312faea7f705d1ccbf58adabcda5034d756d564c0aa9cff"
    },
    {
      "manifest": "TURN_2_MANIFEST.json",
      "path": "verify_turn2.py",
      "sha256": "e53cbf834781b14151bb32cb66ec37fc6bfc1b29561c181072d8a9c8a529213b"
    },
    {
      "manifest": "TURN_3_MANIFEST.json",
      "path": "CURRENT_STATE.json",
      "sha256": "d7cbc3a5e86a9f2fa89c9eab1dcdc397effb78ee736fa40350be348568b9d6fe"
    },
    {
      "manifest": "TURN_3_MANIFEST.json",
      "path": "CURRENT_STATE_T1.json",
      "sha256": "75d8d37377d5b012c512dd0fb4649ef899d791ecca09813e0264b1d209e27f86"
    },
    {
      "manifest": "TURN_3_MANIFEST.json",
      "path": "CURRENT_STATE_T2.json",
      "sha256": "0d800947a23b5ab860a76ced0ad55cb269110e4031abb7df0f59b8514a2d1324"
    },
    {
      "manifest": "TURN_3_MANIFEST.json",
      "path": "CURRENT_STATE_T3.json",
      "sha256": "ea8589a6c94fd872354b5692041e92e1224cbe01897c0a84dbdb199110bb5c34"
    },
    {
      "manifest": "TURN_3_MANIFEST.json",
      "path": "LITERAL_COROLLARY.md",
      "sha256": "c256269bd57ef9aaa1827f594effe6af1dadfcd07ae758f6ec7d5b51c566aa7c"
    },
    {
      "manifest": "TURN_3_MANIFEST.json",
      "path": "PRIOR_GATE.json",
      "sha256": "10f25ddef0ac8d1d626ef20652dfbb90d1e137f9831d99443cd11db8954b21c0"
    },
    {
      "manifest": "TURN_3_MANIFEST.json",
      "path": "SOURCE_GATE_MANIFEST.json",
      "sha256": "381eb69ea0d7fd79cfb4a5113c8f70d2b5c51fd3fa2ec547b71f4a4b9d67595e"
    },
    {
      "manifest": "TURN_3_MANIFEST.json",
      "path": "SOURCE_MANIFEST.json",
      "sha256": "22335eb3fed5782930e68de88c4e8c291786da598b68a7cbd1cef1ce0b348d1e"
    },
    {
      "manifest": "TURN_3_MANIFEST.json",
      "path": "SOURCE_SCOPE.md",
      "sha256": "c6e5d6366594985cb5bf6fb7228a94f2e8c0f3fef98b732ef6cf166ba383123d"
    },
    {
      "manifest": "TURN_3_MANIFEST.json",
      "path": "TURN_1.md",
      "sha256": "ea16b9b0105934e2e63579c01e66f6eca27b57dc3f3413766c9566ed24c5e5d3"
    },
    {
      "manifest": "TURN_3_MANIFEST.json",
      "path": "TURN_1_CHECKS.json",
      "sha256": "4327e24a9fcd85b0d7cf7dd3fd064a18129eafe4f0702b7d3bbe1e2dfee8d31e"
    },
    {
      "manifest": "TURN_3_MANIFEST.json",
      "path": "TURN_1_LOG.md",
      "sha256": "21ab0851cd68a946235b603a8968ab35d66055ec89baab226f838f411e030942"
    },
    {
      "manifest": "TURN_3_MANIFEST.json",
      "path": "TURN_1_MANIFEST.json",
      "sha256": "6a513bd96c5f6b63a6fe2d0e2bd8aa807d7b46b474b890e50954e98130de972c"
    },
    {
      "manifest": "TURN_3_MANIFEST.json",
      "path": "TURN_2.md",
      "sha256": "0f4a65d6b5afad82733eba64853b3068baf41e729e5c9b6c570c751a73fde67f"
    },
    {
      "manifest": "TURN_3_MANIFEST.json",
      "path": "TURN_2_CHECKS.json",
      "sha256": "40adb1f18d70c7a4b6488b611f5d6e997a3963305cf889ed9c0655d1b26196da"
    },
    {
      "manifest": "TURN_3_MANIFEST.json",
      "path": "TURN_2_LOG.md",
      "sha256": "e1cb5793cfd207f7c815de702acc54f762670b4fa9cb756630ac9cdb7dbe4b67"
    },
    {
      "manifest": "TURN_3_MANIFEST.json",
      "path": "TURN_2_MANIFEST.json",
      "sha256": "3f9310b938fbae5ebcce541eafc5e58416f5c09cfb1bdfe5805c3f68afad1dc8"
    },
    {
      "manifest": "TURN_3_MANIFEST.json",
      "path": "TURN_3.md",
      "sha256": "2eddc67778bf22fd0fd50583a0dac4b1c16b97e1155735d6c4ccffa4636e9a93"
    },
    {
      "manifest": "TURN_3_MANIFEST.json",
      "path": "TURN_3_CHECKS.json",
      "sha256": "e046f1cc9172014f42dd8854054484eb6f722f30b56630cebb37547e408d1c1d"
    },
    {
      "manifest": "TURN_3_MANIFEST.json",
      "path": "TURN_3_LOG.md",
      "sha256": "c37d43021c803e3ac0bac944adf5d8b48ae8467c634b227c41233eace938d64d"
    },
    {
      "manifest": "TURN_3_MANIFEST.json",
      "path": "verify_turn1.py",
      "sha256": "126d0f10a935cbc83312faea7f705d1ccbf58adabcda5034d756d564c0aa9cff"
    },
    {
      "manifest": "TURN_3_MANIFEST.json",
      "path": "verify_turn2.py",
      "sha256": "e53cbf834781b14151bb32cb66ec37fc6bfc1b29561c181072d8a9c8a529213b"
    },
    {
      "manifest": "TURN_3_MANIFEST.json",
      "path": "verify_turn3.py",
      "sha256": "799d51a87ca4b5386ef559b5983227192b86fca3fdc1a202f45183793bc64584"
    },
    {
      "manifest": "TURN_4_MANIFEST.json",
      "path": "CURRENT_STATE.json",
      "sha256": "d7cbc3a5e86a9f2fa89c9eab1dcdc397effb78ee736fa40350be348568b9d6fe"
    },
    {
      "manifest": "TURN_4_MANIFEST.json",
      "path": "CURRENT_STATE_T1.json",
      "sha256": "75d8d37377d5b012c512dd0fb4649ef899d791ecca09813e0264b1d209e27f86"
    },
    {
      "manifest": "TURN_4_MANIFEST.json",
      "path": "CURRENT_STATE_T2.json",
      "sha256": "0d800947a23b5ab860a76ced0ad55cb269110e4031abb7df0f59b8514a2d1324"
    },
    {
      "manifest": "TURN_4_MANIFEST.json",
      "path": "CURRENT_STATE_T3.json",
      "sha256": "ea8589a6c94fd872354b5692041e92e1224cbe01897c0a84dbdb199110bb5c34"
    },
    {
      "manifest": "TURN_4_MANIFEST.json",
      "path": "CURRENT_STATE_T4.json",
      "sha256": "f8f5175a470b10114e0d76cab32576e5198d84e6634addc90c96b4743b151517"
    },
    {
      "manifest": "TURN_4_MANIFEST.json",
      "path": "LITERAL_COROLLARY.md",
      "sha256": "c256269bd57ef9aaa1827f594effe6af1dadfcd07ae758f6ec7d5b51c566aa7c"
    },
    {
      "manifest": "TURN_4_MANIFEST.json",
      "path": "PRIOR_GATE.json",
      "sha256": "10f25ddef0ac8d1d626ef20652dfbb90d1e137f9831d99443cd11db8954b21c0"
    },
    {
      "manifest": "TURN_4_MANIFEST.json",
      "path": "SOURCE_GATE_MANIFEST.json",
      "sha256": "381eb69ea0d7fd79cfb4a5113c8f70d2b5c51fd3fa2ec547b71f4a4b9d67595e"
    },
    {
      "manifest": "TURN_4_MANIFEST.json",
      "path": "SOURCE_MANIFEST.json",
      "sha256": "22335eb3fed5782930e68de88c4e8c291786da598b68a7cbd1cef1ce0b348d1e"
    },
    {
      "manifest": "TURN_4_MANIFEST.json",
      "path": "SOURCE_SCOPE.md",
      "sha256": "c6e5d6366594985cb5bf6fb7228a94f2e8c0f3fef98b732ef6cf166ba383123d"
    },
    {
      "manifest": "TURN_4_MANIFEST.json",
      "path": "TURN_1.md",
      "sha256": "ea16b9b0105934e2e63579c01e66f6eca27b57dc3f3413766c9566ed24c5e5d3"
    },
    {
      "manifest": "TURN_4_MANIFEST.json",
      "path": "TURN_1_CHECKS.json",
      "sha256": "4327e24a9fcd85b0d7cf7dd3fd064a18129eafe4f0702b7d3bbe1e2dfee8d31e"
    },
    {
      "manifest": "TURN_4_MANIFEST.json",
      "path": "TURN_1_LOG.md",
      "sha256": "21ab0851cd68a946235b603a8968ab35d66055ec89baab226f838f411e030942"
    },
    {
      "manifest": "TURN_4_MANIFEST.json",
      "path": "TURN_1_MANIFEST.json",
      "sha256": "6a513bd96c5f6b63a6fe2d0e2bd8aa807d7b46b474b890e50954e98130de972c"
    },
    {
      "manifest": "TURN_4_MANIFEST.json",
      "path": "TURN_2.md",
      "sha256": "0f4a65d6b5afad82733eba64853b3068baf41e729e5c9b6c570c751a73fde67f"
    },
    {
      "manifest": "TURN_4_MANIFEST.json",
      "path": "TURN_2_CHECKS.json",
      "sha256": "40adb1f18d70c7a4b6488b611f5d6e997a3963305cf889ed9c0655d1b26196da"
    },
    {
      "manifest": "TURN_4_MANIFEST.json",
      "path": "TURN_2_LOG.md",
      "sha256": "e1cb5793cfd207f7c815de702acc54f762670b4fa9cb756630ac9cdb7dbe4b67"
    },
    {
      "manifest": "TURN_4_MANIFEST.json",
      "path": "TURN_2_MANIFEST.json",
      "sha256": "3f9310b938fbae5ebcce541eafc5e58416f5c09cfb1bdfe5805c3f68afad1dc8"
    },
    {
      "manifest": "TURN_4_MANIFEST.json",
      "path": "TURN_3.md",
      "sha256": "2eddc67778bf22fd0fd50583a0dac4b1c16b97e1155735d6c4ccffa4636e9a93"
    },
    {
      "manifest": "TURN_4_MANIFEST.json",
      "path": "TURN_3_CHECKS.json",
      "sha256": "e046f1cc9172014f42dd8854054484eb6f722f30b56630cebb37547e408d1c1d"
    },
    {
      "manifest": "TURN_4_MANIFEST.json",
      "path": "TURN_3_LOG.md",
      "sha256": "c37d43021c803e3ac0bac944adf5d8b48ae8467c634b227c41233eace938d64d"
    },
    {
      "manifest": "TURN_4_MANIFEST.json",
      "path": "TURN_3_MANIFEST.json",
      "sha256": "0587a825bef0e7bf418d830b046f84d80a7d767f6ec018350f9b9e9fbab485c1"
    },
    {
      "manifest": "TURN_4_MANIFEST.json",
      "path": "TURN_4.md",
      "sha256": "fef75813b31ca69a4bae3434ca21f9149a3f4677912f4b6a1a6e4d68845955ad"
    },
    {
      "manifest": "TURN_4_MANIFEST.json",
      "path": "TURN_4_CHECKS.json",
      "sha256": "d520c0bc800659bf31819defb73241d7f8b36eebb3133a403904308814dc9ed9"
    },
    {
      "manifest": "TURN_4_MANIFEST.json",
      "path": "TURN_4_LOG.md",
      "sha256": "826bb29eedb28c4fc9d60db2be0060d56c86a505473034c02b9d74f676182313"
    },
    {
      "manifest": "TURN_4_MANIFEST.json",
      "path": "verify_turn1.py",
      "sha256": "126d0f10a935cbc83312faea7f705d1ccbf58adabcda5034d756d564c0aa9cff"
    },
    {
      "manifest": "TURN_4_MANIFEST.json",
      "path": "verify_turn2.py",
      "sha256": "e53cbf834781b14151bb32cb66ec37fc6bfc1b29561c181072d8a9c8a529213b"
    },
    {
      "manifest": "TURN_4_MANIFEST.json",
      "path": "verify_turn3.py",
      "sha256": "799d51a87ca4b5386ef559b5983227192b86fca3fdc1a202f45183793bc64584"
    },
    {
      "manifest": "TURN_4_MANIFEST.json",
      "path": "verify_turn4.py",
      "sha256": "6c00bdfd78b457c339bc855460dc7335e5067a9a6ef6ad14065845e020ec37ff"
    },
    {
      "manifest": "TURN_5_MANIFEST.json",
      "path": "CURRENT_STATE.json",
      "sha256": "d7cbc3a5e86a9f2fa89c9eab1dcdc397effb78ee736fa40350be348568b9d6fe"
    },
    {
      "manifest": "TURN_5_MANIFEST.json",
      "path": "CURRENT_STATE_T1.json",
      "sha256": "75d8d37377d5b012c512dd0fb4649ef899d791ecca09813e0264b1d209e27f86"
    },
    {
      "manifest": "TURN_5_MANIFEST.json",
      "path": "CURRENT_STATE_T2.json",
      "sha256": "0d800947a23b5ab860a76ced0ad55cb269110e4031abb7df0f59b8514a2d1324"
    },
    {
      "manifest": "TURN_5_MANIFEST.json",
      "path": "CURRENT_STATE_T3.json",
      "sha256": "ea8589a6c94fd872354b5692041e92e1224cbe01897c0a84dbdb199110bb5c34"
    },
    {
      "manifest": "TURN_5_MANIFEST.json",
      "path": "CURRENT_STATE_T4.json",
      "sha256": "f8f5175a470b10114e0d76cab32576e5198d84e6634addc90c96b4743b151517"
    },
    {
      "manifest": "TURN_5_MANIFEST.json",
      "path": "CURRENT_STATE_T5.json",
      "sha256": "c6084adceb351b26db15fcc9eea9c1e706d41803bb09cb8bd063a2869efcbc08"
    },
    {
      "manifest": "TURN_5_MANIFEST.json",
      "path": "LITERAL_COROLLARY.md",
      "sha256": "c256269bd57ef9aaa1827f594effe6af1dadfcd07ae758f6ec7d5b51c566aa7c"
    },
    {
      "manifest": "TURN_5_MANIFEST.json",
      "path": "PRIOR_GATE.json",
      "sha256": "10f25ddef0ac8d1d626ef20652dfbb90d1e137f9831d99443cd11db8954b21c0"
    },
    {
      "manifest": "TURN_5_MANIFEST.json",
      "path": "SOURCE_GATE_MANIFEST.json",
      "sha256": "381eb69ea0d7fd79cfb4a5113c8f70d2b5c51fd3fa2ec547b71f4a4b9d67595e"
    },
    {
      "manifest": "TURN_5_MANIFEST.json",
      "path": "SOURCE_MANIFEST.json",
      "sha256": "22335eb3fed5782930e68de88c4e8c291786da598b68a7cbd1cef1ce0b348d1e"
    },
    {
      "manifest": "TURN_5_MANIFEST.json",
      "path": "SOURCE_SCOPE.md",
      "sha256": "c6e5d6366594985cb5bf6fb7228a94f2e8c0f3fef98b732ef6cf166ba383123d"
    },
    {
      "manifest": "TURN_5_MANIFEST.json",
      "path": "TURN_1.md",
      "sha256": "ea16b9b0105934e2e63579c01e66f6eca27b57dc3f3413766c9566ed24c5e5d3"
    },
    {
      "manifest": "TURN_5_MANIFEST.json",
      "path": "TURN_1_CHECKS.json",
      "sha256": "4327e24a9fcd85b0d7cf7dd3fd064a18129eafe4f0702b7d3bbe1e2dfee8d31e"
    },
    {
      "manifest": "TURN_5_MANIFEST.json",
      "path": "TURN_1_LOG.md",
      "sha256": "21ab0851cd68a946235b603a8968ab35d66055ec89baab226f838f411e030942"
    },
    {
      "manifest": "TURN_5_MANIFEST.json",
      "path": "TURN_1_MANIFEST.json",
      "sha256": "6a513bd96c5f6b63a6fe2d0e2bd8aa807d7b46b474b890e50954e98130de972c"
    },
    {
      "manifest": "TURN_5_MANIFEST.json",
      "path": "TURN_2.md",
      "sha256": "0f4a65d6b5afad82733eba64853b3068baf41e729e5c9b6c570c751a73fde67f"
    },
    {
      "manifest": "TURN_5_MANIFEST.json",
      "path": "TURN_2_CHECKS.json",
      "sha256": "40adb1f18d70c7a4b6488b611f5d6e997a3963305cf889ed9c0655d1b26196da"
    },
    {
      "manifest": "TURN_5_MANIFEST.json",
      "path": "TURN_2_LOG.md",
      "sha256": "e1cb5793cfd207f7c815de702acc54f762670b4fa9cb756630ac9cdb7dbe4b67"
    },
    {
      "manifest": "TURN_5_MANIFEST.json",
      "path": "TURN_2_MANIFEST.json",
      "sha256": "3f9310b938fbae5ebcce541eafc5e58416f5c09cfb1bdfe5805c3f68afad1dc8"
    },
    {
      "manifest": "TURN_5_MANIFEST.json",
      "path": "TURN_3.md",
      "sha256": "2eddc67778bf22fd0fd50583a0dac4b1c16b97e1155735d6c4ccffa4636e9a93"
    },
    {
      "manifest": "TURN_5_MANIFEST.json",
      "path": "TURN_3_CHECKS.json",
      "sha256": "e046f1cc9172014f42dd8854054484eb6f722f30b56630cebb37547e408d1c1d"
    },
    {
      "manifest": "TURN_5_MANIFEST.json",
      "path": "TURN_3_LOG.md",
      "sha256": "c37d43021c803e3ac0bac944adf5d8b48ae8467c634b227c41233eace938d64d"
    },
    {
      "manifest": "TURN_5_MANIFEST.json",
      "path": "TURN_3_MANIFEST.json",
      "sha256": "0587a825bef0e7bf418d830b046f84d80a7d767f6ec018350f9b9e9fbab485c1"
    },
    {
      "manifest": "TURN_5_MANIFEST.json",
      "path": "TURN_4.md",
      "sha256": "fef75813b31ca69a4bae3434ca21f9149a3f4677912f4b6a1a6e4d68845955ad"
    },
    {
      "manifest": "TURN_5_MANIFEST.json",
      "path": "TURN_4_CHECKS.json",
      "sha256": "d520c0bc800659bf31819defb73241d7f8b36eebb3133a403904308814dc9ed9"
    },
    {
      "manifest": "TURN_5_MANIFEST.json",
      "path": "TURN_4_LOG.md",
      "sha256": "826bb29eedb28c4fc9d60db2be0060d56c86a505473034c02b9d74f676182313"
    },
    {
      "manifest": "TURN_5_MANIFEST.json",
      "path": "TURN_4_MANIFEST.json",
      "sha256": "324e9af8d1f68448e8ab8c9a34baa5907b22a358c39ed9ae9bcd8a29f4564a0b"
    },
    {
      "manifest": "TURN_5_MANIFEST.json",
      "path": "TURN_5.md",
      "sha256": "c6858fe65c85e47a7bea1e16c8487f9703dec9e435497a1e00f0c50962d3bc19"
    },
    {
      "manifest": "TURN_5_MANIFEST.json",
      "path": "TURN_5_CHECKS.json",
      "sha256": "62abb20e8b53fe732df637e3102eab9b59e86d508c5dead85a99372047b1572f"
    },
    {
      "manifest": "TURN_5_MANIFEST.json",
      "path": "TURN_5_LOG.md",
      "sha256": "ac68d8c6178c2210057ac8d3cd4d0d8c24ac0d7030901d62561407a9100249ce"
    },
    {
      "manifest": "TURN_5_MANIFEST.json",
      "path": "verify_turn1.py",
      "sha256": "126d0f10a935cbc83312faea7f705d1ccbf58adabcda5034d756d564c0aa9cff"
    },
    {
      "manifest": "TURN_5_MANIFEST.json",
      "path": "verify_turn2.py",
      "sha256": "e53cbf834781b14151bb32cb66ec37fc6bfc1b29561c181072d8a9c8a529213b"
    },
    {
      "manifest": "TURN_5_MANIFEST.json",
      "path": "verify_turn3.py",
      "sha256": "799d51a87ca4b5386ef559b5983227192b86fca3fdc1a202f45183793bc64584"
    },
    {
      "manifest": "TURN_5_MANIFEST.json",
      "path": "verify_turn4.py",
      "sha256": "6c00bdfd78b457c339bc855460dc7335e5067a9a6ef6ad14065845e020ec37ff"
    },
    {
      "manifest": "TURN_5_MANIFEST.json",
      "path": "verify_turn5.py",
      "sha256": "1d8fb77b9ed186f748f6fca6bc6b6435ca6de8d402f548b6873d1bb52ddb1c8e"
    },
    {
      "manifest": "review/REVIEW_MANIFEST.json",
      "path": "ADVERSARIAL_REVIEW.md",
      "sha256": "51c7388c432b26d04fc7a4b41f1688df2c0bbeb789e4b41701d08ff02793c16b"
    },
    {
      "manifest": "review/REVIEW_MANIFEST.json",
      "path": "AUTHOR_REPLAY.json",
      "sha256": "b5b237d97c71792b9231e5b61372f8dc0b4122a2749f26848be2f43d1f5c7e1f"
    },
    {
      "manifest": "review/REVIEW_MANIFEST.json",
      "path": "INDEPENDENT_CHECKS.json",
      "sha256": "b71321fa908faf71bda9d74c828be12080f25a32b2f2084d704ee715c954604d"
    },
    {
      "manifest": "review/REVIEW_MANIFEST.json",
      "path": "README.md",
      "sha256": "52771a6e226f227b2f009cf4ee3cb33a5897f8ec9368beddd5f0ffb42b9a5537"
    },
    {
      "manifest": "review/REVIEW_MANIFEST.json",
      "path": "REMOTE_BINDING.json",
      "sha256": "08e40fbe64d937af12e5b29e7e4898513ad0366d78509adae4b9d22996c72c3a"
    },
    {
      "manifest": "review/REVIEW_MANIFEST.json",
      "path": "independent_checks.py",
      "sha256": "8ec47d4efd00ac53743708e2e933e6c118e212dc96cbc499ae97ac9270b1859d"
    },
    {
      "manifest": "review/REVIEW_MANIFEST.json",
      "path": "verify_review.py",
      "sha256": "1868281be28e4e5273a35a988d49ebef840228623c11fd05c7efb50f16c13a14"
    }
  ],
  "author_checkpoint_files": 42,
  "historical_original_author_plus_review_files": 50,
  "chronological_history": [
    {
      "turn": 1,
      "commit": "624b3d15f77ea192eb69f8a0b6d79c484c1237b8",
      "immutable_entries_including_manifest": 12
    },
    {
      "turn": 2,
      "commit": "3c8244f53f230138df4393c79c0f6fe86799f137",
      "immutable_entries_including_manifest": 18
    },
    {
      "turn": 3,
      "commit": "62b7d113b4bfbf7faf1d0333c8a8a99b3b7d304c",
      "immutable_entries_including_manifest": 24
    },
    {
      "turn": 4,
      "commit": "a5377aba029e573d577653330e63619de625fd39",
      "immutable_entries_including_manifest": 30
    },
    {
      "turn": 5,
      "commit": "cd4f8dc65cd68c002e2cf85c9df60ce962f33c0d",
      "immutable_entries_including_manifest": 36
    }
  ],
  "sources": [
    {
      "name": "OWR_2019_50.pdf",
      "sha256": "549b3c1ecb3abb2a970f622e499b1b5aac23a02f4c73567408dfd8c457aff021",
      "fresh_download_byte_exact": true
    },
    {
      "name": "FGK_2022_arxiv.pdf",
      "sha256": "c8778dcbd01c9bc9ff85f058c63d74559fda98e5a0b883c7d1e3abb0ac21fb9a",
      "fresh_download_byte_exact": true
    },
    {
      "name": "FGK_2023_published.pdf",
      "sha256": "bf73b84fc2fad7fb1a58521e66084dd91d3be64ca5069e71a36794dd3eb36107",
      "fresh_download_byte_exact": true
    },
    {
      "name": "Mao_Song_2026.pdf",
      "sha256": "69df34c19aa033186b0a6c13bf041e02223955542dec970a1ba94de2d1804a06",
      "fresh_download_byte_exact": true
    },
    {
      "name": "de_la_Breteche_Tenenbaum_2026.pdf",
      "sha256": "fa647d4ceab649e6ab53d1696fe56a8ff2e3bdf26b9cbf5c5bfe7651c15522a6",
      "fresh_download_byte_exact": true
    }
  ],
  "replays": [
    {
      "name": "turn1",
      "returncode": 0,
      "stdout_sha256": "4327e24a9fcd85b0d7cf7dd3fd064a18129eafe4f0702b7d3bbe1e2dfee8d31e",
      "stderr_sha256": "e3b0c44298fc1c149afbf4c8996fb92427ae41e4649b934ca495991b7852b855",
      "stderr_bytes": 0,
      "receipt_byte_exact": true
    },
    {
      "name": "turn2",
      "returncode": 0,
      "stdout_sha256": "40adb1f18d70c7a4b6488b611f5d6e997a3963305cf889ed9c0655d1b26196da",
      "stderr_sha256": "e3b0c44298fc1c149afbf4c8996fb92427ae41e4649b934ca495991b7852b855",
      "stderr_bytes": 0,
      "receipt_byte_exact": true
    },
    {
      "name": "turn3",
      "returncode": 0,
      "stdout_sha256": "e046f1cc9172014f42dd8854054484eb6f722f30b56630cebb37547e408d1c1d",
      "stderr_sha256": "e3b0c44298fc1c149afbf4c8996fb92427ae41e4649b934ca495991b7852b855",
      "stderr_bytes": 0,
      "receipt_byte_exact": true
    },
    {
      "name": "turn4",
      "returncode": 0,
      "stdout_sha256": "d520c0bc800659bf31819defb73241d7f8b36eebb3133a403904308814dc9ed9",
      "stderr_sha256": "e3b0c44298fc1c149afbf4c8996fb92427ae41e4649b934ca495991b7852b855",
      "stderr_bytes": 0,
      "receipt_byte_exact": true
    },
    {
      "name": "turn5",
      "returncode": 0,
      "stdout_sha256": "62abb20e8b53fe732df637e3102eab9b59e86d508c5dead85a99372047b1572f",
      "stderr_sha256": "e3b0c44298fc1c149afbf4c8996fb92427ae41e4649b934ca495991b7852b855",
      "stderr_bytes": 0,
      "receipt_byte_exact": true
    },
    {
      "name": "historical_author42_source_bound",
      "returncode": 0,
      "stdout_sha256": "b5b237d97c71792b9231e5b61372f8dc0b4122a2749f26848be2f43d1f5c7e1f",
      "stderr_sha256": "e3b0c44298fc1c149afbf4c8996fb92427ae41e4649b934ca495991b7852b855",
      "stderr_bytes": 0,
      "receipt_byte_exact": true
    },
    {
      "name": "current_author_source_bound",
      "returncode": 0,
      "stdout_sha256": "7a67d0d1171e394fc29a409a48f88c742dc0fa299c6fd330234a4854f10ee835",
      "stderr_sha256": "e3b0c44298fc1c149afbf4c8996fb92427ae41e4649b934ca495991b7852b855",
      "stderr_bytes": 0,
      "historical_manifest_entries": 172,
      "expected_additional_publication_bindings": 52
    },
    {
      "name": "historical_review",
      "returncode": 0,
      "stdout_sha256": "b71321fa908faf71bda9d74c828be12080f25a32b2f2084d704ee715c954604d",
      "stderr_sha256": "e3b0c44298fc1c149afbf4c8996fb92427ae41e4649b934ca495991b7852b855",
      "stderr_bytes": 0,
      "receipt_byte_exact": true
    },
    {
      "name": "review_wrapper",
      "returncode": 0,
      "stdout_sha256": "5050406b6170b0937ff35fb7b189cfbdbb5f19d7b18874d7844779d1da290312",
      "stderr_sha256": "e3b0c44298fc1c149afbf4c8996fb92427ae41e4649b934ca495991b7852b855",
      "stderr_bytes": 0
    },
    {
      "name": "publication_wrapper",
      "returncode": 0,
      "stdout_sha256": "f1d2c8358e4eb21a5a3ea1c51e25a0190167d042ac29a81286a9243015addd20",
      "stderr_sha256": "e3b0c44298fc1c149afbf4c8996fb92427ae41e4649b934ca495991b7852b855",
      "stderr_bytes": 0
    }
  ],
  "original_queue_row_only_delta": true,
  "original_queue_row": "| 401 | 30004293 / OWR-17293-009 | Maximum Additive Multiplicity in Logarithmic Random Sets | 0.1409 | 5.0 | 3 | 2019 | unsolved | 5/5 |  |  |  |",
  "current_integration_gate": "pending refined head/base and actual queue after PR376 merge; original queue result is not current integration validation"
}
