{
  "created_utc": "2026-10-03T07:34:09.834035+00:00",
  "space_controls": [
    {
      "k": 2,
      "all_cube_generated_spaces_containing_diagonal": 2
    },
    {
      "k": 3,
      "all_cube_generated_spaces_containing_diagonal": 5
    },
    {
      "k": 4,
      "all_cube_generated_spaces_containing_diagonal": 18
    }
  ],
  "quotient_coset_checks": 25,
  "all_distinct_equal_sum_witnesses_2_to_9": 7809,
  "affine_target_identities": 31236,
  "exact_deletion_odds_checks": 42307,
  "moments": [
    {
      "n": 1,
      "exact_EM2": "1",
      "Jensen_lower": "4/25",
      "tilted_mean_N": "1"
    },
    {
      "n": 2,
      "exact_EM2": "1",
      "Jensen_lower": "10/81",
      "tilted_mean_N": "9/5"
    },
    {
      "n": 3,
      "exact_EM2": "3/2",
      "Jensen_lower": "20/169",
      "tilted_mean_N": "37/15"
    },
    {
      "n": 4,
      "exact_EM2": "13/8",
      "Jensen_lower": "35/289",
      "tilted_mean_N": "319/105"
    },
    {
      "n": 5,
      "exact_EM2": "53/30",
      "Jensen_lower": "8/63",
      "tilted_mean_N": "743/210"
    },
    {
      "n": 6,
      "exact_EM2": "469/240",
      "Jensen_lower": "84/625",
      "tilted_mean_N": "2509/630"
    },
    {
      "n": 7,
      "exact_EM2": "10961/5040",
      "Jensen_lower": "120/841",
      "tilted_mean_N": "2761/630"
    },
    {
      "n": 8,
      "exact_EM2": "47347/20160",
      "Jensen_lower": "5/33",
      "tilted_mean_N": "32891/6930"
    },
    {
      "n": 9,
      "exact_EM2": "914237/362880",
      "Jensen_lower": "220/1369",
      "tilted_mean_N": "35201/6930"
    },
    {
      "n": 10,
      "exact_EM2": "1949383/725760",
      "Jensen_lower": "286/1681",
      "tilted_mean_N": "485333/90090"
    },
    {
      "n": 11,
      "exact_EM2": "113522083/39916800",
      "Jensen_lower": "364/2025",
      "tilted_mean_N": "511073/90090"
    },
    {
      "n": 12,
      "exact_EM2": "159727261/53222400",
      "Jensen_lower": "65/343",
      "tilted_mean_N": "535097/90090"
    },
    {
      "n": 13,
      "exact_EM2": "307179781/97297200",
      "Jensen_lower": "560/2809",
      "tilted_mean_N": "1115239/180180"
    },
    {
      "n": 14,
      "exact_EM2": "57781977157/17435658240",
      "Jensen_lower": "680/3249",
      "tilted_mean_N": "19679783/3063060"
    }
  ],
  "streams": {
    "streams": [
      {
        "seed": 100,
        "N4096": 10,
        "M4096": 2
      },
      {
        "seed": 101,
        "N4096": 9,
        "M4096": 2
      },
      {
        "seed": 102,
        "N4096": 5,
        "M4096": 1
      },
      {
        "seed": 103,
        "N4096": 7,
        "M4096": 2
      },
      {
        "seed": 104,
        "N4096": 9,
        "M4096": 2
      },
      {
        "seed": 105,
        "N4096": 6,
        "M4096": 2
      },
      {
        "seed": 106,
        "N4096": 9,
        "M4096": 2
      },
      {
        "seed": 107,
        "N4096": 7,
        "M4096": 1
      },
      {
        "seed": 108,
        "N4096": 5,
        "M4096": 1
      },
      {
        "seed": 109,
        "N4096": 8,
        "M4096": 2
      },
      {
        "seed": 110,
        "N4096": 11,
        "M4096": 4
      },
      {
        "seed": 111,
        "N4096": 6,
        "M4096": 2
      },
      {
        "seed": 112,
        "N4096": 4,
        "M4096": 1
      },
      {
        "seed": 113,
        "N4096": 5,
        "M4096": 1
      },
      {
        "seed": 114,
        "N4096": 8,
        "M4096": 4
      },
      {
        "seed": 115,
        "N4096": 11,
        "M4096": 4
      },
      {
        "seed": 116,
        "N4096": 6,
        "M4096": 1
      },
      {
        "seed": 117,
        "N4096": 13,
        "M4096": 8
      },
      {
        "seed": 118,
        "N4096": 13,
        "M4096": 7
      },
      {
        "seed": 119,
        "N4096": 10,
        "M4096": 2
      },
      {
        "seed": 120,
        "N4096": 6,
        "M4096": 1
      },
      {
        "seed": 121,
        "N4096": 12,
        "M4096": 9
      },
      {
        "seed": 122,
        "N4096": 4,
        "M4096": 1
      },
      {
        "seed": 123,
        "N4096": 9,
        "M4096": 3
      },
      {
        "seed": 124,
        "N4096": 6,
        "M4096": 2
      },
      {
        "seed": 125,
        "N4096": 7,
        "M4096": 3
      },
      {
        "seed": 126,
        "N4096": 10,
        "M4096": 3
      },
      {
        "seed": 127,
        "N4096": 12,
        "M4096": 6
      },
      {
        "seed": 128,
        "N4096": 13,
        "M4096": 16
      },
      {
        "seed": 129,
        "N4096": 9,
        "M4096": 2
      },
      {
        "seed": 130,
        "N4096": 6,
        "M4096": 1
      },
      {
        "seed": 131,
        "N4096": 15,
        "M4096": 16
      },
      {
        "seed": 132,
        "N4096": 6,
        "M4096": 1
      },
      {
        "seed": 133,
        "N4096": 11,
        "M4096": 3
      },
      {
        "seed": 134,
        "N4096": 14,
        "M4096": 11
      },
      {
        "seed": 135,
        "N4096": 7,
        "M4096": 1
      },
      {
        "seed": 136,
        "N4096": 11,
        "M4096": 6
      },
      {
        "seed": 137,
        "N4096": 10,
        "M4096": 3
      },
      {
        "seed": 138,
        "N4096": 12,
        "M4096": 3
      },
      {
        "seed": 139,
        "N4096": 9,
        "M4096": 2
      },
      {
        "seed": 140,
        "N4096": 10,
        "M4096": 3
      },
      {
        "seed": 141,
        "N4096": 8,
        "M4096": 2
      },
      {
        "seed": 142,
        "N4096": 10,
        "M4096": 4
      },
      {
        "seed": 143,
        "N4096": 10,
        "M4096": 2
      },
      {
        "seed": 144,
        "N4096": 7,
        "M4096": 1
      },
      {
        "seed": 145,
        "N4096": 10,
        "M4096": 4
      },
      {
        "seed": 146,
        "N4096": 10,
        "M4096": 4
      },
      {
        "seed": 147,
        "N4096": 5,
        "M4096": 1
      },
      {
        "seed": 148,
        "N4096": 9,
        "M4096": 2
      },
      {
        "seed": 149,
        "N4096": 10,
        "M4096": 4
      },
      {
        "seed": 150,
        "N4096": 8,
        "M4096": 4
      },
      {
        "seed": 151,
        "N4096": 7,
        "M4096": 1
      },
      {
        "seed": 152,
        "N4096": 9,
        "M4096": 2
      },
      {
        "seed": 153,
        "N4096": 8,
        "M4096": 2
      },
      {
        "seed": 154,
        "N4096": 7,
        "M4096": 1
      },
      {
        "seed": 155,
        "N4096": 10,
        "M4096": 3
      },
      {
        "seed": 156,
        "N4096": 10,
        "M4096": 3
      },
      {
        "seed": 157,
        "N4096": 10,
        "M4096": 4
      },
      {
        "seed": 158,
        "N4096": 9,
        "M4096": 3
      },
      {
        "seed": 159,
        "N4096": 7,
        "M4096": 2
      },
      {
        "seed": 160,
        "N4096": 10,
        "M4096": 4
      },
      {
        "seed": 161,
        "N4096": 7,
        "M4096": 1
      },
      {
        "seed": 162,
        "N4096": 7,
        "M4096": 2
      },
      {
        "seed": 163,
        "N4096": 8,
        "M4096": 2
      },
      {
        "seed": 164,
        "N4096": 13,
        "M4096": 5
      },
      {
        "seed": 165,
        "N4096": 7,
        "M4096": 2
      },
      {
        "seed": 166,
        "N4096": 8,
        "M4096": 1
      },
      {
        "seed": 167,
        "N4096": 8,
        "M4096": 1
      },
      {
        "seed": 168,
        "N4096": 10,
        "M4096": 4
      },
      {
        "seed": 169,
        "N4096": 8,
        "M4096": 2
      },
      {
        "seed": 170,
        "N4096": 14,
        "M4096": 9
      },
      {
        "seed": 171,
        "N4096": 7,
        "M4096": 1
      },
      {
        "seed": 172,
        "N4096": 10,
        "M4096": 4
      },
      {
        "seed": 173,
        "N4096": 8,
        "M4096": 1
      },
      {
        "seed": 174,
        "N4096": 12,
        "M4096": 6
      },
      {
        "seed": 175,
        "N4096": 5,
        "M4096": 1
      },
      {
        "seed": 176,
        "N4096": 9,
        "M4096": 2
      },
      {
        "seed": 177,
        "N4096": 5,
        "M4096": 1
      },
      {
        "seed": 178,
        "N4096": 6,
        "M4096": 1
      },
      {
        "seed": 179,
        "N4096": 13,
        "M4096": 7
      }
    ],
    "censored": [],
    "meaning": "whole-path deterministic convolution controls only; no universality evidence"
  },
  "asymptotic_status": "controls complement proof; no finite count establishes universal asymptotics"
}
