{
  "passed": 36,
  "failed": 0,
  "checks": [
    "rank_pencil_is_quadratic",
    "distinct_contact_vandermonde",
    "swept_jacobian",
    "two_contact_negative_control",
    "plane_intersection_derivative",
    "cap_margins_1_1",
    "cap_margins_1_1/2",
    "cap_margins_1_1/7",
    "cap_margins_1_1/100",
    "cap_margins_1_1/10000",
    "cap_margins_1/2_1",
    "cap_margins_1/2_1/2",
    "cap_margins_1/2_1/7",
    "cap_margins_1/2_1/100",
    "cap_margins_1/2_1/10000",
    "cap_margins_1/7_1",
    "cap_margins_1/7_1/2",
    "cap_margins_1/7_1/7",
    "cap_margins_1/7_1/100",
    "cap_margins_1/7_1/10000",
    "cap_margins_1/100_1",
    "cap_margins_1/100_1/2",
    "cap_margins_1/100_1/7",
    "cap_margins_1/100_1/100",
    "cap_margins_1/100_1/10000",
    "cap_margins_1/10000_1",
    "cap_margins_1/10000_1/2",
    "cap_margins_1/10000_1/7",
    "cap_margins_1/10000_1/100",
    "cap_margins_1/10000_1/10000",
    "polyhedral_support_increment_0",
    "polyhedral_support_increment_1",
    "polyhedral_support_increment_2",
    "polyhedral_support_increment_3",
    "polyhedral_support_increment_4",
    "polyhedral_support_increment_5"
  ],
  "scope": "Exact checks of algebra, support increments, and margins only; analytic coverage and area formula are reviewed in REVIEW.md."
}
