{
  "problem_id": 30001075,
  "problem_code": "OWR-2090-028",
  "verdict": "PASS",
  "reviewed_candidate_sha256": "b04aaf0b5a42d79ad26daf27880774a3f126858ef545b3f366a2b8b62e277252",
  "review_date_utc": "2026-09-30",
  "reviewer_model": "gpt-6-astra",
  "reviewer_reasoning_effort": "xhigh",
  "independent_exact_checks_passed": 36,
  "mandatory_corrections_remaining": 0,
  "clarification_incorporated": "One fixed countable ambient rational-ball base, independent of line-dependent coordinates.",
  "claim_scope": "Outer-measure-zero union of common tangent lines to any three pairwise disjoint convex subsets of R^3, using the original supporting-plane tangency definition.",
  "not_claimed": [
    "Conjecture 3: countable union of two-manifolds",
    "Historical novelty",
    "External peer review"
  ],
  "review_files": [
    "REVIEW.md",
    "review_summary.json",
    "independent_checks.py",
    "independent_results.json"
  ]
}
