{
  "id": 30001075,
  "problem_number": "OWR-2090-028",
  "title": "Common Tangent Loci of Three Convex Bodies",
  "statement": "For pairwise disjoint convex sets $A,B,C\\subset\\mathbb{R}^3$, let $S(A,B,C)$ be the points through which a line tangent to all three sets passes. Must $S(A,B,C)$ be contained in a measure-zero set?",
  "background": "Collected from Oberwolfach Reports, which document mathematical workshops and their open-problem discussions.\n\n**Source report:** [Discrete Geometry (2009), Oberwolfach Reports, DOI 10.4171/owr/2008/44, pp. 2477--2556](https://doi.org/10.4171/owr/2008/44)\n\n## Literature review (checked 2026-08-21)\n\n**Status:** open\n\n**Assessment.** The extracted text is only the label of the weaker visual-event-surface conjecture; the source gives no resolution, so the unresolved claim is classified as open.\n\n**Sources checked.**\n\n- [OWR Report 44](https://doi.org/10.4171/owr/2008/44)\n\nThis is a dated literature triage derived from the supplied OWR curation; verify time-sensitive status and cited claims independently.",
  "difficulty_level_id": 3,
  "status": "open",
  "proposed_by": null,
  "proposed_year": 2008,
  "category_id": 6,
  "set_id": 15,
  "source_url": "https://doi.org/10.4171/owr/2008/44",
  "source_citation": "Discrete Geometry (2009), Oberwolfach Reports, DOI 10.4171/owr/2008/44, pp. 2477--2556",
  "literature_assessment": "The extracted text is only the label of the weaker visual-event-surface conjecture; the source gives no resolution, so the unresolved claim is classified as open.",
  "literature_sources": [
    {
      "url": "https://doi.org/10.4171/owr/2008/44",
      "label": "OWR Report 44"
    }
  ],
  "literature_checked_at": "2026-08-21",
  "tags": [
    "owr",
    "oberwolfach-reports",
    "OWR-2090-028",
    "literature-status:open",
    "owr-year:2008"
  ],
  "view_count": 0,
  "favorite_count": 0,
  "created_at": "2026-08-25T00:00:00Z",
  "updated_at": "2026-09-16T12:06:53Z",
  "published": true,
  "category": {
    "id": 6,
    "name": "geometry",
    "display_name": "Geometry",
    "description": "Euclidean and non-Euclidean geometry, geometric structures.",
    "slug": "geometry",
    "order_index": 6,
    "created_at": "2026-07-31T15:26:25.671Z"
  },
  "difficulty": {
    "id": 3,
    "level": 3,
    "name": "L3: Advanced",
    "description": "Difficult problems requiring specialized knowledge and sophisticated techniques.",
    "color_class": "text-yellow-600 bg-yellow-50 border-yellow-200"
  },
  "set": {
    "id": 15,
    "name": "oberwolfach_reports_open_problems",
    "display_name": "Oberwolfach Reports Open Problems",
    "description": "Open and partially solved problems extracted from Oberwolfach Reports workshop discussions, with report provenance and dated literature assessments.",
    "slug": "oberwolfach-reports-open-problems",
    "order_index": 15,
    "created_at": "2026-08-25T00:00:00Z"
  },
  "original_statement": "For pairwise disjoint convex sets A,B,C\u2282R^3, let S(A,B,C) be the set of points through which there passes a line tangent to all three sets. Conjecture 4: S(A,B,C) is contained in a set of measure zero.",
  "clean_statement": "For pairwise disjoint convex sets $A,B,C\\subset\\mathbb{R}^3$, let $S(A,B,C)$ be the points through which a line tangent to all three sets passes. Must $S(A,B,C)$ be contained in a measure-zero set?",
  "statement_status": "corrected_verified",
  "statement_verification": "The common-tangent-locus conjecture is complete; ambient-space and set notation is normalized."
}
