{
  "scope": "Exact algebra and finite support-function increment checks, not a proof certificate.",
  "jacobian_and_three_roots": {
    "passed": true,
    "negative_control_two_roots": true
  },
  "planar_contact_derivative": {
    "passed": true
  },
  "support_increment": {
    "passed": true,
    "exact_cases": 810
  },
  "cap_constants": {
    "passed": true,
    "exact_margin_models": 4
  },
  "contraction_linear_models": {
    "passed": true,
    "exact_cases": 81,
    "qualification": "Finite illustrative models only"
  },
  "candidate_sha256": "b04aaf0b5a42d79ad26daf27880774a3f126858ef545b3f366a2b8b62e277252",
  "sympy_version": "1.14.0"
}
