{
  "classification": "Exact finite controls only; no infinite-SIRSN certificate",
  "route_union_distinct_from_minimal_connector": {
    "all_pair_length": 3,
    "selected_tree_length": 2
  },
  "overlap_counted_once": true,
  "boundary_point_length_zero": true,
  "rare_exterior_mass_no_UI_inference": [
    {
      "n": 2,
      "probability": "1/2",
      "mass_when_present": 4,
      "mean_divided_by_n": "1"
    },
    {
      "n": 4,
      "probability": "1/4",
      "mass_when_present": 16,
      "mean_divided_by_n": "1"
    },
    {
      "n": 16,
      "probability": "1/16",
      "mass_when_present": 256,
      "mean_divided_by_n": "1"
    },
    {
      "n": 256,
      "probability": "1/256",
      "mass_when_present": 65536,
      "mean_divided_by_n": "1"
    },
    {
      "n": 65536,
      "probability": "1/65536",
      "mass_when_present": 4294967296,
      "mean_divided_by_n": "1"
    }
  ],
  "outer_square_perimeter_growth": [
    {
      "L": 1,
      "a": 0,
      "b": 1,
      "area": 8,
      "constant_perimeter_incorrect": 4
    },
    {
      "L": 7,
      "a": 2,
      "b": 5,
      "area": 168,
      "constant_perimeter_incorrect": 84
    },
    {
      "L": 32,
      "a": 1,
      "b": 2,
      "area": 140,
      "constant_perimeter_incorrect": 128
    }
  ]
}
