{
  "started_utc": "2026-10-02T21:32:50.213203+00:00",
  "completed_utc": "2026-10-02T21:32:51.364981+00:00",
  "pid": 30721,
  "numeric_id": 9700035,
  "problem_number": "AMR-096-0035",
  "cache_files": {
    "problems.json": {
      "path": "/Users/alec/Documents/Math/unsolved_math_prioritization/cache/problems.json",
      "size": 68931837,
      "sha256": "04128381e42a5e312326d74adb0947ee02062ade70229e02d3060ac4ef9942cf"
    },
    "research_results.json": {
      "path": "/Users/alec/Documents/Math/unsolved_math_prioritization/cache/research_results.json",
      "size": 80334822,
      "sha256": "8da848d31c20eb4eecaa07702eced4724aa4a89f877c2a0774d9f3138389aa6b"
    }
  },
  "sqlite_file": {
    "path": "/Users/alec/Documents/Math/unsolved_math_prioritization/cache/catalog.sqlite",
    "size": 157691904,
    "sha256": "c02b1c81e0b46f918407ae6d7e46b0ce0130d19e50043e23b8f6ef29f22ab457"
  },
  "manifest_file": {
    "path": "/Users/alec/Documents/Math/unsolved_math_prioritization/manifest.json",
    "size": 486,
    "sha256": "3e025cee22128443584ddc22e095e44600a006699d0d62488793d881e62be208"
  },
  "sqlite_mode": "ro immutable=1 query_only=ON",
  "sqlite_revision": "37e53eabe540fb458758e198be61634bd02ee008",
  "typed_raw_record_count": 1,
  "raw_sql_record_exact_equal": true,
  "raw_sql_prior_exact_equal": true,
  "snapshot_record_exact_equal": true,
  "snapshot_prior_exact_equal": true,
  "cache_manifest_hashes_match": true
}
