{
  "exact_assertions": 746,
  "group_basis": [
    "a^0 b^0",
    "a^1 b^0",
    "a^2 b^0",
    "a^3 b^0",
    "a^0 b^1",
    "a^1 b^1",
    "a^2 b^1",
    "a^3 b^1"
  ],
  "resolution_certificate": [
    {
      "map": "d1",
      "rank": 7,
      "minor_rows_zero_based": [
        0,
        1,
        2,
        3,
        4,
        5,
        6
      ],
      "minor_cols_zero_based": [
        0,
        1,
        2,
        4,
        5,
        6,
        8
      ],
      "minor_det_mod2": 1
    },
    {
      "map": "d2",
      "rank": 9,
      "minor_rows_zero_based": [
        0,
        1,
        2,
        3,
        4,
        5,
        6,
        8,
        9
      ],
      "minor_cols_zero_based": [
        0,
        1,
        2,
        3,
        4,
        5,
        6,
        8,
        9
      ],
      "minor_det_mod2": 1
    },
    {
      "map": "d3",
      "rank": 7,
      "minor_rows_zero_based": [
        0,
        1,
        2,
        4,
        5,
        6,
        8
      ],
      "minor_cols_zero_based": [
        0,
        1,
        2,
        3,
        4,
        5,
        6
      ],
      "minor_det_mod2": 1
    },
    {
      "map": "d4",
      "rank": 1,
      "minor_rows_zero_based": [
        0
      ],
      "minor_cols_zero_based": [
        0
      ],
      "minor_det_mod2": 1
    }
  ],
  "syzygy_dimensions_mod4": [
    1,
    7,
    9,
    7
  ],
  "stable_h_spectrum": [
    "0",
    "-2",
    "-4"
  ],
  "full_lift_restriction_zero": true,
  "original_symmetry_counterexample": false
}
