[main 2ee62f225] Publish PR387 merge verification and repaired PR386 adversarial acceptance
 160 files changed, 12147 insertions(+), 12 deletions(-)
 create mode 100644 draft_pr_descending_audit_20261002/audits/pr385_2518/README.md
 create mode 100644 draft_pr_descending_audit_20261002/audits/pr385_2518/original.diff
 create mode 100644 draft_pr_descending_audit_20261002/audits/pr385_2518/pr_metadata.json
 create mode 100644 draft_pr_descending_audit_20261002/audits/pr385_2518/snapshot/problems/2518_free_pro_p_characteristic_intersections/FINAL_AUTHOR_MANIFEST.json
 create mode 100644 draft_pr_descending_audit_20261002/audits/pr385_2518/snapshot/problems/2518_free_pro_p_characteristic_intersections/FINAL_REPLAY.json
 create mode 100644 draft_pr_descending_audit_20261002/audits/pr385_2518/snapshot/problems/2518_free_pro_p_characteristic_intersections/FINAL_RESULT.md
 create mode 100644 draft_pr_descending_audit_20261002/audits/pr385_2518/snapshot/problems/2518_free_pro_p_characteristic_intersections/FINAL_REVIEW_REQUEST.md
 create mode 100644 draft_pr_descending_audit_20261002/audits/pr385_2518/snapshot/problems/2518_free_pro_p_characteristic_intersections/PRIOR_GATE.json
 create mode 100644 draft_pr_descending_audit_20261002/audits/pr385_2518/snapshot/problems/2518_free_pro_p_characteristic_intersections/PUBLICATION_MANIFEST.json
 create mode 100644 draft_pr_descending_audit_20261002/audits/pr385_2518/snapshot/problems/2518_free_pro_p_characteristic_intersections/REPLAY_ALL.py
 create mode 100644 draft_pr_descending_audit_20261002/audits/pr385_2518/snapshot/problems/2518_free_pro_p_characteristic_intersections/RESEARCH_LOG.md
 create mode 100644 draft_pr_descending_audit_20261002/audits/pr385_2518/snapshot/problems/2518_free_pro_p_characteristic_intersections/REVIEWED_STATUS.md
 create mode 100644 draft_pr_descending_audit_20261002/audits/pr385_2518/snapshot/problems/2518_free_pro_p_characteristic_intersections/SOURCE_GATE.md
 create mode 100644 draft_pr_descending_audit_20261002/audits/pr385_2518/snapshot/problems/2518_free_pro_p_characteristic_intersections/SOURCE_MANIFEST.json
 create mode 100644 draft_pr_descending_audit_20261002/audits/pr385_2518/snapshot/problems/2518_free_pro_p_characteristic_intersections/TURN_1.md
 create mode 100644 draft_pr_descending_audit_20261002/audits/pr385_2518/snapshot/problems/2518_free_pro_p_characteristic_intersections/TURN_1_CHECKS.json
 create mode 100644 draft_pr_descending_audit_20261002/audits/pr385_2518/snapshot/problems/2518_free_pro_p_characteristic_intersections/TURN_1_MANIFEST.json
 create mode 100644 draft_pr_descending_audit_20261002/audits/pr385_2518/snapshot/problems/2518_free_pro_p_characteristic_intersections/TURN_1_STATE.json
 create mode 100644 draft_pr_descending_audit_20261002/audits/pr385_2518/snapshot/problems/2518_free_pro_p_characteristic_intersections/TURN_2.md
 create mode 100644 draft_pr_descending_audit_20261002/audits/pr385_2518/snapshot/problems/2518_free_pro_p_characteristic_intersections/TURN_2_CHECKS.json
 create mode 100644 draft_pr_descending_audit_20261002/audits/pr385_2518/snapshot/problems/2518_free_pro_p_characteristic_intersections/TURN_2_MANIFEST.json
 create mode 100644 draft_pr_descending_audit_20261002/audits/pr385_2518/snapshot/problems/2518_free_pro_p_characteristic_intersections/TURN_2_SOURCES.json
 create mode 100644 draft_pr_descending_audit_20261002/audits/pr385_2518/snapshot/problems/2518_free_pro_p_characteristic_intersections/TURN_2_STATE.json
 create mode 100644 draft_pr_descending_audit_20261002/audits/pr385_2518/snapshot/problems/2518_free_pro_p_characteristic_intersections/TURN_3.md
 create mode 100644 draft_pr_descending_audit_20261002/audits/pr385_2518/snapshot/problems/2518_free_pro_p_characteristic_intersections/TURN_3_CHECKS.json
 create mode 100644 draft_pr_descending_audit_20261002/audits/pr385_2518/snapshot/problems/2518_free_pro_p_characteristic_intersections/TURN_3_MANIFEST.json
 create mode 100644 draft_pr_descending_audit_20261002/audits/pr385_2518/snapshot/problems/2518_free_pro_p_characteristic_intersections/TURN_3_STATE.json
 create mode 100644 draft_pr_descending_audit_20261002/audits/pr385_2518/snapshot/problems/2518_free_pro_p_characteristic_intersections/TURN_4.md
 create mode 100644 draft_pr_descending_audit_20261002/audits/pr385_2518/snapshot/problems/2518_free_pro_p_characteristic_intersections/TURN_4_CHECKS.json
 create mode 100644 draft_pr_descending_audit_20261002/audits/pr385_2518/snapshot/problems/2518_free_pro_p_characteristic_intersections/TURN_4_MANIFEST.json
 create mode 100644 draft_pr_descending_audit_20261002/audits/pr385_2518/snapshot/problems/2518_free_pro_p_characteristic_intersections/TURN_4_SOURCES.json
 create mode 100644 draft_pr_descending_audit_20261002/audits/pr385_2518/snapshot/problems/2518_free_pro_p_characteristic_intersections/TURN_4_STATE.json
 create mode 100644 draft_pr_descending_audit_20261002/audits/pr385_2518/snapshot/problems/2518_free_pro_p_characteristic_intersections/TURN_5.md
 create mode 100644 draft_pr_descending_audit_20261002/audits/pr385_2518/snapshot/problems/2518_free_pro_p_characteristic_intersections/TURN_5_CHECKS.json
 create mode 100644 draft_pr_descending_audit_20261002/audits/pr385_2518/snapshot/problems/2518_free_pro_p_characteristic_intersections/TURN_5_MANIFEST.json
 create mode 100644 draft_pr_descending_audit_20261002/audits/pr385_2518/snapshot/problems/2518_free_pro_p_characteristic_intersections/TURN_5_STATE.json
 create mode 100644 draft_pr_descending_audit_20261002/audits/pr385_2518/snapshot/problems/2518_free_pro_p_characteristic_intersections/independent_review/AUTHOR_REPLAY.json
 create mode 100644 draft_pr_descending_audit_20261002/audits/pr385_2518/snapshot/problems/2518_free_pro_p_characteristic_intersections/independent_review/INDEPENDENT_CHECKS.json
 create mode 100644 draft_pr_descending_audit_20261002/audits/pr385_2518/snapshot/problems/2518_free_pro_p_characteristic_intersections/independent_review/REVIEW.md
 create mode 100644 draft_pr_descending_audit_20261002/audits/pr385_2518/snapshot/problems/2518_free_pro_p_characteristic_intersections/independent_review/REVIEW_MANIFEST.json
 create mode 100644 draft_pr_descending_audit_20261002/audits/pr385_2518/snapshot/problems/2518_free_pro_p_characteristic_intersections/independent_review/independent_check.py
 create mode 100644 draft_pr_descending_audit_20261002/audits/pr385_2518/snapshot/problems/2518_free_pro_p_characteristic_intersections/verify_publication.py
 create mode 100644 draft_pr_descending_audit_20261002/audits/pr385_2518/snapshot/problems/2518_free_pro_p_characteristic_intersections/verify_turn1.py
 create mode 100644 draft_pr_descending_audit_20261002/audits/pr385_2518/snapshot/problems/2518_free_pro_p_characteristic_intersections/verify_turn2.py
 create mode 100644 draft_pr_descending_audit_20261002/audits/pr385_2518/snapshot/problems/2518_free_pro_p_characteristic_intersections/verify_turn3.py
 create mode 100644 draft_pr_descending_audit_20261002/audits/pr385_2518/snapshot/problems/2518_free_pro_p_characteristic_intersections/verify_turn4.py
 create mode 100644 draft_pr_descending_audit_20261002/audits/pr385_2518/snapshot/problems/2518_free_pro_p_characteristic_intersections/verify_turn5.py
 create mode 100644 draft_pr_descending_audit_20261002/audits/pr385_2518/snapshot/unsolved_math_prioritization/QUEUE.md
 create mode 100644 draft_pr_descending_audit_20261002/audits/pr385_2518/snapshot_manifest.json
 create mode 100644 draft_pr_descending_audit_20261002/audits/pr386_2525/ACCEPTANCE_CRITERIA.json
 create mode 100644 draft_pr_descending_audit_20261002/audits/pr386_2525/ACCEPTANCE_DECISION.json
 create mode 100644 draft_pr_descending_audit_20261002/audits/pr386_2525/accepted_pr_body.txt
 create mode 100644 draft_pr_descending_audit_20261002/audits/pr386_2525/merge_body.txt
 create mode 100644 draft_pr_descending_audit_20261002/audits/pr386_2525/repaired_final_adversary/EXACT_INPUT_MANIFEST.json
 create mode 100644 draft_pr_descending_audit_20261002/audits/pr386_2525/repaired_final_adversary/FRESH_SOURCE_FETCH.json
 create mode 100644 draft_pr_descending_audit_20261002/audits/pr386_2525/repaired_final_adversary/HISTORICAL_PRESERVATION.json
 create mode 100644 draft_pr_descending_audit_20261002/audits/pr386_2525/repaired_final_adversary/INDEPENDENT_CONTROLS.json
 create mode 100644 draft_pr_descending_audit_20261002/audits/pr386_2525/repaired_final_adversary/INDEPENDENT_DERIVATIONS.md
 create mode 100644 draft_pr_descending_audit_20261002/audits/pr386_2525/repaired_final_adversary/MALTCEV_ALTERNATIVE_ATTEMPTS.json
 create mode 100644 draft_pr_descending_audit_20261002/audits/pr386_2525/repaired_final_adversary/OUTPUT_MANIFEST.json
 create mode 100644 draft_pr_descending_audit_20261002/audits/pr386_2525/repaired_final_adversary/PRIVATE_REPLAY_RECEIPT.json
 create mode 100644 draft_pr_descending_audit_20261002/audits/pr386_2525/repaired_final_adversary/QUEUE_PR_DELTA.diff
 create mode 100644 draft_pr_descending_audit_20261002/audits/pr386_2525/repaired_final_adversary/QUEUE_THREE_WAY_ANALYSIS.json
 create mode 100644 draft_pr_descending_audit_20261002/audits/pr386_2525/repaired_final_adversary/QUEUE_VS_CURRENT_MAIN.diff
 create mode 100644 draft_pr_descending_audit_20261002/audits/pr386_2525/repaired_final_adversary/REPLAY_ALL_stderr.txt
 create mode 100644 draft_pr_descending_audit_20261002/audits/pr386_2525/repaired_final_adversary/REPLAY_ALL_stdout.json
 create mode 100644 draft_pr_descending_audit_20261002/audits/pr386_2525/repaired_final_adversary/REPORT.md
 create mode 100644 draft_pr_descending_audit_20261002/audits/pr386_2525/repaired_final_adversary/RESEARCH_LOG.md
 create mode 100644 draft_pr_descending_audit_20261002/audits/pr386_2525/repaired_final_adversary/SEMIGROUP_PAPER_ALTERNATIVE_FETCH.json
 create mode 100644 draft_pr_descending_audit_20261002/audits/pr386_2525/repaired_final_adversary/SOURCE_FIRST_RECONSTRUCTION.md
 create mode 100644 draft_pr_descending_audit_20261002/audits/pr386_2525/repaired_final_adversary/VERDICT.json
 create mode 100644 draft_pr_descending_audit_20261002/audits/pr386_2525/repaired_final_adversary/independent_controls.py
 create mode 100644 draft_pr_descending_audit_20261002/audits/pr386_2525/repaired_final_adversary/private_replay/FINAL_FROZEN_MANIFEST.json
 create mode 100644 draft_pr_descending_audit_20261002/audits/pr386_2525/repaired_final_adversary/private_replay/FINAL_REVIEW_REQUEST.md
 create mode 100644 draft_pr_descending_audit_20261002/audits/pr386_2525/repaired_final_adversary/private_replay/PRIOR_GATE.json
 create mode 100644 draft_pr_descending_audit_20261002/audits/pr386_2525/repaired_final_adversary/private_replay/PR_BODY.md
 create mode 100644 draft_pr_descending_audit_20261002/audits/pr386_2525/repaired_final_adversary/private_replay/PUBLICATION_MANIFEST.json
 create mode 100644 draft_pr_descending_audit_20261002/audits/pr386_2525/repaired_final_adversary/private_replay/READINESS.json
 create mode 100644 draft_pr_descending_audit_20261002/audits/pr386_2525/repaired_final_adversary/private_replay/README.md
 create mode 100644 draft_pr_descending_audit_20261002/audits/pr386_2525/repaired_final_adversary/private_replay/REPLAY_ALL.py
 create mode 100644 draft_pr_descending_audit_20261002/audits/pr386_2525/repaired_final_adversary/private_replay/RESULT.md
 create mode 100644 draft_pr_descending_audit_20261002/audits/pr386_2525/repaired_final_adversary/private_replay/SOURCE_MANIFEST.json
 create mode 100644 draft_pr_descending_audit_20261002/audits/pr386_2525/repaired_final_adversary/private_replay/SOURCE_NORMALIZATION.md
 create mode 100644 draft_pr_descending_audit_20261002/audits/pr386_2525/repaired_final_adversary/private_replay/TURN_1.md
 create mode 100644 draft_pr_descending_audit_20261002/audits/pr386_2525/repaired_final_adversary/private_replay/TURN_1_CHECKS.json
 create mode 100644 draft_pr_descending_audit_20261002/audits/pr386_2525/repaired_final_adversary/private_replay/TURN_1_LEDGER.jsonl
 create mode 100644 draft_pr_descending_audit_20261002/audits/pr386_2525/repaired_final_adversary/private_replay/TURN_1_MANIFEST.json
 create mode 100644 draft_pr_descending_audit_20261002/audits/pr386_2525/repaired_final_adversary/private_replay/TURN_1_STATE.json
 create mode 100644 draft_pr_descending_audit_20261002/audits/pr386_2525/repaired_final_adversary/private_replay/TURN_2.md
 create mode 100644 draft_pr_descending_audit_20261002/audits/pr386_2525/repaired_final_adversary/private_replay/TURN_2_CHECKS.json
 create mode 100644 draft_pr_descending_audit_20261002/audits/pr386_2525/repaired_final_adversary/private_replay/TURN_2_EXTENSION_CLARIFICATION.md
 create mode 100644 draft_pr_descending_audit_20261002/audits/pr386_2525/repaired_final_adversary/private_replay/TURN_2_LEDGER.jsonl
 create mode 100644 draft_pr_descending_audit_20261002/audits/pr386_2525/repaired_final_adversary/private_replay/TURN_2_MANIFEST.json
 create mode 100644 draft_pr_descending_audit_20261002/audits/pr386_2525/repaired_final_adversary/private_replay/TURN_2_STATE.json
 create mode 100644 draft_pr_descending_audit_20261002/audits/pr386_2525/repaired_final_adversary/private_replay/TURN_3.md
 create mode 100644 draft_pr_descending_audit_20261002/audits/pr386_2525/repaired_final_adversary/private_replay/TURN_3_CHECKS.json
 create mode 100644 draft_pr_descending_audit_20261002/audits/pr386_2525/repaired_final_adversary/private_replay/TURN_3_CONTROL_CLARIFICATION.md
 create mode 100644 draft_pr_descending_audit_20261002/audits/pr386_2525/repaired_final_adversary/private_replay/TURN_3_LEDGER.jsonl
 create mode 100644 draft_pr_descending_audit_20261002/audits/pr386_2525/repaired_final_adversary/private_replay/TURN_3_MANIFEST.json
 create mode 100644 draft_pr_descending_audit_20261002/audits/pr386_2525/repaired_final_adversary/private_replay/TURN_3_STATE.json
 create mode 100644 draft_pr_descending_audit_20261002/audits/pr386_2525/repaired_final_adversary/private_replay/TURN_4.md
 create mode 100644 draft_pr_descending_audit_20261002/audits/pr386_2525/repaired_final_adversary/private_replay/TURN_4_CHECKS.json
 create mode 100644 draft_pr_descending_audit_20261002/audits/pr386_2525/repaired_final_adversary/private_replay/TURN_4_LEDGER.jsonl
 create mode 100644 draft_pr_descending_audit_20261002/audits/pr386_2525/repaired_final_adversary/private_replay/TURN_4_MANIFEST.json
 create mode 100644 draft_pr_descending_audit_20261002/audits/pr386_2525/repaired_final_adversary/private_replay/TURN_4_STATE.json
 create mode 100644 draft_pr_descending_audit_20261002/audits/pr386_2525/repaired_final_adversary/private_replay/TURN_5.md
 create mode 100644 draft_pr_descending_audit_20261002/audits/pr386_2525/repaired_final_adversary/private_replay/TURN_5_CHECKS.json
 create mode 100644 draft_pr_descending_audit_20261002/audits/pr386_2525/repaired_final_adversary/private_replay/TURN_5_LEDGER.jsonl
 create mode 100644 draft_pr_descending_audit_20261002/audits/pr386_2525/repaired_final_adversary/private_replay/TURN_5_MANIFEST.json
 create mode 100644 draft_pr_descending_audit_20261002/audits/pr386_2525/repaired_final_adversary/private_replay/TURN_5_SOURCE_MANIFEST.json
 create mode 100644 draft_pr_descending_audit_20261002/audits/pr386_2525/repaired_final_adversary/private_replay/TURN_5_STATE.json
 create mode 100644 draft_pr_descending_audit_20261002/audits/pr386_2525/repaired_final_adversary/private_replay/final_review/AUTHOR_REPLAY.json
 create mode 100644 draft_pr_descending_audit_20261002/audits/pr386_2525/repaired_final_adversary/private_replay/final_review/INDEPENDENT_CHECKS.json
 create mode 100644 draft_pr_descending_audit_20261002/audits/pr386_2525/repaired_final_adversary/private_replay/final_review/REVIEW.md
 create mode 100644 draft_pr_descending_audit_20261002/audits/pr386_2525/repaired_final_adversary/private_replay/final_review/REVIEW_MANIFEST.json
 create mode 100644 draft_pr_descending_audit_20261002/audits/pr386_2525/repaired_final_adversary/private_replay/final_review/independent_check.py
 create mode 100644 draft_pr_descending_audit_20261002/audits/pr386_2525/repaired_final_adversary/private_replay/finite_groups.py
 create mode 100644 draft_pr_descending_audit_20261002/audits/pr386_2525/repaired_final_adversary/private_replay/verify_review.py
 create mode 100644 draft_pr_descending_audit_20261002/audits/pr386_2525/repaired_final_adversary/private_replay/verify_turn1.py
 create mode 100644 draft_pr_descending_audit_20261002/audits/pr386_2525/repaired_final_adversary/private_replay/verify_turn2.py
 create mode 100644 draft_pr_descending_audit_20261002/audits/pr386_2525/repaired_final_adversary/private_replay/verify_turn3.py
 create mode 100644 draft_pr_descending_audit_20261002/audits/pr386_2525/repaired_final_adversary/private_replay/verify_turn4.py
 create mode 100644 draft_pr_descending_audit_20261002/audits/pr386_2525/repaired_final_adversary/private_replay/verify_turn5.py
 create mode 100644 draft_pr_descending_audit_20261002/audits/pr386_2525/repaired_final_adversary/verify_review_stderr.txt
 create mode 100644 draft_pr_descending_audit_20261002/audits/pr386_2525/repaired_final_adversary/verify_review_stdout.json
 create mode 100644 draft_pr_descending_audit_20261002/audits/pr386_2525/root_algebra_review_controls.stderr
 create mode 100644 draft_pr_descending_audit_20261002/audits/pr386_2525/root_algebra_review_controls.stdout
 create mode 100644 draft_pr_descending_audit_20261002/audits/pr386_2525/root_final_controls.stderr
 create mode 100644 draft_pr_descending_audit_20261002/audits/pr386_2525/root_final_controls.stdout
 create mode 100644 draft_pr_descending_audit_20261002/audits/pr386_2525/root_final_controls_receipt.json
 create mode 100644 draft_pr_descending_audit_20261002/audits/pr386_2525/root_initial_controls_receipt.json
 create mode 100644 draft_pr_descending_audit_20261002/audits/pr386_2525/root_sources_baire_review_controls.stderr
 create mode 100644 draft_pr_descending_audit_20261002/audits/pr386_2525/root_sources_baire_review_controls.stdout
 create mode 100644 draft_pr_descending_audit_20261002/audits/pr387_6200082/acceptance_checkpoint_commit.stderr
 create mode 100644 draft_pr_descending_audit_20261002/audits/pr387_6200082/acceptance_checkpoint_commit.stdout
 create mode 100644 draft_pr_descending_audit_20261002/audits/pr387_6200082/acceptance_checkpoint_push.stderr
 create mode 100644 draft_pr_descending_audit_20261002/audits/pr387_6200082/acceptance_checkpoint_push.stdout
 create mode 100644 draft_pr_descending_audit_20261002/audits/pr387_6200082/accepted_body_edit.stderr
 create mode 100644 draft_pr_descending_audit_20261002/audits/pr387_6200082/accepted_body_edit.stdout
 create mode 100644 draft_pr_descending_audit_20261002/audits/pr387_6200082/accepted_pr_body.txt
 create mode 100644 draft_pr_descending_audit_20261002/audits/pr387_6200082/main_sync.stderr
 create mode 100644 draft_pr_descending_audit_20261002/audits/pr387_6200082/main_sync.stdout
 create mode 100644 draft_pr_descending_audit_20261002/audits/pr387_6200082/merge.stderr
 create mode 100644 draft_pr_descending_audit_20261002/audits/pr387_6200082/merge.stdout
 create mode 100644 draft_pr_descending_audit_20261002/audits/pr387_6200082/merge_body.txt
 create mode 100644 draft_pr_descending_audit_20261002/audits/pr387_6200082/merge_command_receipt.json
 create mode 100644 draft_pr_descending_audit_20261002/audits/pr387_6200082/merged_remote.json
 create mode 100644 draft_pr_descending_audit_20261002/audits/pr387_6200082/post_merge_verification.json
 create mode 100644 draft_pr_descending_audit_20261002/audits/pr387_6200082/pre_merge_integration.json
 create mode 100644 draft_pr_descending_audit_20261002/audits/pr387_6200082/pre_merge_remote.json
 create mode 100644 draft_pr_descending_audit_20261002/audits/pr387_6200082/ready.stderr
 create mode 100644 draft_pr_descending_audit_20261002/audits/pr387_6200082/ready.stdout
 create mode 100644 draft_pr_descending_audit_20261002/audits/pr387_6200082/ready_receipt.json
