Updating 2ee62f225..c2fd4422d
Fast-forward
 unsolved_math_prioritization/QUEUE.md              |   2 +-
 .../attempts/2525/FINAL_FROZEN_MANIFEST.json       | 207 ++++++++++++++++
 .../attempts/2525/FINAL_REVIEW_REQUEST.md          |  29 +++
 .../attempts/2525/PRIOR_GATE.json                  |  15 ++
 .../attempts/2525/PR_BODY.md                       |  17 ++
 .../attempts/2525/PUBLICATION_MANIFEST.json        | 259 +++++++++++++++++++++
 .../attempts/2525/READINESS.json                   |  17 ++
 .../attempts/2525/README.md                        |  31 +++
 .../attempts/2525/REPLAY_ALL.py                    |  16 ++
 .../attempts/2525/RESULT.md                        |  33 +++
 .../attempts/2525/SOURCE_MANIFEST.json             |  44 ++++
 .../attempts/2525/SOURCE_NORMALIZATION.md          |  15 ++
 .../attempts/2525/TURN_1.md                        |  50 ++++
 .../attempts/2525/TURN_1_CHECKS.json               |  66 ++++++
 .../attempts/2525/TURN_1_LEDGER.jsonl              |   2 +
 .../attempts/2525/TURN_1_MANIFEST.json             |  57 +++++
 .../attempts/2525/TURN_1_STATE.json                |  28 +++
 .../attempts/2525/TURN_2.md                        |  66 ++++++
 .../attempts/2525/TURN_2_CHECKS.json               |  68 ++++++
 .../2525/TURN_2_EXTENSION_CLARIFICATION.md         |  21 ++
 .../attempts/2525/TURN_2_LEDGER.jsonl              |   3 +
 .../attempts/2525/TURN_2_MANIFEST.json             |  87 +++++++
 .../attempts/2525/TURN_2_STATE.json                |  28 +++
 .../attempts/2525/TURN_3.md                        |  70 ++++++
 .../attempts/2525/TURN_3_CHECKS.json               |  55 +++++
 .../attempts/2525/TURN_3_CONTROL_CLARIFICATION.md  |   3 +
 .../attempts/2525/TURN_3_LEDGER.jsonl              |   4 +
 .../attempts/2525/TURN_3_MANIFEST.json             | 117 ++++++++++
 .../attempts/2525/TURN_3_STATE.json                |  28 +++
 .../attempts/2525/TURN_4.md                        |  61 +++++
 .../attempts/2525/TURN_4_CHECKS.json               |  36 +++
 .../attempts/2525/TURN_4_LEDGER.jsonl              |   5 +
 .../attempts/2525/TURN_4_MANIFEST.json             | 152 ++++++++++++
 .../attempts/2525/TURN_4_STATE.json                |  28 +++
 .../attempts/2525/TURN_5.md                        |  63 +++++
 .../attempts/2525/TURN_5_CHECKS.json               |  47 ++++
 .../attempts/2525/TURN_5_LEDGER.jsonl              |   6 +
 .../attempts/2525/TURN_5_MANIFEST.json             | 202 ++++++++++++++++
 .../attempts/2525/TURN_5_SOURCE_MANIFEST.json      |  12 +
 .../attempts/2525/TURN_5_STATE.json                |  28 +++
 .../attempts/2525/final_review/AUTHOR_REPLAY.json  |  13 ++
 .../2525/final_review/INDEPENDENT_CHECKS.json      |   5 +
 .../attempts/2525/final_review/REVIEW.md           |  47 ++++
 .../2525/final_review/REVIEW_MANIFEST.json         |  28 +++
 .../2525/final_review/independent_check.py         |  45 ++++
 .../attempts/2525/finite_groups.py                 |  24 ++
 .../attempts/2525/verify_review.py                 |  17 ++
 .../attempts/2525/verify_turn1.py                  |  32 +++
 .../attempts/2525/verify_turn2.py                  |  30 +++
 .../attempts/2525/verify_turn3.py                  |  31 +++
 .../attempts/2525/verify_turn4.py                  |  36 +++
 .../attempts/2525/verify_turn5.py                  |  39 ++++
 52 files changed, 2424 insertions(+), 1 deletion(-)
 create mode 100644 unsolved_math_prioritization/attempts/2525/FINAL_FROZEN_MANIFEST.json
 create mode 100644 unsolved_math_prioritization/attempts/2525/FINAL_REVIEW_REQUEST.md
 create mode 100644 unsolved_math_prioritization/attempts/2525/PRIOR_GATE.json
 create mode 100644 unsolved_math_prioritization/attempts/2525/PR_BODY.md
 create mode 100644 unsolved_math_prioritization/attempts/2525/PUBLICATION_MANIFEST.json
 create mode 100644 unsolved_math_prioritization/attempts/2525/READINESS.json
 create mode 100644 unsolved_math_prioritization/attempts/2525/README.md
 create mode 100644 unsolved_math_prioritization/attempts/2525/REPLAY_ALL.py
 create mode 100644 unsolved_math_prioritization/attempts/2525/RESULT.md
 create mode 100644 unsolved_math_prioritization/attempts/2525/SOURCE_MANIFEST.json
 create mode 100644 unsolved_math_prioritization/attempts/2525/SOURCE_NORMALIZATION.md
 create mode 100644 unsolved_math_prioritization/attempts/2525/TURN_1.md
 create mode 100644 unsolved_math_prioritization/attempts/2525/TURN_1_CHECKS.json
 create mode 100644 unsolved_math_prioritization/attempts/2525/TURN_1_LEDGER.jsonl
 create mode 100644 unsolved_math_prioritization/attempts/2525/TURN_1_MANIFEST.json
 create mode 100644 unsolved_math_prioritization/attempts/2525/TURN_1_STATE.json
 create mode 100644 unsolved_math_prioritization/attempts/2525/TURN_2.md
 create mode 100644 unsolved_math_prioritization/attempts/2525/TURN_2_CHECKS.json
 create mode 100644 unsolved_math_prioritization/attempts/2525/TURN_2_EXTENSION_CLARIFICATION.md
 create mode 100644 unsolved_math_prioritization/attempts/2525/TURN_2_LEDGER.jsonl
 create mode 100644 unsolved_math_prioritization/attempts/2525/TURN_2_MANIFEST.json
 create mode 100644 unsolved_math_prioritization/attempts/2525/TURN_2_STATE.json
 create mode 100644 unsolved_math_prioritization/attempts/2525/TURN_3.md
 create mode 100644 unsolved_math_prioritization/attempts/2525/TURN_3_CHECKS.json
 create mode 100644 unsolved_math_prioritization/attempts/2525/TURN_3_CONTROL_CLARIFICATION.md
 create mode 100644 unsolved_math_prioritization/attempts/2525/TURN_3_LEDGER.jsonl
 create mode 100644 unsolved_math_prioritization/attempts/2525/TURN_3_MANIFEST.json
 create mode 100644 unsolved_math_prioritization/attempts/2525/TURN_3_STATE.json
 create mode 100644 unsolved_math_prioritization/attempts/2525/TURN_4.md
 create mode 100644 unsolved_math_prioritization/attempts/2525/TURN_4_CHECKS.json
 create mode 100644 unsolved_math_prioritization/attempts/2525/TURN_4_LEDGER.jsonl
 create mode 100644 unsolved_math_prioritization/attempts/2525/TURN_4_MANIFEST.json
 create mode 100644 unsolved_math_prioritization/attempts/2525/TURN_4_STATE.json
 create mode 100644 unsolved_math_prioritization/attempts/2525/TURN_5.md
 create mode 100644 unsolved_math_prioritization/attempts/2525/TURN_5_CHECKS.json
 create mode 100644 unsolved_math_prioritization/attempts/2525/TURN_5_LEDGER.jsonl
 create mode 100644 unsolved_math_prioritization/attempts/2525/TURN_5_MANIFEST.json
 create mode 100644 unsolved_math_prioritization/attempts/2525/TURN_5_SOURCE_MANIFEST.json
 create mode 100644 unsolved_math_prioritization/attempts/2525/TURN_5_STATE.json
 create mode 100644 unsolved_math_prioritization/attempts/2525/final_review/AUTHOR_REPLAY.json
 create mode 100644 unsolved_math_prioritization/attempts/2525/final_review/INDEPENDENT_CHECKS.json
 create mode 100644 unsolved_math_prioritization/attempts/2525/final_review/REVIEW.md
 create mode 100644 unsolved_math_prioritization/attempts/2525/final_review/REVIEW_MANIFEST.json
 create mode 100644 unsolved_math_prioritization/attempts/2525/final_review/independent_check.py
 create mode 100644 unsolved_math_prioritization/attempts/2525/finite_groups.py
 create mode 100644 unsolved_math_prioritization/attempts/2525/verify_review.py
 create mode 100644 unsolved_math_prioritization/attempts/2525/verify_turn1.py
 create mode 100644 unsolved_math_prioritization/attempts/2525/verify_turn2.py
 create mode 100644 unsolved_math_prioritization/attempts/2525/verify_turn3.py
 create mode 100644 unsolved_math_prioritization/attempts/2525/verify_turn4.py
 create mode 100644 unsolved_math_prioritization/attempts/2525/verify_turn5.py
