[main f26b19ff5] Publish PR386 accepted merge and PR385 independent partial-result audits
 129 files changed, 13158 insertions(+), 15 deletions(-)
 create mode 100644 draft_pr_descending_audit_20261002/audits/pr384_30004106/README.md
 create mode 100644 draft_pr_descending_audit_20261002/audits/pr384_30004106/original.diff
 create mode 100644 draft_pr_descending_audit_20261002/audits/pr384_30004106/pr_metadata.json
 create mode 100644 draft_pr_descending_audit_20261002/audits/pr384_30004106/snapshot/unsolved_math_prioritization/QUEUE.md
 create mode 100644 draft_pr_descending_audit_20261002/audits/pr384_30004106/snapshot/unsolved_math_prioritization/attempts/30004106/AUTHOR_REPLAY.json
 create mode 100644 draft_pr_descending_audit_20261002/audits/pr384_30004106/snapshot/unsolved_math_prioritization/attempts/30004106/CURRENT_STATE.json
 create mode 100644 draft_pr_descending_audit_20261002/audits/pr384_30004106/snapshot/unsolved_math_prioritization/attempts/30004106/CURRENT_STATE_T1.json
 create mode 100644 draft_pr_descending_audit_20261002/audits/pr384_30004106/snapshot/unsolved_math_prioritization/attempts/30004106/CURRENT_STATE_T2.json
 create mode 100644 draft_pr_descending_audit_20261002/audits/pr384_30004106/snapshot/unsolved_math_prioritization/attempts/30004106/CURRENT_STATE_T3.json
 create mode 100644 draft_pr_descending_audit_20261002/audits/pr384_30004106/snapshot/unsolved_math_prioritization/attempts/30004106/CURRENT_STATE_T4.json
 create mode 100644 draft_pr_descending_audit_20261002/audits/pr384_30004106/snapshot/unsolved_math_prioritization/attempts/30004106/CURRENT_STATE_T5.json
 create mode 100644 draft_pr_descending_audit_20261002/audits/pr384_30004106/snapshot/unsolved_math_prioritization/attempts/30004106/FINAL_AUTHOR_MANIFEST.json
 create mode 100644 draft_pr_descending_audit_20261002/audits/pr384_30004106/snapshot/unsolved_math_prioritization/attempts/30004106/FINAL_README.md
 create mode 100644 draft_pr_descending_audit_20261002/audits/pr384_30004106/snapshot/unsolved_math_prioritization/attempts/30004106/FINAL_REVIEW_REQUEST.md
 create mode 100644 draft_pr_descending_audit_20261002/audits/pr384_30004106/snapshot/unsolved_math_prioritization/attempts/30004106/PRIOR_GATE.json
 create mode 100644 draft_pr_descending_audit_20261002/audits/pr384_30004106/snapshot/unsolved_math_prioritization/attempts/30004106/PUBLICATION_MANIFEST.json
 create mode 100644 draft_pr_descending_audit_20261002/audits/pr384_30004106/snapshot/unsolved_math_prioritization/attempts/30004106/RESULT.md
 create mode 100644 draft_pr_descending_audit_20261002/audits/pr384_30004106/snapshot/unsolved_math_prioritization/attempts/30004106/SOURCE_ADDITION_T3.json
 create mode 100644 draft_pr_descending_audit_20261002/audits/pr384_30004106/snapshot/unsolved_math_prioritization/attempts/30004106/SOURCE_GATE_MANIFEST.json
 create mode 100644 draft_pr_descending_audit_20261002/audits/pr384_30004106/snapshot/unsolved_math_prioritization/attempts/30004106/SOURCE_MANIFEST.json
 create mode 100644 draft_pr_descending_audit_20261002/audits/pr384_30004106/snapshot/unsolved_math_prioritization/attempts/30004106/SOURCE_SCOPE.md
 create mode 100644 draft_pr_descending_audit_20261002/audits/pr384_30004106/snapshot/unsolved_math_prioritization/attempts/30004106/STATUS.md
 create mode 100644 draft_pr_descending_audit_20261002/audits/pr384_30004106/snapshot/unsolved_math_prioritization/attempts/30004106/TURN_1.md
 create mode 100644 draft_pr_descending_audit_20261002/audits/pr384_30004106/snapshot/unsolved_math_prioritization/attempts/30004106/TURN_1_CHECKS.json
 create mode 100644 draft_pr_descending_audit_20261002/audits/pr384_30004106/snapshot/unsolved_math_prioritization/attempts/30004106/TURN_1_LOG.md
 create mode 100644 draft_pr_descending_audit_20261002/audits/pr384_30004106/snapshot/unsolved_math_prioritization/attempts/30004106/TURN_1_MANIFEST.json
 create mode 100644 draft_pr_descending_audit_20261002/audits/pr384_30004106/snapshot/unsolved_math_prioritization/attempts/30004106/TURN_2.md
 create mode 100644 draft_pr_descending_audit_20261002/audits/pr384_30004106/snapshot/unsolved_math_prioritization/attempts/30004106/TURN_2_CHECKS.json
 create mode 100644 draft_pr_descending_audit_20261002/audits/pr384_30004106/snapshot/unsolved_math_prioritization/attempts/30004106/TURN_2_LOG.md
 create mode 100644 draft_pr_descending_audit_20261002/audits/pr384_30004106/snapshot/unsolved_math_prioritization/attempts/30004106/TURN_2_MANIFEST.json
 create mode 100644 draft_pr_descending_audit_20261002/audits/pr384_30004106/snapshot/unsolved_math_prioritization/attempts/30004106/TURN_3.md
 create mode 100644 draft_pr_descending_audit_20261002/audits/pr384_30004106/snapshot/unsolved_math_prioritization/attempts/30004106/TURN_3_CHECKS.json
 create mode 100644 draft_pr_descending_audit_20261002/audits/pr384_30004106/snapshot/unsolved_math_prioritization/attempts/30004106/TURN_3_LOG.md
 create mode 100644 draft_pr_descending_audit_20261002/audits/pr384_30004106/snapshot/unsolved_math_prioritization/attempts/30004106/TURN_3_MANIFEST.json
 create mode 100644 draft_pr_descending_audit_20261002/audits/pr384_30004106/snapshot/unsolved_math_prioritization/attempts/30004106/TURN_4.md
 create mode 100644 draft_pr_descending_audit_20261002/audits/pr384_30004106/snapshot/unsolved_math_prioritization/attempts/30004106/TURN_4_CHECKS.json
 create mode 100644 draft_pr_descending_audit_20261002/audits/pr384_30004106/snapshot/unsolved_math_prioritization/attempts/30004106/TURN_4_LOG.md
 create mode 100644 draft_pr_descending_audit_20261002/audits/pr384_30004106/snapshot/unsolved_math_prioritization/attempts/30004106/TURN_4_MANIFEST.json
 create mode 100644 draft_pr_descending_audit_20261002/audits/pr384_30004106/snapshot/unsolved_math_prioritization/attempts/30004106/TURN_5.md
 create mode 100644 draft_pr_descending_audit_20261002/audits/pr384_30004106/snapshot/unsolved_math_prioritization/attempts/30004106/TURN_5_CHECKS.json
 create mode 100644 draft_pr_descending_audit_20261002/audits/pr384_30004106/snapshot/unsolved_math_prioritization/attempts/30004106/TURN_5_LOG.md
 create mode 100644 draft_pr_descending_audit_20261002/audits/pr384_30004106/snapshot/unsolved_math_prioritization/attempts/30004106/TURN_5_MANIFEST.json
 create mode 100644 draft_pr_descending_audit_20261002/audits/pr384_30004106/snapshot/unsolved_math_prioritization/attempts/30004106/replay_author.py
 create mode 100644 draft_pr_descending_audit_20261002/audits/pr384_30004106/snapshot/unsolved_math_prioritization/attempts/30004106/review/AUTHOR_REPLAY.json
 create mode 100644 draft_pr_descending_audit_20261002/audits/pr384_30004106/snapshot/unsolved_math_prioritization/attempts/30004106/review/INDEPENDENT_CHECKS.json
 create mode 100644 draft_pr_descending_audit_20261002/audits/pr384_30004106/snapshot/unsolved_math_prioritization/attempts/30004106/review/REVIEW.md
 create mode 100644 draft_pr_descending_audit_20261002/audits/pr384_30004106/snapshot/unsolved_math_prioritization/attempts/30004106/review/REVIEW_MANIFEST.json
 create mode 100644 draft_pr_descending_audit_20261002/audits/pr384_30004106/snapshot/unsolved_math_prioritization/attempts/30004106/review/SOURCE_AND_BINDING_CHECKS.json
 create mode 100644 draft_pr_descending_audit_20261002/audits/pr384_30004106/snapshot/unsolved_math_prioritization/attempts/30004106/review/independent_check.py
 create mode 100644 draft_pr_descending_audit_20261002/audits/pr384_30004106/snapshot/unsolved_math_prioritization/attempts/30004106/verify_publication.py
 create mode 100644 draft_pr_descending_audit_20261002/audits/pr384_30004106/snapshot/unsolved_math_prioritization/attempts/30004106/verify_turn1.py
 create mode 100644 draft_pr_descending_audit_20261002/audits/pr384_30004106/snapshot/unsolved_math_prioritization/attempts/30004106/verify_turn2.py
 create mode 100644 draft_pr_descending_audit_20261002/audits/pr384_30004106/snapshot/unsolved_math_prioritization/attempts/30004106/verify_turn3.py
 create mode 100644 draft_pr_descending_audit_20261002/audits/pr384_30004106/snapshot/unsolved_math_prioritization/attempts/30004106/verify_turn4.py
 create mode 100644 draft_pr_descending_audit_20261002/audits/pr384_30004106/snapshot/unsolved_math_prioritization/attempts/30004106/verify_turn5.py
 create mode 100644 draft_pr_descending_audit_20261002/audits/pr384_30004106/snapshot_manifest.json
 create mode 100644 draft_pr_descending_audit_20261002/audits/pr385_2518/ROOT_MATHEMATICAL_RECONSTRUCTION.md
 create mode 100644 draft_pr_descending_audit_20261002/audits/pr385_2518/algebra_core_review/RESEARCH_LOG.md
 create mode 100644 draft_pr_descending_audit_20261002/audits/pr385_2518/algebra_core_review/REVIEW.md
 create mode 100644 draft_pr_descending_audit_20261002/audits/pr385_2518/algebra_core_review/REVIEW_MANIFEST.json
 create mode 100644 draft_pr_descending_audit_20261002/audits/pr385_2518/algebra_core_review/author_replay/TURN_1_ACTUAL.json
 create mode 100644 draft_pr_descending_audit_20261002/audits/pr385_2518/algebra_core_review/author_replay/TURN_1_STDERR.txt
 create mode 100644 draft_pr_descending_audit_20261002/audits/pr385_2518/algebra_core_review/author_replay/TURN_2_ACTUAL.json
 create mode 100644 draft_pr_descending_audit_20261002/audits/pr385_2518/algebra_core_review/author_replay/TURN_2_STDERR.txt
 create mode 100644 draft_pr_descending_audit_20261002/audits/pr385_2518/algebra_core_review/author_replay/TURN_3_ACTUAL.json
 create mode 100644 draft_pr_descending_audit_20261002/audits/pr385_2518/algebra_core_review/author_replay/TURN_3_STDERR.txt
 create mode 100644 draft_pr_descending_audit_20261002/audits/pr385_2518/algebra_core_review/author_replay/verify_turn1.py
 create mode 100644 draft_pr_descending_audit_20261002/audits/pr385_2518/algebra_core_review/author_replay/verify_turn2.py
 create mode 100644 draft_pr_descending_audit_20261002/audits/pr385_2518/algebra_core_review/author_replay/verify_turn3.py
 create mode 100644 draft_pr_descending_audit_20261002/audits/pr385_2518/algebra_core_review/author_replay_summary.json
 create mode 100644 draft_pr_descending_audit_20261002/audits/pr385_2518/algebra_core_review/final_frozen_hash_check.json
 create mode 100644 draft_pr_descending_audit_20261002/audits/pr385_2518/algebra_core_review/historical_bindings.json
 create mode 100644 draft_pr_descending_audit_20261002/audits/pr385_2518/algebra_core_review/independent_controls.json
 create mode 100644 draft_pr_descending_audit_20261002/audits/pr385_2518/algebra_core_review/independent_controls.py
 create mode 100644 draft_pr_descending_audit_20261002/audits/pr385_2518/algebra_core_review/initial_frozen_hash_check.json
 create mode 100644 draft_pr_descending_audit_20261002/audits/pr385_2518/algebra_core_review/source_checks.json
 create mode 100644 draft_pr_descending_audit_20261002/audits/pr385_2518/root_algebra_core_review_controls.stderr
 create mode 100644 draft_pr_descending_audit_20261002/audits/pr385_2518/root_algebra_core_review_controls.stdout
 create mode 100644 draft_pr_descending_audit_20261002/audits/pr385_2518/root_initial_controls_receipt.json
 create mode 100644 draft_pr_descending_audit_20261002/audits/pr385_2518/root_initial_review_bindings.json
 create mode 100644 draft_pr_descending_audit_20261002/audits/pr385_2518/root_primary_source_receipt.json
 create mode 100644 draft_pr_descending_audit_20261002/audits/pr385_2518/root_public_replay.stderr
 create mode 100644 draft_pr_descending_audit_20261002/audits/pr385_2518/root_public_replay.stdout
 create mode 100644 draft_pr_descending_audit_20261002/audits/pr385_2518/root_public_replay_receipt.json
 create mode 100644 draft_pr_descending_audit_20261002/audits/pr385_2518/root_sources_geometry_review_controls.stderr
 create mode 100644 draft_pr_descending_audit_20261002/audits/pr385_2518/root_sources_geometry_review_controls.stdout
 create mode 100644 draft_pr_descending_audit_20261002/audits/pr385_2518/sources_geometry_review/AUDIT_MANIFEST.json
 create mode 100644 draft_pr_descending_audit_20261002/audits/pr385_2518/sources_geometry_review/EXECUTION_RECEIPTS.json
 create mode 100644 draft_pr_descending_audit_20261002/audits/pr385_2518/sources_geometry_review/REPORT.md
 create mode 100644 draft_pr_descending_audit_20261002/audits/pr385_2518/sources_geometry_review/RESEARCH_LOG.md
 create mode 100644 draft_pr_descending_audit_20261002/audits/pr385_2518/sources_geometry_review/SOURCE_RECONSTRUCTION.md
 create mode 100644 draft_pr_descending_audit_20261002/audits/pr385_2518/sources_geometry_review/author_copy_bindings.json
 create mode 100644 draft_pr_descending_audit_20261002/audits/pr385_2518/sources_geometry_review/author_replay/verify_turn4.py
 create mode 100644 draft_pr_descending_audit_20261002/audits/pr385_2518/sources_geometry_review/author_replay/verify_turn5.py
 create mode 100644 draft_pr_descending_audit_20261002/audits/pr385_2518/sources_geometry_review/author_turn4_output.json
 create mode 100644 draft_pr_descending_audit_20261002/audits/pr385_2518/sources_geometry_review/author_turn4_output.stderr.txt
 create mode 100644 draft_pr_descending_audit_20261002/audits/pr385_2518/sources_geometry_review/author_turn5_output.json
 create mode 100644 draft_pr_descending_audit_20261002/audits/pr385_2518/sources_geometry_review/author_turn5_output.stderr.txt
 create mode 100644 draft_pr_descending_audit_20261002/audits/pr385_2518/sources_geometry_review/frozen_hash_receipt.json
 create mode 100644 draft_pr_descending_audit_20261002/audits/pr385_2518/sources_geometry_review/historical_source_comparison.json
 create mode 100644 draft_pr_descending_audit_20261002/audits/pr385_2518/sources_geometry_review/independent_controls.py
 create mode 100644 draft_pr_descending_audit_20261002/audits/pr385_2518/sources_geometry_review/independent_controls_output.json
 create mode 100644 draft_pr_descending_audit_20261002/audits/pr385_2518/sources_geometry_review/independent_controls_output.stderr.txt
 create mode 100644 draft_pr_descending_audit_20261002/audits/pr385_2518/sources_geometry_review/source_fetch_receipts.json
 create mode 100644 draft_pr_descending_audit_20261002/audits/pr386_2525/acceptance_checkpoint_commit.stderr
 create mode 100644 draft_pr_descending_audit_20261002/audits/pr386_2525/acceptance_checkpoint_commit.stdout
 create mode 100644 draft_pr_descending_audit_20261002/audits/pr386_2525/acceptance_checkpoint_push.stderr
 create mode 100644 draft_pr_descending_audit_20261002/audits/pr386_2525/acceptance_checkpoint_push.stdout
 create mode 100644 draft_pr_descending_audit_20261002/audits/pr386_2525/accepted_body_edit.stderr
 create mode 100644 draft_pr_descending_audit_20261002/audits/pr386_2525/accepted_body_edit.stdout
 create mode 100644 draft_pr_descending_audit_20261002/audits/pr386_2525/main_sync.stderr
 create mode 100644 draft_pr_descending_audit_20261002/audits/pr386_2525/main_sync.stdout
 create mode 100644 draft_pr_descending_audit_20261002/audits/pr386_2525/merge.stderr
 create mode 100644 draft_pr_descending_audit_20261002/audits/pr386_2525/merge.stdout
 create mode 100644 draft_pr_descending_audit_20261002/audits/pr386_2525/merge_command_receipt.json
 create mode 100644 draft_pr_descending_audit_20261002/audits/pr386_2525/merged_remote.json
 create mode 100644 draft_pr_descending_audit_20261002/audits/pr386_2525/post_merge_verification.json
 create mode 100644 draft_pr_descending_audit_20261002/audits/pr386_2525/pre_merge_integration.json
 create mode 100644 draft_pr_descending_audit_20261002/audits/pr386_2525/pre_merge_remote.json
 create mode 100644 draft_pr_descending_audit_20261002/audits/pr386_2525/ready.stderr
 create mode 100644 draft_pr_descending_audit_20261002/audits/pr386_2525/ready.stdout
 create mode 100644 draft_pr_descending_audit_20261002/audits/pr386_2525/virtual_merge.stderr
 create mode 100644 draft_pr_descending_audit_20261002/audits/pr386_2525/virtual_merge.stdout
