113:any lens space. Theorem 5.1 gives the result for any lens space and any of the
115:in case r and p are coprime. A main corollary of Theorem 5.1, Corollary 5.5,
123:in [26], which considered the g = sl2 (C) case. To be precise Theorem 5.1 gen-
200:                                        √        inner product in h∗R normalized
388:Let in the following κ ∈ Z>0 be fixed. We have a representation R = Rgκ of
395:                   κl/2   vol(Y ∨ )                       κ
400:                           κ            h∨
401:for λ, µ ∈ int(Cκ ) ∩ X . Here ρ is half the sum of positive roots. In the
424:belonging to the boundary of Cκ , then R(Ξ)λµ = 0 (use the same argument as
426:to shift between int(Cκ ) ∩ X and Cκ ∩ X as summation index set in formulas
434:                  λ1 ,...,λt ∈Cκ ∩X
444: TλC0 ,λt+1 = KλC0   det(w)                exp −          λt+1 + κµ +
446:                                                   at κ                 ct
454:                     (κ|at |)l/2 vol(Y ∨ )                   h
460:                                          κ          ai−1 ai
470:                   λ1 ∈Cκ ∩X
475:                                                                            gλ1,m  1 ,κ
480:                      κl     vol(Y ∨ )       h
481:                                                                  λ∈Cκ ∩X
483:where gλ1,m   1 ,κ
496:                gλ1,m 1 ,κ
497:                                                              gλ1,m  1 ,κ
504:             λ∈X/N κX                                            λ∈Cκ ∩X
513:                       κl N l |W |         h
519:                                             κ
520:                          λ∈X/N κX
522:Let f = m1 N idh∗R , ψ = ψ(w, w′ ) = − κ1 (w(λ0 ) + w′ (λ2 )), w, w′ ∈ W , and
523:r = N κ. Then, by (1), (2), and (3), the assumptions (5) are satisfied, so by
556:                     (κN )l/2 vol(Y ∨ )|W |      m1 N              h
558:                          X                        X              π −1κ
564:Here exp − π m−1κ1
572:            (κ)l/2 vol(Y ∨ )|W |     m1                 h
576:                                           X              π −1κ        2
589:           κl/2 vol(Y ∨ )|W |          m1                h
593:                 ×                   exp −         |κw (µ) − w w(λ0 ) − λ2 |
594:                                              m1 κ
602:           κl/2 vol(Y ∨ )|W |   m1           h
609:                ×               exp −             |κµ − w w(λ0 ) − λ2 |
610:                                           m1 κ
617:           κl/2 vol(Y ∨ )                                        h∨
622:                ×       det(w)                  exp −          |κµ − w(λ0 ) − λ2 | .
624:                                                         m1 κ
643:                 λt ∈Cκ ∩X
649:                         κl/2    vol(Y ∨ )       h
659:                                           κ
660:                         λt ∈Cκ ∩X
663:                       ×               exp −             λt + κµ +               .
665:                                               at−1 κ                  ct−1
677:                                            κ
678:        w,w ′ ∈W           λt ∈Cκ ∩X
681:                   ×                exp −                λt + κµ +
683:                                             at−1 κ                     ct−1
687:               w,w ′ ∈W                 λt ∈Cκ ∩X µ∈Y ∨ /at−1 Y ∨
691:                 × exp             mt |λt + κµ| + hλt + κµ, −2w (λt+1 )i
692:                            κ
695:                 × exp −                 |λt + κµ|2
696:                              at−1 κ
699:                       +           hλt + κµ, −w(λ0 )i −                    |λ0 |2
700:                          at−1 κ                              at−1 ct−1 κ
702:                        π −1                         a     ,at ,κ
706:                      at−1 ct−1 κ
707:                                                 λt ∈Cκ ∩X
708:                                                 t    a    ,a ,κ
709:We want to alter the sum λt ∈Cκ ∩X gλt−1
714:using some symmetries. By Proposition 2.1 and the fact that Cκ and Pκ are
715:fundamental domains of respectively Wκaff and κY ∨ , we get
716:                            a     ,at ,κ
717:                      X                           X a ,a ,κ
724:                              λ∈Cκ ∩X                       Pκ ∩X
726:Since the map Y ∨ /at−1 Y ∨ × (Pκ ∩ X) → Pat−1 κ ∩ X , (µ, λ) 7→ λ + κµ, defines
728:                 X      a     ,at ,κ        1   X
732:                 λ∈Cκ ∩X                                  λ∈Pat−1 κ ∩X
739:                                                  at−1 κ
744:                                      at−1 κ
747:                                 t−1 κ
751:all λ ∈ X ∩ H κ . Now let N = mD as in the first part of the induction and get
756:        λ∈X/κat−1 N X                                           λ∈Cat−1 κ ∩X
758:where we use that Q̄κat−1 N is precisely tiled by κat−1 –alcoves, in fact by
760:           X        a     ,a ,κ
766:         λ∈Cκ ∩X                                            λ∈X/κat−1 N X
774:                         κl/2 N l |W | vol(X)                 h
778:                                    at−1 ct−1 κ
779:                                                                λ∈X/κat−1 N X
782:f = N at idh∗R , r = κat−1 N , and ψ = ψ(w, w′ ) = − κa1t−1 (w(λ0 ) + at−1 w′ (λt+1 )),
786:              λ∈X/κat−1 N X                          w,w ′ ∈W
803:      λ∈X/κat−1 N X
810:                −1             (κat−1 )l/2       X
815:                          X                 πκat−1 −1        2
824:Here exp − πκat−1
833:                     κl/2 |W |             h                       at−1 ct−1 κ
836:               ×                (κat−1 )l/2          det(ww′ )
840:                           X                 πκat−1 −1             2
853:                             ×                   exp −        |κµ +        + λt+1 )| ,
854:                                                         at κ        ct
862:                    κl/2                 h                          at−1 ct−1 κ
865:              ×                 (κat−1 )l/2
870:         (κ|at−1 |)l/2 vol(Y ∨ )               κl/2                   h∨
876:                            h                                      κ            a a
882:              × exp −                   |λ0 |2                   κ ζ
883:                          at−1 ct−1 κ                |at |
888:         (κ|at |)l/2 vol(Y ∨ )                     h
894:                              κ           ai−1 ai
981:                                                κ            h∨
982:for λ, µ ∈ int(Cκ ) ∩ X . For the case U = −Θb = Ξ2 Θb (see (7)) we use
988:                                                   κ            h∨
989:for λ, µ ∈ int(Cκ ) ∩ X . For the case c 6= 0 we have
994:int(Cκ ) ∩ X . Then
1000:                  (κ|c|)l/2 vol(Y ∨ )         h
1003:                      × exp             |µ|             exp          |λ + κν|
1004:                                  κ c            ∨    ∨
1005:                                                                κ c
1009:                      ×        det(w) exp −          hλ + κν, w(µ)i .
1010:                                               κc
1021:                          (κ|c|)l/2 vol(Y ∨ )         h
1025:                                          κ a
1029:                              ×            exp          |λ + κν −      | .
1031:                                                    κ c              a
1048:                              κ                    h∨
1052:                     ×                 exp −                     λ + κν +
1053:                                                    at−1 κ                    ct−1
1058:                                h                           at−1 ct−1 κ
1061:                     ×       det(w)                    exp             mt |λ + κν|
1062:                                                                  κ
1066:                     × exp −                    |λ + κν|
1067:                                    at−1 κ
1070:                     × exp −               hλ + κν, w(µ)i
1071:                                  at−1 κ
1075:                                h                           at−1 at−2 κ
1079:                                 at at−1 κ
1083:                     ×             exp                  λ + κν −                ,
1085:                                               κ c                    a
1099:                                   at−1 at−2 κ                  at at−1 κ
1104:               (κ|c|)l/2 vol(Y ∨ )           h
1110:                                      κ          ai−1 ai
1122:                 (κ|c|)l/2 vol(Y ∨ )         h
1126:                                        κ a
1181:             (κ|c|)l/2 vol(Y ∨ )         h
1184:                 × exp             |µ|              exp          |λ + κν|
1185:                             κ c                           κ c
1189:                 ×       det(w) exp −            hλ + κν, w(µ)i .
1190:                                          κc
1212:                (κ|c|)l/2 vol(Y ∨ )         h                          κ c
1215:                    ×             exp          | − w0 (λ) + κw0 (ν)|
1217:                                          κ c
1222:                    ×        det(w0 w) exp           h−w0 (λ) + κw0 (ν), w(µ)i
1223:                                                 κc
1233:                (κ|c|)l/2 vol(Y ∨ )          h
1236:                    × exp              |µ|            exp           |λ + κν|
1237:                                κ c            ∨    ∨
1238:                                                              κ c
1243:                    ×       det(w0 w) exp −             hλ + κν, w0 w(µ)i
1244:                                                  κc
1252:                                         κ ) ∩ X . By
1262:int(Cκ ) ∩ X . Then
1268:                 (κ|c|)l/2 vol(Y ∨ )           h∨
1271:                     × exp             |λ|             exp           |µ + κν|
1272:                                 κ c            ∨    ∨
1273:                                                                κ c
1277:                     ×       det(w) exp −           hµ + κν, w(λ)i .
1278:                                               κc
1287:                         (κ|c|)l/2 vol(Y ∨ )         h
1291:                                         κ d
1295:                             ×            exp          |µ + κν −     | .
1297:                                                   κ c             d
1307:for all λ ∈ int(Cκ ) ∩ X , so these entries are in fact functions of PSL(2, Z). By
1311:                          det(w) exp −            hλ + κν, w(ρ)i
1312:                                             κc
1315:                             =       2 −1 sin − hλ + κν, αi ,
1316:                                                    κc
1325:                  (κ|c|)l/2 vol(Y ∨ )           h
1328:                   × exp               |ρ|             exp         |λ + κν|
1329:                                κ c             ∨    ∨
1330:                                                               κ c
1333:                       ×        sin      hλ + κν, αi .
1334:                                      κc
1344:                  (κ|c|)l/2 vol(Y ∨ )          h
1347:                   × exp               |ρ|              exp         |µ + κν|
1348:                                κ c                             κ c
1351:                       ×        sin      hµ + κν, αi .
1352:                                      κc
1373:invariant under the action of κY ∨ on each factor. Moreover,
1375:Finally, R(U )λµ = 0 if λ or µ belongs to X ∩ H κ .
1380:Since Cκ is a fundamental domain for the action of Wκaff it follows by Lemma 2.8
1409:For completeness we will also state the results in terms of the non-normalized
1411:with non-normalized Seifert invariants {ǫ; g; (α1 , β1 ), . . . , (αn , βn )} the invari-
1520:The RT–invariant τ (M ) of the Seifert manifold M with non-normalized Seifert
1532:of course equal to n for normalized Seifert invariants.
1534:that L(p, q) is given by surgery on S 3 along the unknot with surgery coefficient
1536:and L(1, q) = S 3 , q ∈ Z.
1551:q = eπ −1/r , r = mκ, where κ is an integer ≥ h∨ . Let Uq (g) be the quan-
1555:Uq (g)|q=eπ√−1/mκ in [9].) Let Vrg, {Vi }i∈I be the modular category induced by
1559:objects is I = int(Cκ ) ∩ X . We use here the shifted indexes (shifted by ρ)
1574:              D = κl/2                     2 sin                       (26)
1575:                         vol(X)                       κ
1583:                                        h∨                κ
1585:where as usual c = κ−h
1586:                     κ dim(g) is the central charge and where the last equality
1605:    dim(λ) = Sλρ = D Ξ̃λρ = Dκ                         2 sin             ,   (31)
1606:                                      vol(Y ∨ )                  κ
1626:                      κ                                              αj
1629:                                −1 + κl(aǫ g/2−1)        1
1649:                                             κ                κ
1658:                                                      κ|νj |2 + 2hwj (ρ), νj i 
1666:                                       2π   −1     X κνj + wj (ρ)
1668:                                          κ                 αj
1671:The RT–invariant τrg(M ) of the Seifert manifold M with non-normalized Seifert
1699:   τrg(M ) = αǫ (κ)ω −3σǫ −b+        j=1     k=1 ak      bλ ελǫ Θ̃−b
1707:                                                                    κ
1715:              αǫ (κ) = κl(n+aǫ g−2)/2 2|∆+ |(2−n−aǫ g) vol(Y ∨ )n+aǫ g−2 .
1722:    (Ñi )λρ = βǫ (κ)                             det(wj )                        ...
1728:                             × exp               |ρ + κνj |2 
1729:                                       κ       αj
1735:                             × exp −                hρ + κνj , wj (λ)i ,
1736:                                         κ        αj
1745:        βǫ (κ) =                         exp − ∨            Φ(Nj ) |ρ|2 
1746:                   κnl/2 Al/2 vol(Y ∨ )n          h
1754:                                          κ         αj
1762:                                        −1        κ                    π −1
1763:   αǫ (κ)βǫ (κ)Θ̃−b
1765:                            2|∆+ |(n+aǫ g−2) Al/2 vol(Y ∨ )2−aǫ g        κ
1790:                       −1       κ ǫ                1 P nj=1 Φ(Nj )−3(aǫ −1) sign(E)−b
1805:                                   κ            α
1815:                                                         κ                   κ
1824:                       × exp π −1                      (κ|νj |2 + 2hwj (ρ), νj i
1830:                                2π   −1     X κν j + wj (ρ)
1832:                                   κ               αj
1852:                             κ          α
1863:                     κ                                    αj
1870:non-normalized Seifert invariants follows as above by letting b be equal to zero
1881:             τr (M ) = γǫ (κ)        bλ ελ exp −                    b|λ|      (33)
1882:                                                               κ
1898:  γǫ (κ) = exp          (1 − aǫ ) sign(E) +     Φ(Nj ) |ρ|2 
1906:                          κ
1922:              g           γǫ (κ) X (ǫ) aǫ g                 π −1       2
1924:                           |W |                               κ
1925:                                λ∈P̃κ ∩X
1932:where P̃κ = Pκ \ H κ . To establish this identity we also extended the function
1939:                 g(λ + x) = g(λ),         x ∈ κY , λ ∈ X,
1940:                                                           κ
1955:change λ → λ + x, x ∈ κY ∨ . (One has to be a little carefull here. In [34],
1957:wise invariant under the action by the affine Weyl group Wκaff up to a sign
1961:here (m is denoted d in [34]). Since r in [34] is the same as r here, i.e. r = mκ,
1962:we have that W ⋉rY ′ in [34] is equal to Wκaff here.) We see, that the symmetries
1971:    Zǫg(M ; r) = α(κ)          bλ ελǫ           sin2−n−aǫ g
1972:                                                                    κ
1973:                      λ∈P̃κ ∩X            α∈∆+
1977:                                   κ
1989:                    α(κ) =      exp −                |ρ|2 
1990:                           |W |           κ       αj
1998:                 × exp −         βj |λ| + 2hλ, κν + w(ρ)i + βj |κν + w(ρ)|      .
1999:                           καj
2004:(a) (λ, ν, w) → (λ ± κx, ν ∓ βj x, w),
2006:(c) (λ, ν, w) → (λ ± καj x, ν, w),
2010:By (1) we get that       α∈∆+ sin                    κ          is invariant under a change λ →
2011:λ + κx, x ∈ Y ∨ .
2021:                                                           κ
2028:                                          κ
2035:                   λ → λ±κ          x,
2049:that for any λ ∈ P̃κ ∩ X there exists a λ′ ∈ X such that H(λ, ν1 , . . . , νn ) =
2053:invariant under the transformation νj → νj ± (βj A/αj )x, λ → λ ∓ (κA/αj )x,
2056:                            λ → λ ∓ (κbj A/αj )x,
2061:                             λ → λ ∓ (κkj bj A/αj )x,
2064:time change λ to λ+(κkj bj A/αj )νj , so H is invariant under the transformation
2067:                         λ → λ+κ            kj bj νj ,
2072:mation λ → λ + κAx, x ∈ Y ∨ , the νk unchanged, we can always arrange it so
2076:       J := P̃κ ∩ X + κ       mi α∨
2082:We have a bijection (Pκ ∩ X) × Y ∨ /AY ∨ → PκA ∩ X , (λ, µ) 7→ λ + κµ, and J
2083:is equal to the the image of (P̃κ ∩ X) × Y ∨ /AY ∨ which can also be identified
2084:with (PκA \ H κ ) ∩ X = X/κAY ∨ \ H κ .
2089:             (P̃κ ∩ X) × Y ∨ /αj Y ∨ × . . . × Y ∨ /αn Y ∨                 −→         J
2093:                    (λ, ν1 , . . . , νn ) 7→ λ + κ             kj bj      νj + κA   ni α∨
2104:                       λ+κ         kj bj νj + κA   ni α∨
2110:in P̃κ ∩ X . Then we immediately get that λ = 0 and
2140:that J and (P̃κ ∩ X) × Y ∨ /αj Y ∨ × . . . × Y ∨ /αn Y ∨ contain the same number
2141:of elements, namely Al |P̃κ ∩ X| elements.
2154:                          |W |                                          κ
2160:                                            κ
2167:                                                             καj
2177:                                                           καj
2184:                                                   καj
2190:                                             καj
2205:                       κ                                 αj
2208:                                            κl(aǫ g/2−1)      1
2224:                                                    κ
2230:                                κ                         καj
2234:The RT–invariant τrg(M ) of the Seifert manifold M with non-normalized Seifert
2260:where ω is given by (28). If q = 0 we have p = 1 and L(p, q) = S 3 . In this case
2276:                       (κ|p|)l/2 vol(Y ∨ )           h
2280:                                       κ q
2284:                          ×             exp          |qρ + κqν − w(ρ)|2
2286:                                                 pqκ
2293:                       (κ|p|)l/2 vol(Y ∨ )            h
2297:                                             κ q
2301:                                                   pqκ
2304:                                 X             π −1qκ 2
2319:                         (κ|p|)l/2 vol(Y ∨ )            κ
2323:                                               κ q
2327:                                                     pqκ
2330:                                   X             π −1qκ 2
2343:                    κ q           pqκ
2350:                           pqκ
2355:                           pκ
2361:              pκ                                               κ
2365:                       pκ                           κ       p
2375:            κ    p                        κ
2378:Theorem 5.1 The RT–invariants associated to g of the lens space L(p, q),
2385:                     (κ|p|)l/2 vol(Y ∨ )          κ      p
2389:                                                pκ
2394:                ×           exp π −1 κ|ν| exp 2π −1 hν, qρ − w(ρ)i .
2405:                               (κ|p|)l/2 vol(Y ∨ )         κ     p
2409:                ×             exp π −1 κ|ν| exp 2π −1 hν, ρi
2414:                      ×         sin       hρ + κν, αi .
2415:                                      pκ
2424:for q = 0, in which case p = ±1 and L(p, q) = S 3 . If p = 0, then q = ±1 and
2425:L(p, q) = S 1 × S 2 , and τrg(S 1 × S 2 ) = 1 in the normalization used here.)
2429:case (r, p) = 1, r = mκ. In particular p 6= 0. From Theorem 5.1 we have
2435:                         (κ|p|)l/2 vol(Y ∨ )         κ     p
2441:Σ =     det(w) exp −        hρ, w(ρ)i exp −π −1 κ
2442:                        pκ                            p qκ
2446:        ×          exp π −1 κ ν +                   .
2448:                             p           qκ
2457:                                    pκ                      pqκ
2462:                   ×           exp π −1 κ ν + ρw 4am +
2464:                                          p                  qκ
2469:                                    pκ                      pqκ
2473:                   ×           exp π −1 κ ν + ρw
2475:                                          p         qκ
2479:          = Σ′             exp π −1 κ|ν|2 ,
2489:                             pκ                  pqκ
2500:                                pκ
2518:                           pκ
2533:                        κ                              κ
2541:                       (κ|p|)l/2 vol(Y ∨ )         κ        p
2549:                                                    κ
2554:                         ×             exp π −1 κ|ν| .
2567:                                κ                            κ
2576:                   Σ = Σ′′           exp π −1 κ|ν|2 ,
2585:                                         pκ
2590:                                      pqκ
2594:                                         pκ
2612:                           p                             pκ
2626:                   pκ                                     κ
2630:Proposition 5.2 Let r = mκ be coprime to p. If p is odd we have
2637:                            (κ|p|)l/2 vol(Y ∨ )         κ       p
2645:                                                         κ
2649:                              ×             exp π −1 κ|ν|2 .
2662:                    (κ|p|)l/2 vol(Y ∨ )          κ       p
2671:                     ×         sin       hρ, αi            exp π −1 κ|ν| .
2672:                                        κ              ∨   ∨
2687:                            (κ|p|)l/2 vol(Y ∨ )         κ       p
2695:                                                        κ
2700:                              ×             exp π −1 κ|ν| .
2713:                    (κ|p|)l/2 vol(Y ∨ )          κ      p
2723:                     ×         sin        hρ, αi              exp π −1 κ|ν| .
2724:                                        κ               ∨     ∨
2731:Remark 5.3 a) By a direct check using Theorem 5.1 one finds that L(64, 9)
2754:sums ν∈Y ∨ /pY ∨ exp π −1 p κ|ν| , thereby obtaining more detailed separa-
2759:we calculate the large r asymptotics of r 7→ τrg(L(p, q)), r = mκ. Let us
2763:complex function κ 7→ τrg(X) in the limit of large κ, i.e. κ → ∞. It is believed
2769:valid for the function κ 7→ τrg(X), and furthermore that this function should
2770:have a full asymptotic expansion in the limit κ → ∞. The precise formulation
2784:   τmκ  (X) =       bj e2π −1καj κdj eπ −1Ij /4 1 +        c(j)
2785:                                                            n κ
2787:                                                                     + o(κd−N ) (36)
2790:in the limit κ → ∞, where d = max{d1 , . . . , dM }.
2792:Here f (κ) = o(κd−N ) means as usual that f (κ)/κd−N → 0 as κ → ∞. The
2833:From Theorem 5.1 it is obvious, that the large κ asymptotics of τrg(L(p, q)) is
2847:           sin      hρ + κν, αi  = sin       hρ, αi cos      hν, αi
2848:                 pκ                       pκ               p
2852:                                                pκ               p
2868:     τrg(L(p, q)) =                                      bν exp 2π −1κ |ν|
2869:                      (κ|p|)l/2 vol(Y ∨ ) j=0 pκ ν∈M                     2p
2876:                         × exp 2π −1 hν, ρi         1+       cn κ      ,
2879:for all κ ∈ Z≥h∨ , where
2892:Note here that S(q/p) = S(q ∗ /p). The infinite power series in 1/κ present in
2893:the above corollary are convergent for all κ ∈ Z≥h∨ . Note also that 0 ∈ M|∆+ | ,
2915:         τrsl2 (C) (L(p, q)) =                       1+   cl κ−l
2916:                                 |p|κ       |p|κ
2923:              + sign(p)                exp 2π −1κ n2 exp 2π −1 n
2924:                             |p|κ n=1            p            p
2928:                              × sin         1+   cl κ−l .
2940:      τrsl2 (C) (L(p, q)) =                     1 − (−1)                +    cl + cl        κ−l
2941:                              |p|κ       |p|κ
2947:           + sign(p)                                         exp 2π −1κ n2
2948:                           |p|κ                          |p|
2956:                 × exp 2π −1 n sin         1+   cl κ−l .
2961:For all p we find that the leading large κ asymptotics of τr 2 (L(p, q)) is
2967:      −1 sign(p)              exp 2π −1κ n sin                  sin         ,
2968:                   |p|κ n=1                p             p             p
2976:                 exp 2π −1κ n cos             sin         = 0.
2999:has been calculated by Kirk and Klassen, cf. [31, Theorem 5.1]. According to their
3071:in the general case, let us first consider rational surgery along links in S 3 . If
3072:L ⊆ S 3 is framed and oriented and λ ∈ col(L) we let Γ(L, λ) be the colored
3075:Theorem 6.1 ([17]) Let L be a link in S 3 with n components and let M
3076:be the 3–manifold given by surgery on S 3 along L with surgery coefficient
3079:graph in M (also identified with a colored ribbon graph in S 3 \ L). Let L0
3100:links we do not have a preferred framing as in the case of surgery on S 3 (or
3157:The above generalizes ordinary rational surgery along links in S 3 . We call
3217:                             h∨                         κ
3225:holds with M ′ , M , L and µ replaced by M , S 3 , L0 , and σ respectively, where
