{
  "all_passed": true,
  "assertions": 17932,
  "composition_cases": [
    {
      "s": 60,
      "t": 2,
      "weight": "15063255090319832863132951/96907121647772317009128000"
    },
    {
      "s": 60,
      "t": 3,
      "weight": "1923979620486629160105233000837294539/1912757335515393571328245229908800000"
    },
    {
      "s": 60,
      "t": 4,
      "weight": "19090431448549875060521484253485114617519447/3533933942804820546643212756970302528000000"
    },
    {
      "s": 60,
      "t": 5,
      "weight": "202047094050180343195232614755448360636614972397/7904410979767107717031126442700940669593600000"
    }
  ],
  "core_examples": [
    {
      "a": [
        1,
        2,
        3,
        6
      ],
      "cap_peak": 2,
      "core": [
        1,
        2,
        3
      ],
      "exact_bound": 1,
      "exact_peak": 1,
      "h": 2
    },
    {
      "a": [
        1,
        2,
        4,
        6
      ],
      "cap_peak": 2,
      "core": [
        2,
        4,
        6
      ],
      "exact_bound": 1,
      "exact_peak": 1,
      "h": 2
    },
    {
      "a": [
        1,
        2,
        4,
        6
      ],
      "cap_peak": 2,
      "core": [
        2,
        4,
        6
      ],
      "exact_bound": 1,
      "exact_peak": 1,
      "h": 3
    },
    {
      "a": [
        2,
        3,
        4,
        6
      ],
      "cap_peak": 2,
      "core": [
        2,
        4,
        6
      ],
      "exact_bound": 1,
      "exact_peak": 1,
      "h": 2
    },
    {
      "a": [
        2,
        3,
        4,
        6
      ],
      "cap_peak": 2,
      "core": [
        2,
        4,
        6
      ],
      "exact_bound": 1,
      "exact_peak": 1,
      "h": 3
    },
    {
      "a": [
        1,
        3,
        5,
        6
      ],
      "cap_peak": 2,
      "core": [
        1,
        5,
        6
      ],
      "exact_bound": 1,
      "exact_peak": 1,
      "h": 2
    },
    {
      "a": [
        1,
        3,
        5,
        6
      ],
      "cap_peak": 2,
      "core": [
        1,
        5,
        6
      ],
      "exact_bound": 1,
      "exact_peak": 1,
      "h": 3
    },
    {
      "a": [
        2,
        4,
        5,
        6
      ],
      "cap_peak": 2,
      "core": [
        2,
        4,
        6
      ],
      "exact_bound": 1,
      "exact_peak": 1,
      "h": 2
    }
  ],
  "limits": "Finite controls verify identities, not the FGK threshold theorem or an asymptotic sharp exponent.",
  "probability_mode_counterexample": {
    "failure_probability_limit": 0,
    "failure_probability_sum": "infinity",
    "independent_failure_probability": "1/n",
    "infinitely_many_failures": "almost surely (Borel-Cantelli II)"
  },
  "staircase": [
    {
      "at_jump_ratio": 2,
      "before_next_jump_ratio": 1.0666666666666667,
      "j": 3
    },
    {
      "at_jump_ratio": 2,
      "before_next_jump_ratio": 1.032258064516129,
      "j": 4
    },
    {
      "at_jump_ratio": 2,
      "before_next_jump_ratio": 1.0158730158730158,
      "j": 5
    },
    {
      "at_jump_ratio": 2,
      "before_next_jump_ratio": 1.0078740157480315,
      "j": 6
    },
    {
      "at_jump_ratio": 2,
      "before_next_jump_ratio": 1.003921568627451,
      "j": 7
    },
    {
      "at_jump_ratio": 2,
      "before_next_jump_ratio": 1.0019569471624266,
      "j": 8
    },
    {
      "at_jump_ratio": 2,
      "before_next_jump_ratio": 1.0009775171065494,
      "j": 9
    },
    {
      "at_jump_ratio": 2,
      "before_next_jump_ratio": 1.0004885197850513,
      "j": 10
    },
    {
      "at_jump_ratio": 2,
      "before_next_jump_ratio": 1.0002442002442002,
      "j": 11
    },
    {
      "at_jump_ratio": 2,
      "before_next_jump_ratio": 1.0001220852154804,
      "j": 12
    },
    {
      "at_jump_ratio": 2,
      "before_next_jump_ratio": 1.0000610388817677,
      "j": 13
    },
    {
      "at_jump_ratio": 2,
      "before_next_jump_ratio": 1.000030518509476,
      "j": 14
    }
  ],
  "tensor_cases": [
    {
      "cut": 0,
      "left": 1,
      "n": 1,
      "right": 1,
      "union": 1
    },
    {
      "cut": 1,
      "left": 1,
      "n": 1,
      "right": 1,
      "union": 1
    },
    {
      "cut": 0,
      "left": 1,
      "n": 2,
      "right": 1,
      "union": 1
    },
    {
      "cut": 1,
      "left": 1,
      "n": 2,
      "right": 1,
      "union": 1
    },
    {
      "cut": 2,
      "left": 1,
      "n": 2,
      "right": 1,
      "union": 1
    },
    {
      "cut": 0,
      "left": 1,
      "n": 3,
      "right": 2,
      "union": 2
    },
    {
      "cut": 1,
      "left": 1,
      "n": 3,
      "right": 1,
      "union": 2
    },
    {
      "cut": 2,
      "left": 1,
      "n": 3,
      "right": 1,
      "union": 2
    },
    {
      "cut": 3,
      "left": 2,
      "n": 3,
      "right": 1,
      "union": 2
    },
    {
      "cut": 0,
      "left": 1,
      "n": 4,
      "right": 2,
      "union": 2
    },
    {
      "cut": 1,
      "left": 1,
      "n": 4,
      "right": 1,
      "union": 2
    },
    {
      "cut": 2,
      "left": 1,
      "n": 4,
      "right": 1,
      "union": 2
    },
    {
      "cut": 3,
      "left": 2,
      "n": 4,
      "right": 1,
      "union": 2
    },
    {
      "cut": 4,
      "left": 2,
      "n": 4,
      "right": 1,
      "union": 2
    },
    {
      "cut": 0,
      "left": 1,
      "n": 5,
      "right": 3,
      "union": 3
    },
    {
      "cut": 1,
      "left": 1,
      "n": 5,
      "right": 2,
      "union": 3
    },
    {
      "cut": 2,
      "left": 1,
      "n": 5,
      "right": 1,
      "union": 3
    },
    {
      "cut": 3,
      "left": 2,
      "n": 5,
      "right": 1,
      "union": 3
    },
    {
      "cut": 4,
      "left": 2,
      "n": 5,
      "right": 1,
      "union": 3
    },
    {
      "cut": 5,
      "left": 3,
      "n": 5,
      "right": 1,
      "union": 3
    },
    {
      "cut": 0,
      "left": 1,
      "n": 6,
      "right": 5,
      "union": 5
    },
    {
      "cut": 1,
      "left": 1,
      "n": 6,
      "right": 3,
      "union": 5
    },
    {
      "cut": 2,
      "left": 1,
      "n": 6,
      "right": 2,
      "union": 5
    },
    {
      "cut": 3,
      "left": 2,
      "n": 6,
      "right": 1,
      "union": 5
    },
    {
      "cut": 4,
      "left": 2,
      "n": 6,
      "right": 1,
      "union": 5
    },
    {
      "cut": 5,
      "left": 3,
      "n": 6,
      "right": 1,
      "union": 5
    },
    {
      "cut": 6,
      "left": 5,
      "n": 6,
      "right": 1,
      "union": 5
    },
    {
      "cut": 0,
      "left": 1,
      "n": 7,
      "right": 8,
      "union": 8
    },
    {
      "cut": 1,
      "left": 1,
      "n": 7,
      "right": 4,
      "union": 8
    },
    {
      "cut": 2,
      "left": 1,
      "n": 7,
      "right": 2,
      "union": 8
    },
    {
      "cut": 3,
      "left": 2,
      "n": 7,
      "right": 2,
      "union": 8
    },
    {
      "cut": 4,
      "left": 2,
      "n": 7,
      "right": 1,
      "union": 8
    },
    {
      "cut": 5,
      "left": 3,
      "n": 7,
      "right": 1,
      "union": 8
    },
    {
      "cut": 6,
      "left": 5,
      "n": 7,
      "right": 1,
      "union": 8
    },
    {
      "cut": 7,
      "left": 8,
      "n": 7,
      "right": 1,
      "union": 8
    },
    {
      "cut": 0,
      "left": 1,
      "n": 8,
      "right": 14,
      "union": 14
    },
    {
      "cut": 1,
      "left": 1,
      "n": 8,
      "right": 7,
      "union": 14
    },
    {
      "cut": 2,
      "left": 1,
      "n": 8,
      "right": 4,
      "union": 14
    },
    {
      "cut": 3,
      "left": 2,
      "n": 8,
      "right": 2,
      "union": 14
    },
    {
      "cut": 4,
      "left": 2,
      "n": 8,
      "right": 2,
      "union": 14
    },
    {
      "cut": 5,
      "left": 3,
      "n": 8,
      "right": 1,
      "union": 14
    },
    {
      "cut": 6,
      "left": 5,
      "n": 8,
      "right": 1,
      "union": 14
    },
    {
      "cut": 7,
      "left": 8,
      "n": 8,
      "right": 1,
      "union": 14
    },
    {
      "cut": 8,
      "left": 14,
      "n": 8,
      "right": 1,
      "union": 14
    }
  ],
  "universe_subsets": 1024
}
