python=/Users/alec/Documents/Math/k3p_level2_identifiability_final/.venv/bin/python
command_exit=0
{
  "controls": [
    {
      "modes": {
        "cut_topology_existing": "0644",
        "cut_topology_new": "0644",
        "integrated_classification_existing": "0644",
        "integrated_classification_new": "0644",
        "primary_existing": "0644",
        "primary_new": "0644",
        "strong_cut_transfer_existing": "0644",
        "strong_cut_transfer_new": "0644"
      },
      "name": "public_atomic_json_mode_preservation",
      "status": "PASS"
    },
    {
      "name": "location_dependent_primary_report_mode_restore",
      "preserved_regenerated_mode": "0600",
      "restored_mode": "0644",
      "status": "PASS"
    },
    {
      "integrity_rejected_components": [
        "symlink:review_runs",
        "symlink:review_runs/runner_control",
        "symlink:review_runs/runner_control/home",
        "symlink:review_runs/runner_control/tmp",
        "file:review_runs",
        "file:review_runs/runner_control",
        "file:review_runs/runner_control/home",
        "file:review_runs/runner_control/tmp"
      ],
      "modes": {
        "home": "0700",
        "review_runs": "0700",
        "runner_control": "0700",
        "tmp": "0700"
      },
      "name": "runtime_control_no_follow_setup",
      "runner_rejected_components": [
        "symlink:review_runs",
        "symlink:review_runs/runner_control",
        "symlink:review_runs/runner_control/home",
        "symlink:review_runs/runner_control/tmp",
        "file:review_runs",
        "file:review_runs/runner_control",
        "file:review_runs/runner_control/home",
        "file:review_runs/runner_control/tmp"
      ],
      "status": "PASS"
    },
    {
      "name": "runner_integrity_before_runtime_setup",
      "status": "PASS"
    }
  ],
  "mutation": {
    "after": "0600",
    "before": "0644",
    "detected_failure": "atomic output mode drift",
    "name": "unsafe_atomic_mode_replacement",
    "status": "REJECTED"
  },
  "schema": "k3p-output-and-runtime-preservation-control-v2",
  "status": "PASS"
}
K3P_OUTPUT_MODE_PRESERVATION_PASS
