python=/Users/alec/Documents/Math/k3p_level2_identifiability_final/.venv/bin/python
command_exit=0
{
  "active_bindings": {
    "active_manifest_sha256": "88baf38b4296fe0a7dd9044d2e03224924fe969609571b020781cbce3ffbe7f6",
    "active_path_bindings": 108,
    "claim_lock_sha256": "0d81987880ad360e1907e93209050692be25367e3386d93197e6bfe1fd4e86c1",
    "classification_report_sha256": "738bf827c45b3b3cb7915dd54efcf94fb911f86fa46b4943a01ca20c003e70f4"
  },
  "environment_lock": {
    "dependency_count": 4,
    "requirements_sha256": "5a731eb61d5928e5b724c065e64d64af03804d25e25b49928f369d9d6b4da95b",
    "tectonic_bundle_digest": "6ffe055852f8faf66c0acbe1a7fb27f87b869a90bad1204f3bf4d9683f597c7c",
    "tectonic_bundle_url": "https://relay.fullyjustified.net/default_bundle_v33.tar",
    "tectonic_cache_file_count": 725,
    "tectonic_cache_manifest_sha256": "c6908223e76a095fec120af0c267567a057de56c3e497b61c20829fb2433297a",
    "tectonic_sha256": "38eff9059ed622672c9a2590415a8f01c043df4232baa459628a2cd86e512d95",
    "tectonic_version": "Tectonic 0.16.9"
  },
  "frozen_checksum_records": 66,
  "head_sources": {
    "status": "DEVELOPMENT_OVERRIDE_NOT_A_RELEASE_GATE"
  },
  "manuscript_crosswalk": {
    "article_sections": 17,
    "article_sha256": "8a271c86549445e6a16a6a48229f244321664765fe15676e050296db122c7613",
    "bibliography_sha256": "f9c6dc2c49149720756c7bf8a4a7298ea98a09c2734db3e4444b9b3e5d36b933",
    "referenced_project_paths_checked": 56,
    "section_hashes": {
      "manuscript/sections/01_introduction.tex": "a5856048a86a9f4b8c6b357d51dc848ed8ee940d64f9ec1f83933c5a34512470",
      "manuscript/sections/02_main_theorems.tex": "f3f0be783958c038c0e2cbb61d6b82a3abe063edbee0eef56854110802965a15",
      "manuscript/sections/03_conventions_model.tex": "ba4f1e18cdbf9e2143758490abd15814058e6f4d892a448f39b0e84e75ab33d1",
      "manuscript/sections/04_physical_topology.tex": "de19b751e20ef091f759f86fb4764e9c3c7ee938b1cf3fbdbd1d6a5ba1881b27",
      "manuscript/sections/05_three_leaf_geometry.tex": "19f1e0b056607c0f7fb9aa5810b1753b3898096fcfa8aee648dcb3bbf6b27b42",
      "manuscript/sections/06_bridge_fibre.tex": "ae400a82b6d73ce631f100da22a9ee6e64c2cec33b58f7fa7eade88305ceea7d",
      "manuscript/sections/07_marginal_localization.tex": "51a2f6e8e097e6cf9ba442113df7cbbb99a947b9afa450bd5a8779663c2edc8e",
      "manuscript/sections/08_primitive_bounded.tex": "dc6ce0aa1005ab19f91fe15c9ff9635f0470cb741b10d7e967c43ed1bb5aff7f",
      "manuscript/sections/09_restoration_words.tex": "2d17a09aa1c3d6831df56e58735922b4f735aa166f214c1d1804ffeac754de9d",
      "manuscript/sections/10_global_classification.tex": "7b9472d3ccb465f66d7647d65fab842e5a9cf246f4b34887952b4efdc8131d97",
      "manuscript/sections/11_genericity_reconstruction.tex": "6494d9f2045ec08d7bbb47bc70521cc6d94574996d00574f649e4dd8e3836520",
      "manuscript/sections/12_continuous_time.tex": "415a83e2d845895a7c6251c1a679ff32d04d0167d2a944950a33928607041910",
      "manuscript/sections/13_sharpness.tex": "4cf9cb5b68d72c295ff49ad828c91154d5f29e0d8f0d95bb4f9c96f7fe15e3ba",
      "manuscript/sections/14_outer_obstruction.tex": "0fb399ae132555be3cf050bff6801081e6c2c9f78d0066eef8796fbe4c58e74b",
      "manuscript/sections/15_kimura_perspective.tex": "911e463c09b4d118b5a6e1de377d37f2130f3bcadb7f0d51bb32609c57ffebae",
      "manuscript/sections/16_scope.tex": "6c0b538516495bdef56ca68f48e8af5cf163dfd2f4900bb3981592fb0693e4b7",
      "manuscript/sections/17_reproducibility.tex": "de390e26b4eabe25b5332d1c8451cb9b9929c0853a2cd8bfe4f2090ee2cbbe40"
    },
    "supplement_sha256": "f06401ceab1dd547eac51c71b3b21dd3dce54b606763436685c70bfe2575b5ef"
  },
  "mutation_summaries": {
    "anchor_universe/NON_FOUR_ANCHOR_MUTATION_REPORT.json": 16,
    "clean_room/CLEAN_ROOM_MUTATION_RESULTS.json": 10,
    "four_port_atlas/full_universe_replay/FULL_FOUR_PORT_MUTATION_REPORT.json": 6,
    "global_infrastructure/MUTATION_CERTIFICATE.json": 19,
    "probes/K3P_PROBE_MUTATION_CERTIFICATE.json": 18,
    "probes/K3P_PROBE_SEMANTIC_MUTATIONS.json": 7,
    "reproducibility/CUT_TRANSFER_GATE_MUTATION_REPORT.json": 16,
    "reproducibility/K3P_SAME_CLASSIFICATION_MUTATION_REPORT.json": 27,
    "reproducibility/RELEASE_ENGINEERING_MUTATION_REPORT.json": 37,
    "restoration/K3P_RESTORATION_MUTATION_CERTIFICATE.json": 20,
    "sharpness/adversarial/SHARPNESS_ADVERSARIAL_AUDIT.json": 18
  },
  "payload_sha256": "3508f1676a87d659c13c15e03d9cb9efc02f02a24ce46b31b2135cfd1ee52a76",
  "schema": "k3p-release-input-gate-v1",
  "status": "PASS",
  "submission_draft_readiness": {
    "payload_sha256": "0d72e7f654c9d5ea4910a01456c26234b2bf7dbeec710fae0c733a0ca743a3ca",
    "release_blocker_count": 26,
    "report_sha256": "9e4d5fc34ca0226226db478ee76447b841414e3ab128aad672f16c4d8595466b",
    "status": "NOT_READY",
    "structural_error_count": 0
  }
}
K3P_RELEASE_INPUT_GATE_PASS
