Updating 25c85b2e7..1d9831741
Fast-forward
 .../FINAL_AUTHOR_MANIFEST.json                     | 172 ++++++++++++++++
 .../11000151_artin_a5_quotient/FINAL_README.md     |   7 +
 .../11000151_artin_a5_quotient/FINAL_RESULT.md     |  11 ++
 .../FINAL_REVIEW_REQUEST.md                        |  17 ++
 .../PUBLICATION_MANIFEST.json                      | 217 +++++++++++++++++++++
 .../PUBLICATION_README.md                          |  15 ++
 .../SOURCE_ADDITION_T2.json                        |   7 +
 problems/11000151_artin_a5_quotient/SOURCE_GATE.md |  15 ++
 .../SOURCE_MANIFEST.json                           |  22 +++
 problems/11000151_artin_a5_quotient/STATE.json     |   8 +
 problems/11000151_artin_a5_quotient/STATE_T2.json  |   7 +
 problems/11000151_artin_a5_quotient/STATE_T3.json  |   7 +
 problems/11000151_artin_a5_quotient/STATE_T4.json  |  10 +
 problems/11000151_artin_a5_quotient/TURN_1.md      |  92 +++++++++
 .../11000151_artin_a5_quotient/TURN_1_CHECKS.json  |  13 ++
 .../TURN_1_MANIFEST.json                           |  36 ++++
 .../TURN_1_REMOTE_RECEIPT.json                     |  43 ++++
 problems/11000151_artin_a5_quotient/TURN_2.md      |  81 ++++++++
 .../11000151_artin_a5_quotient/TURN_2_CHECKS.json  |  23 +++
 .../TURN_2_MANIFEST.json                           |  35 ++++
 .../TURN_2_REMOTE_RECEIPT.json                     |  78 ++++++++
 problems/11000151_artin_a5_quotient/TURN_3.md      |  65 ++++++
 .../11000151_artin_a5_quotient/TURN_3_CHECKS.json  |  25 +++
 .../TURN_3_MANIFEST.json                           |  35 ++++
 .../TURN_3_REMOTE_RECEIPT.json                     | 113 +++++++++++
 .../TURN_3_SURVIVORS.txt                           |  10 +
 problems/11000151_artin_a5_quotient/TURN_4.md      |  87 +++++++++
 .../11000151_artin_a5_quotient/TURN_4_CHECKS.json  |  12 ++
 .../TURN_4_CPP_CHECKS.json                         |  14 ++
 .../TURN_4_MANIFEST.json                           |  45 +++++
 .../11000151_artin_a5_quotient/check_turn_1.py     |  66 +++++++
 .../11000151_artin_a5_quotient/check_turn_2.py     |  36 ++++
 .../11000151_artin_a5_quotient/check_turn_3.py     |  57 ++++++
 .../11000151_artin_a5_quotient/check_turn_4.cpp    | 123 ++++++++++++
 .../11000151_artin_a5_quotient/check_turn_4.py     |  59 ++++++
 .../review/AUTHOR_REPLAY.json                      |  94 +++++++++
 .../review/INDEPENDENT_CHECKS.json                 |  15 ++
 .../11000151_artin_a5_quotient/review/REVIEW.md    |  27 +++
 .../review/REVIEW_MANIFEST.json                    |  31 +++
 .../review/independent_check.py                    |  61 ++++++
 .../review/replay_author.py                        |  12 ++
 .../verify_publication.py                          |  14 ++
 .../verify_turn_4_cpp.py                           |  19 ++
 unsolved_math_prioritization/QUEUE.md              |   2 +-
 44 files changed, 1937 insertions(+), 1 deletion(-)
 create mode 100644 problems/11000151_artin_a5_quotient/FINAL_AUTHOR_MANIFEST.json
 create mode 100644 problems/11000151_artin_a5_quotient/FINAL_README.md
 create mode 100644 problems/11000151_artin_a5_quotient/FINAL_RESULT.md
 create mode 100644 problems/11000151_artin_a5_quotient/FINAL_REVIEW_REQUEST.md
 create mode 100644 problems/11000151_artin_a5_quotient/PUBLICATION_MANIFEST.json
 create mode 100644 problems/11000151_artin_a5_quotient/PUBLICATION_README.md
 create mode 100644 problems/11000151_artin_a5_quotient/SOURCE_ADDITION_T2.json
 create mode 100644 problems/11000151_artin_a5_quotient/SOURCE_GATE.md
 create mode 100644 problems/11000151_artin_a5_quotient/SOURCE_MANIFEST.json
 create mode 100644 problems/11000151_artin_a5_quotient/STATE.json
 create mode 100644 problems/11000151_artin_a5_quotient/STATE_T2.json
 create mode 100644 problems/11000151_artin_a5_quotient/STATE_T3.json
 create mode 100644 problems/11000151_artin_a5_quotient/STATE_T4.json
 create mode 100644 problems/11000151_artin_a5_quotient/TURN_1.md
 create mode 100644 problems/11000151_artin_a5_quotient/TURN_1_CHECKS.json
 create mode 100644 problems/11000151_artin_a5_quotient/TURN_1_MANIFEST.json
 create mode 100644 problems/11000151_artin_a5_quotient/TURN_1_REMOTE_RECEIPT.json
 create mode 100644 problems/11000151_artin_a5_quotient/TURN_2.md
 create mode 100644 problems/11000151_artin_a5_quotient/TURN_2_CHECKS.json
 create mode 100644 problems/11000151_artin_a5_quotient/TURN_2_MANIFEST.json
 create mode 100644 problems/11000151_artin_a5_quotient/TURN_2_REMOTE_RECEIPT.json
 create mode 100644 problems/11000151_artin_a5_quotient/TURN_3.md
 create mode 100644 problems/11000151_artin_a5_quotient/TURN_3_CHECKS.json
 create mode 100644 problems/11000151_artin_a5_quotient/TURN_3_MANIFEST.json
 create mode 100644 problems/11000151_artin_a5_quotient/TURN_3_REMOTE_RECEIPT.json
 create mode 100644 problems/11000151_artin_a5_quotient/TURN_3_SURVIVORS.txt
 create mode 100644 problems/11000151_artin_a5_quotient/TURN_4.md
 create mode 100644 problems/11000151_artin_a5_quotient/TURN_4_CHECKS.json
 create mode 100644 problems/11000151_artin_a5_quotient/TURN_4_CPP_CHECKS.json
 create mode 100644 problems/11000151_artin_a5_quotient/TURN_4_MANIFEST.json
 create mode 100644 problems/11000151_artin_a5_quotient/check_turn_1.py
 create mode 100644 problems/11000151_artin_a5_quotient/check_turn_2.py
 create mode 100644 problems/11000151_artin_a5_quotient/check_turn_3.py
 create mode 100644 problems/11000151_artin_a5_quotient/check_turn_4.cpp
 create mode 100644 problems/11000151_artin_a5_quotient/check_turn_4.py
 create mode 100644 problems/11000151_artin_a5_quotient/review/AUTHOR_REPLAY.json
 create mode 100644 problems/11000151_artin_a5_quotient/review/INDEPENDENT_CHECKS.json
 create mode 100644 problems/11000151_artin_a5_quotient/review/REVIEW.md
 create mode 100644 problems/11000151_artin_a5_quotient/review/REVIEW_MANIFEST.json
 create mode 100644 problems/11000151_artin_a5_quotient/review/independent_check.py
 create mode 100644 problems/11000151_artin_a5_quotient/review/replay_author.py
 create mode 100644 problems/11000151_artin_a5_quotient/verify_publication.py
 create mode 100644 problems/11000151_artin_a5_quotient/verify_turn_4_cpp.py
