[main c0daab70c] Accept PR385 independent partial-result audits before integration
 40 files changed, 2630 insertions(+), 3 deletions(-)
 create mode 100644 draft_pr_descending_audit_20261002/audits/pr385_2518/ACCEPTANCE_CRITERIA.json
 create mode 100644 draft_pr_descending_audit_20261002/audits/pr385_2518/ACCEPTANCE_DECISION.md
 create mode 100644 draft_pr_descending_audit_20261002/audits/pr385_2518/accepted_pr_body.txt
 create mode 100644 draft_pr_descending_audit_20261002/audits/pr385_2518/final_adversary/.gitignore
 create mode 100644 draft_pr_descending_audit_20261002/audits/pr385_2518/final_adversary/EXECUTION_RECEIPTS.json
 create mode 100644 draft_pr_descending_audit_20261002/audits/pr385_2518/final_adversary/FROZEN_BLOB_RECEIPT.json
 create mode 100644 draft_pr_descending_audit_20261002/audits/pr385_2518/final_adversary/INPUT_HASH_MANIFEST.json
 create mode 100644 draft_pr_descending_audit_20261002/audits/pr385_2518/final_adversary/OPTIONAL_SOURCE_BINDING_AUDIT.json
 create mode 100644 draft_pr_descending_audit_20261002/audits/pr385_2518/final_adversary/OUTPUT_HASH_MANIFEST.json
 create mode 100644 draft_pr_descending_audit_20261002/audits/pr385_2518/final_adversary/PRESERVATION_RECEIPT.json
 create mode 100644 draft_pr_descending_audit_20261002/audits/pr385_2518/final_adversary/PRIMARY_RECONSTRUCTION.md
 create mode 100644 draft_pr_descending_audit_20261002/audits/pr385_2518/final_adversary/PUBLICATION_BINDING_AUDIT.json
 create mode 100644 draft_pr_descending_audit_20261002/audits/pr385_2518/final_adversary/QUEUE_THREE_WAY_RECEIPT.json
 create mode 100644 draft_pr_descending_audit_20261002/audits/pr385_2518/final_adversary/QUEUE_base_to_head.diff
 create mode 100644 draft_pr_descending_audit_20261002/audits/pr385_2518/final_adversary/QUEUE_base_to_main.diff
 create mode 100644 draft_pr_descending_audit_20261002/audits/pr385_2518/final_adversary/QUEUE_head_to_main.diff
 create mode 100644 draft_pr_descending_audit_20261002/audits/pr385_2518/final_adversary/REPORT.md
 create mode 100644 draft_pr_descending_audit_20261002/audits/pr385_2518/final_adversary/RESEARCH_LOG.md
 create mode 100644 draft_pr_descending_audit_20261002/audits/pr385_2518/final_adversary/VERDICT.json
 create mode 100644 draft_pr_descending_audit_20261002/audits/pr385_2518/final_adversary/author_replay.stderr
 create mode 100644 draft_pr_descending_audit_20261002/audits/pr385_2518/final_adversary/author_replay.stdout
 create mode 100644 draft_pr_descending_audit_20261002/audits/pr385_2518/final_adversary/historical_independent_replay.stderr
 create mode 100644 draft_pr_descending_audit_20261002/audits/pr385_2518/final_adversary/historical_independent_replay.stdout
 create mode 100644 draft_pr_descending_audit_20261002/audits/pr385_2518/final_adversary/independent_boundary_controls.py
 create mode 100644 draft_pr_descending_audit_20261002/audits/pr385_2518/final_adversary/new_boundaries_replay.stderr
 create mode 100644 draft_pr_descending_audit_20261002/audits/pr385_2518/final_adversary/new_boundaries_replay.stdout
 create mode 100644 draft_pr_descending_audit_20261002/audits/pr385_2518/final_adversary/public_replay.stderr
 create mode 100644 draft_pr_descending_audit_20261002/audits/pr385_2518/final_adversary/public_replay.stdout
 create mode 100644 draft_pr_descending_audit_20261002/audits/pr385_2518/final_adversary/source_fetch_receipts.json
 create mode 100644 draft_pr_descending_audit_20261002/audits/pr385_2518/merge_body.txt
 create mode 100644 draft_pr_descending_audit_20261002/audits/pr385_2518/root_final_controls.stderr
 create mode 100644 draft_pr_descending_audit_20261002/audits/pr385_2518/root_final_controls.stdout
 create mode 100644 draft_pr_descending_audit_20261002/audits/pr385_2518/root_final_controls_receipt.json
 create mode 100644 draft_pr_descending_audit_20261002/audits/pr386_2525/post_merge_checkpoint_commit.stderr
 create mode 100644 draft_pr_descending_audit_20261002/audits/pr386_2525/post_merge_checkpoint_commit.stdout
 create mode 100644 draft_pr_descending_audit_20261002/audits/pr386_2525/post_merge_checkpoint_push.stderr
 create mode 100644 draft_pr_descending_audit_20261002/audits/pr386_2525/post_merge_checkpoint_push.stdout
