[main 264c26d53] Record verified PR385 merge and PR384 final adversarial evidence
 41 files changed, 635 insertions(+), 11 deletions(-)
 create mode 100644 draft_pr_descending_audit_20261002/audits/pr384_30004106/root_final_controls.stderr
 create mode 100644 draft_pr_descending_audit_20261002/audits/pr384_30004106/root_final_controls.stdout
 create mode 100644 draft_pr_descending_audit_20261002/audits/pr384_30004106/root_final_controls_receipt.json
 create mode 100644 draft_pr_descending_audit_20261002/audits/pr385_2518/ACTUAL_MERGE_VERIFICATION.json
 create mode 100644 draft_pr_descending_audit_20261002/audits/pr385_2518/actual_merge_execution.stderr
 create mode 100644 draft_pr_descending_audit_20261002/audits/pr385_2518/actual_merge_execution.stdout
 create mode 100644 draft_pr_descending_audit_20261002/audits/pr385_2518/actual_pre_merge_fetch.stderr
 create mode 100644 draft_pr_descending_audit_20261002/audits/pr385_2518/actual_pre_merge_fetch.stdout
 create mode 100644 draft_pr_descending_audit_20261002/audits/pr385_2518/actual_pre_merge_remote.stderr
 create mode 100644 draft_pr_descending_audit_20261002/audits/pr385_2518/actual_pre_merge_remote.stdout
 create mode 100644 draft_pr_descending_audit_20261002/audits/pr385_2518/actual_virtual_merge.stderr
 create mode 100644 draft_pr_descending_audit_20261002/audits/pr385_2518/actual_virtual_merge.stdout
 create mode 100644 draft_pr_descending_audit_20261002/audits/pr385_2518/post_merge_fetch.stderr
 create mode 100644 draft_pr_descending_audit_20261002/audits/pr385_2518/post_merge_fetch.stdout
 create mode 100644 draft_pr_descending_audit_20261002/audits/pr385_2518/post_merge_main_sync.stderr
 create mode 100644 draft_pr_descending_audit_20261002/audits/pr385_2518/post_merge_main_sync.stdout
 create mode 100644 draft_pr_descending_audit_20261002/audits/pr385_2518/post_merge_remote.stderr
 create mode 100644 draft_pr_descending_audit_20261002/audits/pr385_2518/post_merge_remote.stdout
 create mode 100644 draft_pr_descending_audit_20261002/audits/pr385_2518/repaired_acceptance_checkpoint_commit.stderr
 create mode 100644 draft_pr_descending_audit_20261002/audits/pr385_2518/repaired_acceptance_checkpoint_commit.stdout
 create mode 100644 draft_pr_descending_audit_20261002/audits/pr385_2518/repaired_acceptance_checkpoint_push.stderr
 create mode 100644 draft_pr_descending_audit_20261002/audits/pr385_2518/repaired_acceptance_checkpoint_push.stdout
 create mode 100644 draft_pr_descending_audit_20261002/audits/pr385_2518/repaired_accepted_body_edit.stderr
 create mode 100644 draft_pr_descending_audit_20261002/audits/pr385_2518/repaired_accepted_body_edit.stdout
 create mode 100644 draft_pr_descending_audit_20261002/audits/pr385_2518/repaired_pre_merge_fetch.stderr
 create mode 100644 draft_pr_descending_audit_20261002/audits/pr385_2518/repaired_pre_merge_fetch.stdout
 create mode 100644 draft_pr_descending_audit_20261002/audits/pr385_2518/repaired_pre_ready_remote.stderr
 create mode 100644 draft_pr_descending_audit_20261002/audits/pr385_2518/repaired_pre_ready_remote.stdout
 create mode 100644 draft_pr_descending_audit_20261002/audits/pr385_2518/repaired_ready.stderr
 create mode 100644 draft_pr_descending_audit_20261002/audits/pr385_2518/repaired_ready.stdout
 create mode 100644 draft_pr_descending_audit_20261002/audits/pr385_2518/repaired_ready_remote.stderr
 create mode 100644 draft_pr_descending_audit_20261002/audits/pr385_2518/repaired_ready_remote.stdout
 create mode 100644 draft_pr_descending_audit_20261002/audits/pr385_2518/repaired_virtual_integration_receipt.json
 create mode 100644 draft_pr_descending_audit_20261002/audits/pr385_2518/repaired_virtual_merge.stderr
 create mode 100644 draft_pr_descending_audit_20261002/audits/pr385_2518/repaired_virtual_merge.stdout
