Updating 8251c6b45..806de7176
Fast-forward
 .../FINAL_AUTHOR_MANIFEST.json                     | 219 +++++++++++++++++
 .../FINAL_REPLAY.json                              |  13 +
 .../FINAL_RESULT.md                                |  29 +++
 .../FINAL_REVIEW_REQUEST.md                        |  21 ++
 .../PRIOR_GATE.json                                |  10 +
 .../PUBLICATION_MANIFEST.json                      | 265 +++++++++++++++++++++
 .../REPLAY_ALL.py                                  |  28 +++
 .../RESEARCH_LOG.md                                |   3 +
 .../REVIEWED_STATUS.md                             |  13 +
 .../SOURCE_GATE.md                                 |  29 +++
 .../SOURCE_MANIFEST.json                           |  60 +++++
 .../TURN_1.md                                      |  62 +++++
 .../TURN_1_CHECKS.json                             |   5 +
 .../TURN_1_MANIFEST.json                           |  53 +++++
 .../TURN_1_STATE.json                              |   9 +
 .../TURN_2.md                                      |  85 +++++++
 .../TURN_2_CHECKS.json                             |  31 +++
 .../TURN_2_MANIFEST.json                           |  36 +++
 .../TURN_2_SOURCES.json                            |  25 ++
 .../TURN_2_STATE.json                              |   7 +
 .../TURN_3.md                                      |  70 ++++++
 .../TURN_3_CHECKS.json                             |  14 ++
 .../TURN_3_MANIFEST.json                           |  30 +++
 .../TURN_3_STATE.json                              |   7 +
 .../TURN_4.md                                      |  54 +++++
 .../TURN_4_CHECKS.json                             |  52 ++++
 .../TURN_4_MANIFEST.json                           |  36 +++
 .../TURN_4_SOURCES.json                            |  11 +
 .../TURN_4_STATE.json                              |   7 +
 .../TURN_5.md                                      |  70 ++++++
 .../TURN_5_CHECKS.json                             |  10 +
 .../TURN_5_MANIFEST.json                           |  30 +++
 .../TURN_5_STATE.json                              |   9 +
 .../independent_review/AUTHOR_REPLAY.json          |  13 +
 .../independent_review/INDEPENDENT_CHECKS.json     |   5 +
 .../independent_review/REVIEW.md                   |  57 +++++
 .../independent_review/REVIEW_MANIFEST.json        |  28 +++
 .../independent_review/independent_check.py        |  31 +++
 .../verify_publication.py                          |  18 ++
 .../verify_turn1.py                                |  47 ++++
 .../verify_turn2.py                                |  70 ++++++
 .../verify_turn3.py                                |  32 +++
 .../verify_turn4.py                                |  33 +++
 .../verify_turn5.py                                |  39 +++
 unsolved_math_prioritization/QUEUE.md              |   2 +-
 45 files changed, 1777 insertions(+), 1 deletion(-)
 create mode 100644 problems/2518_free_pro_p_characteristic_intersections/FINAL_AUTHOR_MANIFEST.json
 create mode 100644 problems/2518_free_pro_p_characteristic_intersections/FINAL_REPLAY.json
 create mode 100644 problems/2518_free_pro_p_characteristic_intersections/FINAL_RESULT.md
 create mode 100644 problems/2518_free_pro_p_characteristic_intersections/FINAL_REVIEW_REQUEST.md
 create mode 100644 problems/2518_free_pro_p_characteristic_intersections/PRIOR_GATE.json
 create mode 100644 problems/2518_free_pro_p_characteristic_intersections/PUBLICATION_MANIFEST.json
 create mode 100644 problems/2518_free_pro_p_characteristic_intersections/REPLAY_ALL.py
 create mode 100644 problems/2518_free_pro_p_characteristic_intersections/RESEARCH_LOG.md
 create mode 100644 problems/2518_free_pro_p_characteristic_intersections/REVIEWED_STATUS.md
 create mode 100644 problems/2518_free_pro_p_characteristic_intersections/SOURCE_GATE.md
 create mode 100644 problems/2518_free_pro_p_characteristic_intersections/SOURCE_MANIFEST.json
 create mode 100644 problems/2518_free_pro_p_characteristic_intersections/TURN_1.md
 create mode 100644 problems/2518_free_pro_p_characteristic_intersections/TURN_1_CHECKS.json
 create mode 100644 problems/2518_free_pro_p_characteristic_intersections/TURN_1_MANIFEST.json
 create mode 100644 problems/2518_free_pro_p_characteristic_intersections/TURN_1_STATE.json
 create mode 100644 problems/2518_free_pro_p_characteristic_intersections/TURN_2.md
 create mode 100644 problems/2518_free_pro_p_characteristic_intersections/TURN_2_CHECKS.json
 create mode 100644 problems/2518_free_pro_p_characteristic_intersections/TURN_2_MANIFEST.json
 create mode 100644 problems/2518_free_pro_p_characteristic_intersections/TURN_2_SOURCES.json
 create mode 100644 problems/2518_free_pro_p_characteristic_intersections/TURN_2_STATE.json
 create mode 100644 problems/2518_free_pro_p_characteristic_intersections/TURN_3.md
 create mode 100644 problems/2518_free_pro_p_characteristic_intersections/TURN_3_CHECKS.json
 create mode 100644 problems/2518_free_pro_p_characteristic_intersections/TURN_3_MANIFEST.json
 create mode 100644 problems/2518_free_pro_p_characteristic_intersections/TURN_3_STATE.json
 create mode 100644 problems/2518_free_pro_p_characteristic_intersections/TURN_4.md
 create mode 100644 problems/2518_free_pro_p_characteristic_intersections/TURN_4_CHECKS.json
 create mode 100644 problems/2518_free_pro_p_characteristic_intersections/TURN_4_MANIFEST.json
 create mode 100644 problems/2518_free_pro_p_characteristic_intersections/TURN_4_SOURCES.json
 create mode 100644 problems/2518_free_pro_p_characteristic_intersections/TURN_4_STATE.json
 create mode 100644 problems/2518_free_pro_p_characteristic_intersections/TURN_5.md
 create mode 100644 problems/2518_free_pro_p_characteristic_intersections/TURN_5_CHECKS.json
 create mode 100644 problems/2518_free_pro_p_characteristic_intersections/TURN_5_MANIFEST.json
 create mode 100644 problems/2518_free_pro_p_characteristic_intersections/TURN_5_STATE.json
 create mode 100644 problems/2518_free_pro_p_characteristic_intersections/independent_review/AUTHOR_REPLAY.json
 create mode 100644 problems/2518_free_pro_p_characteristic_intersections/independent_review/INDEPENDENT_CHECKS.json
 create mode 100644 problems/2518_free_pro_p_characteristic_intersections/independent_review/REVIEW.md
 create mode 100644 problems/2518_free_pro_p_characteristic_intersections/independent_review/REVIEW_MANIFEST.json
 create mode 100644 problems/2518_free_pro_p_characteristic_intersections/independent_review/independent_check.py
 create mode 100644 problems/2518_free_pro_p_characteristic_intersections/verify_publication.py
 create mode 100644 problems/2518_free_pro_p_characteristic_intersections/verify_turn1.py
 create mode 100644 problems/2518_free_pro_p_characteristic_intersections/verify_turn2.py
 create mode 100644 problems/2518_free_pro_p_characteristic_intersections/verify_turn3.py
 create mode 100644 problems/2518_free_pro_p_characteristic_intersections/verify_turn4.py
 create mode 100644 problems/2518_free_pro_p_characteristic_intersections/verify_turn5.py
