[main fc2251dc8] Checkpoint PR385 queue repair and PR384 independent audits; freeze PR383
 195 files changed, 14740 insertions(+), 15 deletions(-)
 create mode 100644 draft_pr_descending_audit_20261002/audits/pr383_30004047/README.md
 create mode 100644 draft_pr_descending_audit_20261002/audits/pr383_30004047/original.diff
 create mode 100644 draft_pr_descending_audit_20261002/audits/pr383_30004047/pr_metadata.json
 create mode 100644 draft_pr_descending_audit_20261002/audits/pr383_30004047/root_primary_source_receipt.json
 create mode 100644 draft_pr_descending_audit_20261002/audits/pr383_30004047/snapshot/unsolved_math_prioritization/QUEUE.md
 create mode 100644 draft_pr_descending_audit_20261002/audits/pr383_30004047/snapshot/unsolved_math_prioritization/attempts/30004047/CURRENT_STATE.json
 create mode 100644 draft_pr_descending_audit_20261002/audits/pr383_30004047/snapshot/unsolved_math_prioritization/attempts/30004047/FINAL_AUTHOR_MANIFEST.json
 create mode 100644 draft_pr_descending_audit_20261002/audits/pr383_30004047/snapshot/unsolved_math_prioritization/attempts/30004047/FINAL_REPLAY.json
 create mode 100644 draft_pr_descending_audit_20261002/audits/pr383_30004047/snapshot/unsolved_math_prioritization/attempts/30004047/FINAL_REVIEW_REQUEST.md
 create mode 100644 draft_pr_descending_audit_20261002/audits/pr383_30004047/snapshot/unsolved_math_prioritization/attempts/30004047/FINAL_STATE.json
 create mode 100644 draft_pr_descending_audit_20261002/audits/pr383_30004047/snapshot/unsolved_math_prioritization/attempts/30004047/LOG_T2.md
 create mode 100644 draft_pr_descending_audit_20261002/audits/pr383_30004047/snapshot/unsolved_math_prioritization/attempts/30004047/LOG_T3.md
 create mode 100644 draft_pr_descending_audit_20261002/audits/pr383_30004047/snapshot/unsolved_math_prioritization/attempts/30004047/LOG_T4.md
 create mode 100644 draft_pr_descending_audit_20261002/audits/pr383_30004047/snapshot/unsolved_math_prioritization/attempts/30004047/LOG_T5.md
 create mode 100644 draft_pr_descending_audit_20261002/audits/pr383_30004047/snapshot/unsolved_math_prioritization/attempts/30004047/PUBLICATION_MANIFEST.json
 create mode 100644 draft_pr_descending_audit_20261002/audits/pr383_30004047/snapshot/unsolved_math_prioritization/attempts/30004047/PUBLICATION_STATUS.md
 create mode 100644 draft_pr_descending_audit_20261002/audits/pr383_30004047/snapshot/unsolved_math_prioritization/attempts/30004047/REMOTE_SCOPE.md
 create mode 100644 draft_pr_descending_audit_20261002/audits/pr383_30004047/snapshot/unsolved_math_prioritization/attempts/30004047/RESEARCH_LOG.md
 create mode 100644 draft_pr_descending_audit_20261002/audits/pr383_30004047/snapshot/unsolved_math_prioritization/attempts/30004047/RESULT.md
 create mode 100644 draft_pr_descending_audit_20261002/audits/pr383_30004047/snapshot/unsolved_math_prioritization/attempts/30004047/SOURCE_MANIFEST.json
 create mode 100644 draft_pr_descending_audit_20261002/audits/pr383_30004047/snapshot/unsolved_math_prioritization/attempts/30004047/SOURCE_SCOPE.md
 create mode 100644 draft_pr_descending_audit_20261002/audits/pr383_30004047/snapshot/unsolved_math_prioritization/attempts/30004047/STATE.json
 create mode 100644 draft_pr_descending_audit_20261002/audits/pr383_30004047/snapshot/unsolved_math_prioritization/attempts/30004047/STATE_T2.json
 create mode 100644 draft_pr_descending_audit_20261002/audits/pr383_30004047/snapshot/unsolved_math_prioritization/attempts/30004047/STATE_T3.json
 create mode 100644 draft_pr_descending_audit_20261002/audits/pr383_30004047/snapshot/unsolved_math_prioritization/attempts/30004047/STATE_T4.json
 create mode 100644 draft_pr_descending_audit_20261002/audits/pr383_30004047/snapshot/unsolved_math_prioritization/attempts/30004047/STATE_T5.json
 create mode 100644 draft_pr_descending_audit_20261002/audits/pr383_30004047/snapshot/unsolved_math_prioritization/attempts/30004047/TURN_1.md
 create mode 100644 draft_pr_descending_audit_20261002/audits/pr383_30004047/snapshot/unsolved_math_prioritization/attempts/30004047/TURN_1_CHECKS.json
 create mode 100644 draft_pr_descending_audit_20261002/audits/pr383_30004047/snapshot/unsolved_math_prioritization/attempts/30004047/TURN_1_MANIFEST.json
 create mode 100644 draft_pr_descending_audit_20261002/audits/pr383_30004047/snapshot/unsolved_math_prioritization/attempts/30004047/TURN_2.md
 create mode 100644 draft_pr_descending_audit_20261002/audits/pr383_30004047/snapshot/unsolved_math_prioritization/attempts/30004047/TURN_2_CHECKS.json
 create mode 100644 draft_pr_descending_audit_20261002/audits/pr383_30004047/snapshot/unsolved_math_prioritization/attempts/30004047/TURN_2_MANIFEST.json
 create mode 100644 draft_pr_descending_audit_20261002/audits/pr383_30004047/snapshot/unsolved_math_prioritization/attempts/30004047/TURN_3.md
 create mode 100644 draft_pr_descending_audit_20261002/audits/pr383_30004047/snapshot/unsolved_math_prioritization/attempts/30004047/TURN_3_CHECKS.json
 create mode 100644 draft_pr_descending_audit_20261002/audits/pr383_30004047/snapshot/unsolved_math_prioritization/attempts/30004047/TURN_3_MANIFEST.json
 create mode 100644 draft_pr_descending_audit_20261002/audits/pr383_30004047/snapshot/unsolved_math_prioritization/attempts/30004047/TURN_4.md
 create mode 100644 draft_pr_descending_audit_20261002/audits/pr383_30004047/snapshot/unsolved_math_prioritization/attempts/30004047/TURN_4_CHECKS.json
 create mode 100644 draft_pr_descending_audit_20261002/audits/pr383_30004047/snapshot/unsolved_math_prioritization/attempts/30004047/TURN_4_MANIFEST.json
 create mode 100644 draft_pr_descending_audit_20261002/audits/pr383_30004047/snapshot/unsolved_math_prioritization/attempts/30004047/TURN_5.md
 create mode 100644 draft_pr_descending_audit_20261002/audits/pr383_30004047/snapshot/unsolved_math_prioritization/attempts/30004047/TURN_5_CHECKS.json
 create mode 100644 draft_pr_descending_audit_20261002/audits/pr383_30004047/snapshot/unsolved_math_prioritization/attempts/30004047/TURN_5_MANIFEST.json
 create mode 100644 draft_pr_descending_audit_20261002/audits/pr383_30004047/snapshot/unsolved_math_prioritization/attempts/30004047/check_turn_1.py
 create mode 100644 draft_pr_descending_audit_20261002/audits/pr383_30004047/snapshot/unsolved_math_prioritization/attempts/30004047/check_turn_2.py
 create mode 100644 draft_pr_descending_audit_20261002/audits/pr383_30004047/snapshot/unsolved_math_prioritization/attempts/30004047/check_turn_3.py
 create mode 100644 draft_pr_descending_audit_20261002/audits/pr383_30004047/snapshot/unsolved_math_prioritization/attempts/30004047/check_turn_4.py
 create mode 100644 draft_pr_descending_audit_20261002/audits/pr383_30004047/snapshot/unsolved_math_prioritization/attempts/30004047/check_turn_5.py
 create mode 100644 draft_pr_descending_audit_20261002/audits/pr383_30004047/snapshot/unsolved_math_prioritization/attempts/30004047/review/AUTHOR_REPLAY.json
 create mode 100644 draft_pr_descending_audit_20261002/audits/pr383_30004047/snapshot/unsolved_math_prioritization/attempts/30004047/review/INDEPENDENT_CHECKS.json
 create mode 100644 draft_pr_descending_audit_20261002/audits/pr383_30004047/snapshot/unsolved_math_prioritization/attempts/30004047/review/REVIEW.md
 create mode 100644 draft_pr_descending_audit_20261002/audits/pr383_30004047/snapshot/unsolved_math_prioritization/attempts/30004047/review/REVIEW_MANIFEST.json
 create mode 100644 draft_pr_descending_audit_20261002/audits/pr383_30004047/snapshot/unsolved_math_prioritization/attempts/30004047/review/independent_check.py
 create mode 100644 draft_pr_descending_audit_20261002/audits/pr383_30004047/snapshot/unsolved_math_prioritization/attempts/30004047/verify_packet.py
 create mode 100644 draft_pr_descending_audit_20261002/audits/pr383_30004047/snapshot/unsolved_math_prioritization/attempts/30004047/verify_publication.py
 create mode 100644 draft_pr_descending_audit_20261002/audits/pr383_30004047/snapshot_manifest.json
 create mode 100644 draft_pr_descending_audit_20261002/audits/pr384_30004106/ROOT_MATHEMATICAL_RECONSTRUCTION.md
 create mode 100644 draft_pr_descending_audit_20261002/audits/pr384_30004106/banach_sources_review/.gitignore
 create mode 100644 draft_pr_descending_audit_20261002/audits/pr384_30004106/banach_sources_review/INDEPENDENT_RECONSTRUCTION.md
 create mode 100644 draft_pr_descending_audit_20261002/audits/pr384_30004106/banach_sources_review/MANIFEST.json
 create mode 100644 draft_pr_descending_audit_20261002/audits/pr384_30004106/banach_sources_review/README.md
 create mode 100644 draft_pr_descending_audit_20261002/audits/pr384_30004106/banach_sources_review/REPORT.md
 create mode 100644 draft_pr_descending_audit_20261002/audits/pr384_30004106/banach_sources_review/RESEARCH_LOG.md
 create mode 100644 draft_pr_descending_audit_20261002/audits/pr384_30004106/banach_sources_review/coverage.json
 create mode 100644 draft_pr_descending_audit_20261002/audits/pr384_30004106/banach_sources_review/independent_controls.py
 create mode 100644 draft_pr_descending_audit_20261002/audits/pr384_30004106/banach_sources_review/independent_controls_receipt.json
 create mode 100644 draft_pr_descending_audit_20261002/audits/pr384_30004106/banach_sources_review/private_author_replay_receipt.json
 create mode 100644 draft_pr_descending_audit_20261002/audits/pr384_30004106/banach_sources_review/snapshot_checks.json
 create mode 100644 draft_pr_descending_audit_20261002/audits/pr384_30004106/banach_sources_review/source_binding_checks.json
 create mode 100644 draft_pr_descending_audit_20261002/audits/pr384_30004106/banach_sources_review/source_receipts.json
 create mode 100644 draft_pr_descending_audit_20261002/audits/pr384_30004106/induced_modules_review/AUTHOR_REPLAY_BINDING.json
 create mode 100644 draft_pr_descending_audit_20261002/audits/pr384_30004106/induced_modules_review/AUTHOR_TURN5_REPLAY.json
 create mode 100644 draft_pr_descending_audit_20261002/audits/pr384_30004106/induced_modules_review/FROZEN_BINDING_CHECKS.json
 create mode 100644 draft_pr_descending_audit_20261002/audits/pr384_30004106/induced_modules_review/INDEPENDENT_CONTROLS.json
 create mode 100644 draft_pr_descending_audit_20261002/audits/pr384_30004106/induced_modules_review/INDEPENDENT_RECONSTRUCTION.md
 create mode 100644 draft_pr_descending_audit_20261002/audits/pr384_30004106/induced_modules_review/OUTPUT_MANIFEST.json
 create mode 100644 draft_pr_descending_audit_20261002/audits/pr384_30004106/induced_modules_review/REPORT.md
 create mode 100644 draft_pr_descending_audit_20261002/audits/pr384_30004106/induced_modules_review/RESEARCH_LOG.md
 create mode 100644 draft_pr_descending_audit_20261002/audits/pr384_30004106/induced_modules_review/SOURCE_MANIFEST.json
 create mode 100644 draft_pr_descending_audit_20261002/audits/pr384_30004106/induced_modules_review/adversary/BINDING_CHECKS.json
 create mode 100644 draft_pr_descending_audit_20261002/audits/pr384_30004106/induced_modules_review/adversary/FULL_SPLIT_CONTROLS.json
 create mode 100644 draft_pr_descending_audit_20261002/audits/pr384_30004106/induced_modules_review/adversary/INDEPENDENT_RECONSTRUCTION.md
 create mode 100644 draft_pr_descending_audit_20261002/audits/pr384_30004106/induced_modules_review/adversary/MANIFEST.json
 create mode 100644 draft_pr_descending_audit_20261002/audits/pr384_30004106/induced_modules_review/adversary/REPORT.md
 create mode 100644 draft_pr_descending_audit_20261002/audits/pr384_30004106/induced_modules_review/adversary/RESEARCH_LOG.md
 create mode 100644 draft_pr_descending_audit_20261002/audits/pr384_30004106/induced_modules_review/adversary/full_split_controls.py
 create mode 100644 draft_pr_descending_audit_20261002/audits/pr384_30004106/induced_modules_review/independent_controls.py
 create mode 100644 draft_pr_descending_audit_20261002/audits/pr384_30004106/induced_modules_review/verify_review.py
 create mode 100644 draft_pr_descending_audit_20261002/audits/pr384_30004106/quaternion_abstract_review/INDEPENDENT_CONTROLS.json
 create mode 100644 draft_pr_descending_audit_20261002/audits/pr384_30004106/quaternion_abstract_review/INPUT_HASH_VERIFICATION.json
 create mode 100644 draft_pr_descending_audit_20261002/audits/pr384_30004106/quaternion_abstract_review/OLD_REPLAY_RECEIPT.json
 create mode 100644 draft_pr_descending_audit_20261002/audits/pr384_30004106/quaternion_abstract_review/OUTPUT_MANIFEST.json
 create mode 100644 draft_pr_descending_audit_20261002/audits/pr384_30004106/quaternion_abstract_review/PRE_REPLAY_PROOF.md
 create mode 100644 draft_pr_descending_audit_20261002/audits/pr384_30004106/quaternion_abstract_review/RESEARCH_LOG.md
 create mode 100644 draft_pr_descending_audit_20261002/audits/pr384_30004106/quaternion_abstract_review/REVIEW.md
 create mode 100644 draft_pr_descending_audit_20261002/audits/pr384_30004106/quaternion_abstract_review/SOURCE_ACQUISITION.json
 create mode 100644 draft_pr_descending_audit_20261002/audits/pr384_30004106/quaternion_abstract_review/VISUAL_SOURCE_CHECKS.json
 create mode 100644 draft_pr_descending_audit_20261002/audits/pr384_30004106/quaternion_abstract_review/independent_controls.py
 create mode 100644 draft_pr_descending_audit_20261002/audits/pr384_30004106/root_banach_controls.stderr
 create mode 100644 draft_pr_descending_audit_20261002/audits/pr384_30004106/root_banach_controls.stdout
 create mode 100644 draft_pr_descending_audit_20261002/audits/pr384_30004106/root_banach_controls_receipt.json
 create mode 100644 draft_pr_descending_audit_20261002/audits/pr384_30004106/root_induced_adversary_controls.stderr
 create mode 100644 draft_pr_descending_audit_20261002/audits/pr384_30004106/root_induced_adversary_controls.stdout
 create mode 100644 draft_pr_descending_audit_20261002/audits/pr384_30004106/root_induced_controls.stderr
 create mode 100644 draft_pr_descending_audit_20261002/audits/pr384_30004106/root_induced_controls.stdout
 create mode 100644 draft_pr_descending_audit_20261002/audits/pr384_30004106/root_induced_controls_receipt.json
 create mode 100644 draft_pr_descending_audit_20261002/audits/pr384_30004106/root_primary_source_receipt.json
 create mode 100644 draft_pr_descending_audit_20261002/audits/pr384_30004106/root_public_replay.stderr
 create mode 100644 draft_pr_descending_audit_20261002/audits/pr384_30004106/root_public_replay.stdout
 create mode 100644 draft_pr_descending_audit_20261002/audits/pr384_30004106/root_public_replay_receipt.json
 create mode 100644 draft_pr_descending_audit_20261002/audits/pr384_30004106/root_quaternion_controls.stderr
 create mode 100644 draft_pr_descending_audit_20261002/audits/pr384_30004106/root_quaternion_controls.stdout
 create mode 100644 draft_pr_descending_audit_20261002/audits/pr384_30004106/root_quaternion_controls_receipt.json
 create mode 100644 draft_pr_descending_audit_20261002/audits/pr385_2518/acceptance_checkpoint_commit.stderr
 create mode 100644 draft_pr_descending_audit_20261002/audits/pr385_2518/acceptance_checkpoint_commit.stdout
 create mode 100644 draft_pr_descending_audit_20261002/audits/pr385_2518/acceptance_checkpoint_push.stderr
 create mode 100644 draft_pr_descending_audit_20261002/audits/pr385_2518/acceptance_checkpoint_push.stdout
 create mode 100644 draft_pr_descending_audit_20261002/audits/pr385_2518/accepted_body_edit.stderr
 create mode 100644 draft_pr_descending_audit_20261002/audits/pr385_2518/accepted_body_edit.stdout
 create mode 100644 draft_pr_descending_audit_20261002/audits/pr385_2518/before_ready.stderr
 create mode 100644 draft_pr_descending_audit_20261002/audits/pr385_2518/before_ready.stdout
 create mode 100644 draft_pr_descending_audit_20261002/audits/pr385_2518/pre_merge_main_fetch.stderr
 create mode 100644 draft_pr_descending_audit_20261002/audits/pr385_2518/pre_merge_main_fetch.stdout
 create mode 100644 draft_pr_descending_audit_20261002/audits/pr385_2518/pre_merge_remote.json
 create mode 100644 draft_pr_descending_audit_20261002/audits/pr385_2518/queue_repair_receipt.json
 create mode 100644 draft_pr_descending_audit_20261002/audits/pr385_2518/ready.stderr
 create mode 100644 draft_pr_descending_audit_20261002/audits/pr385_2518/ready.stdout
 create mode 100644 draft_pr_descending_audit_20261002/audits/pr385_2518/ready_remote.stderr
 create mode 100644 draft_pr_descending_audit_20261002/audits/pr385_2518/ready_remote.stdout
 create mode 100644 draft_pr_descending_audit_20261002/audits/pr385_2518/repair_commit.stderr
 create mode 100644 draft_pr_descending_audit_20261002/audits/pr385_2518/repair_commit.stdout
 create mode 100644 draft_pr_descending_audit_20261002/audits/pr385_2518/repair_main_fetch.stderr
 create mode 100644 draft_pr_descending_audit_20261002/audits/pr385_2518/repair_main_fetch.stdout
 create mode 100644 draft_pr_descending_audit_20261002/audits/pr385_2518/repair_merge_tree.stderr
 create mode 100644 draft_pr_descending_audit_20261002/audits/pr385_2518/repair_merge_tree.stdout
 create mode 100644 draft_pr_descending_audit_20261002/audits/pr385_2518/repair_push.stderr
 create mode 100644 draft_pr_descending_audit_20261002/audits/pr385_2518/repair_push.stdout
 create mode 100644 draft_pr_descending_audit_20261002/audits/pr385_2518/repair_readback.stderr
 create mode 100644 draft_pr_descending_audit_20261002/audits/pr385_2518/repair_readback.stdout
 create mode 100644 draft_pr_descending_audit_20261002/audits/pr385_2518/repair_remote.stderr
 create mode 100644 draft_pr_descending_audit_20261002/audits/pr385_2518/repair_remote.stdout
 create mode 100644 draft_pr_descending_audit_20261002/audits/pr385_2518/repair_restore_draft.stderr
 create mode 100644 draft_pr_descending_audit_20261002/audits/pr385_2518/repair_restore_draft.stdout
 create mode 100644 draft_pr_descending_audit_20261002/audits/pr385_2518/repaired_remote_head.json
 create mode 100644 draft_pr_descending_audit_20261002/audits/pr385_2518/repaired_snapshot/problems/2518_free_pro_p_characteristic_intersections/FINAL_AUTHOR_MANIFEST.json
 create mode 100644 draft_pr_descending_audit_20261002/audits/pr385_2518/repaired_snapshot/problems/2518_free_pro_p_characteristic_intersections/FINAL_REPLAY.json
 create mode 100644 draft_pr_descending_audit_20261002/audits/pr385_2518/repaired_snapshot/problems/2518_free_pro_p_characteristic_intersections/FINAL_RESULT.md
 create mode 100644 draft_pr_descending_audit_20261002/audits/pr385_2518/repaired_snapshot/problems/2518_free_pro_p_characteristic_intersections/FINAL_REVIEW_REQUEST.md
 create mode 100644 draft_pr_descending_audit_20261002/audits/pr385_2518/repaired_snapshot/problems/2518_free_pro_p_characteristic_intersections/PRIOR_GATE.json
 create mode 100644 draft_pr_descending_audit_20261002/audits/pr385_2518/repaired_snapshot/problems/2518_free_pro_p_characteristic_intersections/PUBLICATION_MANIFEST.json
 create mode 100644 draft_pr_descending_audit_20261002/audits/pr385_2518/repaired_snapshot/problems/2518_free_pro_p_characteristic_intersections/REPLAY_ALL.py
 create mode 100644 draft_pr_descending_audit_20261002/audits/pr385_2518/repaired_snapshot/problems/2518_free_pro_p_characteristic_intersections/RESEARCH_LOG.md
 create mode 100644 draft_pr_descending_audit_20261002/audits/pr385_2518/repaired_snapshot/problems/2518_free_pro_p_characteristic_intersections/REVIEWED_STATUS.md
 create mode 100644 draft_pr_descending_audit_20261002/audits/pr385_2518/repaired_snapshot/problems/2518_free_pro_p_characteristic_intersections/SOURCE_GATE.md
 create mode 100644 draft_pr_descending_audit_20261002/audits/pr385_2518/repaired_snapshot/problems/2518_free_pro_p_characteristic_intersections/SOURCE_MANIFEST.json
 create mode 100644 draft_pr_descending_audit_20261002/audits/pr385_2518/repaired_snapshot/problems/2518_free_pro_p_characteristic_intersections/TURN_1.md
 create mode 100644 draft_pr_descending_audit_20261002/audits/pr385_2518/repaired_snapshot/problems/2518_free_pro_p_characteristic_intersections/TURN_1_CHECKS.json
 create mode 100644 draft_pr_descending_audit_20261002/audits/pr385_2518/repaired_snapshot/problems/2518_free_pro_p_characteristic_intersections/TURN_1_MANIFEST.json
 create mode 100644 draft_pr_descending_audit_20261002/audits/pr385_2518/repaired_snapshot/problems/2518_free_pro_p_characteristic_intersections/TURN_1_STATE.json
 create mode 100644 draft_pr_descending_audit_20261002/audits/pr385_2518/repaired_snapshot/problems/2518_free_pro_p_characteristic_intersections/TURN_2.md
 create mode 100644 draft_pr_descending_audit_20261002/audits/pr385_2518/repaired_snapshot/problems/2518_free_pro_p_characteristic_intersections/TURN_2_CHECKS.json
 create mode 100644 draft_pr_descending_audit_20261002/audits/pr385_2518/repaired_snapshot/problems/2518_free_pro_p_characteristic_intersections/TURN_2_MANIFEST.json
 create mode 100644 draft_pr_descending_audit_20261002/audits/pr385_2518/repaired_snapshot/problems/2518_free_pro_p_characteristic_intersections/TURN_2_SOURCES.json
 create mode 100644 draft_pr_descending_audit_20261002/audits/pr385_2518/repaired_snapshot/problems/2518_free_pro_p_characteristic_intersections/TURN_2_STATE.json
 create mode 100644 draft_pr_descending_audit_20261002/audits/pr385_2518/repaired_snapshot/problems/2518_free_pro_p_characteristic_intersections/TURN_3.md
 create mode 100644 draft_pr_descending_audit_20261002/audits/pr385_2518/repaired_snapshot/problems/2518_free_pro_p_characteristic_intersections/TURN_3_CHECKS.json
 create mode 100644 draft_pr_descending_audit_20261002/audits/pr385_2518/repaired_snapshot/problems/2518_free_pro_p_characteristic_intersections/TURN_3_MANIFEST.json
 create mode 100644 draft_pr_descending_audit_20261002/audits/pr385_2518/repaired_snapshot/problems/2518_free_pro_p_characteristic_intersections/TURN_3_STATE.json
 create mode 100644 draft_pr_descending_audit_20261002/audits/pr385_2518/repaired_snapshot/problems/2518_free_pro_p_characteristic_intersections/TURN_4.md
 create mode 100644 draft_pr_descending_audit_20261002/audits/pr385_2518/repaired_snapshot/problems/2518_free_pro_p_characteristic_intersections/TURN_4_CHECKS.json
 create mode 100644 draft_pr_descending_audit_20261002/audits/pr385_2518/repaired_snapshot/problems/2518_free_pro_p_characteristic_intersections/TURN_4_MANIFEST.json
 create mode 100644 draft_pr_descending_audit_20261002/audits/pr385_2518/repaired_snapshot/problems/2518_free_pro_p_characteristic_intersections/TURN_4_SOURCES.json
 create mode 100644 draft_pr_descending_audit_20261002/audits/pr385_2518/repaired_snapshot/problems/2518_free_pro_p_characteristic_intersections/TURN_4_STATE.json
 create mode 100644 draft_pr_descending_audit_20261002/audits/pr385_2518/repaired_snapshot/problems/2518_free_pro_p_characteristic_intersections/TURN_5.md
 create mode 100644 draft_pr_descending_audit_20261002/audits/pr385_2518/repaired_snapshot/problems/2518_free_pro_p_characteristic_intersections/TURN_5_CHECKS.json
 create mode 100644 draft_pr_descending_audit_20261002/audits/pr385_2518/repaired_snapshot/problems/2518_free_pro_p_characteristic_intersections/TURN_5_MANIFEST.json
 create mode 100644 draft_pr_descending_audit_20261002/audits/pr385_2518/repaired_snapshot/problems/2518_free_pro_p_characteristic_intersections/TURN_5_STATE.json
 create mode 100644 draft_pr_descending_audit_20261002/audits/pr385_2518/repaired_snapshot/problems/2518_free_pro_p_characteristic_intersections/independent_review/AUTHOR_REPLAY.json
 create mode 100644 draft_pr_descending_audit_20261002/audits/pr385_2518/repaired_snapshot/problems/2518_free_pro_p_characteristic_intersections/independent_review/INDEPENDENT_CHECKS.json
 create mode 100644 draft_pr_descending_audit_20261002/audits/pr385_2518/repaired_snapshot/problems/2518_free_pro_p_characteristic_intersections/independent_review/REVIEW.md
 create mode 100644 draft_pr_descending_audit_20261002/audits/pr385_2518/repaired_snapshot/problems/2518_free_pro_p_characteristic_intersections/independent_review/REVIEW_MANIFEST.json
 create mode 100644 draft_pr_descending_audit_20261002/audits/pr385_2518/repaired_snapshot/problems/2518_free_pro_p_characteristic_intersections/independent_review/independent_check.py
 create mode 100644 draft_pr_descending_audit_20261002/audits/pr385_2518/repaired_snapshot/problems/2518_free_pro_p_characteristic_intersections/verify_publication.py
 create mode 100644 draft_pr_descending_audit_20261002/audits/pr385_2518/repaired_snapshot/problems/2518_free_pro_p_characteristic_intersections/verify_turn1.py
 create mode 100644 draft_pr_descending_audit_20261002/audits/pr385_2518/repaired_snapshot/problems/2518_free_pro_p_characteristic_intersections/verify_turn2.py
 create mode 100644 draft_pr_descending_audit_20261002/audits/pr385_2518/repaired_snapshot/problems/2518_free_pro_p_characteristic_intersections/verify_turn3.py
 create mode 100644 draft_pr_descending_audit_20261002/audits/pr385_2518/repaired_snapshot/problems/2518_free_pro_p_characteristic_intersections/verify_turn4.py
 create mode 100644 draft_pr_descending_audit_20261002/audits/pr385_2518/repaired_snapshot/problems/2518_free_pro_p_characteristic_intersections/verify_turn5.py
 create mode 100644 draft_pr_descending_audit_20261002/audits/pr385_2518/repaired_snapshot/unsolved_math_prioritization/QUEUE.md
 create mode 100644 draft_pr_descending_audit_20261002/audits/pr385_2518/repaired_snapshot_manifest.json
 create mode 100644 draft_pr_descending_audit_20261002/audits/pr385_2518/virtual_merge.stderr
 create mode 100644 draft_pr_descending_audit_20261002/audits/pr385_2518/virtual_merge.stdout
