[main 8251c6b45] Accept independently verified PR385 repaired-head partial findings
 325 files changed, 43210 insertions(+), 15 deletions(-)
 create mode 100644 draft_pr_descending_audit_20261002/audits/pr382_6600013/README.md
 create mode 100644 draft_pr_descending_audit_20261002/audits/pr382_6600013/original.diff
 create mode 100644 draft_pr_descending_audit_20261002/audits/pr382_6600013/pr_metadata.json
 create mode 100644 draft_pr_descending_audit_20261002/audits/pr382_6600013/snapshot/unsolved_math_prioritization/QUEUE.md
 create mode 100644 draft_pr_descending_audit_20261002/audits/pr382_6600013/snapshot/unsolved_math_prioritization/attempts/6600013/FINAL_FROZEN_MANIFEST.json
 create mode 100644 draft_pr_descending_audit_20261002/audits/pr382_6600013/snapshot/unsolved_math_prioritization/attempts/6600013/FINAL_REVIEW_REQUEST.md
 create mode 100644 draft_pr_descending_audit_20261002/audits/pr382_6600013/snapshot/unsolved_math_prioritization/attempts/6600013/PRIOR_GATE.json
 create mode 100644 draft_pr_descending_audit_20261002/audits/pr382_6600013/snapshot/unsolved_math_prioritization/attempts/6600013/PR_BODY.md
 create mode 100644 draft_pr_descending_audit_20261002/audits/pr382_6600013/snapshot/unsolved_math_prioritization/attempts/6600013/PUBLICATION_MANIFEST.json
 create mode 100644 draft_pr_descending_audit_20261002/audits/pr382_6600013/snapshot/unsolved_math_prioritization/attempts/6600013/READINESS.json
 create mode 100644 draft_pr_descending_audit_20261002/audits/pr382_6600013/snapshot/unsolved_math_prioritization/attempts/6600013/README.md
 create mode 100644 draft_pr_descending_audit_20261002/audits/pr382_6600013/snapshot/unsolved_math_prioritization/attempts/6600013/REPLAY_ALL.py
 create mode 100644 draft_pr_descending_audit_20261002/audits/pr382_6600013/snapshot/unsolved_math_prioritization/attempts/6600013/RESULT.md
 create mode 100644 draft_pr_descending_audit_20261002/audits/pr382_6600013/snapshot/unsolved_math_prioritization/attempts/6600013/SOURCE_MANIFEST.json
 create mode 100644 draft_pr_descending_audit_20261002/audits/pr382_6600013/snapshot/unsolved_math_prioritization/attempts/6600013/SOURCE_NORMALIZATION.md
 create mode 100644 draft_pr_descending_audit_20261002/audits/pr382_6600013/snapshot/unsolved_math_prioritization/attempts/6600013/TURN_1.md
 create mode 100644 draft_pr_descending_audit_20261002/audits/pr382_6600013/snapshot/unsolved_math_prioritization/attempts/6600013/TURN_1_CHECKS.json
 create mode 100644 draft_pr_descending_audit_20261002/audits/pr382_6600013/snapshot/unsolved_math_prioritization/attempts/6600013/TURN_1_LEDGER.jsonl
 create mode 100644 draft_pr_descending_audit_20261002/audits/pr382_6600013/snapshot/unsolved_math_prioritization/attempts/6600013/TURN_1_MANIFEST.json
 create mode 100644 draft_pr_descending_audit_20261002/audits/pr382_6600013/snapshot/unsolved_math_prioritization/attempts/6600013/TURN_1_STATE.json
 create mode 100644 draft_pr_descending_audit_20261002/audits/pr382_6600013/snapshot/unsolved_math_prioritization/attempts/6600013/TURN_2.md
 create mode 100644 draft_pr_descending_audit_20261002/audits/pr382_6600013/snapshot/unsolved_math_prioritization/attempts/6600013/TURN_2_CHECKS.json
 create mode 100644 draft_pr_descending_audit_20261002/audits/pr382_6600013/snapshot/unsolved_math_prioritization/attempts/6600013/TURN_2_LEDGER.jsonl
 create mode 100644 draft_pr_descending_audit_20261002/audits/pr382_6600013/snapshot/unsolved_math_prioritization/attempts/6600013/TURN_2_MANIFEST.json
 create mode 100644 draft_pr_descending_audit_20261002/audits/pr382_6600013/snapshot/unsolved_math_prioritization/attempts/6600013/TURN_2_STATE.json
 create mode 100644 draft_pr_descending_audit_20261002/audits/pr382_6600013/snapshot/unsolved_math_prioritization/attempts/6600013/TURN_3.md
 create mode 100644 draft_pr_descending_audit_20261002/audits/pr382_6600013/snapshot/unsolved_math_prioritization/attempts/6600013/TURN_3_CHECKS.json
 create mode 100644 draft_pr_descending_audit_20261002/audits/pr382_6600013/snapshot/unsolved_math_prioritization/attempts/6600013/TURN_3_LEDGER.jsonl
 create mode 100644 draft_pr_descending_audit_20261002/audits/pr382_6600013/snapshot/unsolved_math_prioritization/attempts/6600013/TURN_3_MANIFEST.json
 create mode 100644 draft_pr_descending_audit_20261002/audits/pr382_6600013/snapshot/unsolved_math_prioritization/attempts/6600013/TURN_3_STATE.json
 create mode 100644 draft_pr_descending_audit_20261002/audits/pr382_6600013/snapshot/unsolved_math_prioritization/attempts/6600013/TURN_4.md
 create mode 100644 draft_pr_descending_audit_20261002/audits/pr382_6600013/snapshot/unsolved_math_prioritization/attempts/6600013/TURN_4_CHECKS.json
 create mode 100644 draft_pr_descending_audit_20261002/audits/pr382_6600013/snapshot/unsolved_math_prioritization/attempts/6600013/TURN_4_LEDGER.jsonl
 create mode 100644 draft_pr_descending_audit_20261002/audits/pr382_6600013/snapshot/unsolved_math_prioritization/attempts/6600013/TURN_4_MANIFEST.json
 create mode 100644 draft_pr_descending_audit_20261002/audits/pr382_6600013/snapshot/unsolved_math_prioritization/attempts/6600013/TURN_4_STATE.json
 create mode 100644 draft_pr_descending_audit_20261002/audits/pr382_6600013/snapshot/unsolved_math_prioritization/attempts/6600013/TURN_5.md
 create mode 100644 draft_pr_descending_audit_20261002/audits/pr382_6600013/snapshot/unsolved_math_prioritization/attempts/6600013/TURN_5_CHECKS.json
 create mode 100644 draft_pr_descending_audit_20261002/audits/pr382_6600013/snapshot/unsolved_math_prioritization/attempts/6600013/TURN_5_LEDGER.jsonl
 create mode 100644 draft_pr_descending_audit_20261002/audits/pr382_6600013/snapshot/unsolved_math_prioritization/attempts/6600013/TURN_5_MANIFEST.json
 create mode 100644 draft_pr_descending_audit_20261002/audits/pr382_6600013/snapshot/unsolved_math_prioritization/attempts/6600013/TURN_5_STATE.json
 create mode 100644 draft_pr_descending_audit_20261002/audits/pr382_6600013/snapshot/unsolved_math_prioritization/attempts/6600013/cochain_images.py
 create mode 100644 draft_pr_descending_audit_20261002/audits/pr382_6600013/snapshot/unsolved_math_prioritization/attempts/6600013/cyclic_cover.py
 create mode 100644 draft_pr_descending_audit_20261002/audits/pr382_6600013/snapshot/unsolved_math_prioritization/attempts/6600013/final_review/ADVERSARIAL_REVIEW.md
 create mode 100644 draft_pr_descending_audit_20261002/audits/pr382_6600013/snapshot/unsolved_math_prioritization/attempts/6600013/final_review/AUTHOR_REPLAY.json
 create mode 100644 draft_pr_descending_audit_20261002/audits/pr382_6600013/snapshot/unsolved_math_prioritization/attempts/6600013/final_review/INDEPENDENT_CHECKS.json
 create mode 100644 draft_pr_descending_audit_20261002/audits/pr382_6600013/snapshot/unsolved_math_prioritization/attempts/6600013/final_review/README.md
 create mode 100644 draft_pr_descending_audit_20261002/audits/pr382_6600013/snapshot/unsolved_math_prioritization/attempts/6600013/final_review/REMOTE_BINDING.json
 create mode 100644 draft_pr_descending_audit_20261002/audits/pr382_6600013/snapshot/unsolved_math_prioritization/attempts/6600013/final_review/REVIEW_MANIFEST.json
 create mode 100644 draft_pr_descending_audit_20261002/audits/pr382_6600013/snapshot/unsolved_math_prioritization/attempts/6600013/final_review/TOPOLOGICAL_CLARIFICATION.md
 create mode 100644 draft_pr_descending_audit_20261002/audits/pr382_6600013/snapshot/unsolved_math_prioritization/attempts/6600013/final_review/independent_checks.py
 create mode 100644 draft_pr_descending_audit_20261002/audits/pr382_6600013/snapshot/unsolved_math_prioritization/attempts/6600013/final_review/verify_review.py
 create mode 100644 draft_pr_descending_audit_20261002/audits/pr382_6600013/snapshot/unsolved_math_prioritization/attempts/6600013/quadratic_rotation.py
 create mode 100644 draft_pr_descending_audit_20261002/audits/pr382_6600013/snapshot/unsolved_math_prioritization/attempts/6600013/rational_linear.py
 create mode 100644 draft_pr_descending_audit_20261002/audits/pr382_6600013/snapshot/unsolved_math_prioritization/attempts/6600013/rectangular_complex.py
 create mode 100644 draft_pr_descending_audit_20261002/audits/pr382_6600013/snapshot/unsolved_math_prioritization/attempts/6600013/thue_morse_language.py
 create mode 100644 draft_pr_descending_audit_20261002/audits/pr382_6600013/snapshot/unsolved_math_prioritization/attempts/6600013/verify_review.py
 create mode 100644 draft_pr_descending_audit_20261002/audits/pr382_6600013/snapshot/unsolved_math_prioritization/attempts/6600013/verify_turn1.py
 create mode 100644 draft_pr_descending_audit_20261002/audits/pr382_6600013/snapshot/unsolved_math_prioritization/attempts/6600013/verify_turn2.py
 create mode 100644 draft_pr_descending_audit_20261002/audits/pr382_6600013/snapshot/unsolved_math_prioritization/attempts/6600013/verify_turn3.py
 create mode 100644 draft_pr_descending_audit_20261002/audits/pr382_6600013/snapshot/unsolved_math_prioritization/attempts/6600013/verify_turn4.py
 create mode 100644 draft_pr_descending_audit_20261002/audits/pr382_6600013/snapshot/unsolved_math_prioritization/attempts/6600013/verify_turn5.py
 create mode 100644 draft_pr_descending_audit_20261002/audits/pr382_6600013/snapshot_manifest.json
 create mode 100644 draft_pr_descending_audit_20261002/audits/pr383_30004047/ROOT_MATHEMATICAL_RECONSTRUCTION.md
 create mode 100644 draft_pr_descending_audit_20261002/audits/pr383_30004047/laminar_uncrossing_review/AUDIT_MANIFEST.json
 create mode 100644 draft_pr_descending_audit_20261002/audits/pr383_30004047/laminar_uncrossing_review/FINAL_REVIEW.md
 create mode 100644 draft_pr_descending_audit_20261002/audits/pr383_30004047/laminar_uncrossing_review/HEAD_BINDING.json
 create mode 100644 draft_pr_descending_audit_20261002/audits/pr383_30004047/laminar_uncrossing_review/INDEPENDENT_CONTROLS.json
 create mode 100644 draft_pr_descending_audit_20261002/audits/pr383_30004047/laminar_uncrossing_review/PRIVATE_B_REPLAY.json
 create mode 100644 draft_pr_descending_audit_20261002/audits/pr383_30004047/laminar_uncrossing_review/RECONSTRUCTION.md
 create mode 100644 draft_pr_descending_audit_20261002/audits/pr383_30004047/laminar_uncrossing_review/RESEARCH_LOG.md
 create mode 100644 draft_pr_descending_audit_20261002/audits/pr383_30004047/laminar_uncrossing_review/SOURCE_EVIDENCE.json
 create mode 100644 draft_pr_descending_audit_20261002/audits/pr383_30004047/laminar_uncrossing_review/independent_controls.py
 create mode 100644 draft_pr_descending_audit_20261002/audits/pr383_30004047/laminar_uncrossing_review/private_B/TURN_3_CHECKS.json
 create mode 100644 draft_pr_descending_audit_20261002/audits/pr383_30004047/laminar_uncrossing_review/private_B/TURN_4_CHECKS.json
 create mode 100644 draft_pr_descending_audit_20261002/audits/pr383_30004047/laminar_uncrossing_review/private_B/TURN_5_CHECKS.json
 create mode 100644 draft_pr_descending_audit_20261002/audits/pr383_30004047/laminar_uncrossing_review/private_B/check_turn_3.py
 create mode 100644 draft_pr_descending_audit_20261002/audits/pr383_30004047/laminar_uncrossing_review/private_B/check_turn_4.py
 create mode 100644 draft_pr_descending_audit_20261002/audits/pr383_30004047/laminar_uncrossing_review/private_B/check_turn_5.py
 create mode 100644 draft_pr_descending_audit_20261002/audits/pr383_30004047/laminar_uncrossing_review/verify_audit.py
 create mode 100644 draft_pr_descending_audit_20261002/audits/pr383_30004047/maximal_types_review/ACTUAL_GRAPH_CHECKS.json
 create mode 100644 draft_pr_descending_audit_20261002/audits/pr383_30004047/maximal_types_review/AUDIT_MANIFEST.json
 create mode 100644 draft_pr_descending_audit_20261002/audits/pr383_30004047/maximal_types_review/AUTHOR_REPLAY.json
 create mode 100644 draft_pr_descending_audit_20261002/audits/pr383_30004047/maximal_types_review/DELETION_BOUNDARY_CHECKS.json
 create mode 100644 draft_pr_descending_audit_20261002/audits/pr383_30004047/maximal_types_review/PRIOR_REVIEW_COMPARISON.md
 create mode 100644 draft_pr_descending_audit_20261002/audits/pr383_30004047/maximal_types_review/PROOF_AUDIT.md
 create mode 100644 draft_pr_descending_audit_20261002/audits/pr383_30004047/maximal_types_review/RANK_WITNESS_CHECKS.json
 create mode 100644 draft_pr_descending_audit_20261002/audits/pr383_30004047/maximal_types_review/REPORT.md
 create mode 100644 draft_pr_descending_audit_20261002/audits/pr383_30004047/maximal_types_review/RESEARCH_LOG.md
 create mode 100644 draft_pr_descending_audit_20261002/audits/pr383_30004047/maximal_types_review/SNAPSHOT_CHECKS.json
 create mode 100644 draft_pr_descending_audit_20261002/audits/pr383_30004047/maximal_types_review/SOURCE_RECONSTRUCTION.md
 create mode 100644 draft_pr_descending_audit_20261002/audits/pr383_30004047/maximal_types_review/TRIPLE_CLIQUE_CHECKS.json
 create mode 100644 draft_pr_descending_audit_20261002/audits/pr383_30004047/maximal_types_review/actual_graph_controls.py
 create mode 100644 draft_pr_descending_audit_20261002/audits/pr383_30004047/maximal_types_review/build_manifest.py
 create mode 100644 draft_pr_descending_audit_20261002/audits/pr383_30004047/maximal_types_review/deletion_boundary_controls.py
 create mode 100644 draft_pr_descending_audit_20261002/audits/pr383_30004047/maximal_types_review/primary_sources/ejc.txt
 create mode 100644 draft_pr_descending_audit_20261002/audits/pr383_30004047/maximal_types_review/primary_sources/ejc_conjecture-21.png
 create mode 100644 draft_pr_descending_audit_20261002/audits/pr383_30004047/maximal_types_review/primary_sources/ejc_definitions-03.png
 create mode 100644 draft_pr_descending_audit_20261002/audits/pr383_30004047/maximal_types_review/primary_sources/ejc_definitions-04.png
 create mode 100644 draft_pr_descending_audit_20261002/audits/pr383_30004047/maximal_types_review/primary_sources/ejc_v29i2p47.pdf
 create mode 100644 draft_pr_descending_audit_20261002/audits/pr383_30004047/maximal_types_review/primary_sources/ems_46780.pdf
 create mode 100644 draft_pr_descending_audit_20261002/audits/pr383_30004047/maximal_types_review/primary_sources/owr-42.png
 create mode 100644 draft_pr_descending_audit_20261002/audits/pr383_30004047/maximal_types_review/primary_sources/owr-43.png
 create mode 100644 draft_pr_descending_audit_20261002/audits/pr383_30004047/maximal_types_review/primary_sources/owr_pages_46_47.txt
 create mode 100644 draft_pr_descending_audit_20261002/audits/pr383_30004047/maximal_types_review/private_B_replay/check_turn_3.py
 create mode 100644 draft_pr_descending_audit_20261002/audits/pr383_30004047/maximal_types_review/private_B_replay/check_turn_4.py
 create mode 100644 draft_pr_descending_audit_20261002/audits/pr383_30004047/maximal_types_review/private_B_replay/check_turn_5.py
 create mode 100644 draft_pr_descending_audit_20261002/audits/pr383_30004047/maximal_types_review/private_B_replay/turn_3.stderr
 create mode 100644 draft_pr_descending_audit_20261002/audits/pr383_30004047/maximal_types_review/private_B_replay/turn_3.stdout
 create mode 100644 draft_pr_descending_audit_20261002/audits/pr383_30004047/maximal_types_review/private_B_replay/turn_4.stderr
 create mode 100644 draft_pr_descending_audit_20261002/audits/pr383_30004047/maximal_types_review/private_B_replay/turn_4.stdout
 create mode 100644 draft_pr_descending_audit_20261002/audits/pr383_30004047/maximal_types_review/private_B_replay/turn_5.stderr
 create mode 100644 draft_pr_descending_audit_20261002/audits/pr383_30004047/maximal_types_review/private_B_replay/turn_5.stdout
 create mode 100644 draft_pr_descending_audit_20261002/audits/pr383_30004047/maximal_types_review/rank_witness_controls.py
 create mode 100644 draft_pr_descending_audit_20261002/audits/pr383_30004047/maximal_types_review/replay_author.py
 create mode 100644 draft_pr_descending_audit_20261002/audits/pr383_30004047/maximal_types_review/triple_clique_controls.py
 create mode 100644 draft_pr_descending_audit_20261002/audits/pr383_30004047/maximal_types_review/verify_snapshot.py
 create mode 100644 draft_pr_descending_audit_20261002/audits/pr383_30004047/root_public_replay.stderr
 create mode 100644 draft_pr_descending_audit_20261002/audits/pr383_30004047/root_public_replay.stdout
 create mode 100644 draft_pr_descending_audit_20261002/audits/pr383_30004047/root_public_replay_receipt.json
 create mode 100644 draft_pr_descending_audit_20261002/audits/pr383_30004047/sources_lp_review/NEW_CONTROLS.json
 create mode 100644 draft_pr_descending_audit_20261002/audits/pr383_30004047/sources_lp_review/OUTPUT_MANIFEST.json
 create mode 100644 draft_pr_descending_audit_20261002/audits/pr383_30004047/sources_lp_review/OUTPUT_MANIFEST_VERIFY.json
 create mode 100644 draft_pr_descending_audit_20261002/audits/pr383_30004047/sources_lp_review/PRIVATE_REPLAY.json
 create mode 100644 draft_pr_descending_audit_20261002/audits/pr383_30004047/sources_lp_review/PRIVATE_TURN_1.stderr
 create mode 100644 draft_pr_descending_audit_20261002/audits/pr383_30004047/sources_lp_review/PRIVATE_TURN_1.stdout
 create mode 100644 draft_pr_descending_audit_20261002/audits/pr383_30004047/sources_lp_review/PRIVATE_TURN_2.stderr
 create mode 100644 draft_pr_descending_audit_20261002/audits/pr383_30004047/sources_lp_review/PRIVATE_TURN_2.stdout
 create mode 100644 draft_pr_descending_audit_20261002/audits/pr383_30004047/sources_lp_review/PRIVATE_TURN_3.stderr
 create mode 100644 draft_pr_descending_audit_20261002/audits/pr383_30004047/sources_lp_review/PRIVATE_TURN_3.stdout
 create mode 100644 draft_pr_descending_audit_20261002/audits/pr383_30004047/sources_lp_review/PRIVATE_TURN_4.stderr
 create mode 100644 draft_pr_descending_audit_20261002/audits/pr383_30004047/sources_lp_review/PRIVATE_TURN_4.stdout
 create mode 100644 draft_pr_descending_audit_20261002/audits/pr383_30004047/sources_lp_review/PRIVATE_TURN_5.stderr
 create mode 100644 draft_pr_descending_audit_20261002/audits/pr383_30004047/sources_lp_review/PRIVATE_TURN_5.stdout
 create mode 100644 draft_pr_descending_audit_20261002/audits/pr383_30004047/sources_lp_review/PRIVATE_VERIFY_PACKET.stderr
 create mode 100644 draft_pr_descending_audit_20261002/audits/pr383_30004047/sources_lp_review/PRIVATE_VERIFY_PACKET.stdout
 create mode 100644 draft_pr_descending_audit_20261002/audits/pr383_30004047/sources_lp_review/RESEARCH_LOG.md
 create mode 100644 draft_pr_descending_audit_20261002/audits/pr383_30004047/sources_lp_review/REVIEW.md
 create mode 100644 draft_pr_descending_audit_20261002/audits/pr383_30004047/sources_lp_review/SOURCE_RECONSTRUCTION.md
 create mode 100644 draft_pr_descending_audit_20261002/audits/pr383_30004047/sources_lp_review/bound_source_names/Concatenating_published_2022.pdf
 create mode 100644 draft_pr_descending_audit_20261002/audits/pr383_30004047/sources_lp_review/bound_source_names/OWR_2019_1.pdf
 create mode 100644 draft_pr_descending_audit_20261002/audits/pr383_30004047/sources_lp_review/new_controls.py
 create mode 100644 draft_pr_descending_audit_20261002/audits/pr383_30004047/sources_lp_review/primary_sources/ejc_v29i2p47.pdf
 create mode 100644 draft_pr_descending_audit_20261002/audits/pr383_30004047/sources_lp_review/primary_sources/ejc_v29i2p47.txt
 create mode 100644 draft_pr_descending_audit_20261002/audits/pr383_30004047/sources_lp_review/primary_sources/ems_46780.pdf
 create mode 100644 draft_pr_descending_audit_20261002/audits/pr383_30004047/sources_lp_review/primary_sources/owr_contribution.txt
 create mode 100644 draft_pr_descending_audit_20261002/audits/pr383_30004047/sources_lp_review/private_B/unsolved_math_prioritization/QUEUE.md
 create mode 100644 draft_pr_descending_audit_20261002/audits/pr383_30004047/sources_lp_review/private_B/unsolved_math_prioritization/attempts/30004047/CURRENT_STATE.json
 create mode 100644 draft_pr_descending_audit_20261002/audits/pr383_30004047/sources_lp_review/private_B/unsolved_math_prioritization/attempts/30004047/FINAL_AUTHOR_MANIFEST.json
 create mode 100644 draft_pr_descending_audit_20261002/audits/pr383_30004047/sources_lp_review/private_B/unsolved_math_prioritization/attempts/30004047/FINAL_REPLAY.json
 create mode 100644 draft_pr_descending_audit_20261002/audits/pr383_30004047/sources_lp_review/private_B/unsolved_math_prioritization/attempts/30004047/FINAL_REVIEW_REQUEST.md
 create mode 100644 draft_pr_descending_audit_20261002/audits/pr383_30004047/sources_lp_review/private_B/unsolved_math_prioritization/attempts/30004047/FINAL_STATE.json
 create mode 100644 draft_pr_descending_audit_20261002/audits/pr383_30004047/sources_lp_review/private_B/unsolved_math_prioritization/attempts/30004047/LOG_T2.md
 create mode 100644 draft_pr_descending_audit_20261002/audits/pr383_30004047/sources_lp_review/private_B/unsolved_math_prioritization/attempts/30004047/LOG_T3.md
 create mode 100644 draft_pr_descending_audit_20261002/audits/pr383_30004047/sources_lp_review/private_B/unsolved_math_prioritization/attempts/30004047/LOG_T4.md
 create mode 100644 draft_pr_descending_audit_20261002/audits/pr383_30004047/sources_lp_review/private_B/unsolved_math_prioritization/attempts/30004047/LOG_T5.md
 create mode 100644 draft_pr_descending_audit_20261002/audits/pr383_30004047/sources_lp_review/private_B/unsolved_math_prioritization/attempts/30004047/PUBLICATION_MANIFEST.json
 create mode 100644 draft_pr_descending_audit_20261002/audits/pr383_30004047/sources_lp_review/private_B/unsolved_math_prioritization/attempts/30004047/PUBLICATION_STATUS.md
 create mode 100644 draft_pr_descending_audit_20261002/audits/pr383_30004047/sources_lp_review/private_B/unsolved_math_prioritization/attempts/30004047/REMOTE_SCOPE.md
 create mode 100644 draft_pr_descending_audit_20261002/audits/pr383_30004047/sources_lp_review/private_B/unsolved_math_prioritization/attempts/30004047/RESEARCH_LOG.md
 create mode 100644 draft_pr_descending_audit_20261002/audits/pr383_30004047/sources_lp_review/private_B/unsolved_math_prioritization/attempts/30004047/RESULT.md
 create mode 100644 draft_pr_descending_audit_20261002/audits/pr383_30004047/sources_lp_review/private_B/unsolved_math_prioritization/attempts/30004047/SOURCE_MANIFEST.json
 create mode 100644 draft_pr_descending_audit_20261002/audits/pr383_30004047/sources_lp_review/private_B/unsolved_math_prioritization/attempts/30004047/SOURCE_SCOPE.md
 create mode 100644 draft_pr_descending_audit_20261002/audits/pr383_30004047/sources_lp_review/private_B/unsolved_math_prioritization/attempts/30004047/STATE.json
 create mode 100644 draft_pr_descending_audit_20261002/audits/pr383_30004047/sources_lp_review/private_B/unsolved_math_prioritization/attempts/30004047/STATE_T2.json
 create mode 100644 draft_pr_descending_audit_20261002/audits/pr383_30004047/sources_lp_review/private_B/unsolved_math_prioritization/attempts/30004047/STATE_T3.json
 create mode 100644 draft_pr_descending_audit_20261002/audits/pr383_30004047/sources_lp_review/private_B/unsolved_math_prioritization/attempts/30004047/STATE_T4.json
 create mode 100644 draft_pr_descending_audit_20261002/audits/pr383_30004047/sources_lp_review/private_B/unsolved_math_prioritization/attempts/30004047/STATE_T5.json
 create mode 100644 draft_pr_descending_audit_20261002/audits/pr383_30004047/sources_lp_review/private_B/unsolved_math_prioritization/attempts/30004047/TURN_1.md
 create mode 100644 draft_pr_descending_audit_20261002/audits/pr383_30004047/sources_lp_review/private_B/unsolved_math_prioritization/attempts/30004047/TURN_1_CHECKS.json
 create mode 100644 draft_pr_descending_audit_20261002/audits/pr383_30004047/sources_lp_review/private_B/unsolved_math_prioritization/attempts/30004047/TURN_1_MANIFEST.json
 create mode 100644 draft_pr_descending_audit_20261002/audits/pr383_30004047/sources_lp_review/private_B/unsolved_math_prioritization/attempts/30004047/TURN_2.md
 create mode 100644 draft_pr_descending_audit_20261002/audits/pr383_30004047/sources_lp_review/private_B/unsolved_math_prioritization/attempts/30004047/TURN_2_CHECKS.json
 create mode 100644 draft_pr_descending_audit_20261002/audits/pr383_30004047/sources_lp_review/private_B/unsolved_math_prioritization/attempts/30004047/TURN_2_MANIFEST.json
 create mode 100644 draft_pr_descending_audit_20261002/audits/pr383_30004047/sources_lp_review/private_B/unsolved_math_prioritization/attempts/30004047/TURN_3.md
 create mode 100644 draft_pr_descending_audit_20261002/audits/pr383_30004047/sources_lp_review/private_B/unsolved_math_prioritization/attempts/30004047/TURN_3_CHECKS.json
 create mode 100644 draft_pr_descending_audit_20261002/audits/pr383_30004047/sources_lp_review/private_B/unsolved_math_prioritization/attempts/30004047/TURN_3_MANIFEST.json
 create mode 100644 draft_pr_descending_audit_20261002/audits/pr383_30004047/sources_lp_review/private_B/unsolved_math_prioritization/attempts/30004047/TURN_4.md
 create mode 100644 draft_pr_descending_audit_20261002/audits/pr383_30004047/sources_lp_review/private_B/unsolved_math_prioritization/attempts/30004047/TURN_4_CHECKS.json
 create mode 100644 draft_pr_descending_audit_20261002/audits/pr383_30004047/sources_lp_review/private_B/unsolved_math_prioritization/attempts/30004047/TURN_4_MANIFEST.json
 create mode 100644 draft_pr_descending_audit_20261002/audits/pr383_30004047/sources_lp_review/private_B/unsolved_math_prioritization/attempts/30004047/TURN_5.md
 create mode 100644 draft_pr_descending_audit_20261002/audits/pr383_30004047/sources_lp_review/private_B/unsolved_math_prioritization/attempts/30004047/TURN_5_CHECKS.json
 create mode 100644 draft_pr_descending_audit_20261002/audits/pr383_30004047/sources_lp_review/private_B/unsolved_math_prioritization/attempts/30004047/TURN_5_MANIFEST.json
 create mode 100644 draft_pr_descending_audit_20261002/audits/pr383_30004047/sources_lp_review/private_B/unsolved_math_prioritization/attempts/30004047/check_turn_1.py
 create mode 100644 draft_pr_descending_audit_20261002/audits/pr383_30004047/sources_lp_review/private_B/unsolved_math_prioritization/attempts/30004047/check_turn_2.py
 create mode 100644 draft_pr_descending_audit_20261002/audits/pr383_30004047/sources_lp_review/private_B/unsolved_math_prioritization/attempts/30004047/check_turn_3.py
 create mode 100644 draft_pr_descending_audit_20261002/audits/pr383_30004047/sources_lp_review/private_B/unsolved_math_prioritization/attempts/30004047/check_turn_4.py
 create mode 100644 draft_pr_descending_audit_20261002/audits/pr383_30004047/sources_lp_review/private_B/unsolved_math_prioritization/attempts/30004047/check_turn_5.py
 create mode 100644 draft_pr_descending_audit_20261002/audits/pr383_30004047/sources_lp_review/private_B/unsolved_math_prioritization/attempts/30004047/review/AUTHOR_REPLAY.json
 create mode 100644 draft_pr_descending_audit_20261002/audits/pr383_30004047/sources_lp_review/private_B/unsolved_math_prioritization/attempts/30004047/review/INDEPENDENT_CHECKS.json
 create mode 100644 draft_pr_descending_audit_20261002/audits/pr383_30004047/sources_lp_review/private_B/unsolved_math_prioritization/attempts/30004047/review/REVIEW.md
 create mode 100644 draft_pr_descending_audit_20261002/audits/pr383_30004047/sources_lp_review/private_B/unsolved_math_prioritization/attempts/30004047/review/REVIEW_MANIFEST.json
 create mode 100644 draft_pr_descending_audit_20261002/audits/pr383_30004047/sources_lp_review/private_B/unsolved_math_prioritization/attempts/30004047/review/independent_check.py
 create mode 100644 draft_pr_descending_audit_20261002/audits/pr383_30004047/sources_lp_review/private_B/unsolved_math_prioritization/attempts/30004047/verify_packet.py
 create mode 100644 draft_pr_descending_audit_20261002/audits/pr383_30004047/sources_lp_review/private_B/unsolved_math_prioritization/attempts/30004047/verify_publication.py
 create mode 100644 draft_pr_descending_audit_20261002/audits/pr383_30004047/sources_lp_review/private_replay.py
 create mode 100644 draft_pr_descending_audit_20261002/audits/pr383_30004047/sources_lp_review/seal_output.py
 create mode 100644 draft_pr_descending_audit_20261002/audits/pr384_30004106/final_adversary/.gitignore
 create mode 100644 draft_pr_descending_audit_20261002/audits/pr384_30004106/final_adversary/BS1_ORIGINAL_RETRIEVAL.json
 create mode 100644 draft_pr_descending_audit_20261002/audits/pr384_30004106/final_adversary/BS1_RETRIEVAL.json
 create mode 100644 draft_pr_descending_audit_20261002/audits/pr384_30004106/final_adversary/COMPARISON_AND_LINEAGE.json
 create mode 100644 draft_pr_descending_audit_20261002/audits/pr384_30004106/final_adversary/INPUT_BINDINGS.json
 create mode 100644 draft_pr_descending_audit_20261002/audits/pr384_30004106/final_adversary/NEW_CONTROLS.json
 create mode 100644 draft_pr_descending_audit_20261002/audits/pr384_30004106/final_adversary/OUTPUT_MANIFEST.json
 create mode 100644 draft_pr_descending_audit_20261002/audits/pr384_30004106/final_adversary/PROOF_RECONSTRUCTION_BEFORE_COMPARISON.md
 create mode 100644 draft_pr_descending_audit_20261002/audits/pr384_30004106/final_adversary/QUEUE_THREE_WAY.json
 create mode 100644 draft_pr_descending_audit_20261002/audits/pr384_30004106/final_adversary/QUEUE_THREE_WAY_INITIAL.json
 create mode 100644 draft_pr_descending_audit_20261002/audits/pr384_30004106/final_adversary/REPLAY_AND_NESTED_BINDINGS.json
 create mode 100644 draft_pr_descending_audit_20261002/audits/pr384_30004106/final_adversary/REPORT.md
 create mode 100644 draft_pr_descending_audit_20261002/audits/pr384_30004106/final_adversary/RESEARCH_LOG.md
 create mode 100644 draft_pr_descending_audit_20261002/audits/pr384_30004106/final_adversary/SOURCE_FIRST_RECONSTRUCTION.md
 create mode 100644 draft_pr_descending_audit_20261002/audits/pr384_30004106/final_adversary/SOURCE_RETRIEVAL.json
 create mode 100644 draft_pr_descending_audit_20261002/audits/pr384_30004106/final_adversary/STATE_PRESERVATION.json
 create mode 100644 draft_pr_descending_audit_20261002/audits/pr384_30004106/final_adversary/VERDICT.json
 create mode 100644 draft_pr_descending_audit_20261002/audits/pr384_30004106/final_adversary/VISUAL_SOURCE_CHECKS.json
 create mode 100644 draft_pr_descending_audit_20261002/audits/pr384_30004106/final_adversary/check_bindings_and_replay.py
 create mode 100644 draft_pr_descending_audit_20261002/audits/pr384_30004106/final_adversary/independent_check.stderr
 create mode 100644 draft_pr_descending_audit_20261002/audits/pr384_30004106/final_adversary/independent_check.stdout
 create mode 100644 draft_pr_descending_audit_20261002/audits/pr384_30004106/final_adversary/new_controls.py
 create mode 100644 draft_pr_descending_audit_20261002/audits/pr384_30004106/final_adversary/queue_head_vs_base.diff
 create mode 100644 draft_pr_descending_audit_20261002/audits/pr384_30004106/final_adversary/replay_author.stderr
 create mode 100644 draft_pr_descending_audit_20261002/audits/pr384_30004106/final_adversary/replay_author.stdout
 create mode 100644 draft_pr_descending_audit_20261002/audits/pr384_30004106/final_adversary/turn1.stderr
 create mode 100644 draft_pr_descending_audit_20261002/audits/pr384_30004106/final_adversary/turn1.stdout
 create mode 100644 draft_pr_descending_audit_20261002/audits/pr384_30004106/final_adversary/turn2.stderr
 create mode 100644 draft_pr_descending_audit_20261002/audits/pr384_30004106/final_adversary/turn2.stdout
 create mode 100644 draft_pr_descending_audit_20261002/audits/pr384_30004106/final_adversary/turn3.stderr
 create mode 100644 draft_pr_descending_audit_20261002/audits/pr384_30004106/final_adversary/turn3.stdout
 create mode 100644 draft_pr_descending_audit_20261002/audits/pr384_30004106/final_adversary/turn4.stderr
 create mode 100644 draft_pr_descending_audit_20261002/audits/pr384_30004106/final_adversary/turn4.stdout
 create mode 100644 draft_pr_descending_audit_20261002/audits/pr384_30004106/final_adversary/turn5.stderr
 create mode 100644 draft_pr_descending_audit_20261002/audits/pr384_30004106/final_adversary/turn5.stdout
 create mode 100644 draft_pr_descending_audit_20261002/audits/pr384_30004106/final_adversary/verify_publication.stderr
 create mode 100644 draft_pr_descending_audit_20261002/audits/pr384_30004106/final_adversary/verify_publication.stdout
 create mode 100644 draft_pr_descending_audit_20261002/audits/pr385_2518/queue_repair_checkpoint_commit.stderr
 create mode 100644 draft_pr_descending_audit_20261002/audits/pr385_2518/queue_repair_checkpoint_commit.stdout
 create mode 100644 draft_pr_descending_audit_20261002/audits/pr385_2518/queue_repair_checkpoint_push.stderr
 create mode 100644 draft_pr_descending_audit_20261002/audits/pr385_2518/queue_repair_checkpoint_push.stdout
 create mode 100644 draft_pr_descending_audit_20261002/audits/pr385_2518/repaired_final_adversary/AUDIT_MANIFEST.json
 create mode 100644 draft_pr_descending_audit_20261002/audits/pr385_2518/repaired_final_adversary/INPUT_BINDINGS.json
 create mode 100644 draft_pr_descending_audit_20261002/audits/pr385_2518/repaired_final_adversary/NEW_CONTROL_RECEIPT.json
 create mode 100644 draft_pr_descending_audit_20261002/audits/pr385_2518/repaired_final_adversary/REPLAY_ALL.stderr
 create mode 100644 draft_pr_descending_audit_20261002/audits/pr385_2518/repaired_final_adversary/REPLAY_ALL.stdout
 create mode 100644 draft_pr_descending_audit_20261002/audits/pr385_2518/repaired_final_adversary/REPLAY_RECEIPTS.json
 create mode 100644 draft_pr_descending_audit_20261002/audits/pr385_2518/repaired_final_adversary/REPORT.md
 create mode 100644 draft_pr_descending_audit_20261002/audits/pr385_2518/repaired_final_adversary/RESEARCH_LOG.md
 create mode 100644 draft_pr_descending_audit_20261002/audits/pr385_2518/repaired_final_adversary/SOURCE_RECONSTRUCTION.md
 create mode 100644 draft_pr_descending_audit_20261002/audits/pr385_2518/repaired_final_adversary/VERDICT.json
 create mode 100644 draft_pr_descending_audit_20261002/audits/pr385_2518/repaired_final_adversary/bindings.stderr
 create mode 100644 draft_pr_descending_audit_20261002/audits/pr385_2518/repaired_final_adversary/bindings.stdout.json
 create mode 100644 draft_pr_descending_audit_20261002/audits/pr385_2518/repaired_final_adversary/independent_check.stderr
 create mode 100644 draft_pr_descending_audit_20261002/audits/pr385_2518/repaired_final_adversary/independent_check.stdout
 create mode 100644 draft_pr_descending_audit_20261002/audits/pr385_2518/repaired_final_adversary/new_controls.py
 create mode 100644 draft_pr_descending_audit_20261002/audits/pr385_2518/repaired_final_adversary/new_controls.stderr
 create mode 100644 draft_pr_descending_audit_20261002/audits/pr385_2518/repaired_final_adversary/new_controls.stdout.json
 create mode 100644 draft_pr_descending_audit_20261002/audits/pr385_2518/repaired_final_adversary/private_package/FINAL_AUTHOR_MANIFEST.json
 create mode 100644 draft_pr_descending_audit_20261002/audits/pr385_2518/repaired_final_adversary/private_package/FINAL_REPLAY.json
 create mode 100644 draft_pr_descending_audit_20261002/audits/pr385_2518/repaired_final_adversary/private_package/FINAL_RESULT.md
 create mode 100644 draft_pr_descending_audit_20261002/audits/pr385_2518/repaired_final_adversary/private_package/FINAL_REVIEW_REQUEST.md
 create mode 100644 draft_pr_descending_audit_20261002/audits/pr385_2518/repaired_final_adversary/private_package/PRIOR_GATE.json
 create mode 100644 draft_pr_descending_audit_20261002/audits/pr385_2518/repaired_final_adversary/private_package/PUBLICATION_MANIFEST.json
 create mode 100644 draft_pr_descending_audit_20261002/audits/pr385_2518/repaired_final_adversary/private_package/REPLAY_ALL.py
 create mode 100644 draft_pr_descending_audit_20261002/audits/pr385_2518/repaired_final_adversary/private_package/RESEARCH_LOG.md
 create mode 100644 draft_pr_descending_audit_20261002/audits/pr385_2518/repaired_final_adversary/private_package/REVIEWED_STATUS.md
 create mode 100644 draft_pr_descending_audit_20261002/audits/pr385_2518/repaired_final_adversary/private_package/SOURCE_GATE.md
 create mode 100644 draft_pr_descending_audit_20261002/audits/pr385_2518/repaired_final_adversary/private_package/SOURCE_MANIFEST.json
 create mode 100644 draft_pr_descending_audit_20261002/audits/pr385_2518/repaired_final_adversary/private_package/TURN_1.md
 create mode 100644 draft_pr_descending_audit_20261002/audits/pr385_2518/repaired_final_adversary/private_package/TURN_1_CHECKS.json
 create mode 100644 draft_pr_descending_audit_20261002/audits/pr385_2518/repaired_final_adversary/private_package/TURN_1_MANIFEST.json
 create mode 100644 draft_pr_descending_audit_20261002/audits/pr385_2518/repaired_final_adversary/private_package/TURN_1_STATE.json
 create mode 100644 draft_pr_descending_audit_20261002/audits/pr385_2518/repaired_final_adversary/private_package/TURN_2.md
 create mode 100644 draft_pr_descending_audit_20261002/audits/pr385_2518/repaired_final_adversary/private_package/TURN_2_CHECKS.json
 create mode 100644 draft_pr_descending_audit_20261002/audits/pr385_2518/repaired_final_adversary/private_package/TURN_2_MANIFEST.json
 create mode 100644 draft_pr_descending_audit_20261002/audits/pr385_2518/repaired_final_adversary/private_package/TURN_2_SOURCES.json
 create mode 100644 draft_pr_descending_audit_20261002/audits/pr385_2518/repaired_final_adversary/private_package/TURN_2_STATE.json
 create mode 100644 draft_pr_descending_audit_20261002/audits/pr385_2518/repaired_final_adversary/private_package/TURN_3.md
 create mode 100644 draft_pr_descending_audit_20261002/audits/pr385_2518/repaired_final_adversary/private_package/TURN_3_CHECKS.json
 create mode 100644 draft_pr_descending_audit_20261002/audits/pr385_2518/repaired_final_adversary/private_package/TURN_3_MANIFEST.json
 create mode 100644 draft_pr_descending_audit_20261002/audits/pr385_2518/repaired_final_adversary/private_package/TURN_3_STATE.json
 create mode 100644 draft_pr_descending_audit_20261002/audits/pr385_2518/repaired_final_adversary/private_package/TURN_4.md
 create mode 100644 draft_pr_descending_audit_20261002/audits/pr385_2518/repaired_final_adversary/private_package/TURN_4_CHECKS.json
 create mode 100644 draft_pr_descending_audit_20261002/audits/pr385_2518/repaired_final_adversary/private_package/TURN_4_MANIFEST.json
 create mode 100644 draft_pr_descending_audit_20261002/audits/pr385_2518/repaired_final_adversary/private_package/TURN_4_SOURCES.json
 create mode 100644 draft_pr_descending_audit_20261002/audits/pr385_2518/repaired_final_adversary/private_package/TURN_4_STATE.json
 create mode 100644 draft_pr_descending_audit_20261002/audits/pr385_2518/repaired_final_adversary/private_package/TURN_5.md
 create mode 100644 draft_pr_descending_audit_20261002/audits/pr385_2518/repaired_final_adversary/private_package/TURN_5_CHECKS.json
 create mode 100644 draft_pr_descending_audit_20261002/audits/pr385_2518/repaired_final_adversary/private_package/TURN_5_MANIFEST.json
 create mode 100644 draft_pr_descending_audit_20261002/audits/pr385_2518/repaired_final_adversary/private_package/TURN_5_STATE.json
 create mode 100644 draft_pr_descending_audit_20261002/audits/pr385_2518/repaired_final_adversary/private_package/independent_review/AUTHOR_REPLAY.json
 create mode 100644 draft_pr_descending_audit_20261002/audits/pr385_2518/repaired_final_adversary/private_package/independent_review/INDEPENDENT_CHECKS.json
 create mode 100644 draft_pr_descending_audit_20261002/audits/pr385_2518/repaired_final_adversary/private_package/independent_review/REVIEW.md
 create mode 100644 draft_pr_descending_audit_20261002/audits/pr385_2518/repaired_final_adversary/private_package/independent_review/REVIEW_MANIFEST.json
 create mode 100644 draft_pr_descending_audit_20261002/audits/pr385_2518/repaired_final_adversary/private_package/independent_review/independent_check.py
 create mode 100644 draft_pr_descending_audit_20261002/audits/pr385_2518/repaired_final_adversary/private_package/verify_publication.py
 create mode 100644 draft_pr_descending_audit_20261002/audits/pr385_2518/repaired_final_adversary/private_package/verify_turn1.py
 create mode 100644 draft_pr_descending_audit_20261002/audits/pr385_2518/repaired_final_adversary/private_package/verify_turn2.py
 create mode 100644 draft_pr_descending_audit_20261002/audits/pr385_2518/repaired_final_adversary/private_package/verify_turn3.py
 create mode 100644 draft_pr_descending_audit_20261002/audits/pr385_2518/repaired_final_adversary/private_package/verify_turn4.py
 create mode 100644 draft_pr_descending_audit_20261002/audits/pr385_2518/repaired_final_adversary/private_package/verify_turn5.py
 create mode 100644 draft_pr_descending_audit_20261002/audits/pr385_2518/repaired_final_adversary/private_replay.py
 create mode 100644 draft_pr_descending_audit_20261002/audits/pr385_2518/repaired_final_adversary/queue_exact.diff
 create mode 100644 draft_pr_descending_audit_20261002/audits/pr385_2518/repaired_final_adversary/replay.stderr
 create mode 100644 draft_pr_descending_audit_20261002/audits/pr385_2518/repaired_final_adversary/replay.stdout.json
 create mode 100644 draft_pr_descending_audit_20261002/audits/pr385_2518/repaired_final_adversary/verify_bindings.py
 create mode 100644 draft_pr_descending_audit_20261002/audits/pr385_2518/repaired_final_adversary/verify_publication.stderr
 create mode 100644 draft_pr_descending_audit_20261002/audits/pr385_2518/repaired_final_adversary/verify_publication.stdout
 create mode 100644 draft_pr_descending_audit_20261002/audits/pr385_2518/repaired_final_adversary/verify_turn1.stderr
 create mode 100644 draft_pr_descending_audit_20261002/audits/pr385_2518/repaired_final_adversary/verify_turn1.stdout
 create mode 100644 draft_pr_descending_audit_20261002/audits/pr385_2518/repaired_final_adversary/verify_turn2.stderr
 create mode 100644 draft_pr_descending_audit_20261002/audits/pr385_2518/repaired_final_adversary/verify_turn2.stdout
 create mode 100644 draft_pr_descending_audit_20261002/audits/pr385_2518/repaired_final_adversary/verify_turn3.stderr
 create mode 100644 draft_pr_descending_audit_20261002/audits/pr385_2518/repaired_final_adversary/verify_turn3.stdout
 create mode 100644 draft_pr_descending_audit_20261002/audits/pr385_2518/repaired_final_adversary/verify_turn4.stderr
 create mode 100644 draft_pr_descending_audit_20261002/audits/pr385_2518/repaired_final_adversary/verify_turn4.stdout
 create mode 100644 draft_pr_descending_audit_20261002/audits/pr385_2518/repaired_final_adversary/verify_turn5.stderr
 create mode 100644 draft_pr_descending_audit_20261002/audits/pr385_2518/repaired_final_adversary/verify_turn5.stdout
 create mode 100644 draft_pr_descending_audit_20261002/audits/pr385_2518/root_repaired_final_controls.stderr
 create mode 100644 draft_pr_descending_audit_20261002/audits/pr385_2518/root_repaired_final_controls.stdout
 create mode 100644 draft_pr_descending_audit_20261002/audits/pr385_2518/root_repaired_final_controls_receipt.json
