{
  "assertions": 10071,
  "center_boundary_cases": [
    {
      "e": 3,
      "finite_center_order": 8,
      "image_of_padic_center_order": 2,
      "p": 2,
      "s": 1,
      "subgroup_order": 32
    },
    {
      "e": 4,
      "finite_center_order": 16,
      "image_of_padic_center_order": 4,
      "p": 2,
      "s": 1,
      "subgroup_order": 256
    },
    {
      "e": 3,
      "finite_center_order": 27,
      "image_of_padic_center_order": 3,
      "p": 3,
      "s": 1,
      "subgroup_order": 243
    },
    {
      "e": 3,
      "finite_center_order": 125,
      "image_of_padic_center_order": 5,
      "p": 5,
      "s": 1,
      "subgroup_order": 3125
    },
    {
      "e": 5,
      "finite_center_order": 32,
      "image_of_padic_center_order": 2,
      "p": 2,
      "s": 2,
      "subgroup_order": 128
    }
  ],
  "counts": {
    "all_finite_module_subgroups_scalar_invariant": 4,
    "deep_open_shadow_not_normal": 5,
    "finite_center_has_extra_torsion": 5,
    "finite_center_threshold": 5,
    "full_Aut_UT3_F2_order": 1,
    "lamp_shift_is_single_support": 7,
    "lamp_subgroup_not_normal": 7,
    "matrix_inverse": 182,
    "matrix_theta_homomorphism": 9650,
    "matrix_theta_involution": 182,
    "nonabelian_permutation_lamp_separator": 7,
    "noncommuting_matrix_witness": 4,
    "nonnormal_shadow_exact_center": 5,
    "p2_U_not_characteristic": 1,
    "p2_displayed_U_elementary_abelian": 1,
    "p2_full_common_characteristic_enumeration": 1,
    "p2_local_Aut_order": 1,
    "p2_local_center_image_not_characteristic": 1,
    "permutation_D8_lamps": 1,
    "trivial_complement_control": 1
  },
  "module_cases": [
    {
      "GL_invariant_subgroups": 4,
      "all_subgroups": 37,
      "d": 2,
      "e": 3,
      "p": 2,
      "scalar_candidates_inside_nonscalar_U": 3
    },
    {
      "GL_invariant_subgroups": 3,
      "all_subgroups": 23,
      "d": 2,
      "e": 2,
      "p": 3,
      "scalar_candidates_inside_nonscalar_U": 2
    },
    {
      "GL_invariant_subgroups": 2,
      "all_subgroups": 16,
      "d": 3,
      "e": 1,
      "p": 2,
      "scalar_candidates_inside_nonscalar_U": 1
    },
    {
      "GL_invariant_subgroups": 2,
      "all_subgroups": 28,
      "d": 3,
      "e": 1,
      "p": 3,
      "scalar_candidates_inside_nonscalar_U": 1
    }
  ],
  "scope": "Finite mechanism and boundary controls only; universal p-adic claims require the audited proofs. No author imports."
}
