{
  "assertions": 28847,
  "commutators": {
    "actual_word_receipts": [
      {
        "exponents": [
          0,
          1,
          0
        ],
        "n": 1,
        "p": 2,
        "word_length": 1
      },
      {
        "exponents": [
          0,
          -1,
          1
        ],
        "n": 2,
        "p": 2,
        "word_length": 4
      },
      {
        "exponents": [
          0,
          2,
          -2
        ],
        "n": 3,
        "p": 2,
        "word_length": 10
      },
      {
        "exponents": [
          0,
          -4,
          4
        ],
        "n": 4,
        "p": 2,
        "word_length": 22
      },
      {
        "exponents": [
          0,
          8,
          -8
        ],
        "n": 5,
        "p": 2,
        "word_length": 46
      },
      {
        "exponents": [
          0,
          -16,
          16
        ],
        "n": 6,
        "p": 2,
        "word_length": 94
      },
      {
        "exponents": [
          0,
          32,
          -32
        ],
        "n": 7,
        "p": 2,
        "word_length": 190
      },
      {
        "exponents": [
          0,
          -64,
          64
        ],
        "n": 8,
        "p": 2,
        "word_length": 382
      },
      {
        "exponents": [
          0,
          128,
          -128
        ],
        "n": 9,
        "p": 2,
        "word_length": 766
      },
      {
        "exponents": [
          0,
          1,
          0,
          0
        ],
        "n": 1,
        "p": 3,
        "word_length": 1
      },
      {
        "exponents": [
          0,
          -1,
          1,
          0
        ],
        "n": 2,
        "p": 3,
        "word_length": 4
      },
      {
        "exponents": [
          0,
          1,
          -2,
          1
        ],
        "n": 3,
        "p": 3,
        "word_length": 10
      },
      {
        "exponents": [
          0,
          0,
          3,
          -3
        ],
        "n": 4,
        "p": 3,
        "word_length": 22
      },
      {
        "exponents": [
          0,
          -3,
          -3,
          6
        ],
        "n": 5,
        "p": 3,
        "word_length": 46
      },
      {
        "exponents": [
          0,
          9,
          0,
          -9
        ],
        "n": 6,
        "p": 3,
        "word_length": 94
      },
      {
        "exponents": [
          0,
          -18,
          9,
          9
        ],
        "n": 7,
        "p": 3,
        "word_length": 190
      },
      {
        "exponents": [
          0,
          27,
          -27,
          0
        ],
        "n": 8,
        "p": 3,
        "word_length": 382
      },
      {
        "exponents": [
          0,
          -27,
          54,
          -27
        ],
        "n": 9,
        "p": 3,
        "word_length": 766
      },
      {
        "exponents": [
          0,
          1,
          0,
          0,
          0,
          0
        ],
        "n": 1,
        "p": 5,
        "word_length": 1
      },
      {
        "exponents": [
          0,
          -1,
          1,
          0,
          0,
          0
        ],
        "n": 2,
        "p": 5,
        "word_length": 4
      },
      {
        "exponents": [
          0,
          1,
          -2,
          1,
          0,
          0
        ],
        "n": 3,
        "p": 5,
        "word_length": 10
      },
      {
        "exponents": [
          0,
          -1,
          3,
          -3,
          1,
          0
        ],
        "n": 4,
        "p": 5,
        "word_length": 22
      },
      {
        "exponents": [
          0,
          1,
          -4,
          6,
          -4,
          1
        ],
        "n": 5,
        "p": 5,
        "word_length": 46
      },
      {
        "exponents": [
          0,
          0,
          5,
          -10,
          10,
          -5
        ],
        "n": 6,
        "p": 5,
        "word_length": 94
      },
      {
        "exponents": [
          0,
          -5,
          -5,
          15,
          -20,
          15
        ],
        "n": 7,
        "p": 5,
        "word_length": 190
      },
      {
        "exponents": [
          0,
          20,
          0,
          -20,
          35,
          -35
        ],
        "n": 8,
        "p": 5,
        "word_length": 382
      },
      {
        "exponents": [
          0,
          -55,
          20,
          20,
          -55,
          70
        ],
        "n": 9,
        "p": 5,
        "word_length": 766
      },
      {
        "exponents": [
          0,
          1,
          0,
          0,
          0,
          0,
          0,
          0
        ],
        "n": 1,
        "p": 7,
        "word_length": 1
      },
      {
        "exponents": [
          0,
          -1,
          1,
          0,
          0,
          0,
          0,
          0
        ],
        "n": 2,
        "p": 7,
        "word_length": 4
      },
      {
        "exponents": [
          0,
          1,
          -2,
          1,
          0,
          0,
          0,
          0
        ],
        "n": 3,
        "p": 7,
        "word_length": 10
      },
      {
        "exponents": [
          0,
          -1,
          3,
          -3,
          1,
          0,
          0,
          0
        ],
        "n": 4,
        "p": 7,
        "word_length": 22
      },
      {
        "exponents": [
          0,
          1,
          -4,
          6,
          -4,
          1,
          0,
          0
        ],
        "n": 5,
        "p": 7,
        "word_length": 46
      },
      {
        "exponents": [
          0,
          -1,
          5,
          -10,
          10,
          -5,
          1,
          0
        ],
        "n": 6,
        "p": 7,
        "word_length": 94
      },
      {
        "exponents": [
          0,
          1,
          -6,
          15,
          -20,
          15,
          -6,
          1
        ],
        "n": 7,
        "p": 7,
        "word_length": 190
      },
      {
        "exponents": [
          0,
          0,
          7,
          -21,
          35,
          -35,
          21,
          -7
        ],
        "n": 8,
        "p": 7,
        "word_length": 382
      },
      {
        "exponents": [
          0,
          -7,
          -7,
          28,
          -56,
          70,
          -56,
          28
        ],
        "n": 9,
        "p": 7,
        "word_length": 766
      }
    ],
    "max_power": 220,
    "negative_composite_cycle": {
      "coefficients": [
        16,
        -12,
        16,
        -20
      ],
      "false_extended_formula": 1,
      "k": 6,
      "m": 4,
      "prime": 2,
      "valuation": 2
    },
    "primes": [
      2,
      3,
      5,
      7,
      11,
      17,
      19,
      23,
      29,
      31
    ]
  },
  "finite_cores": [
    {
      "families": 6,
      "full_automorphisms": 4,
      "group": "C8",
      "max_rounds_to_stable_core": 1,
      "nonzero_core_families": 3,
      "subgroups": 4,
      "zero_core_families": 3
    },
    {
      "families": 120,
      "full_automorphisms": 168,
      "group": "C2^3",
      "max_rounds_to_stable_core": 2,
      "nonzero_core_families": 0,
      "subgroups": 16,
      "zero_core_families": 120
    },
    {
      "families": 15,
      "full_automorphisms": 24,
      "group": "Q8",
      "max_rounds_to_stable_core": 2,
      "nonzero_core_families": 10,
      "subgroups": 6,
      "zero_core_families": 5
    }
  ],
  "frozen": {
    "all_hashes_match": true,
    "head": "fd4a71f2f7e08ece5f0d34d9d0df3fb6f460d8bf",
    "paths": 45,
    "snapshot_manifest_sha256": "d824ee93fae749f43d8ce7ff4550ecdc4f1aa5df7eeecff2f5a8e15e106c5026"
  },
  "lattices": [
    {
      "e": 1,
      "full_GL2_matrices": 6,
      "invariant_subgroups": 2,
      "p": 2,
      "subgroups": 5
    },
    {
      "e": 2,
      "full_GL2_matrices": 96,
      "invariant_subgroups": 3,
      "p": 2,
      "subgroups": 15
    },
    {
      "e": 3,
      "full_GL2_matrices": 1536,
      "invariant_subgroups": 4,
      "p": 2,
      "subgroups": 37
    },
    {
      "e": 1,
      "full_GL2_matrices": 48,
      "invariant_subgroups": 2,
      "p": 3,
      "subgroups": 6
    },
    {
      "e": 2,
      "full_GL2_matrices": 3888,
      "invariant_subgroups": 3,
      "p": 3,
      "subgroups": 23
    }
  ],
  "scope": "Independent bounded controls and negative cases. Infinite proofs are in REVIEW.md.",
  "timestamp_utc": "2026-10-03T01:58:05.103495+00:00"
}
