{
  "edge_case_tags": [
    "conservation_or_rank_deficiency",
    "opposite_pair",
    "parallel_source",
    "repeated_stoichiometric_column",
    "zero_stoichiometric_column"
  ],
  "exact_flux_decompositions": 3644,
  "fixtures": [
    {
      "name": "all_zero_gamma",
      "rays": 2,
      "span_rank": 0,
      "strict_positive_flux": true
    },
    {
      "name": "lower_dimensional",
      "rays": 4,
      "span_rank": 2,
      "strict_positive_flux": true
    },
    {
      "name": "product_cone",
      "rays": 2,
      "span_rank": 2,
      "strict_positive_flux": true
    },
    {
      "name": "zero_columns_and_lineality_candidate",
      "rays": 3,
      "span_rank": 1,
      "strict_positive_flux": true
    }
  ],
  "independent_circuit_enumerator_agreements": 1159,
  "random_networks": 1155,
  "scope_note": "The implementation exactly validates circuit enumeration and projection. It is a formula generator, not a bundled general CAD engine.",
  "status": "PASS",
  "strict_positive_flux_cases": 508,
  "two_species_one_ray_symbolic_eliminations": 27,
  "zero_projected_cones": 519
}
