[1/12] Compiling Python sources...
[2/12] Validating certificate schemas...
positive_two_species.json: SCHEMA_OK
fixed_j_p0_no.json: SCHEMA_OK
no_positive_flux.json: SCHEMA_OK
mobile_proposal_counterexample.json: SCHEMA_OK
network_semialgebraic_yes.json: SCHEMA_OK
network_semialgebraic_no.json: SCHEMA_OK
real_sample_yes.json: SCHEMA_OK
real_sample_algebraic_yes.json: SCHEMA_OK
real_nullstellensatz_no.json: SCHEMA_OK
[3/12] Running unit tests...
test_hurwitz_cubic (test_fixed_j.FixedJacobianTests.test_hurwitz_cubic) ... ok
test_mobile_counterexample (test_fixed_j.FixedJacobianTests.test_mobile_counterexample) ... ok
test_multiscale_construction (test_fixed_j.FixedJacobianTests.test_multiscale_construction) ... ok
test_same_sign_pattern_pair (test_fixed_j.FixedJacobianTests.test_same_sign_pattern_pair) ... ok
test_arbitrary_rational_matrix_realization (test_mass_action.MassActionTests.test_arbitrary_rational_matrix_realization) ... ok
test_cauchy_binet_formula (test_mass_action.MassActionTests.test_cauchy_binet_formula) ... ok
test_flux_and_jacobian (test_mass_action.MassActionTests.test_flux_and_jacobian) ... ok
test_flux_cone_exact_lp (test_mass_action.MassActionTests.test_flux_cone_exact_lp) ... ok
test_reconstruction (test_mass_action.MassActionTests.test_reconstruction) ... ok
test_boolean_selector_principal_minor_identity (test_talg_reduction.TAlgReductionTests.test_boolean_selector_principal_minor_identity) ... ok
test_canonical_branch_system_is_network_bound (test_talg_reduction.TAlgReductionTests.test_canonical_branch_system_is_network_bound) ... ok
test_canonical_interior_witness (test_talg_reduction.TAlgReductionTests.test_canonical_interior_witness) ... ok
test_complete_reduction_certificate (test_talg_reduction.TAlgReductionTests.test_complete_reduction_certificate) ... ok
test_general_equation_certificates (test_talg_reduction.TAlgReductionTests.test_general_equation_certificates) ... ok
test_level_four_same_gamma_counterexample (test_talg_reduction.TAlgReductionTests.test_level_four_same_gamma_counterexample) ... ok
test_mass_action_row_segment_realization (test_talg_reduction.TAlgReductionTests.test_mass_action_row_segment_realization) ... ok
test_network_bound_certificate_rejects_reaction_tampering (test_talg_reduction.TAlgReductionTests.test_network_bound_certificate_rejects_reaction_tampering) ... ok
test_network_bound_equation_certificates (test_talg_reduction.TAlgReductionTests.test_network_bound_equation_certificates) ... ok
test_no_partition_open_cube_gap (test_talg_reduction.TAlgReductionTests.test_no_partition_open_cube_gap) ... ok
test_row_splitting_similarity (test_talg_reduction.TAlgReductionTests.test_row_splitting_similarity) ... ok
test_semialgebraic_formula_generation (test_talg_reduction.TAlgReductionTests.test_semialgebraic_formula_generation) ... ok
test_yes_certificate_rejects_symbolic_coordinates (test_talg_reduction.TAlgReductionTests.test_yes_certificate_rejects_symbolic_coordinates) ... ok
test_fixed_j_no (test_verifiers.VerifierCliTests.test_fixed_j_no) ... ok
test_mobile_counterexample (test_verifiers.VerifierCliTests.test_mobile_counterexample) ... ok
test_no_flux (test_verifiers.VerifierCliTests.test_no_flux) ... ok
test_positive (test_verifiers.VerifierCliTests.test_positive) ... ok
test_root_classifier_command (test_verifiers.VerifierCliTests.test_root_classifier_command) ... ok
test_unresolved_is_not_no (test_verifiers.VerifierCliTests.test_unresolved_is_not_no) ... ok

----------------------------------------------------------------------
Ran 28 tests in 6.778s

OK
[4/12] Verifying direct exact YES/NO certificates...
[5/12] Verifying complete T-ALG certificates and reduction witness...
[6/12] Generating the canonical reaction-hypergraph formula...
FORMULA_OK species=2 reactions=2 branches=3
[7/12] Checking certificate-aware classifier behavior...
[8/12] Running exact adversarial regressions...
[9/12] Asserting machine-readable statuses...
positive_two_species.json: YES
fixed_j_p0_no.json: NO
no_positive_flux.json: NO
mobile_counterexample.json: REFUTES_PROPOSED_MOBILE_CRITERION
network_semialgebraic_yes.json: YES
network_semialgebraic_no.json: NO
partition_reduction_yes.json: YES
real_sample_algebraic_yes.json: YES
real_nullstellensatz_no.json: NO
classifier_semialgebraic_yes.json: YES
classifier_semialgebraic_no.json: NO
raw_unresolved.json: UNRESOLVED
[10/12] Auditing mandatory project files...
OK STATE.md
OK README.md
OK theorem_dependency_graph.md
OK literature_audit/current_status.md
OK literature_audit/terminology_crosswalk.md
OK literature_audit/priority_audit.md
OK definitions/reaction_network_conventions.tex
OK definitions/turing_definitions.tex
OK definitions/conservation_laws.tex
OK definitions/topology_levels.tex
OK fixed_jacobian/domain_mode_reduction.tex
OK fixed_jacobian/stationary_diagonal_damping.tex
OK fixed_jacobian/mobile_set_extension.tex
OK fixed_jacobian/turing_hopf_boundary.tex
OK fixed_jacobian/additive_D_stability_audit.tex
OK mass_action/equilibrium_flux_parameterization.tex
OK mass_action/jacobian_factorization.tex
OK mass_action/principal_minor_expansion.tex
OK mass_action/stable_realization.tex
OK mass_action/conservative_networks.tex
OK mass_action/row_segment_realization.tex
OK topology/turing_core_definition.tex
OK topology/necessity.tex
OK topology/sufficiency.tex
OK topology/lifting_and_reduction.tex
OK topology/exact_characterization.tex
OK topology/complexity_boundary.tex
OK topology/np_hardness_reduction.tex
OK topology/certificate_completeness.tex
OK topology/fixed_species_algorithm.tex
OK low_dimension/one_species.tex
OK low_dimension/two_species.tex
OK low_dimension/three_species.tex
OK low_dimension/comparison_with_known_criteria.tex
OK benchmarks/classical_positive_examples.tex
OK benchmarks/structural_negative_classes.tex
OK benchmarks/coarse_topology_counterexamples.tex
OK benchmarks/benchmark_table.csv
OK computation/network_format.md
OK computation/network_parser.py
OK computation/exact_linear_algebra.py
OK computation/flux_cone.py
OK computation/principal_minors.py
OK computation/hurwitz.py
OK computation/search_small_networks.py
OK computation/discover_witnesses.py
OK computation/exact_characterization.py
OK computation/partition_reduction.py
OK verifier/verify_positive_witness.py
OK verifier/verify_negative_certificate.py
OK verifier/verify_characterization_instance.py
OK verifier/verify_partition_reduction.py
OK verifier/verify_semialgebraic_certificate.py
OK verifier/certificate_schema.json
OK adversarial_audit/assumption_audit.md
OK adversarial_audit/conservation_audit.md
OK adversarial_audit/stationary_vs_wave.md
OK adversarial_audit/nonlinear_claims_audit.md
OK adversarial_audit/counterexample_search.py
OK adversarial_audit/unresolved_gaps.md
OK manuscript/main.tex
OK manuscript/supplement.tex
OK manuscript/references.bib
OK release/reproducibility.md
OK release/one_command_verification.sh
TOTAL_OK 65
[11/12] Rebuilding and auditing the manuscript...
TEX_FILES 33
CITATION_KEYS 19
INPUTS 42
COMPILED_PDF_BYTES 368395
COMPILED_SUPPLEMENT_PDF_BYTES 300380
LATEX_SOURCE_AUDIT_OK
[12/12] Regenerating SHA-256 manifest...
wrote /mnt/data/_phase3_replay_talg/release/sha256_manifest.txt with 109 entries
ALL EXACT VERIFICATION GATES PASSED
