PDF: /mnt/data/qbio_mass_action_turing_topology_phase3/manuscript/main.pdf
Pages: 10
Encrypted: False
Openable (PyMuPDF): True
Likely scanned: False
XFA present: False
PDF: /mnt/data/qbio_mass_action_turing_topology_phase3/manuscript/supplement.pdf
Pages: 16
Encrypted: False
Openable (PyMuPDF): True
Likely scanned: False
XFA present: False
PDF: /mnt/data/qbio_mass_action_turing_topology_phase3/external_audit/theorem_summary.pdf
Pages: 2
Encrypted: False
Openable (PyMuPDF): True
Likely scanned: False
XFA present: False
PDF: /mnt/data/qbio_mass_action_turing_topology_phase3/external_audit/proof_skeleton.pdf
Pages: 5
Encrypted: False
Openable (PyMuPDF): True
Likely scanned: False
XFA present: False
