{
  "determinant_checks": 257,
  "literal_tensor_support": [
    "ad",
    "bc",
    "cb",
    "da",
    "xx"
  ],
  "long_box_cases": [
    [
      1,
      0,
      0,
      false,
      false
    ],
    [
      1,
      0,
      1,
      false,
      false
    ],
    [
      1,
      1,
      0,
      false,
      false
    ],
    [
      1,
      1,
      1,
      true,
      true
    ],
    [
      2,
      0,
      0,
      true,
      true
    ],
    [
      2,
      0,
      1,
      true,
      true
    ],
    [
      2,
      1,
      0,
      true,
      true
    ],
    [
      2,
      1,
      1,
      false,
      true
    ],
    [
      3,
      0,
      0,
      false,
      true
    ],
    [
      3,
      0,
      1,
      false,
      true
    ],
    [
      3,
      1,
      0,
      false,
      true
    ],
    [
      3,
      1,
      1,
      true,
      true
    ],
    [
      4,
      0,
      0,
      true,
      true
    ],
    [
      4,
      0,
      1,
      true,
      true
    ],
    [
      4,
      1,
      0,
      true,
      true
    ],
    [
      4,
      1,
      1,
      false,
      true
    ],
    [
      5,
      0,
      0,
      false,
      true
    ],
    [
      5,
      0,
      1,
      false,
      true
    ],
    [
      5,
      1,
      0,
      false,
      true
    ],
    [
      5,
      1,
      1,
      true,
      true
    ],
    [
      6,
      0,
      0,
      true,
      true
    ],
    [
      6,
      0,
      1,
      true,
      true
    ],
    [
      6,
      1,
      0,
      true,
      true
    ],
    [
      6,
      1,
      1,
      false,
      true
    ],
    [
      7,
      0,
      0,
      false,
      true
    ],
    [
      7,
      0,
      1,
      false,
      true
    ],
    [
      7,
      1,
      0,
      false,
      true
    ],
    [
      7,
      1,
      1,
      true,
      true
    ],
    [
      8,
      0,
      0,
      true,
      true
    ],
    [
      8,
      0,
      1,
      true,
      true
    ],
    [
      8,
      1,
      0,
      true,
      true
    ],
    [
      8,
      1,
      1,
      false,
      true
    ],
    [
      9,
      0,
      0,
      false,
      true
    ],
    [
      9,
      0,
      1,
      false,
      true
    ],
    [
      9,
      1,
      0,
      false,
      true
    ],
    [
      9,
      1,
      1,
      true,
      true
    ],
    [
      10,
      0,
      0,
      true,
      true
    ],
    [
      10,
      0,
      1,
      true,
      true
    ],
    [
      10,
      1,
      0,
      true,
      true
    ],
    [
      10,
      1,
      1,
      false,
      true
    ],
    [
      11,
      0,
      0,
      false,
      true
    ],
    [
      11,
      0,
      1,
      false,
      true
    ],
    [
      11,
      1,
      0,
      false,
      true
    ],
    [
      11,
      1,
      1,
      true,
      true
    ],
    [
      12,
      0,
      0,
      true,
      true
    ],
    [
      12,
      0,
      1,
      true,
      true
    ],
    [
      12,
      1,
      0,
      true,
      true
    ],
    [
      12,
      1,
      1,
      false,
      true
    ],
    [
      13,
      0,
      0,
      false,
      true
    ],
    [
      13,
      0,
      1,
      false,
      true
    ],
    [
      13,
      1,
      0,
      false,
      true
    ],
    [
      13,
      1,
      1,
      true,
      true
    ],
    [
      14,
      0,
      0,
      true,
      true
    ],
    [
      14,
      0,
      1,
      true,
      true
    ],
    [
      14,
      1,
      0,
      true,
      true
    ],
    [
      14,
      1,
      1,
      false,
      true
    ],
    [
      15,
      0,
      0,
      false,
      true
    ],
    [
      15,
      0,
      1,
      false,
      true
    ],
    [
      15,
      1,
      0,
      false,
      true
    ],
    [
      15,
      1,
      1,
      true,
      true
    ],
    [
      16,
      0,
      0,
      true,
      true
    ],
    [
      16,
      0,
      1,
      true,
      true
    ],
    [
      16,
      1,
      0,
      true,
      true
    ],
    [
      16,
      1,
      1,
      false,
      true
    ],
    [
      17,
      0,
      0,
      false,
      true
    ],
    [
      17,
      0,
      1,
      false,
      true
    ],
    [
      17,
      1,
      0,
      false,
      true
    ],
    [
      17,
      1,
      1,
      true,
      true
    ],
    [
      31,
      0,
      0,
      false,
      true
    ],
    [
      31,
      0,
      1,
      false,
      true
    ],
    [
      31,
      1,
      0,
      false,
      true
    ],
    [
      31,
      1,
      1,
      true,
      true
    ],
    [
      32,
      0,
      0,
      true,
      true
    ],
    [
      32,
      0,
      1,
      true,
      true
    ],
    [
      32,
      1,
      0,
      true,
      true
    ],
    [
      32,
      1,
      1,
      false,
      true
    ],
    [
      101,
      0,
      0,
      false,
      true
    ],
    [
      101,
      0,
      1,
      false,
      true
    ],
    [
      101,
      1,
      0,
      false,
      true
    ],
    [
      101,
      1,
      1,
      true,
      true
    ]
  ],
  "naive_tensor_inclusion_defect": "dd",
  "nontorsion_rank_classification": null,
  "result": "PASS",
  "scope": "Independent finite algebra certificates; no realizability or target-equality oracle.",
  "surgery_d_values": [
    -2,
    -4
  ],
  "torsion_rank_bits_O_E": [
    0,
    1
  ],
  "trefoil_V0": [
    1,
    1
  ]
}
