{"strands": 1, "reachable_states": 1, "outgoing_edges": 0, "backward_states": 1, "backward_edges": 0, "coaccessible_states": 1, "coaccessible_edges": 0, "complete_positive_words": 1, "canonical_action_stream_sha256": "c34ee6d9b865090ec2fc880900480148c10020009dba414d7a7cf59aeba3971c"}
{"strands": 2, "reachable_states": 3, "outgoing_edges": 2, "backward_states": 3, "backward_edges": 2, "coaccessible_states": 3, "coaccessible_edges": 2, "complete_positive_words": 1, "canonical_action_stream_sha256": "8ec0cca3bf7dab7ac46cf802f9f7d1b84e7fbccd15fa77c06ded27938bf4a983"}
{"strands": 3, "reachable_states": 20, "outgoing_edges": 26, "backward_states": 20, "backward_edges": 26, "coaccessible_states": 19, "coaccessible_edges": 24, "complete_positive_words": 8, "canonical_action_stream_sha256": "c6e4dfd038c0de99051ffef37362c70bb1c5c65814823dd9eaba2dcdde106e19"}
{"strands": 4, "reachable_states": 259, "outgoing_edges": 493, "backward_states": 259, "backward_edges": 493, "coaccessible_states": 211, "coaccessible_edges": 384, "complete_positive_words": 1654, "canonical_action_stream_sha256": "209b1dc5875375b8ccf4e23a4656959be1afc2f53741f752a9a408e45a9fd3a3"}
{"strands": 5, "reachable_states": 5999, "outgoing_edges": 14882, "backward_states": 5999, "backward_edges": 14882, "coaccessible_states": 3651, "coaccessible_edges": 8600, "complete_positive_words": 17027504, "canonical_action_stream_sha256": "dc567f637cdf398b6b90f44dedfd95819a1f8b448101320881021223cf1283a8"}
{"strands": 6, "reachable_states": 234368, "outgoing_edges": 711342, "backward_states": 234368, "backward_edges": 711342, "coaccessible_states": 90921, "coaccessible_edges": 261810, "complete_positive_words": 14029911625260, "canonical_action_stream_sha256": "af2b8ec569d613e4f3d8ba3b72d18e85e8c612f4265057b7f4c485d544d159bf"}
{
  "utc": "2026-10-03T13:52:08.529681+00:00",
  "status": "PASS",
  "F4_inverse_pairs": 10,
  "F4_artin_relations": 10,
  "F4_extra_relation": true,
  "mutant_failed_relations": 3,
  "twenty_candidates": 810,
  "twenty_survivors": 10,
  "all_810_images_retained": true,
  "ranks": [
    {
      "strands": 1,
      "reachable_states": 1,
      "outgoing_edges": 0,
      "backward_states": 1,
      "backward_edges": 0,
      "coaccessible_states": 1,
      "coaccessible_edges": 0,
      "complete_positive_words": 1,
      "canonical_action_stream_sha256": "c34ee6d9b865090ec2fc880900480148c10020009dba414d7a7cf59aeba3971c"
    },
    {
      "strands": 2,
      "reachable_states": 3,
      "outgoing_edges": 2,
      "backward_states": 3,
      "backward_edges": 2,
      "coaccessible_states": 3,
      "coaccessible_edges": 2,
      "complete_positive_words": 1,
      "canonical_action_stream_sha256": "8ec0cca3bf7dab7ac46cf802f9f7d1b84e7fbccd15fa77c06ded27938bf4a983"
    },
    {
      "strands": 3,
      "reachable_states": 20,
      "outgoing_edges": 26,
      "backward_states": 20,
      "backward_edges": 26,
      "coaccessible_states": 19,
      "coaccessible_edges": 24,
      "complete_positive_words": 8,
      "canonical_action_stream_sha256": "c6e4dfd038c0de99051ffef37362c70bb1c5c65814823dd9eaba2dcdde106e19"
    },
    {
      "strands": 4,
      "reachable_states": 259,
      "outgoing_edges": 493,
      "backward_states": 259,
      "backward_edges": 493,
      "coaccessible_states": 211,
      "coaccessible_edges": 384,
      "complete_positive_words": 1654,
      "canonical_action_stream_sha256": "209b1dc5875375b8ccf4e23a4656959be1afc2f53741f752a9a408e45a9fd3a3"
    },
    {
      "strands": 5,
      "reachable_states": 5999,
      "outgoing_edges": 14882,
      "backward_states": 5999,
      "backward_edges": 14882,
      "coaccessible_states": 3651,
      "coaccessible_edges": 8600,
      "complete_positive_words": 17027504,
      "canonical_action_stream_sha256": "dc567f637cdf398b6b90f44dedfd95819a1f8b448101320881021223cf1283a8"
    },
    {
      "strands": 6,
      "reachable_states": 234368,
      "outgoing_edges": 711342,
      "backward_states": 234368,
      "backward_edges": 711342,
      "coaccessible_states": 90921,
      "coaccessible_edges": 261810,
      "complete_positive_words": 14029911625260,
      "canonical_action_stream_sha256": "af2b8ec569d613e4f3d8ba3b72d18e85e8c612f4265057b7f4c485d544d159bf"
    }
  ],
  "candidate_Cpp_full_stream_bytes": 15258555,
  "candidate_Cpp_records_exact_match": true,
  "scope": "Complete rank1..6 controls; rank6 is the stated theorem. Independent backwards graph and descending-generator canonical paths. No rank7 inference."
}
