{
  "utc": "2026-10-03T13:56:58.754504+00:00",
  "status": "PASS",
  "words": [
    [
      1,
      1,
      2,
      2
    ],
    [
      2,
      2,
      1,
      1
    ]
  ],
  "same_strand_permutation_and_pair_counts": [
    [
      0,
      1,
      2
    ],
    [
      2,
      0,
      2
    ]
  ],
  "different_exact_actions": [
    [
      [
        1,
        2,
        3,
        2,
        -3,
        -2,
        1,
        2,
        3,
        -2,
        -3,
        -2,
        -1
      ],
      [
        1,
        2,
        3,
        2,
        -3,
        -2,
        -1
      ],
      [
        2,
        3,
        -2
      ]
    ],
    [
      [
        1,
        2,
        1,
        -2,
        -1
      ],
      [
        1,
        2,
        -1,
        3,
        1,
        2,
        -1,
        -3,
        1,
        -2,
        -1
      ],
      [
        1,
        2,
        -1,
        3,
        1,
        -2,
        -1
      ]
    ]
  ],
  "count_code": 20,
  "can_complete_to_all_pairs_two": false,
  "mechanism": "Pair-count merging alone does not establish braid equality. This collision is outside the coaccessible graph and hence does not challenge the candidate, which explicitly verifies every coaccessible action edge."
}
