{
  "utc": "2026-10-03T13:53:14.826725+00:00",
  "status": "PASS",
  "api_target_tree_untruncated": true,
  "all_44_modes_and_git_oids_match_api_tree": true,
  "actual_merge_parents": [
    "efd29c05204703acca9a0860812f54b94fae54b1",
    "a440a519393bf4c68433c6a8cdd49b384d3bfca6"
  ],
  "author_frozen_files": 34,
  "queue_changed_rows": [
    [
      400,
      "| 389 | 11000151 / AMR-109-0151 | Question \u2014 Consider the Artin group A5 (the braid group on six strings) divided by the relation (a1a2a3a4)5 = a5a4a3a2a2 1a2a3a4a5. | 0.1440 | 5.0 | 3 | unknown | queued | 0/5 |  |  |  |",
      "| 389 | 11000151 / AMR-109-0151 | Question \u2014 Consider the Artin group A5 (the braid group on six strings) divided by the relation (a1a2a3a4)5 = a5a4a3a2a2 1a2a3a4a5. | 0.1440 | 5.0 | 3 | unknown | claimed_solved | 4/5 |  |  |  |"
    ]
  ],
  "raw_primary_source_hashes_independently_matched": 4
}
Manifest entry counts: [('FINAL_AUTHOR_MANIFEST.json', 33), ('PUBLICATION_MANIFEST.json', 42), ('SOURCE_MANIFEST.json', 0), ('TURN_1_MANIFEST.json', 6), ('TURN_2_MANIFEST.json', 6), ('TURN_3_MANIFEST.json', 6), ('TURN_4_MANIFEST.json', 8), ('review/REVIEW_MANIFEST.json', 5)]
Checkpoint file counts: [('TURN_1_REMOTE_RECEIPT.json', 7), ('TURN_2_REMOTE_RECEIPT.json', 14), ('TURN_3_REMOTE_RECEIPT.json', 21)]
