Updating 04c400622..a7931795d
Fast-forward
 unsolved_math_prioritization/QUEUE.md              |   2 +-
 .../attempts/2303016/FINAL_FROZEN_MANIFEST.json    |  72 +++++++++
 .../attempts/2303016/FINAL_REVIEW_REQUEST.md       |  24 +++
 .../attempts/2303016/PRIOR_GATE.json               |  17 ++
 .../attempts/2303016/PR_BODY.md                    |  17 ++
 .../attempts/2303016/PUBLICATION_MANIFEST.json     | 108 +++++++++++++
 .../attempts/2303016/READINESS.json                |  13 ++
 .../attempts/2303016/README.md                     |  30 ++++
 .../attempts/2303016/RESEARCH_LOG.md               |   7 +
 .../attempts/2303016/RESULT.md                     |  11 ++
 .../attempts/2303016/SOURCE_MANIFEST.json          |  24 +++
 .../attempts/2303016/SOURCE_NORMALIZATION.md       |  13 ++
 .../attempts/2303016/TURN_1.md                     | 171 +++++++++++++++++++++
 .../attempts/2303016/TURN_1_CHECKS.json            |   5 +
 .../attempts/2303016/TURN_1_LEDGER.jsonl           |   2 +
 .../attempts/2303016/TURN_1_MANIFEST.json          |  67 ++++++++
 .../attempts/2303016/TURN_1_STATE.json             |  25 +++
 .../attempts/2303016/final_review/CHECKS.json      |   7 +
 .../attempts/2303016/final_review/REVIEW.md        |  27 ++++
 .../2303016/final_review/REVIEW_MANIFEST.json      |  21 +++
 .../attempts/2303016/final_review/check.py         |  19 +++
 .../attempts/2303016/verify_turn1.py               |  34 ++++
 22 files changed, 715 insertions(+), 1 deletion(-)
 create mode 100644 unsolved_math_prioritization/attempts/2303016/FINAL_FROZEN_MANIFEST.json
 create mode 100644 unsolved_math_prioritization/attempts/2303016/FINAL_REVIEW_REQUEST.md
 create mode 100644 unsolved_math_prioritization/attempts/2303016/PRIOR_GATE.json
 create mode 100644 unsolved_math_prioritization/attempts/2303016/PR_BODY.md
 create mode 100644 unsolved_math_prioritization/attempts/2303016/PUBLICATION_MANIFEST.json
 create mode 100644 unsolved_math_prioritization/attempts/2303016/READINESS.json
 create mode 100644 unsolved_math_prioritization/attempts/2303016/README.md
 create mode 100644 unsolved_math_prioritization/attempts/2303016/RESEARCH_LOG.md
 create mode 100644 unsolved_math_prioritization/attempts/2303016/RESULT.md
 create mode 100644 unsolved_math_prioritization/attempts/2303016/SOURCE_MANIFEST.json
 create mode 100644 unsolved_math_prioritization/attempts/2303016/SOURCE_NORMALIZATION.md
 create mode 100644 unsolved_math_prioritization/attempts/2303016/TURN_1.md
 create mode 100644 unsolved_math_prioritization/attempts/2303016/TURN_1_CHECKS.json
 create mode 100644 unsolved_math_prioritization/attempts/2303016/TURN_1_LEDGER.jsonl
 create mode 100644 unsolved_math_prioritization/attempts/2303016/TURN_1_MANIFEST.json
 create mode 100644 unsolved_math_prioritization/attempts/2303016/TURN_1_STATE.json
 create mode 100644 unsolved_math_prioritization/attempts/2303016/final_review/CHECKS.json
 create mode 100644 unsolved_math_prioritization/attempts/2303016/final_review/REVIEW.md
 create mode 100644 unsolved_math_prioritization/attempts/2303016/final_review/REVIEW_MANIFEST.json
 create mode 100644 unsolved_math_prioritization/attempts/2303016/final_review/check.py
 create mode 100644 unsolved_math_prioritization/attempts/2303016/verify_turn1.py
