[main 9f5bd00c6] Publish fully reproduced PR380 partial audits and freeze PR379 source families
 177 files changed, 27467 insertions(+), 4 deletions(-)
 create mode 100644 draft_pr_descending_audit_20261002/audits/pr379_30000590/README.md
 create mode 100644 draft_pr_descending_audit_20261002/audits/pr379_30000590/initial_fetch.stderr
 create mode 100644 draft_pr_descending_audit_20261002/audits/pr379_30000590/initial_fetch.stdout
 create mode 100644 draft_pr_descending_audit_20261002/audits/pr379_30000590/original_diff.patch
 create mode 100644 draft_pr_descending_audit_20261002/audits/pr379_30000590/pr_metadata.json
 create mode 100644 draft_pr_descending_audit_20261002/audits/pr379_30000590/snapshot/problems/30000590_group_ring_cohomology/CURRENT_STATE.json
 create mode 100644 draft_pr_descending_audit_20261002/audits/pr379_30000590/snapshot/problems/30000590_group_ring_cohomology/FINAL_AUTHOR_MANIFEST.json
 create mode 100644 draft_pr_descending_audit_20261002/audits/pr379_30000590/snapshot/problems/30000590_group_ring_cohomology/FINAL_REPLAY.json
 create mode 100644 draft_pr_descending_audit_20261002/audits/pr379_30000590/snapshot/problems/30000590_group_ring_cohomology/FINAL_REVIEW_REQUEST.md
 create mode 100644 draft_pr_descending_audit_20261002/audits/pr379_30000590/snapshot/problems/30000590_group_ring_cohomology/FINAL_STATE.json
 create mode 100644 draft_pr_descending_audit_20261002/audits/pr379_30000590/snapshot/problems/30000590_group_ring_cohomology/LOG_T2.md
 create mode 100644 draft_pr_descending_audit_20261002/audits/pr379_30000590/snapshot/problems/30000590_group_ring_cohomology/LOG_T3.md
 create mode 100644 draft_pr_descending_audit_20261002/audits/pr379_30000590/snapshot/problems/30000590_group_ring_cohomology/LOG_T4.md
 create mode 100644 draft_pr_descending_audit_20261002/audits/pr379_30000590/snapshot/problems/30000590_group_ring_cohomology/LOG_T5.md
 create mode 100644 draft_pr_descending_audit_20261002/audits/pr379_30000590/snapshot/problems/30000590_group_ring_cohomology/PUBLICATION_MANIFEST.json
 create mode 100644 draft_pr_descending_audit_20261002/audits/pr379_30000590/snapshot/problems/30000590_group_ring_cohomology/PUBLICATION_STATUS.md
 create mode 100644 draft_pr_descending_audit_20261002/audits/pr379_30000590/snapshot/problems/30000590_group_ring_cohomology/REMOTE_SCOPE.md
 create mode 100644 draft_pr_descending_audit_20261002/audits/pr379_30000590/snapshot/problems/30000590_group_ring_cohomology/RESEARCH_LOG.md
 create mode 100644 draft_pr_descending_audit_20261002/audits/pr379_30000590/snapshot/problems/30000590_group_ring_cohomology/RESULT.md
 create mode 100644 draft_pr_descending_audit_20261002/audits/pr379_30000590/snapshot/problems/30000590_group_ring_cohomology/REVIEW_CORRECTION_MANIFEST.json
 create mode 100644 draft_pr_descending_audit_20261002/audits/pr379_30000590/snapshot/problems/30000590_group_ring_cohomology/REVIEW_LOCATOR_CORRECTION.md
 create mode 100644 draft_pr_descending_audit_20261002/audits/pr379_30000590/snapshot/problems/30000590_group_ring_cohomology/SOURCE_ADDITION_T4.json
 create mode 100644 draft_pr_descending_audit_20261002/audits/pr379_30000590/snapshot/problems/30000590_group_ring_cohomology/SOURCE_LOCATOR_CORRECTION.md
 create mode 100644 draft_pr_descending_audit_20261002/audits/pr379_30000590/snapshot/problems/30000590_group_ring_cohomology/SOURCE_MANIFEST.json
 create mode 100644 draft_pr_descending_audit_20261002/audits/pr379_30000590/snapshot/problems/30000590_group_ring_cohomology/SOURCE_SCOPE.md
 create mode 100644 draft_pr_descending_audit_20261002/audits/pr379_30000590/snapshot/problems/30000590_group_ring_cohomology/STATE.json
 create mode 100644 draft_pr_descending_audit_20261002/audits/pr379_30000590/snapshot/problems/30000590_group_ring_cohomology/STATE_T2.json
 create mode 100644 draft_pr_descending_audit_20261002/audits/pr379_30000590/snapshot/problems/30000590_group_ring_cohomology/STATE_T3.json
 create mode 100644 draft_pr_descending_audit_20261002/audits/pr379_30000590/snapshot/problems/30000590_group_ring_cohomology/STATE_T4.json
 create mode 100644 draft_pr_descending_audit_20261002/audits/pr379_30000590/snapshot/problems/30000590_group_ring_cohomology/STATE_T5.json
 create mode 100644 draft_pr_descending_audit_20261002/audits/pr379_30000590/snapshot/problems/30000590_group_ring_cohomology/TURN_1.md
 create mode 100644 draft_pr_descending_audit_20261002/audits/pr379_30000590/snapshot/problems/30000590_group_ring_cohomology/TURN_1_CHECKS.json
 create mode 100644 draft_pr_descending_audit_20261002/audits/pr379_30000590/snapshot/problems/30000590_group_ring_cohomology/TURN_1_MANIFEST.json
 create mode 100644 draft_pr_descending_audit_20261002/audits/pr379_30000590/snapshot/problems/30000590_group_ring_cohomology/TURN_2.md
 create mode 100644 draft_pr_descending_audit_20261002/audits/pr379_30000590/snapshot/problems/30000590_group_ring_cohomology/TURN_2_CHECKS.json
 create mode 100644 draft_pr_descending_audit_20261002/audits/pr379_30000590/snapshot/problems/30000590_group_ring_cohomology/TURN_2_MANIFEST.json
 create mode 100644 draft_pr_descending_audit_20261002/audits/pr379_30000590/snapshot/problems/30000590_group_ring_cohomology/TURN_3.md
 create mode 100644 draft_pr_descending_audit_20261002/audits/pr379_30000590/snapshot/problems/30000590_group_ring_cohomology/TURN_3_CHECKS.json
 create mode 100644 draft_pr_descending_audit_20261002/audits/pr379_30000590/snapshot/problems/30000590_group_ring_cohomology/TURN_3_MANIFEST.json
 create mode 100644 draft_pr_descending_audit_20261002/audits/pr379_30000590/snapshot/problems/30000590_group_ring_cohomology/TURN_4.md
 create mode 100644 draft_pr_descending_audit_20261002/audits/pr379_30000590/snapshot/problems/30000590_group_ring_cohomology/TURN_4_CHECKS.json
 create mode 100644 draft_pr_descending_audit_20261002/audits/pr379_30000590/snapshot/problems/30000590_group_ring_cohomology/TURN_4_MANIFEST.json
 create mode 100644 draft_pr_descending_audit_20261002/audits/pr379_30000590/snapshot/problems/30000590_group_ring_cohomology/TURN_5.md
 create mode 100644 draft_pr_descending_audit_20261002/audits/pr379_30000590/snapshot/problems/30000590_group_ring_cohomology/TURN_5_CHECKS.json
 create mode 100644 draft_pr_descending_audit_20261002/audits/pr379_30000590/snapshot/problems/30000590_group_ring_cohomology/TURN_5_MANIFEST.json
 create mode 100644 draft_pr_descending_audit_20261002/audits/pr379_30000590/snapshot/problems/30000590_group_ring_cohomology/check_turn_1.py
 create mode 100644 draft_pr_descending_audit_20261002/audits/pr379_30000590/snapshot/problems/30000590_group_ring_cohomology/check_turn_2.py
 create mode 100644 draft_pr_descending_audit_20261002/audits/pr379_30000590/snapshot/problems/30000590_group_ring_cohomology/check_turn_3.py
 create mode 100644 draft_pr_descending_audit_20261002/audits/pr379_30000590/snapshot/problems/30000590_group_ring_cohomology/check_turn_4.py
 create mode 100644 draft_pr_descending_audit_20261002/audits/pr379_30000590/snapshot/problems/30000590_group_ring_cohomology/check_turn_5.py
 create mode 100644 draft_pr_descending_audit_20261002/audits/pr379_30000590/snapshot/problems/30000590_group_ring_cohomology/review/ADVERSARIAL_REVIEW.md
 create mode 100644 draft_pr_descending_audit_20261002/audits/pr379_30000590/snapshot/problems/30000590_group_ring_cohomology/review/AUTHOR_REPLAY.json
 create mode 100644 draft_pr_descending_audit_20261002/audits/pr379_30000590/snapshot/problems/30000590_group_ring_cohomology/review/INDEPENDENT_CHECKS.json
 create mode 100644 draft_pr_descending_audit_20261002/audits/pr379_30000590/snapshot/problems/30000590_group_ring_cohomology/review/README.md
 create mode 100644 draft_pr_descending_audit_20261002/audits/pr379_30000590/snapshot/problems/30000590_group_ring_cohomology/review/REMOTE_BINDING.json
 create mode 100644 draft_pr_descending_audit_20261002/audits/pr379_30000590/snapshot/problems/30000590_group_ring_cohomology/review/REVIEW_MANIFEST.json
 create mode 100644 draft_pr_descending_audit_20261002/audits/pr379_30000590/snapshot/problems/30000590_group_ring_cohomology/review/independent_checks.py
 create mode 100644 draft_pr_descending_audit_20261002/audits/pr379_30000590/snapshot/problems/30000590_group_ring_cohomology/review/verify_review.py
 create mode 100644 draft_pr_descending_audit_20261002/audits/pr379_30000590/snapshot/problems/30000590_group_ring_cohomology/verify_packet.py
 create mode 100644 draft_pr_descending_audit_20261002/audits/pr379_30000590/snapshot/problems/30000590_group_ring_cohomology/verify_publication.py
 create mode 100644 draft_pr_descending_audit_20261002/audits/pr379_30000590/snapshot/unsolved_math_prioritization/QUEUE.md
 create mode 100644 draft_pr_descending_audit_20261002/audits/pr379_30000590/snapshot_manifest.json
 create mode 100644 draft_pr_descending_audit_20261002/audits/pr380_30002762/ROOT_MATHEMATICAL_RECONSTRUCTION.md
 create mode 100644 draft_pr_descending_audit_20261002/audits/pr380_30002762/algebra_extensions_review/.gitignore
 create mode 100644 draft_pr_descending_audit_20261002/audits/pr380_30002762/algebra_extensions_review/CHECKPOINT_LOG.md
 create mode 100644 draft_pr_descending_audit_20261002/audits/pr380_30002762/algebra_extensions_review/EXACT_BINDINGS.json
 create mode 100644 draft_pr_descending_audit_20261002/audits/pr380_30002762/algebra_extensions_review/FINAL_OUTPUT_MANIFEST.json
 create mode 100644 draft_pr_descending_audit_20261002/audits/pr380_30002762/algebra_extensions_review/INDEPENDENT_RECONSTRUCTION.md
 create mode 100644 draft_pr_descending_audit_20261002/audits/pr380_30002762/algebra_extensions_review/INSPECTION_RECEIPT.json
 create mode 100644 draft_pr_descending_audit_20261002/audits/pr380_30002762/algebra_extensions_review/NEW_CONTROLS_FULL_RESULTS.json
 create mode 100644 draft_pr_descending_audit_20261002/audits/pr380_30002762/algebra_extensions_review/NEW_CONTROLS_RECEIPT.json
 create mode 100644 draft_pr_descending_audit_20261002/audits/pr380_30002762/algebra_extensions_review/PORTABLE_REPLAY_FULL_RESULTS.json
 create mode 100644 draft_pr_descending_audit_20261002/audits/pr380_30002762/algebra_extensions_review/PRECOMPARISON_SEAL.json
 create mode 100644 draft_pr_descending_audit_20261002/audits/pr380_30002762/algebra_extensions_review/PRIMARY_RECEIPT.json
 create mode 100644 draft_pr_descending_audit_20261002/audits/pr380_30002762/algebra_extensions_review/REPORT.md
 create mode 100644 draft_pr_descending_audit_20261002/audits/pr380_30002762/algebra_extensions_review/RESEARCH_LOG.md
 create mode 100644 draft_pr_descending_audit_20261002/audits/pr380_30002762/algebra_extensions_review/SCOPED_REPLAY_BINDINGS.json
 create mode 100644 draft_pr_descending_audit_20261002/audits/pr380_30002762/algebra_extensions_review/capture_portable_replay.py
 create mode 100644 draft_pr_descending_audit_20261002/audits/pr380_30002762/algebra_extensions_review/capture_scoped_replay_and_bindings.py
 create mode 100644 draft_pr_descending_audit_20261002/audits/pr380_30002762/algebra_extensions_review/new_exact_controls.py
 create mode 100644 draft_pr_descending_audit_20261002/audits/pr380_30002762/algebra_extensions_review/seal_final_outputs.py
 create mode 100644 draft_pr_descending_audit_20261002/audits/pr380_30002762/braid_sources_review/.gitignore
 create mode 100644 draft_pr_descending_audit_20261002/audits/pr380_30002762/braid_sources_review/FINAL_SEAL.json
 create mode 100644 draft_pr_descending_audit_20261002/audits/pr380_30002762/braid_sources_review/INDEPENDENT_NOTES.md
 create mode 100644 draft_pr_descending_audit_20261002/audits/pr380_30002762/braid_sources_review/PRECOMPARISON_SEAL.json
 create mode 100644 draft_pr_descending_audit_20261002/audits/pr380_30002762/braid_sources_review/REPORT.md
 create mode 100644 draft_pr_descending_audit_20261002/audits/pr380_30002762/braid_sources_review/RESEARCH_LOG.md
 create mode 100644 draft_pr_descending_audit_20261002/audits/pr380_30002762/braid_sources_review/controls/author_replay_stdout.json
 create mode 100644 draft_pr_descending_audit_20261002/audits/pr380_30002762/braid_sources_review/controls/author_turn_1_full_stdout.json
 create mode 100644 draft_pr_descending_audit_20261002/audits/pr380_30002762/braid_sources_review/controls/author_turn_1_stderr.txt
 create mode 100644 draft_pr_descending_audit_20261002/audits/pr380_30002762/braid_sources_review/controls/author_turn_2_full_stdout.json
 create mode 100644 draft_pr_descending_audit_20261002/audits/pr380_30002762/braid_sources_review/controls/author_turn_2_stderr.txt
 create mode 100644 draft_pr_descending_audit_20261002/audits/pr380_30002762/braid_sources_review/controls/author_turn_3_full_stdout.json
 create mode 100644 draft_pr_descending_audit_20261002/audits/pr380_30002762/braid_sources_review/controls/author_turn_3_stderr.txt
 create mode 100644 draft_pr_descending_audit_20261002/audits/pr380_30002762/braid_sources_review/controls/author_turn_4_full_stdout.json
 create mode 100644 draft_pr_descending_audit_20261002/audits/pr380_30002762/braid_sources_review/controls/author_turn_4_stderr.txt
 create mode 100644 draft_pr_descending_audit_20261002/audits/pr380_30002762/braid_sources_review/controls/author_turn_5_full_stdout.json
 create mode 100644 draft_pr_descending_audit_20261002/audits/pr380_30002762/braid_sources_review/controls/author_turn_5_stderr.txt
 create mode 100644 draft_pr_descending_audit_20261002/audits/pr380_30002762/braid_sources_review/controls/candidate_braid_controls.py
 create mode 100644 draft_pr_descending_audit_20261002/audits/pr380_30002762/braid_sources_review/controls/candidate_braid_controls_output.json
 create mode 100644 draft_pr_descending_audit_20261002/audits/pr380_30002762/braid_sources_review/controls/exact_braid_controls.py
 create mode 100644 draft_pr_descending_audit_20261002/audits/pr380_30002762/braid_sources_review/controls/exact_braid_controls_output.json
 create mode 100644 draft_pr_descending_audit_20261002/audits/pr380_30002762/braid_sources_review/controls/fresh_source_binding_output.json
 create mode 100644 draft_pr_descending_audit_20261002/audits/pr380_30002762/braid_sources_review/controls/git_binding_output.json
 create mode 100644 draft_pr_descending_audit_20261002/audits/pr380_30002762/braid_sources_review/controls/old_independent_replay_stdout.json
 create mode 100644 draft_pr_descending_audit_20261002/audits/pr380_30002762/braid_sources_review/controls/publication_replay_stdout.json
 create mode 100644 draft_pr_descending_audit_20261002/audits/pr380_30002762/braid_sources_review/controls/replay_receipts.json
 create mode 100644 draft_pr_descending_audit_20261002/audits/pr380_30002762/lp_integral_review/.gitignore
 create mode 100644 draft_pr_descending_audit_20261002/audits/pr380_30002762/lp_integral_review/OUTPUT_MANIFEST.json
 create mode 100644 draft_pr_descending_audit_20261002/audits/pr380_30002762/lp_integral_review/OUTPUT_MANIFEST.sha256
 create mode 100644 draft_pr_descending_audit_20261002/audits/pr380_30002762/lp_integral_review/REVIEW.md
 create mode 100644 draft_pr_descending_audit_20261002/audits/pr380_30002762/lp_integral_review/author_replay.stderr
 create mode 100644 draft_pr_descending_audit_20261002/audits/pr380_30002762/lp_integral_review/author_replay.stdout
 create mode 100644 draft_pr_descending_audit_20261002/audits/pr380_30002762/lp_integral_review/complete_replay_receipt.json
 create mode 100644 draft_pr_descending_audit_20261002/audits/pr380_30002762/lp_integral_review/extra_free_group.stderr
 create mode 100644 draft_pr_descending_audit_20261002/audits/pr380_30002762/lp_integral_review/extra_free_group.stdout
 create mode 100644 draft_pr_descending_audit_20261002/audits/pr380_30002762/lp_integral_review/extra_free_group_control.py
 create mode 100644 draft_pr_descending_audit_20261002/audits/pr380_30002762/lp_integral_review/extra_free_group_results.json
 create mode 100644 draft_pr_descending_audit_20261002/audits/pr380_30002762/lp_integral_review/frozen_snapshot_receipt.json
 create mode 100644 draft_pr_descending_audit_20261002/audits/pr380_30002762/lp_integral_review/historical_independent.stderr
 create mode 100644 draft_pr_descending_audit_20261002/audits/pr380_30002762/lp_integral_review/historical_independent.stdout
 create mode 100644 draft_pr_descending_audit_20261002/audits/pr380_30002762/lp_integral_review/independent_exact.stderr
 create mode 100644 draft_pr_descending_audit_20261002/audits/pr380_30002762/lp_integral_review/independent_exact.stdout
 create mode 100644 draft_pr_descending_audit_20261002/audits/pr380_30002762/lp_integral_review/independent_exact_controls.py
 create mode 100644 draft_pr_descending_audit_20261002/audits/pr380_30002762/lp_integral_review/independent_exact_initial_failure.stderr
 create mode 100644 draft_pr_descending_audit_20261002/audits/pr380_30002762/lp_integral_review/independent_exact_results.json
 create mode 100644 draft_pr_descending_audit_20261002/audits/pr380_30002762/lp_integral_review/independent_exact_second_failure.stderr
 create mode 100644 draft_pr_descending_audit_20261002/audits/pr380_30002762/lp_integral_review/independent_reconstruction.md
 create mode 100644 draft_pr_descending_audit_20261002/audits/pr380_30002762/lp_integral_review/postseal_candidate_comparison.py
 create mode 100644 draft_pr_descending_audit_20261002/audits/pr380_30002762/lp_integral_review/postseal_candidate_comparison.stderr
 create mode 100644 draft_pr_descending_audit_20261002/audits/pr380_30002762/lp_integral_review/postseal_candidate_comparison.stdout
 create mode 100644 draft_pr_descending_audit_20261002/audits/pr380_30002762/lp_integral_review/postseal_candidate_comparison_results.json
 create mode 100644 draft_pr_descending_audit_20261002/audits/pr380_30002762/lp_integral_review/publication_wrapper.stderr
 create mode 100644 draft_pr_descending_audit_20261002/audits/pr380_30002762/lp_integral_review/publication_wrapper.stdout
 create mode 100644 draft_pr_descending_audit_20261002/audits/pr380_30002762/lp_integral_review/research_log.md
 create mode 100644 draft_pr_descending_audit_20261002/audits/pr380_30002762/lp_integral_review/source_first_seal.json
 create mode 100644 draft_pr_descending_audit_20261002/audits/pr380_30002762/lp_integral_review/source_first_seal.sha256
 create mode 100644 draft_pr_descending_audit_20261002/audits/pr380_30002762/lp_integral_review/source_receipt.json
 create mode 100644 draft_pr_descending_audit_20261002/audits/pr380_30002762/lp_integral_review/turn4_direct.stderr
 create mode 100644 draft_pr_descending_audit_20261002/audits/pr380_30002762/lp_integral_review/turn4_direct.stdout
 create mode 100644 draft_pr_descending_audit_20261002/audits/pr380_30002762/root_algebra_extensions_review_new_exact_controls.stderr
 create mode 100644 draft_pr_descending_audit_20261002/audits/pr380_30002762/root_algebra_extensions_review_new_exact_controls.stdout
 create mode 100644 draft_pr_descending_audit_20261002/audits/pr380_30002762/root_braid_sources_review_candidate_braid_controls.stderr
 create mode 100644 draft_pr_descending_audit_20261002/audits/pr380_30002762/root_braid_sources_review_candidate_braid_controls.stdout
 create mode 100644 draft_pr_descending_audit_20261002/audits/pr380_30002762/root_braid_sources_review_exact_braid_controls.stderr
 create mode 100644 draft_pr_descending_audit_20261002/audits/pr380_30002762/root_braid_sources_review_exact_braid_controls.stdout
 create mode 100644 draft_pr_descending_audit_20261002/audits/pr380_30002762/root_family_controls_receipt.json
 create mode 100644 draft_pr_descending_audit_20261002/audits/pr380_30002762/root_historical_replay.stderr
 create mode 100644 draft_pr_descending_audit_20261002/audits/pr380_30002762/root_historical_replay.stdout
 create mode 100644 draft_pr_descending_audit_20261002/audits/pr380_30002762/root_lp_integral_review_extra_free_group_control.stderr
 create mode 100644 draft_pr_descending_audit_20261002/audits/pr380_30002762/root_lp_integral_review_extra_free_group_control.stdout
 create mode 100644 draft_pr_descending_audit_20261002/audits/pr380_30002762/root_lp_integral_review_independent_exact_controls.stderr
 create mode 100644 draft_pr_descending_audit_20261002/audits/pr380_30002762/root_lp_integral_review_independent_exact_controls.stdout
 create mode 100644 draft_pr_descending_audit_20261002/audits/pr380_30002762/root_lp_integral_review_postseal_candidate_comparison.stderr
 create mode 100644 draft_pr_descending_audit_20261002/audits/pr380_30002762/root_lp_integral_review_postseal_candidate_comparison.stdout
 create mode 100644 draft_pr_descending_audit_20261002/audits/pr380_30002762/root_primary_render_receipt.json
 create mode 100644 draft_pr_descending_audit_20261002/audits/pr380_30002762/root_primary_source_receipt.json
 create mode 100644 draft_pr_descending_audit_20261002/audits/pr380_30002762/root_public_replay.stderr
 create mode 100644 draft_pr_descending_audit_20261002/audits/pr380_30002762/root_public_replay.stdout
 create mode 100644 draft_pr_descending_audit_20261002/audits/pr380_30002762/root_public_replay_receipt.json
 create mode 100644 draft_pr_descending_audit_20261002/audits/pr380_30002762/root_turn1.stderr
 create mode 100644 draft_pr_descending_audit_20261002/audits/pr380_30002762/root_turn1.stdout
 create mode 100644 draft_pr_descending_audit_20261002/audits/pr380_30002762/root_turn2.stderr
 create mode 100644 draft_pr_descending_audit_20261002/audits/pr380_30002762/root_turn2.stdout
 create mode 100644 draft_pr_descending_audit_20261002/audits/pr380_30002762/root_turn3.stderr
 create mode 100644 draft_pr_descending_audit_20261002/audits/pr380_30002762/root_turn3.stdout
 create mode 100644 draft_pr_descending_audit_20261002/audits/pr380_30002762/root_turn4.stderr
 create mode 100644 draft_pr_descending_audit_20261002/audits/pr380_30002762/root_turn4.stdout
 create mode 100644 draft_pr_descending_audit_20261002/audits/pr380_30002762/root_turn5.stderr
 create mode 100644 draft_pr_descending_audit_20261002/audits/pr380_30002762/root_turn5.stdout
 create mode 100644 draft_pr_descending_audit_20261002/audits/pr382_6600013/queue_checkpoint_commit.stderr
 create mode 100644 draft_pr_descending_audit_20261002/audits/pr382_6600013/queue_checkpoint_commit.stdout
 create mode 100644 draft_pr_descending_audit_20261002/audits/pr382_6600013/queue_checkpoint_push.stderr
 create mode 100644 draft_pr_descending_audit_20261002/audits/pr382_6600013/queue_checkpoint_push.stdout
