Updating 1e9a161f9..913929472
Fast-forward
 .../FINAL_AUTHOR_MANIFEST.json                     | 182 +++++++++++++++++++++
 .../30002762_conjugation_norms/FINAL_RESULT.md     |  12 ++
 .../FINAL_REVIEW_REQUEST.md                        |  12 ++
 .../README_PUBLICATION.md                          |  15 ++
 problems/30002762_conjugation_norms/REPLAY_ALL.py  |  13 ++
 .../SOURCE_ADDITION_T5.json                        |  19 +++
 problems/30002762_conjugation_norms/SOURCE_GATE.md |  13 ++
 .../SOURCE_MANIFEST.json                           |  35 ++++
 problems/30002762_conjugation_norms/STATE.json     |   7 +
 problems/30002762_conjugation_norms/STATE_T2.json  |   6 +
 problems/30002762_conjugation_norms/STATE_T3.json  |   6 +
 problems/30002762_conjugation_norms/STATE_T4.json  |   6 +
 problems/30002762_conjugation_norms/STATE_T5.json  |   6 +
 problems/30002762_conjugation_norms/TURN_1.md      |  73 +++++++++
 .../30002762_conjugation_norms/TURN_1_CHECKS.json  |   7 +
 .../TURN_1_MANIFEST.json                           |  36 ++++
 .../TURN_1_REMOTE_RECEIPT.json                     |  41 +++++
 problems/30002762_conjugation_norms/TURN_2.md      |  59 +++++++
 .../30002762_conjugation_norms/TURN_2_CHECKS.json  |  14 ++
 .../TURN_2_MANIFEST.json                           |  32 ++++
 .../TURN_2_REMOTE_RECEIPT.json                     |  71 ++++++++
 problems/30002762_conjugation_norms/TURN_3.md      |  56 +++++++
 .../30002762_conjugation_norms/TURN_3_CHECKS.json  |  10 ++
 .../TURN_3_MANIFEST.json                           |  32 ++++
 .../TURN_3_REMOTE_RECEIPT.json                     | 101 ++++++++++++
 problems/30002762_conjugation_norms/TURN_4.md      |  70 ++++++++
 .../30002762_conjugation_norms/TURN_4_CHECKS.json  |   9 +
 .../TURN_4_MANIFEST.json                           |  32 ++++
 .../TURN_4_REMOTE_RECEIPT.json                     | 131 +++++++++++++++
 problems/30002762_conjugation_norms/TURN_5.md      |  71 ++++++++
 .../30002762_conjugation_norms/TURN_5_CHECKS.json  |  10 ++
 .../TURN_5_MANIFEST.json                           |  37 +++++
 .../30002762_conjugation_norms/check_turn_1.py     |  48 ++++++
 .../30002762_conjugation_norms/check_turn_2.py     |  28 ++++
 .../30002762_conjugation_norms/check_turn_3.py     |  41 +++++
 .../30002762_conjugation_norms/check_turn_4.py     |  46 ++++++
 .../30002762_conjugation_norms/check_turn_5.py     |  48 ++++++
 .../review/AUTHOR_REPLAY.json                      |   1 +
 .../review/INDEPENDENT_CHECKS.json                 |   5 +
 .../30002762_conjugation_norms/review/REVIEW.md    |  47 ++++++
 .../review/REVIEW_MANIFEST.json                    |  28 ++++
 .../review/independent_check.py                    |  40 +++++
 .../verify_publication.py                          |  10 ++
 unsolved_math_prioritization/QUEUE.md              |   2 +-
 44 files changed, 1567 insertions(+), 1 deletion(-)
 create mode 100644 problems/30002762_conjugation_norms/FINAL_AUTHOR_MANIFEST.json
 create mode 100644 problems/30002762_conjugation_norms/FINAL_RESULT.md
 create mode 100644 problems/30002762_conjugation_norms/FINAL_REVIEW_REQUEST.md
 create mode 100644 problems/30002762_conjugation_norms/README_PUBLICATION.md
 create mode 100644 problems/30002762_conjugation_norms/REPLAY_ALL.py
 create mode 100644 problems/30002762_conjugation_norms/SOURCE_ADDITION_T5.json
 create mode 100644 problems/30002762_conjugation_norms/SOURCE_GATE.md
 create mode 100644 problems/30002762_conjugation_norms/SOURCE_MANIFEST.json
 create mode 100644 problems/30002762_conjugation_norms/STATE.json
 create mode 100644 problems/30002762_conjugation_norms/STATE_T2.json
 create mode 100644 problems/30002762_conjugation_norms/STATE_T3.json
 create mode 100644 problems/30002762_conjugation_norms/STATE_T4.json
 create mode 100644 problems/30002762_conjugation_norms/STATE_T5.json
 create mode 100644 problems/30002762_conjugation_norms/TURN_1.md
 create mode 100644 problems/30002762_conjugation_norms/TURN_1_CHECKS.json
 create mode 100644 problems/30002762_conjugation_norms/TURN_1_MANIFEST.json
 create mode 100644 problems/30002762_conjugation_norms/TURN_1_REMOTE_RECEIPT.json
 create mode 100644 problems/30002762_conjugation_norms/TURN_2.md
 create mode 100644 problems/30002762_conjugation_norms/TURN_2_CHECKS.json
 create mode 100644 problems/30002762_conjugation_norms/TURN_2_MANIFEST.json
 create mode 100644 problems/30002762_conjugation_norms/TURN_2_REMOTE_RECEIPT.json
 create mode 100644 problems/30002762_conjugation_norms/TURN_3.md
 create mode 100644 problems/30002762_conjugation_norms/TURN_3_CHECKS.json
 create mode 100644 problems/30002762_conjugation_norms/TURN_3_MANIFEST.json
 create mode 100644 problems/30002762_conjugation_norms/TURN_3_REMOTE_RECEIPT.json
 create mode 100644 problems/30002762_conjugation_norms/TURN_4.md
 create mode 100644 problems/30002762_conjugation_norms/TURN_4_CHECKS.json
 create mode 100644 problems/30002762_conjugation_norms/TURN_4_MANIFEST.json
 create mode 100644 problems/30002762_conjugation_norms/TURN_4_REMOTE_RECEIPT.json
 create mode 100644 problems/30002762_conjugation_norms/TURN_5.md
 create mode 100644 problems/30002762_conjugation_norms/TURN_5_CHECKS.json
 create mode 100644 problems/30002762_conjugation_norms/TURN_5_MANIFEST.json
 create mode 100644 problems/30002762_conjugation_norms/check_turn_1.py
 create mode 100644 problems/30002762_conjugation_norms/check_turn_2.py
 create mode 100644 problems/30002762_conjugation_norms/check_turn_3.py
 create mode 100644 problems/30002762_conjugation_norms/check_turn_4.py
 create mode 100644 problems/30002762_conjugation_norms/check_turn_5.py
 create mode 100644 problems/30002762_conjugation_norms/review/AUTHOR_REPLAY.json
 create mode 100644 problems/30002762_conjugation_norms/review/INDEPENDENT_CHECKS.json
 create mode 100644 problems/30002762_conjugation_norms/review/REVIEW.md
 create mode 100644 problems/30002762_conjugation_norms/review/REVIEW_MANIFEST.json
 create mode 100644 problems/30002762_conjugation_norms/review/independent_check.py
 create mode 100644 problems/30002762_conjugation_norms/verify_publication.py
