[main 1e9a161f9] Audit conjugation-norm partials and freeze next lattice-flux program
 122 files changed, 9797 insertions(+), 17 deletions(-)
 create mode 100644 draft_pr_descending_audit_20261002/audits/pr376_7800012/.gitignore
 create mode 100644 draft_pr_descending_audit_20261002/audits/pr376_7800012/README.md
 create mode 100644 draft_pr_descending_audit_20261002/audits/pr376_7800012/freeze_fetch.stderr
 create mode 100644 draft_pr_descending_audit_20261002/audits/pr376_7800012/freeze_fetch.stdout
 create mode 100644 draft_pr_descending_audit_20261002/audits/pr376_7800012/remote_original.json
 create mode 100644 draft_pr_descending_audit_20261002/audits/pr376_7800012/snapshot/unsolved_math_prioritization/QUEUE.md
 create mode 100644 draft_pr_descending_audit_20261002/audits/pr376_7800012/snapshot/unsolved_math_prioritization/attempts/7800012/FINAL_FROZEN_MANIFEST.json
 create mode 100644 draft_pr_descending_audit_20261002/audits/pr376_7800012/snapshot/unsolved_math_prioritization/attempts/7800012/FINAL_REVIEW_REQUEST.md
 create mode 100644 draft_pr_descending_audit_20261002/audits/pr376_7800012/snapshot/unsolved_math_prioritization/attempts/7800012/PRIOR_GATE.json
 create mode 100644 draft_pr_descending_audit_20261002/audits/pr376_7800012/snapshot/unsolved_math_prioritization/attempts/7800012/PR_BODY.md
 create mode 100644 draft_pr_descending_audit_20261002/audits/pr376_7800012/snapshot/unsolved_math_prioritization/attempts/7800012/PUBLICATION_MANIFEST.json
 create mode 100644 draft_pr_descending_audit_20261002/audits/pr376_7800012/snapshot/unsolved_math_prioritization/attempts/7800012/READINESS.json
 create mode 100644 draft_pr_descending_audit_20261002/audits/pr376_7800012/snapshot/unsolved_math_prioritization/attempts/7800012/README.md
 create mode 100644 draft_pr_descending_audit_20261002/audits/pr376_7800012/snapshot/unsolved_math_prioritization/attempts/7800012/REPLAY_ALL.py
 create mode 100644 draft_pr_descending_audit_20261002/audits/pr376_7800012/snapshot/unsolved_math_prioritization/attempts/7800012/RESULT.md
 create mode 100644 draft_pr_descending_audit_20261002/audits/pr376_7800012/snapshot/unsolved_math_prioritization/attempts/7800012/SOURCE_MANIFEST.json
 create mode 100644 draft_pr_descending_audit_20261002/audits/pr376_7800012/snapshot/unsolved_math_prioritization/attempts/7800012/SOURCE_NORMALIZATION.md
 create mode 100644 draft_pr_descending_audit_20261002/audits/pr376_7800012/snapshot/unsolved_math_prioritization/attempts/7800012/TURN_1.md
 create mode 100644 draft_pr_descending_audit_20261002/audits/pr376_7800012/snapshot/unsolved_math_prioritization/attempts/7800012/TURN_1_CHECKS.json
 create mode 100644 draft_pr_descending_audit_20261002/audits/pr376_7800012/snapshot/unsolved_math_prioritization/attempts/7800012/TURN_1_LEDGER.jsonl
 create mode 100644 draft_pr_descending_audit_20261002/audits/pr376_7800012/snapshot/unsolved_math_prioritization/attempts/7800012/TURN_1_MANIFEST.json
 create mode 100644 draft_pr_descending_audit_20261002/audits/pr376_7800012/snapshot/unsolved_math_prioritization/attempts/7800012/TURN_1_STATE.json
 create mode 100644 draft_pr_descending_audit_20261002/audits/pr376_7800012/snapshot/unsolved_math_prioritization/attempts/7800012/TURN_2.md
 create mode 100644 draft_pr_descending_audit_20261002/audits/pr376_7800012/snapshot/unsolved_math_prioritization/attempts/7800012/TURN_2_CHECKS.json
 create mode 100644 draft_pr_descending_audit_20261002/audits/pr376_7800012/snapshot/unsolved_math_prioritization/attempts/7800012/TURN_2_LEDGER.jsonl
 create mode 100644 draft_pr_descending_audit_20261002/audits/pr376_7800012/snapshot/unsolved_math_prioritization/attempts/7800012/TURN_2_MANIFEST.json
 create mode 100644 draft_pr_descending_audit_20261002/audits/pr376_7800012/snapshot/unsolved_math_prioritization/attempts/7800012/TURN_2_STATE.json
 create mode 100644 draft_pr_descending_audit_20261002/audits/pr376_7800012/snapshot/unsolved_math_prioritization/attempts/7800012/TURN_3.md
 create mode 100644 draft_pr_descending_audit_20261002/audits/pr376_7800012/snapshot/unsolved_math_prioritization/attempts/7800012/TURN_3_CHECKS.json
 create mode 100644 draft_pr_descending_audit_20261002/audits/pr376_7800012/snapshot/unsolved_math_prioritization/attempts/7800012/TURN_3_LEDGER.jsonl
 create mode 100644 draft_pr_descending_audit_20261002/audits/pr376_7800012/snapshot/unsolved_math_prioritization/attempts/7800012/TURN_3_MANIFEST.json
 create mode 100644 draft_pr_descending_audit_20261002/audits/pr376_7800012/snapshot/unsolved_math_prioritization/attempts/7800012/TURN_3_STATE.json
 create mode 100644 draft_pr_descending_audit_20261002/audits/pr376_7800012/snapshot/unsolved_math_prioritization/attempts/7800012/TURN_4.md
 create mode 100644 draft_pr_descending_audit_20261002/audits/pr376_7800012/snapshot/unsolved_math_prioritization/attempts/7800012/TURN_4_CERTIFICATE.json
 create mode 100644 draft_pr_descending_audit_20261002/audits/pr376_7800012/snapshot/unsolved_math_prioritization/attempts/7800012/TURN_4_CHECKS.json
 create mode 100644 draft_pr_descending_audit_20261002/audits/pr376_7800012/snapshot/unsolved_math_prioritization/attempts/7800012/TURN_4_LEDGER.jsonl
 create mode 100644 draft_pr_descending_audit_20261002/audits/pr376_7800012/snapshot/unsolved_math_prioritization/attempts/7800012/TURN_4_MANIFEST.json
 create mode 100644 draft_pr_descending_audit_20261002/audits/pr376_7800012/snapshot/unsolved_math_prioritization/attempts/7800012/TURN_4_STATE.json
 create mode 100644 draft_pr_descending_audit_20261002/audits/pr376_7800012/snapshot/unsolved_math_prioritization/attempts/7800012/TURN_5.md
 create mode 100644 draft_pr_descending_audit_20261002/audits/pr376_7800012/snapshot/unsolved_math_prioritization/attempts/7800012/TURN_5_CHECKS.json
 create mode 100644 draft_pr_descending_audit_20261002/audits/pr376_7800012/snapshot/unsolved_math_prioritization/attempts/7800012/TURN_5_LEDGER.jsonl
 create mode 100644 draft_pr_descending_audit_20261002/audits/pr376_7800012/snapshot/unsolved_math_prioritization/attempts/7800012/TURN_5_MANIFEST.json
 create mode 100644 draft_pr_descending_audit_20261002/audits/pr376_7800012/snapshot/unsolved_math_prioritization/attempts/7800012/TURN_5_STATE.json
 create mode 100644 draft_pr_descending_audit_20261002/audits/pr376_7800012/snapshot/unsolved_math_prioritization/attempts/7800012/final_review/AUTHOR_REPLAY.json
 create mode 100644 draft_pr_descending_audit_20261002/audits/pr376_7800012/snapshot/unsolved_math_prioritization/attempts/7800012/final_review/INDEPENDENT_CHECKS.json
 create mode 100644 draft_pr_descending_audit_20261002/audits/pr376_7800012/snapshot/unsolved_math_prioritization/attempts/7800012/final_review/REVIEW.md
 create mode 100644 draft_pr_descending_audit_20261002/audits/pr376_7800012/snapshot/unsolved_math_prioritization/attempts/7800012/final_review/REVIEW_MANIFEST.json
 create mode 100644 draft_pr_descending_audit_20261002/audits/pr376_7800012/snapshot/unsolved_math_prioritization/attempts/7800012/final_review/independent_check.py
 create mode 100644 draft_pr_descending_audit_20261002/audits/pr376_7800012/snapshot/unsolved_math_prioritization/attempts/7800012/gaussian_matrix.py
 create mode 100644 draft_pr_descending_audit_20261002/audits/pr376_7800012/snapshot/unsolved_math_prioritization/attempts/7800012/hessian_certificate.py
 create mode 100644 draft_pr_descending_audit_20261002/audits/pr376_7800012/snapshot/unsolved_math_prioritization/attempts/7800012/verify_review.py
 create mode 100644 draft_pr_descending_audit_20261002/audits/pr376_7800012/snapshot/unsolved_math_prioritization/attempts/7800012/verify_turn1.py
 create mode 100644 draft_pr_descending_audit_20261002/audits/pr376_7800012/snapshot/unsolved_math_prioritization/attempts/7800012/verify_turn2.py
 create mode 100644 draft_pr_descending_audit_20261002/audits/pr376_7800012/snapshot/unsolved_math_prioritization/attempts/7800012/verify_turn3.py
 create mode 100644 draft_pr_descending_audit_20261002/audits/pr376_7800012/snapshot/unsolved_math_prioritization/attempts/7800012/verify_turn4.py
 create mode 100644 draft_pr_descending_audit_20261002/audits/pr376_7800012/snapshot/unsolved_math_prioritization/attempts/7800012/verify_turn5.py
 create mode 100644 draft_pr_descending_audit_20261002/audits/pr376_7800012/snapshot_manifest.json
 create mode 100644 draft_pr_descending_audit_20261002/audits/pr379_30000590/corrected_final_adversary/.gitignore
 create mode 100644 draft_pr_descending_audit_20261002/audits/pr379_30000590/corrected_final_adversary/INDEPENDENCE_EXPOSURES.md
 create mode 100644 draft_pr_descending_audit_20261002/audits/pr379_30000590/corrected_final_adversary/INITIAL_PROOFS.md
 create mode 100644 draft_pr_descending_audit_20261002/audits/pr379_30000590/corrected_final_adversary/INITIAL_SEAL.json
 create mode 100644 draft_pr_descending_audit_20261002/audits/pr379_30000590/corrected_final_adversary/RESEARCH_LOG.md
 create mode 100644 draft_pr_descending_audit_20261002/audits/pr379_30000590/corrected_final_adversary/SOURCE_RECEIPTS.json
 create mode 100644 draft_pr_descending_audit_20261002/audits/pr379_30000590/corrected_final_adversary/initial_exact_controls.py
 create mode 100644 draft_pr_descending_audit_20261002/audits/pr379_30000590/corrected_final_adversary/initial_exact_controls.stdout.jsonl
 create mode 100644 draft_pr_descending_audit_20261002/audits/pr379_30000590/root_prior_source_controls.stderr
 create mode 100644 draft_pr_descending_audit_20261002/audits/pr379_30000590/root_prior_source_controls.stdout
 create mode 100644 draft_pr_descending_audit_20261002/audits/pr379_30000590/root_prior_source_controls_receipt.json
 create mode 100644 draft_pr_descending_audit_20261002/audits/pr380_30002762/ACCEPTANCE_DECISION.md
 create mode 100644 draft_pr_descending_audit_20261002/audits/pr380_30002762/acceptance_criteria.json
 create mode 100644 draft_pr_descending_audit_20261002/audits/pr380_30002762/accepted_pr_body.txt
 create mode 100644 draft_pr_descending_audit_20261002/audits/pr380_30002762/clean_final_adversary/FINAL_SEAL.json
 create mode 100644 draft_pr_descending_audit_20261002/audits/pr380_30002762/clean_final_adversary/FINAL_VERDICT.json
 create mode 100644 draft_pr_descending_audit_20261002/audits/pr380_30002762/clean_final_adversary/INSPECTION_RECEIPT.json
 create mode 100644 draft_pr_descending_audit_20261002/audits/pr380_30002762/clean_final_adversary/OUTPUT_MANIFEST.json
 create mode 100644 draft_pr_descending_audit_20261002/audits/pr380_30002762/clean_final_adversary/REPORT.md
 create mode 100644 draft_pr_descending_audit_20261002/audits/pr380_30002762/clean_final_adversary/RESEARCH_LOG.md
 create mode 100644 draft_pr_descending_audit_20261002/audits/pr380_30002762/clean_final_adversary/additional_source_receipts.json
 create mode 100644 draft_pr_descending_audit_20261002/audits/pr380_30002762/clean_final_adversary/ancestry_receipts.json
 create mode 100644 draft_pr_descending_audit_20261002/audits/pr380_30002762/clean_final_adversary/candidate_boundary_replay_output.json
 create mode 100644 draft_pr_descending_audit_20261002/audits/pr380_30002762/clean_final_adversary/complete_replay_outputs.json
 create mode 100644 draft_pr_descending_audit_20261002/audits/pr380_30002762/clean_final_adversary/fresh_source_receipts.json
 create mode 100644 draft_pr_descending_audit_20261002/audits/pr380_30002762/clean_final_adversary/git_provenance.json
 create mode 100644 draft_pr_descending_audit_20261002/audits/pr380_30002762/clean_final_adversary/independent_baseline.md
 create mode 100644 draft_pr_descending_audit_20261002/audits/pr380_30002762/clean_final_adversary/independent_controls.py
 create mode 100644 draft_pr_descending_audit_20261002/audits/pr380_30002762/clean_final_adversary/independent_controls_output.json
 create mode 100644 draft_pr_descending_audit_20261002/audits/pr380_30002762/clean_final_adversary/independent_seal.json
 create mode 100644 draft_pr_descending_audit_20261002/audits/pr380_30002762/clean_final_adversary/initial_mathematical_verdict.json
 create mode 100644 draft_pr_descending_audit_20261002/audits/pr380_30002762/clean_final_adversary/nested_manifest_receipts.json
 create mode 100644 draft_pr_descending_audit_20261002/audits/pr380_30002762/clean_final_adversary/postseal_adversarial_controls.py
 create mode 100644 draft_pr_descending_audit_20261002/audits/pr380_30002762/clean_final_adversary/postseal_adversarial_controls_output.json
 create mode 100644 draft_pr_descending_audit_20261002/audits/pr380_30002762/clean_final_adversary/source_binding_qualification.json
 create mode 100644 draft_pr_descending_audit_20261002/audits/pr380_30002762/clean_final_adversary/verification_output.json
 create mode 100644 draft_pr_descending_audit_20261002/audits/pr380_30002762/clean_final_adversary/verify_audit.py
 create mode 100644 draft_pr_descending_audit_20261002/audits/pr380_30002762/merge_body.txt
 create mode 100644 draft_pr_descending_audit_20261002/audits/pr380_30002762/root_clean_REPLAY_ALL.stderr
 create mode 100644 draft_pr_descending_audit_20261002/audits/pr380_30002762/root_clean_REPLAY_ALL.stdout
 create mode 100644 draft_pr_descending_audit_20261002/audits/pr380_30002762/root_clean_check_turn_1.stderr
 create mode 100644 draft_pr_descending_audit_20261002/audits/pr380_30002762/root_clean_check_turn_1.stdout
 create mode 100644 draft_pr_descending_audit_20261002/audits/pr380_30002762/root_clean_check_turn_2.stderr
 create mode 100644 draft_pr_descending_audit_20261002/audits/pr380_30002762/root_clean_check_turn_2.stdout
 create mode 100644 draft_pr_descending_audit_20261002/audits/pr380_30002762/root_clean_check_turn_3.stderr
 create mode 100644 draft_pr_descending_audit_20261002/audits/pr380_30002762/root_clean_check_turn_3.stdout
 create mode 100644 draft_pr_descending_audit_20261002/audits/pr380_30002762/root_clean_check_turn_4.stderr
 create mode 100644 draft_pr_descending_audit_20261002/audits/pr380_30002762/root_clean_check_turn_4.stdout
 create mode 100644 draft_pr_descending_audit_20261002/audits/pr380_30002762/root_clean_check_turn_5.stderr
 create mode 100644 draft_pr_descending_audit_20261002/audits/pr380_30002762/root_clean_check_turn_5.stdout
 create mode 100644 draft_pr_descending_audit_20261002/audits/pr380_30002762/root_clean_final_reproduction.py
 create mode 100644 draft_pr_descending_audit_20261002/audits/pr380_30002762/root_clean_final_reproduction_receipt.json
 create mode 100644 draft_pr_descending_audit_20261002/audits/pr380_30002762/root_clean_independent_controls.stderr
 create mode 100644 draft_pr_descending_audit_20261002/audits/pr380_30002762/root_clean_independent_controls.stdout
 create mode 100644 draft_pr_descending_audit_20261002/audits/pr380_30002762/root_clean_postseal_adversarial_controls.stderr
 create mode 100644 draft_pr_descending_audit_20261002/audits/pr380_30002762/root_clean_postseal_adversarial_controls.stdout
 create mode 100644 draft_pr_descending_audit_20261002/audits/pr380_30002762/root_clean_review_independent_check.stderr
 create mode 100644 draft_pr_descending_audit_20261002/audits/pr380_30002762/root_clean_review_independent_check.stdout
 create mode 100644 draft_pr_descending_audit_20261002/audits/pr380_30002762/root_clean_verify_publication.stderr
 create mode 100644 draft_pr_descending_audit_20261002/audits/pr380_30002762/root_clean_verify_publication.stdout
