SOURCE-FIRST independent controls; seed values fixed; exact arithmetic throughout
AFFINE actual noncommuting action: 2; exact commutator compression cases: 243
LAMPLIGHTER exact integer support compression: 40 cases; augmentation-zero only
DIHEDRAL virtually metabelian derived=2Z compression: 201 cases
HEISENBERG nonsplit extension A=center Z, Q=Z^2: A_Q=Z, but center powers norm <=2; 201 cases
HEISENBERG finite quotient controls mod 2,3,5,7,11 passed
SPLIT control: inversion action has A_Q=Z/2; naive rational quotient loses finite word-length data
RATIONAL LP: columns [(2, 0), (0, 3), (1, 1)] target (1,0), exact optimum 1/2 basis certificate [(0, Fraction(1, 2)), (1, Fraction(0, 1))]
INTEGRAL/torsion lengths: n, minimum, minimizing integer coefficients, stable lower bound
0 0 (0, 0, 0) 0
1 16 (-4, -3, 9) 1/2
2 12 (4, 2, -6) 1
3 4 (0, -1, 3) 3/2
4 20 (-4, -4, 12) 2
5 8 (4, 1, -3) 5/2
6 8 (0, -2, 6) 3
7 20 (8, 3, -9) 7/2
8 4 (4, 0, 0) 4
9 12 (0, -3, 9) 9/2
10 16 (8, 2, -6) 5
11 8 (4, -1, 3) 11/2
12 16 (0, -4, 12) 6
13 12 (8, 1, -3) 13/2
14 12 (4, -2, 6) 7
15 20 (0, -5, 15) 15/2
16 8 (8, 0, 0) 8
17 16 (4, -3, 9) 17/2
18 20 (12, 2, -6) 9
19 12 (8, -1, 3) 19/2
20 20 (4, -4, 12) 10
21 16 (12, 1, -3) 21/2
22 16 (8, -2, 6) 11
23 24 (4, -5, 15) 23/2
24 12 (12, 0, 0) 12
25 20 (8, -3, 9) 25/2
26 24 (16, 2, -6) 13
27 16 (12, -1, 3) 27/2
28 24 (8, -4, 12) 14
29 20 (16, 1, -3) 29/2
30 20 (12, -2, 6) 15
31 28 (8, -5, 15) 31/2
32 16 (16, 0, 0) 16
INTEGRAL upper bound for all 0<=n<=256 checked; exact proof uses period 8 and finite residues
MISSING bounded-derived promise countercontrol: free-group commutator abelian LP=0
power 1 exact cancellation norm 2 Brooks numerator 1
power 2 exact cancellation norm 4 Brooks numerator 2
power 3 exact cancellation norm 4 Brooks numerator 3
power 4 exact cancellation norm 6 Brooks numerator 4
power 5 exact cancellation norm 6 Brooks numerator 5
power 6 exact cancellation norm 8 Brooks numerator 6
power 7 exact cancellation norm 8 Brooks numerator 7
power 8 exact cancellation norm 10 Brooks numerator 8
power 9 exact cancellation norm 10 Brooks numerator 9
power 10 exact cancellation norm 12 Brooks numerator 10
power 11 exact cancellation norm 12 Brooks numerator 11
power 12 exact cancellation norm 14 Brooks numerator 12
power 13 exact cancellation norm 14 Brooks numerator 13
power 14 exact cancellation norm 16 Brooks numerator 14
power 15 exact cancellation norm 16 Brooks numerator 15
power 16 exact cancellation norm 18 Brooks numerator 16
ordinary Brooks defect bound 3: 14,400 noncommuting controls, observed max 1
CANONICAL BRAID: faithful Artin actions for B_3..B_9; finite-window relators and non-wrap negative checks passed
B_4 actual canonical conjugate-to-inverse and [alpha^k,D]=alpha^(2k) for -8<=k<=8; even bound8/odd bound10
TORUS connected-sum signature: n 1 dimensions 2 0 signature 2 mirror convention reverses sign
TORUS connected-sum signature: n 2 dimensions 4 2 signature 2 mirror convention reverses sign
TORUS connected-sum signature: n 3 dimensions 6 4 signature 2 mirror convention reverses sign
TORUS connected-sum signature: n 4 dimensions 8 6 signature 2 mirror convention reverses sign
TORUS connected-sum signature: n 5 dimensions 10 8 signature 2 mirror convention reverses sign
TORUS connected-sum signature: n 6 dimensions 12 10 signature 2 mirror convention reverses sign
TORUS connected-sum signature: n 7 dimensions 14 12 signature 2 mirror convention reverses sign
TORUS connected-sum signature: n 8 dimensions 16 14 signature 2 mirror convention reverses sign
TORUS connected-sum signature: n 9 dimensions 18 16 signature 2 mirror convention reverses sign
TORUS connected-sum signature: n 10 dimensions 20 18 signature 2 mirror convention reverses sign
TORUS connected-sum signature: n 11 dimensions 22 20 signature 2 mirror convention reverses sign
TORUS connected-sum signature: n 12 dimensions 24 22 signature 2 mirror convention reverses sign
TORUS connected-sum signature: n 13 dimensions 26 24 signature 2 mirror convention reverses sign
TORUS connected-sum signature: n 14 dimensions 28 26 signature 2 mirror convention reverses sign
TORUS connected-sum signature: n 15 dimensions 30 28 signature 2 mirror convention reverses sign
TORUS connected-sum signature: n 16 dimensions 32 30 signature 2 mirror convention reverses sign
TORUS connected-sum signature: n 17 dimensions 34 32 signature 2 mirror convention reverses sign
TORUS connected-sum signature: n 18 dimensions 36 34 signature 2 mirror convention reverses sign
TORUS connected-sum signature: n 19 dimensions 38 36 signature 2 mirror convention reverses sign
TORUS connected-sum signature: n 20 dimensions 40 38 signature 2 mirror convention reverses sign
TORUS connected-sum signature: n 50 dimensions 100 98 signature 2 mirror convention reverses sign
TORUS connected-sum signature: n 100 dimensions 200 198 signature 2 mirror convention reverses sign
DISPLACEMENT: 195 actual noncommuting seven-factor identities; integer-index supports, no wrap
m=1 double-commutator bound4 works in exactly two blocks; unsupported three-block formula fails
WRAP-AROUND negative controls: periods2..9 fail displacement at the repeated endpoint
DEGENERACY: abelian base, identity displacer => derived identity; cl=0 bound0
ALL INDEPENDENT CONTROLS PASSED
