{
  "assertions_by_family": {
    "arbitrary_word_coboundary_grouped_into_two": 4000,
    "bare_dihedral_even_translation_two_letters": 1,
    "class_two_actual_commutator": 1400,
    "class_two_bound20_contains_certificate12": 1400,
    "class_two_inverse": 1400,
    "class_two_signed_power": 1400,
    "class_two_six_commutator_certificate": 1400,
    "dihedral_lamp_inverse": 1600,
    "dihedral_lamp_mass_homomorphism": 1600,
    "dihedral_lamp_signed_power_certificate": 11200,
    "dihedral_lamp_uniform_zero_mass_bound6": 11200,
    "dyadic_semidirect_inverse": 1820,
    "finite_index_intrinsic_vs_ambient_gap": 1,
    "heisenberg_central_infinite_bounded_powers": 201,
    "homogeneous_vs_raw_distance3_control": 4000,
    "lamp_mass_signed_linear_detection": 399,
    "noncommuting_action_all_congruence_identity": 4000,
    "nonsplit_central_coordinate_not_homomorphism": 1,
    "normally_one_generator_actual_commutator": 1820,
    "ordinary_nonhomomorphism_detection": 1,
    "ordinary_quasimorphism_global_defect12_control": 4000,
    "ordinary_quasimorphism_pullback_signed_homogeneity": 4000,
    "rank_four_not_single_commutator": 1,
    "same_domain_quasimorphism_detects_kernel_perturbations": 75,
    "single_commutator_pfaffian_zero": 1400,
    "split_action_is_noncommutative": 1,
    "split_exact_inverse": 4000,
    "split_kernel_four_letter_certificate": 4000,
    "split_projection_is_homomorphism": 4000,
    "virtually_metabelian_derived_bound4": 1600
  },
  "code_sha256": "9d13d38f984b3127fb2cf9a6f66a6b9229be10a8caff3a4f6300e7fbd5dc5558",
  "head": "9946a67cf8a1f7e3130d2a12de902db05875283a",
  "independence": "Written and sealed before TURN/FINAL/old/sibling/root verdict reads; no candidate imports; RNG fixed; rational and integer arithmetic only.",
  "observed_brooks_homogeneous_defect_max": 2,
  "pass": true,
  "seed": 38030002762,
  "total_exact_assertions": 71921,
  "universal_vs_empirical": "The universal arguments are in INDEPENDENT_RECONSTRUCTION.md; finite controls check exact group laws and reject invalid boundary assumptions, not universal theorem proofs."
}
