{
  "bs_infinite_exact_witnesses": 2010,
  "classification": "finite checks do not prove a universal norm estimate",
  "cyclic_wrap_adversaries": [
    {
      "finite_norm": 1,
      "infinite_norm": 6,
      "n": 6,
      "q": 7
    },
    {
      "finite_norm": 0,
      "infinite_norm": 7,
      "n": 7,
      "q": 7
    },
    {
      "finite_norm": 1,
      "infinite_norm": 8,
      "n": 8,
      "q": 7
    },
    {
      "finite_norm": 0,
      "infinite_norm": 14,
      "n": 14,
      "q": 7
    },
    {
      "finite_norm": 1,
      "infinite_norm": 10,
      "n": 10,
      "q": 11
    },
    {
      "finite_norm": 0,
      "infinite_norm": 11,
      "n": 11,
      "q": 11
    },
    {
      "finite_norm": 1,
      "infinite_norm": 12,
      "n": 12,
      "q": 11
    },
    {
      "finite_norm": 0,
      "infinite_norm": 22,
      "n": 22,
      "q": 11
    },
    {
      "finite_norm": 1,
      "infinite_norm": 100,
      "n": 100,
      "q": 101
    },
    {
      "finite_norm": 0,
      "infinite_norm": 101,
      "n": 101,
      "q": 101
    },
    {
      "finite_norm": 1,
      "infinite_norm": 102,
      "n": 102,
      "q": 101
    },
    {
      "finite_norm": 0,
      "infinite_norm": 202,
      "n": 202,
      "q": 101
    }
  ],
  "dihedral": [
    {
      "max_rotation_norm": 1,
      "q": 3
    },
    {
      "max_rotation_norm": 2,
      "q": 4
    },
    {
      "max_rotation_norm": 2,
      "q": 5
    },
    {
      "max_rotation_norm": 3,
      "q": 6
    },
    {
      "max_rotation_norm": 2,
      "q": 7
    },
    {
      "max_rotation_norm": 3,
      "q": 8
    },
    {
      "max_rotation_norm": 2,
      "q": 9
    },
    {
      "max_rotation_norm": 3,
      "q": 10
    },
    {
      "max_rotation_norm": 2,
      "q": 11
    },
    {
      "max_rotation_norm": 3,
      "q": 12
    },
    {
      "max_rotation_norm": 2,
      "q": 13
    },
    {
      "max_rotation_norm": 3,
      "q": 14
    },
    {
      "max_rotation_norm": 2,
      "q": 15
    },
    {
      "max_rotation_norm": 3,
      "q": 16
    },
    {
      "max_rotation_norm": 2,
      "q": 17
    },
    {
      "max_rotation_norm": 3,
      "q": 18
    },
    {
      "max_rotation_norm": 2,
      "q": 19
    }
  ],
  "heisenberg": [
    {
      "max_central_norm": 2,
      "q": 2
    },
    {
      "max_central_norm": 2,
      "q": 3
    },
    {
      "max_central_norm": 2,
      "q": 5
    },
    {
      "max_central_norm": 2,
      "q": 7
    }
  ]
}
