{
  "prime": 1009,
  "dimension": 31,
  "integer_basis_jacobi_triples": 4495,
  "original_export_matched": true,
  "flag_identity_count": 12,
  "flag_identities": [
    {
      "name": "[x,t]=6t",
      "common_value": [
        [
          3,
          6,
          1
        ]
      ]
    },
    {
      "name": "[y,t]=6U1",
      "common_value": [
        [
          4,
          6,
          1
        ]
      ]
    },
    {
      "name": "[x,y]=2e-2f+4U1+4V0",
      "common_value": [
        [
          1,
          2,
          1
        ],
        [
          2,
          -2,
          1
        ],
        [
          4,
          4,
          1
        ],
        [
          10,
          4,
          1
        ]
      ]
    },
    {
      "name": "[e,z]=t",
      "common_value": [
        [
          3,
          1,
          1
        ]
      ]
    },
    {
      "name": "[R2,t]=0",
      "common_value": []
    },
    {
      "name": "[U2,U6]=2880W5",
      "common_value": [
        [
          20,
          2880,
          1
        ]
      ]
    },
    {
      "name": "[U0,W5]=86400T0",
      "common_value": [
        [
          22,
          86400,
          1
        ]
      ]
    },
    {
      "name": "[U0,V4]=8640T0",
      "common_value": [
        [
          22,
          8640,
          1
        ]
      ]
    },
    {
      "name": "projector e",
      "common_value": [
        [
          1,
          1,
          1
        ]
      ]
    },
    {
      "name": "projector f",
      "common_value": [
        [
          2,
          1,
          1
        ]
      ]
    },
    {
      "name": "projector z",
      "common_value": [
        [
          4,
          1,
          1
        ],
        [
          10,
          1,
          1
        ]
      ]
    },
    {
      "name": "projector r",
      "common_value": [
        [
          27,
          1,
          1
        ]
      ]
    }
  ],
  "generation_nodes": 88,
  "generation_targets": 31,
  "generation_dag_accepted": true,
  "changed_W0_divisor_rejected": true,
  "elapsed_seconds": 0.05088980000027732,
  "lean_checked": false,
  "classification_free_flag_proof": "see docs/DIRECT_FLAG_RIGIDITY.md",
  "status": "EXACT_RESEARCH_CHECKS_PASSED; not Lean certification"
}
	Command being timed: "python3 scripts/direct_flag.py --check-only"
	User time (seconds): 1.13
	System time (seconds): 0.08
	Percent of CPU this job got: 149%
	Elapsed (wall clock) time (h:mm:ss or m:ss): 0:00.81
	Average shared text size (kbytes): 0
	Average unshared data size (kbytes): 0
	Average stack size (kbytes): 0
	Average total size (kbytes): 0
	Maximum resident set size (kbytes): 94124
	Average resident set size (kbytes): 0
	Major (requiring I/O) page faults: 0
	Minor (reclaiming a frame) page faults: 25183
	Voluntary context switches: 12
	Involuntary context switches: 25
	Swaps: 0
	File system inputs: 0
	File system outputs: 8
	Socket messages sent: 0
	Socket messages received: 0
	Signals delivered: 0
	Page size (bytes): 4096
	Exit status: 0
