{
  "prime": 1009,
  "dimension": 31,
  "integer_basis_jacobi_triples": 4495,
  "original_export_matched": true,
  "flag_identity_count": 12,
  "flag_identities": [
    {
      "name": "[x,t]=6t",
      "common_value": [
        [
          3,
          6,
          1
        ]
      ]
    },
    {
      "name": "[y,t]=6U1",
      "common_value": [
        [
          4,
          6,
          1
        ]
      ]
    },
    {
      "name": "[x,y]=2e-2f+4U1+4V0",
      "common_value": [
        [
          1,
          2,
          1
        ],
        [
          2,
          -2,
          1
        ],
        [
          4,
          4,
          1
        ],
        [
          10,
          4,
          1
        ]
      ]
    },
    {
      "name": "[e,z]=t",
      "common_value": [
        [
          3,
          1,
          1
        ]
      ]
    },
    {
      "name": "[R2,t]=0",
      "common_value": []
    },
    {
      "name": "[U2,U6]=2880W5",
      "common_value": [
        [
          20,
          2880,
          1
        ]
      ]
    },
    {
      "name": "[U0,W5]=86400T0",
      "common_value": [
        [
          22,
          86400,
          1
        ]
      ]
    },
    {
      "name": "[U0,V4]=8640T0",
      "common_value": [
        [
          22,
          8640,
          1
        ]
      ]
    },
    {
      "name": "projector e",
      "common_value": [
        [
          1,
          1,
          1
        ]
      ]
    },
    {
      "name": "projector f",
      "common_value": [
        [
          2,
          1,
          1
        ]
      ]
    },
    {
      "name": "projector z",
      "common_value": [
        [
          4,
          1,
          1
        ],
        [
          10,
          1,
          1
        ]
      ]
    },
    {
      "name": "projector r",
      "common_value": [
        [
          27,
          1,
          1
        ]
      ]
    }
  ],
  "generation_nodes": 88,
  "generation_targets": 31,
  "generation_dag_accepted": true,
  "changed_W0_divisor_rejected": true,
  "elapsed_seconds": 0.05375834500000565,
  "lean_checked": false,
  "classification_free_flag_proof": "see docs/DIRECT_FLAG_RIGIDITY.md",
  "status": "EXACT_RESEARCH_CHECKS_PASSED; not Lean certification"
}
