{
  "platform": "Linux-6.18.44-x86_64-with-glibc2.41",
  "machine": "x86_64",
  "python": "3.13.5 (main, Jul 15 2026, 20:25:40) [GCC 14.2.0]",
  "executables": {
    "lean": null,
    "lake": null,
    "elan": null,
    "git": "/usr/bin/git",
    "g++": "/usr/bin/g++"
  },
  "dns": {
    "github.com": {
      "error": "[Errno -3] Temporary failure in name resolution"
    },
    "zenodo.org": {
      "error": "[Errno -3] Temporary failure in name resolution"
    },
    "pypi.org": {
      "error": "[Errno -3] Temporary failure in name resolution"
    }
  },
  "commands": [
    {
      "argv": [
        "lean",
        "--version"
      ],
      "error": "[Errno 2] No such file or directory: 'lean'"
    },
    {
      "argv": [
        "lake",
        "--version"
      ],
      "error": "[Errno 2] No such file or directory: 'lake'"
    },
    {
      "argv": [
        "g++",
        "--version"
      ],
      "returncode": 0,
      "stdout": "g++ (Debian 14.2.0-19) 14.2.0\nCopyright (C) 2024 Free Software Foundation, Inc.\nThis is free software; see the source for copying conditions.  There is NO\nwarranty; not even for MERCHANTABILITY or FITNESS FOR A PARTICULAR PURPOSE.\n\n",
      "stderr": ""
    }
  ],
  "lean_compiled": false
}
