{
  "algebraic_coefficient_field": "Q(i)",
  "antipodal_identity": true,
  "arithmetic": "exact Fraction pairs in Q(i)",
  "critical_multiplicities": [
    4,
    4
  ],
  "critical_points": [
    "1",
    "-1"
  ],
  "cycles": [
    [
      "1",
      "0",
      "-i"
    ],
    [
      "-1",
      "inf",
      "i"
    ]
  ],
  "degree": 5,
  "infinity_unramified": true,
  "manual_proof_required": [
    "exhaustion of holomorphic symmetries",
    "uniqueness of antiholomorphic symmetry",
    "no real model",
    "absolute field of moduli Q"
  ],
  "map": "i*((z-1)/(z+1))^5",
  "orbit": {
    "-1": "inf",
    "-i": "1",
    "0": "-i",
    "1": "0",
    "i": "-1",
    "inf": "i"
  },
  "ramification_total": 8,
  "swap_commutes": false,
  "swap_mismatch_at0": [
    "-i",
    "i"
  ]
}
