{
  "passed": 211,
  "failed": 0,
  "sympy_version": "1.14.0",
  "proof_sha256": "464af6d259f9275ca9f0056567f5301bc228465fa0ddaf2faece0920cab6bd7c",
  "checks": {
    "strip_area": "PASS",
    "dyadic_annular_area": "PASS",
    "annular_intensity_cancellation": "PASS",
    "far_tail_fourth_order_scaling": "PASS",
    "dyadic_sum_0": "PASS",
    "cover_0_1": "PASS",
    "cover_0_3/2": "PASS",
    "cover_0_7/4": "PASS",
    "dyadic_sum_1": "PASS",
    "cover_1_1": "PASS",
    "cover_1_3/2": "PASS",
    "cover_1_7/4": "PASS",
    "dyadic_sum_2": "PASS",
    "cover_2_1": "PASS",
    "cover_2_3/2": "PASS",
    "cover_2_7/4": "PASS",
    "dyadic_sum_3": "PASS",
    "cover_3_1": "PASS",
    "cover_3_3/2": "PASS",
    "cover_3_7/4": "PASS",
    "dyadic_sum_4": "PASS",
    "cover_4_1": "PASS",
    "cover_4_3/2": "PASS",
    "cover_4_7/4": "PASS",
    "dyadic_sum_5": "PASS",
    "cover_5_1": "PASS",
    "cover_5_3/2": "PASS",
    "cover_5_7/4": "PASS",
    "dyadic_sum_6": "PASS",
    "cover_6_1": "PASS",
    "cover_6_3/2": "PASS",
    "cover_6_7/4": "PASS",
    "dyadic_sum_7": "PASS",
    "cover_7_1": "PASS",
    "cover_7_3/2": "PASS",
    "cover_7_7/4": "PASS",
    "dyadic_sum_8": "PASS",
    "cover_8_1": "PASS",
    "cover_8_3/2": "PASS",
    "cover_8_7/4": "PASS",
    "dyadic_sum_9": "PASS",
    "cover_9_1": "PASS",
    "cover_9_3/2": "PASS",
    "cover_9_7/4": "PASS",
    "dyadic_sum_10": "PASS",
    "cover_10_1": "PASS",
    "cover_10_3/2": "PASS",
    "cover_10_7/4": "PASS",
    "dyadic_sum_11": "PASS",
    "cover_11_1": "PASS",
    "cover_11_3/2": "PASS",
    "cover_11_7/4": "PASS",
    "dyadic_sum_12": "PASS",
    "cover_12_1": "PASS",
    "cover_12_3/2": "PASS",
    "cover_12_7/4": "PASS",
    "dyadic_sum_13": "PASS",
    "cover_13_1": "PASS",
    "cover_13_3/2": "PASS",
    "cover_13_7/4": "PASS",
    "dyadic_sum_14": "PASS",
    "cover_14_1": "PASS",
    "cover_14_3/2": "PASS",
    "cover_14_7/4": "PASS",
    "dyadic_sum_15": "PASS",
    "cover_15_1": "PASS",
    "cover_15_3/2": "PASS",
    "cover_15_7/4": "PASS",
    "dyadic_sum_16": "PASS",
    "cover_16_1": "PASS",
    "cover_16_3/2": "PASS",
    "cover_16_7/4": "PASS",
    "dyadic_sum_17": "PASS",
    "cover_17_1": "PASS",
    "cover_17_3/2": "PASS",
    "cover_17_7/4": "PASS",
    "dyadic_sum_18": "PASS",
    "cover_18_1": "PASS",
    "cover_18_3/2": "PASS",
    "cover_18_7/4": "PASS",
    "dyadic_sum_19": "PASS",
    "cover_19_1": "PASS",
    "cover_19_3/2": "PASS",
    "cover_19_7/4": "PASS",
    "dyadic_sum_20": "PASS",
    "cover_20_1": "PASS",
    "cover_20_3/2": "PASS",
    "cover_20_7/4": "PASS",
    "dyadic_sum_21": "PASS",
    "cover_21_1": "PASS",
    "cover_21_3/2": "PASS",
    "cover_21_7/4": "PASS",
    "dyadic_sum_22": "PASS",
    "cover_22_1": "PASS",
    "cover_22_3/2": "PASS",
    "cover_22_7/4": "PASS",
    "dyadic_sum_23": "PASS",
    "cover_23_1": "PASS",
    "cover_23_3/2": "PASS",
    "cover_23_7/4": "PASS",
    "dyadic_sum_24": "PASS",
    "cover_24_1": "PASS",
    "cover_24_3/2": "PASS",
    "cover_24_7/4": "PASS",
    "poisson_second_factorial_shift_2": "PASS",
    "poisson_second_factorial_shift_3": "PASS",
    "poisson_second_factorial_shift_4": "PASS",
    "poisson_second_factorial_shift_5": "PASS",
    "poisson_second_factorial_shift_6": "PASS",
    "poisson_second_factorial_shift_7": "PASS",
    "poisson_second_factorial_shift_8": "PASS",
    "poisson_second_factorial_shift_9": "PASS",
    "poisson_second_factorial_shift_10": "PASS",
    "poisson_second_factorial_shift_11": "PASS",
    "poisson_second_factorial_shift_12": "PASS",
    "poisson_second_factorial_shift_13": "PASS",
    "poisson_second_factorial_shift_14": "PASS",
    "poisson_second_factorial_shift_15": "PASS",
    "poisson_second_factorial_shift_16": "PASS",
    "poisson_second_factorial_shift_17": "PASS",
    "poisson_second_factorial_shift_18": "PASS",
    "poisson_second_factorial_shift_19": "PASS",
    "poisson_second_factorial_shift_20": "PASS",
    "poisson_second_factorial_shift_21": "PASS",
    "poisson_second_factorial_shift_22": "PASS",
    "poisson_second_factorial_shift_23": "PASS",
    "poisson_second_factorial_shift_24": "PASS",
    "poisson_second_factorial_shift_25": "PASS",
    "poisson_second_factorial_shift_26": "PASS",
    "poisson_second_factorial_shift_27": "PASS",
    "poisson_second_factorial_shift_28": "PASS",
    "poisson_second_factorial_shift_29": "PASS",
    "poisson_second_factorial_shift_30": "PASS",
    "poisson_second_factorial_shift_31": "PASS",
    "poisson_second_factorial_shift_32": "PASS",
    "poisson_second_factorial_shift_33": "PASS",
    "poisson_second_factorial_shift_34": "PASS",
    "poisson_second_factorial_shift_35": "PASS",
    "poisson_second_factorial_shift_36": "PASS",
    "poisson_second_factorial_shift_37": "PASS",
    "poisson_second_factorial_shift_38": "PASS",
    "poisson_second_factorial_shift_39": "PASS",
    "poisson_second_factorial_shift_40": "PASS",
    "poisson_second_factorial_shift_41": "PASS",
    "poisson_second_factorial_shift_42": "PASS",
    "poisson_second_factorial_shift_43": "PASS",
    "poisson_second_factorial_shift_44": "PASS",
    "poisson_second_factorial_shift_45": "PASS",
    "poisson_second_factorial_shift_46": "PASS",
    "poisson_second_factorial_shift_47": "PASS",
    "poisson_second_factorial_shift_48": "PASS",
    "poisson_second_factorial_shift_49": "PASS",
    "poisson_second_factorial_shift_50": "PASS",
    "poisson_second_factorial_shift_51": "PASS",
    "poisson_second_factorial_shift_52": "PASS",
    "poisson_second_factorial_shift_53": "PASS",
    "poisson_second_factorial_shift_54": "PASS",
    "poisson_second_factorial_shift_55": "PASS",
    "poisson_second_factorial_shift_56": "PASS",
    "poisson_second_factorial_shift_57": "PASS",
    "poisson_second_factorial_shift_58": "PASS",
    "poisson_second_factorial_shift_59": "PASS",
    "poisson_second_factorial_shift_60": "PASS",
    "poisson_second_factorial_shift_61": "PASS",
    "poisson_second_factorial_shift_62": "PASS",
    "poisson_second_factorial_shift_63": "PASS",
    "poisson_second_factorial_shift_64": "PASS",
    "poisson_second_factorial_shift_65": "PASS",
    "poisson_second_factorial_shift_66": "PASS",
    "poisson_second_factorial_shift_67": "PASS",
    "poisson_second_factorial_shift_68": "PASS",
    "poisson_second_factorial_shift_69": "PASS",
    "poisson_second_factorial_shift_70": "PASS",
    "poisson_second_factorial_shift_71": "PASS",
    "poisson_second_factorial_shift_72": "PASS",
    "poisson_second_factorial_shift_73": "PASS",
    "poisson_second_factorial_shift_74": "PASS",
    "poisson_second_factorial_shift_75": "PASS",
    "poisson_second_factorial_shift_76": "PASS",
    "poisson_second_factorial_shift_77": "PASS",
    "poisson_second_factorial_shift_78": "PASS",
    "poisson_second_factorial_shift_79": "PASS",
    "poisson_second_factorial_shift_80": "PASS",
    "poisson_second_factorial_shift_81": "PASS",
    "pareto_layercake_2": "PASS",
    "pareto_finite_mean_2": "PASS",
    "pareto_fourth_tail_control_2": "PASS",
    "pareto_layercake_3": "PASS",
    "pareto_finite_mean_3": "PASS",
    "pareto_fourth_tail_control_3": "PASS",
    "pareto_layercake_4": "PASS",
    "pareto_finite_mean_4": "PASS",
    "pareto_fourth_tail_control_4": "PASS",
    "pareto_layercake_5": "PASS",
    "pareto_finite_mean_5": "PASS",
    "pareto_fourth_tail_control_5": "PASS",
    "pareto_layercake_7/2": "PASS",
    "pareto_finite_mean_7/2": "PASS",
    "pareto_fourth_tail_control_7/2": "PASS",
    "pareto_layercake_9/2": "PASS",
    "pareto_finite_mean_9/2": "PASS",
    "pareto_fourth_tail_control_9/2": "PASS",
    "pareto_layercake_8": "PASS",
    "pareto_finite_mean_8": "PASS",
    "pareto_fourth_tail_control_8": "PASS",
    "finite_first_moment_does_not_imply_tail_condition": "PASS",
    "pareto_two_truncated_first_moment": "PASS",
    "chernoff_rate_negative_1/10": "PASS",
    "chernoff_rate_negative_1/4": "PASS",
    "chernoff_rate_negative_1/2": "PASS",
    "chernoff_rate_negative_3/4": "PASS"
  },
  "scope": "Exact algebraic and distributional controls only; no generated SIRSN, no Monte Carlo theorem, no verification of the unconditional target."
}
