{
  "scope": "Bounded exact controls only; not an asymptotic proof.",
  "exhaustive": [
    {
      "family": "GL",
      "dimension": 2,
      "q": 3,
      "candidate_matrices": 81,
      "group_order": 48,
      "Q_count": 12,
      "proportion": "1/4",
      "SL_order": 24,
      "SL_Q_count": 0,
      "matrix_stream_sha256": "1809c807fe013bc08e626ca9c6ed475d1c50dc6eb424ae633fc994bc108c86a0",
      "method": "exhaustive matrices; exact determinant/order/fixed-space rank; torus model match"
    },
    {
      "family": "GL",
      "dimension": 2,
      "q": 5,
      "candidate_matrices": 625,
      "group_order": 480,
      "Q_count": 150,
      "proportion": "5/16",
      "SL_order": 120,
      "SL_Q_count": 0,
      "matrix_stream_sha256": "62181ae25241578d4f920c95961d13b825e265bd688f1a7abb6f855fc476829b",
      "method": "exhaustive matrices; exact determinant/order/fixed-space rank; torus model match"
    },
    {
      "family": "GL",
      "dimension": 2,
      "q": 7,
      "candidate_matrices": 2401,
      "group_order": 2016,
      "Q_count": 504,
      "proportion": "1/4",
      "SL_order": 336,
      "SL_Q_count": 0,
      "matrix_stream_sha256": "c9a093dda6f1a55ab927dc9e128273748559c854ad417482e1523013a7072b52",
      "method": "exhaustive matrices; exact determinant/order/fixed-space rank; torus model match"
    },
    {
      "family": "GL",
      "dimension": 3,
      "q": 3,
      "candidate_matrices": 19683,
      "group_order": 11232,
      "Q_count": 5265,
      "proportion": "15/32",
      "SL_order": 5616,
      "SL_Q_count": 3159,
      "matrix_stream_sha256": "ae67533d8418e86ca862e756739cb3c379f203a5982c0fd9fb3b234101f260c2",
      "method": "exhaustive matrices; exact determinant/order/fixed-space rank; torus model match"
    },
    {
      "family": "Sp",
      "dimension": 4,
      "rank": 2,
      "q": 3,
      "group_order": 51840,
      "Q_count": 17010,
      "proportion": "21/64",
      "matrix_stream_sha256": "06cf4340be1377e61bcc650ad785bde443079376246ef3312c8bec7650ee5122",
      "method": "exhaustive symplectic bases; exact order/fixed-space rank; signed-torus match"
    }
  ]
}
all exact controls passed
