{
  "status": "PASS",
  "sympy_version": "1.14.0",
  "assertions": 25,
  "checks": {
    "six_parameter_exact_trace_formula": 2,
    "distinct_Horowitz_cyclic_words": 1,
    "distinct_Horowitz_unoriented_words": 1,
    "actual_Gamma2_word_matrix": 4,
    "actual_Gamma2_word_hyperbolic": 4,
    "original_reversal_trace_102": 1,
    "wrong_word_trace_38": 1,
    "v3_equal_total_half_twists": 1,
    "v3_equal_self_intersection_linear_constraint": 1,
    "v3_parity_and_order": 2,
    "v3_matching_source_count_and_arc_formulas": 1,
    "v3_actual_word_trace_separation": 1,
    "exact_angular_integral": 1,
    "standard_unoriented_Liouville_self_length": 1,
    "vertical_side_pairing": 1,
    "semicircle_side_pairing_endpoints": 1,
    "semicircle_side_pairing_midpoint": 1
  },
  "jyothis_v3_triples": [
    [
      17,
      12,
      3
    ],
    [
      19,
      8,
      5
    ]
  ],
  "jyothis_v3_word_traces": [
    6270,
    6654
  ],
  "scope": "Exact formula, word, parity, angle and ideal-quadrilateral side-map controls. The six essential arc argument, polygon theorem, surface retraction and positivity support proof remain mathematical arguments; no arbitrary-current classification is tested."
}
