{
  "status": "PASS",
  "arithmetic": "exact integers and fractions only",
  "external_companion_executed": false,
  "paley": {
    "gram": "PASS",
    "vertex": [
      -3,
      -3,
      -3,
      0,
      -2,
      -2,
      2,
      -2,
      3,
      2,
      3
    ],
    "chart": [
      "0",
      "0",
      "0",
      "3/2",
      "1/2",
      "1/2",
      "5/2",
      "1/2",
      "3",
      "5/2",
      "3"
    ],
    "products": [
      -5,
      -5,
      1,
      -5,
      1,
      1,
      25,
      1,
      1,
      -5,
      -5,
      -5
    ],
    "active_minor_determinant": 64,
    "parametric_product_coefficients": [
      [
        -1,
        -2
      ],
      [
        -1,
        -2
      ],
      [
        -1,
        4
      ],
      [
        -1,
        -2
      ],
      [
        -1,
        4
      ],
      [
        -1,
        4
      ],
      [
        11,
        -8
      ],
      [
        -1,
        4
      ],
      [
        -1,
        4
      ],
      [
        -1,
        -2
      ],
      [
        -1,
        -2
      ],
      [
        -1,
        -2
      ]
    ],
    "sampled_admissible_cases": 40,
    "negative_controls": [
      "flipped_matrix_entry",
      "duplicated_active_row",
      "wrong_scale_m",
      "wrong_ambient_lattice"
    ]
  },
  "hole": {
    "degree_two_hole": [
      0,
      0,
      0,
      -2,
      2,
      2,
      2,
      -2,
      2,
      2,
      2,
      2,
      2,
      2,
      2
    ],
    "all_source_lattice_points_enumerated": 32768,
    "feasible_source_lattice_points": 9552,
    "face_lattice_points": 4,
    "decompositions": 0,
    "fixed_row_contributions": [
      8,
      -4,
      -4,
      -4,
      -4,
      0,
      0,
      0,
      -4,
      0,
      0,
      0,
      0,
      4,
      4,
      4
    ],
    "integrality_proof": "Theorem 2.3, independently audited in prose; not inferred from this enumeration",
    "negative_controls": [
      "nearby_degree_two_point_is_decomposable",
      "false_face_point_is_infeasible"
    ]
  },
  "small_sign_matrix_classes": {
    "1": {
      "1": 1
    },
    "2": {
      "2": 1,
      "0": 1
    },
    "3": {
      "0": 10,
      "4": 6
    },
    "4": {
      "0": 338,
      "8": 168,
      "16": 6
    }
  },
  "sylvester_sharpness_samples": [
    {
      "N": 16,
      "n": 1,
      "m": 3,
      "active_minor_abs_determinant": 16,
      "minimum_simplex_slack": 0
    },
    {
      "N": 16,
      "n": 3,
      "m": 13,
      "active_minor_abs_determinant": 16,
      "minimum_simplex_slack": 0
    },
    {
      "N": 16,
      "n": 5,
      "m": 23,
      "active_minor_abs_determinant": 16,
      "minimum_simplex_slack": 0
    },
    {
      "N": 16,
      "n": 7,
      "m": 33,
      "active_minor_abs_determinant": 16,
      "minimum_simplex_slack": 0
    },
    {
      "N": 32,
      "n": 1,
      "m": 9,
      "active_minor_abs_determinant": 16,
      "minimum_simplex_slack": 0
    },
    {
      "N": 32,
      "n": 3,
      "m": 31,
      "active_minor_abs_determinant": 16,
      "minimum_simplex_slack": 0
    },
    {
      "N": 32,
      "n": 5,
      "m": 53,
      "active_minor_abs_determinant": 16,
      "minimum_simplex_slack": 0
    },
    {
      "N": 32,
      "n": 7,
      "m": 75,
      "active_minor_abs_determinant": 16,
      "minimum_simplex_slack": 0
    },
    {
      "N": 64,
      "n": 1,
      "m": 21,
      "active_minor_abs_determinant": 16,
      "minimum_simplex_slack": 0
    },
    {
      "N": 64,
      "n": 3,
      "m": 67,
      "active_minor_abs_determinant": 16,
      "minimum_simplex_slack": 0
    },
    {
      "N": 64,
      "n": 5,
      "m": 113,
      "active_minor_abs_determinant": 16,
      "minimum_simplex_slack": 0
    },
    {
      "N": 64,
      "n": 7,
      "m": 159,
      "active_minor_abs_determinant": 16,
      "minimum_simplex_slack": 0
    }
  ],
  "smoothness_resonance": {
    "d": 11,
    "m": 9,
    "n": 1,
    "cube_vertex": [
      1,
      -1,
      -1,
      -1,
      -1,
      -1,
      -1,
      -1,
      -1,
      -1,
      -1
    ],
    "incident_genuine_facets": 12,
    "simplex_row_products": [
      -9,
      -1,
      -1,
      3,
      -1,
      -1,
      -1,
      3,
      3,
      3,
      -1,
      3
    ],
    "conclusion": "Nonsimple resonance, although Santos printed sufficient bound is satisfied"
  }
}
