{
  "status": "PASS",
  "completed_utc": "2026-10-03T11:07:19.997513+00:00",
  "assertions": 3775,
  "by_scope": {
    "cosh_geometric_tail_applicable": 1,
    "sqrt3_upper_certificate": 1,
    "negative_cone_escape_angle_certificate": 1,
    "source_side_monotonic_bound": 301,
    "regular_angle_monotonic_bound": 301,
    "cone_surface_topological_genus": 301,
    "cone_source_perimeter_preserved": 301,
    "cone_gauss_bonnet_identity": 1204,
    "negative_glued_cone_defects": 1204,
    "overlap_strip_disk_euler": 1,
    "distinct_panels_coincident_development": 1,
    "positive_overlapping_disk_sectors": 1,
    "overlap_disk_boundary_gauss_bonnet": 1,
    "overlap_disk_exact_area": 1,
    "intrinsic_overlap_isoperimetric_check": 1,
    "reentrant_boundary_present": 1,
    "full_turn_slit_boundary_gauss_bonnet": 1,
    "intrinsic_full_turn_not_modulo_zero": 1,
    "slit_disk_perimeter_area_check": 1,
    "mutation_wrong_interior_boundary_reference_detected": 1,
    "sqrt2_lt_threehalves_certificate": 1,
    "positive_cone_polygon_breaks_unmodified_inequality": 1,
    "radial_cone_exact_deficit_identity": 24,
    "radial_cone_curvature_sign": 24,
    "sector_conservation_defect_change": 15,
    "odd_merge_genus_integral": 15,
    "sector_conserving_smooth_merge_impossible": 15,
    "sector_conserving_smooth_split_impossible": 15,
    "filled_face_shortcut_squared_comparison": 1,
    "graph_commutator_freely_nontrivial": 1,
    "filled_torus_commutator_null_displacement": 1,
    "exact_max_tail_probability_range": 14,
    "exact_max_tail_vs_markov": 14,
    "max_tail_below_deterministic_threshold": 5,
    "max_tail_at_degenerate_endpoint": 2,
    "adaptive_choice_capacity_exceeds_fixed_small_coordinate": 1
  },
  "regular_cone_escape": {
    "starting_genus": 12,
    "source_side_half_upper": "12/23",
    "cosh_upper": "589/517",
    "regular_cosh_lower": "1865828/1633023",
    "universal_reason": "source side decreases and regular smooth side increases with genus"
  },
  "overlap_disk": {
    "panels": 8,
    "intrinsic_topology": "disk",
    "interior_cones": 0,
    "area": "12",
    "perimeter": "24 sqrt(2)+2",
    "duplicate_developed_panels": [
      0,
      4
    ]
  },
  "scope": "New exact controls supplement GEOMETRIC_CONTROLS.md and the sealed universal proof verdict; no simulation, no historical novelty, no original source resolution."
}
