{
  "status": "PASS",
  "assertions": 38179,
  "by_family": {
    "rotation_domain": 396,
    "weighted_grouped_trace_expansion": 72,
    "unique_greatest_exponent": 72,
    "framed_determinant": 72,
    "excluded_full_turn_breaks_leading_coefficient": 1,
    "excluded_zero_length_breaks_uniqueness": 3,
    "simplex_volume_rank_means": 465,
    "all_top_k_expectations": 495,
    "all_edges_unit_mass": 30,
    "adaptive_capacity_including_decreases": 15366,
    "weighted_maximum_stretch": 15366,
    "uncapped_pointwise_stretch": 5435,
    "genus_twelve_strict": 1,
    "genus_eleven_permitted_by_necessary_bound": 1,
    "positive_all_genus_monotonic_coefficient": 1,
    "uniform_four_percent_deficit": 1,
    "cubic_one_face_topology": 200,
    "orientation_preserving_orbifold_index": 200,
    "uniform_systole_analytic_certificate": 1,
    "poisson_count_gap_certificate": 1
  },
  "scope": "Independent finite exact controls only. The sealed mathematical verdict supplies universal reasoning and primary-source dependency validation."
}
