{
  "status": "PASS",
  "arithmetic": "Python standard-library exact rational arithmetic",
  "assertions": 664,
  "checks": {
    "valid_alternative_prefix": 30,
    "vanishing_filler_bound": 30,
    "unit_sphere_normalization": 30,
    "projection_variance": 30,
    "sorted_coordinate_interval": 186,
    "coordinate_error_bound": 186,
    "exact_target_fourth_tail": 30,
    "gaussian_filler_fourth_bound": 30,
    "total_fourth_error_bound": 30,
    "projection_fourth_moment_range": 30,
    "characteristic_normalization": 5,
    "characteristic_variance_coefficient": 5,
    "characteristic_fourth_moment": 5,
    "characteristic_sixth_moment": 5,
    "permutation_invariance_control": 12,
    "variance_one_negative_control": 5,
    "diffuse_unit_norm": 5,
    "diffuse_fourth_decay": 5,
    "diffuse_sixth_decay": 5
  },
  "dimensions": [
    2,
    5,
    8,
    17,
    32
  ],
  "families": [
    "gaussian",
    "single_boundary",
    "plateau_interior",
    "finite_boundary",
    "infinite_interior",
    "infinite_boundary"
  ],
  "scope": "Finite normalization, coordinatewise filler-error, moment and characteristic-coefficient controls only. The LDP is supplied by the cited published theorem; both limit-set directions are audited in REVIEW.md."
}
