{
  "problem_id": 30004386,
  "problem_code": "OWR-17469-011",
  "reviewed_at_utc": "2026-09-30",
  "verdict": "PASS_ALREADY_SOLVED_SOURCE_MATCH",
  "justified_status": "already_solved",
  "reviewer_model": "gpt-6-astra",
  "reviewer_reasoning": "xhigh",
  "author_artifact": "SOURCE_STATUS.md",
  "author_sha256": "90402aea80b79b7713d740863b6058b43c64050c3499701b2bf8490c90b210e3",
  "published_source": "Johnston, Kabluchko and Prochno, Studia Mathematica 264 (2022), 103-119, DOI 10.4064/sm210413-16-9",
  "covered_targets": [
    "Conjecture 1: full random-probability-measure LDP",
    "Lemma 1: entire Prohorov limit set, both directions including norm-one boundary"
  ],
  "full_text_inspected": "arXiv:2103.16430v2 author manuscript; publisher metadata and exact main-result abstract independently checked",
  "required_corrections": [],
  "new_result": false,
  "new_substantive_attempts": 0,
  "author_assertions_reproduced": 527,
  "author_receipt_byte_identical": true,
  "independent_exact_assertions": 664,
  "independent_full_reproof_of_published_LDP": false,
  "sources_verified": [
    {
      "cache_filename": "original.pdf",
      "url": "https://publications.mfo.de/bitstream/handle/mfo/3713/OWR_2020_06.pdf?isAllowed=y&sequence=4",
      "sha256": "908283ff96b6ee7d710e14f817f263f62d50d467114b2723cb50f4de86fbc3e0",
      "bytes": 490099
    },
    {
      "cache_filename": "jkp2022.pdf",
      "url": "https://arxiv.org/pdf/2103.16430v2",
      "sha256": "895649b83af8609a638d77f18baa00890952196b429c3304cba7721815e310cd",
      "bytes": 160880
    }
  ],
  "files": {
    "REVIEW.md": "554c03201d587d153fabfa19f674ae36f15e6c0c6f223a1f9637f8568dbe7ef3",
    "independent_checks.py": "1c31686a0c2303467514a565184911c44bd8c29a7945b9fb94aa864b33d14d24",
    "independent_results.json": "b2089f38b6e43fff87f8799e14475d13c65f34d05b805d0800aa80dda39038f7"
  },
  "original_author_sha256": "98918841ab30dd1e41d51dbc7ec8515a66f1f1c82f01ff08ccc5462b758a2727",
  "final_hash_verification": "Exact replacement of the review-status sentence only; all mathematical and attribution content unchanged"
}
