{
  "GL(k)": "OPEN",
  "clean_branch_corollaries": {
    "count_identities_checked_for_k": [
      5,
      50
    ],
    "positive_outdegree_digraphs_checked": {
      "1": 0,
      "2": 1,
      "3": 27,
      "4": 2401
    }
  },
  "global_frontier": "OPEN",
  "k3": "OPEN",
  "nonindependent_carrier_control": {
    "deletion_rounds": [
      5
    ],
    "edges": 13,
    "eternal_family_states": 34,
    "initial_admissible_states": 39,
    "missing_intended_role": "c at x1",
    "one_guard_obligations": 136,
    "response_lists_at_U": {
      "x0": [
        "p"
      ],
      "x1": [
        "p"
      ],
      "x2": [
        "b",
        "c"
      ],
      "x3": [
        "b"
      ]
    },
    "scope": "symbolic proof-method falsifier, not a full original Y_k realization",
    "vertices": 9
  },
  "pinned_artifacts": 7,
  "status": "PASS",
  "universal_gamma_theta_conjecture": "OPEN"
}
