2026-07-26T06:31:36-07:00
scope=order12-k4-doublelex-publication-package-only
command=nice -n 10 python3 reviews/order12_k4_doublelex_publication_hostile/hostile_publication_audit.py --output reviews/order12_k4_doublelex_publication_hostile/hostile-evidence.json
exit_code=0
sat_solver_invoked=false
target_file_count=4
target_total_size_bytes=64301640
target_inventory_sha256=3ac2f8b4107f737d175b0521ed121e465a9229dba6f119e0e8d9a431c1787be3
review_sha256=2931d5ace745b8441c2bc46a7fd347fdb95ea5b4db94f1071b79ff0968fb0837
review_size_bytes=7551
reviewer_source_sha256=d05aa5847db10cdaca2d8452a83062b533bdc77b107a7d8d4d21250afa474994
reviewer_source_size_bytes=39986
evidence_sha256=3c40bdac300d3d3a1aafefdfdc4dbade9351b2aff7dff1f66e0f0d9223782454
evidence_size_bytes=17094
recovered_lrat_sha256=0e04eb639a3f7f7d335126d56040abb4ef11e8548770262c316a608390659263
recovered_lrat_size_bytes=228381671
private_verifier_exit_code=0
private_verifier_wall_seconds=3.9773407919856254
private_verifier_verdict=VERIFIED_EXACT_DOUBLELEX_CNF_UNSAT_ONLY
decisive_mutation_rejections=11/11
metadata_mutation_rejections=0/2
verdict=ACCEPT_EXACT_DOUBLELEX_CNF_UNSAT_PUBLICATION_PAYLOAD_ONLY_WITH_METADATA_INTEGRITY_LIMITATION
