{
  "utc": "2026-10-03T17:49:11.325319+00:00",
  "phase": "original mathematical assessment sealed before reading sibling/root analytical findings",
  "original_head": "f4039c9c093b10e651ee7fd2e6379073b84238c7",
  "verdict": "PASS direct credited proof; limited sharpness; no novelty",
  "files": {
    "INDEPENDENT_BASELINE_SEAL.json": {
      "bytes": 634,
      "sha256": "c6f367c6e26bbe54e33777b99daed1652fd67dd358f39d0483e4aebc766969a5"
    },
    "ORIGINAL_MATHEMATICAL_ASSESSMENT.md": {
      "bytes": 10080,
      "sha256": "9eca5c2077c71486f9244ccea1fbc8b57199ff5794854c61206bc24cfc08d9ba"
    },
    "FROZEN_PACKET_RECEIPT.json": {
      "bytes": 38746,
      "sha256": "92d7fe638d55eda70aa4339acbbd223bedcde8ce250eb41afdf1cae727f84142"
    },
    "ADVERSARIAL_CONTROLS.json": {
      "bytes": 1916,
      "sha256": "201122fcf09aa1949b63fa2eb9273ff91b1dc8900cf3df45ddeab22f9bcc386a"
    },
    "audit_frozen_packet.py": {
      "bytes": 5513,
      "sha256": "4b5f28539cfbc858f3caaf88a045c8a9e7b238de38e40ecef27d9c2222fe0d6b"
    },
    "adversarial_controls.py": {
      "bytes": 3387,
      "sha256": "cc3f5bcf637afaf1b5d23650b34236a41e78a1651a419bf418c5cf7f214fbbd6"
    }
  }
}
