{
  "environment": "production",
  "title": "An alternating antimorphic Fine-Wilf theorem",
  "files": [
    {
      "name": "alternating-antimorphic-fine-wilf.pdf",
      "size": 68077,
      "sha256": "3ee2635930d4d107ff80cde1dfb7f8c57752fa833d0d212ba15c4ef7d4cdd81d"
    },
    {
      "name": "alternating-antimorphic-verification.zip",
      "size": 116605,
      "sha256": "2e9137b22696a454bea1b48df1ebc732eb1c20b6950da55a983b3b593c7ab1c2"
    }
  ],
  "metadata_normalizations": [],
  "id": 23130727,
  "state": "published",
  "doi": "10.5281/zenodo.23130727",
  "doi_url": "https://doi.org/10.5281/zenodo.23130727",
  "record_url": "https://zenodo.org/records/23130727",
  "url": "https://doi.org/10.5281/zenodo.23130727",
  "verified_utc": "2026-10-04T03:17:48.847168+00:00",
  "doi_resolution": {
    "status": "resolved",
    "http_status": 200,
    "url": "https://doi.org/10.5281/zenodo.23130727",
    "resolved_url": "https://zenodo.org/records/23130727"
  },
  "receipt_saved": true
}
