{
  "clean_full_replay": {
    "layers": 40,
    "maximum_resident_set_size_bytes": 2600484864,
    "peak_memory_footprint_bytes": 503350016,
    "report_sha256": "ec5fefc3c1ab2210e9c53792240ebe008603da6abd004d093e2b95e15ff5c10b",
    "status": "PASS",
    "telemetry_sha256": "415bf36a59e6006603e4382085c784ffc4e1a1744f1e4c920cd5f0d313fb9df5",
    "wall_seconds": 5578.1
  },
  "findings": [],
  "frozen_counts": {
    "cycle": 13440,
    "probe": 574535,
    "raw4": 405216,
    "restoration": 2540,
    "theta2": 2946240
  },
  "frozen_release_sha256": "7113b1c52d577858ec20ef83cd87c870242c8ddc96018036b5c073229821eec9",
  "new_exact_evidence": {
    "canonicalizer_primitive_archetypes": 10084,
    "canonicalizer_strict_relation_presentations": 4012,
    "probe_parameter_transports": 67741,
    "probe_restriction_occurrences": 71022,
    "quartet_formula_transports": 288,
    "quartet_terminal_certificate_ids": 888,
    "quartet_terminal_rows": 4414710,
    "restoration_restriction_occurrences": 5540
  },
  "payload_sha256": "325173d9036d38d12ab6e3b6f55a6a60be59b37c0df02d3f2b2bb2bc8ad55523",
  "schema": "k2p-submission-article-static-audit-v2",
  "source_sha256": {
    "analysis/WEAK_SHARPNESS_COLUMN_CROSSWALK.json": "c3b302c37744fa33834c75ca5b22da9d374d5def4f1e6f4650e3b2b3b4166437",
    "article/main.tex": "ca6dd8d750768b0c47121c8bd60c5c9c3223af194139f5f578cb8bbf5fd5c3f1",
    "article/references.bib": "14dbb4901d924b068c8cc2d050e73bae3cf996a72863a22ade90d6f8e6b4057c",
    "supplement/certificate_appendix.tex": "f2444f0308ab2dcccc45dec0704e98b147fffe4bb11fef9ef19cb7f34e688af5",
    "supplement/compression_tables.tex": "1ce2ef60784c1a240cdd639cd845710934c9587e4c341ad293394c8e1f758e9b",
    "supplement/supplement.tex": "57275e1e5e1058306607a98583ac31e98383952ef2284515fea01f1c47ce95bd",
    "templates/PRINTED_CERTIFICATE_APPENDIX.json": "4a4b58f486769fe03fc199d5914d854d8f03e89538284b51b9a375a96fa5920e"
  },
  "status": "PASS",
  "submission_metadata": {
    "author_contributions": "approved sole-author contribution statement",
    "code_license": "MIT",
    "competing_interests": "The author declares no competing interests.",
    "corresponding_email": "me@aleckriebel.com",
    "doi": null,
    "external_release_actions_performed": false,
    "funding": "No specific funding supported this work.",
    "immutable_submission_tag": "k2p-same-biorxiv-v1.0.0",
    "paper_and_data_license": "CC BY 4.0"
  }
}
