{
  "flows": {
    "configurations": 19125,
    "networks": 600
  },
  "named": {
    "C4_even_product": "1/6561",
    "C4_odd_product": "2/6561",
    "C4_ordered_separations": 4,
    "named_controls": 7
  },
  "status": "all independently designed exact controls passed",
  "supports": {
    "0": {
      "graph_support_representations": 1,
      "nonempty_sublattices": 1
    },
    "1": {
      "graph_support_representations": 3,
      "nonempty_sublattices": 3
    },
    "2": {
      "graph_support_representations": 21,
      "nonempty_sublattices": 12
    },
    "3": {
      "graph_support_representations": 370,
      "nonempty_sublattices": 73
    },
    "4": {
      "graph_support_representations": 17672,
      "nonempty_sublattices": 731
    }
  }
}
