[main fb31c3f91] Accept repaired PR387 proof chain after fresh adversary; checkpoint PR386 partial audit
 251 files changed, 18758 insertions(+), 8 deletions(-)
 create mode 100644 draft_pr_descending_audit_20261002/audits/pr386_2525/README.md
 create mode 100644 draft_pr_descending_audit_20261002/audits/pr386_2525/ROOT_MATHEMATICAL_RECONSTRUCTION.md
 create mode 100644 draft_pr_descending_audit_20261002/audits/pr386_2525/algebra_review/.gitignore
 create mode 100644 draft_pr_descending_audit_20261002/audits/pr386_2525/algebra_review/ADVERSARIAL_CONTROLS.md
 create mode 100644 draft_pr_descending_audit_20261002/audits/pr386_2525/algebra_review/AUDIT_MANIFEST.json
 create mode 100644 draft_pr_descending_audit_20261002/audits/pr386_2525/algebra_review/AUTHOR_REPLAY_SUMMARY.json
 create mode 100644 draft_pr_descending_audit_20261002/audits/pr386_2525/algebra_review/AUTHOR_TURN_1_REPLAY.json
 create mode 100644 draft_pr_descending_audit_20261002/audits/pr386_2525/algebra_review/AUTHOR_TURN_2_REPLAY.json
 create mode 100644 draft_pr_descending_audit_20261002/audits/pr386_2525/algebra_review/AUTHOR_TURN_3_REPLAY.json
 create mode 100644 draft_pr_descending_audit_20261002/audits/pr386_2525/algebra_review/AUTHOR_TURN_4_REPLAY.json
 create mode 100644 draft_pr_descending_audit_20261002/audits/pr386_2525/algebra_review/INDEPENDENT_CONTROLS.json
 create mode 100644 draft_pr_descending_audit_20261002/audits/pr386_2525/algebra_review/INDEPENDENT_DERIVATIONS.md
 create mode 100644 draft_pr_descending_audit_20261002/audits/pr386_2525/algebra_review/INPUT_BINDINGS.json
 create mode 100644 draft_pr_descending_audit_20261002/audits/pr386_2525/algebra_review/PRIMARY_RECONSTRUCTION.md
 create mode 100644 draft_pr_descending_audit_20261002/audits/pr386_2525/algebra_review/PRIOR_INDEPENDENT_REPLAY.json
 create mode 100644 draft_pr_descending_audit_20261002/audits/pr386_2525/algebra_review/REPORT.md
 create mode 100644 draft_pr_descending_audit_20261002/audits/pr386_2525/algebra_review/RESEARCH_LOG.md
 create mode 100644 draft_pr_descending_audit_20261002/audits/pr386_2525/algebra_review/independent_controls.py
 create mode 100644 draft_pr_descending_audit_20261002/audits/pr386_2525/maltcev_alternate_retrieval_receipt.json
 create mode 100644 draft_pr_descending_audit_20261002/audits/pr386_2525/original.diff
 create mode 100644 draft_pr_descending_audit_20261002/audits/pr386_2525/pr_metadata.json
 create mode 100644 draft_pr_descending_audit_20261002/audits/pr386_2525/repair_commit_receipt.json
 create mode 100644 draft_pr_descending_audit_20261002/audits/pr386_2525/repair_preparation_receipt.json
 create mode 100644 draft_pr_descending_audit_20261002/audits/pr386_2525/repair_push.stderr
 create mode 100644 draft_pr_descending_audit_20261002/audits/pr386_2525/repair_push.stdout
 create mode 100644 draft_pr_descending_audit_20261002/audits/pr386_2525/repaired_candidate/unsolved_math_prioritization/attempts/2525/FINAL_FROZEN_MANIFEST.json
 create mode 100644 draft_pr_descending_audit_20261002/audits/pr386_2525/repaired_candidate/unsolved_math_prioritization/attempts/2525/FINAL_REVIEW_REQUEST.md
 create mode 100644 draft_pr_descending_audit_20261002/audits/pr386_2525/repaired_candidate/unsolved_math_prioritization/attempts/2525/PRIOR_GATE.json
 create mode 100644 draft_pr_descending_audit_20261002/audits/pr386_2525/repaired_candidate/unsolved_math_prioritization/attempts/2525/PR_BODY.md
 create mode 100644 draft_pr_descending_audit_20261002/audits/pr386_2525/repaired_candidate/unsolved_math_prioritization/attempts/2525/PUBLICATION_MANIFEST.json
 create mode 100644 draft_pr_descending_audit_20261002/audits/pr386_2525/repaired_candidate/unsolved_math_prioritization/attempts/2525/READINESS.json
 create mode 100644 draft_pr_descending_audit_20261002/audits/pr386_2525/repaired_candidate/unsolved_math_prioritization/attempts/2525/README.md
 create mode 100644 draft_pr_descending_audit_20261002/audits/pr386_2525/repaired_candidate/unsolved_math_prioritization/attempts/2525/REPLAY_ALL.py
 create mode 100644 draft_pr_descending_audit_20261002/audits/pr386_2525/repaired_candidate/unsolved_math_prioritization/attempts/2525/RESULT.md
 create mode 100644 draft_pr_descending_audit_20261002/audits/pr386_2525/repaired_candidate/unsolved_math_prioritization/attempts/2525/SOURCE_MANIFEST.json
 create mode 100644 draft_pr_descending_audit_20261002/audits/pr386_2525/repaired_candidate/unsolved_math_prioritization/attempts/2525/SOURCE_NORMALIZATION.md
 create mode 100644 draft_pr_descending_audit_20261002/audits/pr386_2525/repaired_candidate/unsolved_math_prioritization/attempts/2525/TURN_1.md
 create mode 100644 draft_pr_descending_audit_20261002/audits/pr386_2525/repaired_candidate/unsolved_math_prioritization/attempts/2525/TURN_1_CHECKS.json
 create mode 100644 draft_pr_descending_audit_20261002/audits/pr386_2525/repaired_candidate/unsolved_math_prioritization/attempts/2525/TURN_1_LEDGER.jsonl
 create mode 100644 draft_pr_descending_audit_20261002/audits/pr386_2525/repaired_candidate/unsolved_math_prioritization/attempts/2525/TURN_1_MANIFEST.json
 create mode 100644 draft_pr_descending_audit_20261002/audits/pr386_2525/repaired_candidate/unsolved_math_prioritization/attempts/2525/TURN_1_STATE.json
 create mode 100644 draft_pr_descending_audit_20261002/audits/pr386_2525/repaired_candidate/unsolved_math_prioritization/attempts/2525/TURN_2.md
 create mode 100644 draft_pr_descending_audit_20261002/audits/pr386_2525/repaired_candidate/unsolved_math_prioritization/attempts/2525/TURN_2_CHECKS.json
 create mode 100644 draft_pr_descending_audit_20261002/audits/pr386_2525/repaired_candidate/unsolved_math_prioritization/attempts/2525/TURN_2_EXTENSION_CLARIFICATION.md
 create mode 100644 draft_pr_descending_audit_20261002/audits/pr386_2525/repaired_candidate/unsolved_math_prioritization/attempts/2525/TURN_2_LEDGER.jsonl
 create mode 100644 draft_pr_descending_audit_20261002/audits/pr386_2525/repaired_candidate/unsolved_math_prioritization/attempts/2525/TURN_2_MANIFEST.json
 create mode 100644 draft_pr_descending_audit_20261002/audits/pr386_2525/repaired_candidate/unsolved_math_prioritization/attempts/2525/TURN_2_STATE.json
 create mode 100644 draft_pr_descending_audit_20261002/audits/pr386_2525/repaired_candidate/unsolved_math_prioritization/attempts/2525/TURN_3.md
 create mode 100644 draft_pr_descending_audit_20261002/audits/pr386_2525/repaired_candidate/unsolved_math_prioritization/attempts/2525/TURN_3_CHECKS.json
 create mode 100644 draft_pr_descending_audit_20261002/audits/pr386_2525/repaired_candidate/unsolved_math_prioritization/attempts/2525/TURN_3_CONTROL_CLARIFICATION.md
 create mode 100644 draft_pr_descending_audit_20261002/audits/pr386_2525/repaired_candidate/unsolved_math_prioritization/attempts/2525/TURN_3_LEDGER.jsonl
 create mode 100644 draft_pr_descending_audit_20261002/audits/pr386_2525/repaired_candidate/unsolved_math_prioritization/attempts/2525/TURN_3_MANIFEST.json
 create mode 100644 draft_pr_descending_audit_20261002/audits/pr386_2525/repaired_candidate/unsolved_math_prioritization/attempts/2525/TURN_3_STATE.json
 create mode 100644 draft_pr_descending_audit_20261002/audits/pr386_2525/repaired_candidate/unsolved_math_prioritization/attempts/2525/TURN_4.md
 create mode 100644 draft_pr_descending_audit_20261002/audits/pr386_2525/repaired_candidate/unsolved_math_prioritization/attempts/2525/TURN_4_CHECKS.json
 create mode 100644 draft_pr_descending_audit_20261002/audits/pr386_2525/repaired_candidate/unsolved_math_prioritization/attempts/2525/TURN_4_LEDGER.jsonl
 create mode 100644 draft_pr_descending_audit_20261002/audits/pr386_2525/repaired_candidate/unsolved_math_prioritization/attempts/2525/TURN_4_MANIFEST.json
 create mode 100644 draft_pr_descending_audit_20261002/audits/pr386_2525/repaired_candidate/unsolved_math_prioritization/attempts/2525/TURN_4_STATE.json
 create mode 100644 draft_pr_descending_audit_20261002/audits/pr386_2525/repaired_candidate/unsolved_math_prioritization/attempts/2525/TURN_5.md
 create mode 100644 draft_pr_descending_audit_20261002/audits/pr386_2525/repaired_candidate/unsolved_math_prioritization/attempts/2525/TURN_5_CHECKS.json
 create mode 100644 draft_pr_descending_audit_20261002/audits/pr386_2525/repaired_candidate/unsolved_math_prioritization/attempts/2525/TURN_5_LEDGER.jsonl
 create mode 100644 draft_pr_descending_audit_20261002/audits/pr386_2525/repaired_candidate/unsolved_math_prioritization/attempts/2525/TURN_5_MANIFEST.json
 create mode 100644 draft_pr_descending_audit_20261002/audits/pr386_2525/repaired_candidate/unsolved_math_prioritization/attempts/2525/TURN_5_SOURCE_MANIFEST.json
 create mode 100644 draft_pr_descending_audit_20261002/audits/pr386_2525/repaired_candidate/unsolved_math_prioritization/attempts/2525/TURN_5_STATE.json
 create mode 100644 draft_pr_descending_audit_20261002/audits/pr386_2525/repaired_candidate/unsolved_math_prioritization/attempts/2525/final_review/AUTHOR_REPLAY.json
 create mode 100644 draft_pr_descending_audit_20261002/audits/pr386_2525/repaired_candidate/unsolved_math_prioritization/attempts/2525/final_review/INDEPENDENT_CHECKS.json
 create mode 100644 draft_pr_descending_audit_20261002/audits/pr386_2525/repaired_candidate/unsolved_math_prioritization/attempts/2525/final_review/REVIEW.md
 create mode 100644 draft_pr_descending_audit_20261002/audits/pr386_2525/repaired_candidate/unsolved_math_prioritization/attempts/2525/final_review/REVIEW_MANIFEST.json
 create mode 100644 draft_pr_descending_audit_20261002/audits/pr386_2525/repaired_candidate/unsolved_math_prioritization/attempts/2525/final_review/independent_check.py
 create mode 100644 draft_pr_descending_audit_20261002/audits/pr386_2525/repaired_candidate/unsolved_math_prioritization/attempts/2525/finite_groups.py
 create mode 100644 draft_pr_descending_audit_20261002/audits/pr386_2525/repaired_candidate/unsolved_math_prioritization/attempts/2525/verify_review.py
 create mode 100644 draft_pr_descending_audit_20261002/audits/pr386_2525/repaired_candidate/unsolved_math_prioritization/attempts/2525/verify_turn1.py
 create mode 100644 draft_pr_descending_audit_20261002/audits/pr386_2525/repaired_candidate/unsolved_math_prioritization/attempts/2525/verify_turn2.py
 create mode 100644 draft_pr_descending_audit_20261002/audits/pr386_2525/repaired_candidate/unsolved_math_prioritization/attempts/2525/verify_turn3.py
 create mode 100644 draft_pr_descending_audit_20261002/audits/pr386_2525/repaired_candidate/unsolved_math_prioritization/attempts/2525/verify_turn4.py
 create mode 100644 draft_pr_descending_audit_20261002/audits/pr386_2525/repaired_candidate/unsolved_math_prioritization/attempts/2525/verify_turn5.py
 create mode 100644 draft_pr_descending_audit_20261002/audits/pr386_2525/repaired_pr_body.txt
 create mode 100644 draft_pr_descending_audit_20261002/audits/pr386_2525/repaired_pr_body_edit.stderr
 create mode 100644 draft_pr_descending_audit_20261002/audits/pr386_2525/repaired_pr_body_edit.stdout
 create mode 100644 draft_pr_descending_audit_20261002/audits/pr386_2525/repaired_remote_head.json
 create mode 100644 draft_pr_descending_audit_20261002/audits/pr386_2525/repaired_root_replay.stderr
 create mode 100644 draft_pr_descending_audit_20261002/audits/pr386_2525/repaired_root_replay.stdout
 create mode 100644 draft_pr_descending_audit_20261002/audits/pr386_2525/repaired_root_replay_receipt.json
 create mode 100644 draft_pr_descending_audit_20261002/audits/pr386_2525/repaired_snapshot/unsolved_math_prioritization/QUEUE.md
 create mode 100644 draft_pr_descending_audit_20261002/audits/pr386_2525/repaired_snapshot/unsolved_math_prioritization/attempts/2525/FINAL_FROZEN_MANIFEST.json
 create mode 100644 draft_pr_descending_audit_20261002/audits/pr386_2525/repaired_snapshot/unsolved_math_prioritization/attempts/2525/FINAL_REVIEW_REQUEST.md
 create mode 100644 draft_pr_descending_audit_20261002/audits/pr386_2525/repaired_snapshot/unsolved_math_prioritization/attempts/2525/PRIOR_GATE.json
 create mode 100644 draft_pr_descending_audit_20261002/audits/pr386_2525/repaired_snapshot/unsolved_math_prioritization/attempts/2525/PR_BODY.md
 create mode 100644 draft_pr_descending_audit_20261002/audits/pr386_2525/repaired_snapshot/unsolved_math_prioritization/attempts/2525/PUBLICATION_MANIFEST.json
 create mode 100644 draft_pr_descending_audit_20261002/audits/pr386_2525/repaired_snapshot/unsolved_math_prioritization/attempts/2525/READINESS.json
 create mode 100644 draft_pr_descending_audit_20261002/audits/pr386_2525/repaired_snapshot/unsolved_math_prioritization/attempts/2525/README.md
 create mode 100644 draft_pr_descending_audit_20261002/audits/pr386_2525/repaired_snapshot/unsolved_math_prioritization/attempts/2525/REPLAY_ALL.py
 create mode 100644 draft_pr_descending_audit_20261002/audits/pr386_2525/repaired_snapshot/unsolved_math_prioritization/attempts/2525/RESULT.md
 create mode 100644 draft_pr_descending_audit_20261002/audits/pr386_2525/repaired_snapshot/unsolved_math_prioritization/attempts/2525/SOURCE_MANIFEST.json
 create mode 100644 draft_pr_descending_audit_20261002/audits/pr386_2525/repaired_snapshot/unsolved_math_prioritization/attempts/2525/SOURCE_NORMALIZATION.md
 create mode 100644 draft_pr_descending_audit_20261002/audits/pr386_2525/repaired_snapshot/unsolved_math_prioritization/attempts/2525/TURN_1.md
 create mode 100644 draft_pr_descending_audit_20261002/audits/pr386_2525/repaired_snapshot/unsolved_math_prioritization/attempts/2525/TURN_1_CHECKS.json
 create mode 100644 draft_pr_descending_audit_20261002/audits/pr386_2525/repaired_snapshot/unsolved_math_prioritization/attempts/2525/TURN_1_LEDGER.jsonl
 create mode 100644 draft_pr_descending_audit_20261002/audits/pr386_2525/repaired_snapshot/unsolved_math_prioritization/attempts/2525/TURN_1_MANIFEST.json
 create mode 100644 draft_pr_descending_audit_20261002/audits/pr386_2525/repaired_snapshot/unsolved_math_prioritization/attempts/2525/TURN_1_STATE.json
 create mode 100644 draft_pr_descending_audit_20261002/audits/pr386_2525/repaired_snapshot/unsolved_math_prioritization/attempts/2525/TURN_2.md
 create mode 100644 draft_pr_descending_audit_20261002/audits/pr386_2525/repaired_snapshot/unsolved_math_prioritization/attempts/2525/TURN_2_CHECKS.json
 create mode 100644 draft_pr_descending_audit_20261002/audits/pr386_2525/repaired_snapshot/unsolved_math_prioritization/attempts/2525/TURN_2_EXTENSION_CLARIFICATION.md
 create mode 100644 draft_pr_descending_audit_20261002/audits/pr386_2525/repaired_snapshot/unsolved_math_prioritization/attempts/2525/TURN_2_LEDGER.jsonl
 create mode 100644 draft_pr_descending_audit_20261002/audits/pr386_2525/repaired_snapshot/unsolved_math_prioritization/attempts/2525/TURN_2_MANIFEST.json
 create mode 100644 draft_pr_descending_audit_20261002/audits/pr386_2525/repaired_snapshot/unsolved_math_prioritization/attempts/2525/TURN_2_STATE.json
 create mode 100644 draft_pr_descending_audit_20261002/audits/pr386_2525/repaired_snapshot/unsolved_math_prioritization/attempts/2525/TURN_3.md
 create mode 100644 draft_pr_descending_audit_20261002/audits/pr386_2525/repaired_snapshot/unsolved_math_prioritization/attempts/2525/TURN_3_CHECKS.json
 create mode 100644 draft_pr_descending_audit_20261002/audits/pr386_2525/repaired_snapshot/unsolved_math_prioritization/attempts/2525/TURN_3_CONTROL_CLARIFICATION.md
 create mode 100644 draft_pr_descending_audit_20261002/audits/pr386_2525/repaired_snapshot/unsolved_math_prioritization/attempts/2525/TURN_3_LEDGER.jsonl
 create mode 100644 draft_pr_descending_audit_20261002/audits/pr386_2525/repaired_snapshot/unsolved_math_prioritization/attempts/2525/TURN_3_MANIFEST.json
 create mode 100644 draft_pr_descending_audit_20261002/audits/pr386_2525/repaired_snapshot/unsolved_math_prioritization/attempts/2525/TURN_3_STATE.json
 create mode 100644 draft_pr_descending_audit_20261002/audits/pr386_2525/repaired_snapshot/unsolved_math_prioritization/attempts/2525/TURN_4.md
 create mode 100644 draft_pr_descending_audit_20261002/audits/pr386_2525/repaired_snapshot/unsolved_math_prioritization/attempts/2525/TURN_4_CHECKS.json
 create mode 100644 draft_pr_descending_audit_20261002/audits/pr386_2525/repaired_snapshot/unsolved_math_prioritization/attempts/2525/TURN_4_LEDGER.jsonl
 create mode 100644 draft_pr_descending_audit_20261002/audits/pr386_2525/repaired_snapshot/unsolved_math_prioritization/attempts/2525/TURN_4_MANIFEST.json
 create mode 100644 draft_pr_descending_audit_20261002/audits/pr386_2525/repaired_snapshot/unsolved_math_prioritization/attempts/2525/TURN_4_STATE.json
 create mode 100644 draft_pr_descending_audit_20261002/audits/pr386_2525/repaired_snapshot/unsolved_math_prioritization/attempts/2525/TURN_5.md
 create mode 100644 draft_pr_descending_audit_20261002/audits/pr386_2525/repaired_snapshot/unsolved_math_prioritization/attempts/2525/TURN_5_CHECKS.json
 create mode 100644 draft_pr_descending_audit_20261002/audits/pr386_2525/repaired_snapshot/unsolved_math_prioritization/attempts/2525/TURN_5_LEDGER.jsonl
 create mode 100644 draft_pr_descending_audit_20261002/audits/pr386_2525/repaired_snapshot/unsolved_math_prioritization/attempts/2525/TURN_5_MANIFEST.json
 create mode 100644 draft_pr_descending_audit_20261002/audits/pr386_2525/repaired_snapshot/unsolved_math_prioritization/attempts/2525/TURN_5_SOURCE_MANIFEST.json
 create mode 100644 draft_pr_descending_audit_20261002/audits/pr386_2525/repaired_snapshot/unsolved_math_prioritization/attempts/2525/TURN_5_STATE.json
 create mode 100644 draft_pr_descending_audit_20261002/audits/pr386_2525/repaired_snapshot/unsolved_math_prioritization/attempts/2525/final_review/AUTHOR_REPLAY.json
 create mode 100644 draft_pr_descending_audit_20261002/audits/pr386_2525/repaired_snapshot/unsolved_math_prioritization/attempts/2525/final_review/INDEPENDENT_CHECKS.json
 create mode 100644 draft_pr_descending_audit_20261002/audits/pr386_2525/repaired_snapshot/unsolved_math_prioritization/attempts/2525/final_review/REVIEW.md
 create mode 100644 draft_pr_descending_audit_20261002/audits/pr386_2525/repaired_snapshot/unsolved_math_prioritization/attempts/2525/final_review/REVIEW_MANIFEST.json
 create mode 100644 draft_pr_descending_audit_20261002/audits/pr386_2525/repaired_snapshot/unsolved_math_prioritization/attempts/2525/final_review/independent_check.py
 create mode 100644 draft_pr_descending_audit_20261002/audits/pr386_2525/repaired_snapshot/unsolved_math_prioritization/attempts/2525/finite_groups.py
 create mode 100644 draft_pr_descending_audit_20261002/audits/pr386_2525/repaired_snapshot/unsolved_math_prioritization/attempts/2525/verify_review.py
 create mode 100644 draft_pr_descending_audit_20261002/audits/pr386_2525/repaired_snapshot/unsolved_math_prioritization/attempts/2525/verify_turn1.py
 create mode 100644 draft_pr_descending_audit_20261002/audits/pr386_2525/repaired_snapshot/unsolved_math_prioritization/attempts/2525/verify_turn2.py
 create mode 100644 draft_pr_descending_audit_20261002/audits/pr386_2525/repaired_snapshot/unsolved_math_prioritization/attempts/2525/verify_turn3.py
 create mode 100644 draft_pr_descending_audit_20261002/audits/pr386_2525/repaired_snapshot/unsolved_math_prioritization/attempts/2525/verify_turn4.py
 create mode 100644 draft_pr_descending_audit_20261002/audits/pr386_2525/repaired_snapshot/unsolved_math_prioritization/attempts/2525/verify_turn5.py
 create mode 100644 draft_pr_descending_audit_20261002/audits/pr386_2525/repaired_snapshot_manifest.json
 create mode 100644 draft_pr_descending_audit_20261002/audits/pr386_2525/root_primary_source_receipt.json
 create mode 100644 draft_pr_descending_audit_20261002/audits/pr386_2525/root_public_replay.stderr
 create mode 100644 draft_pr_descending_audit_20261002/audits/pr386_2525/root_public_replay.stdout
 create mode 100644 draft_pr_descending_audit_20261002/audits/pr386_2525/root_public_replay_receipt.json
 create mode 100644 draft_pr_descending_audit_20261002/audits/pr386_2525/snapshot/unsolved_math_prioritization/QUEUE.md
 create mode 100644 draft_pr_descending_audit_20261002/audits/pr386_2525/snapshot/unsolved_math_prioritization/attempts/2525/FINAL_FROZEN_MANIFEST.json
 create mode 100644 draft_pr_descending_audit_20261002/audits/pr386_2525/snapshot/unsolved_math_prioritization/attempts/2525/FINAL_REVIEW_REQUEST.md
 create mode 100644 draft_pr_descending_audit_20261002/audits/pr386_2525/snapshot/unsolved_math_prioritization/attempts/2525/PRIOR_GATE.json
 create mode 100644 draft_pr_descending_audit_20261002/audits/pr386_2525/snapshot/unsolved_math_prioritization/attempts/2525/PR_BODY.md
 create mode 100644 draft_pr_descending_audit_20261002/audits/pr386_2525/snapshot/unsolved_math_prioritization/attempts/2525/PUBLICATION_MANIFEST.json
 create mode 100644 draft_pr_descending_audit_20261002/audits/pr386_2525/snapshot/unsolved_math_prioritization/attempts/2525/READINESS.json
 create mode 100644 draft_pr_descending_audit_20261002/audits/pr386_2525/snapshot/unsolved_math_prioritization/attempts/2525/README.md
 create mode 100644 draft_pr_descending_audit_20261002/audits/pr386_2525/snapshot/unsolved_math_prioritization/attempts/2525/REPLAY_ALL.py
 create mode 100644 draft_pr_descending_audit_20261002/audits/pr386_2525/snapshot/unsolved_math_prioritization/attempts/2525/RESULT.md
 create mode 100644 draft_pr_descending_audit_20261002/audits/pr386_2525/snapshot/unsolved_math_prioritization/attempts/2525/SOURCE_MANIFEST.json
 create mode 100644 draft_pr_descending_audit_20261002/audits/pr386_2525/snapshot/unsolved_math_prioritization/attempts/2525/SOURCE_NORMALIZATION.md
 create mode 100644 draft_pr_descending_audit_20261002/audits/pr386_2525/snapshot/unsolved_math_prioritization/attempts/2525/TURN_1.md
 create mode 100644 draft_pr_descending_audit_20261002/audits/pr386_2525/snapshot/unsolved_math_prioritization/attempts/2525/TURN_1_CHECKS.json
 create mode 100644 draft_pr_descending_audit_20261002/audits/pr386_2525/snapshot/unsolved_math_prioritization/attempts/2525/TURN_1_LEDGER.jsonl
 create mode 100644 draft_pr_descending_audit_20261002/audits/pr386_2525/snapshot/unsolved_math_prioritization/attempts/2525/TURN_1_MANIFEST.json
 create mode 100644 draft_pr_descending_audit_20261002/audits/pr386_2525/snapshot/unsolved_math_prioritization/attempts/2525/TURN_1_STATE.json
 create mode 100644 draft_pr_descending_audit_20261002/audits/pr386_2525/snapshot/unsolved_math_prioritization/attempts/2525/TURN_2.md
 create mode 100644 draft_pr_descending_audit_20261002/audits/pr386_2525/snapshot/unsolved_math_prioritization/attempts/2525/TURN_2_CHECKS.json
 create mode 100644 draft_pr_descending_audit_20261002/audits/pr386_2525/snapshot/unsolved_math_prioritization/attempts/2525/TURN_2_LEDGER.jsonl
 create mode 100644 draft_pr_descending_audit_20261002/audits/pr386_2525/snapshot/unsolved_math_prioritization/attempts/2525/TURN_2_MANIFEST.json
 create mode 100644 draft_pr_descending_audit_20261002/audits/pr386_2525/snapshot/unsolved_math_prioritization/attempts/2525/TURN_2_STATE.json
 create mode 100644 draft_pr_descending_audit_20261002/audits/pr386_2525/snapshot/unsolved_math_prioritization/attempts/2525/TURN_3.md
 create mode 100644 draft_pr_descending_audit_20261002/audits/pr386_2525/snapshot/unsolved_math_prioritization/attempts/2525/TURN_3_CHECKS.json
 create mode 100644 draft_pr_descending_audit_20261002/audits/pr386_2525/snapshot/unsolved_math_prioritization/attempts/2525/TURN_3_CONTROL_CLARIFICATION.md
 create mode 100644 draft_pr_descending_audit_20261002/audits/pr386_2525/snapshot/unsolved_math_prioritization/attempts/2525/TURN_3_LEDGER.jsonl
 create mode 100644 draft_pr_descending_audit_20261002/audits/pr386_2525/snapshot/unsolved_math_prioritization/attempts/2525/TURN_3_MANIFEST.json
 create mode 100644 draft_pr_descending_audit_20261002/audits/pr386_2525/snapshot/unsolved_math_prioritization/attempts/2525/TURN_3_STATE.json
 create mode 100644 draft_pr_descending_audit_20261002/audits/pr386_2525/snapshot/unsolved_math_prioritization/attempts/2525/TURN_4.md
 create mode 100644 draft_pr_descending_audit_20261002/audits/pr386_2525/snapshot/unsolved_math_prioritization/attempts/2525/TURN_4_CHECKS.json
 create mode 100644 draft_pr_descending_audit_20261002/audits/pr386_2525/snapshot/unsolved_math_prioritization/attempts/2525/TURN_4_LEDGER.jsonl
 create mode 100644 draft_pr_descending_audit_20261002/audits/pr386_2525/snapshot/unsolved_math_prioritization/attempts/2525/TURN_4_MANIFEST.json
 create mode 100644 draft_pr_descending_audit_20261002/audits/pr386_2525/snapshot/unsolved_math_prioritization/attempts/2525/TURN_4_STATE.json
 create mode 100644 draft_pr_descending_audit_20261002/audits/pr386_2525/snapshot/unsolved_math_prioritization/attempts/2525/TURN_5.md
 create mode 100644 draft_pr_descending_audit_20261002/audits/pr386_2525/snapshot/unsolved_math_prioritization/attempts/2525/TURN_5_CHECKS.json
 create mode 100644 draft_pr_descending_audit_20261002/audits/pr386_2525/snapshot/unsolved_math_prioritization/attempts/2525/TURN_5_LEDGER.jsonl
 create mode 100644 draft_pr_descending_audit_20261002/audits/pr386_2525/snapshot/unsolved_math_prioritization/attempts/2525/TURN_5_MANIFEST.json
 create mode 100644 draft_pr_descending_audit_20261002/audits/pr386_2525/snapshot/unsolved_math_prioritization/attempts/2525/TURN_5_SOURCE_MANIFEST.json
 create mode 100644 draft_pr_descending_audit_20261002/audits/pr386_2525/snapshot/unsolved_math_prioritization/attempts/2525/TURN_5_STATE.json
 create mode 100644 draft_pr_descending_audit_20261002/audits/pr386_2525/snapshot/unsolved_math_prioritization/attempts/2525/final_review/AUTHOR_REPLAY.json
 create mode 100644 draft_pr_descending_audit_20261002/audits/pr386_2525/snapshot/unsolved_math_prioritization/attempts/2525/final_review/INDEPENDENT_CHECKS.json
 create mode 100644 draft_pr_descending_audit_20261002/audits/pr386_2525/snapshot/unsolved_math_prioritization/attempts/2525/final_review/REVIEW.md
 create mode 100644 draft_pr_descending_audit_20261002/audits/pr386_2525/snapshot/unsolved_math_prioritization/attempts/2525/final_review/REVIEW_MANIFEST.json
 create mode 100644 draft_pr_descending_audit_20261002/audits/pr386_2525/snapshot/unsolved_math_prioritization/attempts/2525/final_review/independent_check.py
 create mode 100644 draft_pr_descending_audit_20261002/audits/pr386_2525/snapshot/unsolved_math_prioritization/attempts/2525/finite_groups.py
 create mode 100644 draft_pr_descending_audit_20261002/audits/pr386_2525/snapshot/unsolved_math_prioritization/attempts/2525/verify_review.py
 create mode 100644 draft_pr_descending_audit_20261002/audits/pr386_2525/snapshot/unsolved_math_prioritization/attempts/2525/verify_turn1.py
 create mode 100644 draft_pr_descending_audit_20261002/audits/pr386_2525/snapshot/unsolved_math_prioritization/attempts/2525/verify_turn2.py
 create mode 100644 draft_pr_descending_audit_20261002/audits/pr386_2525/snapshot/unsolved_math_prioritization/attempts/2525/verify_turn3.py
 create mode 100644 draft_pr_descending_audit_20261002/audits/pr386_2525/snapshot/unsolved_math_prioritization/attempts/2525/verify_turn4.py
 create mode 100644 draft_pr_descending_audit_20261002/audits/pr386_2525/snapshot/unsolved_math_prioritization/attempts/2525/verify_turn5.py
 create mode 100644 draft_pr_descending_audit_20261002/audits/pr386_2525/snapshot_manifest.json
 create mode 100644 draft_pr_descending_audit_20261002/audits/pr386_2525/sources_baire_review/AUDIT_MANIFEST.json
 create mode 100644 draft_pr_descending_audit_20261002/audits/pr386_2525/sources_baire_review/AUTHOR_TURN5_REPRODUCTION.json
 create mode 100644 draft_pr_descending_audit_20261002/audits/pr386_2525/sources_baire_review/FETCH_MANIFEST.json
 create mode 100644 draft_pr_descending_audit_20261002/audits/pr386_2525/sources_baire_review/INDEPENDENT_CONTROLS.json
 create mode 100644 draft_pr_descending_audit_20261002/audits/pr386_2525/sources_baire_review/MALTCEV_FETCH_RETRY.json
 create mode 100644 draft_pr_descending_audit_20261002/audits/pr386_2525/sources_baire_review/MALTCEV_FETCH_RETRY2.json
 create mode 100644 draft_pr_descending_audit_20261002/audits/pr386_2525/sources_baire_review/MALTCEV_FETCH_RETRY3.json
 create mode 100644 draft_pr_descending_audit_20261002/audits/pr386_2525/sources_baire_review/MALTCEV_FETCH_RETRY4.json
 create mode 100644 draft_pr_descending_audit_20261002/audits/pr386_2525/sources_baire_review/REPORT.md
 create mode 100644 draft_pr_descending_audit_20261002/audits/pr386_2525/sources_baire_review/RESEARCH_LOG.md
 create mode 100644 draft_pr_descending_audit_20261002/audits/pr386_2525/sources_baire_review/SNAPSHOT_INTEGRITY.json
 create mode 100644 draft_pr_descending_audit_20261002/audits/pr386_2525/sources_baire_review/SOURCE_FIRST_RECONSTRUCTION.md
 create mode 100644 draft_pr_descending_audit_20261002/audits/pr386_2525/sources_baire_review/independent_controls.py
 create mode 100644 draft_pr_descending_audit_20261002/audits/pr386_2525/sources_baire_review/private_replay/TURN_5_REPLAY.json
 create mode 100644 draft_pr_descending_audit_20261002/audits/pr386_2525/sources_baire_review/private_replay/finite_groups.py
 create mode 100644 draft_pr_descending_audit_20261002/audits/pr386_2525/sources_baire_review/private_replay/verify_turn5.py
 create mode 100644 draft_pr_descending_audit_20261002/audits/pr386_2525/sources_baire_review/rendered/bergman_2006_4.png
 create mode 100644 draft_pr_descending_audit_20261002/audits/pr386_2525/sources_baire_review/rendered/bergman_2006_5.png
 create mode 100644 draft_pr_descending_audit_20261002/audits/pr386_2525/sources_baire_review/rendered/bergman_2006_6.png
 create mode 100644 draft_pr_descending_audit_20261002/audits/pr386_2525/sources_baire_review/rendered/generic_lengths_3.png
 create mode 100644 draft_pr_descending_audit_20261002/audits/pr386_2525/sources_baire_review/rendered/khelif_2006_1.png
 create mode 100644 draft_pr_descending_audit_20261002/audits/pr386_2525/sources_baire_review/rendered/khelif_2006_2.png
 create mode 100644 draft_pr_descending_audit_20261002/audits/pr386_2525/sources_baire_review/rendered/khelif_2006_3.png
 create mode 100644 draft_pr_descending_audit_20261002/audits/pr386_2525/sources_baire_review/rendered/khelif_2006_4.png
 create mode 100644 draft_pr_descending_audit_20261002/audits/pr386_2525/sources_baire_review/rendered/kourovka_oct2026_179.png
 create mode 100644 draft_pr_descending_audit_20261002/audits/pr386_2525/sources_baire_review/rendered/rosendal_ob_4.png
 create mode 100644 draft_pr_descending_audit_20261002/audits/pr386_2525/sources_baire_review/rendered/rosendal_ob_8.png
 create mode 100644 draft_pr_descending_audit_20261002/audits/pr386_2525/sources_baire_review/rendered/rosendal_ob_9.png
 create mode 100644 draft_pr_descending_audit_20261002/audits/pr387_6200082/ACCEPTANCE_DECISION.json
 create mode 100644 draft_pr_descending_audit_20261002/audits/pr387_6200082/ROOT_DEPENDENCY_CONSTANT_CHECK.md
 create mode 100644 draft_pr_descending_audit_20261002/audits/pr387_6200082/checkpoint_commit.stderr
 create mode 100644 draft_pr_descending_audit_20261002/audits/pr387_6200082/checkpoint_commit.stdout
 create mode 100644 draft_pr_descending_audit_20261002/audits/pr387_6200082/checkpoint_push.stderr
 create mode 100644 draft_pr_descending_audit_20261002/audits/pr387_6200082/checkpoint_push.stdout
 create mode 100644 draft_pr_descending_audit_20261002/audits/pr387_6200082/checkpoint_receipt.json
 create mode 100644 draft_pr_descending_audit_20261002/audits/pr387_6200082/repaired_final_adversary/.gitignore
 create mode 100644 draft_pr_descending_audit_20261002/audits/pr387_6200082/repaired_final_adversary/CURRENT_MAIN_QUEUE_PROSPECTIVE_DELTA.diff
 create mode 100644 draft_pr_descending_audit_20261002/audits/pr387_6200082/repaired_final_adversary/FINAL_REVIEW_MANIFEST.json
 create mode 100644 draft_pr_descending_audit_20261002/audits/pr387_6200082/repaired_final_adversary/HISTORICAL_14_PRESERVATION.json
 create mode 100644 draft_pr_descending_audit_20261002/audits/pr387_6200082/repaired_final_adversary/INDEPENDENT_CONTROL_RESULTS.json
 create mode 100644 draft_pr_descending_audit_20261002/audits/pr387_6200082/repaired_final_adversary/INDEPENDENT_RECONSTRUCTION.md
 create mode 100644 draft_pr_descending_audit_20261002/audits/pr387_6200082/repaired_final_adversary/INPUT_BINDINGS.json
 create mode 100644 draft_pr_descending_audit_20261002/audits/pr387_6200082/repaired_final_adversary/PORTABLE_REPLAY_RECEIPT.json
 create mode 100644 draft_pr_descending_audit_20261002/audits/pr387_6200082/repaired_final_adversary/PR_QUEUE_DELTA.diff
 create mode 100644 draft_pr_descending_audit_20261002/audits/pr387_6200082/repaired_final_adversary/READONLY_GIT_SCOPE.json
 create mode 100644 draft_pr_descending_audit_20261002/audits/pr387_6200082/repaired_final_adversary/RESEARCH_LOG.md
 create mode 100644 draft_pr_descending_audit_20261002/audits/pr387_6200082/repaired_final_adversary/REVIEW.md
 create mode 100644 draft_pr_descending_audit_20261002/audits/pr387_6200082/repaired_final_adversary/SOURCE_BINDINGS.json
 create mode 100644 draft_pr_descending_audit_20261002/audits/pr387_6200082/repaired_final_adversary/independent_controls.py
 create mode 100644 draft_pr_descending_audit_20261002/audits/pr387_6200082/repaired_final_adversary/portable_replay.stderr
 create mode 100644 draft_pr_descending_audit_20261002/audits/pr387_6200082/repaired_final_adversary/portable_replay.stdout
 create mode 100644 draft_pr_descending_audit_20261002/audits/pr387_6200082/root_final_controls.stderr
 create mode 100644 draft_pr_descending_audit_20261002/audits/pr387_6200082/root_final_controls.stdout
 create mode 100644 draft_pr_descending_audit_20261002/audits/pr387_6200082/root_final_controls_receipt.json
 create mode 100644 draft_pr_descending_audit_20261002/audits/pr387_6200082/root_visual_source_inspection.json
