[main 9d5b8ad9e] Audit PR387 corrected prior resolution and publish mandatory domain repair checkpoint
 75 files changed, 3796 insertions(+), 1 deletion(-)
 create mode 100644 draft_pr_descending_audit_20261002/audits/pr387_6200082/ACCEPTANCE_CRITERIA.json
 create mode 100644 draft_pr_descending_audit_20261002/audits/pr387_6200082/README.md
 create mode 100644 draft_pr_descending_audit_20261002/audits/pr387_6200082/ROOT_INDEPENDENT_REPAIR_DERIVATION.md
 create mode 100644 draft_pr_descending_audit_20261002/audits/pr387_6200082/corrected_bridge_review/CONTROL_RESULTS.json
 create mode 100644 draft_pr_descending_audit_20261002/audits/pr387_6200082/corrected_bridge_review/REQUIRED_CLARIFICATION_DRAFT.md
 create mode 100644 draft_pr_descending_audit_20261002/audits/pr387_6200082/corrected_bridge_review/RESEARCH_LOG.md
 create mode 100644 draft_pr_descending_audit_20261002/audits/pr387_6200082/corrected_bridge_review/REVIEW.md
 create mode 100644 draft_pr_descending_audit_20261002/audits/pr387_6200082/corrected_bridge_review/SOURCE_BINDINGS.json
 create mode 100644 draft_pr_descending_audit_20261002/audits/pr387_6200082/corrected_bridge_review/verify_controls.py
 create mode 100644 draft_pr_descending_audit_20261002/audits/pr387_6200082/geometry_source_review/.gitignore
 create mode 100644 draft_pr_descending_audit_20261002/audits/pr387_6200082/geometry_source_review/GEOMETRY_SOURCE_REVIEW.md
 create mode 100644 draft_pr_descending_audit_20261002/audits/pr387_6200082/geometry_source_review/INDEPENDENT_RECONSTRUCTION.md
 create mode 100644 draft_pr_descending_audit_20261002/audits/pr387_6200082/geometry_source_review/NEGATIVE_EDGE_TESTS.md
 create mode 100644 draft_pr_descending_audit_20261002/audits/pr387_6200082/geometry_source_review/RESEARCH_LOG.md
 create mode 100644 draft_pr_descending_audit_20261002/audits/pr387_6200082/geometry_source_review/SOURCE_BINDING_CHECK.json
 create mode 100644 draft_pr_descending_audit_20261002/audits/pr387_6200082/geometry_source_review/SOURCE_RECORD.json
 create mode 100644 draft_pr_descending_audit_20261002/audits/pr387_6200082/repair_commit_receipt.json
 create mode 100644 draft_pr_descending_audit_20261002/audits/pr387_6200082/repair_preparation_receipt.json
 create mode 100644 draft_pr_descending_audit_20261002/audits/pr387_6200082/repair_push.stderr
 create mode 100644 draft_pr_descending_audit_20261002/audits/pr387_6200082/repair_push.stdout
 create mode 100644 draft_pr_descending_audit_20261002/audits/pr387_6200082/repaired_candidate/problems/6200082_schottky_dimension/ADDITIVE_DOMAIN_CLARIFICATION.md
 create mode 100644 draft_pr_descending_audit_20261002/audits/pr387_6200082/repaired_candidate/problems/6200082_schottky_dimension/CHECKS.json
 create mode 100644 draft_pr_descending_audit_20261002/audits/pr387_6200082/repaired_candidate/problems/6200082_schottky_dimension/CORRECTED_APPLICATION.md
 create mode 100644 draft_pr_descending_audit_20261002/audits/pr387_6200082/repaired_candidate/problems/6200082_schottky_dimension/CURRENT_PACKET_MANIFEST.json
 create mode 100644 draft_pr_descending_audit_20261002/audits/pr387_6200082/repaired_candidate/problems/6200082_schottky_dimension/PACKET_MANIFEST.json
 create mode 100644 draft_pr_descending_audit_20261002/audits/pr387_6200082/repaired_candidate/problems/6200082_schottky_dimension/PRIOR_RESOLUTION.md
 create mode 100644 draft_pr_descending_audit_20261002/audits/pr387_6200082/repaired_candidate/problems/6200082_schottky_dimension/README.md
 create mode 100644 draft_pr_descending_audit_20261002/audits/pr387_6200082/repaired_candidate/problems/6200082_schottky_dimension/REVIEW_REQUEST.md
 create mode 100644 draft_pr_descending_audit_20261002/audits/pr387_6200082/repaired_candidate/problems/6200082_schottky_dimension/SOURCE_GATE.md
 create mode 100644 draft_pr_descending_audit_20261002/audits/pr387_6200082/repaired_candidate/problems/6200082_schottky_dimension/SOURCE_MANIFEST.json
 create mode 100644 draft_pr_descending_audit_20261002/audits/pr387_6200082/repaired_candidate/problems/6200082_schottky_dimension/STATE.json
 create mode 100644 draft_pr_descending_audit_20261002/audits/pr387_6200082/repaired_candidate/problems/6200082_schottky_dimension/VERIFY_PUBLIC.py
 create mode 100644 draft_pr_descending_audit_20261002/audits/pr387_6200082/repaired_candidate/problems/6200082_schottky_dimension/check.py
 create mode 100644 draft_pr_descending_audit_20261002/audits/pr387_6200082/repaired_candidate/problems/6200082_schottky_dimension/review/AUTHOR_REPLAY.json
 create mode 100644 draft_pr_descending_audit_20261002/audits/pr387_6200082/repaired_candidate/problems/6200082_schottky_dimension/review/INDEPENDENT_CHECKS.json
 create mode 100644 draft_pr_descending_audit_20261002/audits/pr387_6200082/repaired_candidate/problems/6200082_schottky_dimension/review/REVIEW.md
 create mode 100644 draft_pr_descending_audit_20261002/audits/pr387_6200082/repaired_candidate/problems/6200082_schottky_dimension/review/REVIEW_MANIFEST.json
 create mode 100644 draft_pr_descending_audit_20261002/audits/pr387_6200082/repaired_candidate/problems/6200082_schottky_dimension/review/verify_review.py
 create mode 100644 draft_pr_descending_audit_20261002/audits/pr387_6200082/repaired_pr_body.txt
 create mode 100644 draft_pr_descending_audit_20261002/audits/pr387_6200082/repaired_pr_body_edit.stderr
 create mode 100644 draft_pr_descending_audit_20261002/audits/pr387_6200082/repaired_pr_body_edit.stdout
 create mode 100644 draft_pr_descending_audit_20261002/audits/pr387_6200082/repaired_remote_head.json
 create mode 100644 draft_pr_descending_audit_20261002/audits/pr387_6200082/repaired_root_replay.stderr
 create mode 100644 draft_pr_descending_audit_20261002/audits/pr387_6200082/repaired_root_replay.stdout
 create mode 100644 draft_pr_descending_audit_20261002/audits/pr387_6200082/repaired_root_replay_receipt.json
 create mode 100644 draft_pr_descending_audit_20261002/audits/pr387_6200082/repaired_snapshot/problems/6200082_schottky_dimension/ADDITIVE_DOMAIN_CLARIFICATION.md
 create mode 100644 draft_pr_descending_audit_20261002/audits/pr387_6200082/repaired_snapshot/problems/6200082_schottky_dimension/CHECKS.json
 create mode 100644 draft_pr_descending_audit_20261002/audits/pr387_6200082/repaired_snapshot/problems/6200082_schottky_dimension/CORRECTED_APPLICATION.md
 create mode 100644 draft_pr_descending_audit_20261002/audits/pr387_6200082/repaired_snapshot/problems/6200082_schottky_dimension/CURRENT_PACKET_MANIFEST.json
 create mode 100644 draft_pr_descending_audit_20261002/audits/pr387_6200082/repaired_snapshot/problems/6200082_schottky_dimension/PACKET_MANIFEST.json
 create mode 100644 draft_pr_descending_audit_20261002/audits/pr387_6200082/repaired_snapshot/problems/6200082_schottky_dimension/PRIOR_RESOLUTION.md
 create mode 100644 draft_pr_descending_audit_20261002/audits/pr387_6200082/repaired_snapshot/problems/6200082_schottky_dimension/README.md
 create mode 100644 draft_pr_descending_audit_20261002/audits/pr387_6200082/repaired_snapshot/problems/6200082_schottky_dimension/REVIEW_REQUEST.md
 create mode 100644 draft_pr_descending_audit_20261002/audits/pr387_6200082/repaired_snapshot/problems/6200082_schottky_dimension/SOURCE_GATE.md
 create mode 100644 draft_pr_descending_audit_20261002/audits/pr387_6200082/repaired_snapshot/problems/6200082_schottky_dimension/SOURCE_MANIFEST.json
 create mode 100644 draft_pr_descending_audit_20261002/audits/pr387_6200082/repaired_snapshot/problems/6200082_schottky_dimension/STATE.json
 create mode 100644 draft_pr_descending_audit_20261002/audits/pr387_6200082/repaired_snapshot/problems/6200082_schottky_dimension/VERIFY_PUBLIC.py
 create mode 100644 draft_pr_descending_audit_20261002/audits/pr387_6200082/repaired_snapshot/problems/6200082_schottky_dimension/check.py
 create mode 100644 draft_pr_descending_audit_20261002/audits/pr387_6200082/repaired_snapshot/problems/6200082_schottky_dimension/review/AUTHOR_REPLAY.json
 create mode 100644 draft_pr_descending_audit_20261002/audits/pr387_6200082/repaired_snapshot/problems/6200082_schottky_dimension/review/INDEPENDENT_CHECKS.json
 create mode 100644 draft_pr_descending_audit_20261002/audits/pr387_6200082/repaired_snapshot/problems/6200082_schottky_dimension/review/REVIEW.md
 create mode 100644 draft_pr_descending_audit_20261002/audits/pr387_6200082/repaired_snapshot/problems/6200082_schottky_dimension/review/REVIEW_MANIFEST.json
 create mode 100644 draft_pr_descending_audit_20261002/audits/pr387_6200082/repaired_snapshot/problems/6200082_schottky_dimension/review/verify_review.py
 create mode 100644 draft_pr_descending_audit_20261002/audits/pr387_6200082/repaired_snapshot/unsolved_math_prioritization/QUEUE.md
 create mode 100644 draft_pr_descending_audit_20261002/audits/pr387_6200082/repaired_snapshot_manifest.json
 create mode 100644 draft_pr_descending_audit_20261002/audits/pr387_6200082/root_bridge_controls.stderr
 create mode 100644 draft_pr_descending_audit_20261002/audits/pr387_6200082/root_bridge_controls.stdout
 create mode 100644 draft_pr_descending_audit_20261002/audits/pr387_6200082/root_bridge_controls_receipt.json
 create mode 100644 draft_pr_descending_audit_20261002/audits/pr387_6200082/root_primary_source_receipt.json
 create mode 100644 draft_pr_descending_audit_20261002/audits/pr387_6200082/virtual_merge.stderr
 create mode 100644 draft_pr_descending_audit_20261002/audits/pr387_6200082/virtual_merge.stdout
 create mode 100644 draft_pr_descending_audit_20261002/audits/pr387_6200082/virtual_merge_verification.json
