Updating fb31c3f91..861e32d87
Fast-forward
 .../ADDITIVE_DOMAIN_CLARIFICATION.md               | 71 ++++++++++++++++++++++
 problems/6200082_schottky_dimension/CHECKS.json    |  4 ++
 .../CORRECTED_APPLICATION.md                       | 58 ++++++++++++++++++
 .../CURRENT_PACKET_MANIFEST.json                   | 23 +++++++
 .../PACKET_MANIFEST.json                           | 46 ++++++++++++++
 .../6200082_schottky_dimension/PRIOR_RESOLUTION.md | 27 ++++++++
 problems/6200082_schottky_dimension/README.md      | 11 ++++
 .../6200082_schottky_dimension/REVIEW_REQUEST.md   | 18 ++++++
 problems/6200082_schottky_dimension/SOURCE_GATE.md | 11 ++++
 .../SOURCE_MANIFEST.json                           | 40 ++++++++++++
 problems/6200082_schottky_dimension/STATE.json     |  7 +++
 .../6200082_schottky_dimension/VERIFY_PUBLIC.py    | 10 +++
 problems/6200082_schottky_dimension/check.py       | 40 ++++++++++++
 .../review/AUTHOR_REPLAY.json                      |  4 ++
 .../review/INDEPENDENT_CHECKS.json                 |  7 +++
 .../6200082_schottky_dimension/review/REVIEW.md    | 45 ++++++++++++++
 .../review/REVIEW_MANIFEST.json                    | 28 +++++++++
 .../review/verify_review.py                        | 22 +++++++
 unsolved_math_prioritization/QUEUE.md              |  2 +-
 19 files changed, 473 insertions(+), 1 deletion(-)
 create mode 100644 problems/6200082_schottky_dimension/ADDITIVE_DOMAIN_CLARIFICATION.md
 create mode 100644 problems/6200082_schottky_dimension/CHECKS.json
 create mode 100644 problems/6200082_schottky_dimension/CORRECTED_APPLICATION.md
 create mode 100644 problems/6200082_schottky_dimension/CURRENT_PACKET_MANIFEST.json
 create mode 100644 problems/6200082_schottky_dimension/PACKET_MANIFEST.json
 create mode 100644 problems/6200082_schottky_dimension/PRIOR_RESOLUTION.md
 create mode 100644 problems/6200082_schottky_dimension/README.md
 create mode 100644 problems/6200082_schottky_dimension/REVIEW_REQUEST.md
 create mode 100644 problems/6200082_schottky_dimension/SOURCE_GATE.md
 create mode 100644 problems/6200082_schottky_dimension/SOURCE_MANIFEST.json
 create mode 100644 problems/6200082_schottky_dimension/STATE.json
 create mode 100644 problems/6200082_schottky_dimension/VERIFY_PUBLIC.py
 create mode 100644 problems/6200082_schottky_dimension/check.py
 create mode 100644 problems/6200082_schottky_dimension/review/AUTHOR_REPLAY.json
 create mode 100644 problems/6200082_schottky_dimension/review/INDEPENDENT_CHECKS.json
 create mode 100644 problems/6200082_schottky_dimension/review/REVIEW.md
 create mode 100644 problems/6200082_schottky_dimension/review/REVIEW_MANIFEST.json
 create mode 100644 problems/6200082_schottky_dimension/review/verify_review.py
