== Environment ==
Python 3.14.6
Reference Python 3.14.6 (pinned in .python-version)
SymPy 1.14.0
Executable /Users/alec/Documents/Math/qubit_povm_pvm_minimum_settings/bell_lean/.venv/bin/python
== Artifact integrity ==
[PASS] three_by_two_separation/verify_exact.py
[PASS] three_by_two_separation/bell_coefficients_dense.csv
[PASS] three_by_two_separation/bell_coefficients_sparse.csv
[PASS] three_by_two_separation/strategy_simple_qsqrt2.json
[PASS] three_by_two_separation/strategy_strengthened_algebraic.json
[PASS] two_by_two_closure/verify_exact.py
[PASS] two_by_two_closure/closure_formulas.json
[PASS] two_by_two_closure/rank_zero_simulator.py
Verified 8 exact artifacts.
== Exact 3x2 separation ==
All exact certificate checks passed.
Simple attained value L0 = 16/25 + 20*sqrt(2)
Strengthened attained value L1 = 16/25 + 8*sqrt(7813)/25
Global projective upper bound U = 77/125 + 5003*sqrt(2)/250
Original certified gap L0-U = 3/125 - 3*sqrt(2)/250
Strengthened certified gap L1-U = -5003*sqrt(2)/250 + 3/125 + 8*sqrt(7813)/25
Decimal displays (not used as proof):
  L1 = 28.925176329661
  U  = 28.917241810210
  gap= 0.007934519450
== Exact 2x2 closure identities ==
[PASS] metric null ray r1
[PASS] metric null ray r2
[PASS] metric null ray r3
[PASS] metric null ray r4
[PASS] metric null ray r5
[PASS] metric normalization u^T g u = 1
[PASS] metric derivative equals 2 phi pairing
[PASS] Cremona inverse identity
[PASS] minor identity
[PASS] x2=0 cross-branch null factor
[PASS] x3=0 cross-branch null factor
[PASS] x2=0 direct-branch null polynomial
[PASS] x3=0 direct-branch null polynomial
[PASS] x0=x1 exceptional-fiber resultant
[PASS] x0=x1 base-root null factor
[PASS] x2=x3 exceptional-fiber resultant
[PASS] x2=x3 base-root null factor
[PASS] x2=x3 cross-branch null monomial
[PASS] exceptional degeneracy factorization
[PASS] pure-state conformal Lorentz relation
[PASS] trine fifth effect normalization
[PASS] weighted Hessian square completion
[PASS] Lambda map offdiagonal witness
[PASS] Lambda map diagonal witness 0
[PASS] Lambda map diagonal witness 1
[PASS] Lambda map diagonal witness 2
[PASS] Lambda map diagonal witness 3
[PASS] flow row 1
[PASS] flow row 2
[PASS] flow column 1
[PASS] flow column 2
[PASS] flow row 3
[PASS] flow column 3
[PASS] trine cycle row 0
[PASS] trine cycle col 0
[PASS] trine cycle row 1
[PASS] trine cycle col 1
[PASS] trine cycle row 2
[PASS] trine cycle col 2

All exact algebraic closure checks passed.
== Exact rank-zero construction ==
Exact rank-zero simulator passed on the symmetric trine instance.
{'weight': Fraction(1, 6), 'outputs': (1, 0, 0, 1)}
{'weight': Fraction(1, 6), 'outputs': (0, 0, 1, 2)}
{'weight': Fraction(1, 6), 'outputs': (0, 1, 1, 0)}
{'weight': Fraction(1, 6), 'outputs': (1, 1, 0, 2)}
{'weight': Fraction(1, 6), 'outputs': (1, 2, 0, 0)}
{'weight': Fraction(1, 6), 'outputs': (0, 2, 1, 1)}
== All exact reproducibility checks passed ==
