=== FINAL RELEASE REPLAY ===
[1/9] frozen source integrity
/mnt/data/qbio_mass_action_turing_final_flagship.zip: OK
/mnt/data/qbio_mass_action_turing_all_spectrum_paper.zip: OK
/mnt/data/qbio_mass_action_turing_all_spectrum_stable.zip: OK
/mnt/data/qbio_mass_action_turing_diffusion_design.zip: OK
/mnt/data/qbio_mass_action_turing_nonlinear_frontier.zip: OK
FROZEN_SOURCE_HASHES_PASS
[2/9] exact current-profile source, tables, and provenance
NUMERICAL_PROVENANCE_PASS
TABLE_REGENERATION_PASS
[3/9] exact tests and theorem/scope audits
MATRIX_THEOREM_GENERALIZATION_PASS
STABLE_DOMAIN_SCOPE_PASS
[4/9] all-dimensional symbolic and integrated-design verification
SCC_EXHAUSTION_PASS
OMISSION_MINOR_PASS
SYMBOLIC_CERTIFICATE_VISIBILITY_PASS
[5/9] exact finite regression instances and current-profile simulations
SIMULATION_CONVERGENCE_PASS
[6/9] figures and documents
FIGURE_REGENERATION_PASS
DOCUMENT_BUILD_PASS
[7/9] rebuild all portable, audit, and submission bundles
SUBMISSION_BUNDLE_FRESHNESS_PASS
[8/9] stale-source, PDF, font, and portability audit
CLEAN_ARTIFACT_AUDIT_PASS
[9/9] immutable manifest
MANIFEST_ENTRIES=710
ALL_FINAL_RELEASE_REPLAY_CHECKS_PASS
