PYTHON_PACKAGE=matplotlib==3.7.1
PYTHON_PACKAGE=numpy==1.24.3
PYTHON_PACKAGE=pandas==2.3.3
PYTHON_PACKAGE=pypdf==6.16.1
PYTHON_PACKAGE=pytest==8.4.2
PYTHON_PACKAGE=scipy==1.10.1
PYTHON_PACKAGE=sympy==1.14.0
[1/8] current exact source and tables
CURRENT_PROFILE_EXACT_DATA_PASS
data/current_profile_exact.json
TABLES_GENERATED_FROM_CURRENT_PROFILE
SIGN_CERTIFICATE_TABLES_GENERATED
[2/8] exact tests and source audits
[3/8] integrated exact designs
[4/8] finite regression instances
[5/8] current-profile numerical illustrations
[6/8] figures
[7/8] manuscript and supplement
[8/8] portability, PDF, and manifest
PUBLIC_REPLAY_PASS
