{
  "all_pair_routes": 36,
  "embedded_tree_vertices": 12313,
  "entire_hair_trimming_controls": 22,
  "exact_assertions": 31893,
  "mathematical_extension": "n-th compact terminal hair has length n+2^(-n-2); sup is infinite although all paths lie in the unit disc. The infinite tree is a non-SIRSN logical control. Correlated captured mean is 3*sum(1/k), while E radius=3.",
  "planar_hairs": 7,
  "random_radius_truncations": 100,
  "root_route_lengths": [
    "13/8",
    "37/16",
    "101/32",
    "261/64",
    "645/128",
    "1541/256",
    "3589/512"
  ],
  "scope": "Exact finite embedding, pairwise subroute compatibility, terminal Euclidean trimming and localization constants; not an infinite SIRSN proof or counterexample.",
  "status": "PASS"
}
