{
  "status": "PASS",
  "exact_assertions": 121,
  "finite_increment_histories": 8476,
  "record_intersections": 31,
  "parameter_thresholds": [
    {
      "d": 2,
      "gamma": "2001/1000",
      "radial_moment_limit": "1/1000",
      "multiscale_moment_limit": "1001/1000",
      "first_moment_multiscale": true,
      "first_moment_one_radius": false
    },
    {
      "d": 2,
      "gamma": "21/10",
      "radial_moment_limit": "1/10",
      "multiscale_moment_limit": "11/10",
      "first_moment_multiscale": true,
      "first_moment_one_radius": false
    },
    {
      "d": 2,
      "gamma": "3",
      "radial_moment_limit": "1",
      "multiscale_moment_limit": "2",
      "first_moment_multiscale": true,
      "first_moment_one_radius": false
    },
    {
      "d": 2,
      "gamma": "7",
      "radial_moment_limit": "5",
      "multiscale_moment_limit": "6",
      "first_moment_multiscale": true,
      "first_moment_one_radius": true
    },
    {
      "d": 3,
      "gamma": "3001/1000",
      "radial_moment_limit": "1/1000",
      "multiscale_moment_limit": "2001/1000",
      "first_moment_multiscale": true,
      "first_moment_one_radius": false
    },
    {
      "d": 3,
      "gamma": "31/10",
      "radial_moment_limit": "1/10",
      "multiscale_moment_limit": "21/10",
      "first_moment_multiscale": true,
      "first_moment_one_radius": false
    },
    {
      "d": 3,
      "gamma": "4",
      "radial_moment_limit": "1",
      "multiscale_moment_limit": "3",
      "first_moment_multiscale": true,
      "first_moment_one_radius": false
    },
    {
      "d": 3,
      "gamma": "8",
      "radial_moment_limit": "5",
      "multiscale_moment_limit": "7",
      "first_moment_multiscale": true,
      "first_moment_one_radius": true
    },
    {
      "d": 4,
      "gamma": "4001/1000",
      "radial_moment_limit": "1/1000",
      "multiscale_moment_limit": "3001/1000",
      "first_moment_multiscale": true,
      "first_moment_one_radius": false
    },
    {
      "d": 4,
      "gamma": "41/10",
      "radial_moment_limit": "1/10",
      "multiscale_moment_limit": "31/10",
      "first_moment_multiscale": true,
      "first_moment_one_radius": false
    },
    {
      "d": 4,
      "gamma": "5",
      "radial_moment_limit": "1",
      "multiscale_moment_limit": "4",
      "first_moment_multiscale": true,
      "first_moment_one_radius": false
    },
    {
      "d": 4,
      "gamma": "9",
      "radial_moment_limit": "5",
      "multiscale_moment_limit": "8",
      "first_moment_multiscale": true,
      "first_moment_one_radius": true
    }
  ],
  "scope": "Exact dependent nested-maxima record probabilities, conditioning counter-control, strict moment threshold checks. No Poisson-line simulation, SIRSN realization, or formal continuum verification."
}
