{
  "spreadsheetId": "1ZljUv5Q98jNXLoHK8WjwrkzSm3dhHC1-7LElcOU7y20",
  "tableRange": "'Math Puzzles'!A1:D19",
  "updates": {
    "spreadsheetId": "1ZljUv5Q98jNXLoHK8WjwrkzSm3dhHC1-7LElcOU7y20",
    "updatedCells": 4,
    "updatedColumns": 4,
    "updatedData": {
      "majorDimension": "ROWS",
      "range": "'Math Puzzles'!A20:D20",
      "values": [
        [
          "OWR-14297740-021 (30005649): Self-duality of quasi-supersingular group schemes",
          "",
          "https://doi.org/10.5281/zenodo.23133607",
          "A counterexample to Takao's self-duality question — Alec Kriebel (ORCID0009-0001-9320-500X), v1.0. Preprint date: 2026-10-04. Gives an explicit negative answer to Takao's higher-rank question after Proposition2, printed2479 of OWR42/2023. For every prime p>3 and n>=3 over k=an algebraic closure of F_p, constructs a p-killed finite flat commutative W(k)-group of rank p^(2n), with quasi-supersingular special fiber, such that both the special fiber and its Witt-ring lift fail Cartier self-duality. Quasi-supersingularity uses actual supersingular elliptic p-torsion factors over k. The proof gives an explicit six-dimensional Dieudonne module, elliptic filtration, image-intersection invariant and finite Honda complement; standard factors cover every n>=3. No quasi-supersingular Witt-ring filtration or descent to every perfect field is asserted. Established cyclic-word, supersingular, Dieudonne and finite Honda theory is credited. In-depth bounded primary-literature audit; source/access/version limitations retained. No first-discovery, first-application or worldwide continuing-openness certificate. Four-page unrefereed research note; extensive AI use, no independent external human peer review. Three independent mathematical approach families and three successive NEW full preprint adversaries. Historical review01 B1 and review02 F01/root B2 remain adverse as dated records; both supporting-software defects were repaired globally in the public derivative. The third NEW full review of the repaired v04 packet has zero unresolved mandatory findings. PDF plus33-member verification ZIP,32 payloads. Python3.12 and3.14 full outputs compared byte for byte. Dense nonprime basis changes and opposite squared-Frobenius kernel twists verified; targeted negative controls rejected. Characteristic-two tests cover generic semilinear algebra only, not an extension of the p>3 theorem. All15 original problem files preserved; original author progress remains1/5. Primary question: https://ems.press/content/serial-article-files/47479?nt=1, printed2479/PDF103; report DOI10.4171/OWR/2023/42. Record: https://zenodo.org/records/23133607. Reviewed PR: https://github.com/AlecKriebel/Math/pull/344."
        ]
      ]
    },
    "updatedRange": "'Math Puzzles'!A20:D20",
    "updatedRows": 1
  }
}
