{
  "status": "PASS",
  "exact_assertions": 507,
  "finite_group_order": 21,
  "coset_count": 7,
  "quotient_rank": 6,
  "quotient_torsion": [],
  "matrix_a": [
    [
      1,
      0,
      0,
      -1,
      0,
      0
    ],
    [
      0,
      0,
      0,
      -1,
      1,
      0
    ],
    [
      0,
      1,
      0,
      -1,
      0,
      0
    ],
    [
      0,
      0,
      0,
      -1,
      0,
      1
    ],
    [
      0,
      0,
      1,
      -1,
      0,
      0
    ],
    [
      0,
      0,
      0,
      -1,
      0,
      0
    ]
  ],
  "matrix_b": [
    [
      0,
      0,
      0,
      0,
      0,
      -1
    ],
    [
      1,
      0,
      0,
      0,
      0,
      -1
    ],
    [
      0,
      1,
      0,
      0,
      0,
      -1
    ],
    [
      0,
      0,
      1,
      0,
      0,
      -1
    ],
    [
      0,
      0,
      0,
      1,
      0,
      -1
    ],
    [
      0,
      0,
      0,
      0,
      1,
      -1
    ]
  ],
  "limits": [
    "Finite block only",
    "No knot realization",
    "No pair of exteriors",
    "No completeness theorem or counterexample"
  ]
}
