{
  "status": "PASS",
  "mode": "integrity",
  "payload_files_checked": 68,
  "submitted_files_checked": 16,
  "runs": [
    {
      "name": "signed_public",
      "exit_code": 0,
      "stdout_bytes": 946,
      "stdout_sha256": "5c6e5ebbedffd0210829254cd6bda1247ddf5e634f679dee1fea1dc63bccba4c",
      "whole_expected_stdout_equal": true
    },
    {
      "name": "word_public",
      "exit_code": 0,
      "stdout_bytes": 1103,
      "stdout_sha256": "791d0cc61198ef22c9baebd3158d267d7ad1a968a86cb89bb7685cf14d8d40c3",
      "whole_expected_stdout_equal": true
    },
    {
      "name": "definitions_public",
      "exit_code": 0,
      "stdout_bytes": 5274,
      "stdout_sha256": "439c17650dc5641f66408fb2f8302eb648ed1746d7b41eb0d781b9b137e047ef",
      "whole_expected_stdout_equal": true
    },
    {
      "name": "priority_public",
      "exit_code": 0,
      "stdout_bytes": 1153,
      "stdout_sha256": "852c157a3ee6d8e08a1ebeed7f9123fbc15b47aa1a4b95c8166e2819f13be43d",
      "whole_expected_stdout_equal": true
    }
  ],
  "package_bytes_unchanged": true,
  "network_or_installations": false,
  "limitations": [
    "Finite controls do not replace the universal proof or certify priority.",
    "Only curated public audit bytes and their seals are included; private source downloads, native execution histories and full provenance are omitted.",
    "The historical optional five-source 68413 mode is not reproduced; public portable output is68408.",
    "Checksums establish integrity relative to the manifest, not independent authenticity or human peer review."
  ]
}
