{
  "public_bindings_checked": 64,
  "replays": [
    {
      "exact_assertions": 151582,
      "stdout_byte_exact": true,
      "turn": 1
    },
    {
      "exact_assertions": 183315,
      "stdout_byte_exact": true,
      "turn": 2
    },
    {
      "exact_assertions": 51476,
      "stdout_byte_exact": true,
      "turn": 3
    },
    {
      "exact_assertions": 104312,
      "stdout_byte_exact": true,
      "turn": 4
    },
    {
      "exact_assertions": 12734,
      "stdout_byte_exact": true,
      "turn": 5
    }
  ],
  "source_check": "verified",
  "source_files_checked": 4,
  "status": "PASS",
  "total_exact_assertions": 503419
}
