{
  "passed": 1263,
  "failed": 0,
  "sympy_version": "1.14.0",
  "proper_polynomial_checks": 162,
  "generic_grid_translations": 37,
  "nongeneric_grid_translations": 84,
  "scope": "Exact finite controls only; no asymptotic resolution or historical-priority certification.",
  "checks": {
    "proper_forbidden_equality_0_1_3": "PASS",
    "proper_forbidden_equality_0_1_4": "PASS",
    "proper_forbidden_equality_0_1_5": "PASS",
    "proper_forbidden_equality_0_1_6": "PASS",
    "proper_forbidden_equality_0_1_7": "PASS",
    "proper_forbidden_equality_0_2_3": "PASS",
    "proper_forbidden_equality_0_2_4": "PASS",
    "proper_forbidden_equality_0_2_5": "PASS",
    "proper_forbidden_equality_0_2_6": "PASS",
    "proper_forbidden_equality_0_2_7": "PASS",
    "proper_forbidden_equality_0_3_4": "PASS",
    "proper_forbidden_equality_0_3_5": "PASS",
    "proper_forbidden_equality_0_3_6": "PASS",
    "proper_forbidden_equality_0_3_7": "PASS",
    "proper_forbidden_equality_0_4_5": "PASS",
    "proper_forbidden_equality_0_4_6": "PASS",
    "proper_forbidden_equality_0_4_7": "PASS",
    "proper_forbidden_equality_0_5_6": "PASS",
    "proper_forbidden_equality_0_5_7": "PASS",
    "proper_forbidden_equality_0_6_7": "PASS",
    "proper_forbidden_equality_1_0_3": "PASS",
    "proper_forbidden_equality_1_0_4": "PASS",
    "proper_forbidden_equality_1_0_5": "PASS",
    "proper_forbidden_equality_1_0_6": "PASS",
    "proper_forbidden_equality_1_0_7": "PASS",
    "proper_forbidden_equality_1_2_3": "PASS",
    "proper_forbidden_equality_1_2_4": "PASS",
    "proper_forbidden_equality_1_2_5": "PASS",
    "proper_forbidden_equality_1_2_6": "PASS",
    "proper_forbidden_equality_1_2_7": "PASS",
    "proper_forbidden_equality_1_3_4": "PASS",
    "proper_forbidden_equality_1_3_5": "PASS",
    "proper_forbidden_equality_1_3_6": "PASS",
    "proper_forbidden_equality_1_3_7": "PASS",
    "proper_forbidden_equality_1_4_5": "PASS",
    "proper_forbidden_equality_1_4_6": "PASS",
    "proper_forbidden_equality_1_4_7": "PASS",
    "proper_forbidden_equality_1_5_6": "PASS",
    "proper_forbidden_equality_1_5_7": "PASS",
    "proper_forbidden_equality_1_6_7": "PASS",
    "proper_forbidden_equality_2_0_3": "PASS",
    "proper_forbidden_equality_2_0_4": "PASS",
    "proper_forbidden_equality_2_0_5": "PASS",
    "proper_forbidden_equality_2_0_6": "PASS",
    "proper_forbidden_equality_2_0_7": "PASS",
    "proper_forbidden_equality_2_1_3": "PASS",
    "proper_forbidden_equality_2_1_4": "PASS",
    "proper_forbidden_equality_2_1_5": "PASS",
    "proper_forbidden_equality_2_1_6": "PASS",
    "proper_forbidden_equality_2_1_7": "PASS",
    "proper_forbidden_equality_2_3_4": "PASS",
    "proper_forbidden_equality_2_3_5": "PASS",
    "proper_forbidden_equality_2_3_6": "PASS",
    "proper_forbidden_equality_2_3_7": "PASS",
    "proper_forbidden_equality_2_4_5": "PASS",
    "proper_forbidden_equality_2_4_6": "PASS",
    "proper_forbidden_equality_2_4_7": "PASS",
    "proper_forbidden_equality_2_5_6": "PASS",
    "proper_forbidden_equality_2_5_7": "PASS",
    "proper_forbidden_equality_2_6_7": "PASS",
    "proper_forbidden_equality_3_0_1": "PASS",
    "proper_forbidden_equality_3_0_2": "PASS",
    "proper_forbidden_equality_3_0_4": "PASS",
    "proper_forbidden_equality_3_0_5": "PASS",
    "proper_forbidden_equality_3_0_6": "PASS",
    "proper_forbidden_equality_3_0_7": "PASS",
    "proper_forbidden_equality_3_1_2": "PASS",
    "proper_forbidden_equality_3_1_4": "PASS",
    "proper_forbidden_equality_3_1_5": "PASS",
    "proper_forbidden_equality_3_1_6": "PASS",
    "proper_forbidden_equality_3_1_7": "PASS",
    "proper_forbidden_equality_3_2_4": "PASS",
    "proper_forbidden_equality_3_2_5": "PASS",
    "proper_forbidden_equality_3_2_6": "PASS",
    "proper_forbidden_equality_3_2_7": "PASS",
    "proper_forbidden_equality_3_4_6": "PASS",
    "proper_forbidden_equality_3_4_7": "PASS",
    "proper_forbidden_equality_3_5_6": "PASS",
    "proper_forbidden_equality_3_5_7": "PASS",
    "proper_forbidden_equality_3_6_7": "PASS",
    "proper_forbidden_equality_4_0_1": "PASS",
    "proper_forbidden_equality_4_0_2": "PASS",
    "proper_forbidden_equality_4_0_3": "PASS",
    "proper_forbidden_equality_4_0_5": "PASS",
    "proper_forbidden_equality_4_0_6": "PASS",
    "proper_forbidden_equality_4_0_7": "PASS",
    "proper_forbidden_equality_4_1_2": "PASS",
    "proper_forbidden_equality_4_1_3": "PASS",
    "proper_forbidden_equality_4_1_5": "PASS",
    "proper_forbidden_equality_4_1_6": "PASS",
    "proper_forbidden_equality_4_1_7": "PASS",
    "proper_forbidden_equality_4_2_3": "PASS",
    "proper_forbidden_equality_4_2_5": "PASS",
    "proper_forbidden_equality_4_2_6": "PASS",
    "proper_forbidden_equality_4_2_7": "PASS",
    "proper_forbidden_equality_4_3_6": "PASS",
    "proper_forbidden_equality_4_3_7": "PASS",
    "proper_forbidden_equality_4_5_6": "PASS",
    "proper_forbidden_equality_4_5_7": "PASS",
    "proper_forbidden_equality_4_6_7": "PASS",
    "proper_forbidden_equality_5_0_1": "PASS",
    "proper_forbidden_equality_5_0_2": "PASS",
    "proper_forbidden_equality_5_0_3": "PASS",
    "proper_forbidden_equality_5_0_4": "PASS",
    "proper_forbidden_equality_5_0_6": "PASS",
    "proper_forbidden_equality_5_0_7": "PASS",
    "proper_forbidden_equality_5_1_2": "PASS",
    "proper_forbidden_equality_5_1_3": "PASS",
    "proper_forbidden_equality_5_1_4": "PASS",
    "proper_forbidden_equality_5_1_6": "PASS",
    "proper_forbidden_equality_5_1_7": "PASS",
    "proper_forbidden_equality_5_2_3": "PASS",
    "proper_forbidden_equality_5_2_4": "PASS",
    "proper_forbidden_equality_5_2_6": "PASS",
    "proper_forbidden_equality_5_2_7": "PASS",
    "proper_forbidden_equality_5_3_6": "PASS",
    "proper_forbidden_equality_5_3_7": "PASS",
    "proper_forbidden_equality_5_4_6": "PASS",
    "proper_forbidden_equality_5_4_7": "PASS",
    "proper_forbidden_equality_5_6_7": "PASS",
    "proper_forbidden_equality_6_0_1": "PASS",
    "proper_forbidden_equality_6_0_2": "PASS",
    "proper_forbidden_equality_6_0_3": "PASS",
    "proper_forbidden_equality_6_0_4": "PASS",
    "proper_forbidden_equality_6_0_5": "PASS",
    "proper_forbidden_equality_6_0_7": "PASS",
    "proper_forbidden_equality_6_1_2": "PASS",
    "proper_forbidden_equality_6_1_3": "PASS",
    "proper_forbidden_equality_6_1_4": "PASS",
    "proper_forbidden_equality_6_1_5": "PASS",
    "proper_forbidden_equality_6_1_7": "PASS",
    "proper_forbidden_equality_6_2_3": "PASS",
    "proper_forbidden_equality_6_2_4": "PASS",
    "proper_forbidden_equality_6_2_5": "PASS",
    "proper_forbidden_equality_6_2_7": "PASS",
    "proper_forbidden_equality_6_3_4": "PASS",
    "proper_forbidden_equality_6_3_5": "PASS",
    "proper_forbidden_equality_6_3_7": "PASS",
    "proper_forbidden_equality_6_4_5": "PASS",
    "proper_forbidden_equality_6_4_7": "PASS",
    "proper_forbidden_equality_6_5_7": "PASS",
    "proper_forbidden_equality_7_0_1": "PASS",
    "proper_forbidden_equality_7_0_2": "PASS",
    "proper_forbidden_equality_7_0_3": "PASS",
    "proper_forbidden_equality_7_0_4": "PASS",
    "proper_forbidden_equality_7_0_5": "PASS",
    "proper_forbidden_equality_7_0_6": "PASS",
    "proper_forbidden_equality_7_1_2": "PASS",
    "proper_forbidden_equality_7_1_3": "PASS",
    "proper_forbidden_equality_7_1_4": "PASS",
    "proper_forbidden_equality_7_1_5": "PASS",
    "proper_forbidden_equality_7_1_6": "PASS",
    "proper_forbidden_equality_7_2_3": "PASS",
    "proper_forbidden_equality_7_2_4": "PASS",
    "proper_forbidden_equality_7_2_5": "PASS",
    "proper_forbidden_equality_7_2_6": "PASS",
    "proper_forbidden_equality_7_3_4": "PASS",
    "proper_forbidden_equality_7_3_5": "PASS",
    "proper_forbidden_equality_7_3_6": "PASS",
    "proper_forbidden_equality_7_4_5": "PASS",
    "proper_forbidden_equality_7_4_6": "PASS",
    "proper_forbidden_equality_7_5_6": "PASS",
    "glue_counts_-5_-5": "PASS",
    "glue_deficits_-5_-5": "PASS",
    "glue_counts_-5_-4": "PASS",
    "glue_deficits_-5_-4": "PASS",
    "glue_counts_-5_-3": "PASS",
    "glue_deficits_-5_-3": "PASS",
    "glue_counts_-5_-2": "PASS",
    "glue_deficits_-5_-2": "PASS",
    "glue_counts_-5_5": "PASS",
    "glue_deficits_-5_5": "PASS",
    "glue_counts_-4_-5": "PASS",
    "glue_deficits_-4_-5": "PASS",
    "glue_counts_1_-5": "PASS",
    "glue_deficits_1_-5": "PASS",
    "glue_counts_1_5": "PASS",
    "glue_deficits_1_5": "PASS",
    "glue_counts_2_-5": "PASS",
    "glue_deficits_2_-5": "PASS",
    "glue_counts_2_-4": "PASS",
    "glue_deficits_2_-4": "PASS",
    "glue_counts_2_-3": "PASS",
    "glue_deficits_2_-3": "PASS",
    "glue_counts_2_4": "PASS",
    "glue_deficits_2_4": "PASS",
    "glue_counts_2_5": "PASS",
    "glue_deficits_2_5": "PASS",
    "glue_counts_3_-5": "PASS",
    "glue_deficits_3_-5": "PASS",
    "glue_counts_3_-4": "PASS",
    "glue_deficits_3_-4": "PASS",
    "glue_counts_3_-3": "PASS",
    "glue_deficits_3_-3": "PASS",
    "glue_counts_3_-2": "PASS",
    "glue_deficits_3_-2": "PASS",
    "glue_counts_3_3": "PASS",
    "glue_deficits_3_3": "PASS",
    "glue_counts_3_4": "PASS",
    "glue_deficits_3_4": "PASS",
    "glue_counts_3_5": "PASS",
    "glue_deficits_3_5": "PASS",
    "glue_counts_4_-5": "PASS",
    "glue_deficits_4_-5": "PASS",
    "glue_counts_4_-4": "PASS",
    "glue_deficits_4_-4": "PASS",
    "glue_counts_4_-3": "PASS",
    "glue_deficits_4_-3": "PASS",
    "glue_counts_4_-2": "PASS",
    "glue_deficits_4_-2": "PASS",
    "glue_counts_4_-1": "PASS",
    "glue_deficits_4_-1": "PASS",
    "glue_counts_4_3": "PASS",
    "glue_deficits_4_3": "PASS",
    "glue_counts_4_4": "PASS",
    "glue_deficits_4_4": "PASS",
    "glue_counts_4_5": "PASS",
    "glue_deficits_4_5": "PASS",
    "glue_counts_5_-5": "PASS",
    "glue_deficits_5_-5": "PASS",
    "glue_counts_5_-4": "PASS",
    "glue_deficits_5_-4": "PASS",
    "glue_counts_5_-3": "PASS",
    "glue_deficits_5_-3": "PASS",
    "glue_counts_5_-2": "PASS",
    "glue_deficits_5_-2": "PASS",
    "glue_counts_5_-1": "PASS",
    "glue_deficits_5_-1": "PASS",
    "glue_counts_5_2": "PASS",
    "glue_deficits_5_2": "PASS",
    "glue_counts_5_3": "PASS",
    "glue_deficits_5_3": "PASS",
    "glue_counts_5_4": "PASS",
    "glue_deficits_5_4": "PASS",
    "glue_counts_5_5": "PASS",
    "glue_deficits_5_5": "PASS",
    "generic_grid_both_types": "PASS",
    "nongeneric_square_changes_deficits": "PASS",
    "circle_distinct_2": "PASS",
    "circle_unit_radius_2": "PASS",
    "circle_exact_counts_2": "PASS",
    "circle_attainment_2": "PASS",
    "line_attainment_2": "PASS",
    "exception_bound_2_1": "PASS",
    "center_pinned_count_2_1": "PASS",
    "two_pin_2_1_0_1": "PASS",
    "two_pin_2_1_0_2": "PASS",
    "two_pin_2_1_1_2": "PASS",
    "defect_bound_2_1": "PASS",
    "exception_bound_2_2": "PASS",
    "center_pinned_count_2_2": "PASS",
    "two_pin_2_2_0_1": "PASS",
    "two_pin_2_2_0_2": "PASS",
    "two_pin_2_2_0_3": "PASS",
    "two_pin_2_2_1_2": "PASS",
    "two_pin_2_2_1_3": "PASS",
    "two_pin_2_2_2_3": "PASS",
    "defect_bound_2_2": "PASS",
    "exception_bound_2_3": "PASS",
    "center_pinned_count_2_3": "PASS",
    "two_pin_2_3_0_1": "PASS",
    "two_pin_2_3_0_2": "PASS",
    "two_pin_2_3_0_3": "PASS",
    "two_pin_2_3_1_2": "PASS",
    "two_pin_2_3_1_3": "PASS",
    "two_pin_2_3_2_3": "PASS",
    "defect_bound_2_3": "PASS",
    "circle_distinct_3": "PASS",
    "circle_unit_radius_3": "PASS",
    "circle_exact_counts_3": "PASS",
    "circle_attainment_3": "PASS",
    "line_attainment_3": "PASS",
    "exception_bound_3_1": "PASS",
    "center_pinned_count_3_1": "PASS",
    "two_pin_3_1_0_1": "PASS",
    "two_pin_3_1_0_2": "PASS",
    "two_pin_3_1_0_3": "PASS",
    "two_pin_3_1_1_2": "PASS",
    "two_pin_3_1_1_3": "PASS",
    "two_pin_3_1_2_3": "PASS",
    "defect_bound_3_1": "PASS",
    "exception_bound_3_2": "PASS",
    "center_pinned_count_3_2": "PASS",
    "two_pin_3_2_0_1": "PASS",
    "two_pin_3_2_0_2": "PASS",
    "two_pin_3_2_0_3": "PASS",
    "two_pin_3_2_1_2": "PASS",
    "two_pin_3_2_1_3": "PASS",
    "two_pin_3_2_2_3": "PASS",
    "defect_bound_3_2": "PASS",
    "exception_bound_3_3": "PASS",
    "center_pinned_count_3_3": "PASS",
    "two_pin_3_3_0_1": "PASS",
    "two_pin_3_3_0_2": "PASS",
    "two_pin_3_3_0_3": "PASS",
    "two_pin_3_3_1_2": "PASS",
    "two_pin_3_3_1_3": "PASS",
    "two_pin_3_3_2_3": "PASS",
    "defect_bound_3_3": "PASS",
    "circle_distinct_4": "PASS",
    "circle_unit_radius_4": "PASS",
    "circle_exact_counts_4": "PASS",
    "circle_attainment_4": "PASS",
    "line_attainment_4": "PASS",
    "exception_bound_4_1": "PASS",
    "center_pinned_count_4_1": "PASS",
    "two_pin_4_1_0_1": "PASS",
    "two_pin_4_1_0_2": "PASS",
    "two_pin_4_1_0_3": "PASS",
    "two_pin_4_1_1_2": "PASS",
    "two_pin_4_1_1_3": "PASS",
    "two_pin_4_1_2_3": "PASS",
    "defect_bound_4_1": "PASS",
    "exception_bound_4_2": "PASS",
    "center_pinned_count_4_2": "PASS",
    "two_pin_4_2_0_1": "PASS",
    "two_pin_4_2_0_2": "PASS",
    "two_pin_4_2_0_3": "PASS",
    "two_pin_4_2_1_2": "PASS",
    "two_pin_4_2_1_3": "PASS",
    "two_pin_4_2_2_3": "PASS",
    "defect_bound_4_2": "PASS",
    "exception_bound_4_3": "PASS",
    "center_pinned_count_4_3": "PASS",
    "two_pin_4_3_0_1": "PASS",
    "two_pin_4_3_0_2": "PASS",
    "two_pin_4_3_0_3": "PASS",
    "two_pin_4_3_1_2": "PASS",
    "two_pin_4_3_1_3": "PASS",
    "two_pin_4_3_2_3": "PASS",
    "defect_bound_4_3": "PASS",
    "circle_distinct_5": "PASS",
    "circle_unit_radius_5": "PASS",
    "circle_exact_counts_5": "PASS",
    "circle_attainment_5": "PASS",
    "line_attainment_5": "PASS",
    "exception_bound_5_1": "PASS",
    "center_pinned_count_5_1": "PASS",
    "two_pin_5_1_0_1": "PASS",
    "two_pin_5_1_0_2": "PASS",
    "two_pin_5_1_0_3": "PASS",
    "two_pin_5_1_1_2": "PASS",
    "two_pin_5_1_1_3": "PASS",
    "two_pin_5_1_2_3": "PASS",
    "defect_bound_5_1": "PASS",
    "exception_bound_5_2": "PASS",
    "center_pinned_count_5_2": "PASS",
    "two_pin_5_2_0_1": "PASS",
    "two_pin_5_2_0_2": "PASS",
    "two_pin_5_2_0_3": "PASS",
    "two_pin_5_2_1_2": "PASS",
    "two_pin_5_2_1_3": "PASS",
    "two_pin_5_2_2_3": "PASS",
    "defect_bound_5_2": "PASS",
    "exception_bound_5_3": "PASS",
    "center_pinned_count_5_3": "PASS",
    "two_pin_5_3_0_1": "PASS",
    "two_pin_5_3_0_2": "PASS",
    "two_pin_5_3_0_3": "PASS",
    "two_pin_5_3_1_2": "PASS",
    "two_pin_5_3_1_3": "PASS",
    "two_pin_5_3_2_3": "PASS",
    "defect_bound_5_3": "PASS",
    "circle_distinct_6": "PASS",
    "circle_unit_radius_6": "PASS",
    "circle_exact_counts_6": "PASS",
    "circle_attainment_6": "PASS",
    "line_attainment_6": "PASS",
    "exception_bound_6_1": "PASS",
    "center_pinned_count_6_1": "PASS",
    "two_pin_6_1_0_1": "PASS",
    "two_pin_6_1_0_2": "PASS",
    "two_pin_6_1_0_3": "PASS",
    "two_pin_6_1_1_2": "PASS",
    "two_pin_6_1_1_3": "PASS",
    "two_pin_6_1_2_3": "PASS",
    "defect_bound_6_1": "PASS",
    "exception_bound_6_2": "PASS",
    "center_pinned_count_6_2": "PASS",
    "two_pin_6_2_0_1": "PASS",
    "two_pin_6_2_0_2": "PASS",
    "two_pin_6_2_0_3": "PASS",
    "two_pin_6_2_1_2": "PASS",
    "two_pin_6_2_1_3": "PASS",
    "two_pin_6_2_2_3": "PASS",
    "defect_bound_6_2": "PASS",
    "exception_bound_6_3": "PASS",
    "center_pinned_count_6_3": "PASS",
    "two_pin_6_3_0_1": "PASS",
    "two_pin_6_3_0_2": "PASS",
    "two_pin_6_3_0_3": "PASS",
    "two_pin_6_3_1_2": "PASS",
    "two_pin_6_3_1_3": "PASS",
    "two_pin_6_3_2_3": "PASS",
    "defect_bound_6_3": "PASS",
    "circle_distinct_7": "PASS",
    "circle_unit_radius_7": "PASS",
    "circle_exact_counts_7": "PASS",
    "circle_attainment_7": "PASS",
    "line_attainment_7": "PASS",
    "exception_bound_7_1": "PASS",
    "center_pinned_count_7_1": "PASS",
    "two_pin_7_1_0_1": "PASS",
    "two_pin_7_1_0_2": "PASS",
    "two_pin_7_1_0_3": "PASS",
    "two_pin_7_1_1_2": "PASS",
    "two_pin_7_1_1_3": "PASS",
    "two_pin_7_1_2_3": "PASS",
    "defect_bound_7_1": "PASS",
    "exception_bound_7_2": "PASS",
    "center_pinned_count_7_2": "PASS",
    "two_pin_7_2_0_1": "PASS",
    "two_pin_7_2_0_2": "PASS",
    "two_pin_7_2_0_3": "PASS",
    "two_pin_7_2_1_2": "PASS",
    "two_pin_7_2_1_3": "PASS",
    "two_pin_7_2_2_3": "PASS",
    "defect_bound_7_2": "PASS",
    "exception_bound_7_3": "PASS",
    "center_pinned_count_7_3": "PASS",
    "two_pin_7_3_0_1": "PASS",
    "two_pin_7_3_0_2": "PASS",
    "two_pin_7_3_0_3": "PASS",
    "two_pin_7_3_1_2": "PASS",
    "two_pin_7_3_1_3": "PASS",
    "two_pin_7_3_2_3": "PASS",
    "defect_bound_7_3": "PASS",
    "circle_distinct_8": "PASS",
    "circle_unit_radius_8": "PASS",
    "circle_exact_counts_8": "PASS",
    "circle_attainment_8": "PASS",
    "line_attainment_8": "PASS",
    "exception_bound_8_1": "PASS",
    "center_pinned_count_8_1": "PASS",
    "two_pin_8_1_0_1": "PASS",
    "two_pin_8_1_0_2": "PASS",
    "two_pin_8_1_0_3": "PASS",
    "two_pin_8_1_1_2": "PASS",
    "two_pin_8_1_1_3": "PASS",
    "two_pin_8_1_2_3": "PASS",
    "defect_bound_8_1": "PASS",
    "exception_bound_8_2": "PASS",
    "center_pinned_count_8_2": "PASS",
    "two_pin_8_2_0_1": "PASS",
    "two_pin_8_2_0_2": "PASS",
    "two_pin_8_2_0_3": "PASS",
    "two_pin_8_2_1_2": "PASS",
    "two_pin_8_2_1_3": "PASS",
    "two_pin_8_2_2_3": "PASS",
    "defect_bound_8_2": "PASS",
    "exception_bound_8_3": "PASS",
    "center_pinned_count_8_3": "PASS",
    "two_pin_8_3_0_1": "PASS",
    "two_pin_8_3_0_2": "PASS",
    "two_pin_8_3_0_3": "PASS",
    "two_pin_8_3_1_2": "PASS",
    "two_pin_8_3_1_3": "PASS",
    "two_pin_8_3_2_3": "PASS",
    "defect_bound_8_3": "PASS",
    "circle_distinct_9": "PASS",
    "circle_unit_radius_9": "PASS",
    "circle_exact_counts_9": "PASS",
    "circle_attainment_9": "PASS",
    "line_attainment_9": "PASS",
    "exception_bound_9_1": "PASS",
    "center_pinned_count_9_1": "PASS",
    "two_pin_9_1_0_1": "PASS",
    "two_pin_9_1_0_2": "PASS",
    "two_pin_9_1_0_3": "PASS",
    "two_pin_9_1_1_2": "PASS",
    "two_pin_9_1_1_3": "PASS",
    "two_pin_9_1_2_3": "PASS",
    "defect_bound_9_1": "PASS",
    "exception_bound_9_2": "PASS",
    "center_pinned_count_9_2": "PASS",
    "two_pin_9_2_0_1": "PASS",
    "two_pin_9_2_0_2": "PASS",
    "two_pin_9_2_0_3": "PASS",
    "two_pin_9_2_1_2": "PASS",
    "two_pin_9_2_1_3": "PASS",
    "two_pin_9_2_2_3": "PASS",
    "defect_bound_9_2": "PASS",
    "exception_bound_9_3": "PASS",
    "center_pinned_count_9_3": "PASS",
    "two_pin_9_3_0_1": "PASS",
    "two_pin_9_3_0_2": "PASS",
    "two_pin_9_3_0_3": "PASS",
    "two_pin_9_3_1_2": "PASS",
    "two_pin_9_3_1_3": "PASS",
    "two_pin_9_3_2_3": "PASS",
    "defect_bound_9_3": "PASS",
    "circle_distinct_10": "PASS",
    "circle_unit_radius_10": "PASS",
    "circle_exact_counts_10": "PASS",
    "circle_attainment_10": "PASS",
    "line_attainment_10": "PASS",
    "exception_bound_10_1": "PASS",
    "center_pinned_count_10_1": "PASS",
    "two_pin_10_1_0_1": "PASS",
    "two_pin_10_1_0_2": "PASS",
    "two_pin_10_1_0_3": "PASS",
    "two_pin_10_1_1_2": "PASS",
    "two_pin_10_1_1_3": "PASS",
    "two_pin_10_1_2_3": "PASS",
    "defect_bound_10_1": "PASS",
    "exception_bound_10_2": "PASS",
    "center_pinned_count_10_2": "PASS",
    "two_pin_10_2_0_1": "PASS",
    "two_pin_10_2_0_2": "PASS",
    "two_pin_10_2_0_3": "PASS",
    "two_pin_10_2_1_2": "PASS",
    "two_pin_10_2_1_3": "PASS",
    "two_pin_10_2_2_3": "PASS",
    "defect_bound_10_2": "PASS",
    "exception_bound_10_3": "PASS",
    "center_pinned_count_10_3": "PASS",
    "two_pin_10_3_0_1": "PASS",
    "two_pin_10_3_0_2": "PASS",
    "two_pin_10_3_0_3": "PASS",
    "two_pin_10_3_1_2": "PASS",
    "two_pin_10_3_1_3": "PASS",
    "two_pin_10_3_2_3": "PASS",
    "defect_bound_10_3": "PASS",
    "circle_distinct_11": "PASS",
    "circle_unit_radius_11": "PASS",
    "circle_exact_counts_11": "PASS",
    "circle_attainment_11": "PASS",
    "line_attainment_11": "PASS",
    "exception_bound_11_1": "PASS",
    "center_pinned_count_11_1": "PASS",
    "two_pin_11_1_0_1": "PASS",
    "two_pin_11_1_0_2": "PASS",
    "two_pin_11_1_0_3": "PASS",
    "two_pin_11_1_1_2": "PASS",
    "two_pin_11_1_1_3": "PASS",
    "two_pin_11_1_2_3": "PASS",
    "defect_bound_11_1": "PASS",
    "exception_bound_11_2": "PASS",
    "center_pinned_count_11_2": "PASS",
    "two_pin_11_2_0_1": "PASS",
    "two_pin_11_2_0_2": "PASS",
    "two_pin_11_2_0_3": "PASS",
    "two_pin_11_2_1_2": "PASS",
    "two_pin_11_2_1_3": "PASS",
    "two_pin_11_2_2_3": "PASS",
    "defect_bound_11_2": "PASS",
    "exception_bound_11_3": "PASS",
    "center_pinned_count_11_3": "PASS",
    "two_pin_11_3_0_1": "PASS",
    "two_pin_11_3_0_2": "PASS",
    "two_pin_11_3_0_3": "PASS",
    "two_pin_11_3_1_2": "PASS",
    "two_pin_11_3_1_3": "PASS",
    "two_pin_11_3_2_3": "PASS",
    "defect_bound_11_3": "PASS",
    "circle_distinct_12": "PASS",
    "circle_unit_radius_12": "PASS",
    "circle_exact_counts_12": "PASS",
    "circle_attainment_12": "PASS",
    "line_attainment_12": "PASS",
    "exception_bound_12_1": "PASS",
    "center_pinned_count_12_1": "PASS",
    "two_pin_12_1_0_1": "PASS",
    "two_pin_12_1_0_2": "PASS",
    "two_pin_12_1_0_3": "PASS",
    "two_pin_12_1_1_2": "PASS",
    "two_pin_12_1_1_3": "PASS",
    "two_pin_12_1_2_3": "PASS",
    "defect_bound_12_1": "PASS",
    "exception_bound_12_2": "PASS",
    "center_pinned_count_12_2": "PASS",
    "two_pin_12_2_0_1": "PASS",
    "two_pin_12_2_0_2": "PASS",
    "two_pin_12_2_0_3": "PASS",
    "two_pin_12_2_1_2": "PASS",
    "two_pin_12_2_1_3": "PASS",
    "two_pin_12_2_2_3": "PASS",
    "defect_bound_12_2": "PASS",
    "exception_bound_12_3": "PASS",
    "center_pinned_count_12_3": "PASS",
    "two_pin_12_3_0_1": "PASS",
    "two_pin_12_3_0_2": "PASS",
    "two_pin_12_3_0_3": "PASS",
    "two_pin_12_3_1_2": "PASS",
    "two_pin_12_3_1_3": "PASS",
    "two_pin_12_3_2_3": "PASS",
    "defect_bound_12_3": "PASS",
    "circle_distinct_13": "PASS",
    "circle_unit_radius_13": "PASS",
    "circle_exact_counts_13": "PASS",
    "circle_attainment_13": "PASS",
    "line_attainment_13": "PASS",
    "exception_bound_13_1": "PASS",
    "center_pinned_count_13_1": "PASS",
    "two_pin_13_1_0_1": "PASS",
    "two_pin_13_1_0_2": "PASS",
    "two_pin_13_1_0_3": "PASS",
    "two_pin_13_1_1_2": "PASS",
    "two_pin_13_1_1_3": "PASS",
    "two_pin_13_1_2_3": "PASS",
    "defect_bound_13_1": "PASS",
    "exception_bound_13_2": "PASS",
    "center_pinned_count_13_2": "PASS",
    "two_pin_13_2_0_1": "PASS",
    "two_pin_13_2_0_2": "PASS",
    "two_pin_13_2_0_3": "PASS",
    "two_pin_13_2_1_2": "PASS",
    "two_pin_13_2_1_3": "PASS",
    "two_pin_13_2_2_3": "PASS",
    "defect_bound_13_2": "PASS",
    "exception_bound_13_3": "PASS",
    "center_pinned_count_13_3": "PASS",
    "two_pin_13_3_0_1": "PASS",
    "two_pin_13_3_0_2": "PASS",
    "two_pin_13_3_0_3": "PASS",
    "two_pin_13_3_1_2": "PASS",
    "two_pin_13_3_1_3": "PASS",
    "two_pin_13_3_2_3": "PASS",
    "defect_bound_13_3": "PASS",
    "circle_distinct_14": "PASS",
    "circle_unit_radius_14": "PASS",
    "circle_exact_counts_14": "PASS",
    "circle_attainment_14": "PASS",
    "line_attainment_14": "PASS",
    "exception_bound_14_1": "PASS",
    "center_pinned_count_14_1": "PASS",
    "two_pin_14_1_0_1": "PASS",
    "two_pin_14_1_0_2": "PASS",
    "two_pin_14_1_0_3": "PASS",
    "two_pin_14_1_1_2": "PASS",
    "two_pin_14_1_1_3": "PASS",
    "two_pin_14_1_2_3": "PASS",
    "defect_bound_14_1": "PASS",
    "exception_bound_14_2": "PASS",
    "center_pinned_count_14_2": "PASS",
    "two_pin_14_2_0_1": "PASS",
    "two_pin_14_2_0_2": "PASS",
    "two_pin_14_2_0_3": "PASS",
    "two_pin_14_2_1_2": "PASS",
    "two_pin_14_2_1_3": "PASS",
    "two_pin_14_2_2_3": "PASS",
    "defect_bound_14_2": "PASS",
    "exception_bound_14_3": "PASS",
    "center_pinned_count_14_3": "PASS",
    "two_pin_14_3_0_1": "PASS",
    "two_pin_14_3_0_2": "PASS",
    "two_pin_14_3_0_3": "PASS",
    "two_pin_14_3_1_2": "PASS",
    "two_pin_14_3_1_3": "PASS",
    "two_pin_14_3_2_3": "PASS",
    "defect_bound_14_3": "PASS",
    "circle_distinct_15": "PASS",
    "circle_unit_radius_15": "PASS",
    "circle_exact_counts_15": "PASS",
    "circle_attainment_15": "PASS",
    "line_attainment_15": "PASS",
    "exception_bound_15_1": "PASS",
    "center_pinned_count_15_1": "PASS",
    "two_pin_15_1_0_1": "PASS",
    "two_pin_15_1_0_2": "PASS",
    "two_pin_15_1_0_3": "PASS",
    "two_pin_15_1_1_2": "PASS",
    "two_pin_15_1_1_3": "PASS",
    "two_pin_15_1_2_3": "PASS",
    "defect_bound_15_1": "PASS",
    "exception_bound_15_2": "PASS",
    "center_pinned_count_15_2": "PASS",
    "two_pin_15_2_0_1": "PASS",
    "two_pin_15_2_0_2": "PASS",
    "two_pin_15_2_0_3": "PASS",
    "two_pin_15_2_1_2": "PASS",
    "two_pin_15_2_1_3": "PASS",
    "two_pin_15_2_2_3": "PASS",
    "defect_bound_15_2": "PASS",
    "exception_bound_15_3": "PASS",
    "center_pinned_count_15_3": "PASS",
    "two_pin_15_3_0_1": "PASS",
    "two_pin_15_3_0_2": "PASS",
    "two_pin_15_3_0_3": "PASS",
    "two_pin_15_3_1_2": "PASS",
    "two_pin_15_3_1_3": "PASS",
    "two_pin_15_3_2_3": "PASS",
    "defect_bound_15_3": "PASS",
    "circle_distinct_16": "PASS",
    "circle_unit_radius_16": "PASS",
    "circle_exact_counts_16": "PASS",
    "circle_attainment_16": "PASS",
    "line_attainment_16": "PASS",
    "exception_bound_16_1": "PASS",
    "center_pinned_count_16_1": "PASS",
    "two_pin_16_1_0_1": "PASS",
    "two_pin_16_1_0_2": "PASS",
    "two_pin_16_1_0_3": "PASS",
    "two_pin_16_1_1_2": "PASS",
    "two_pin_16_1_1_3": "PASS",
    "two_pin_16_1_2_3": "PASS",
    "defect_bound_16_1": "PASS",
    "exception_bound_16_2": "PASS",
    "center_pinned_count_16_2": "PASS",
    "two_pin_16_2_0_1": "PASS",
    "two_pin_16_2_0_2": "PASS",
    "two_pin_16_2_0_3": "PASS",
    "two_pin_16_2_1_2": "PASS",
    "two_pin_16_2_1_3": "PASS",
    "two_pin_16_2_2_3": "PASS",
    "defect_bound_16_2": "PASS",
    "exception_bound_16_3": "PASS",
    "center_pinned_count_16_3": "PASS",
    "two_pin_16_3_0_1": "PASS",
    "two_pin_16_3_0_2": "PASS",
    "two_pin_16_3_0_3": "PASS",
    "two_pin_16_3_1_2": "PASS",
    "two_pin_16_3_1_3": "PASS",
    "two_pin_16_3_2_3": "PASS",
    "defect_bound_16_3": "PASS",
    "circle_distinct_17": "PASS",
    "circle_unit_radius_17": "PASS",
    "circle_exact_counts_17": "PASS",
    "circle_attainment_17": "PASS",
    "line_attainment_17": "PASS",
    "exception_bound_17_1": "PASS",
    "center_pinned_count_17_1": "PASS",
    "two_pin_17_1_0_1": "PASS",
    "two_pin_17_1_0_2": "PASS",
    "two_pin_17_1_0_3": "PASS",
    "two_pin_17_1_1_2": "PASS",
    "two_pin_17_1_1_3": "PASS",
    "two_pin_17_1_2_3": "PASS",
    "defect_bound_17_1": "PASS",
    "exception_bound_17_2": "PASS",
    "center_pinned_count_17_2": "PASS",
    "two_pin_17_2_0_1": "PASS",
    "two_pin_17_2_0_2": "PASS",
    "two_pin_17_2_0_3": "PASS",
    "two_pin_17_2_1_2": "PASS",
    "two_pin_17_2_1_3": "PASS",
    "two_pin_17_2_2_3": "PASS",
    "defect_bound_17_2": "PASS",
    "exception_bound_17_3": "PASS",
    "center_pinned_count_17_3": "PASS",
    "two_pin_17_3_0_1": "PASS",
    "two_pin_17_3_0_2": "PASS",
    "two_pin_17_3_0_3": "PASS",
    "two_pin_17_3_1_2": "PASS",
    "two_pin_17_3_1_3": "PASS",
    "two_pin_17_3_2_3": "PASS",
    "defect_bound_17_3": "PASS",
    "circle_distinct_18": "PASS",
    "circle_unit_radius_18": "PASS",
    "circle_exact_counts_18": "PASS",
    "circle_attainment_18": "PASS",
    "line_attainment_18": "PASS",
    "exception_bound_18_1": "PASS",
    "center_pinned_count_18_1": "PASS",
    "two_pin_18_1_0_1": "PASS",
    "two_pin_18_1_0_2": "PASS",
    "two_pin_18_1_0_3": "PASS",
    "two_pin_18_1_1_2": "PASS",
    "two_pin_18_1_1_3": "PASS",
    "two_pin_18_1_2_3": "PASS",
    "defect_bound_18_1": "PASS",
    "exception_bound_18_2": "PASS",
    "center_pinned_count_18_2": "PASS",
    "two_pin_18_2_0_1": "PASS",
    "two_pin_18_2_0_2": "PASS",
    "two_pin_18_2_0_3": "PASS",
    "two_pin_18_2_1_2": "PASS",
    "two_pin_18_2_1_3": "PASS",
    "two_pin_18_2_2_3": "PASS",
    "defect_bound_18_2": "PASS",
    "exception_bound_18_3": "PASS",
    "center_pinned_count_18_3": "PASS",
    "two_pin_18_3_0_1": "PASS",
    "two_pin_18_3_0_2": "PASS",
    "two_pin_18_3_0_3": "PASS",
    "two_pin_18_3_1_2": "PASS",
    "two_pin_18_3_1_3": "PASS",
    "two_pin_18_3_2_3": "PASS",
    "defect_bound_18_3": "PASS",
    "circle_distinct_19": "PASS",
    "circle_unit_radius_19": "PASS",
    "circle_exact_counts_19": "PASS",
    "circle_attainment_19": "PASS",
    "line_attainment_19": "PASS",
    "exception_bound_19_1": "PASS",
    "center_pinned_count_19_1": "PASS",
    "two_pin_19_1_0_1": "PASS",
    "two_pin_19_1_0_2": "PASS",
    "two_pin_19_1_0_3": "PASS",
    "two_pin_19_1_1_2": "PASS",
    "two_pin_19_1_1_3": "PASS",
    "two_pin_19_1_2_3": "PASS",
    "defect_bound_19_1": "PASS",
    "exception_bound_19_2": "PASS",
    "center_pinned_count_19_2": "PASS",
    "two_pin_19_2_0_1": "PASS",
    "two_pin_19_2_0_2": "PASS",
    "two_pin_19_2_0_3": "PASS",
    "two_pin_19_2_1_2": "PASS",
    "two_pin_19_2_1_3": "PASS",
    "two_pin_19_2_2_3": "PASS",
    "defect_bound_19_2": "PASS",
    "exception_bound_19_3": "PASS",
    "center_pinned_count_19_3": "PASS",
    "two_pin_19_3_0_1": "PASS",
    "two_pin_19_3_0_2": "PASS",
    "two_pin_19_3_0_3": "PASS",
    "two_pin_19_3_1_2": "PASS",
    "two_pin_19_3_1_3": "PASS",
    "two_pin_19_3_2_3": "PASS",
    "defect_bound_19_3": "PASS",
    "circle_distinct_20": "PASS",
    "circle_unit_radius_20": "PASS",
    "circle_exact_counts_20": "PASS",
    "circle_attainment_20": "PASS",
    "line_attainment_20": "PASS",
    "exception_bound_20_1": "PASS",
    "center_pinned_count_20_1": "PASS",
    "two_pin_20_1_0_1": "PASS",
    "two_pin_20_1_0_2": "PASS",
    "two_pin_20_1_0_3": "PASS",
    "two_pin_20_1_1_2": "PASS",
    "two_pin_20_1_1_3": "PASS",
    "two_pin_20_1_2_3": "PASS",
    "defect_bound_20_1": "PASS",
    "exception_bound_20_2": "PASS",
    "center_pinned_count_20_2": "PASS",
    "two_pin_20_2_0_1": "PASS",
    "two_pin_20_2_0_2": "PASS",
    "two_pin_20_2_0_3": "PASS",
    "two_pin_20_2_1_2": "PASS",
    "two_pin_20_2_1_3": "PASS",
    "two_pin_20_2_2_3": "PASS",
    "defect_bound_20_2": "PASS",
    "exception_bound_20_3": "PASS",
    "center_pinned_count_20_3": "PASS",
    "two_pin_20_3_0_1": "PASS",
    "two_pin_20_3_0_2": "PASS",
    "two_pin_20_3_0_3": "PASS",
    "two_pin_20_3_1_2": "PASS",
    "two_pin_20_3_1_3": "PASS",
    "two_pin_20_3_2_3": "PASS",
    "defect_bound_20_3": "PASS",
    "circle_distinct_21": "PASS",
    "circle_unit_radius_21": "PASS",
    "circle_exact_counts_21": "PASS",
    "circle_attainment_21": "PASS",
    "line_attainment_21": "PASS",
    "exception_bound_21_1": "PASS",
    "center_pinned_count_21_1": "PASS",
    "two_pin_21_1_0_1": "PASS",
    "two_pin_21_1_0_2": "PASS",
    "two_pin_21_1_0_3": "PASS",
    "two_pin_21_1_1_2": "PASS",
    "two_pin_21_1_1_3": "PASS",
    "two_pin_21_1_2_3": "PASS",
    "defect_bound_21_1": "PASS",
    "exception_bound_21_2": "PASS",
    "center_pinned_count_21_2": "PASS",
    "two_pin_21_2_0_1": "PASS",
    "two_pin_21_2_0_2": "PASS",
    "two_pin_21_2_0_3": "PASS",
    "two_pin_21_2_1_2": "PASS",
    "two_pin_21_2_1_3": "PASS",
    "two_pin_21_2_2_3": "PASS",
    "defect_bound_21_2": "PASS",
    "exception_bound_21_3": "PASS",
    "center_pinned_count_21_3": "PASS",
    "two_pin_21_3_0_1": "PASS",
    "two_pin_21_3_0_2": "PASS",
    "two_pin_21_3_0_3": "PASS",
    "two_pin_21_3_1_2": "PASS",
    "two_pin_21_3_1_3": "PASS",
    "two_pin_21_3_2_3": "PASS",
    "defect_bound_21_3": "PASS",
    "circle_distinct_22": "PASS",
    "circle_unit_radius_22": "PASS",
    "circle_exact_counts_22": "PASS",
    "circle_attainment_22": "PASS",
    "line_attainment_22": "PASS",
    "exception_bound_22_1": "PASS",
    "center_pinned_count_22_1": "PASS",
    "two_pin_22_1_0_1": "PASS",
    "two_pin_22_1_0_2": "PASS",
    "two_pin_22_1_0_3": "PASS",
    "two_pin_22_1_1_2": "PASS",
    "two_pin_22_1_1_3": "PASS",
    "two_pin_22_1_2_3": "PASS",
    "defect_bound_22_1": "PASS",
    "exception_bound_22_2": "PASS",
    "center_pinned_count_22_2": "PASS",
    "two_pin_22_2_0_1": "PASS",
    "two_pin_22_2_0_2": "PASS",
    "two_pin_22_2_0_3": "PASS",
    "two_pin_22_2_1_2": "PASS",
    "two_pin_22_2_1_3": "PASS",
    "two_pin_22_2_2_3": "PASS",
    "defect_bound_22_2": "PASS",
    "exception_bound_22_3": "PASS",
    "center_pinned_count_22_3": "PASS",
    "two_pin_22_3_0_1": "PASS",
    "two_pin_22_3_0_2": "PASS",
    "two_pin_22_3_0_3": "PASS",
    "two_pin_22_3_1_2": "PASS",
    "two_pin_22_3_1_3": "PASS",
    "two_pin_22_3_2_3": "PASS",
    "defect_bound_22_3": "PASS",
    "circle_distinct_23": "PASS",
    "circle_unit_radius_23": "PASS",
    "circle_exact_counts_23": "PASS",
    "circle_attainment_23": "PASS",
    "line_attainment_23": "PASS",
    "exception_bound_23_1": "PASS",
    "center_pinned_count_23_1": "PASS",
    "two_pin_23_1_0_1": "PASS",
    "two_pin_23_1_0_2": "PASS",
    "two_pin_23_1_0_3": "PASS",
    "two_pin_23_1_1_2": "PASS",
    "two_pin_23_1_1_3": "PASS",
    "two_pin_23_1_2_3": "PASS",
    "defect_bound_23_1": "PASS",
    "exception_bound_23_2": "PASS",
    "center_pinned_count_23_2": "PASS",
    "two_pin_23_2_0_1": "PASS",
    "two_pin_23_2_0_2": "PASS",
    "two_pin_23_2_0_3": "PASS",
    "two_pin_23_2_1_2": "PASS",
    "two_pin_23_2_1_3": "PASS",
    "two_pin_23_2_2_3": "PASS",
    "defect_bound_23_2": "PASS",
    "exception_bound_23_3": "PASS",
    "center_pinned_count_23_3": "PASS",
    "two_pin_23_3_0_1": "PASS",
    "two_pin_23_3_0_2": "PASS",
    "two_pin_23_3_0_3": "PASS",
    "two_pin_23_3_1_2": "PASS",
    "two_pin_23_3_1_3": "PASS",
    "two_pin_23_3_2_3": "PASS",
    "defect_bound_23_3": "PASS",
    "circle_distinct_24": "PASS",
    "circle_unit_radius_24": "PASS",
    "circle_exact_counts_24": "PASS",
    "circle_attainment_24": "PASS",
    "line_attainment_24": "PASS",
    "exception_bound_24_1": "PASS",
    "center_pinned_count_24_1": "PASS",
    "two_pin_24_1_0_1": "PASS",
    "two_pin_24_1_0_2": "PASS",
    "two_pin_24_1_0_3": "PASS",
    "two_pin_24_1_1_2": "PASS",
    "two_pin_24_1_1_3": "PASS",
    "two_pin_24_1_2_3": "PASS",
    "defect_bound_24_1": "PASS",
    "exception_bound_24_2": "PASS",
    "center_pinned_count_24_2": "PASS",
    "two_pin_24_2_0_1": "PASS",
    "two_pin_24_2_0_2": "PASS",
    "two_pin_24_2_0_3": "PASS",
    "two_pin_24_2_1_2": "PASS",
    "two_pin_24_2_1_3": "PASS",
    "two_pin_24_2_2_3": "PASS",
    "defect_bound_24_2": "PASS",
    "exception_bound_24_3": "PASS",
    "center_pinned_count_24_3": "PASS",
    "two_pin_24_3_0_1": "PASS",
    "two_pin_24_3_0_2": "PASS",
    "two_pin_24_3_0_3": "PASS",
    "two_pin_24_3_1_2": "PASS",
    "two_pin_24_3_1_3": "PASS",
    "two_pin_24_3_2_3": "PASS",
    "defect_bound_24_3": "PASS",
    "circle_distinct_25": "PASS",
    "circle_unit_radius_25": "PASS",
    "circle_exact_counts_25": "PASS",
    "circle_attainment_25": "PASS",
    "line_attainment_25": "PASS",
    "exception_bound_25_1": "PASS",
    "center_pinned_count_25_1": "PASS",
    "two_pin_25_1_0_1": "PASS",
    "two_pin_25_1_0_2": "PASS",
    "two_pin_25_1_0_3": "PASS",
    "two_pin_25_1_1_2": "PASS",
    "two_pin_25_1_1_3": "PASS",
    "two_pin_25_1_2_3": "PASS",
    "defect_bound_25_1": "PASS",
    "exception_bound_25_2": "PASS",
    "center_pinned_count_25_2": "PASS",
    "two_pin_25_2_0_1": "PASS",
    "two_pin_25_2_0_2": "PASS",
    "two_pin_25_2_0_3": "PASS",
    "two_pin_25_2_1_2": "PASS",
    "two_pin_25_2_1_3": "PASS",
    "two_pin_25_2_2_3": "PASS",
    "defect_bound_25_2": "PASS",
    "exception_bound_25_3": "PASS",
    "center_pinned_count_25_3": "PASS",
    "two_pin_25_3_0_1": "PASS",
    "two_pin_25_3_0_2": "PASS",
    "two_pin_25_3_0_3": "PASS",
    "two_pin_25_3_1_2": "PASS",
    "two_pin_25_3_1_3": "PASS",
    "two_pin_25_3_2_3": "PASS",
    "defect_bound_25_3": "PASS",
    "circle_distinct_26": "PASS",
    "circle_unit_radius_26": "PASS",
    "circle_exact_counts_26": "PASS",
    "circle_attainment_26": "PASS",
    "line_attainment_26": "PASS",
    "exception_bound_26_1": "PASS",
    "center_pinned_count_26_1": "PASS",
    "two_pin_26_1_0_1": "PASS",
    "two_pin_26_1_0_2": "PASS",
    "two_pin_26_1_0_3": "PASS",
    "two_pin_26_1_1_2": "PASS",
    "two_pin_26_1_1_3": "PASS",
    "two_pin_26_1_2_3": "PASS",
    "defect_bound_26_1": "PASS",
    "exception_bound_26_2": "PASS",
    "center_pinned_count_26_2": "PASS",
    "two_pin_26_2_0_1": "PASS",
    "two_pin_26_2_0_2": "PASS",
    "two_pin_26_2_0_3": "PASS",
    "two_pin_26_2_1_2": "PASS",
    "two_pin_26_2_1_3": "PASS",
    "two_pin_26_2_2_3": "PASS",
    "defect_bound_26_2": "PASS",
    "exception_bound_26_3": "PASS",
    "center_pinned_count_26_3": "PASS",
    "two_pin_26_3_0_1": "PASS",
    "two_pin_26_3_0_2": "PASS",
    "two_pin_26_3_0_3": "PASS",
    "two_pin_26_3_1_2": "PASS",
    "two_pin_26_3_1_3": "PASS",
    "two_pin_26_3_2_3": "PASS",
    "defect_bound_26_3": "PASS",
    "circle_distinct_27": "PASS",
    "circle_unit_radius_27": "PASS",
    "circle_exact_counts_27": "PASS",
    "circle_attainment_27": "PASS",
    "line_attainment_27": "PASS",
    "exception_bound_27_1": "PASS",
    "center_pinned_count_27_1": "PASS",
    "two_pin_27_1_0_1": "PASS",
    "two_pin_27_1_0_2": "PASS",
    "two_pin_27_1_0_3": "PASS",
    "two_pin_27_1_1_2": "PASS",
    "two_pin_27_1_1_3": "PASS",
    "two_pin_27_1_2_3": "PASS",
    "defect_bound_27_1": "PASS",
    "exception_bound_27_2": "PASS",
    "center_pinned_count_27_2": "PASS",
    "two_pin_27_2_0_1": "PASS",
    "two_pin_27_2_0_2": "PASS",
    "two_pin_27_2_0_3": "PASS",
    "two_pin_27_2_1_2": "PASS",
    "two_pin_27_2_1_3": "PASS",
    "two_pin_27_2_2_3": "PASS",
    "defect_bound_27_2": "PASS",
    "exception_bound_27_3": "PASS",
    "center_pinned_count_27_3": "PASS",
    "two_pin_27_3_0_1": "PASS",
    "two_pin_27_3_0_2": "PASS",
    "two_pin_27_3_0_3": "PASS",
    "two_pin_27_3_1_2": "PASS",
    "two_pin_27_3_1_3": "PASS",
    "two_pin_27_3_2_3": "PASS",
    "defect_bound_27_3": "PASS",
    "circle_distinct_28": "PASS",
    "circle_unit_radius_28": "PASS",
    "circle_exact_counts_28": "PASS",
    "circle_attainment_28": "PASS",
    "line_attainment_28": "PASS",
    "exception_bound_28_1": "PASS",
    "center_pinned_count_28_1": "PASS",
    "two_pin_28_1_0_1": "PASS",
    "two_pin_28_1_0_2": "PASS",
    "two_pin_28_1_0_3": "PASS",
    "two_pin_28_1_1_2": "PASS",
    "two_pin_28_1_1_3": "PASS",
    "two_pin_28_1_2_3": "PASS",
    "defect_bound_28_1": "PASS",
    "exception_bound_28_2": "PASS",
    "center_pinned_count_28_2": "PASS",
    "two_pin_28_2_0_1": "PASS",
    "two_pin_28_2_0_2": "PASS",
    "two_pin_28_2_0_3": "PASS",
    "two_pin_28_2_1_2": "PASS",
    "two_pin_28_2_1_3": "PASS",
    "two_pin_28_2_2_3": "PASS",
    "defect_bound_28_2": "PASS",
    "exception_bound_28_3": "PASS",
    "center_pinned_count_28_3": "PASS",
    "two_pin_28_3_0_1": "PASS",
    "two_pin_28_3_0_2": "PASS",
    "two_pin_28_3_0_3": "PASS",
    "two_pin_28_3_1_2": "PASS",
    "two_pin_28_3_1_3": "PASS",
    "two_pin_28_3_2_3": "PASS",
    "defect_bound_28_3": "PASS",
    "circle_distinct_29": "PASS",
    "circle_unit_radius_29": "PASS",
    "circle_exact_counts_29": "PASS",
    "circle_attainment_29": "PASS",
    "line_attainment_29": "PASS",
    "exception_bound_29_1": "PASS",
    "center_pinned_count_29_1": "PASS",
    "two_pin_29_1_0_1": "PASS",
    "two_pin_29_1_0_2": "PASS",
    "two_pin_29_1_0_3": "PASS",
    "two_pin_29_1_1_2": "PASS",
    "two_pin_29_1_1_3": "PASS",
    "two_pin_29_1_2_3": "PASS",
    "defect_bound_29_1": "PASS",
    "exception_bound_29_2": "PASS",
    "center_pinned_count_29_2": "PASS",
    "two_pin_29_2_0_1": "PASS",
    "two_pin_29_2_0_2": "PASS",
    "two_pin_29_2_0_3": "PASS",
    "two_pin_29_2_1_2": "PASS",
    "two_pin_29_2_1_3": "PASS",
    "two_pin_29_2_2_3": "PASS",
    "defect_bound_29_2": "PASS",
    "exception_bound_29_3": "PASS",
    "center_pinned_count_29_3": "PASS",
    "two_pin_29_3_0_1": "PASS",
    "two_pin_29_3_0_2": "PASS",
    "two_pin_29_3_0_3": "PASS",
    "two_pin_29_3_1_2": "PASS",
    "two_pin_29_3_1_3": "PASS",
    "two_pin_29_3_2_3": "PASS",
    "defect_bound_29_3": "PASS",
    "circle_distinct_30": "PASS",
    "circle_unit_radius_30": "PASS",
    "circle_exact_counts_30": "PASS",
    "circle_attainment_30": "PASS",
    "line_attainment_30": "PASS",
    "exception_bound_30_1": "PASS",
    "center_pinned_count_30_1": "PASS",
    "two_pin_30_1_0_1": "PASS",
    "two_pin_30_1_0_2": "PASS",
    "two_pin_30_1_0_3": "PASS",
    "two_pin_30_1_1_2": "PASS",
    "two_pin_30_1_1_3": "PASS",
    "two_pin_30_1_2_3": "PASS",
    "defect_bound_30_1": "PASS",
    "exception_bound_30_2": "PASS",
    "center_pinned_count_30_2": "PASS",
    "two_pin_30_2_0_1": "PASS",
    "two_pin_30_2_0_2": "PASS",
    "two_pin_30_2_0_3": "PASS",
    "two_pin_30_2_1_2": "PASS",
    "two_pin_30_2_1_3": "PASS",
    "two_pin_30_2_2_3": "PASS",
    "defect_bound_30_2": "PASS",
    "exception_bound_30_3": "PASS",
    "center_pinned_count_30_3": "PASS",
    "two_pin_30_3_0_1": "PASS",
    "two_pin_30_3_0_2": "PASS",
    "two_pin_30_3_0_3": "PASS",
    "two_pin_30_3_1_2": "PASS",
    "two_pin_30_3_1_3": "PASS",
    "two_pin_30_3_2_3": "PASS",
    "defect_bound_30_3": "PASS",
    "quadratic_root": "PASS",
    "line_interval_cardinality_2": "PASS",
    "line_interval_cardinality_3": "PASS",
    "line_interval_cardinality_4": "PASS",
    "line_interval_cardinality_5": "PASS",
    "line_interval_cardinality_6": "PASS",
    "line_interval_cardinality_7": "PASS",
    "line_interval_cardinality_8": "PASS",
    "line_interval_cardinality_9": "PASS",
    "line_interval_cardinality_10": "PASS",
    "line_interval_cardinality_11": "PASS",
    "line_interval_cardinality_12": "PASS",
    "line_interval_cardinality_13": "PASS",
    "line_interval_cardinality_14": "PASS",
    "line_interval_cardinality_15": "PASS",
    "line_interval_cardinality_16": "PASS",
    "line_interval_cardinality_17": "PASS",
    "line_interval_cardinality_18": "PASS",
    "line_interval_cardinality_19": "PASS",
    "line_interval_cardinality_20": "PASS",
    "line_interval_cardinality_21": "PASS",
    "line_interval_cardinality_22": "PASS",
    "line_interval_cardinality_23": "PASS",
    "line_interval_cardinality_24": "PASS",
    "line_interval_cardinality_25": "PASS",
    "line_interval_cardinality_26": "PASS",
    "line_interval_cardinality_27": "PASS",
    "line_interval_cardinality_28": "PASS",
    "line_interval_cardinality_29": "PASS",
    "line_interval_cardinality_30": "PASS",
    "line_interval_cardinality_31": "PASS",
    "line_interval_cardinality_32": "PASS",
    "line_interval_cardinality_33": "PASS",
    "line_interval_cardinality_34": "PASS",
    "line_interval_cardinality_35": "PASS",
    "line_interval_cardinality_36": "PASS",
    "line_interval_cardinality_37": "PASS",
    "line_interval_cardinality_38": "PASS",
    "line_interval_cardinality_39": "PASS",
    "line_interval_cardinality_40": "PASS",
    "line_interval_cardinality_41": "PASS",
    "line_interval_cardinality_42": "PASS",
    "line_interval_cardinality_43": "PASS",
    "line_interval_cardinality_44": "PASS",
    "line_interval_cardinality_45": "PASS",
    "line_interval_cardinality_46": "PASS",
    "line_interval_cardinality_47": "PASS",
    "line_interval_cardinality_48": "PASS",
    "line_interval_cardinality_49": "PASS",
    "line_interval_cardinality_50": "PASS",
    "line_interval_cardinality_51": "PASS",
    "line_interval_cardinality_52": "PASS",
    "line_interval_cardinality_53": "PASS",
    "line_interval_cardinality_54": "PASS",
    "line_interval_cardinality_55": "PASS",
    "line_interval_cardinality_56": "PASS",
    "line_interval_cardinality_57": "PASS",
    "line_interval_cardinality_58": "PASS",
    "line_interval_cardinality_59": "PASS",
    "line_interval_cardinality_60": "PASS",
    "line_interval_cardinality_61": "PASS",
    "line_interval_cardinality_62": "PASS",
    "line_interval_cardinality_63": "PASS",
    "line_interval_cardinality_64": "PASS",
    "line_interval_cardinality_65": "PASS",
    "line_interval_cardinality_66": "PASS",
    "line_interval_cardinality_67": "PASS",
    "line_interval_cardinality_68": "PASS",
    "line_interval_cardinality_69": "PASS",
    "line_interval_cardinality_70": "PASS",
    "line_interval_cardinality_71": "PASS",
    "line_interval_cardinality_72": "PASS",
    "line_interval_cardinality_73": "PASS",
    "line_interval_cardinality_74": "PASS",
    "line_interval_cardinality_75": "PASS",
    "line_interval_cardinality_76": "PASS",
    "line_interval_cardinality_77": "PASS",
    "line_interval_cardinality_78": "PASS",
    "line_interval_cardinality_79": "PASS",
    "line_interval_cardinality_80": "PASS",
    "line_interval_cardinality_81": "PASS",
    "line_interval_cardinality_82": "PASS",
    "line_interval_cardinality_83": "PASS",
    "line_interval_cardinality_84": "PASS",
    "line_interval_cardinality_85": "PASS",
    "line_interval_cardinality_86": "PASS",
    "line_interval_cardinality_87": "PASS",
    "line_interval_cardinality_88": "PASS",
    "line_interval_cardinality_89": "PASS",
    "line_interval_cardinality_90": "PASS",
    "line_interval_cardinality_91": "PASS",
    "line_interval_cardinality_92": "PASS",
    "line_interval_cardinality_93": "PASS",
    "line_interval_cardinality_94": "PASS",
    "line_interval_cardinality_95": "PASS",
    "line_interval_cardinality_96": "PASS",
    "line_interval_cardinality_97": "PASS",
    "line_interval_cardinality_98": "PASS",
    "line_interval_cardinality_99": "PASS",
    "line_interval_cardinality_100": "PASS"
  },
  "reviewed_sha256": "b51799d262ea7f633771128422708232c0522e7fddbaa5062a955911ed2e79f5"
}
