Updating 4cd8febfd..f193a85b6
Fast-forward
 unsolved_math_prioritization/QUEUE.md              |   2 +-
 .../attempts/7800012/FINAL_FROZEN_MANIFEST.json    | 207 +++++
 .../attempts/7800012/FINAL_REVIEW_REQUEST.md       |  23 +
 .../attempts/7800012/PRIOR_GATE.json               |  16 +
 .../attempts/7800012/PR_BODY.md                    |  17 +
 .../attempts/7800012/PUBLICATION_MANIFEST.json     | 253 ++++++
 .../attempts/7800012/READINESS.json                |  14 +
 .../attempts/7800012/README.md                     |  34 +
 .../attempts/7800012/REPLAY_ALL.py                 |  17 +
 .../attempts/7800012/RESULT.md                     |  27 +
 .../attempts/7800012/SOURCE_MANIFEST.json          |  25 +
 .../attempts/7800012/SOURCE_NORMALIZATION.md       |  11 +
 .../attempts/7800012/TURN_1.md                     |  93 +++
 .../attempts/7800012/TURN_1_CHECKS.json            |  11 +
 .../attempts/7800012/TURN_1_LEDGER.jsonl           |   2 +
 .../attempts/7800012/TURN_1_MANIFEST.json          |  57 ++
 .../attempts/7800012/TURN_1_STATE.json             |  25 +
 .../attempts/7800012/TURN_2.md                     |  88 +++
 .../attempts/7800012/TURN_2_CHECKS.json            |  10 +
 .../attempts/7800012/TURN_2_LEDGER.jsonl           |   3 +
 .../attempts/7800012/TURN_2_MANIFEST.json          |  87 +++
 .../attempts/7800012/TURN_2_STATE.json             |  25 +
 .../attempts/7800012/TURN_3.md                     | 110 +++
 .../attempts/7800012/TURN_3_CHECKS.json            |   7 +
 .../attempts/7800012/TURN_3_LEDGER.jsonl           |   4 +
 .../attempts/7800012/TURN_3_MANIFEST.json          | 117 +++
 .../attempts/7800012/TURN_3_STATE.json             |  25 +
 .../attempts/7800012/TURN_4.md                     |  91 +++
 .../attempts/7800012/TURN_4_CERTIFICATE.json       | 862 +++++++++++++++++++++
 .../attempts/7800012/TURN_4_CHECKS.json            |   9 +
 .../attempts/7800012/TURN_4_LEDGER.jsonl           |   5 +
 .../attempts/7800012/TURN_4_MANIFEST.json          | 157 ++++
 .../attempts/7800012/TURN_4_STATE.json             |  25 +
 .../attempts/7800012/TURN_5.md                     |  97 +++
 .../attempts/7800012/TURN_5_CHECKS.json            |   5 +
 .../attempts/7800012/TURN_5_LEDGER.jsonl           |   6 +
 .../attempts/7800012/TURN_5_MANIFEST.json          | 202 +++++
 .../attempts/7800012/TURN_5_STATE.json             |  25 +
 .../7800012/final_review/AUTHOR_REPLAY.json        |  13 +
 .../7800012/final_review/INDEPENDENT_CHECKS.json   |   5 +
 .../attempts/7800012/final_review/REVIEW.md        |  45 ++
 .../7800012/final_review/REVIEW_MANIFEST.json      |  28 +
 .../7800012/final_review/independent_check.py      |  49 ++
 .../attempts/7800012/gaussian_matrix.py            |  21 +
 .../attempts/7800012/hessian_certificate.py        | 114 +++
 .../attempts/7800012/verify_review.py              |  11 +
 .../attempts/7800012/verify_turn1.py               |  50 ++
 .../attempts/7800012/verify_turn2.py               |  59 ++
 .../attempts/7800012/verify_turn3.py               |  81 ++
 .../attempts/7800012/verify_turn4.py               |   9 +
 .../attempts/7800012/verify_turn5.py               |  65 ++
 51 files changed, 3343 insertions(+), 1 deletion(-)
 create mode 100644 unsolved_math_prioritization/attempts/7800012/FINAL_FROZEN_MANIFEST.json
 create mode 100644 unsolved_math_prioritization/attempts/7800012/FINAL_REVIEW_REQUEST.md
 create mode 100644 unsolved_math_prioritization/attempts/7800012/PRIOR_GATE.json
 create mode 100644 unsolved_math_prioritization/attempts/7800012/PR_BODY.md
 create mode 100644 unsolved_math_prioritization/attempts/7800012/PUBLICATION_MANIFEST.json
 create mode 100644 unsolved_math_prioritization/attempts/7800012/READINESS.json
 create mode 100644 unsolved_math_prioritization/attempts/7800012/README.md
 create mode 100644 unsolved_math_prioritization/attempts/7800012/REPLAY_ALL.py
 create mode 100644 unsolved_math_prioritization/attempts/7800012/RESULT.md
 create mode 100644 unsolved_math_prioritization/attempts/7800012/SOURCE_MANIFEST.json
 create mode 100644 unsolved_math_prioritization/attempts/7800012/SOURCE_NORMALIZATION.md
 create mode 100644 unsolved_math_prioritization/attempts/7800012/TURN_1.md
 create mode 100644 unsolved_math_prioritization/attempts/7800012/TURN_1_CHECKS.json
 create mode 100644 unsolved_math_prioritization/attempts/7800012/TURN_1_LEDGER.jsonl
 create mode 100644 unsolved_math_prioritization/attempts/7800012/TURN_1_MANIFEST.json
 create mode 100644 unsolved_math_prioritization/attempts/7800012/TURN_1_STATE.json
 create mode 100644 unsolved_math_prioritization/attempts/7800012/TURN_2.md
 create mode 100644 unsolved_math_prioritization/attempts/7800012/TURN_2_CHECKS.json
 create mode 100644 unsolved_math_prioritization/attempts/7800012/TURN_2_LEDGER.jsonl
 create mode 100644 unsolved_math_prioritization/attempts/7800012/TURN_2_MANIFEST.json
 create mode 100644 unsolved_math_prioritization/attempts/7800012/TURN_2_STATE.json
 create mode 100644 unsolved_math_prioritization/attempts/7800012/TURN_3.md
 create mode 100644 unsolved_math_prioritization/attempts/7800012/TURN_3_CHECKS.json
 create mode 100644 unsolved_math_prioritization/attempts/7800012/TURN_3_LEDGER.jsonl
 create mode 100644 unsolved_math_prioritization/attempts/7800012/TURN_3_MANIFEST.json
 create mode 100644 unsolved_math_prioritization/attempts/7800012/TURN_3_STATE.json
 create mode 100644 unsolved_math_prioritization/attempts/7800012/TURN_4.md
 create mode 100644 unsolved_math_prioritization/attempts/7800012/TURN_4_CERTIFICATE.json
 create mode 100644 unsolved_math_prioritization/attempts/7800012/TURN_4_CHECKS.json
 create mode 100644 unsolved_math_prioritization/attempts/7800012/TURN_4_LEDGER.jsonl
 create mode 100644 unsolved_math_prioritization/attempts/7800012/TURN_4_MANIFEST.json
 create mode 100644 unsolved_math_prioritization/attempts/7800012/TURN_4_STATE.json
 create mode 100644 unsolved_math_prioritization/attempts/7800012/TURN_5.md
 create mode 100644 unsolved_math_prioritization/attempts/7800012/TURN_5_CHECKS.json
 create mode 100644 unsolved_math_prioritization/attempts/7800012/TURN_5_LEDGER.jsonl
 create mode 100644 unsolved_math_prioritization/attempts/7800012/TURN_5_MANIFEST.json
 create mode 100644 unsolved_math_prioritization/attempts/7800012/TURN_5_STATE.json
 create mode 100644 unsolved_math_prioritization/attempts/7800012/final_review/AUTHOR_REPLAY.json
 create mode 100644 unsolved_math_prioritization/attempts/7800012/final_review/INDEPENDENT_CHECKS.json
 create mode 100644 unsolved_math_prioritization/attempts/7800012/final_review/REVIEW.md
 create mode 100644 unsolved_math_prioritization/attempts/7800012/final_review/REVIEW_MANIFEST.json
 create mode 100644 unsolved_math_prioritization/attempts/7800012/final_review/independent_check.py
 create mode 100644 unsolved_math_prioritization/attempts/7800012/gaussian_matrix.py
 create mode 100644 unsolved_math_prioritization/attempts/7800012/hessian_certificate.py
 create mode 100644 unsolved_math_prioritization/attempts/7800012/verify_review.py
 create mode 100644 unsolved_math_prioritization/attempts/7800012/verify_turn1.py
 create mode 100644 unsolved_math_prioritization/attempts/7800012/verify_turn2.py
 create mode 100644 unsolved_math_prioritization/attempts/7800012/verify_turn3.py
 create mode 100644 unsolved_math_prioritization/attempts/7800012/verify_turn4.py
 create mode 100644 unsolved_math_prioritization/attempts/7800012/verify_turn5.py
