[main b1dcffe40] Checkpoint three independent quarter-filled flux audits
 154 files changed, 9642 insertions(+), 2 deletions(-)
 create mode 100644 draft_pr_descending_audit_20261002/audits/pr376_7800012/ROOT_FAMILY_COMPARISON.md
 create mode 100644 draft_pr_descending_audit_20261002/audits/pr376_7800012/ROOT_MATHEMATICAL_RECONSTRUCTION.md
 create mode 100644 draft_pr_descending_audit_20261002/audits/pr376_7800012/global_bounds_review/POST_SEAL_RECONCILIATION.md
 create mode 100644 draft_pr_descending_audit_20261002/audits/pr376_7800012/global_bounds_review/PUBLIC_MANIFEST.json
 create mode 100644 draft_pr_descending_audit_20261002/audits/pr376_7800012/global_bounds_review/VERDICT.md
 create mode 100644 draft_pr_descending_audit_20261002/audits/pr376_7800012/global_bounds_review/baseline.md
 create mode 100644 draft_pr_descending_audit_20261002/audits/pr376_7800012/global_bounds_review/code/baseline_controls.py
 create mode 100644 draft_pr_descending_audit_20261002/audits/pr376_7800012/global_bounds_review/code/independent_controls.py
 create mode 100644 draft_pr_descending_audit_20261002/audits/pr376_7800012/global_bounds_review/code/replay_author.py
 create mode 100644 draft_pr_descending_audit_20261002/audits/pr376_7800012/global_bounds_review/code/replay_prior_after_seal.py
 create mode 100644 draft_pr_descending_audit_20261002/audits/pr376_7800012/global_bounds_review/receipts/author_replay.json
 create mode 100644 draft_pr_descending_audit_20261002/audits/pr376_7800012/global_bounds_review/receipts/baseline_controls.json
 create mode 100644 draft_pr_descending_audit_20261002/audits/pr376_7800012/global_bounds_review/receipts/baseline_seal.sha256
 create mode 100644 draft_pr_descending_audit_20261002/audits/pr376_7800012/global_bounds_review/receipts/independent_controls.json
 create mode 100644 draft_pr_descending_audit_20261002/audits/pr376_7800012/global_bounds_review/receipts/independent_controls_first_attempt.json
 create mode 100644 draft_pr_descending_audit_20261002/audits/pr376_7800012/global_bounds_review/receipts/post_seal_prior_replay.json
 create mode 100644 draft_pr_descending_audit_20261002/audits/pr376_7800012/global_bounds_review/receipts/seal_integrity.json
 create mode 100644 draft_pr_descending_audit_20261002/audits/pr376_7800012/global_bounds_review/receipts/verdict_seal.sha256
 create mode 100644 draft_pr_descending_audit_20261002/audits/pr376_7800012/global_bounds_review/research_log.md
 create mode 100644 draft_pr_descending_audit_20261002/audits/pr376_7800012/hessian_holonomy_review/.gitignore
 create mode 100644 draft_pr_descending_audit_20261002/audits/pr376_7800012/hessian_holonomy_review/public/MANIFEST.json
 create mode 100644 draft_pr_descending_audit_20261002/audits/pr376_7800012/hessian_holonomy_review/public/RESEARCH_LOG.md
 create mode 100644 draft_pr_descending_audit_20261002/audits/pr376_7800012/hessian_holonomy_review/public/REVIEW.md
 create mode 100644 draft_pr_descending_audit_20261002/audits/pr376_7800012/hessian_holonomy_review/public/SOURCE_METADATA.json
 create mode 100644 draft_pr_descending_audit_20261002/audits/pr376_7800012/hessian_holonomy_review/public/author_full_hessian_certificate_stderr.txt
 create mode 100644 draft_pr_descending_audit_20261002/audits/pr376_7800012/hessian_holonomy_review/public/author_full_hessian_certificate_stdout.json
 create mode 100644 draft_pr_descending_audit_20261002/audits/pr376_7800012/hessian_holonomy_review/public/author_replay_stderr.txt
 create mode 100644 draft_pr_descending_audit_20261002/audits/pr376_7800012/hessian_holonomy_review/public/author_replay_stdout.json
 create mode 100644 draft_pr_descending_audit_20261002/audits/pr376_7800012/hessian_holonomy_review/public/author_replay_with_sources_stderr.txt
 create mode 100644 draft_pr_descending_audit_20261002/audits/pr376_7800012/hessian_holonomy_review/public/author_replay_with_sources_stdout.json
 create mode 100644 draft_pr_descending_audit_20261002/audits/pr376_7800012/hessian_holonomy_review/public/author_turn1_stderr.txt
 create mode 100644 draft_pr_descending_audit_20261002/audits/pr376_7800012/hessian_holonomy_review/public/author_turn1_stdout.json
 create mode 100644 draft_pr_descending_audit_20261002/audits/pr376_7800012/hessian_holonomy_review/public/author_turn2_stderr.txt
 create mode 100644 draft_pr_descending_audit_20261002/audits/pr376_7800012/hessian_holonomy_review/public/author_turn2_stdout.json
 create mode 100644 draft_pr_descending_audit_20261002/audits/pr376_7800012/hessian_holonomy_review/public/author_turn3_stderr.txt
 create mode 100644 draft_pr_descending_audit_20261002/audits/pr376_7800012/hessian_holonomy_review/public/author_turn3_stdout.json
 create mode 100644 draft_pr_descending_audit_20261002/audits/pr376_7800012/hessian_holonomy_review/public/author_turn4_stderr.txt
 create mode 100644 draft_pr_descending_audit_20261002/audits/pr376_7800012/hessian_holonomy_review/public/author_turn4_stdout.json
 create mode 100644 draft_pr_descending_audit_20261002/audits/pr376_7800012/hessian_holonomy_review/public/author_turn5_stderr.txt
 create mode 100644 draft_pr_descending_audit_20261002/audits/pr376_7800012/hessian_holonomy_review/public/author_turn5_stdout.json
 create mode 100644 draft_pr_descending_audit_20261002/audits/pr376_7800012/hessian_holonomy_review/public/compare_independent_to_frozen.py
 create mode 100644 draft_pr_descending_audit_20261002/audits/pr376_7800012/hessian_holonomy_review/public/independent_full_hessian.txt
 create mode 100644 draft_pr_descending_audit_20261002/audits/pr376_7800012/hessian_holonomy_review/public/independent_pre_candidate_seal.md
 create mode 100644 draft_pr_descending_audit_20261002/audits/pr376_7800012/hessian_holonomy_review/public/independent_symbolic_controls.py
 create mode 100644 draft_pr_descending_audit_20261002/audits/pr376_7800012/hessian_holonomy_review/public/independent_symbolic_first_failure.py
 create mode 100644 draft_pr_descending_audit_20261002/audits/pr376_7800012/hessian_holonomy_review/public/independent_symbolic_first_failure.txt
 create mode 100644 draft_pr_descending_audit_20261002/audits/pr376_7800012/hessian_holonomy_review/public/independent_symbolic_first_failure_script.sha256
 create mode 100644 draft_pr_descending_audit_20261002/audits/pr376_7800012/hessian_holonomy_review/public/independent_symbolic_second_failure.py
 create mode 100644 draft_pr_descending_audit_20261002/audits/pr376_7800012/hessian_holonomy_review/public/independent_symbolic_second_failure.txt
 create mode 100644 draft_pr_descending_audit_20261002/audits/pr376_7800012/hessian_holonomy_review/public/independent_symbolic_second_failure_script.sha256
 create mode 100644 draft_pr_descending_audit_20261002/audits/pr376_7800012/hessian_holonomy_review/public/independent_symbolic_stderr.txt
 create mode 100644 draft_pr_descending_audit_20261002/audits/pr376_7800012/hessian_holonomy_review/public/independent_symbolic_stdout.json
 create mode 100644 draft_pr_descending_audit_20261002/audits/pr376_7800012/hessian_holonomy_review/public/independent_symbolic_third_failure.py
 create mode 100644 draft_pr_descending_audit_20261002/audits/pr376_7800012/hessian_holonomy_review/public/independent_symbolic_third_failure.txt
 create mode 100644 draft_pr_descending_audit_20261002/audits/pr376_7800012/hessian_holonomy_review/public/independent_symbolic_third_failure_script.sha256
 create mode 100644 draft_pr_descending_audit_20261002/audits/pr376_7800012/hessian_holonomy_review/public/independent_verdict_seal.md
 create mode 100644 draft_pr_descending_audit_20261002/audits/pr376_7800012/hessian_holonomy_review/public/independent_verdict_seal.sha256
 create mode 100644 draft_pr_descending_audit_20261002/audits/pr376_7800012/hessian_holonomy_review/public/post_seal_comparison_stderr.txt
 create mode 100644 draft_pr_descending_audit_20261002/audits/pr376_7800012/hessian_holonomy_review/public/post_seal_comparison_stdout.json
 create mode 100644 draft_pr_descending_audit_20261002/audits/pr376_7800012/hessian_holonomy_review/public/pre_candidate_seal.sha256
 create mode 100644 draft_pr_descending_audit_20261002/audits/pr376_7800012/hessian_holonomy_review/public/prior_review_replay_stderr.txt
 create mode 100644 draft_pr_descending_audit_20261002/audits/pr376_7800012/hessian_holonomy_review/public/prior_review_replay_stdout.txt
 create mode 100644 draft_pr_descending_audit_20261002/audits/pr376_7800012/hessian_holonomy_review/public/reproduce_candidate.py
 create mode 100644 draft_pr_descending_audit_20261002/audits/pr376_7800012/hessian_holonomy_review/public/reproduction_full_receipts.json
 create mode 100644 draft_pr_descending_audit_20261002/audits/pr376_7800012/hessian_holonomy_review/public/reproduction_full_receipts_stderr.txt
 create mode 100644 draft_pr_descending_audit_20261002/audits/pr376_7800012/hessian_holonomy_review/public/stdlib_holonomy_controls.py
 create mode 100644 draft_pr_descending_audit_20261002/audits/pr376_7800012/hessian_holonomy_review/public/stdlib_holonomy_stderr.txt
 create mode 100644 draft_pr_descending_audit_20261002/audits/pr376_7800012/hessian_holonomy_review/public/stdlib_holonomy_stdout.json
 create mode 100644 draft_pr_descending_audit_20261002/audits/pr376_7800012/hessian_holonomy_review/public/verify_audit_manifest.py
 create mode 100644 draft_pr_descending_audit_20261002/audits/pr376_7800012/research_log.md
 create mode 100644 draft_pr_descending_audit_20261002/audits/pr376_7800012/root_family_global_baseline.stderr
 create mode 100644 draft_pr_descending_audit_20261002/audits/pr376_7800012/root_family_global_baseline.stdout
 create mode 100644 draft_pr_descending_audit_20261002/audits/pr376_7800012/root_family_global_independent.stderr
 create mode 100644 draft_pr_descending_audit_20261002/audits/pr376_7800012/root_family_global_independent.stdout
 create mode 100644 draft_pr_descending_audit_20261002/audits/pr376_7800012/root_family_hessian_manifest.stderr
 create mode 100644 draft_pr_descending_audit_20261002/audits/pr376_7800012/root_family_hessian_manifest.stdout
 create mode 100644 draft_pr_descending_audit_20261002/audits/pr376_7800012/root_family_hessian_post_comparison.stderr
 create mode 100644 draft_pr_descending_audit_20261002/audits/pr376_7800012/root_family_hessian_post_comparison.stdout
 create mode 100644 draft_pr_descending_audit_20261002/audits/pr376_7800012/root_family_hessian_symbolic.stderr
 create mode 100644 draft_pr_descending_audit_20261002/audits/pr376_7800012/root_family_hessian_symbolic.stdout
 create mode 100644 draft_pr_descending_audit_20261002/audits/pr376_7800012/root_family_hessian_topology.stderr
 create mode 100644 draft_pr_descending_audit_20261002/audits/pr376_7800012/root_family_hessian_topology.stdout
 create mode 100644 draft_pr_descending_audit_20261002/audits/pr376_7800012/root_family_reproduction.py
 create mode 100644 draft_pr_descending_audit_20261002/audits/pr376_7800012/root_family_reproduction_receipt.json
 create mode 100644 draft_pr_descending_audit_20261002/audits/pr376_7800012/root_family_thermo_independent.stderr
 create mode 100644 draft_pr_descending_audit_20261002/audits/pr376_7800012/root_family_thermo_independent.stdout
 create mode 100644 draft_pr_descending_audit_20261002/audits/pr376_7800012/root_family_thermo_source_first.stderr
 create mode 100644 draft_pr_descending_audit_20261002/audits/pr376_7800012/root_family_thermo_source_first.stdout
 create mode 100644 draft_pr_descending_audit_20261002/audits/pr376_7800012/root_hessian_certificate.stderr
 create mode 100644 draft_pr_descending_audit_20261002/audits/pr376_7800012/root_hessian_certificate.stdout
 create mode 100644 draft_pr_descending_audit_20261002/audits/pr376_7800012/root_historical_independent.stderr
 create mode 100644 draft_pr_descending_audit_20261002/audits/pr376_7800012/root_historical_independent.stdout
 create mode 100644 draft_pr_descending_audit_20261002/audits/pr376_7800012/root_original_replay.py
 create mode 100644 draft_pr_descending_audit_20261002/audits/pr376_7800012/root_original_replay_receipt.json
 create mode 100644 draft_pr_descending_audit_20261002/audits/pr376_7800012/root_public_author_replay.stderr
 create mode 100644 draft_pr_descending_audit_20261002/audits/pr376_7800012/root_public_author_replay.stdout
 create mode 100644 draft_pr_descending_audit_20261002/audits/pr376_7800012/root_public_review_wrapper.stderr
 create mode 100644 draft_pr_descending_audit_20261002/audits/pr376_7800012/root_public_review_wrapper.stdout
 create mode 100644 draft_pr_descending_audit_20261002/audits/pr376_7800012/root_source_bound_author_replay.stderr
 create mode 100644 draft_pr_descending_audit_20261002/audits/pr376_7800012/root_source_bound_author_replay.stdout
 create mode 100644 draft_pr_descending_audit_20261002/audits/pr376_7800012/root_turn1.stderr
 create mode 100644 draft_pr_descending_audit_20261002/audits/pr376_7800012/root_turn1.stdout
 create mode 100644 draft_pr_descending_audit_20261002/audits/pr376_7800012/root_turn2.stderr
 create mode 100644 draft_pr_descending_audit_20261002/audits/pr376_7800012/root_turn2.stdout
 create mode 100644 draft_pr_descending_audit_20261002/audits/pr376_7800012/root_turn3.stderr
 create mode 100644 draft_pr_descending_audit_20261002/audits/pr376_7800012/root_turn3.stdout
 create mode 100644 draft_pr_descending_audit_20261002/audits/pr376_7800012/root_turn4.stderr
 create mode 100644 draft_pr_descending_audit_20261002/audits/pr376_7800012/root_turn4.stdout
 create mode 100644 draft_pr_descending_audit_20261002/audits/pr376_7800012/root_turn5.stderr
 create mode 100644 draft_pr_descending_audit_20261002/audits/pr376_7800012/root_turn5.stdout
 create mode 100644 draft_pr_descending_audit_20261002/audits/pr376_7800012/thermodynamic_review/.gitignore
 create mode 100644 draft_pr_descending_audit_20261002/audits/pr376_7800012/thermodynamic_review/PUBLIC_MANIFEST.json
 create mode 100644 draft_pr_descending_audit_20261002/audits/pr376_7800012/thermodynamic_review/README.md
 create mode 100644 draft_pr_descending_audit_20261002/audits/pr376_7800012/thermodynamic_review/REVIEW.md
 create mode 100644 draft_pr_descending_audit_20261002/audits/pr376_7800012/thermodynamic_review/checks/author_replay.stderr.txt
 create mode 100644 draft_pr_descending_audit_20261002/audits/pr376_7800012/thermodynamic_review/checks/author_replay.stdout.txt
 create mode 100644 draft_pr_descending_audit_20261002/audits/pr376_7800012/thermodynamic_review/checks/author_replay_sources.stderr.txt
 create mode 100644 draft_pr_descending_audit_20261002/audits/pr376_7800012/thermodynamic_review/checks/author_replay_sources.stdout.txt
 create mode 100644 draft_pr_descending_audit_20261002/audits/pr376_7800012/thermodynamic_review/checks/author_streams/REPLAY_ALL.py.stderr.txt
 create mode 100644 draft_pr_descending_audit_20261002/audits/pr376_7800012/thermodynamic_review/checks/author_streams/REPLAY_ALL.py.stdout.txt
 create mode 100644 draft_pr_descending_audit_20261002/audits/pr376_7800012/thermodynamic_review/checks/author_streams/hessian_certificate.py.stderr.txt
 create mode 100644 draft_pr_descending_audit_20261002/audits/pr376_7800012/thermodynamic_review/checks/author_streams/hessian_certificate.py.stdout.txt
 create mode 100644 draft_pr_descending_audit_20261002/audits/pr376_7800012/thermodynamic_review/checks/author_streams/verify_turn1.py.stderr.txt
 create mode 100644 draft_pr_descending_audit_20261002/audits/pr376_7800012/thermodynamic_review/checks/author_streams/verify_turn1.py.stdout.txt
 create mode 100644 draft_pr_descending_audit_20261002/audits/pr376_7800012/thermodynamic_review/checks/author_streams/verify_turn2.py.stderr.txt
 create mode 100644 draft_pr_descending_audit_20261002/audits/pr376_7800012/thermodynamic_review/checks/author_streams/verify_turn2.py.stdout.txt
 create mode 100644 draft_pr_descending_audit_20261002/audits/pr376_7800012/thermodynamic_review/checks/author_streams/verify_turn3.py.stderr.txt
 create mode 100644 draft_pr_descending_audit_20261002/audits/pr376_7800012/thermodynamic_review/checks/author_streams/verify_turn3.py.stdout.txt
 create mode 100644 draft_pr_descending_audit_20261002/audits/pr376_7800012/thermodynamic_review/checks/author_streams/verify_turn4.py.stderr.txt
 create mode 100644 draft_pr_descending_audit_20261002/audits/pr376_7800012/thermodynamic_review/checks/author_streams/verify_turn4.py.stdout.txt
 create mode 100644 draft_pr_descending_audit_20261002/audits/pr376_7800012/thermodynamic_review/checks/author_streams/verify_turn5.py.stderr.txt
 create mode 100644 draft_pr_descending_audit_20261002/audits/pr376_7800012/thermodynamic_review/checks/author_streams/verify_turn5.py.stdout.txt
 create mode 100644 draft_pr_descending_audit_20261002/audits/pr376_7800012/thermodynamic_review/checks/build_manifest.py
 create mode 100644 draft_pr_descending_audit_20261002/audits/pr376_7800012/thermodynamic_review/checks/capture_replays.py
 create mode 100644 draft_pr_descending_audit_20261002/audits/pr376_7800012/thermodynamic_review/checks/capture_replays.stderr.txt
 create mode 100644 draft_pr_descending_audit_20261002/audits/pr376_7800012/thermodynamic_review/checks/capture_replays.stdout.txt
 create mode 100644 draft_pr_descending_audit_20261002/audits/pr376_7800012/thermodynamic_review/checks/post_seal_existing_independent.stderr.txt
 create mode 100644 draft_pr_descending_audit_20261002/audits/pr376_7800012/thermodynamic_review/checks/post_seal_existing_independent.stdout.txt
 create mode 100644 draft_pr_descending_audit_20261002/audits/pr376_7800012/thermodynamic_review/checks/post_seal_existing_review.stderr.txt
 create mode 100644 draft_pr_descending_audit_20261002/audits/pr376_7800012/thermodynamic_review/checks/post_seal_existing_review.stdout.txt
 create mode 100644 draft_pr_descending_audit_20261002/audits/pr376_7800012/thermodynamic_review/checks/source_first_checks.py
 create mode 100644 draft_pr_descending_audit_20261002/audits/pr376_7800012/thermodynamic_review/checks/source_first_checks.stderr.txt
 create mode 100644 draft_pr_descending_audit_20261002/audits/pr376_7800012/thermodynamic_review/checks/source_first_checks.stdout.txt
 create mode 100644 draft_pr_descending_audit_20261002/audits/pr376_7800012/thermodynamic_review/checks/thermodynamic_checks.py
 create mode 100644 draft_pr_descending_audit_20261002/audits/pr376_7800012/thermodynamic_review/checks/thermodynamic_checks.stderr.txt
 create mode 100644 draft_pr_descending_audit_20261002/audits/pr376_7800012/thermodynamic_review/checks/thermodynamic_checks.stdout.txt
 create mode 100644 draft_pr_descending_audit_20261002/audits/pr376_7800012/thermodynamic_review/independent_derivations.md
 create mode 100644 draft_pr_descending_audit_20261002/audits/pr376_7800012/thermodynamic_review/independent_seal.md
 create mode 100644 draft_pr_descending_audit_20261002/audits/pr376_7800012/thermodynamic_review/post_seal_comparison.md
 create mode 100644 draft_pr_descending_audit_20261002/audits/pr376_7800012/thermodynamic_review/research_log.md
 create mode 100644 draft_pr_descending_audit_20261002/audits/pr376_7800012/thermodynamic_review/sources_receipt.md
 create mode 100644 draft_pr_descending_audit_20261002/audits/pr376_7800012/thermodynamic_review/verdict_seal.md
