{
  "assertions": 17809,
  "negative_control_equal_allocation": {
    "correct_energy": -7,
    "forced_equal_energy": -6,
    "scope": "generic traceless Hermitian spectra, not a lattice counterexample"
  },
  "negative_control_twist_seam_per_site_bounds": {
    "128": "1/32",
    "16": "1/4",
    "32": "1/8",
    "4": "1",
    "64": "1/16",
    "8": "1/2"
  },
  "negative_control_wrong_density": {
    "correct_energy": "-sqrt2",
    "correct_rank": 1,
    "cycle_pi_flux": "A^2=2I, trace=0, bipartite; eigenvalues +/-sqrt2 twice",
    "wrong_energy": "-2sqrt2",
    "wrong_rank": 2
  },
  "rigorous_uniform_bulk_energy_enclosure": {
    "canonical_factor": "1/4",
    "grid_n": 128,
    "lower_decimal": "-0.682758268908",
    "method": "rational Machin pi, Taylor cosine, integer-isqrt nested radical intervals, analytic Lipschitz cell remainder",
    "remainder_bound": "pi/(56*n)",
    "upper_decimal": "-0.681881708457"
  },
  "scope": "Finite exact controls and rigorous bulk benchmark enclosure; no nonuniform optimizer or bulk counterexample certified.",
  "valid_upper_tiling": "exact cross-block trial trace is zero; all joining bonds have modulus one"
}
