{
  "status": "PASS",
  "mutant": null,
  "environment": {
    "effective_uid": 1000,
    "directory_write_denied": true
  },
  "counts": {
    "environment": 1,
    "lattice": 41766,
    "campbell": 10,
    "resolvent": 6,
    "conditional": 6,
    "symbolic": 11,
    "numeric": 297,
    "ui": 298
  },
  "outputs": {
    "lattice": [
      {
        "name": "linked_triangles",
        "vertices": 6,
        "edges": 8,
        "cycles": 6,
        "configurations": 8
      },
      {
        "name": "bowtie",
        "vertices": 5,
        "edges": 6,
        "cycles": 2,
        "configurations": 3
      },
      {
        "name": "labeled_0_0",
        "vertices": 0,
        "edges": 0,
        "cycles": 0,
        "configurations": 1
      },
      {
        "name": "labeled_1_0",
        "vertices": 0,
        "edges": 0,
        "cycles": 0,
        "configurations": 1
      },
      {
        "name": "labeled_2_0",
        "vertices": 0,
        "edges": 0,
        "cycles": 0,
        "configurations": 1
      },
      {
        "name": "labeled_2_1",
        "vertices": 2,
        "edges": 1,
        "cycles": 0,
        "configurations": 1
      },
      {
        "name": "labeled_3_0",
        "vertices": 0,
        "edges": 0,
        "cycles": 0,
        "configurations": 1
      },
      {
        "name": "labeled_3_1",
        "vertices": 2,
        "edges": 1,
        "cycles": 0,
        "configurations": 1
      },
      {
        "name": "labeled_3_2",
        "vertices": 2,
        "edges": 1,
        "cycles": 0,
        "configurations": 1
      },
      {
        "name": "labeled_3_3",
        "vertices": 3,
        "edges": 2,
        "cycles": 0,
        "configurations": 1
      },
      {
        "name": "labeled_3_4",
        "vertices": 2,
        "edges": 1,
        "cycles": 0,
        "configurations": 1
      },
      {
        "name": "labeled_3_5",
        "vertices": 3,
        "edges": 2,
        "cycles": 0,
        "configurations": 1
      },
      {
        "name": "labeled_3_6",
        "vertices": 3,
        "edges": 2,
        "cycles": 0,
        "configurations": 1
      },
      {
        "name": "labeled_3_7",
        "vertices": 3,
        "edges": 3,
        "cycles": 1,
        "configurations": 2
      },
      {
        "name": "labeled_4_0",
        "vertices": 0,
        "edges": 0,
        "cycles": 0,
        "configurations": 1
      },
      {
        "name": "labeled_4_1",
        "vertices": 2,
        "edges": 1,
        "cycles": 0,
        "configurations": 1
      },
      {
        "name": "labeled_4_2",
        "vertices": 2,
        "edges": 1,
        "cycles": 0,
        "configurations": 1
      },
      {
        "name": "labeled_4_3",
        "vertices": 3,
        "edges": 2,
        "cycles": 0,
        "configurations": 1
      },
      {
        "name": "labeled_4_4",
        "vertices": 2,
        "edges": 1,
        "cycles": 0,
        "configurations": 1
      },
      {
        "name": "labeled_4_5",
        "vertices": 3,
        "edges": 2,
        "cycles": 0,
        "configurations": 1
      },
      {
        "name": "labeled_4_6",
        "vertices": 3,
        "edges": 2,
        "cycles": 0,
        "configurations": 1
      },
      {
        "name": "labeled_4_7",
        "vertices": 4,
        "edges": 3,
        "cycles": 0,
        "configurations": 1
      },
      {
        "name": "labeled_4_8",
        "vertices": 2,
        "edges": 1,
        "cycles": 0,
        "configurations": 1
      },
      {
        "name": "labeled_4_9",
        "vertices": 3,
        "edges": 2,
        "cycles": 0,
        "configurations": 1
      },
      {
        "name": "labeled_4_10",
        "vertices": 3,
        "edges": 2,
        "cycles": 0,
        "configurations": 1
      },
      {
        "name": "labeled_4_11",
        "vertices": 3,
        "edges": 3,
        "cycles": 1,
        "configurations": 2
      },
      {
        "name": "labeled_4_12",
        "vertices": 4,
        "edges": 2,
        "cycles": 0,
        "configurations": 1
      },
      {
        "name": "labeled_4_13",
        "vertices": 4,
        "edges": 3,
        "cycles": 0,
        "configurations": 1
      },
      {
        "name": "labeled_4_14",
        "vertices": 4,
        "edges": 3,
        "cycles": 0,
        "configurations": 1
      },
      {
        "name": "labeled_4_15",
        "vertices": 4,
        "edges": 4,
        "cycles": 1,
        "configurations": 2
      },
      {
        "name": "labeled_4_16",
        "vertices": 2,
        "edges": 1,
        "cycles": 0,
        "configurations": 1
      },
      {
        "name": "labeled_4_17",
        "vertices": 3,
        "edges": 2,
        "cycles": 0,
        "configurations": 1
      },
      {
        "name": "labeled_4_18",
        "vertices": 4,
        "edges": 2,
        "cycles": 0,
        "configurations": 1
      },
      {
        "name": "labeled_4_19",
        "vertices": 4,
        "edges": 3,
        "cycles": 0,
        "configurations": 1
      },
      {
        "name": "labeled_4_20",
        "vertices": 3,
        "edges": 2,
        "cycles": 0,
        "configurations": 1
      },
      {
        "name": "labeled_4_21",
        "vertices": 3,
        "edges": 3,
        "cycles": 1,
        "configurations": 2
      },
      {
        "name": "labeled_4_22",
        "vertices": 4,
        "edges": 3,
        "cycles": 0,
        "configurations": 1
      },
      {
        "name": "labeled_4_23",
        "vertices": 4,
        "edges": 4,
        "cycles": 1,
        "configurations": 2
      },
      {
        "name": "labeled_4_24",
        "vertices": 3,
        "edges": 2,
        "cycles": 0,
        "configurations": 1
      },
      {
        "name": "labeled_4_25",
        "vertices": 4,
        "edges": 3,
        "cycles": 0,
        "configurations": 1
      },
      {
        "name": "labeled_4_26",
        "vertices": 4,
        "edges": 3,
        "cycles": 0,
        "configurations": 1
      },
      {
        "name": "labeled_4_27",
        "vertices": 4,
        "edges": 4,
        "cycles": 1,
        "configurations": 2
      },
      {
        "name": "labeled_4_28",
        "vertices": 4,
        "edges": 3,
        "cycles": 0,
        "configurations": 1
      },
      {
        "name": "labeled_4_29",
        "vertices": 4,
        "edges": 4,
        "cycles": 1,
        "configurations": 2
      },
      {
        "name": "labeled_4_30",
        "vertices": 4,
        "edges": 4,
        "cycles": 1,
        "configurations": 2
      },
      {
        "name": "labeled_4_31",
        "vertices": 4,
        "edges": 5,
        "cycles": 3,
        "configurations": 4
      },
      {
        "name": "labeled_4_32",
        "vertices": 2,
        "edges": 1,
        "cycles": 0,
        "configurations": 1
      },
      {
        "name": "labeled_4_33",
        "vertices": 4,
        "edges": 2,
        "cycles": 0,
        "configurations": 1
      },
      {
        "name": "labeled_4_34",
        "vertices": 3,
        "edges": 2,
        "cycles": 0,
        "configurations": 1
      },
      {
        "name": "labeled_4_35",
        "vertices": 4,
        "edges": 3,
        "cycles": 0,
        "configurations": 1
      },
      {
        "name": "labeled_4_36",
        "vertices": 3,
        "edges": 2,
        "cycles": 0,
        "configurations": 1
      },
      {
        "name": "labeled_4_37",
        "vertices": 4,
        "edges": 3,
        "cycles": 0,
        "configurations": 1
      },
      {
        "name": "labeled_4_38",
        "vertices": 3,
        "edges": 3,
        "cycles": 1,
        "configurations": 2
      },
      {
        "name": "labeled_4_39",
        "vertices": 4,
        "edges": 4,
        "cycles": 1,
        "configurations": 2
      },
      {
        "name": "labeled_4_40",
        "vertices": 3,
        "edges": 2,
        "cycles": 0,
        "configurations": 1
      },
      {
        "name": "labeled_4_41",
        "vertices": 4,
        "edges": 3,
        "cycles": 0,
        "configurations": 1
      },
      {
        "name": "labeled_4_42",
        "vertices": 4,
        "edges": 3,
        "cycles": 0,
        "configurations": 1
      },
      {
        "name": "labeled_4_43",
        "vertices": 4,
        "edges": 4,
        "cycles": 1,
        "configurations": 2
      },
      {
        "name": "labeled_4_44",
        "vertices": 4,
        "edges": 3,
        "cycles": 0,
        "configurations": 1
      },
      {
        "name": "labeled_4_45",
        "vertices": 4,
        "edges": 4,
        "cycles": 1,
        "configurations": 2
      },
      {
        "name": "labeled_4_46",
        "vertices": 4,
        "edges": 4,
        "cycles": 1,
        "configurations": 2
      },
      {
        "name": "labeled_4_47",
        "vertices": 4,
        "edges": 5,
        "cycles": 3,
        "configurations": 4
      },
      {
        "name": "labeled_4_48",
        "vertices": 3,
        "edges": 2,
        "cycles": 0,
        "configurations": 1
      },
      {
        "name": "labeled_4_49",
        "vertices": 4,
        "edges": 3,
        "cycles": 0,
        "configurations": 1
      },
      {
        "name": "labeled_4_50",
        "vertices": 4,
        "edges": 3,
        "cycles": 0,
        "configurations": 1
      },
      {
        "name": "labeled_4_51",
        "vertices": 4,
        "edges": 4,
        "cycles": 1,
        "configurations": 2
      },
      {
        "name": "labeled_4_52",
        "vertices": 4,
        "edges": 3,
        "cycles": 0,
        "configurations": 1
      },
      {
        "name": "labeled_4_53",
        "vertices": 4,
        "edges": 4,
        "cycles": 1,
        "configurations": 2
      },
      {
        "name": "labeled_4_54",
        "vertices": 4,
        "edges": 4,
        "cycles": 1,
        "configurations": 2
      },
      {
        "name": "labeled_4_55",
        "vertices": 4,
        "edges": 5,
        "cycles": 3,
        "configurations": 4
      },
      {
        "name": "labeled_4_56",
        "vertices": 3,
        "edges": 3,
        "cycles": 1,
        "configurations": 2
      },
      {
        "name": "labeled_4_57",
        "vertices": 4,
        "edges": 4,
        "cycles": 1,
        "configurations": 2
      },
      {
        "name": "labeled_4_58",
        "vertices": 4,
        "edges": 4,
        "cycles": 1,
        "configurations": 2
      },
      {
        "name": "labeled_4_59",
        "vertices": 4,
        "edges": 5,
        "cycles": 3,
        "configurations": 4
      },
      {
        "name": "labeled_4_60",
        "vertices": 4,
        "edges": 4,
        "cycles": 1,
        "configurations": 2
      },
      {
        "name": "labeled_4_61",
        "vertices": 4,
        "edges": 5,
        "cycles": 3,
        "configurations": 4
      },
      {
        "name": "labeled_4_62",
        "vertices": 4,
        "edges": 5,
        "cycles": 3,
        "configurations": 4
      },
      {
        "name": "labeled_4_63",
        "vertices": 4,
        "edges": 6,
        "cycles": 7,
        "configurations": 8
      },
      {
        "name": "K5",
        "vertices": 5,
        "edges": 10,
        "cycles": 37,
        "configurations": 38
      },
      {
        "name": "K6",
        "vertices": 6,
        "edges": 15,
        "cycles": 197,
        "configurations": 208
      },
      {
        "name": "cube",
        "vertices": 8,
        "edges": 12,
        "cycles": 28,
        "configurations": 32
      },
      {
        "name": "three_bridged_triangles",
        "vertices": 9,
        "edges": 11,
        "cycles": 3,
        "configurations": 8
      }
    ],
    "campbell": null,
    "resolvent": null,
    "conditional": null,
    "symbolic": null,
    "numeric": [
      {
        "kappa": "2.7",
        "lambda": "0.03912037037037037037037037037037037037037037037037037037037037037037037",
        "j1_transform": "0.1326439834309775984388143748515204050164688940033561822514592448326483"
      },
      {
        "kappa": "2.7",
        "lambda": "0.07824074074074074074074074074074074074074074074074074074074074074074074",
        "j1_transform": "0.06962713800085086600133107559192482378774126648472867315943854084601853"
      },
      {
        "kappa": "2.7",
        "lambda": "0.1",
        "j1_transform": "0.05469616413375245326663767556829690206699441725363966298653847861904301"
      },
      {
        "kappa": "2.7",
        "lambda": "2.0",
        "j1_transform": "0.001203611466607684988533208356875414772774252120038009696148358364519553"
      },
      {
        "kappa": "3.0",
        "lambda": "0.02083333333333333333333333333333333333333333333333333333333333333333333",
        "j1_transform": "0.7142904308324055296529887589552822510476797693606032830072533845850167"
      },
      {
        "kappa": "3.0",
        "lambda": "0.04166666666666666666666666666666666666666666666666666666666666666666667",
        "j1_transform": "0.5553603672697957808769851237575867123268277111719612778856744508695544"
      },
      {
        "kappa": "3.0",
        "lambda": "0.1",
        "j1_transform": "0.3414287991737466857218732124558327468876843776396269375258896708892839"
      },
      {
        "kappa": "3.0",
        "lambda": "2.0",
        "j1_transform": "0.01713768918415263290679750705967551483752963962859625192960409931705395"
      },
      {
        "kappa": "3.5",
        "lambda": "0.004464285714285714285714285714285714285714285714285714285714285714285714",
        "j1_transform": "0.9606842022012576837587646152808061888933192842598221152495331354545116"
      },
      {
        "kappa": "3.5",
        "lambda": "0.008928571428571428571428571428571428571428571428571428571428571428571428",
        "j1_transform": "0.924549162940703574627881373502218504000838259466298684652523638624495"
      },
      {
        "kappa": "3.5",
        "lambda": "0.1",
        "j1_transform": "0.5356183593088496602910337574517526831006018052366896571754530993660455"
      },
      {
        "kappa": "3.5",
        "lambda": "2.0",
        "j1_transform": "0.06821556296003719395763933153246604048038088612428221143902455624415623"
      },
      {
        "kappa": "3.99",
        "lambda": "0.000001566416040100250626566416040100250626566416040100250626566416040100251",
        "j1_transform": "0.9999896415949725771477545138194921694648558826976680152240239223725408"
      },
      {
        "kappa": "3.99",
        "lambda": "0.000003132832080200501253132832080200501253132832080200501253132832080200501",
        "j1_transform": "0.9999792834468117922078454854379494076591810998329619087736568029171684"
      },
      {
        "kappa": "3.99",
        "lambda": "0.1",
        "j1_transform": "0.629469859714157275384467144763511152692487437808387350583270777146449"
      },
      {
        "kappa": "3.99",
        "lambda": "2.0",
        "j1_transform": "0.1568633816233930295991027742130363446330897744938888642513683919262756"
      }
    ],
    "ui": null
  },
  "continuum_theorem_proved": false
}
