{
  "status": "PASS",
  "arithmetic": "exact integer, rational and symbolic",
  "graphs": [
    {
      "graph": "ladder_3",
      "edges": 7,
      "configurations": 4,
      "simple_cycles": 3,
      "checks": 18
    },
    {
      "graph": "ladder_4",
      "edges": 10,
      "configurations": 8,
      "simple_cycles": 6,
      "checks": 63
    },
    {
      "graph": "ladder_5",
      "edges": 13,
      "configurations": 16,
      "simple_cycles": 10,
      "checks": 165
    },
    {
      "graph": "cube",
      "edges": 12,
      "configurations": 32,
      "simple_cycles": 28,
      "checks": 1218
    },
    {
      "graph": "three_triangles_with_bridges",
      "edges": 11,
      "configurations": 8,
      "simple_cycles": 3,
      "checks": 18
    }
  ],
  "finite_graph_checks": 1482,
  "symbolic_checks": 6,
  "rare_event_checks": 60,
  "continuum_claim_verified": false
}
