{
  "after": {
    "DEPENDENCY_RUNNER.py": {
      "bytes": 1175,
      "sha256": "97c19e873441b6ccf9fc7861a197ad01af4042d5f945c3f137c19400e0bbbd43"
    },
    "audit_exact.py": {
      "bytes": 15474,
      "sha256": "14b52c50c5a0c10d7a1a6daeaa016603fef093467dc733506baa40fe25140698"
    },
    "check_exact.py": {
      "bytes": 5875,
      "sha256": "1aab80459552ed50c4190434c0d949624c9a853840fbe8e499d7e44235ff441a"
    }
  },
  "before": {
    "DEPENDENCY_RUNNER.py": {
      "bytes": 1175,
      "sha256": "97c19e873441b6ccf9fc7861a197ad01af4042d5f945c3f137c19400e0bbbd43"
    },
    "audit_exact.py": {
      "bytes": 15474,
      "sha256": "14b52c50c5a0c10d7a1a6daeaa016603fef093467dc733506baa40fe25140698"
    },
    "check_exact.py": {
      "bytes": 5875,
      "sha256": "1aab80459552ed50c4190434c0d949624c9a853840fbe8e499d7e44235ff441a"
    }
  },
  "child_physical_denials": 44,
  "euid": 1000,
  "exact_mathematical_checks": 42097,
  "fixture_unchanged": true,
  "historical_audit_harness_replay": "NOT_RUN",
  "independent_semantic_mutants": 19,
  "intentional_failure_controls": 1,
  "mathematical_negative_controls": 19,
  "normalization": "NONE",
  "optimization": 0,
  "physical_denials": [
    {
      "denied": true,
      "errno": 13,
      "path": "."
    },
    {
      "denied": true,
      "errno": 13,
      "path": "DEPENDENCY_RUNNER.py"
    },
    {
      "denied": true,
      "errno": 13,
      "path": "audit_exact.py"
    },
    {
      "denied": true,
      "errno": 13,
      "path": "check_exact.py"
    }
  ],
  "positive_runs": 2,
  "problem_id": 30006088,
  "runs": [
    {
      "arguments": [],
      "case": "baseline-check_exact.py",
      "complete_reference_equality": true,
      "environment": {
        "directory_mode": "0o555",
        "euid": 1000,
        "optimization": 0,
        "physical_denials": [
          {
            "denied": true,
            "errno": 13,
            "operation": "create"
          },
          {
            "denied": true,
            "errno": 13,
            "operation": "append_open"
          }
        ],
        "target_mode": "0o444",
        "uid": 1000
      },
      "exit_code": 0,
      "recursive_exact_types": true,
      "script": "check_exact.py",
      "stderr": "",
      "stderr_bytes": 0,
      "stderr_sha256": "e3b0c44298fc1c149afbf4c8996fb92427ae41e4649b934ca495991b7852b855",
      "stdout": "ENV {\"directory_mode\": \"0o555\", \"euid\": 1000, \"optimization\": 0, \"physical_denials\": [{\"denied\": true, \"errno\": 13, \"operation\": \"create\"}, {\"denied\": true, \"errno\": 13, \"operation\": \"append_open\"}], \"target_mode\": \"0o444\", \"uid\": 1000}\n{\n  \"status\": \"PASS\",\n  \"arithmetic\": \"exact integer, rational and symbolic\",\n  \"graphs\": [\n    {\n      \"graph\": \"ladder_3\",\n      \"edges\": 7,\n      \"configurations\": 4,\n      \"simple_cycles\": 3,\n      \"checks\": 18\n    },\n    {\n      \"graph\": \"ladder_4\",\n      \"edges\": 10,\n      \"configurations\": 8,\n      \"simple_cycles\": 6,\n      \"checks\": 63\n    },\n    {\n      \"graph\": \"ladder_5\",\n      \"edges\": 13,\n      \"configurations\": 16,\n      \"simple_cycles\": 10,\n      \"checks\": 165\n    },\n    {\n      \"graph\": \"cube\",\n      \"edges\": 12,\n      \"configurations\": 32,\n      \"simple_cycles\": 28,\n      \"checks\": 1218\n    },\n    {\n      \"graph\": \"three_triangles_with_bridges\",\n      \"edges\": 11,\n      \"configurations\": 8,\n      \"simple_cycles\": 3,\n      \"checks\": 18\n    }\n  ],\n  \"finite_graph_checks\": 1482,\n  \"symbolic_checks\": 6,\n  \"rare_event_checks\": 60,\n  \"continuum_claim_verified\": false\n}\n",
      "stdout_bytes": 1130,
      "stdout_sha256": "44cae987d61e9303cfe4f994d8c22c8c294f0842523c39424155ec14543fea75"
    },
    {
      "arguments": [
        "--require-readonly"
      ],
      "case": "baseline-audit_exact.py",
      "complete_reference_equality": true,
      "environment": {
        "directory_mode": "0o555",
        "euid": 1000,
        "optimization": 0,
        "physical_denials": [
          {
            "denied": true,
            "errno": 13,
            "operation": "create"
          },
          {
            "denied": true,
            "errno": 13,
            "operation": "append_open"
          }
        ],
        "target_mode": "0o444",
        "uid": 1000
      },
      "exit_code": 0,
      "recursive_exact_types": true,
      "script": "audit_exact.py",
      "stderr": "",
      "stderr_bytes": 0,
      "stderr_sha256": "e3b0c44298fc1c149afbf4c8996fb92427ae41e4649b934ca495991b7852b855",
      "stdout": "ENV {\"directory_mode\": \"0o555\", \"euid\": 1000, \"optimization\": 0, \"physical_denials\": [{\"denied\": true, \"errno\": 13, \"operation\": \"create\"}, {\"denied\": true, \"errno\": 13, \"operation\": \"append_open\"}], \"target_mode\": \"0o444\", \"uid\": 1000}\n{\n  \"status\": \"PASS\",\n  \"mutant\": null,\n  \"environment\": {\n    \"effective_uid\": 1000,\n    \"directory_write_denied\": true\n  },\n  \"counts\": {\n    \"environment\": 1,\n    \"lattice\": 41766,\n    \"campbell\": 10,\n    \"resolvent\": 6,\n    \"conditional\": 6,\n    \"symbolic\": 11,\n    \"numeric\": 297,\n    \"ui\": 298\n  },\n  \"outputs\": {\n    \"lattice\": [\n      {\n        \"name\": \"linked_triangles\",\n        \"vertices\": 6,\n        \"edges\": 8,\n        \"cycles\": 6,\n        \"configurations\": 8\n      },\n      {\n        \"name\": \"bowtie\",\n        \"vertices\": 5,\n        \"edges\": 6,\n        \"cycles\": 2,\n        \"configurations\": 3\n      },\n      {\n        \"name\": \"labeled_0_0\",\n        \"vertices\": 0,\n        \"edges\": 0,\n        \"cycles\": 0,\n        \"configurations\": 1\n      },\n      {\n        \"name\": \"labeled_1_0\",\n        \"vertices\": 0,\n        \"edges\": 0,\n        \"cycles\": 0,\n        \"configurations\": 1\n      },\n      {\n        \"name\": \"labeled_2_0\",\n        \"vertices\": 0,\n        \"edges\": 0,\n        \"cycles\": 0,\n        \"configurations\": 1\n      },\n      {\n        \"name\": \"labeled_2_1\",\n        \"vertices\": 2,\n        \"edges\": 1,\n        \"cycles\": 0,\n        \"configurations\": 1\n      },\n      {\n        \"name\": \"labeled_3_0\",\n        \"vertices\": 0,\n        \"edges\": 0,\n        \"cycles\": 0,\n        \"configurations\": 1\n      },\n      {\n        \"name\": \"labeled_3_1\",\n        \"vertices\": 2,\n        \"edges\": 1,\n        \"cycles\": 0,\n        \"configurations\": 1\n      },\n      {\n        \"name\": \"labeled_3_2\",\n        \"vertices\": 2,\n        \"edges\": 1,\n        \"cycles\": 0,\n        \"configurations\": 1\n      },\n      {\n        \"name\": \"labeled_3_3\",\n        \"vertices\": 3,\n        \"edges\": 2,\n        \"cycles\": 0,\n        \"configurations\": 1\n      },\n      {\n        \"name\": \"labeled_3_4\",\n        \"vertices\": 2,\n        \"edges\": 1,\n        \"cycles\": 0,\n        \"configurations\": 1\n      },\n      {\n        \"name\": \"labeled_3_5\",\n        \"vertices\": 3,\n        \"edges\": 2,\n        \"cycles\": 0,\n        \"configurations\": 1\n      },\n      {\n        \"name\": \"labeled_3_6\",\n        \"vertices\": 3,\n        \"edges\": 2,\n        \"cycles\": 0,\n        \"configurations\": 1\n      },\n      {\n        \"name\": \"labeled_3_7\",\n        \"vertices\": 3,\n        \"edges\": 3,\n        \"cycles\": 1,\n        \"configurations\": 2\n      },\n      {\n        \"name\": \"labeled_4_0\",\n        \"vertices\": 0,\n        \"edges\": 0,\n        \"cycles\": 0,\n        \"configurations\": 1\n      },\n      {\n        \"name\": \"labeled_4_1\",\n        \"vertices\": 2,\n        \"edges\": 1,\n        \"cycles\": 0,\n        \"configurations\": 1\n      },\n      {\n        \"name\": \"labeled_4_2\",\n        \"vertices\": 2,\n        \"edges\": 1,\n        \"cycles\": 0,\n        \"configurations\": 1\n      },\n      {\n        \"name\": \"labeled_4_3\",\n        \"vertices\": 3,\n        \"edges\": 2,\n        \"cycles\": 0,\n        \"configurations\": 1\n      },\n      {\n        \"name\": \"labeled_4_4\",\n        \"vertices\": 2,\n        \"edges\": 1,\n        \"cycles\": 0,\n        \"configurations\": 1\n      },\n      {\n        \"name\": \"labeled_4_5\",\n        \"vertices\": 3,\n        \"edges\": 2,\n        \"cycles\": 0,\n        \"configurations\": 1\n      },\n      {\n        \"name\": \"labeled_4_6\",\n        \"vertices\": 3,\n        \"edges\": 2,\n        \"cycles\": 0,\n        \"configurations\": 1\n      },\n      {\n        \"name\": \"labeled_4_7\",\n        \"vertices\": 4,\n        \"edges\": 3,\n        \"cycles\": 0,\n        \"configurations\": 1\n      },\n      {\n        \"name\": \"labeled_4_8\",\n        \"vertices\": 2,\n        \"edges\": 1,\n        \"cycles\": 0,\n        \"configurations\": 1\n      },\n      {\n        \"name\": \"labeled_4_9\",\n        \"vertices\": 3,\n        \"edges\": 2,\n        \"cycles\": 0,\n        \"configurations\": 1\n      },\n      {\n        \"name\": \"labeled_4_10\",\n        \"vertices\": 3,\n        \"edges\": 2,\n        \"cycles\": 0,\n        \"configurations\": 1\n      },\n      {\n        \"name\": \"labeled_4_11\",\n        \"vertices\": 3,\n        \"edges\": 3,\n        \"cycles\": 1,\n        \"configurations\": 2\n      },\n      {\n        \"name\": \"labeled_4_12\",\n        \"vertices\": 4,\n        \"edges\": 2,\n        \"cycles\": 0,\n        \"configurations\": 1\n      },\n      {\n        \"name\": \"labeled_4_13\",\n        \"vertices\": 4,\n        \"edges\": 3,\n        \"cycles\": 0,\n        \"configurations\": 1\n      },\n      {\n        \"name\": \"labeled_4_14\",\n        \"vertices\": 4,\n        \"edges\": 3,\n        \"cycles\": 0,\n        \"configurations\": 1\n      },\n      {\n        \"name\": \"labeled_4_15\",\n        \"vertices\": 4,\n        \"edges\": 4,\n        \"cycles\": 1,\n        \"configurations\": 2\n      },\n      {\n        \"name\": \"labeled_4_16\",\n        \"vertices\": 2,\n        \"edges\": 1,\n        \"cycles\": 0,\n        \"configurations\": 1\n      },\n      {\n        \"name\": \"labeled_4_17\",\n        \"vertices\": 3,\n        \"edges\": 2,\n        \"cycles\": 0,\n        \"configurations\": 1\n      },\n      {\n        \"name\": \"labeled_4_18\",\n        \"vertices\": 4,\n        \"edges\": 2,\n        \"cycles\": 0,\n        \"configurations\": 1\n      },\n      {\n        \"name\": \"labeled_4_19\",\n        \"vertices\": 4,\n        \"edges\": 3,\n        \"cycles\": 0,\n        \"configurations\": 1\n      },\n      {\n        \"name\": \"labeled_4_20\",\n        \"vertices\": 3,\n        \"edges\": 2,\n        \"cycles\": 0,\n        \"configurations\": 1\n      },\n      {\n        \"name\": \"labeled_4_21\",\n        \"vertices\": 3,\n        \"edges\": 3,\n        \"cycles\": 1,\n        \"configurations\": 2\n      },\n      {\n        \"name\": \"labeled_4_22\",\n        \"vertices\": 4,\n        \"edges\": 3,\n        \"cycles\": 0,\n        \"configurations\": 1\n      },\n      {\n        \"name\": \"labeled_4_23\",\n        \"vertices\": 4,\n        \"edges\": 4,\n        \"cycles\": 1,\n        \"configurations\": 2\n      },\n      {\n        \"name\": \"labeled_4_24\",\n        \"vertices\": 3,\n        \"edges\": 2,\n        \"cycles\": 0,\n        \"configurations\": 1\n      },\n      {\n        \"name\": \"labeled_4_25\",\n        \"vertices\": 4,\n        \"edges\": 3,\n        \"cycles\": 0,\n        \"configurations\": 1\n      },\n      {\n        \"name\": \"labeled_4_26\",\n        \"vertices\": 4,\n        \"edges\": 3,\n        \"cycles\": 0,\n        \"configurations\": 1\n      },\n      {\n        \"name\": \"labeled_4_27\",\n        \"vertices\": 4,\n        \"edges\": 4,\n        \"cycles\": 1,\n        \"configurations\": 2\n      },\n      {\n        \"name\": \"labeled_4_28\",\n        \"vertices\": 4,\n        \"edges\": 3,\n        \"cycles\": 0,\n        \"configurations\": 1\n      },\n      {\n        \"name\": \"labeled_4_29\",\n        \"vertices\": 4,\n        \"edges\": 4,\n        \"cycles\": 1,\n        \"configurations\": 2\n      },\n      {\n        \"name\": \"labeled_4_30\",\n        \"vertices\": 4,\n        \"edges\": 4,\n        \"cycles\": 1,\n        \"configurations\": 2\n      },\n      {\n        \"name\": \"labeled_4_31\",\n        \"vertices\": 4,\n        \"edges\": 5,\n        \"cycles\": 3,\n        \"configurations\": 4\n      },\n      {\n        \"name\": \"labeled_4_32\",\n        \"vertices\": 2,\n        \"edges\": 1,\n        \"cycles\": 0,\n        \"configurations\": 1\n      },\n      {\n        \"name\": \"labeled_4_33\",\n        \"vertices\": 4,\n        \"edges\": 2,\n        \"cycles\": 0,\n        \"configurations\": 1\n      },\n      {\n        \"name\": \"labeled_4_34\",\n        \"vertices\": 3,\n        \"edges\": 2,\n        \"cycles\": 0,\n        \"configurations\": 1\n      },\n      {\n        \"name\": \"labeled_4_35\",\n        \"vertices\": 4,\n        \"edges\": 3,\n        \"cycles\": 0,\n        \"configurations\": 1\n      },\n      {\n        \"name\": \"labeled_4_36\",\n        \"vertices\": 3,\n        \"edges\": 2,\n        \"cycles\": 0,\n        \"configurations\": 1\n      },\n      {\n        \"name\": \"labeled_4_37\",\n        \"vertices\": 4,\n        \"edges\": 3,\n        \"cycles\": 0,\n        \"configurations\": 1\n      },\n      {\n        \"name\": \"labeled_4_38\",\n        \"vertices\": 3,\n        \"edges\": 3,\n        \"cycles\": 1,\n        \"configurations\": 2\n      },\n      {\n        \"name\": \"labeled_4_39\",\n        \"vertices\": 4,\n        \"edges\": 4,\n        \"cycles\": 1,\n        \"configurations\": 2\n      },\n      {\n        \"name\": \"labeled_4_40\",\n        \"vertices\": 3,\n        \"edges\": 2,\n        \"cycles\": 0,\n        \"configurations\": 1\n      },\n      {\n        \"name\": \"labeled_4_41\",\n        \"vertices\": 4,\n        \"edges\": 3,\n        \"cycles\": 0,\n        \"configurations\": 1\n      },\n      {\n        \"name\": \"labeled_4_42\",\n        \"vertices\": 4,\n        \"edges\": 3,\n        \"cycles\": 0,\n        \"configurations\": 1\n      },\n      {\n        \"name\": \"labeled_4_43\",\n        \"vertices\": 4,\n        \"edges\": 4,\n        \"cycles\": 1,\n        \"configurations\": 2\n      },\n      {\n        \"name\": \"labeled_4_44\",\n        \"vertices\": 4,\n        \"edges\": 3,\n        \"cycles\": 0,\n        \"configurations\": 1\n      },\n      {\n        \"name\": \"labeled_4_45\",\n        \"vertices\": 4,\n        \"edges\": 4,\n        \"cycles\": 1,\n        \"configurations\": 2\n      },\n      {\n        \"name\": \"labeled_4_46\",\n        \"vertices\": 4,\n        \"edges\": 4,\n        \"cycles\": 1,\n        \"configurations\": 2\n      },\n      {\n        \"name\": \"labeled_4_47\",\n        \"vertices\": 4,\n        \"edges\": 5,\n        \"cycles\": 3,\n        \"configurations\": 4\n      },\n      {\n        \"name\": \"labeled_4_48\",\n        \"vertices\": 3,\n        \"edges\": 2,\n        \"cycles\": 0,\n        \"configurations\": 1\n      },\n      {\n        \"name\": \"labeled_4_49\",\n        \"vertices\": 4,\n        \"edges\": 3,\n        \"cycles\": 0,\n        \"configurations\": 1\n      },\n      {\n        \"name\": \"labeled_4_50\",\n        \"vertices\": 4,\n        \"edges\": 3,\n        \"cycles\": 0,\n        \"configurations\": 1\n      },\n      {\n        \"name\": \"labeled_4_51\",\n        \"vertices\": 4,\n        \"edges\": 4,\n        \"cycles\": 1,\n        \"configurations\": 2\n      },\n      {\n        \"name\": \"labeled_4_52\",\n        \"vertices\": 4,\n        \"edges\": 3,\n        \"cycles\": 0,\n        \"configurations\": 1\n      },\n      {\n        \"name\": \"labeled_4_53\",\n        \"vertices\": 4,\n        \"edges\": 4,\n        \"cycles\": 1,\n        \"configurations\": 2\n      },\n      {\n        \"name\": \"labeled_4_54\",\n        \"vertices\": 4,\n        \"edges\": 4,\n        \"cycles\": 1,\n        \"configurations\": 2\n      },\n      {\n        \"name\": \"labeled_4_55\",\n        \"vertices\": 4,\n        \"edges\": 5,\n        \"cycles\": 3,\n        \"configurations\": 4\n      },\n      {\n        \"name\": \"labeled_4_56\",\n        \"vertices\": 3,\n        \"edges\": 3,\n        \"cycles\": 1,\n        \"configurations\": 2\n      },\n      {\n        \"name\": \"labeled_4_57\",\n        \"vertices\": 4,\n        \"edges\": 4,\n        \"cycles\": 1,\n        \"configurations\": 2\n      },\n      {\n        \"name\": \"labeled_4_58\",\n        \"vertices\": 4,\n        \"edges\": 4,\n        \"cycles\": 1,\n        \"configurations\": 2\n      },\n      {\n        \"name\": \"labeled_4_59\",\n        \"vertices\": 4,\n        \"edges\": 5,\n        \"cycles\": 3,\n        \"configurations\": 4\n      },\n      {\n        \"name\": \"labeled_4_60\",\n        \"vertices\": 4,\n        \"edges\": 4,\n        \"cycles\": 1,\n        \"configurations\": 2\n      },\n      {\n        \"name\": \"labeled_4_61\",\n        \"vertices\": 4,\n        \"edges\": 5,\n        \"cycles\": 3,\n        \"configurations\": 4\n      },\n      {\n        \"name\": \"labeled_4_62\",\n        \"vertices\": 4,\n        \"edges\": 5,\n        \"cycles\": 3,\n        \"configurations\": 4\n      },\n      {\n        \"name\": \"labeled_4_63\",\n        \"vertices\": 4,\n        \"edges\": 6,\n        \"cycles\": 7,\n        \"configurations\": 8\n      },\n      {\n        \"name\": \"K5\",\n        \"vertices\": 5,\n        \"edges\": 10,\n        \"cycles\": 37,\n        \"configurations\": 38\n      },\n      {\n        \"name\": \"K6\",\n        \"vertices\": 6,\n        \"edges\": 15,\n        \"cycles\": 197,\n        \"configurations\": 208\n      },\n      {\n        \"name\": \"cube\",\n        \"vertices\": 8,\n        \"edges\": 12,\n        \"cycles\": 28,\n        \"configurations\": 32\n      },\n      {\n        \"name\": \"three_bridged_triangles\",\n        \"vertices\": 9,\n        \"edges\": 11,\n        \"cycles\": 3,\n        \"configurations\": 8\n      }\n    ],\n    \"campbell\": null,\n    \"resolvent\": null,\n    \"conditional\": null,\n    \"symbolic\": null,\n    \"numeric\": [\n      {\n        \"kappa\": \"2.7\",\n        \"lambda\": \"0.03912037037037037037037037037037037037037037037037037037037037037037037\",\n        \"j1_transform\": \"0.1326439834309775984388143748515204050164688940033561822514592448326483\"\n      },\n      {\n        \"kappa\": \"2.7\",\n        \"lambda\": \"0.07824074074074074074074074074074074074074074074074074074074074074074074\",\n        \"j1_transform\": \"0.06962713800085086600133107559192482378774126648472867315943854084601853\"\n      },\n      {\n        \"kappa\": \"2.7\",\n        \"lambda\": \"0.1\",\n        \"j1_transform\": \"0.05469616413375245326663767556829690206699441725363966298653847861904301\"\n      },\n      {\n        \"kappa\": \"2.7\",\n        \"lambda\": \"2.0\",\n        \"j1_transform\": \"0.001203611466607684988533208356875414772774252120038009696148358364519553\"\n      },\n      {\n        \"kappa\": \"3.0\",\n        \"lambda\": \"0.02083333333333333333333333333333333333333333333333333333333333333333333\",\n        \"j1_transform\": \"0.7142904308324055296529887589552822510476797693606032830072533845850167\"\n      },\n      {\n        \"kappa\": \"3.0\",\n        \"lambda\": \"0.04166666666666666666666666666666666666666666666666666666666666666666667\",\n        \"j1_transform\": \"0.5553603672697957808769851237575867123268277111719612778856744508695544\"\n      },\n      {\n        \"kappa\": \"3.0\",\n        \"lambda\": \"0.1\",\n        \"j1_transform\": \"0.3414287991737466857218732124558327468876843776396269375258896708892839\"\n      },\n      {\n        \"kappa\": \"3.0\",\n        \"lambda\": \"2.0\",\n        \"j1_transform\": \"0.01713768918415263290679750705967551483752963962859625192960409931705395\"\n      },\n      {\n        \"kappa\": \"3.5\",\n        \"lambda\": \"0.004464285714285714285714285714285714285714285714285714285714285714285714\",\n        \"j1_transform\": \"0.9606842022012576837587646152808061888933192842598221152495331354545116\"\n      },\n      {\n        \"kappa\": \"3.5\",\n        \"lambda\": \"0.008928571428571428571428571428571428571428571428571428571428571428571428\",\n        \"j1_transform\": \"0.924549162940703574627881373502218504000838259466298684652523638624495\"\n      },\n      {\n        \"kappa\": \"3.5\",\n        \"lambda\": \"0.1\",\n        \"j1_transform\": \"0.5356183593088496602910337574517526831006018052366896571754530993660455\"\n      },\n      {\n        \"kappa\": \"3.5\",\n        \"lambda\": \"2.0\",\n        \"j1_transform\": \"0.06821556296003719395763933153246604048038088612428221143902455624415623\"\n      },\n      {\n        \"kappa\": \"3.99\",\n        \"lambda\": \"0.000001566416040100250626566416040100250626566416040100250626566416040100251\",\n        \"j1_transform\": \"0.9999896415949725771477545138194921694648558826976680152240239223725408\"\n      },\n      {\n        \"kappa\": \"3.99\",\n        \"lambda\": \"0.000003132832080200501253132832080200501253132832080200501253132832080200501\",\n        \"j1_transform\": \"0.9999792834468117922078454854379494076591810998329619087736568029171684\"\n      },\n      {\n        \"kappa\": \"3.99\",\n        \"lambda\": \"0.1\",\n        \"j1_transform\": \"0.629469859714157275384467144763511152692487437808387350583270777146449\"\n      },\n      {\n        \"kappa\": \"3.99\",\n        \"lambda\": \"2.0\",\n        \"j1_transform\": \"0.1568633816233930295991027742130363446330897744938888642513683919262756\"\n      }\n    ],\n    \"ui\": null\n  },\n  \"continuum_theorem_proved\": false\n}\n",
      "stdout_bytes": 15504,
      "stdout_sha256": "0ae1a40cd926a224d3dfdeae0e68393c08554a6540450ac2d6539ca3fa780251"
    },
    {
      "arguments": [
        "--force-failure"
      ],
      "case": "intentional-forced-failure",
      "environment": {
        "directory_mode": "0o555",
        "euid": 1000,
        "optimization": 0,
        "physical_denials": [
          {
            "denied": true,
            "errno": 13,
            "operation": "create"
          },
          {
            "denied": true,
            "errno": 13,
            "operation": "append_open"
          }
        ],
        "target_mode": "0o444",
        "uid": 1000
      },
      "exit_code": 1,
      "intended_condition": "RuntimeError: intentional failure: optimization must not disable this",
      "rejected": true,
      "script": "check_exact.py",
      "semantic_mutation": false,
      "stderr": "Traceback (most recent call last):\n  File \"<string>\", line 12, in <module>\n  File \"<two-loop-dependency-runner>\", line 16, in <module>\n  File \"<two-loop-check_exact.py>\", line 127, in <module>\n  File \"<two-loop-check_exact.py>\", line 93, in main\n  File \"<two-loop-check_exact.py>\", line 15, in require\nRuntimeError: intentional failure: optimization must not disable this\n",
      "stderr_bytes": 372,
      "stderr_sha256": "1b61aa5dbbdd7936b12a04a96703a3d81edcc58f9db607d151d0283b80989da3",
      "stdout": "ENV {\"directory_mode\": \"0o555\", \"euid\": 1000, \"optimization\": 0, \"physical_denials\": [{\"denied\": true, \"errno\": 13, \"operation\": \"create\"}, {\"denied\": true, \"errno\": 13, \"operation\": \"append_open\"}], \"target_mode\": \"0o444\", \"uid\": 1000}\n",
      "stdout_bytes": 237,
      "stdout_sha256": "5a64e8c90977be29be457a60f11d69543d936c01621cb3a5a1c6b5b4d1e277ea"
    },
    {
      "arguments": [
        "--require-readonly",
        "--mutant",
        "adjacent_only"
      ],
      "case": "adjacent_only",
      "environment": {
        "directory_mode": "0o555",
        "euid": 1000,
        "optimization": 0,
        "physical_denials": [
          {
            "denied": true,
            "errno": 13,
            "operation": "create"
          },
          {
            "denied": true,
            "errno": 13,
            "operation": "append_open"
          }
        ],
        "target_mode": "0o444",
        "uid": 1000
      },
      "exit_code": 1,
      "intended_condition": "RuntimeError: CHECK_FAILED[resolvent]: R=Q+zQR",
      "numerical_diagnostic": false,
      "rejected": true,
      "script": "audit_exact.py",
      "semantic_mutation": true,
      "stderr": "Traceback (most recent call last):\n  File \"<string>\", line 12, in <module>\n  File \"<two-loop-dependency-runner>\", line 16, in <module>\n  File \"<two-loop-audit_exact.py>\", line 341, in <module>\n  File \"<two-loop-audit_exact.py>\", line 336, in main\n  File \"<two-loop-audit_exact.py>\", line 207, in resolvent\n  File \"<two-loop-audit_exact.py>\", line 46, in check\nRuntimeError: CHECK_FAILED[resolvent]: R=Q+zQR\n",
      "stderr_bytes": 407,
      "stderr_sha256": "4dbd6dcd4471c6416d2add03668de8a4bf1b7ca2f2f2d6f37ca13cacafd34171",
      "stdout": "ENV {\"directory_mode\": \"0o555\", \"euid\": 1000, \"optimization\": 0, \"physical_denials\": [{\"denied\": true, \"errno\": 13, \"operation\": \"create\"}, {\"denied\": true, \"errno\": 13, \"operation\": \"append_open\"}], \"target_mode\": \"0o444\", \"uid\": 1000}\n",
      "stdout_bytes": 237,
      "stdout_sha256": "5a64e8c90977be29be457a60f11d69543d936c01621cb3a5a1c6b5b4d1e277ea"
    },
    {
      "arguments": [
        "--require-readonly",
        "--mutant",
        "diagonal_included"
      ],
      "case": "diagonal_included",
      "environment": {
        "directory_mode": "0o555",
        "euid": 1000,
        "optimization": 0,
        "physical_denials": [
          {
            "denied": true,
            "errno": 13,
            "operation": "create"
          },
          {
            "denied": true,
            "errno": 13,
            "operation": "append_open"
          }
        ],
        "target_mode": "0o444",
        "uid": 1000
      },
      "exit_code": 1,
      "intended_condition": "RuntimeError: CHECK_FAILED[campbell]: same-configuration Campbell/Palm at aa",
      "numerical_diagnostic": false,
      "rejected": true,
      "script": "audit_exact.py",
      "semantic_mutation": true,
      "stderr": "Traceback (most recent call last):\n  File \"<string>\", line 12, in <module>\n  File \"<two-loop-dependency-runner>\", line 16, in <module>\n  File \"<two-loop-audit_exact.py>\", line 341, in <module>\n  File \"<two-loop-audit_exact.py>\", line 336, in main\n  File \"<two-loop-audit_exact.py>\", line 191, in campbell\n  File \"<two-loop-audit_exact.py>\", line 46, in check\nRuntimeError: CHECK_FAILED[campbell]: same-configuration Campbell/Palm at aa\n",
      "stderr_bytes": 436,
      "stderr_sha256": "9e05f0422faa1188f2dd0b2ed02046aaaca63441b7ff4535a5be2d2fb3ddfc0d",
      "stdout": "ENV {\"directory_mode\": \"0o555\", \"euid\": 1000, \"optimization\": 0, \"physical_denials\": [{\"denied\": true, \"errno\": 13, \"operation\": \"create\"}, {\"denied\": true, \"errno\": 13, \"operation\": \"append_open\"}], \"target_mode\": \"0o444\", \"uid\": 1000}\n",
      "stdout_bytes": 237,
      "stdout_sha256": "5a64e8c90977be29be457a60f11d69543d936c01621cb3a5a1c6b5b4d1e277ea"
    },
    {
      "arguments": [
        "--require-readonly",
        "--mutant",
        "edge_instead_of_vertex_deletion"
      ],
      "case": "edge_instead_of_vertex_deletion",
      "environment": {
        "directory_mode": "0o555",
        "euid": 1000,
        "optimization": 0,
        "physical_denials": [
          {
            "denied": true,
            "errno": 13,
            "operation": "create"
          },
          {
            "denied": true,
            "errno": 13,
            "operation": "append_open"
          }
        ],
        "target_mode": "0o444",
        "uid": 1000
      },
      "exit_code": 1,
      "intended_condition": "RuntimeError: CHECK_FAILED[lattice]: bowtie marked single",
      "numerical_diagnostic": false,
      "rejected": true,
      "script": "audit_exact.py",
      "semantic_mutation": true,
      "stderr": "Traceback (most recent call last):\n  File \"<string>\", line 12, in <module>\n  File \"<two-loop-dependency-runner>\", line 16, in <module>\n  File \"<two-loop-audit_exact.py>\", line 341, in <module>\n  File \"<two-loop-audit_exact.py>\", line 336, in main\n  File \"<two-loop-audit_exact.py>\", line 172, in lattice\n  File \"<two-loop-audit_exact.py>\", line 132, in test_graph\n  File \"<two-loop-audit_exact.py>\", line 46, in check\nRuntimeError: CHECK_FAILED[lattice]: bowtie marked single\n",
      "stderr_bytes": 476,
      "stderr_sha256": "c61af8121364003f711147fc8caf24991627470ed8260c968f6adc0d789836ff",
      "stdout": "ENV {\"directory_mode\": \"0o555\", \"euid\": 1000, \"optimization\": 0, \"physical_denials\": [{\"denied\": true, \"errno\": 13, \"operation\": \"create\"}, {\"denied\": true, \"errno\": 13, \"operation\": \"append_open\"}], \"target_mode\": \"0o444\", \"uid\": 1000}\n",
      "stdout_bytes": 237,
      "stdout_sha256": "5a64e8c90977be29be457a60f11d69543d936c01621cb3a5a1c6b5b4d1e277ea"
    },
    {
      "arguments": [
        "--require-readonly",
        "--mutant",
        "first_moment_controls_pairs"
      ],
      "case": "first_moment_controls_pairs",
      "environment": {
        "directory_mode": "0o555",
        "euid": 1000,
        "optimization": 0,
        "physical_denials": [
          {
            "denied": true,
            "errno": 13,
            "operation": "create"
          },
          {
            "denied": true,
            "errno": 13,
            "operation": "append_open"
          }
        ],
        "target_mode": "0o444",
        "uid": 1000
      },
      "exit_code": 1,
      "intended_condition": "RuntimeError: CHECK_FAILED[ui]: nonvanishing pair intensity",
      "numerical_diagnostic": false,
      "rejected": true,
      "script": "audit_exact.py",
      "semantic_mutation": true,
      "stderr": "Traceback (most recent call last):\n  File \"<string>\", line 12, in <module>\n  File \"<two-loop-dependency-runner>\", line 16, in <module>\n  File \"<two-loop-audit_exact.py>\", line 341, in <module>\n  File \"<two-loop-audit_exact.py>\", line 336, in main\n  File \"<two-loop-audit_exact.py>\", line 306, in ui\n  File \"<two-loop-audit_exact.py>\", line 46, in check\nRuntimeError: CHECK_FAILED[ui]: nonvanishing pair intensity\n",
      "stderr_bytes": 413,
      "stderr_sha256": "340f49e589214d300c81a56bcf1cb235343a12694513de3a78007dc880d0f8b3",
      "stdout": "ENV {\"directory_mode\": \"0o555\", \"euid\": 1000, \"optimization\": 0, \"physical_denials\": [{\"denied\": true, \"errno\": 13, \"operation\": \"create\"}, {\"denied\": true, \"errno\": 13, \"operation\": \"append_open\"}], \"target_mode\": \"0o444\", \"uid\": 1000}\n",
      "stdout_bytes": 237,
      "stdout_sha256": "5a64e8c90977be29be457a60f11d69543d936c01621cb3a5a1c6b5b4d1e277ea"
    },
    {
      "arguments": [
        "--require-readonly",
        "--mutant",
        "generation_mark_shifted"
      ],
      "case": "generation_mark_shifted",
      "environment": {
        "directory_mode": "0o555",
        "euid": 1000,
        "optimization": 0,
        "physical_denials": [
          {
            "denied": true,
            "errno": 13,
            "operation": "create"
          },
          {
            "denied": true,
            "errno": 13,
            "operation": "append_open"
          }
        ],
        "target_mode": "0o444",
        "uid": 1000
      },
      "exit_code": 1,
      "intended_condition": "RuntimeError: CHECK_FAILED[resolvent]: R=Q+zQR",
      "numerical_diagnostic": false,
      "rejected": true,
      "script": "audit_exact.py",
      "semantic_mutation": true,
      "stderr": "Traceback (most recent call last):\n  File \"<string>\", line 12, in <module>\n  File \"<two-loop-dependency-runner>\", line 16, in <module>\n  File \"<two-loop-audit_exact.py>\", line 341, in <module>\n  File \"<two-loop-audit_exact.py>\", line 336, in main\n  File \"<two-loop-audit_exact.py>\", line 207, in resolvent\n  File \"<two-loop-audit_exact.py>\", line 46, in check\nRuntimeError: CHECK_FAILED[resolvent]: R=Q+zQR\n",
      "stderr_bytes": 407,
      "stderr_sha256": "4dbd6dcd4471c6416d2add03668de8a4bf1b7ca2f2f2d6f37ca13cacafd34171",
      "stdout": "ENV {\"directory_mode\": \"0o555\", \"euid\": 1000, \"optimization\": 0, \"physical_denials\": [{\"denied\": true, \"errno\": 13, \"operation\": \"create\"}, {\"denied\": true, \"errno\": 13, \"operation\": \"append_open\"}], \"target_mode\": \"0o444\", \"uid\": 1000}\n",
      "stdout_bytes": 237,
      "stdout_sha256": "5a64e8c90977be29be457a60f11d69543d936c01621cb3a5a1c6b5b4d1e277ea"
    },
    {
      "arguments": [
        "--require-readonly",
        "--mutant",
        "identity_generation_included"
      ],
      "case": "identity_generation_included",
      "environment": {
        "directory_mode": "0o555",
        "euid": 1000,
        "optimization": 0,
        "physical_denials": [
          {
            "denied": true,
            "errno": 13,
            "operation": "create"
          },
          {
            "denied": true,
            "errno": 13,
            "operation": "append_open"
          }
        ],
        "target_mode": "0o444",
        "uid": 1000
      },
      "exit_code": 1,
      "intended_condition": "RuntimeError: CHECK_FAILED[resolvent]: R=Q+zQR",
      "numerical_diagnostic": false,
      "rejected": true,
      "script": "audit_exact.py",
      "semantic_mutation": true,
      "stderr": "Traceback (most recent call last):\n  File \"<string>\", line 12, in <module>\n  File \"<two-loop-dependency-runner>\", line 16, in <module>\n  File \"<two-loop-audit_exact.py>\", line 341, in <module>\n  File \"<two-loop-audit_exact.py>\", line 336, in main\n  File \"<two-loop-audit_exact.py>\", line 207, in resolvent\n  File \"<two-loop-audit_exact.py>\", line 46, in check\nRuntimeError: CHECK_FAILED[resolvent]: R=Q+zQR\n",
      "stderr_bytes": 407,
      "stderr_sha256": "4dbd6dcd4471c6416d2add03668de8a4bf1b7ca2f2f2d6f37ca13cacafd34171",
      "stdout": "ENV {\"directory_mode\": \"0o555\", \"euid\": 1000, \"optimization\": 0, \"physical_denials\": [{\"denied\": true, \"errno\": 13, \"operation\": \"create\"}, {\"denied\": true, \"errno\": 13, \"operation\": \"append_open\"}], \"target_mode\": \"0o444\", \"uid\": 1000}\n",
      "stdout_bytes": 237,
      "stdout_sha256": "5a64e8c90977be29be457a60f11d69543d936c01621cb3a5a1c6b5b4d1e277ea"
    },
    {
      "arguments": [
        "--require-readonly",
        "--mutant",
        "independent_realizations"
      ],
      "case": "independent_realizations",
      "environment": {
        "directory_mode": "0o555",
        "euid": 1000,
        "optimization": 0,
        "physical_denials": [
          {
            "denied": true,
            "errno": 13,
            "operation": "create"
          },
          {
            "denied": true,
            "errno": 13,
            "operation": "append_open"
          }
        ],
        "target_mode": "0o444",
        "uid": 1000
      },
      "exit_code": 1,
      "intended_condition": "RuntimeError: CHECK_FAILED[campbell]: same-configuration Campbell/Palm at aa",
      "numerical_diagnostic": false,
      "rejected": true,
      "script": "audit_exact.py",
      "semantic_mutation": true,
      "stderr": "Traceback (most recent call last):\n  File \"<string>\", line 12, in <module>\n  File \"<two-loop-dependency-runner>\", line 16, in <module>\n  File \"<two-loop-audit_exact.py>\", line 341, in <module>\n  File \"<two-loop-audit_exact.py>\", line 336, in main\n  File \"<two-loop-audit_exact.py>\", line 191, in campbell\n  File \"<two-loop-audit_exact.py>\", line 46, in check\nRuntimeError: CHECK_FAILED[campbell]: same-configuration Campbell/Palm at aa\n",
      "stderr_bytes": 436,
      "stderr_sha256": "9e05f0422faa1188f2dd0b2ed02046aaaca63441b7ff4535a5be2d2fb3ddfc0d",
      "stdout": "ENV {\"directory_mode\": \"0o555\", \"euid\": 1000, \"optimization\": 0, \"physical_denials\": [{\"denied\": true, \"errno\": 13, \"operation\": \"create\"}, {\"denied\": true, \"errno\": 13, \"operation\": \"append_open\"}], \"target_mode\": \"0o444\", \"uid\": 1000}\n",
      "stdout_bytes": 237,
      "stdout_sha256": "5a64e8c90977be29be457a60f11d69543d936c01621cb3a5a1c6b5b4d1e277ea"
    },
    {
      "arguments": [
        "--require-readonly",
        "--mutant",
        "low_fugacity_sign"
      ],
      "case": "low_fugacity_sign",
      "environment": {
        "directory_mode": "0o555",
        "euid": 1000,
        "optimization": 0,
        "physical_denials": [
          {
            "denied": true,
            "errno": 13,
            "operation": "create"
          },
          {
            "denied": true,
            "errno": 13,
            "operation": "append_open"
          }
        ],
        "target_mode": "0o444",
        "uid": 1000
      },
      "exit_code": 1,
      "intended_condition": "RuntimeError: CHECK_FAILED[lattice]: linked_triangles fugacity coefficient",
      "numerical_diagnostic": false,
      "rejected": true,
      "script": "audit_exact.py",
      "semantic_mutation": true,
      "stderr": "Traceback (most recent call last):\n  File \"<string>\", line 12, in <module>\n  File \"<two-loop-dependency-runner>\", line 16, in <module>\n  File \"<two-loop-audit_exact.py>\", line 341, in <module>\n  File \"<two-loop-audit_exact.py>\", line 336, in main\n  File \"<two-loop-audit_exact.py>\", line 172, in lattice\n  File \"<two-loop-audit_exact.py>\", line 153, in test_graph\n  File \"<two-loop-audit_exact.py>\", line 46, in check\nRuntimeError: CHECK_FAILED[lattice]: linked_triangles fugacity coefficient\n",
      "stderr_bytes": 493,
      "stderr_sha256": "8771e1be875e79913e603c6d59fd4de482bdec213e9b874370d78d620d11bdef",
      "stdout": "ENV {\"directory_mode\": \"0o555\", \"euid\": 1000, \"optimization\": 0, \"physical_denials\": [{\"denied\": true, \"errno\": 13, \"operation\": \"create\"}, {\"denied\": true, \"errno\": 13, \"operation\": \"append_open\"}], \"target_mode\": \"0o444\", \"uid\": 1000}\n",
      "stdout_bytes": 237,
      "stdout_sha256": "5a64e8c90977be29be457a60f11d69543d936c01621cb3a5a1c6b5b4d1e277ea"
    },
    {
      "arguments": [
        "--require-readonly",
        "--mutant",
        "modulus_marginals_suffice"
      ],
      "case": "modulus_marginals_suffice",
      "environment": {
        "directory_mode": "0o555",
        "euid": 1000,
        "optimization": 0,
        "physical_denials": [
          {
            "denied": true,
            "errno": 13,
            "operation": "create"
          },
          {
            "denied": true,
            "errno": 13,
            "operation": "append_open"
          }
        ],
        "target_mode": "0o444",
        "uid": 1000
      },
      "exit_code": 1,
      "intended_condition": "RuntimeError: CHECK_FAILED[conditional]: embedded-shape conditional law",
      "numerical_diagnostic": false,
      "rejected": true,
      "script": "audit_exact.py",
      "semantic_mutation": true,
      "stderr": "Traceback (most recent call last):\n  File \"<string>\", line 12, in <module>\n  File \"<two-loop-dependency-runner>\", line 16, in <module>\n  File \"<two-loop-audit_exact.py>\", line 341, in <module>\n  File \"<two-loop-audit_exact.py>\", line 336, in main\n  File \"<two-loop-audit_exact.py>\", line 224, in conditional\n  File \"<two-loop-audit_exact.py>\", line 46, in check\nRuntimeError: CHECK_FAILED[conditional]: embedded-shape conditional law\n",
      "stderr_bytes": 434,
      "stderr_sha256": "b28ac8a5be06dc3d82401a6b79003eddbea11200770b3d0c1b8d22e0e7171f6f",
      "stdout": "ENV {\"directory_mode\": \"0o555\", \"euid\": 1000, \"optimization\": 0, \"physical_denials\": [{\"denied\": true, \"errno\": 13, \"operation\": \"create\"}, {\"denied\": true, \"errno\": 13, \"operation\": \"append_open\"}], \"target_mode\": \"0o444\", \"uid\": 1000}\n",
      "stdout_bytes": 237,
      "stdout_sha256": "5a64e8c90977be29be457a60f11d69543d936c01621cb3a5a1c6b5b4d1e277ea"
    },
    {
      "arguments": [
        "--require-readonly",
        "--mutant",
        "ordered_pair_halved"
      ],
      "case": "ordered_pair_halved",
      "environment": {
        "directory_mode": "0o555",
        "euid": 1000,
        "optimization": 0,
        "physical_denials": [
          {
            "denied": true,
            "errno": 13,
            "operation": "create"
          },
          {
            "denied": true,
            "errno": 13,
            "operation": "append_open"
          }
        ],
        "target_mode": "0o444",
        "uid": 1000
      },
      "exit_code": 1,
      "intended_condition": "RuntimeError: CHECK_FAILED[lattice]: linked_triangles ordered distinct pair",
      "numerical_diagnostic": false,
      "rejected": true,
      "script": "audit_exact.py",
      "semantic_mutation": true,
      "stderr": "Traceback (most recent call last):\n  File \"<string>\", line 12, in <module>\n  File \"<two-loop-dependency-runner>\", line 16, in <module>\n  File \"<two-loop-audit_exact.py>\", line 341, in <module>\n  File \"<two-loop-audit_exact.py>\", line 336, in main\n  File \"<two-loop-audit_exact.py>\", line 172, in lattice\n  File \"<two-loop-audit_exact.py>\", line 142, in test_graph\n  File \"<two-loop-audit_exact.py>\", line 46, in check\nRuntimeError: CHECK_FAILED[lattice]: linked_triangles ordered distinct pair\n",
      "stderr_bytes": 494,
      "stderr_sha256": "8cd08de491f4b641c71372f8c478a7773422a4f6a256b2063e65084b2c86f0f2",
      "stdout": "ENV {\"directory_mode\": \"0o555\", \"euid\": 1000, \"optimization\": 0, \"physical_denials\": [{\"denied\": true, \"errno\": 13, \"operation\": \"create\"}, {\"denied\": true, \"errno\": 13, \"operation\": \"append_open\"}], \"target_mode\": \"0o444\", \"uid\": 1000}\n",
      "stdout_bytes": 237,
      "stdout_sha256": "5a64e8c90977be29be457a60f11d69543d936c01621cb3a5a1c6b5b4d1e277ea"
    },
    {
      "arguments": [
        "--require-readonly",
        "--mutant",
        "pair_ratio_inverted"
      ],
      "case": "pair_ratio_inverted",
      "environment": {
        "directory_mode": "0o555",
        "euid": 1000,
        "optimization": 0,
        "physical_denials": [
          {
            "denied": true,
            "errno": 13,
            "operation": "create"
          },
          {
            "denied": true,
            "errno": 13,
            "operation": "append_open"
          }
        ],
        "target_mode": "0o444",
        "uid": 1000
      },
      "exit_code": 1,
      "intended_condition": "RuntimeError: CHECK_FAILED[lattice]: linked_triangles pair ratio",
      "numerical_diagnostic": false,
      "rejected": true,
      "script": "audit_exact.py",
      "semantic_mutation": true,
      "stderr": "Traceback (most recent call last):\n  File \"<string>\", line 12, in <module>\n  File \"<two-loop-dependency-runner>\", line 16, in <module>\n  File \"<two-loop-audit_exact.py>\", line 341, in <module>\n  File \"<two-loop-audit_exact.py>\", line 336, in main\n  File \"<two-loop-audit_exact.py>\", line 172, in lattice\n  File \"<two-loop-audit_exact.py>\", line 146, in test_graph\n  File \"<two-loop-audit_exact.py>\", line 46, in check\nRuntimeError: CHECK_FAILED[lattice]: linked_triangles pair ratio\n",
      "stderr_bytes": 483,
      "stderr_sha256": "94c00deb77c99e890d7e1549c52b09dd48cfbf325b24790f99fc4f76144ca029",
      "stdout": "ENV {\"directory_mode\": \"0o555\", \"euid\": 1000, \"optimization\": 0, \"physical_denials\": [{\"denied\": true, \"errno\": 13, \"operation\": \"create\"}, {\"denied\": true, \"errno\": 13, \"operation\": \"append_open\"}], \"target_mode\": \"0o444\", \"uid\": 1000}\n",
      "stdout_bytes": 237,
      "stdout_sha256": "5a64e8c90977be29be457a60f11d69543d936c01621cb3a5a1c6b5b4d1e277ea"
    },
    {
      "arguments": [
        "--require-readonly",
        "--mutant",
        "per_realization_normalization"
      ],
      "case": "per_realization_normalization",
      "environment": {
        "directory_mode": "0o555",
        "euid": 1000,
        "optimization": 0,
        "physical_denials": [
          {
            "denied": true,
            "errno": 13,
            "operation": "create"
          },
          {
            "denied": true,
            "errno": 13,
            "operation": "append_open"
          }
        ],
        "target_mode": "0o444",
        "uid": 1000
      },
      "exit_code": 1,
      "intended_condition": "RuntimeError: CHECK_FAILED[campbell]: same-configuration Campbell/Palm at ab",
      "numerical_diagnostic": false,
      "rejected": true,
      "script": "audit_exact.py",
      "semantic_mutation": true,
      "stderr": "Traceback (most recent call last):\n  File \"<string>\", line 12, in <module>\n  File \"<two-loop-dependency-runner>\", line 16, in <module>\n  File \"<two-loop-audit_exact.py>\", line 341, in <module>\n  File \"<two-loop-audit_exact.py>\", line 336, in main\n  File \"<two-loop-audit_exact.py>\", line 191, in campbell\n  File \"<two-loop-audit_exact.py>\", line 46, in check\nRuntimeError: CHECK_FAILED[campbell]: same-configuration Campbell/Palm at ab\n",
      "stderr_bytes": 436,
      "stderr_sha256": "629667d38fd2a0d14fd48666b0845eba802251f1a40b030ae61931f7eb881a08",
      "stdout": "ENV {\"directory_mode\": \"0o555\", \"euid\": 1000, \"optimization\": 0, \"physical_denials\": [{\"denied\": true, \"errno\": 13, \"operation\": \"create\"}, {\"denied\": true, \"errno\": 13, \"operation\": \"append_open\"}], \"target_mode\": \"0o444\", \"uid\": 1000}\n",
      "stdout_bytes": 237,
      "stdout_sha256": "5a64e8c90977be29be457a60f11d69543d936c01621cb3a5a1c6b5b4d1e277ea"
    },
    {
      "arguments": [
        "--require-readonly",
        "--mutant",
        "single_missing_fugacity"
      ],
      "case": "single_missing_fugacity",
      "environment": {
        "directory_mode": "0o555",
        "euid": 1000,
        "optimization": 0,
        "physical_denials": [
          {
            "denied": true,
            "errno": 13,
            "operation": "create"
          },
          {
            "denied": true,
            "errno": 13,
            "operation": "append_open"
          }
        ],
        "target_mode": "0o444",
        "uid": 1000
      },
      "exit_code": 1,
      "intended_condition": "RuntimeError: CHECK_FAILED[lattice]: linked_triangles marked single",
      "numerical_diagnostic": false,
      "rejected": true,
      "script": "audit_exact.py",
      "semantic_mutation": true,
      "stderr": "Traceback (most recent call last):\n  File \"<string>\", line 12, in <module>\n  File \"<two-loop-dependency-runner>\", line 16, in <module>\n  File \"<two-loop-audit_exact.py>\", line 341, in <module>\n  File \"<two-loop-audit_exact.py>\", line 336, in main\n  File \"<two-loop-audit_exact.py>\", line 172, in lattice\n  File \"<two-loop-audit_exact.py>\", line 132, in test_graph\n  File \"<two-loop-audit_exact.py>\", line 46, in check\nRuntimeError: CHECK_FAILED[lattice]: linked_triangles marked single\n",
      "stderr_bytes": 486,
      "stderr_sha256": "0097b000813d161beffcc1875d1c4b96a741b9d6452001be56cc19f5c86e15f9",
      "stdout": "ENV {\"directory_mode\": \"0o555\", \"euid\": 1000, \"optimization\": 0, \"physical_denials\": [{\"denied\": true, \"errno\": 13, \"operation\": \"create\"}, {\"denied\": true, \"errno\": 13, \"operation\": \"append_open\"}], \"target_mode\": \"0o444\", \"uid\": 1000}\n",
      "stdout_bytes": 237,
      "stdout_sha256": "5a64e8c90977be29be457a60f11d69543d936c01621cb3a5a1c6b5b4d1e277ea"
    },
    {
      "arguments": [
        "--require-readonly",
        "--mutant",
        "unbiased_palm"
      ],
      "case": "unbiased_palm",
      "environment": {
        "directory_mode": "0o555",
        "euid": 1000,
        "optimization": 0,
        "physical_denials": [
          {
            "denied": true,
            "errno": 13,
            "operation": "create"
          },
          {
            "denied": true,
            "errno": 13,
            "operation": "append_open"
          }
        ],
        "target_mode": "0o444",
        "uid": 1000
      },
      "exit_code": 1,
      "intended_condition": "RuntimeError: CHECK_FAILED[campbell]: same-configuration Campbell/Palm at ab",
      "numerical_diagnostic": false,
      "rejected": true,
      "script": "audit_exact.py",
      "semantic_mutation": true,
      "stderr": "Traceback (most recent call last):\n  File \"<string>\", line 12, in <module>\n  File \"<two-loop-dependency-runner>\", line 16, in <module>\n  File \"<two-loop-audit_exact.py>\", line 341, in <module>\n  File \"<two-loop-audit_exact.py>\", line 336, in main\n  File \"<two-loop-audit_exact.py>\", line 191, in campbell\n  File \"<two-loop-audit_exact.py>\", line 46, in check\nRuntimeError: CHECK_FAILED[campbell]: same-configuration Campbell/Palm at ab\n",
      "stderr_bytes": 436,
      "stderr_sha256": "629667d38fd2a0d14fd48666b0845eba802251f1a40b030ae61931f7eb881a08",
      "stdout": "ENV {\"directory_mode\": \"0o555\", \"euid\": 1000, \"optimization\": 0, \"physical_denials\": [{\"denied\": true, \"errno\": 13, \"operation\": \"create\"}, {\"denied\": true, \"errno\": 13, \"operation\": \"append_open\"}], \"target_mode\": \"0o444\", \"uid\": 1000}\n",
      "stdout_bytes": 237,
      "stdout_sha256": "5a64e8c90977be29be457a60f11d69543d936c01621cb3a5a1c6b5b4d1e277ea"
    },
    {
      "arguments": [
        "--require-readonly",
        "--mutant",
        "wrong_ars_generation"
      ],
      "case": "wrong_ars_generation",
      "environment": {
        "directory_mode": "0o555",
        "euid": 1000,
        "optimization": 0,
        "physical_denials": [
          {
            "denied": true,
            "errno": 13,
            "operation": "create"
          },
          {
            "denied": true,
            "errno": 13,
            "operation": "append_open"
          }
        ],
        "target_mode": "0o444",
        "uid": 1000
      },
      "exit_code": 1,
      "intended_condition": "RuntimeError: CHECK_FAILED[numeric]: independent source transcription",
      "numerical_diagnostic": true,
      "rejected": true,
      "script": "audit_exact.py",
      "semantic_mutation": true,
      "stderr": "Traceback (most recent call last):\n  File \"<string>\", line 12, in <module>\n  File \"<two-loop-dependency-runner>\", line 16, in <module>\n  File \"<two-loop-audit_exact.py>\", line 341, in <module>\n  File \"<two-loop-audit_exact.py>\", line 336, in main\n  File \"<two-loop-audit_exact.py>\", line 282, in numeric\n  File \"<two-loop-audit_exact.py>\", line 46, in check\nRuntimeError: CHECK_FAILED[numeric]: independent source transcription\n",
      "stderr_bytes": 428,
      "stderr_sha256": "319d8c536825394f28086d89a381d80763c21c5966327eab91cb065b53b5af12",
      "stdout": "ENV {\"directory_mode\": \"0o555\", \"euid\": 1000, \"optimization\": 0, \"physical_denials\": [{\"denied\": true, \"errno\": 13, \"operation\": \"create\"}, {\"denied\": true, \"errno\": 13, \"operation\": \"append_open\"}], \"target_mode\": \"0o444\", \"uid\": 1000}\n",
      "stdout_bytes": 237,
      "stdout_sha256": "5a64e8c90977be29be457a60f11d69543d936c01621cb3a5a1c6b5b4d1e277ea"
    },
    {
      "arguments": [
        "--require-readonly",
        "--mutant",
        "wrong_ars_sine_factor"
      ],
      "case": "wrong_ars_sine_factor",
      "environment": {
        "directory_mode": "0o555",
        "euid": 1000,
        "optimization": 0,
        "physical_denials": [
          {
            "denied": true,
            "errno": 13,
            "operation": "create"
          },
          {
            "denied": true,
            "errno": 13,
            "operation": "append_open"
          }
        ],
        "target_mode": "0o444",
        "uid": 1000
      },
      "exit_code": 1,
      "intended_condition": "RuntimeError: CHECK_FAILED[numeric]: independent source transcription",
      "numerical_diagnostic": true,
      "rejected": true,
      "script": "audit_exact.py",
      "semantic_mutation": true,
      "stderr": "Traceback (most recent call last):\n  File \"<string>\", line 12, in <module>\n  File \"<two-loop-dependency-runner>\", line 16, in <module>\n  File \"<two-loop-audit_exact.py>\", line 341, in <module>\n  File \"<two-loop-audit_exact.py>\", line 336, in main\n  File \"<two-loop-audit_exact.py>\", line 282, in numeric\n  File \"<two-loop-audit_exact.py>\", line 46, in check\nRuntimeError: CHECK_FAILED[numeric]: independent source transcription\n",
      "stderr_bytes": 428,
      "stderr_sha256": "319d8c536825394f28086d89a381d80763c21c5966327eab91cb065b53b5af12",
      "stdout": "ENV {\"directory_mode\": \"0o555\", \"euid\": 1000, \"optimization\": 0, \"physical_denials\": [{\"denied\": true, \"errno\": 13, \"operation\": \"create\"}, {\"denied\": true, \"errno\": 13, \"operation\": \"append_open\"}], \"target_mode\": \"0o444\", \"uid\": 1000}\n",
      "stdout_bytes": 237,
      "stdout_sha256": "5a64e8c90977be29be457a60f11d69543d936c01621cb3a5a1c6b5b4d1e277ea"
    },
    {
      "arguments": [
        "--require-readonly",
        "--mutant",
        "wrong_dilute_parameter"
      ],
      "case": "wrong_dilute_parameter",
      "environment": {
        "directory_mode": "0o555",
        "euid": 1000,
        "optimization": 0,
        "physical_denials": [
          {
            "denied": true,
            "errno": 13,
            "operation": "create"
          },
          {
            "denied": true,
            "errno": 13,
            "operation": "append_open"
          }
        ],
        "target_mode": "0o444",
        "uid": 1000
      },
      "exit_code": 1,
      "intended_condition": "RuntimeError: CHECK_FAILED[symbolic]: n=1 at kappa=3",
      "numerical_diagnostic": false,
      "rejected": true,
      "script": "audit_exact.py",
      "semantic_mutation": true,
      "stderr": "Traceback (most recent call last):\n  File \"<string>\", line 12, in <module>\n  File \"<two-loop-dependency-runner>\", line 16, in <module>\n  File \"<two-loop-audit_exact.py>\", line 341, in <module>\n  File \"<two-loop-audit_exact.py>\", line 336, in main\n  File \"<two-loop-audit_exact.py>\", line 243, in symbolic\n  File \"<two-loop-audit_exact.py>\", line 46, in check\nRuntimeError: CHECK_FAILED[symbolic]: n=1 at kappa=3\n",
      "stderr_bytes": 412,
      "stderr_sha256": "b4cdd73359c4e7fa5aea00d5771136ddf391de34cb355f67aec83dfd818e38fa",
      "stdout": "ENV {\"directory_mode\": \"0o555\", \"euid\": 1000, \"optimization\": 0, \"physical_denials\": [{\"denied\": true, \"errno\": 13, \"operation\": \"create\"}, {\"denied\": true, \"errno\": 13, \"operation\": \"append_open\"}], \"target_mode\": \"0o444\", \"uid\": 1000}\n",
      "stdout_bytes": 237,
      "stdout_sha256": "5a64e8c90977be29be457a60f11d69543d936c01621cb3a5a1c6b5b4d1e277ea"
    },
    {
      "arguments": [
        "--require-readonly",
        "--mutant",
        "wrong_kappa4_prefactor"
      ],
      "case": "wrong_kappa4_prefactor",
      "environment": {
        "directory_mode": "0o555",
        "euid": 1000,
        "optimization": 0,
        "physical_denials": [
          {
            "denied": true,
            "errno": 13,
            "operation": "create"
          },
          {
            "denied": true,
            "errno": 13,
            "operation": "append_open"
          }
        ],
        "target_mode": "0o444",
        "uid": 1000
      },
      "exit_code": 1,
      "intended_condition": "RuntimeError: CHECK_FAILED[symbolic]: kappa4 removable prefactor",
      "numerical_diagnostic": false,
      "rejected": true,
      "script": "audit_exact.py",
      "semantic_mutation": true,
      "stderr": "Traceback (most recent call last):\n  File \"<string>\", line 12, in <module>\n  File \"<two-loop-dependency-runner>\", line 16, in <module>\n  File \"<two-loop-audit_exact.py>\", line 341, in <module>\n  File \"<two-loop-audit_exact.py>\", line 336, in main\n  File \"<two-loop-audit_exact.py>\", line 250, in symbolic\n  File \"<two-loop-audit_exact.py>\", line 46, in check\nRuntimeError: CHECK_FAILED[symbolic]: kappa4 removable prefactor\n",
      "stderr_bytes": 424,
      "stderr_sha256": "713c166dfe73bed1719e48716828a1351c59e6d0eb58baa57fc58d5ed6850377",
      "stdout": "ENV {\"directory_mode\": \"0o555\", \"euid\": 1000, \"optimization\": 0, \"physical_denials\": [{\"denied\": true, \"errno\": 13, \"operation\": \"create\"}, {\"denied\": true, \"errno\": 13, \"operation\": \"append_open\"}], \"target_mode\": \"0o444\", \"uid\": 1000}\n",
      "stdout_bytes": 237,
      "stdout_sha256": "5a64e8c90977be29be457a60f11d69543d936c01621cb3a5a1c6b5b4d1e277ea"
    },
    {
      "arguments": [
        "--require-readonly",
        "--mutant",
        "wrong_laplace_scale"
      ],
      "case": "wrong_laplace_scale",
      "environment": {
        "directory_mode": "0o555",
        "euid": 1000,
        "optimization": 0,
        "physical_denials": [
          {
            "denied": true,
            "errno": 13,
            "operation": "create"
          },
          {
            "denied": true,
            "errno": 13,
            "operation": "append_open"
          }
        ],
        "target_mode": "0o444",
        "uid": 1000
      },
      "exit_code": 1,
      "intended_condition": "RuntimeError: CHECK_FAILED[numeric]: independent source transcription",
      "numerical_diagnostic": true,
      "rejected": true,
      "script": "audit_exact.py",
      "semantic_mutation": true,
      "stderr": "Traceback (most recent call last):\n  File \"<string>\", line 12, in <module>\n  File \"<two-loop-dependency-runner>\", line 16, in <module>\n  File \"<two-loop-audit_exact.py>\", line 341, in <module>\n  File \"<two-loop-audit_exact.py>\", line 336, in main\n  File \"<two-loop-audit_exact.py>\", line 282, in numeric\n  File \"<two-loop-audit_exact.py>\", line 46, in check\nRuntimeError: CHECK_FAILED[numeric]: independent source transcription\n",
      "stderr_bytes": 428,
      "stderr_sha256": "319d8c536825394f28086d89a381d80763c21c5966327eab91cb065b53b5af12",
      "stdout": "ENV {\"directory_mode\": \"0o555\", \"euid\": 1000, \"optimization\": 0, \"physical_denials\": [{\"denied\": true, \"errno\": 13, \"operation\": \"create\"}, {\"denied\": true, \"errno\": 13, \"operation\": \"append_open\"}], \"target_mode\": \"0o444\", \"uid\": 1000}\n",
      "stdout_bytes": 237,
      "stdout_sha256": "5a64e8c90977be29be457a60f11d69543d936c01621cb3a5a1c6b5b4d1e277ea"
    }
  ],
  "schema": 1,
  "scope": "Unchanged original and independent safe checks with explicit failures; exact checks and high-precision numerical diagnostics remain distinct; no continuum theorem or full embedded-pair comparison is certified.",
  "separate_numerical_diagnostics": 297,
  "source_unchanged": true,
  "status": "PASS",
  "uid": 1000
}
