2026-07-27 PDT
Review mode: bounded symbolic hostile audit; no finite scan replay.

Target 1:
  math/working/dynamic_connector_edge_caps/NOTE.md
  SHA-256 185e29a4b8e231aa5e90126f7fd16be32c696cd3f99e46c00f90cb61f27548e7
  Verdict PASS

Target 2:
  math/working/gamma3_port_identification_proof/NOTE.md
  SHA-256 0b852592548e72face4eb8944909c1dd24c4fbedd31e1a468d118ceb9b0d1487
  Verdict PASS

Checks completed:
  - reconstructed direct-swap edge implication;
  - reconstructed maximum-independent-state forcing;
  - reconstructed both C-079 dead-state lemmas;
  - checked gamma=3 common-complement-neighbor implication;
  - checked alpha=3 / H-K4 cap-clique implication;
  - checked anchor exclusions and recovered response color;
  - checked C-079 m=1 invocation and all distinctness conditions;
  - checked exact induced-core incidences in Corollary 3.1;
  - checked cap-and-escape distinctness, list role, and K4 contradiction;
  - checked exact-pattern order count 9+1+1=11.

The 524,288-case extension scan was not replayed and remains OBSERVED.
