{
  "environment": "production",
  "title": "Non-symmetry of biconstrained two-step reachability",
  "files": [
    {
      "name": "biconstrained_asymmetry.pdf",
      "size": 67359,
      "sha256": "35ddcd2a64bf0906fadcf762b913dfd9369941784ca0da87d97a3e9080ea80e4"
    },
    {
      "name": "biconstrained-asymmetry-verification.zip",
      "size": 198015,
      "sha256": "5415f48f702ab2e234376b73c4853043b1b7601316392ff4750123eb66339d81"
    }
  ],
  "metadata_normalizations": [],
  "id": 23127646,
  "state": "published",
  "doi": "10.5281/zenodo.23127646",
  "doi_url": "https://doi.org/10.5281/zenodo.23127646",
  "record_url": "https://zenodo.org/records/23127646",
  "url": "https://doi.org/10.5281/zenodo.23127646",
  "verified_utc": "2026-10-03T21:48:33.923528+00:00",
  "doi_resolution": {
    "status": "resolved",
    "http_status": 200,
    "url": "https://doi.org/10.5281/zenodo.23127646",
    "resolved_url": "https://zenodo.org/records/23127646"
  },
  "receipt_saved": true
}
