Updating 728b48109..904d63bba
Fast-forward
 unsolved_math_prioritization/QUEUE.md              |  2 +-
 .../attempts/2303002/FINAL_FROZEN_MANIFEST.json    | 52 ++++++++++++
 .../attempts/2303002/FINAL_REVIEW_REQUEST.md       | 23 ++++++
 .../attempts/2303002/PRIOR_GATE.json               | 16 ++++
 .../attempts/2303002/PR_BODY.md                    | 15 ++++
 .../attempts/2303002/PUBLICATION_MANIFEST.json     | 93 ++++++++++++++++++++++
 .../attempts/2303002/README.md                     | 31 ++++++++
 .../attempts/2303002/SOURCE_AUDIT_STATE.json       | 13 +++
 .../attempts/2303002/SOURCE_CHECKS.json            |  5 ++
 .../attempts/2303002/SOURCE_MANIFEST.json          | 20 +++++
 .../attempts/2303002/SOURCE_NORMALIZATION.md       | 11 +++
 .../attempts/2303002/SOURCE_PROOF.md               | 80 +++++++++++++++++++
 .../attempts/2303002/SOURCE_STATUS.md              | 11 +++
 .../2303002/final_review/INDEPENDENT_CHECKS.json   |  5 ++
 .../attempts/2303002/final_review/REVIEW.md        | 15 ++++
 .../2303002/final_review/REVIEW_MANIFEST.json      |  5 ++
 .../2303002/final_review/check_independent.py      | 14 ++++
 .../attempts/2303002/final_review/run_portable.py  | 16 ++++
 .../attempts/2303002/verify_source_alignment.py    | 27 +++++++
 19 files changed, 453 insertions(+), 1 deletion(-)
 create mode 100644 unsolved_math_prioritization/attempts/2303002/FINAL_FROZEN_MANIFEST.json
 create mode 100644 unsolved_math_prioritization/attempts/2303002/FINAL_REVIEW_REQUEST.md
 create mode 100644 unsolved_math_prioritization/attempts/2303002/PRIOR_GATE.json
 create mode 100644 unsolved_math_prioritization/attempts/2303002/PR_BODY.md
 create mode 100644 unsolved_math_prioritization/attempts/2303002/PUBLICATION_MANIFEST.json
 create mode 100644 unsolved_math_prioritization/attempts/2303002/README.md
 create mode 100644 unsolved_math_prioritization/attempts/2303002/SOURCE_AUDIT_STATE.json
 create mode 100644 unsolved_math_prioritization/attempts/2303002/SOURCE_CHECKS.json
 create mode 100644 unsolved_math_prioritization/attempts/2303002/SOURCE_MANIFEST.json
 create mode 100644 unsolved_math_prioritization/attempts/2303002/SOURCE_NORMALIZATION.md
 create mode 100644 unsolved_math_prioritization/attempts/2303002/SOURCE_PROOF.md
 create mode 100644 unsolved_math_prioritization/attempts/2303002/SOURCE_STATUS.md
 create mode 100644 unsolved_math_prioritization/attempts/2303002/final_review/INDEPENDENT_CHECKS.json
 create mode 100644 unsolved_math_prioritization/attempts/2303002/final_review/REVIEW.md
 create mode 100644 unsolved_math_prioritization/attempts/2303002/final_review/REVIEW_MANIFEST.json
 create mode 100644 unsolved_math_prioritization/attempts/2303002/final_review/check_independent.py
 create mode 100644 unsolved_math_prioritization/attempts/2303002/final_review/run_portable.py
 create mode 100644 unsolved_math_prioritization/attempts/2303002/verify_source_alignment.py
