{
  "public_integrity": "verified",
  "private_evidence": "absent; private source/API captures not independently revalidated",
  "original_scope": 19,
  "nested_bindings": 29,
  "author_receipt": 3675,
  "source_review_receipt": 1667,
  "math_only_receipt": 1665,
  "mathematical_verdict": "credited entire harmonic/continuous case; analytic proof required",
  "novel_theorems": 0,
  "family_evidence": {
    "path_geometry_review": "public integrity only; private streams absent and not reproduced",
    "poisson_components_review": "public integrity only; private streams absent and not reproduced",
    "poisson_components_corrections": "public integrity only; private streams absent and not reproduced"
  },
  "readonly_replayed": [
    "author_replay",
    "math_only_review_replay"
  ],
  "closure": "sealed",
  "writes": 0
}
