⚠ [2825/2831] Replayed Bell.Lorentz
warning: ././././Bell/Lorentz.lean:63:71: this tactic is never executed
note: this linter can be disabled with `set_option linter.unreachableTactic false`
warning: ././././Bell/Lorentz.lean:63:71: 'ring' tactic does nothing
note: this linter can be disabled with `set_option linter.unusedTactic false`
warning: ././././Bell/Lorentz.lean:114:2: Used `tac1 <;> tac2` where `(tac1; tac2)` would suffice
note: this linter can be disabled with `set_option linter.unnecessarySeqFocus false`
warning: ././././Bell/Lorentz.lean:118:62: Used `tac1 <;> tac2` where `(tac1; tac2)` would suffice
note: this linter can be disabled with `set_option linter.unnecessarySeqFocus false`
warning: ././././Bell/Lorentz.lean:146:2: Used `tac1 <;> tac2` where `(tac1; tac2)` would suffice
note: this linter can be disabled with `set_option linter.unnecessarySeqFocus false`
warning: ././././Bell/Lorentz.lean:212:47: this tactic is never executed
note: this linter can be disabled with `set_option linter.unreachableTactic false`
warning: ././././Bell/Lorentz.lean:212:47: 'ring' tactic does nothing
note: this linter can be disabled with `set_option linter.unusedTactic false`
warning: ././././Bell/Lorentz.lean:218:2: Used `tac1 <;> tac2` where `(tac1; tac2)` would suffice
note: this linter can be disabled with `set_option linter.unnecessarySeqFocus false`
warning: ././././Bell/Lorentz.lean:223:2: Used `tac1 <;> tac2` where `(tac1; tac2)` would suffice
note: this linter can be disabled with `set_option linter.unnecessarySeqFocus false`
⚠ [2831/2831] Built Bell.MeasurementGeometry
warning: ././././Bell/MeasurementGeometry.lean:123:52: unused variable `hA`
note: this linter can be disabled with `set_option linter.unusedVariables false`
warning: ././././Bell/MeasurementGeometry.lean:124:5: unused variable `hB`
note: this linter can be disabled with `set_option linter.unusedVariables false`
Build completed successfully.
