{
  "all_passed": true,
  "assertions": 521,
  "candidate_imports": [],
  "moving_monodromy_actual_lift_records": [
    {
      "q": 1,
      "target_charges": [
        1,
        0
      ],
      "source_charges": [
        2,
        1
      ],
      "image_H1": 4,
      "image_H2": 4,
      "rank_source_H2": 4,
      "chain_F1_rank": 4,
      "chain_F2_rank": 4
    },
    {
      "q": 1,
      "target_charges": [
        0,
        0
      ],
      "source_charges": [
        0,
        0
      ],
      "image_H1": 4,
      "image_H2": 4,
      "rank_source_H2": 4,
      "chain_F1_rank": 4,
      "chain_F2_rank": 4
    },
    {
      "q": 1,
      "target_charges": [
        0,
        0
      ],
      "source_charges": [
        0,
        0
      ],
      "image_H1": 4,
      "image_H2": 4,
      "rank_source_H2": 4,
      "chain_F1_rank": 4,
      "chain_F2_rank": 4
    },
    {
      "q": 2,
      "target_charges": [
        1,
        0
      ],
      "source_charges": [
        2,
        1
      ],
      "image_H1": 4,
      "image_H2": 5,
      "rank_source_H2": 5,
      "chain_F1_rank": 8,
      "chain_F2_rank": 8
    },
    {
      "q": 2,
      "target_charges": [
        0,
        1
      ],
      "source_charges": [
        1,
        1
      ],
      "image_H1": 4,
      "image_H2": 5,
      "rank_source_H2": 5,
      "chain_F1_rank": 8,
      "chain_F2_rank": 8
    },
    {
      "q": 2,
      "target_charges": [
        1,
        1
      ],
      "source_charges": [
        3,
        2
      ],
      "image_H1": 4,
      "image_H2": 5,
      "rank_source_H2": 5,
      "chain_F1_rank": 8,
      "chain_F2_rank": 8
    },
    {
      "q": 3,
      "target_charges": [
        1,
        0
      ],
      "source_charges": [
        2,
        1
      ],
      "image_H1": 4,
      "image_H2": 6,
      "rank_source_H2": 6,
      "chain_F1_rank": 12,
      "chain_F2_rank": 12
    },
    {
      "q": 3,
      "target_charges": [
        2,
        1
      ],
      "source_charges": [
        5,
        3
      ],
      "image_H1": 4,
      "image_H2": 6,
      "rank_source_H2": 6,
      "chain_F1_rank": 12,
      "chain_F2_rank": 12
    },
    {
      "q": 3,
      "target_charges": [
        2,
        0
      ],
      "source_charges": [
        4,
        2
      ],
      "image_H1": 4,
      "image_H2": 6,
      "rank_source_H2": 6,
      "chain_F1_rank": 12,
      "chain_F2_rank": 12
    },
    {
      "q": 5,
      "target_charges": [
        1,
        0
      ],
      "source_charges": [
        2,
        1
      ],
      "image_H1": 4,
      "image_H2": 8,
      "rank_source_H2": 8,
      "chain_F1_rank": 20,
      "chain_F2_rank": 20
    },
    {
      "q": 5,
      "target_charges": [
        2,
        1
      ],
      "source_charges": [
        5,
        3
      ],
      "image_H1": 4,
      "image_H2": 8,
      "rank_source_H2": 8,
      "chain_F1_rank": 20,
      "chain_F2_rank": 20
    },
    {
      "q": 5,
      "target_charges": [
        0,
        3
      ],
      "source_charges": [
        3,
        3
      ],
      "image_H1": 4,
      "image_H2": 8,
      "rank_source_H2": 8,
      "chain_F1_rank": 20,
      "chain_F2_rank": 20
    },
    {
      "q": 7,
      "target_charges": [
        1,
        0
      ],
      "source_charges": [
        2,
        1
      ],
      "image_H1": 4,
      "image_H2": 10,
      "rank_source_H2": 10,
      "chain_F1_rank": 28,
      "chain_F2_rank": 28
    },
    {
      "q": 7,
      "target_charges": [
        2,
        1
      ],
      "source_charges": [
        5,
        3
      ],
      "image_H1": 4,
      "image_H2": 10,
      "rank_source_H2": 10,
      "chain_F1_rank": 28,
      "chain_F2_rank": 28
    },
    {
      "q": 7,
      "target_charges": [
        5,
        3
      ],
      "source_charges": [
        13,
        8
      ],
      "image_H1": 4,
      "image_H2": 10,
      "rank_source_H2": 10,
      "chain_F1_rank": 28,
      "chain_F2_rank": 28
    },
    {
      "q": 9,
      "target_charges": [
        1,
        0
      ],
      "source_charges": [
        2,
        1
      ],
      "image_H1": 4,
      "image_H2": 12,
      "rank_source_H2": 12,
      "chain_F1_rank": 36,
      "chain_F2_rank": 36
    },
    {
      "q": 9,
      "target_charges": [
        2,
        1
      ],
      "source_charges": [
        5,
        3
      ],
      "image_H1": 4,
      "image_H2": 12,
      "rank_source_H2": 12,
      "chain_F1_rank": 36,
      "chain_F2_rank": 36
    },
    {
      "q": 9,
      "target_charges": [
        5,
        3
      ],
      "source_charges": [
        13,
        8
      ],
      "image_H1": 4,
      "image_H2": 12,
      "rank_source_H2": 12,
      "chain_F1_rank": 36,
      "chain_F2_rank": 36
    },
    {
      "q": 10,
      "target_charges": [
        1,
        0
      ],
      "source_charges": [
        2,
        1
      ],
      "image_H1": 4,
      "image_H2": 13,
      "rank_source_H2": 13,
      "chain_F1_rank": 40,
      "chain_F2_rank": 40
    },
    {
      "q": 10,
      "target_charges": [
        2,
        1
      ],
      "source_charges": [
        5,
        3
      ],
      "image_H1": 4,
      "image_H2": 13,
      "rank_source_H2": 13,
      "chain_F1_rank": 40,
      "chain_F2_rank": 40
    },
    {
      "q": 10,
      "target_charges": [
        5,
        3
      ],
      "source_charges": [
        13,
        8
      ],
      "image_H1": 4,
      "image_H2": 13,
      "rank_source_H2": 13,
      "chain_F1_rank": 40,
      "chain_F2_rank": 40
    },
    {
      "q": 11,
      "target_charges": [
        1,
        0
      ],
      "source_charges": [
        2,
        1
      ],
      "image_H1": 4,
      "image_H2": 14,
      "rank_source_H2": 14,
      "chain_F1_rank": 44,
      "chain_F2_rank": 44
    },
    {
      "q": 11,
      "target_charges": [
        2,
        1
      ],
      "source_charges": [
        5,
        3
      ],
      "image_H1": 4,
      "image_H2": 14,
      "rank_source_H2": 14,
      "chain_F1_rank": 44,
      "chain_F2_rank": 44
    },
    {
      "q": 11,
      "target_charges": [
        5,
        3
      ],
      "source_charges": [
        13,
        8
      ],
      "image_H1": 4,
      "image_H2": 14,
      "rank_source_H2": 14,
      "chain_F1_rank": 44,
      "chain_F2_rank": 44
    }
  ],
  "TM_closed_formula_lengths": 300,
  "Euler_scale_powers": [
    2,
    3,
    4,
    5,
    6,
    7,
    8,
    9,
    10,
    11,
    12,
    13
  ],
  "PF_roof_equations": "exact Q(sqrt5)",
  "scope": "Falsification and independent validation only; no sixth author discovery"
}
