'Bell.two_three_ordering' depends on axioms: [propext, Classical.choice, Quot.sound]
'Bell.no_two_input_extreme_separator' depends on axioms: [propext, Classical.choice, Quot.sound]
'Bell.two_input_convex_equality' depends on axioms: [propext, Classical.choice, Quot.sound]
'Bell.universal_two_input_equality' depends on axioms: [propext, Classical.choice, Quot.sound]
'Bell.at_most_two_input_equality' depends on axioms: [propext, Classical.choice, Quot.sound]
'Bell.main_claims' depends on axioms: [propext, Classical.choice, Quot.sound]
'Bell.minimum_inputs' depends on axioms: [propext, Classical.choice, Quot.sound]
'Bell.minimum_inputs_attained' depends on axioms: [propext, Classical.choice, Quot.sound]
'Bell.no_two_input_strict_separation' depends on axioms: [propext, Classical.choice, Quot.sound]
'Bell.main_claims_with_strengthening' depends on axioms: [propext, Classical.choice, Quot.sound]
'Bell.binary_span_sum_le_three' depends on axioms: [propext, Classical.choice, Quot.sound]
'Bell.binary_bob_simulation' depends on axioms: [propext, Classical.choice, Quot.sound]
'Bell.extreme_binary_bob_simulation' depends on axioms: [propext, Classical.choice, Quot.sound]
'Bell.ConeCircuits.outcomeVector_sum' depends on axioms: [propext, Classical.choice, Quot.sound]
'Bell.ConeCircuits.coarsening_refined_behavior' depends on axioms: [propext, Classical.choice, Quot.sound]
'Bell.ConeCircuits.binary_circuit_mem_convexPVM' depends on axioms: [propext, Classical.choice, Quot.sound]
'Bell.ConeCircuits.circuit_section_mem_convexPVM' depends on axioms: [propext, Classical.choice, Quot.sound]
'Bell.ClassicalProduct.total_mass' depends on axioms: [propext, Classical.choice, Quot.sound]
'Bell.ClassicalProduct.total_mass_one' depends on axioms: [propext, Classical.choice, Quot.sound]
'Bell.ClassicalProduct.pin_mass' depends on axioms: [propext, Classical.choice, Quot.sound]
'Bell.ClassicalProduct.marginal' depends on axioms: [propext, Classical.choice, Quot.sound]
'Bell.ClassicalProduct.conditional_normalized' depends on axioms: [propext, Classical.choice, Quot.sound]
'Bell.ClassicalProduct.weight_nonnegative' depends on axioms: [propext, Classical.choice, Quot.sound]
'Bell.ClassicalProduct.weight_normalized' depends on axioms: [propext, Classical.choice, Quot.sound]
'Bell.ClassicalProduct.entry_zero_of_marginal_zero' depends on axioms: [propext, Classical.choice, Quot.sound]
'Bell.ClassicalProduct.reconstruction' depends on axioms: [propext, Classical.choice, Quot.sound]
'Bell.FullPureStrategy.reduced_definite' depends on axioms: [propext, Classical.choice, Quot.sound]
'Bell.FullPureStrategy.steered_positive' depends on axioms: [propext, Classical.choice, Quot.sound]
'Bell.FullPureStrategy.steered_sum' depends on axioms: [propext, Classical.choice, Quot.sound]
'Bell.FullPureStrategy.behavior_steered' depends on axioms: [propext, Classical.choice, Quot.sound]
'Bell.FullPureStrategy.filteredTable_mem_rawPOVM' depends on axioms: [propext, Classical.choice, Quot.sound]
'Bell.extreme_common_coefficients' depends on axioms: [propext, Classical.choice, Quot.sound]
'Bell.extreme_common_span_scalar' depends on axioms: [propext, Classical.choice, Quot.sound]
'Bell.ConeCircuits.weights_convex' depends on axioms: [propext, Classical.choice, Quot.sound]
'Bell.ConeCircuits.weights_isClosed' depends on axioms: [propext, Classical.choice, Quot.sound]
'Bell.ConeCircuits.weights_isCompact' depends on axioms: [propext, Classical.choice, Quot.sound]
'Bell.ConeCircuits.balance_sideSum' depends on axioms: [propext, Classical.choice, Quot.sound]
'Bell.ConeCircuits.mass_sideSum' depends on axioms: [propext, Classical.choice, Quot.sound]
'Bell.ConeCircuits.sideSum_equal' depends on axioms: [propext, Classical.choice, Quot.sound]
'Bell.ConeCircuits.sideSum_time_half' depends on axioms: [propext, Classical.choice, Quot.sound]
'Bell.ConeCircuits.sideSupport_nonempty' depends on axioms: [propext, Classical.choice, Quot.sound]
'Bell.ConeCircuits.extreme_relation_zero' depends on axioms: [propext, Classical.choice, Quot.sound]
'Bell.ConeCircuits.extreme_support_le_four' depends on axioms: [propext, Classical.choice, Quot.sound]
'Bell.ConeCircuits.future_nonnegative_smul' depends on axioms: [propext, Classical.choice, Quot.sound]
'Bell.ConeCircuits.future_sum' depends on axioms: [propext, Classical.choice, Quot.sound]
'Bell.ConeCircuits.sideSum_future' depends on axioms: [propext, Classical.choice, Quot.sound]
'Bell.ConeCircuits.extreme_singleton_other_le_one' depends on axioms: [propext, Classical.choice, Quot.sound]
'Bell.ConeCircuits.side_card_sum' depends on axioms: [propext, Classical.choice, Quot.sound]
'Bell.ConeCircuits.extreme_side_card_le_two' depends on axioms: [propext, Classical.choice, Quot.sound]
'Bell.ConeCircuits.all_weights_map_into' depends on axioms: [propext, Classical.choice, Quot.sound]
'Bell.QubitGeometry.dot_self_positive' depends on axioms: [propext, Classical.choice, Quot.sound]
'Bell.QubitGeometry.normalizeVector_unit' depends on axioms: [propext, Classical.choice, Quot.sound]
'Bell.QubitGeometry.exists_unit_annihilator' depends on axioms: [propext, Classical.choice, Quot.sound]
'Bell.QubitGeometry.compress_time' depends on axioms: [propext, Classical.choice, Quot.sound]
'Bell.QubitGeometry.compress_orthogonal' depends on axioms: [propext, Classical.choice, Quot.sound]
'Bell.QubitGeometry.compress_square' depends on axioms: [propext, Classical.choice, Quot.sound]
'Bell.QubitGeometry.compress_future' depends on axioms: [propext, Classical.choice, Quot.sound]
'Bell.QubitGeometry.compress_pairing' depends on axioms: [propext, Classical.choice, Quot.sound]
'Bell.QubitGeometry.normalHyperplane_dim_le_three' depends on axioms: [propext, Classical.choice, Quot.sound]
'Bell.QubitGeometry.exists_spatial_unit_perpendicular' depends on axioms: [propext, Classical.choice, Quot.sound]
'Bell.QubitGeometry.radius_nonnegative' depends on axioms: [propext, Classical.choice, Quot.sound]
'Bell.QubitGeometry.radius_square' depends on axioms: [propext, Classical.choice, Quot.sound]
'Bell.QubitGeometry.radius_le_time' depends on axioms: [propext, Classical.choice, Quot.sound]
'Bell.QubitGeometry.splitDirection_time' depends on axioms: [propext, Classical.choice, Quot.sound]
'Bell.QubitGeometry.splitDirection_unit' depends on axioms: [propext, Classical.choice, Quot.sound]
'Bell.QubitGeometry.radius_direction' depends on axioms: [propext, Classical.choice, Quot.sound]
'Bell.QubitGeometry.nullPiece_sum' depends on axioms: [propext, Classical.choice, Quot.sound]
'Bell.QubitGeometry.nullPiece_null_or_zero' depends on axioms: [propext, Classical.choice, Quot.sound]
'Bell.QubitGeometry.nullPiece_in_plane' depends on axioms: [propext, Classical.choice, Quot.sound]
'Bell.finite_mixture_bound' depends on axioms: [propext, Classical.choice, Quot.sound]
'Bell.linear_bound_on_convexHull' depends on axioms: [propext, Classical.choice, Quot.sound]
'Bell.filtering_average' depends on axioms: [propext, Classical.choice, Quot.sound]
'Bell.binary_spectral_weights' depends on axioms: [propext, Classical.choice, Quot.sound]
'Bell.Lorentz.DeterministicGap.reset_ray' depends on axioms: [propext, Classical.choice, Quot.sound]
'Bell.Lorentz.DeterministicGap.reset_unit' depends on axioms: [propext, Classical.choice, Quot.sound]
'Bell.Lorentz.DeterministicGap.reset_idempotent' depends on axioms: [propext, Classical.choice, Quot.sound]
'Bell.Lorentz.DeterministicGap.compatibility_reset' depends on axioms: [propext, Classical.choice, Quot.sound]
'Bell.Lorentz.DeterministicGap.compatibility_id' depends on axioms: [propext, Classical.choice, Quot.sound]
'Bell.Lorentz.DeterministicGap.stationary_gap' depends on axioms: [propext, Classical.choice, Quot.sound]
'Bell.Lorentz.DeterministicGap.multipliers_positive' depends on axioms: [propext, Classical.choice, Quot.sound]
'Bell.Lorentz.DeterministicGap.multiplier_formula' depends on axioms: [propext, Classical.choice, Quot.sound]
'Bell.ClassicalProduct.reconstruction_alice_marginal' depends on axioms: [propext, Classical.choice, Quot.sound]
'Bell.ClassicalProduct.reconstruction_with_deterministic_input' depends on axioms: [propext,
 Classical.choice,
 Quot.sound]
'Bell.otherInput_ne' depends on axioms: [propext, Classical.choice, Quot.sound]
'Bell.eq_otherInput_of_ne' depends on axioms: [propext, Classical.choice, Quot.sound]
'Bell.born_deterministic' depends on axioms: [propext, Classical.choice, Quot.sound]
'Bell.replacement_behavior' depends on axioms: [propext, Classical.choice, Quot.sound]
'Bell.replaceBobInput_mem_convexPVM' depends on axioms: [propext, Classical.choice, Quot.sound]
'Bell.replaceBobRay_mem_convexPVM' depends on axioms: [propext, Classical.choice, Quot.sound]
'Bell.strict_gap_to_deterministic_replacements' depends on axioms: [propext, Classical.choice, Quot.sound]
'Bell.ideal_dual_slack0' depends on axioms: [propext, Classical.choice, Quot.sound]
'Bell.ideal_dual_slack1' depends on axioms: [propext, Classical.choice, Quot.sound]
'Bell.ideal_dual_slack2' depends on axioms: [propext, Classical.choice, Quot.sound]
'Bell.ideal_dual_feasible' depends on axioms: [propext, Classical.choice, Quot.sound]
'Bell.ideal_complementarity' depends on axioms: [propext, Classical.choice, Quot.sound]
'Bell.ideal_discrimination_upper' depends on axioms: [propext, Classical.choice, Quot.sound]
'Bell.ideal_discrimination_attained' depends on axioms: [propext, Classical.choice, Quot.sound]
'Bell.tensor_add_left' depends on axioms: [propext, Classical.choice, Quot.sound]
'Bell.tensor_add_right' depends on axioms: [propext, Classical.choice, Quot.sound]
'Bell.tensor_sub_left' depends on axioms: [propext, Classical.choice, Quot.sound]
'Bell.tensor_sub_right' depends on axioms: [propext, Classical.choice, Quot.sound]
'Bell.tensor_smul_left' depends on axioms: [propext, Classical.choice, Quot.sound]
'Bell.tensor_smul_right' depends on axioms: [propext, Classical.choice, Quot.sound]
'Bell.tensor_zero_left' depends on axioms: [propext, Classical.choice, Quot.sound]
'Bell.tensor_zero_right' depends on axioms: [propext, Classical.choice, Quot.sound]
'Bell.tensor_neg_left' depends on axioms: [propext, Classical.choice, Quot.sound]
'Bell.tensor_neg_right' depends on axioms: [propext, Classical.choice, Quot.sound]
'Bell.tensor_one_one' depends on axioms: [propext, Classical.choice, Quot.sound]
'Bell.tensor_mul' depends on axioms: [propext, Classical.choice, Quot.sound]
'Bell.tensor_conjTranspose' depends on axioms: [propext, Classical.choice, Quot.sound]
'Bell.tensor_sum_left' depends on axioms: [propext, Classical.choice, Quot.sound]
'Bell.tensor_sum_right' depends on axioms: [propext, Classical.choice, Quot.sound]
'Bell.positive_trace_nonneg' depends on axioms: [propext, Classical.choice, Quot.sound]
'Bell.expectation_apply' depends on axioms: [propext, Classical.choice, Quot.sound]
'Bell.state_expectation_one' depends on axioms: [propext, Classical.choice, Quot.sound]
'Bell.state_expectation_square_nonneg' depends on axioms: [propext, Classical.choice, Quot.sound]
'Bell.state_expectation_positive' depends on axioms: [propext, Classical.choice, Quot.sound]
'Bell.tensor_positive' depends on axioms: [propext, Classical.choice, Quot.sound]
'Bell.born_nonnegative' depends on axioms: [propext, Classical.choice, Quot.sound]
'Bell.born_eq_expectation' depends on axioms: [propext, Classical.choice, Quot.sound]
'Bell.born_sum_alice' depends on axioms: [propext, Classical.choice, Quot.sound]
'Bell.born_sum_bob' depends on axioms: [propext, Classical.choice, Quot.sound]
'Bell.born_normalization' depends on axioms: [propext, Classical.choice, Quot.sound]
'Bell.strategy_behavior_nonnegative' depends on axioms: [propext, Classical.choice, Quot.sound]
'Bell.strategy_behavior_normalization' depends on axioms: [propext, Classical.choice, Quot.sound]
'Bell.strategy_no_signaling_to_alice' depends on axioms: [propext, Classical.choice, Quot.sound]
'Bell.strategy_no_signaling_to_bob' depends on axioms: [propext, Classical.choice, Quot.sound]
'Bell.extreme_perturbation_marginals' depends on axioms: [propext, Classical.choice, Quot.sound]
'Bell.extreme_scalar_relation' depends on axioms: [propext, Classical.choice, Quot.sound]
'Bell.extreme_effect_independent' depends on axioms: [propext, Classical.choice, Quot.sound]
'Bell.extreme_fullrank_effect_deterministic' depends on axioms: [propext, Classical.choice, Quot.sound]
'Bell.extreme_nondeterministic_effects_null' depends on axioms: [propext, Classical.choice, Quot.sound]
'Bell.probabilitySimplex_isCompact' depends on axioms: [propext, Classical.choice, Quot.sound]
'Bell.combinations_isCompact' depends on axioms: [propext, Classical.choice, Quot.sound]
'Bell.combinations_subset_convexHull' depends on axioms: [propext, Classical.choice, Quot.sound]
'Bell.convexHull_eq_finite_combinations' depends on axioms: [propext, Classical.choice, Quot.sound]
'Bell.compact_convexHull' depends on axioms: [propext, Classical.choice, Quot.sound]
'Bell.extreme_midpoint' depends on axioms: [propext, Classical.choice, Quot.sound]
'Bell.extreme_positive_combination' depends on axioms: [propext, Classical.choice, Quot.sound]
'Bell.contains_compact_of_contains_extreme' depends on axioms: [propext, Classical.choice, Quot.sound]
'Bell.mem_range_iff_annihilators' depends on axioms: [propext, Classical.choice, Quot.sound]
'Bell.finite_functional_coordinates' depends on axioms: [propext, Classical.choice, Quot.sound]
'Bell.Lorentz.nullRowMap_single' depends on axioms: [propext, Classical.choice, Quot.sound]
'Bell.Lorentz.metricDifferential_apply' depends on axioms: [propext, Classical.choice, Quot.sound]
'Bell.Lorentz.metricDifferential_pairing' depends on axioms: [propext, Classical.choice, Quot.sound]
'Bell.Lorentz.metric_stationary_iff' depends on axioms: [propext, Classical.choice, Quot.sound]
'Bell.Lorentz.exists_metric_increment' depends on axioms: [propext, Classical.choice, Quot.sound]
'Bell.Lorentz.exists_compatible_metric' depends on axioms: [propext, Classical.choice, Quot.sound]
'Bell.UnnormalizedAssemblage.root_hermitian' depends on axioms: [propext, Classical.choice, Quot.sound]
'Bell.UnnormalizedAssemblage.root_square' depends on axioms: [propext, Classical.choice, Quot.sound]
'Bell.UnnormalizedAssemblage.root_invertible' depends on axioms: [propext, Classical.choice, Quot.sound]
'Bell.UnnormalizedAssemblage.normalizedAssemblage_invertible' depends on axioms: [propext, Classical.choice, Quot.sound]
'Bell.UnnormalizedAssemblage.normalized_behavior' depends on axioms: [propext, Classical.choice, Quot.sound]
'Bell.UnnormalizedAssemblage.behavior_mem_rawPOVM' depends on axioms: [propext, Classical.choice, Quot.sound]
'Bell.Lorentz.frameGram_symmetric' depends on axioms: [propext, Classical.choice, Quot.sound]
'Bell.Lorentz.frameGram_pair' depends on axioms: [propext, Classical.choice, Quot.sound]
'Bell.Lorentz.steeringFrame_mulVec' depends on axioms: [propext, Classical.choice, Quot.sound]
'Bell.Lorentz.steeringFrame_time' depends on axioms: [propext, Classical.choice, Quot.sound]
'Bell.Lorentz.steeringFrame_square' depends on axioms: [propext, Classical.choice, Quot.sound]
'Bell.Lorentz.frame_probability' depends on axioms: [propext, Classical.choice, Quot.sound]
'Bell.Lorentz.isOpen_framePositive' depends on axioms: [propext, Classical.choice, Quot.sound]
'Bell.Lorentz.frame_table_mem_rawPOVM' depends on axioms: [propext, Classical.choice, Quot.sound]
'Bell.Lorentz.symmetricMatrix_symmetric' depends on axioms: [propext, Classical.choice, Quot.sound]
'Bell.Lorentz.symmetricCoordinates_matrix' depends on axioms: [propext, Classical.choice, Quot.sound]
'Bell.Lorentz.symmetricMatrix_coordinates' depends on axioms: [propext, Classical.choice, Quot.sound]
'Bell.Lorentz.frameGram_hasStrictFDerivAt' depends on axioms: [propext, Classical.choice, Quot.sound]
'Bell.Lorentz.gramCoordinates_hasStrictFDerivAt' depends on axioms: [propext, Classical.choice, Quot.sound]
'Bell.Lorentz.gramMatrixDerivative_right_inverse' depends on axioms: [propext, Classical.choice, Quot.sound]
'Bell.Lorentz.gramDerivative_surjective' depends on axioms: [propext, Classical.choice, Quot.sound]
'Bell.Lorentz.exists_local_gram_lift' depends on axioms: [propext, Classical.choice, Quot.sound]
'Bell.Lorentz.eventually_feasible_mem_rawPOVM' depends on axioms: [propext, Classical.choice, Quot.sound]
'Bell.Lorentz.physical_maximum_is_incidence_maximum' depends on axioms: [propext, Classical.choice, Quot.sound]
'Bell.exists_level_curve' depends on axioms: [propext, Classical.choice, Quot.sound]
'Bell.Lorentz.continuous_weightedGram' depends on axioms: [propext, Classical.choice, Quot.sound]
'Bell.Lorentz.quadratic_gap_limit' depends on axioms: [propext, Classical.choice, Quot.sound]
'Bell.Lorentz.eventually_score_improvement' depends on axioms: [propext, Classical.choice, Quot.sound]
'Bell.Lorentz.not_local_max_of_uphill_curve' depends on axioms: [propext, Classical.choice, Quot.sound]
'Bell.Lorentz.linearOfMatrix_apply' depends on axioms: [propext, Classical.choice, Quot.sound]
'Bell.Lorentz.matrixOfLinear_mulVec' depends on axioms: [propext, Classical.choice, Quot.sound]
'Bell.Lorentz.matrixOfLinear_id' depends on axioms: [propext, Classical.choice, Quot.sound]
'Bell.Lorentz.matrixOfLinear_add' depends on axioms: [propext, Classical.choice, Quot.sound]
'Bell.Lorentz.matrixOfLinear_smul' depends on axioms: [propext, Classical.choice, Quot.sound]
'Bell.Lorentz.linearOfMatrix_matrixOfLinear' depends on axioms: [propext, Classical.choice, Quot.sound]
'Bell.Lorentz.matrixPair_apply' depends on axioms: [propext, Classical.choice, Quot.sound]
'Bell.Lorentz.matrixPair_transpose' depends on axioms: [propext, Classical.choice, Quot.sound]
'Bell.Lorentz.matrixPair_symmetric' depends on axioms: [propext, Classical.choice, Quot.sound]
'Bell.Lorentz.matrixPair_add_matrix' depends on axioms: [propext, Classical.choice, Quot.sound]
'Bell.Lorentz.matrixPair_sub_matrix' depends on axioms: [propext, Classical.choice, Quot.sound]
'Bell.Lorentz.matrixPair_smul_matrix' depends on axioms: [propext, Classical.choice, Quot.sound]
'Bell.Lorentz.pullbackForm_apply' depends on axioms: [propext, Classical.choice, Quot.sound]
'Bell.Lorentz.chartMetric_add' depends on axioms: [propext, Classical.choice, Quot.sound]
'Bell.Lorentz.chartMetric_sub' depends on axioms: [propext, Classical.choice, Quot.sound]
'Bell.Lorentz.chartMetric_symmetric' depends on axioms: [propext, Classical.choice, Quot.sound]
'Bell.Lorentz.metricVariation_symmetric' depends on axioms: [propext, Classical.choice, Quot.sound]
'Bell.Lorentz.metricVariation_quadratic' depends on axioms: [propext, Classical.choice, Quot.sound]
'Bell.Lorentz.chartMetric_null' depends on axioms: [propext, Classical.choice, Quot.sound]
'Bell.Lorentz.chartMetric_unit' depends on axioms: [propext, Classical.choice, Quot.sound]
'Bell.Lorentz.weightedPairing_mul' depends on axioms: [propext, Classical.choice, Quot.sound]
'Bell.Lorentz.weightedCross_self' depends on axioms: [propext, Classical.choice, Quot.sound]
'Bell.Lorentz.weightedGram_zero_of_null' depends on axioms: [propext, Classical.choice, Quot.sound]
'Bell.Lorentz.weightedGram_add_metric' depends on axioms: [propext, Classical.choice, Quot.sound]
'Bell.Lorentz.weightedGram_sub_metric' depends on axioms: [propext, Classical.choice, Quot.sound]
'Bell.Lorentz.weightedCross_add_right' depends on axioms: [propext, Classical.choice, Quot.sound]
'Bell.Lorentz.weightedGram_add_frame' depends on axioms: [propext, Classical.choice, Quot.sound]
'Bell.Lorentz.weightedGram_smul_frame' depends on axioms: [propext, Classical.choice, Quot.sound]
'Bell.Lorentz.exact_stationary_score_gap' depends on axioms: [propext, Classical.choice, Quot.sound]
'Bell.Lorentz.contDiff_incidenceConstraints' depends on axioms: [propext, Classical.choice, Quot.sound]
'Bell.Lorentz.polynomial_score_gap' depends on axioms: [propext, Classical.choice, Quot.sound]
'Bell.Lorentz.matrixPair_mul_frames' depends on axioms: [propext, Classical.choice, Quot.sound]
'Bell.Lorentz.constraintDerivativeCLM_apply' depends on axioms: [propext, Classical.choice, Quot.sound]
'Bell.Lorentz.nullDerivative_symmetric' depends on axioms: [propext, Classical.choice, Quot.sound]
'Bell.Lorentz.incidenceNull_hasStrictFDerivAt' depends on axioms: [propext, Classical.choice, Quot.sound]
'Bell.Lorentz.probabilityBlock_hasStrictFDerivAt' depends on axioms: [propext, Classical.choice, Quot.sound]
'Bell.Lorentz.incidenceMass_hasStrictFDerivAt' depends on axioms: [propext, Classical.choice, Quot.sound]
'Bell.Lorentz.incidenceConstraints_hasStrictFDerivAt' depends on axioms: [propext, Classical.choice, Quot.sound]
'Bell.Lorentz.nullDerivativeSeed_values' depends on axioms: [propext, Classical.choice, Quot.sound]
'Bell.Lorentz.nullDerivative_seed_preimage' depends on axioms: [propext, Classical.choice, Quot.sound]
'Bell.Lorentz.constraintDerivative_radial' depends on axioms: [propext, Classical.choice, Quot.sound]
'Bell.Lorentz.constraintDerivative_surjective' depends on axioms: [propext, Classical.choice, Quot.sound]
'Bell.Lorentz.constraintDerivative_range' depends on axioms: [propext, Classical.choice, Quot.sound]
'Bell.Lorentz.frameEquiv_apply' depends on axioms: [propext, Classical.choice, Quot.sound]
'Bell.Lorentz.kernel_dimension_le_three' depends on axioms: [propext, Classical.choice, Quot.sound]
'Bell.Lorentz.uphill_annihilating_kernel' depends on axioms: [propext, Classical.choice, Quot.sound]
'Bell.Lorentz.weightedGram_frame_action' depends on axioms: [propext, Classical.choice, Quot.sound]
'Bell.Lorentz.exists_positive_normalized_tangent' depends on axioms: [propext, Classical.choice, Quot.sound]
'Bell.Lorentz.high_rank_not_local_max' depends on axioms: [propext, Classical.choice, Quot.sound]
'Bell.Lorentz.rank_zero_rows' depends on axioms: [propext, Classical.choice, Quot.sound]
'Bell.Lorentz.rank_one_row_coordinates' depends on axioms: [propext, Classical.choice, Quot.sound]
'Bell.Lorentz.rank_one_stationarity_impossible' depends on axioms: [propext, Classical.choice, Quot.sound]
'Bell.Lorentz.chartMetric_parameterVector' depends on axioms: [propext, Classical.choice, Quot.sound]
'Bell.Lorentz.timeFunctional_eq_matrixPair' depends on axioms: [propext, Classical.choice, Quot.sound]
'Bell.Lorentz.rank_zero_block_mem' depends on axioms: [propext, Classical.choice, Quot.sound]
'Bell.Lorentz.tableOfBlock_apply' depends on axioms: [propext, Classical.choice, Quot.sound]
'Bell.Lorentz.actedBlock_mulVec' depends on axioms: [propext, Classical.choice, Quot.sound]
'Bell.Lorentz.actedBlock_id' depends on axioms: [propext, Classical.choice, Quot.sound]
'Bell.Lorentz.actedTable_apply' depends on axioms: [propext, Classical.choice, Quot.sound]
'Bell.Lorentz.sum_effectRay' depends on axioms: [propext, Classical.choice, Quot.sound]
'Bell.Lorentz.tableOfBlock_bob_marginal' depends on axioms: [propext, Classical.choice, Quot.sound]
'Bell.Lorentz.reset_effectRay' depends on axioms: [propext, Classical.choice, Quot.sound]
'Bell.Lorentz.actedTable_reset' depends on axioms: [propext, Classical.choice, Quot.sound]
'Bell.Lorentz.actedTable_reset_physical' depends on axioms: [propext, Classical.choice, Quot.sound]
'Bell.Lorentz.blockMass_actedBlock' depends on axioms: [propext, Classical.choice, Quot.sound]
'Bell.Lorentz.weightedPairing_actedBlock' depends on axioms: [propext, Classical.choice, Quot.sound]
'Bell.Lorentz.multipliers_positive_from_physical_separator' depends on axioms: [propext, Classical.choice, Quot.sound]
'Bell.Lorentz.tableOfBlock_eq_transformedMetricTable' depends on axioms: [propext, Classical.choice, Quot.sound]
'Bell.exists_normalized_lagrange' depends on axioms: [propext, Classical.choice, Quot.sound]
'Bell.Lorentz.constraint_functional_coordinates' depends on axioms: [propext, Classical.choice, Quot.sound]
'Bell.Lorentz.feasible_iff_constraints_eq' depends on axioms: [propext, Classical.choice, Quot.sound]
'Bell.Lorentz.exists_incidence_lagrange' depends on axioms: [propext, Classical.choice, Quot.sound]
'Bell.Lorentz.lagrange_frame_variations' depends on axioms: [propext, Classical.choice, Quot.sound]
'Bell.Lorentz.lagrange_metric_variations' depends on axioms: [propext, Classical.choice, Quot.sound]
'Bell.Lorentz.metric_invertible_of_block' depends on axioms: [propext, Classical.choice, Quot.sound]
'Bell.Lorentz.frame_invertible_of_block' depends on axioms: [propext, Classical.choice, Quot.sound]
'Bell.Lorentz.lagrange_block_stationarity' depends on axioms: [propext, Classical.choice, Quot.sound]
'Bell.Lorentz.lagrange_metric_stationarity' depends on axioms: [propext, Classical.choice, Quot.sound]
'Bell.Lorentz.exists_incidence_stationarity' depends on axioms: [propext, Classical.choice, Quot.sound]
'Bell.deterministic_behavior' depends on axioms: [propext, Classical.choice, Quot.sound]
'Bell.deterministic_mem_rawPVM' depends on axioms: [propext, Classical.choice, Quot.sound]
'Bell.finite_local_mixture_mem_convexPVM' depends on axioms: [propext, Classical.choice, Quot.sound]
'Bell.transportMixture_mem' depends on axioms: [propext, Classical.choice, Quot.sound]
'Bell.transportMixture_eq' depends on axioms: [propext, Classical.choice, Quot.sound]
'Bell.rankZeroTable_mem_of_transport' depends on axioms: [propext, Classical.choice, Quot.sound]
'Bell.rankZeroTable_mem' depends on axioms: [propext, Classical.choice, Quot.sound]
'Bell.Lorentz.binary_circuit' depends on axioms: [propext, Classical.choice, Quot.sound]
'Bell.Lorentz.ternary_circuit' depends on axioms: [propext, Classical.choice, Quot.sound]
'Bell.Lorentz.circuit_kernel' depends on axioms: [propext, Classical.choice, Quot.sound]
'Bell.Lorentz.weightedOuter_injective_zero' depends on axioms: [propext, Classical.choice, Quot.sound]
'Bell.Lorentz.metric_quadratic' depends on axioms: [propext, Classical.choice, Quot.sound]
'Bell.Lorentz.coefficient_rays_null' depends on axioms: [propext, Classical.choice, Quot.sound]
'Bell.Lorentz.metric_normalization' depends on axioms: [propext, Classical.choice, Quot.sound]
'Bell.Lorentz.phi_differences' depends on axioms: [propext, Classical.choice, Quot.sound]
'Bell.Lorentz.phi_minor' depends on axioms: [propext, Classical.choice, Quot.sound]
'Bell.Lorentz.inverse_identity' depends on axioms: [propext, Classical.choice, Quot.sound]
'Bell.Lorentz.inverse_homogeneous' depends on axioms: [propext, Classical.choice, Quot.sound]
'Bell.Lorentz.generic_recovery' depends on axioms: [propext, Classical.choice, Quot.sound]
'Bell.Lorentz.phi_zero_null_base' depends on axioms: [propext, Classical.choice, Quot.sound]
'Bell.Lorentz.baseLines_phi_zero' depends on axioms: [propext, Classical.choice, Quot.sound]
'Bell.Lorentz.cross_x2_identity' depends on axioms: [propext, Classical.choice, Quot.sound]
'Bell.Lorentz.cross_x3_identity' depends on axioms: [propext, Classical.choice, Quot.sound]
'Bell.Lorentz.cross_x2_is_base' depends on axioms: [propext, Classical.choice, Quot.sound]
'Bell.Lorentz.cross_x3_is_base' depends on axioms: [propext, Classical.choice, Quot.sound]
'Bell.Lorentz.direct_zero_chart_unique' depends on axioms: [propext, Classical.choice, Quot.sound]
'Bell.Lorentz.linearEliminant_of_common_root' depends on axioms: [propext, Classical.choice, Quot.sound]
'Bell.Lorentz.resultant01' depends on axioms: [propext, Classical.choice, Quot.sound]
'Bell.Lorentz.resultant23' depends on axioms: [propext, Classical.choice, Quot.sound]
'Bell.Lorentz.simultaneous_coefficient_obstruction01' depends on axioms: [propext, Classical.choice, Quot.sound]
'Bell.Lorentz.simultaneous_coefficient_obstruction23' depends on axioms: [propext, Classical.choice, Quot.sound]
'Bell.Lorentz.null01_coefficient_nonzero' depends on axioms: [propext, Classical.choice, Quot.sound]
'Bell.Lorentz.null23_coefficient_nonzero' depends on axioms: [propext, Classical.choice, Quot.sound]
'Bell.Lorentz.bilinear_square_completion' depends on axioms: [propext, Classical.choice, Quot.sound]
'Bell.positive_sum' depends on axioms: [propext, Classical.choice, Quot.sound]
'Bell.positive_coordinates' depends on axioms: [propext, Classical.choice, Quot.sound]
'Bell.positive_trace_zero_iff' depends on axioms: [propext, Classical.choice, Quot.sound]
'Bell.positive_trace_positive' depends on axioms: [propext, Classical.choice, Quot.sound]
'Bell.positive_null_coordinates' depends on axioms: [propext, Classical.choice, Quot.sound]
'Bell.positive_definite_coordinates' depends on axioms: [propext, Classical.choice, Quot.sound]
'Bell.isOpen_futureTimelike' depends on axioms: [propext, Classical.choice, Quot.sound]
'Bell.eventually_positive_perturbation' depends on axioms: [propext, Classical.choice, Quot.sound]
'Bell.exists_positive_perturbation' depends on axioms: [propext, Classical.choice, Quot.sound]
'Bell.qubit_cayley_hamilton_entrywise' depends on axioms: [propext, Classical.choice, Quot.sound]
'Bell.determinant_complement' depends on axioms: [propext, Classical.choice, Quot.sound]
'Bell.rank_one_binary_projector' depends on axioms: [propext, Classical.choice, Quot.sound]
'Bell.future_between_null' depends on axioms: [propext, Classical.choice, Quot.sound]
'Bell.positive_below_rank_one' depends on axioms: [propext, Classical.choice, Quot.sound]
'Bell.POVM.complement_positive' depends on axioms: [propext, Classical.choice, Quot.sound]
'Bell.posDef_real_smul' depends on axioms: [propext, Classical.choice, Quot.sound]
'Bell.active_coefficients_operator' depends on axioms: [propext, Classical.choice, Quot.sound]
'Bell.coefficient_sum_mem_span' depends on axioms: [propext, Classical.choice, Quot.sound]
'Bell.effect_coordinates_mem_span' depends on axioms: [propext, Classical.choice, Quot.sound]
'Bell.timeUnit_mem_effectSpan' depends on axioms: [propext, Classical.choice, Quot.sound]
'Bell.effectSpan_finrank_of_independent' depends on axioms: [propext, Classical.choice, Quot.sound]
'Bell.nondeterministic_support_at_least_two' depends on axioms: [propext, Classical.choice, Quot.sound]
'Bell.extreme_span_intersection_le_one' depends on axioms: [propext, Classical.choice, Quot.sound]
'Bell.extreme_active_outcome_sum_le_five' depends on axioms: [propext, Classical.choice, Quot.sound]
'Bell.extreme_two_or_three_outcomes' depends on axioms: [propext, Classical.choice, Quot.sound]
'Bell.povm_output_positive' depends on axioms: [propext, Classical.choice, Quot.sound]
'Bell.singleOutput_zero' depends on axioms: [propext, Quot.sound]
'Bell.strategy_no_inputs' depends on axioms: [propext, Classical.choice, Quot.sound]
'Bell.strategy_single_bob' depends on axioms: [propext, Classical.choice, Quot.sound]
'Bell.strategy_single_alice' depends on axioms: [propext, Classical.choice, Quot.sound]
'Bell.strategy_one_input' depends on axioms: [propext, Classical.choice, Quot.sound]
'Bell.one_input_equality' depends on axioms: [propext, Classical.choice, Quot.sound]
'Bell.product_behavior_mem_convexPVM' depends on axioms: [propext, Classical.choice, Quot.sound]
'Bell.trace_product_im_zero' depends on axioms: [propext, Classical.choice, Quot.sound]
'Bell.Assemblage.right_complement_positive' depends on axioms: [propext, Classical.choice, Quot.sound]
'Bell.Assemblage.singular_mem_convexPVM' depends on axioms: [propext, Classical.choice, Quot.sound]
'Bell.Assemblage.mem_convexPOVM' depends on axioms: [propext, Classical.choice, Quot.sound]
'Bell.qubit_cayley_hamilton' depends on axioms: [propext, Classical.choice, Quot.sound]
'Bell.orthogonal_idempotent_det_zero' depends on axioms: [propext, Classical.choice, Quot.sound]
'Bell.singular_idempotent_trace_one' depends on axioms: [propext, Classical.choice, Quot.sound]
'Bell.ternary_pvm_has_zero' depends on axioms: [propext, Classical.choice, Quot.sound]
'Bell.pvmSignObservable_matrix' depends on axioms: [propext, Classical.choice, Quot.sound]
'Bell.weighted_born_sum' depends on axioms: [propext, Classical.choice, Quot.sound]
'Bell.alice_signed_sum' depends on axioms: [propext, Classical.choice, Quot.sound]
'Bell.bob_signed_sum' depends on axioms: [propext, Classical.choice, Quot.sound]
'Bell.projective_correlation' depends on axioms: [propext, Classical.choice, Quot.sound]
'Bell.physical_bell_expectation' depends on axioms: [propext, Classical.choice, Quot.sound]
'Bell.binary_effect_complement' depends on axioms: [propext, Classical.choice, Quot.sound]
'Bell.auxiliary_complement_of_zero1' depends on axioms: [propext, Classical.choice, Quot.sound]
'Bell.auxiliary_complement_of_zero0' depends on axioms: [propext, Classical.choice, Quot.sound]
'Bell.auxiliary_complement_of_zero2' depends on axioms: [propext, Classical.choice, Quot.sound]
'Bell.physical_bell_zero1' depends on axioms: [propext, Classical.choice, Quot.sound]
'Bell.physical_bell_zero2' depends on axioms: [propext, Classical.choice, Quot.sound]
'Bell.physical_bell_zero0' depends on axioms: [propext, Classical.choice, Quot.sound]
'Bell.projective_strategy_rational_upper' depends on axioms: [propext, Classical.choice, Quot.sound]
'Bell.raw_projective_rational_upper' depends on axioms: [propext, Classical.choice, Quot.sound]
'Bell.sqrtTwo_rational_lower' depends on axioms: [propext, Classical.choice, Quot.sound]
'Bell.rational_bound_lt_paper_upper' depends on axioms: [propext, Classical.choice, Quot.sound]
'Bell.rational_bound_lt_witness' depends on axioms: [propext, Classical.choice, Quot.sound]
'Bell.projective_global_upper_bound' depends on axioms: [propext, Classical.choice, Quot.sound]
'Bell.convex_projective_rational_upper' depends on axioms: [propext, Classical.choice, Quot.sound]
'Bell.three_by_two_separation' depends on axioms: [propext, Classical.choice, Quot.sound]
'Bell.witness_margin_over_projective' depends on axioms: [propext, Classical.choice, Quot.sound]
'Bell.Lorentz.phi_zero' depends on axioms: [propext, Classical.choice, Quot.sound]
'Bell.Lorentz.phi_homogeneous' depends on axioms: [propext, Classical.choice, Quot.sound]
'Bell.Lorentz.null_homogeneous' depends on axioms: [propext, Classical.choice, Quot.sound]
'Bell.Lorentz.sameRay_refl' depends on axioms: [propext, Classical.choice, Quot.sound]
'Bell.Lorentz.sameRay_symm' depends on axioms: [propext, Classical.choice, Quot.sound]
'Bell.Lorentz.sameRay_trans' depends on axioms: [propext, Classical.choice, Quot.sound]
'Bell.Lorentz.nonzero_image_implies_nonzero' depends on axioms: [propext, Classical.choice, Quot.sound]
'Bell.Lorentz.sameRay_of_homogeneous_inverse' depends on axioms: [propext, Classical.choice, Quot.sound]
'Bell.Lorentz.image_zero_transfers' depends on axioms: [propext, Classical.choice, Quot.sound]
'Bell.Lorentz.image_eq_transfers' depends on axioms: [propext, Classical.choice, Quot.sound]
'Bell.Lorentz.phi_zero_of_last_pair_zero' depends on axioms: [propext, Classical.choice, Quot.sound]
'Bell.Lorentz.phi_zero_of_first_pair_zero' depends on axioms: [propext, Classical.choice, Quot.sound]
'Bell.Lorentz.phi_zero_of_fifth_line' depends on axioms: [propext, Classical.choice, Quot.sound]
'Bell.Lorentz.zero2Inverse_homogeneous' depends on axioms: [propext, Classical.choice, Quot.sound]
'Bell.Lorentz.zero2Coefficient_of_null' depends on axioms: [propext, Classical.choice, Quot.sound]
'Bell.Lorentz.zero2Inverse_identity' depends on axioms: [propext, Classical.choice, Quot.sound]
'Bell.Lorentz.zero2Weight_nonzero' depends on axioms: [propext, Classical.choice, Quot.sound]
'Bell.Lorentz.zero2_plane_of_target' depends on axioms: [propext, Classical.choice, Quot.sound]
'Bell.Lorentz.zero3Inverse_homogeneous' depends on axioms: [propext, Classical.choice, Quot.sound]
'Bell.Lorentz.zero3Coefficient_of_null' depends on axioms: [propext, Classical.choice, Quot.sound]
'Bell.Lorentz.zero3Inverse_identity' depends on axioms: [propext, Classical.choice, Quot.sound]
'Bell.Lorentz.zero3Weight_nonzero' depends on axioms: [propext, Classical.choice, Quot.sound]
'Bell.Lorentz.zero3_plane_of_target' depends on axioms: [propext, Classical.choice, Quot.sound]
'Bell.Lorentz.equal01Inverse_homogeneous' depends on axioms: [propext, Classical.choice, Quot.sound]
'Bell.Lorentz.equal01Coefficient_of_null' depends on axioms: [propext, Classical.choice, Quot.sound]
'Bell.Lorentz.equal01Inverse_identity' depends on axioms: [propext, Classical.choice, Quot.sound]
'Bell.Lorentz.equal01Weight_nonzero' depends on axioms: [propext, Classical.choice, Quot.sound]
'Bell.Lorentz.equal01_plane_of_target' depends on axioms: [propext, Classical.choice, Quot.sound]
'Bell.Lorentz.equal23Inverse_homogeneous' depends on axioms: [propext, Classical.choice, Quot.sound]
'Bell.Lorentz.equal23Coefficient_of_null' depends on axioms: [propext, Classical.choice, Quot.sound]
'Bell.Lorentz.equal23Inverse_identity' depends on axioms: [propext, Classical.choice, Quot.sound]
'Bell.Lorentz.equal23Weight_nonzero' depends on axioms: [propext, Classical.choice, Quot.sound]
'Bell.Lorentz.equal23_plane_of_target' depends on axioms: [propext, Classical.choice, Quot.sound]
'Bell.Lorentz.projective_fiber_injective' depends on axioms: [propext, Classical.choice, Quot.sound]
'Bell.Lorentz.projective_fiber_injective_of_sameRay' depends on axioms: [propext, Classical.choice, Quot.sound]
'Bell.SOS.words_hermitian' depends on axioms: [propext, Classical.choice, Quot.sound]
'Bell.SOS.bell02_certificate' depends on axioms: [propext, Classical.choice, Quot.sound]
'Bell.SOS.bell02_upper' depends on axioms: [propext, Classical.choice, Quot.sound]
'Bell.SOS.bell01_certificate' depends on axioms: [propext, Classical.choice, Quot.sound]
'Bell.SOS.bell01_upper' depends on axioms: [propext, Classical.choice, Quot.sound]
'Bell.SOS.chsh_switch' depends on axioms: [propext, Classical.choice, Quot.sound]
'Bell.localTrace_apply' depends on axioms: [propext, Classical.choice, Quot.sound]
'Bell.localTrace_comm' depends on axioms: [propext, Classical.choice, Quot.sound]
'Bell.posSemidef_real_smul' depends on axioms: [propext, Classical.choice, Quot.sound]
'Bell.localTrace_nonnegative' depends on axioms: [propext, Classical.choice, Quot.sound]
'Bell.pureDensity_positive' depends on axioms: [propext, Classical.choice, Quot.sound]
'Bell.pureDensity_trace' depends on axioms: [propext, Classical.choice, Quot.sound]
'Bell.pureDensity_born' depends on axioms: [propext, Classical.choice, Quot.sound]
'Bell.Assemblage.root_hermitian' depends on axioms: [propext, Classical.choice, Quot.sound]
'Bell.Assemblage.root_square' depends on axioms: [propext, Classical.choice, Quot.sound]
'Bell.Assemblage.root_invertible' depends on axioms: [propext, Classical.choice, Quot.sound]
'Bell.Assemblage.purified_behavior' depends on axioms: [propext, Classical.choice, Quot.sound]
'Bell.Assemblage.mem_rawPOVM' depends on axioms: [propext, Classical.choice, Quot.sound]
'Bell.inverse_congruence_trace' depends on axioms: [propext, Classical.choice, Quot.sound]
'Bell.rawPVM_subset_rawPOVM' depends on axioms: [propext, Classical.choice, Quot.sound]
'Bell.convexPVM_subset_convexPOVM' depends on axioms: [propext, Classical.choice, Quot.sound]
'Bell.gram_positive' depends on axioms: [propext, Classical.choice, Quot.sound]
'Bell.joint_gram_positive' depends on axioms: [propext, Classical.choice, Quot.sound]
'Bell.strategy_has_gram_data' depends on axioms: [propext, Classical.choice, Quot.sound]
'Bell.rawPOVM_eq_gram_image' depends on axioms: [propext, Classical.choice, Quot.sound]
'Bell.rawPVM_eq_gram_image' depends on axioms: [propext, Classical.choice, Quot.sound]
'Bell.trace_gram_norms' depends on axioms: [propext, Classical.choice, Quot.sound]
'Bell.entry_norm_sq_le_trace_gram' depends on axioms: [propext, Classical.choice, Quot.sound]
'Bell.matrixBox_isCompact' depends on axioms: [propext, Classical.choice, Quot.sound]
'Bell.gramBox_isCompact' depends on axioms: [propext, Classical.choice, Quot.sound]
'Bell.gramValid_subset_box' depends on axioms: [propext, Classical.choice, Quot.sound]
'Bell.gramValid_isClosed' depends on axioms: [propext, Classical.choice, Quot.sound]
'Bell.gramProjective_isClosed' depends on axioms: [propext, Classical.choice, Quot.sound]
'Bell.gramBehavior_continuous' depends on axioms: [propext, Classical.choice, Quot.sound]
'Bell.rawPOVM_isCompact' depends on axioms: [propext, Classical.choice, Quot.sound]
'Bell.rawPVM_isCompact' depends on axioms: [propext, Classical.choice, Quot.sound]
'Bell.convexPOVM_isCompact' depends on axioms: [propext, Classical.choice, Quot.sound]
'Bell.convexPVM_isCompact' depends on axioms: [propext, Classical.choice, Quot.sound]
'Bell.convexPVM_isClosed' depends on axioms: [propext, Classical.choice, Quot.sound]
'Bell.counterexample_has_extreme_maximum' depends on axioms: [propext, Classical.choice, Quot.sound]
'Bell.QubitGeometry.pauli_isHermitian' depends on axioms: [propext, Classical.choice, Quot.sound]
'Bell.QubitGeometry.coordinates_pauli' depends on axioms: [propext, Classical.choice, Quot.sound]
'Bell.QubitGeometry.pauli_coordinates' depends on axioms: [propext, Classical.choice, Quot.sound]
'Bell.QubitGeometry.minkowski_square' depends on axioms: [propext, Classical.choice, Quot.sound]
'Bell.QubitGeometry.minkowski_transpose' depends on axioms: [propext, Classical.choice, Quot.sound]
'Bell.QubitGeometry.pauli_timeUnit' depends on axioms: [propext, Classical.choice, Quot.sound]
'Bell.QubitGeometry.lorentzPair_eq_matrixPair' depends on axioms: [propext, Classical.choice, Quot.sound]
'Bell.QubitGeometry.lorentzPair_self' depends on axioms: [propext, Classical.choice, Quot.sound]
'Bell.QubitGeometry.pauli_trace' depends on axioms: [propext, Classical.choice, Quot.sound]
'Bell.QubitGeometry.pauli_det' depends on axioms: [propext, Classical.choice, Quot.sound]
'Bell.QubitGeometry.pauli_trace_product' depends on axioms: [propext, Classical.choice, Quot.sound]
'Bell.QubitGeometry.pauli_injective' depends on axioms: [propext, Classical.choice, Quot.sound]
'Bell.QubitGeometry.qubit_psd_iff' depends on axioms: [propext, Classical.choice, Quot.sound]
'Bell.QubitGeometry.pauli_posSemidef_iff' depends on axioms: [propext, Classical.choice, Quot.sound]
'Bell.QubitGeometry.FutureNull.posSemidef' depends on axioms: [propext, Classical.choice, Quot.sound]
'Bell.QubitGeometry.FutureNull.nonzero' depends on axioms: [propext, Classical.choice, Quot.sound]
'Bell.QubitGeometry.future_time_zero' depends on axioms: [propext, Classical.choice, Quot.sound]
'Bell.QubitGeometry.future_nonzero_time' depends on axioms: [propext, Classical.choice, Quot.sound]
'Bell.QubitGeometry.posDef_of_posSemidef_det_ne_zero' depends on axioms: [propext, Classical.choice, Quot.sound]
'Bell.QubitGeometry.FutureTimelike.posDef' depends on axioms: [propext, Classical.choice, Quot.sound]
'Bell.QubitGeometry.lorentz_pair_squares' depends on axioms: [propext, Classical.choice, Quot.sound]
'Bell.QubitGeometry.future_pair_nonnegative' depends on axioms: [propext, Classical.choice, Quot.sound]
'Bell.QubitGeometry.null_pair_zero_sameRay' depends on axioms: [propext, Classical.choice, Quot.sound]
'Bell.QubitGeometry.null_pair_positive_of_distinct' depends on axioms: [propext, Classical.choice, Quot.sound]
'Bell.QubitGeometry.timelike_pair_positive' depends on axioms: [propext, Classical.choice, Quot.sound]
'Bell.Lorentz.coefficient_rays_projectively_distinct' depends on axioms: [propext, Classical.choice, Quot.sound]
'Bell.Lorentz.transformed_rays_projectively_distinct' depends on axioms: [propext, Classical.choice, Quot.sound]
'Bell.Lorentz.positive_sum_not_singleton' depends on axioms: [propext, Classical.choice, Quot.sound]
'Bell.Lorentz.rank_one_positive_stationarity_impossible' depends on axioms: [propext, Classical.choice, Quot.sound]
'Bell.Lorentz.images_on_line_sameRay' depends on axioms: [propext, Classical.choice, Quot.sound]
'Bell.Lorentz.transformed_rank_one_obstruction' depends on axioms: [propext, Classical.choice, Quot.sound]
'Bell.Lorentz.circuitSign_ne_zero' depends on axioms: [propext, Classical.choice, Quot.sound]
'Bell.Lorentz.circuitSign_squared' depends on axioms: [propext, Classical.choice, Quot.sound]
'Bell.Lorentz.signed_circuit' depends on axioms: [propext, Classical.choice, Quot.sound]
'Bell.Lorentz.circuit_kernel_sign' depends on axioms: [propext, Classical.choice, Quot.sound]
'Bell.Lorentz.baseLines_ray_multiple' depends on axioms: [propext, Classical.choice, Quot.sound]
'Bell.Lorentz.timeFunctional_unit' depends on axioms: [propext, Classical.choice, Quot.sound]
'Bell.Lorentz.timeFunctional_ray_positive' depends on axioms: [propext, Classical.choice, Quot.sound]
'Bell.Lorentz.null_base_future_multiple' depends on axioms: [propext, Classical.choice, Quot.sound]
'Bell.Lorentz.ray_assignment_injective' depends on axioms: [propext, Classical.choice, Quot.sound]
'Bell.Lorentz.permuted_circuit_coefficients' depends on axioms: [propext, Classical.choice, Quot.sound]
'Bell.Lorentz.not_three_in_binary_pair' depends on axioms: [propext, Quot.sound]
'Bell.Lorentz.circuit_scale_positive' depends on axioms: [propext, Classical.choice, Quot.sound]
'Bell.Lorentz.circuit_partition_and_scale' depends on axioms: [propext, Classical.choice, Quot.sound]
'Bell.Lorentz.binary_sum_preserved' depends on axioms: [propext, Classical.choice, Quot.sound]
'Bell.Lorentz.rank_zero_normalized_rigidity' depends on axioms: [propext, Classical.choice, Quot.sound]
'Bell.Lorentz.metricTable_eq_rankZeroTable' depends on axioms: [propext, Classical.choice, Quot.sound]
'Bell.Lorentz.metricTable_mem_convexPVM' depends on axioms: [propext, Classical.choice, Quot.sound]
'Bell.Lorentz.binaryLabelMap_injective' depends on axioms: [propext, Quot.sound]
'Bell.Lorentz.ternaryLabelMap_injective' depends on axioms: [propext, Classical.choice, Quot.sound]
'Bell.Lorentz.effectRay_binary_index' depends on axioms: [propext, Classical.choice, Quot.sound]
'Bell.Lorentz.effectRay_ternary_index' depends on axioms: [propext, Classical.choice, Quot.sound]
'Bell.Lorentz.effectRay_ternary_label' depends on axioms: [propext, Classical.choice, Quot.sound]
'Bell.Lorentz.effectRay_under_transformation' depends on axioms: [propext, Classical.choice, Quot.sound]
'Bell.Lorentz.transformedMetricTable_relabel' depends on axioms: [propext, Classical.choice, Quot.sound]
'Bell.Lorentz.rank_zero_transformed_table_mem' depends on axioms: [propext, Classical.choice, Quot.sound]
'Bell.relabelProjectiveStrategy_behavior' depends on axioms: [propext, Classical.choice, Quot.sound]
'Bell.relabel_mem_rawPVM' depends on axioms: [propext, Classical.choice, Quot.sound]
'Bell.relabel_mem_convexPVM' depends on axioms: [propext, Classical.choice, Quot.sound]
'Bell.Lorentz.frame_future_pairing' depends on axioms: [propext, Classical.choice, Quot.sound]
'Bell.Lorentz.frame_timeFunctional_positive' depends on axioms: [propext, Classical.choice, Quot.sound]
'Bell.Lorentz.no_strict_residual_maximum' depends on axioms: [propext, Classical.choice, Quot.sound]
'Bell.Lorentz.coefficient_rays_distinct' depends on axioms: [propext, Classical.choice, Quot.sound]
'Bell.Lorentz.frame_rays_distinct' depends on axioms: [propext, Classical.choice, Quot.sound]
'Bell.Lorentz.metric_normal_form' depends on axioms: [propext, Classical.choice, Quot.sound]
'Bell.Lorentz.ResidualFrames.gram_null' depends on axioms: [propext, Classical.choice, Quot.sound]
'Bell.Lorentz.ResidualFrames.gram_unit' depends on axioms: [propext, Classical.choice, Quot.sound]
'Bell.Lorentz.ResidualFrames.gram_off_diagonal_positive' depends on axioms: [propext, Classical.choice, Quot.sound]
'Bell.Lorentz.ResidualFrames.parameters_gram' depends on axioms: [propext, Classical.choice, Quot.sound]
'Bell.Lorentz.ResidualFrames.alice_transformed' depends on axioms: [propext, Classical.choice, Quot.sound]
'Bell.Lorentz.ResidualFrames.gram_transformed' depends on axioms: [propext, Classical.choice, Quot.sound]
'Bell.Lorentz.ResidualFrames.transformed_invertible' depends on axioms: [propext, Classical.choice, Quot.sound]
'Bell.Lorentz.ResidualFrames.transformed_null' depends on axioms: [propext, Classical.choice, Quot.sound]
'Bell.Lorentz.ResidualFrames.block_normalized' depends on axioms: [propext, Classical.choice, Quot.sound]
'Bell.Lorentz.ResidualFrames.feasible' depends on axioms: [propext, Classical.choice, Quot.sound]
'Bell.Lorentz.ResidualFrames.frame_positive' depends on axioms: [propext, Classical.choice, Quot.sound]
'Bell.Lorentz.ResidualFrames.not_strict_maximum' depends on axioms: [propext, Classical.choice, Quot.sound]
'Bell.effectSpan_le_of_effects' depends on axioms: [propext, Classical.choice, Quot.sound]
'Bell.effectSpan_coarsen_le' depends on axioms: [propext, Classical.choice, Quot.sound]
'Bell.effectSpan_encode' depends on axioms: [propext, Classical.choice, Quot.sound]
'Bell.measurementFrame_effectRay' depends on axioms: [propext, Classical.choice, Quot.sound]
'Bell.measurementFrame_ray' depends on axioms: [propext, Classical.choice, Quot.sound]
'Bell.measurementFrame_unit' depends on axioms: [propext, Classical.choice, Quot.sound]
'Bell.matrix_det_unit_of_surjective' depends on axioms: [propext, Classical.choice, Quot.sound]
'Bell.matrix_det_unit_of_injective' depends on axioms: [propext, Classical.choice, Quot.sound]
'Bell.measurementFrame_range' depends on axioms: [propext, Classical.choice, Quot.sound]
'Bell.paddingMap_behavior' depends on axioms: [propext, Classical.choice, Quot.sound]
'Bell.encoded_frame_invertible' depends on axioms: [propext, Classical.choice, Quot.sound]
'Bell.steered_hermitian' depends on axioms: [propext, Classical.choice, Quot.sound]
'Bell.steeringTransform_injective' depends on axioms: [propext, Classical.choice, Quot.sound]
'Bell.steeredFrame_effectRay' depends on axioms: [propext, Classical.choice, Quot.sound]
'Bell.steeredFrame_invertible' depends on axioms: [propext, Classical.choice, Quot.sound]
'Bell.encodePOVM_below_nonzero' depends on axioms: [propext, Classical.choice, Quot.sound]
'Bell.encodePOVM_null' depends on axioms: [propext, Classical.choice, Quot.sound]
'Bell.steeredFrame_unit' depends on axioms: [propext, Classical.choice, Quot.sound]
'Bell.steeredFrame_ray' depends on axioms: [propext, Classical.choice, Quot.sound]
'Bell.steering_nonzero' depends on axioms: [propext, Classical.choice, Quot.sound]
'Bell.localTrace_coordinates' depends on axioms: [propext, Classical.choice, Quot.sound]
'Bell.pure_frame_behavior' depends on axioms: [propext, Classical.choice, Quot.sound]
'Bell.physicalResidualFrames_behavior' depends on axioms: [propext, Classical.choice, Quot.sound]
'Bell.no_strict_extreme_binary_ternary' depends on axioms: [propext, Classical.choice, Quot.sound]
'Bell.SOS.rotate_three_sums' depends on axioms: [propext, Classical.choice, Quot.sound]
'Bell.SOS.gram_ldl' depends on axioms: [propext, Classical.choice, Quot.sound]
'Bell.SOS.expectation_gram_nonnegative' depends on axioms: [propext, Classical.choice, Quot.sound]
'Bell.SOS.upper_bound_of_gram' depends on axioms: [propext, Classical.choice, Quot.sound]
'Bell.SOS.pivot_positive' depends on axioms: [propext, Classical.choice, Quot.sound]
'Bell.SOS.coefficient_factorization' depends on axioms: [propext, Classical.choice, Quot.sound]
'Bell.SOS.numerator_symmetric' depends on axioms: [propext, Classical.choice, Quot.sound]
'Bell.sqrtTwo_sq' depends on axioms: [propext, Classical.choice, Quot.sound]
'Bell.sqrtTwo_pos' depends on axioms: [propext, Classical.choice, Quot.sound]
'Bell.sqrtTwo_lt_two' depends on axioms: [propext, Classical.choice, Quot.sound]
'Bell.gap_identity' depends on axioms: [propext, Classical.choice, Quot.sound]
'Bell.strict_gap' depends on axioms: [propext, Classical.choice, Quot.sound]
'Bell.le_of_square_le' depends on axioms: [propext, Classical.choice, Quot.sound]
'Bell.sqrt_deficit_one_identity' depends on axioms: [propext, Classical.choice, Quot.sound]
'Bell.sqrt_deficit_four_identity' depends on axioms: [propext, Classical.choice, Quot.sound]
'Bell.sqrt_deficit_one' depends on axioms: [propext, Classical.choice, Quot.sound]
'Bell.sqrt_deficit_four' depends on axioms: [propext, Classical.choice, Quot.sound]
'Bell.robust_square_identity' depends on axioms: [propext, Classical.choice, Quot.sound]
'Bell.robust_certificate_nonnegative' depends on axioms: [propext, Classical.choice, Quot.sound]
'Bell.robust_pair_bound' depends on axioms: [propext, Classical.choice, Quot.sound]
'Bell.complete_square' depends on axioms: [propext, Classical.choice, Quot.sound]
'Bell.global_upper_from_deficits' depends on axioms: [propext, Classical.choice, Quot.sound]
'Bell.strengthened_gt_lower' depends on axioms: [propext, Classical.choice, Quot.sound]
'Bell.strengthened_gt_upper' depends on axioms: [propext, Classical.choice, Quot.sound]
'Bell.strengthened_family_bound' depends on axioms: [propext, Classical.choice, Quot.sound]
'Bell.two_input_strategy_simulable' depends on axioms: [propext, Classical.choice, Quot.sound]
'Bell.finite_projective_simulation' depends on axioms: [propext, Classical.choice, Quot.sound]
'Bell.one_binary_party_simulation' depends on axioms: [propext, Classical.choice, Quot.sound]
'Bell.two_input_linear_bound_transfer' depends on axioms: [propext, Classical.choice, Quot.sound]
'Bell.two_input_linear_bound_iff' depends on axioms: [propext, Classical.choice, Quot.sound]
'Bell.POVM.ext_effect' depends on axioms: [propext, Classical.choice, Quot.sound]
'Bell.coarsenPOVM_comp' depends on axioms: [propext, Classical.choice, Quot.sound]
'Bell.coarsenPOVM_id' depends on axioms: [propext, Classical.choice, Quot.sound]
'Bell.coarsenPOVM_const' depends on axioms: [propext, Classical.choice, Quot.sound]
'Bell.activeSupport_nonempty' depends on axioms: [propext, Classical.choice, Quot.sound]
'Bell.encodingLabel_cast' depends on axioms: [propext, Classical.choice, Quot.sound]
'Bell.encodePOVM_cast' depends on axioms: [propext, Classical.choice, Quot.sound]
'Bell.encodePOVM_above' depends on axioms: [propext, Classical.choice, Quot.sound]
'Bell.encoding_coarsens' depends on axioms: [propext, Classical.choice, Quot.sound]
'Bell.encodePOVM_effect_cases' depends on axioms: [propext, Classical.choice, Quot.sound]
'Bell.deterministic_alice_local' depends on axioms: [propext, Classical.choice, Quot.sound]
'Bell.deterministic_bob_local' depends on axioms: [propext, Classical.choice, Quot.sound]
'Bell.gram_rows_density' depends on axioms: [propext, Classical.choice, Quot.sound]
'Bell.State.amplitudes_density' depends on axioms: [propext, Classical.choice, Quot.sound]
'Bell.State.steer_positive' depends on axioms: [propext, Classical.choice, Quot.sound]
'Bell.State.steer_sum' depends on axioms: [propext, Classical.choice, Quot.sound]
'Bell.State.reduced_positive' depends on axioms: [propext, Classical.choice, Quot.sound]
'Bell.State.reduced_normalized' depends on axioms: [propext, Classical.choice, Quot.sound]
'Bell.State.born_steer' depends on axioms: [propext, Classical.choice, Quot.sound]
'Bell.Strategy.toAssemblage_behavior' depends on axioms: [propext, Classical.choice, Quot.sound]
'Bell.full_pure_of_not_mem_convexPVM' depends on axioms: [propext, Classical.choice, Quot.sound]
'Bell.full_pure_marginal_positive' depends on axioms: [propext, Classical.choice, Quot.sound]
'Bell.StrategyMap.strategy_behavior' depends on axioms: [propext, Classical.choice, Quot.sound]
'Bell.StrategyMap.mem_rawPOVM' depends on axioms: [propext, Classical.choice, Quot.sound]
'Bell.StrategyMap.mem_rawPVM' depends on axioms: [propext, Classical.choice, Quot.sound]
'Bell.StrategyMap.mem_convexPVM' depends on axioms: [propext, Classical.choice, Quot.sound]
'Bell.swap_born' depends on axioms: [propext, Classical.choice, Quot.sound]
'Bell.swapStrategy_behavior' depends on axioms: [propext, Classical.choice, Quot.sound]
'Bell.swap_mem_convexPVM' depends on axioms: [propext, Classical.choice, Quot.sound]
'Bell.swap_mem_convexPOVM' depends on axioms: [propext, Classical.choice, Quot.sound]
'Bell.swap_extreme' depends on axioms: [propext, Classical.choice, Quot.sound]
'Bell.FullPureStrategy.swap_behavior' depends on axioms: [propext, Classical.choice, Quot.sound]
'Bell.Strengthened.q_sq' depends on axioms: [propext, Classical.choice, Quot.sound]
'Bell.Strengthened.q_pos' depends on axioms: [propext, Classical.choice, Quot.sound]
'Bell.Strengthened.q_gt_one' depends on axioms: [propext, Classical.choice, Quot.sound]
'Bell.Strengthened.a_pos' depends on axioms: [propext, Classical.choice, Quot.sound]
'Bell.Strengthened.b_pos' depends on axioms: [propext, Classical.choice, Quot.sound]
'Bell.Strengthened.a_sq' depends on axioms: [propext, Classical.choice, Quot.sound]
'Bell.Strengthened.b_sq' depends on axioms: [propext, Classical.choice, Quot.sound]
'Bell.Strengthened.scaled_a_sq' depends on axioms: [propext, Classical.choice, Quot.sound]
'Bell.Strengthened.scaled_b_sq' depends on axioms: [propext, Classical.choice, Quot.sound]
'Bell.Strengthened.state_norm' depends on axioms: [propext, Classical.choice, Quot.sound]
'Bell.Strengthened.k_a' depends on axioms: [propext, Classical.choice, Quot.sound]
'Bell.Strengthened.k_sq_lt_one' depends on axioms: [propext, Classical.choice, Quot.sound]
'Bell.Strengthened.q_product_sq' depends on axioms: [propext, Classical.choice, Quot.sound]
'Bell.Strengthened.observable_norm' depends on axioms: [propext, Classical.choice, Quot.sound]
'Bell.Strengthened.auxiliary_positive' depends on axioms: [propext, Classical.choice, Quot.sound]
'Bell.Strengthened.alice_positive' depends on axioms: [propext, Classical.choice, Quot.sound]
'Bell.Strengthened.alice_normalized' depends on axioms: [propext, Classical.choice, Quot.sound]
'Bell.Strengthened.bob_positive' depends on axioms: [propext, Classical.choice, Quot.sound]
'Bell.Strengthened.bob_normalized' depends on axioms: [propext, Classical.choice, Quot.sound]
'Bell.Strengthened.coefficient_normalized' depends on axioms: [propext, Classical.choice, Quot.sound]
'Bell.Strengthened.parameter_score' depends on axioms: [propext, Classical.choice, Quot.sound]
'Bell.Strengthened.auxiliary_value' depends on axioms: [propext, Classical.choice, Quot.sound]
'Bell.Strengthened.locking_value' depends on axioms: [propext, Classical.choice, Quot.sound]
'Bell.Strengthened.value' depends on axioms: [propext, Classical.choice, Quot.sound]
'Bell.strengthened_attainment' depends on axioms: [propext, Classical.choice, Quot.sound]
'Bell.bellScore_add' depends on axioms: [propext, Classical.choice, Quot.sound]
'Bell.bellScore_smul' depends on axioms: [propext, Classical.choice, Quot.sound]
'Bell.convex_projective_bound_of_raw' depends on axioms: [propext, Classical.choice, Quot.sound]
'Bell.three_by_two_separation_of_projective_upper_bound' depends on axioms: [propext, Classical.choice, Quot.sound]
'Bell.no_strict_separation_of_equal_hulls' depends on axioms: [propext, Classical.choice, Quot.sound]
'Bell.minimum_inputs_of_equality_theorems' depends on axioms: [propext, Classical.choice, Quot.sound]
'Bell.main_claims_of_missing_theorems' depends on axioms: [propext, Classical.choice, Quot.sound]
'Bell.Transport.three_intervals' depends on axioms: [propext, Classical.choice, Quot.sound]
'Bell.Transport.exists_capacity_transport' depends on axioms: [propext, Classical.choice, Quot.sound]
'Bell.Transport.capacity_representation' depends on axioms: [propext, Classical.choice, Quot.sound]
'Bell.Transport.exists_transport' depends on axioms: [propext, Classical.choice, Quot.sound]
'Bell.Transport.Certificate.complement_nonnegative' depends on axioms: [propext, Classical.choice, Quot.sound]
'Bell.Transport.Certificate.diagonal_zero' depends on axioms: [propext, Classical.choice, Quot.sound]
'Bell.Transport.Certificate.complement_row' depends on axioms: [propext, Classical.choice, Quot.sound]
'Bell.Transport.Certificate.complement_column' depends on axioms: [propext, Classical.choice, Quot.sound]
'Bell.Transport.Certificate.mass_first' depends on axioms: [propext, Classical.choice, Quot.sound]
'Bell.Transport.Certificate.mass_second' depends on axioms: [propext, Classical.choice, Quot.sound]
'Bell.Transport.Certificate.total_branch_mass' depends on axioms: [propext, Classical.choice, Quot.sound]
'Bell.Transport.Certificate.ternary_block' depends on axioms: [propext, Classical.choice, Quot.sound]
'Bell.Transport.Certificate.mixed_blocks' depends on axioms: [propext, Classical.choice, Quot.sound]
'Bell.Lorentz.rankOneEndomorphism_apply' depends on axioms: [propext, Classical.choice, Quot.sound]
'Bell.Lorentz.dot_ray_basis' depends on axioms: [propext, Classical.choice, Quot.sound]
'Bell.Lorentz.positive_weighted_ray_squares' depends on axioms: [propext, Classical.choice, Quot.sound]
'Bell.Lorentz.secondForm_rankOne' depends on axioms: [propext, Classical.choice, Quot.sound]
'Bell.Lorentz.nonzero_kernel_of_three_constraints' depends on axioms: [propext, Classical.choice, Quot.sound]
'Bell.Lorentz.compatibilityMap_apply' depends on axioms: [propext, Classical.choice, Quot.sound]
'Bell.Lorentz.compatibility_rankOne' depends on axioms: [propext, Classical.choice, Quot.sound]
'Bell.Lorentz.uphill_of_three_compatibilities' depends on axioms: [propext, Classical.choice, Quot.sound]
'Bell.Lorentz.compatibility_sum' depends on axioms: [propext, Classical.choice, Quot.sound]
'Bell.Lorentz.compatibility_add_identity' depends on axioms: [propext, Classical.choice, Quot.sound]
'Bell.Lorentz.secondForm_add_identity' depends on axioms: [propext, Classical.choice, Quot.sound]
'Bell.Lorentz.normalized_uphill_of_three_compatibilities' depends on axioms: [propext, Classical.choice, Quot.sound]
'Bell.polarEffect_hermitian' depends on axioms: [propext, Classical.choice, Quot.sound]
'Bell.polarEffect_idempotent' depends on axioms: [propext, Classical.choice, Quot.sound]
'Bell.polarEffect_positive' depends on axioms: [propext, Classical.choice, Quot.sound]
'Bell.polarEffect_complement' depends on axioms: [propext, Classical.choice, Quot.sound]
'Bell.halfRoot_sq' depends on axioms: [propext, Classical.choice, Quot.sound]
'Bell.aux0_gram' depends on axioms: [propext, Classical.choice, Quot.sound]
'Bell.aux1_gram' depends on axioms: [propext, Classical.choice, Quot.sound]
'Bell.aux2_gram' depends on axioms: [propext, Classical.choice, Quot.sound]
'Bell.aux0_positive' depends on axioms: [propext, Classical.choice, Quot.sound]
'Bell.aux1_positive' depends on axioms: [propext, Classical.choice, Quot.sound]
'Bell.aux2_positive' depends on axioms: [propext, Classical.choice, Quot.sound]
'Bell.auxiliary_normalized' depends on axioms: [propext, Classical.choice, Quot.sound]
'Bell.auxiliary_not_projective' depends on axioms: [propext, Classical.choice, Quot.sound]
'Bell.phi_gram' depends on axioms: [propext, Classical.choice, Quot.sound]
'Bell.phi_positive' depends on axioms: [propext, Classical.choice, Quot.sound]
'Bell.phi_normalized' depends on axioms: [propext, Classical.choice, Quot.sound]
'Bell.phi_trace_tensor' depends on axioms: [propext, Classical.choice, Quot.sound]
'Bell.alice_positive' depends on axioms: [propext, Classical.choice, Quot.sound]
'Bell.bob_positive' depends on axioms: [propext, Classical.choice, Quot.sound]
'Bell.alice_normalized' depends on axioms: [propext, Classical.choice, Quot.sound]
'Bell.bob_normalized' depends on axioms: [propext, Classical.choice, Quot.sound]
'Bell.witness_mem_raw' depends on axioms: [propext, Classical.choice, Quot.sound]
'Bell.witness_mem_convex' depends on axioms: [propext, Classical.choice, Quot.sound]
'Bell.witness_auxiliary_probabilities' depends on axioms: [propext, Classical.choice, Quot.sound]
'Bell.witness_correlations' depends on axioms: [propext, Classical.choice, Quot.sound]
'Bell.witness_value' depends on axioms: [propext, Classical.choice, Quot.sound]
'Bell.physical_povm_value_above_numeric_upper' depends on axioms: [propext, Classical.choice, Quot.sound]
