{
  "started_utc": "2026-09-23T15:17:46.414418+00:00",
  "checks": [
    "H has 120 determinant-one matrices",
    "triangle relations",
    "unique involution",
    "explicit SL2(5) bijection from printed generators",
    "all SL2(5) homomorphism products",
    "explicit quotient map to order-60 permutation group",
    "quotient map multiplicativity and kernel Z",
    "R2/R3 printed word identities",
    "R witness membership and squares",
    "pair subgroup orders 8,12,20",
    "pair product orders 4,3,10",
    "H independence and exact Z intersection",
    "complete subgroup-adjoining search finds 76 subgroups",
    "all four-family and faithful three-family exclusions",
    "normal subgroups of H have orders 1,2,120",
    "pair core equals Z",
    "pair core equals Z",
    "pair core equals Z",
    "line stabilizer cyclic order 4",
    "line stabilizer cyclic order 4",
    "line stabilizer cyclic order 4",
    "line stabilizer cyclic order 4",
    "line stabilizer cyclic order 4",
    "line stabilizer cyclic order 4",
    "line stabilizer cyclic order 4",
    "line stabilizer cyclic order 4",
    "line stabilizer cyclic order 4",
    "line stabilizer cyclic order 4",
    "line stabilizer cyclic order 4",
    "line stabilizer cyclic order 4",
    "line stabilizer cyclic order 4",
    "line stabilizer cyclic order 4",
    "line stabilizer cyclic order 4",
    "line stabilizer cyclic order 4",
    "line stabilizer cyclic order 4",
    "line stabilizer cyclic order 4",
    "line stabilizer cyclic order 4",
    "line stabilizer cyclic order 4",
    "line stabilizer cyclic order 4",
    "line stabilizer cyclic order 4",
    "line stabilizer cyclic order 4",
    "line stabilizer cyclic order 4",
    "line stabilizer cyclic order 4",
    "line stabilizer cyclic order 4",
    "line stabilizer cyclic order 4",
    "line stabilizer cyclic order 4",
    "line stabilizer cyclic order 4",
    "line stabilizer cyclic order 4",
    "all three pair groups irreducible",
    "full affine group generation",
    "affine independent four-set and omission orders",
    "four omission intersection exactly Z0",
    "explicit nonnormality conjugate",
    "faithful affine three-family orders and intersection",
    "exact pairwise affine intersections",
    "characteristic-11 complement and C",
    "characteristic-11 total intersection",
    "characteristic-11 deletion orders"
  ],
  "finished_utc": "2026-09-23T15:17:47.152301+00:00",
  "elapsed_seconds": 0.738,
  "H_order": 120,
  "subgroup_order_distribution": {
    "1": 1,
    "2": 1,
    "3": 10,
    "4": 15,
    "5": 6,
    "6": 10,
    "8": 5,
    "10": 6,
    "12": 10,
    "20": 6,
    "24": 5,
    "120": 1
  },
  "four_families": 1215450,
  "irredundant_four_families": 0,
  "three_families": 67525,
  "faithful_irredundant_three_families": 0,
  "affine_order": 100920,
  "omission_orders": [
    120,
    6728,
    10092,
    16820
  ],
  "source_sha256": "2c74f1291c165dbefe72ebddda0b0a47784b8202811b162cc4496d59acd04af4",
  "pdf_sha256": "6225ed0ba605c1014c0e5e4954d97011f33eb8fa4c2b6243e4d071d5d82122df",
  "status": "PASS"
}
