{
  "status": "PASS",
  "necklace_reduced_sets": [
    [
      2,
      4
    ],
    [
      3,
      4
    ],
    [
      1,
      4
    ],
    [
      1,
      5
    ],
    [
      1,
      2
    ]
  ],
  "epsilon": [
    1,
    1,
    -1,
    -1,
    1
  ],
  "exact_generic_gamma_samples": 540,
  "symbolic_boundary_inverse": "PASS",
  "product_face_points_checked": 49,
  "product_face_points_do_not_certify_source_strata": true,
  "strand_counts": {
    "2": {},
    "3": {
      "2": 1
    },
    "4": {
      "2": 1,
      "3": 1
    },
    "5": {
      "2": 1,
      "3": 11,
      "4": 1
    },
    "6": {
      "2": 1,
      "3": 36,
      "4": 36,
      "5": 1
    },
    "7": {
      "2": 1,
      "3": 92,
      "4": 358,
      "5": 92,
      "6": 1
    },
    "8": {
      "2": 1,
      "3": 211,
      "4": 2017,
      "5": 2017,
      "6": 211,
      "7": 1
    }
  },
  "bowtie_crossings": [
    [
      1,
      2
    ],
    [
      1,
      3
    ],
    [
      2,
      3
    ],
    [
      2,
      4
    ],
    [
      2,
      5
    ],
    [
      4,
      5
    ]
  ],
  "exceptional_admissible_gamma_rank": 2
}
