codimension 1 nested/disjoint candidates 37 exact faces 37
codimension 2 nested/disjoint candidates 189 exact faces 189
codimension 3 nested/disjoint candidates 304 exact faces 304
codimension 4 nested/disjoint candidates 152 exact faces 152
{
  "crossings": [
    [
      1,
      2
    ],
    [
      1,
      3
    ],
    [
      2,
      3
    ],
    [
      2,
      4
    ],
    [
      2,
      5
    ],
    [
      4,
      5
    ]
  ],
  "tube_counts": {
    "2": 6,
    "3": 10,
    "4": 12,
    "5": 9
  },
  "tube_count": 37,
  "tube_set_matches_original": true,
  "max_tube_span": 7,
  "residue_minimum_shift_matrix": [
    [
      0,
      0,
      0,
      0,
      0
    ],
    [
      1,
      0,
      0,
      0,
      0
    ],
    [
      1,
      1,
      0,
      1,
      1
    ],
    [
      2,
      1,
      1,
      0,
      0
    ],
    [
      2,
      1,
      1,
      1,
      0
    ]
  ],
  "nested_disjoint_candidate_counts": {
    "1": 37,
    "2": 189,
    "3": 304,
    "4": 152
  },
  "exact_codimension_counts": {
    "0": 1,
    "1": 37,
    "2": 189,
    "3": 304,
    "4": 152
  },
  "window_exact_differences": [],
  "original_exact_face_sets_match": true,
  "original_image_label_errors": [],
  "exact_product_face_type_count": 49
}
