{
  "id": 2912,
  "problem_number": "KP-4.36",
  "title": "Kirby Problem 4.36",
  "statement": "Are homotopy types of 2-knot complements determined by their homotopy 2-types?",
  "background": "Source: Kirby's Problems in Low-Dimensional Topology notes. Original problem number: KP-4.36.\n\nLiterature notes:\n(1) The homotopy 2-type of a topological space X is a triple $(\\pi_{1}(X), \\pi_{2}(X)$, k(X)), where $k(X) \\in H^{3}(\\pi_{1}(X);\\pi_{2}(X))$ is the first k-invariant of X [MW50]. Martins [Mar09] gave an algorithm to compute the homotopy 2-type of a 2-knot complement. Lomonaco [Lom81] proved that if the third homology group of the universal cover of a knot complement is trivial (quasi-aspherical),then the homotopy 2-type determines the homotopy type of a 2-knot complement. However, not every 2-knot complement is quasi-aspherical [Rat81].\n\n(2) Note that 2-knots are not even determined by the homeomorphism type of their exterior, since Gordon [Gor76] showed that there exist twistspun knots K that are not equivalent to the knots K* arising from Gluck twisting.\n\n(3) Compare this question to Problem 4.55, which asks whether the homotopy type of a 4-manifold with finite fundamental group is determined by its quadratic 2-type, which includes the additional data of the equivariant intersection form. The fundamental groups of 2-knot complements are of course infinite, but not yet completely classified (see Problem 4.35).\n\nReferences cited:\n- [MW50] Saunders MacLane and J. H. C. Whitehead. On the 3-type of a complex. Proc. Nat. Acad. Sci. U.S.A., 36:41\u201348, 1950. doi:10.1073/pnas.36.1.41.\n- [Mar09] Jo\u00e3o Faria Martins. The fundamental crossed module of the complement of a knotted surface. Trans. Amer. Math. Soc., 361(9):4593\u20134630, 2009. doi:10.1090/S0002-9947-09-04576-0.\n- [Lom81] S. J. Lomonaco, Jr. The homotopy groups of knots. I. How to compute the algebraic 2-type. Pacific J. Math., 95(2):349\u2013390, 1981. http://projecteuclid.org/euclid.pjm/1102735075.\n- [Rat81] John G. Ratcliffe. On the ends of higher-dimensional knot groups. J. Pure Appl. Algebra, 20(3):317\u2013324, 1981. doi:10.1016/0022-4049(81)90066-9.\n- [Gor76] C. McA. Gordon. Knots in the 4-sphere. Comment. Math. Helv., 51(4):585\u2013596, 1976. doi:10.1007/BF02568175.\n\n<!-- LITERATURE-TRIAGE:BEGIN -->\n## Literature review (checked 2026-08-17)\n\n**Status:** partially_solved  \n**Classification:** PARTIAL-PROGRESS\n\n**Current literature assessment.** The homotopy 2-type determines a quasi-aspherical 2-knot complement, and the 2-type can be computed diagrammatically, but not all complements are quasi-aspherical and the general completeness question remains open.\n\n**Verified partial progress.**\n\n- Lomonaco proves the result for quasi-aspherical complements, in the relevant formulation when the universal cover has vanishing third homology.\n- Ratcliffe exhibits 2-knot complements outside the quasi-aspherical class.\n- Martins gives an algorithmic construction of the complement's homotopy 2-type from a knotted-surface diagram.\n\n**Full solution or refutation.**\n\nThe invariant is complete on an important subclass and effectively computable, but no completeness theorem or counterexample is known for arbitrary 2-knot complements in the checked sources.\n\n**What remains.**\n\nResolve the non-quasi-aspherical case, either by proving completeness or finding equal 2-types with distinct higher homotopy types.\n\n**Sources checked.**\n\n- Kirby et al., Problems in Low-Dimensional Topology, third-edition survey, Problem KP-4.36 (2026). (authoritative_secondary): https://math.berkeley.edu/sites/default/files/surv-295-ruberman-watermarked-author-pdf.pdf\n  Evidence used: Records the quasi-aspherical theorem, counterexamples to universal quasi-asphericity, and the open general case.\n- Jo\u00e3o Faria Martins, The fundamental crossed module of the complement of a knotted surface, Transactions of the American Mathematical Society 361 (2009), 4593--4630. (primary): https://doi.org/10.1090/S0002-9947-09-04576-0\n  Evidence used: Makes the homotopy 2-type computable from diagrammatic data.\n- S. J. Lomonaco Jr., The homotopy groups of knots. I. How to compute the algebraic 2-type, Pacific Journal of Mathematics 95 (1981). (primary): https://projecteuclid.org/journals/pacific-journal-of-mathematics/volume-95/issue-2/The-homotopy-groups-of-knots-I-How-to-compute/pjm/1102736679.full\n  Evidence used: Provides the quasi-aspherical homotopy-type result underlying the known special case.\n\n**Review notes.** The input has mismatched punctuation in the explanatory tuple and quasi-aspherical sentence; the intended tuple (pi1, pi2, k) is clear.\n\nThis is a dated literature triage; an open classification is not proof that no later or unindexed result exists.\n<!-- LITERATURE-TRIAGE:END -->",
  "difficulty_level_id": 3,
  "status": "open",
  "category_id": 7,
  "set_id": 11,
  "view_count": 0,
  "favorite_count": 0,
  "created_at": "2026-05-13T00:00:00Z",
  "updated_at": "2026-05-13T00:00:00Z",
  "published": true,
  "category": {
    "id": 7,
    "name": "topology",
    "display_name": "Topology",
    "description": "Properties preserved under continuous deformations.",
    "slug": "topology",
    "order_index": 7,
    "created_at": "2026-07-31T15:26:25.671Z"
  },
  "difficulty": {
    "id": 3,
    "level": 3,
    "name": "L3: Advanced",
    "description": "Difficult problems requiring specialized knowledge and sophisticated techniques.",
    "color_class": "text-yellow-600 bg-yellow-50 border-yellow-200"
  },
  "set": {
    "id": 11,
    "name": "kirby_low_dimensional_topology",
    "display_name": "Kirby's Problems in Low-Dimensional Topology",
    "description": "Problems from Kirby-style notes on low-dimensional topology, including knot theory, 3-manifolds, 4-manifolds, and related invariants.",
    "slug": "kirby-low-dimensional-topology",
    "order_index": 11,
    "created_at": "2026-07-31T15:26:25.671Z"
  }
}
