[
  {
    "cache_filename": "erdos-resenhas-1995.pdf",
    "url": "https://www.ime.usp.br/~yoshi/resenhas/abstracts/Erdos.pdf",
    "description": "Complete author manuscript of 1995 Resenhas article; own pagination",
    "sha256": "a4c59e58e15fc7fa6d84a52da523e639b81697e61fc1095294690268b15708ce",
    "bytes": 190123
  },
  {
    "cache_filename": "janzer-et-al-2025.pdf",
    "url": "https://arxiv.org/pdf/2411.07188",
    "description": "Actually arXiv v1, 11 November 2024; filename records later publication year only",
    "sha256": "53426e6bd5df5b4eba401c3dc342bd62776932601fd37e3c524918269a8b6da2",
    "bytes": 269349
  },
  {
    "cache_filename": "csizmadia-record.json",
    "url": "https://m2.mtmt.hu/api/publication/167371",
    "description": "Bibliographical record, not full paper",
    "sha256": "9ebcf5e84ad46f6eae351635d99849b1d38100301652e4949adefbc7c894eba3",
    "bytes": 19093
  }
]
