{
  "clean_full_replay": {
    "layers": 41,
    "maximum_resident_set_size_bytes": 2617720832,
    "peak_memory_footprint_bytes": 507249432,
    "report_sha256": "5a5f62104bea1e88d725aa3cee0441c369d53905f71fe30bc20de82f4eadb35e",
    "status": "PASS",
    "telemetry_sha256": "200b8f18dcd01c2f9fc4f3013b6963b3b8e8083b1acb6a591e28c6e42f7695e3",
    "wall_seconds": 5880.83
  },
  "findings": [],
  "frozen_counts": {
    "cycle": 13440,
    "probe": 574535,
    "raw4": 405216,
    "restoration": 2540,
    "theta2": 2946240
  },
  "frozen_release_sha256": "30132af1b10f7aba6d49ababf14551f9f914a19dc6a0638517761b6b85cf4c8d",
  "new_exact_evidence": {
    "canonicalizer_primitive_archetypes": 10084,
    "canonicalizer_strict_relation_presentations": 4012,
    "probe_parameter_transports": 67741,
    "probe_restriction_occurrences": 71022,
    "quartet_formula_transports": 288,
    "quartet_terminal_certificate_ids": 888,
    "quartet_terminal_rows": 4414710,
    "restoration_restriction_occurrences": 5540
  },
  "payload_sha256": "7fbb73104b5868e0ce786129575f5e054b2ce1f7967c47d7042586d01ec6a0ed",
  "printed_authority_hash_binding": {
    "frozen_anchor_rows": 18,
    "metadata_rows": 8,
    "rows": [
      {
        "kind": "authority",
        "line": 696,
        "path": "work/raw_ledger_audit/artifacts/raw_ledger_summary.json",
        "presentation": "metadata",
        "sha256": "82cab09acb54ac0caac7721acebc84285fef8a2ae166e1808c31e9bdad1f7a79"
      },
      {
        "kind": "authority",
        "line": 706,
        "path": "work/rank_upper_certificates/rank_upper_coverage.json",
        "presentation": "metadata",
        "sha256": "c52c5730494eb894360c17b6e54ae5c260fca3cddb8702d5c796750c7df874bc"
      },
      {
        "kind": "reader derivative",
        "line": 720,
        "path": "proof_compression_submission/templates/PRINTED_CERTIFICATE_APPENDIX.json",
        "presentation": "metadata",
        "sha256": "facfeb75b1a15958f0e665479b3aa2bf4c8b011c5a79622910ef8bf9f52a9900"
      },
      {
        "kind": "authority",
        "line": 728,
        "path": "work/restoration_sign_reclassification/corrected_restoration_forest.json",
        "presentation": "metadata",
        "sha256": "bcf91bf433c71056d1e27871dd15fe532f9ae1cc4ad79eb2373eae57071ee427"
      },
      {
        "kind": "authority",
        "line": 735,
        "path": "work/probe_coherence_corrected/probe_coherence_certificate.json",
        "presentation": "metadata",
        "sha256": "53d1ac1e6a14637f547c031a6e8031d3d3cc49630518f31339813031089e0bfc"
      },
      {
        "kind": "authority",
        "line": 742,
        "path": "proof_compression_submission/analysis/WEAK_SHARPNESS_COLUMN_CROSSWALK.json",
        "presentation": "metadata",
        "sha256": "c3b302c37744fa33834c75ca5b22da9d374d5def4f1e6f4650e3b2b3b4166437"
      },
      {
        "kind": "authority",
        "line": 749,
        "path": "work/final_theorem_release/full_map_reseal_audit.json",
        "presentation": "metadata",
        "sha256": "945c957f0b73ab01d9c5bd6942ccb881f86e22fc47d8e4cc1fff5da8f4a64f40"
      },
      {
        "kind": "authority",
        "line": 754,
        "path": "work/final_theorem_release/composite_reseal_diff_audit.json",
        "presentation": "metadata",
        "sha256": "96e30bae42939fa50dd585ba900bc5bd45e5eb122334de86c34654004212db4c"
      },
      {
        "label": "unified release lock",
        "line": 774,
        "path": "work/final_theorem_release/RELEASE_LOCK.json",
        "presentation": "frozen-anchor",
        "sha256": "30132af1b10f7aba6d49ababf14551f9f914a19dc6a0638517761b6b85cf4c8d"
      },
      {
        "label": "raw-four composite ledger",
        "line": 776,
        "path": "work/corrected_composite_ledgers/artifacts/raw4_corrected_composite_ledger.jsonl.gz",
        "presentation": "frozen-anchor",
        "sha256": "c6cd9d6b5b09371565fd3e58ff9ab3cd7266b6231b153d43f9d1e886af8eae27"
      },
      {
        "label": "raw-four independent replay",
        "line": 778,
        "path": "work/corrected_composite_ledgers/artifacts/raw4_corrected_composite_independent_replay.json",
        "presentation": "frozen-anchor",
        "sha256": "1a4ac5c5ab5f86228f9e59c62a9021547907a9d6238e1171a7074f49506a8c66"
      },
      {
        "label": "raw-four terminal registry",
        "line": 780,
        "path": "work/raw4_sign_reclassification/raw4_corrected_terminal_ledger.json",
        "presentation": "frozen-anchor",
        "sha256": "d7b52d28f3d85db8f63bafa984f6341d8e11487298e7d3c9216edffe586306fa"
      },
      {
        "label": "raw-four mutation report",
        "line": 782,
        "path": "work/corrected_composite_ledgers/artifacts/raw4_corrected_composite_mutations.json",
        "presentation": "frozen-anchor",
        "sha256": "db6d4e6c8986db20ca623724981d2d4f39f6ff0ccf5d70e708190c1e09a86d4a"
      },
      {
        "label": "five-port \\(\\theta_2\\) composite ledger",
        "line": 784,
        "path": "work/corrected_composite_ledgers/artifacts/theta2_corrected_composite_ledger.jsonl.gz",
        "presentation": "frozen-anchor",
        "sha256": "805fc7f5a3de9dad2c63a210208075cf19910cf811ffd08878f32782ce71b659"
      },
      {
        "label": "five-port independent replay",
        "line": 786,
        "path": "work/corrected_composite_ledgers/artifacts/theta2_corrected_composite_independent_replay.json",
        "presentation": "frozen-anchor",
        "sha256": "dd02a752b2ce41628039d2f6da6fdab77f2a8ffd73b8cd80e2968790dbbf3150"
      },
      {
        "label": "five-port mutation report",
        "line": 788,
        "path": "work/corrected_composite_ledgers/artifacts/theta2_corrected_composite_mutations.json",
        "presentation": "frozen-anchor",
        "sha256": "ec2c6ec092539048b4e7ab9d9cfea01caa985d0f35cae74ca56732dc4cfe4c84"
      },
      {
        "label": "full-map certificate reseal audit",
        "line": 790,
        "path": "work/final_theorem_release/full_map_reseal_audit.json",
        "presentation": "frozen-anchor",
        "sha256": "945c957f0b73ab01d9c5bd6942ccb881f86e22fc47d8e4cc1fff5da8f4a64f40"
      },
      {
        "label": "composite reseal differential audit",
        "line": 792,
        "path": "work/final_theorem_release/composite_reseal_diff_audit.json",
        "presentation": "frozen-anchor",
        "sha256": "96e30bae42939fa50dd585ba900bc5bd45e5eb122334de86c34654004212db4c"
      },
      {
        "label": "corrected 997-parent forest",
        "line": 794,
        "path": "work/restoration_sign_reclassification/corrected_restoration_forest.json",
        "presentation": "frozen-anchor",
        "sha256": "bcf91bf433c71056d1e27871dd15fe532f9ae1cc4ad79eb2373eae57071ee427"
      },
      {
        "label": "restoration independent replay",
        "line": 796,
        "path": "work/restoration_sign_reclassification/corrected_restoration_replay_certificate.json",
        "presentation": "frozen-anchor",
        "sha256": "42be6b0c4d85aa58b336caebbdefd10a0af0ce4234a0482e65c7b5a68d1e6430"
      },
      {
        "label": "probe input contract",
        "line": 798,
        "path": "work/adversarial_proof_review/probe_input_contract.json",
        "presentation": "frozen-anchor",
        "sha256": "71d8596c5e0fa5804f5a1d938423ba9802f4d11783ef0e9d0f45a0453f0aff22"
      },
      {
        "label": "full probe primary",
        "line": 800,
        "path": "work/probe_coherence_corrected/probe_coherence_certificate.json",
        "presentation": "frozen-anchor",
        "sha256": "53d1ac1e6a14637f547c031a6e8031d3d3cc49630518f31339813031089e0bfc"
      },
      {
        "label": "full probe independent graph audit",
        "line": 802,
        "path": "work/global_proof_adversary/probe_full_audit/independent_probe_graph_audit_certificate.json",
        "presentation": "frozen-anchor",
        "sha256": "74cd1dfb4d6c38dfe73b8bb3c76d29b22eb5f8ab8ca80a9d56bc376ec5d0fa0d"
      },
      {
        "label": "full probe adversarial mutation report",
        "line": 804,
        "path": "work/global_proof_adversary/probe_full_audit/independent_probe_mutation_report.json",
        "presentation": "frozen-anchor",
        "sha256": "70fd78df07220d7ab27ba477ed584f3ba1c5cc45a96cd4d4ffdb5d1a34b1325a"
      },
      {
        "label": "weak-sharpness primary",
        "line": 806,
        "path": "work/weak_sharpness_closure/weak_sharpness_certificate.json",
        "presentation": "frozen-anchor",
        "sha256": "e66c78a0aeab990b4dc448f4f064b37e1e15ecbff75a5f472bf116d4464378bd"
      },
      {
        "label": "weak-sharpness independent audit",
        "line": 808,
        "path": "work/weak_sharpness_audit/audit_certificate.json",
        "presentation": "frozen-anchor",
        "sha256": "cfd8d3a2ebc7431d141cac6ebe943e25730eb086fbc84b52833a40bee40a5d52"
      }
    ],
    "rows_checked": 26,
    "status": "PASS"
  },
  "schema": "k2p-submission-article-static-audit-v3",
  "source_sha256": {
    "analysis/WEAK_SHARPNESS_COLUMN_CROSSWALK.json": "c3b302c37744fa33834c75ca5b22da9d374d5def4f1e6f4650e3b2b3b4166437",
    "article/main.tex": "d1344711d3d85ce5936574ccf54bcfbea1bf4164a0d2b6f5d25d5ecb483991bb",
    "article/references.bib": "781dd3503c00d9bbd9c1a7d551786fc4be393e883f7ac4c0b0fd712943a9e5c6",
    "supplement/certificate_appendix.tex": "936e8d1879acd224affb053489a618dcfe8d7a7a2a5500bc8f0f85dd1b16794d",
    "supplement/compression_tables.tex": "22ff0534b79cf226c9041703ab9d87ab123914bbb55ec1d44c84041a8616be81",
    "supplement/supplement.tex": "e0fe9e08c923a2946c282a3b19aa66c4c6aaa52e762639977024f538295de455",
    "templates/PRINTED_CERTIFICATE_APPENDIX.json": "facfeb75b1a15958f0e665479b3aa2bf4c8b011c5a79622910ef8bf9f52a9900"
  },
  "status": "PASS",
  "submission_metadata": {
    "author_contributions": "approved sole-author contribution statement",
    "code_license": "MIT",
    "competing_interests": "The author declares no competing interests.",
    "corresponding_email": "me@aleckriebel.com",
    "doi": null,
    "external_release_actions_performed": false,
    "funding": "No specific funding supported this work.",
    "paper_and_data_license": "CC BY 4.0",
    "versioned_annotated_source_tag": "k2p-same-biorxiv-v1.0.3"
  }
}
