{
  "status": "PASS",
  "mode": "full",
  "payload_files_checked": 68,
  "submitted_files_checked": 16,
  "runs": [
    {
      "name": "signed_public",
      "exit_code": 0,
      "stdout_bytes": 946,
      "stdout_sha256": "5c6e5ebbedffd0210829254cd6bda1247ddf5e634f679dee1fea1dc63bccba4c",
      "whole_expected_stdout_equal": true
    },
    {
      "name": "word_public",
      "exit_code": 0,
      "stdout_bytes": 1103,
      "stdout_sha256": "791d0cc61198ef22c9baebd3158d267d7ad1a968a86cb89bb7685cf14d8d40c3",
      "whole_expected_stdout_equal": true
    },
    {
      "name": "definitions_public",
      "exit_code": 0,
      "stdout_bytes": 5274,
      "stdout_sha256": "439c17650dc5641f66408fb2f8302eb648ed1746d7b41eb0d781b9b137e047ef",
      "whole_expected_stdout_equal": true
    },
    {
      "name": "priority_public",
      "exit_code": 0,
      "stdout_bytes": 1153,
      "stdout_sha256": "852c157a3ee6d8e08a1ebeed7f9123fbc15b47aa1a4b95c8166e2819f13be43d",
      "whole_expected_stdout_equal": true
    },
    {
      "name": "submitted_author",
      "exit_code": 0,
      "stdout_bytes": 252,
      "stdout_sha256": "096fbd7ca92331f9d24a0758838e69d4dab14a1ce25f7277d008674385b246fb",
      "whole_expected_stdout_equal": true
    },
    {
      "name": "submitted_portable",
      "exit_code": 0,
      "stdout_bytes": 233,
      "stdout_sha256": "0bc638bb0128e1fbc33b8957cf3fe3de4e1dc73b6dc9b6ee1dcce002ac9b8aad",
      "whole_expected_stdout_equal": true
    },
    {
      "name": "signed_graph",
      "exit_code": 0,
      "stdout_bytes": 866,
      "stdout_sha256": "28f815b2ffa5185b6f5003f9c604ede353b3e4059520934f17fefc4ece719d73",
      "whole_expected_stdout_equal": true
    },
    {
      "name": "word_overlap",
      "exit_code": 0,
      "stdout_bytes": 776,
      "stdout_sha256": "c6978f0a4b294096e088c1d2c39cd527c259b6abf253e9da2642c76fe550407e",
      "whole_expected_stdout_equal": true
    },
    {
      "name": "definition_constraints",
      "exit_code": 0,
      "stdout_bytes": 8380,
      "stdout_sha256": "4ec27bea435a5ac8b9c3c0030854c1ea8a41a9db97d99ed95e8daf72996da336",
      "whole_expected_stdout_equal": true
    },
    {
      "name": "priority_comparisons",
      "exit_code": 0,
      "stdout_bytes": 397,
      "stdout_sha256": "475762f44e9ac2b63eac62fbd4556b1683ffe35ccf0937a16f45571cfa65062d",
      "whole_expected_stdout_equal": true
    }
  ],
  "package_bytes_unchanged": true,
  "network_or_installations": false,
  "limitations": [
    "Finite controls do not replace the universal proof or certify priority.",
    "Only curated public audit bytes and their seals are included; private source downloads, native execution histories and full provenance are omitted.",
    "The historical optional five-source 68413 mode is not reproduced; public portable output is68408.",
    "Checksums establish integrity relative to the manifest, not independent authenticity or human peer review."
  ]
}
