{
  "status": "PASS",
  "mechanism": "literal finite templates, central coordinates, and concrete mutation witnesses",
  "word_cases": 8619,
  "literal_period_queries": 76352,
  "larger_template_truncations": 995,
  "mutations_falsified": [
    {
      "mutation": "ww extension",
      "word": [
        0,
        1,
        1
      ],
      "sigma": [
        0,
        1
      ],
      "p": 2
    },
    {
      "mutation": "reflection center -i",
      "block": [
        0,
        1,
        1,
        0
      ],
      "i": 1
    },
    {
      "mutation": "second block without reversal",
      "word": [
        0,
        1,
        1,
        0
      ],
      "p": 2
    },
    {
      "mutation": "one less threshold",
      "word": [
        0,
        0,
        1
      ],
      "sigma": [
        1,
        0
      ],
      "p": 2,
      "q": 3
    },
    {
      "mutation": "arbitrary block choices",
      "word": [
        0,
        0,
        0,
        0
      ],
      "sigma": [
        1,
        0
      ],
      "p": 2,
      "q": 3
    }
  ],
  "scope": "finite falsifiers only; universal result is the independently checked written proof"
}
