{'m': 3, 'rank': 3, 'reactions': 5, 'L': 'sqrt(3)/3'}
{'m': 4, 'rank': 4, 'reactions': 6, 'L': 'sqrt(10)/4'}
{'m': 5, 'rank': 5, 'reactions': 7, 'L': 'sqrt(15)/6'}
{'m': 6, 'rank': 6, 'reactions': 8, 'L': 'sqrt(5)/4'}
{'m': 8, 'rank': 8, 'reactions': 10, 'L': 'sqrt(30)/12'}
{'m': 10, 'rank': 10, 'reactions': 12, 'L': 'sqrt(10)/8'}
VERIFY_FAMILY_PASS
{'m': 3, 'degree': 4}
{'m': 4, 'degree': 5}
{'m': 5, 'degree': 6}
VERIFY_DETERMINANT_IDENTITY_PASS
VERIFY_MODE_CERTIFICATES_PASS
VERIFY_MASTER_CERTIFICATE_PASS
VERIFY_CUBIC_BOUND_PASS
{'m': 3, 'tau': '-15167*(-270 + 91*sqrt(3))/(111132*(-135 + 364*sqrt(3)))', 'eta': '143636/(485873 + 2347800*sqrt(3))', 'cubic': '11*(-28351600945908353 + 3215417713698060*sqrt(3))/(15705386265114*(485873 + 2347800*sqrt(3)))'}
{'m': 4, 'tau': '-5*(-158781888 + 39915431*sqrt(10))/(190512*(-16290 + 65521*sqrt(10)))', 'eta': '26036816/(181*(485873 + 3521700*sqrt(10)))', 'cubic': '(-504988638900326552209663907 + 10713939591822467392138032*sqrt(10))/(24394077794471416998876*(485873 + 3521700*sqrt(10)))'}
VERIFY_NORMAL_FORM_PASS
{'m': 3, 'chi_D': '299*sqrt(3)/27', 'chi_H': '90*sqrt(3)/91', 'product': '230/7'}
{'m': 4, 'chi_D': '299*sqrt(10)/18', 'chi_H': '181*sqrt(10)/455', 'product': '4163/63'}
{'m': 5, 'chi_D': '299*sqrt(15)/18', 'chi_H': '544*sqrt(15)/1365', 'product': '6256/63'}
{'m': 6, 'chi_D': '299*sqrt(5)/9', 'chi_H': '363*sqrt(5)/455', 'product': '2783/21'}
{'m': 8, 'chi_D': '299*sqrt(30)/18', 'chi_H': '109*sqrt(30)/273', 'product': '12535/63'}
{'m': 10, 'chi_D': '299*sqrt(10)/9', 'chi_H': '727*sqrt(10)/910', 'product': '16721/63'}
VERIFY_PARETO_PASS
3 [('L0', '143636/(485873 + 2347800*sqrt(3))', '11*(-28351600945908353 + 3215417713698060*sqrt(3))/(15705386265114*(485873 + 2347800*sqrt(3)))'), ('mid', '143636/(1173900*sqrt(3) + 3968873)', '-11*(10211580211588501 + 11253961997943210*sqrt(3))/(18741090924738*(1173900*sqrt(3) + 3968873))'), ('L1', '143636/7451873', '-10077013332773/4123806134995638')]
4 [('L0', '26036816/(181*(485873 + 3521700*sqrt(10)))', '(-504988638900326552209663907 + 10713939591822467392138032*sqrt(10))/(24394077794471416998876*(485873 + 3521700*sqrt(10)))'), ('mid', '26036816/(318713850*sqrt(10) + 1355755013)', '-(84299789970581550626950035991 + 53999903841183977574436010208*sqrt(10))/(72279482496204336486588*(318713850*sqrt(10) + 1355755013))'), ('L1', '26036816/2623567013', '-55182318753925086673211/40725942107992392170493756')]
VERIFY_PARETO_CURVE_PASS
PARETO_FAMILY_PASS
