{
  "utc": "2026-10-02T09:45:13.586898+00:00",
  "status": "PASS",
  "head": "84bb43d21b36e4d97229806e2518fbc135bee786",
  "base": "c6975ca76f9f667f1250ba403d0e6da2aafe14d0",
  "original_git_files": 13,
  "changed_diff_paths": 14,
  "full_raw_corpus_bytes": 149266659,
  "raw_and_SQL_full_problem_equal_snapshot": true,
  "SQL_readonly": true,
  "SQL_revision": "37e53eabe540fb458758e198be61634bd02ee008",
  "SQL_count": 15458,
  "source_pair_review_hash": "8f3665cacdf68423f3c6475ca476c0ad445db19ca331704971dafc545616cd72",
  "statement_hash": "db58be07fe00108409bf8f492aaf0e5ed3c8915719ceb32c96618e111831ac31",
  "separate_prior_report_present": false,
  "prior_fallback_qualification": "No separate research_results entry exists. The native importer and pure score use {}; this is a fallback value, not a fabricated retrieved report. Complete dated literature triage remains in the full raw problem.",
  "original_budget": "1/5",
  "new_substantive_attempts": 0,
  "original_ledger_sha256": "7bf94bf41466a40deceab668ecbb12a54b16fe16ad400bc221ff6f18e7558498",
  "actual_original_replays": [
    {
      "program": "check_controls.py",
      "program_sha256": "62e815aec206ffe2740bade9bb83fb4740280d9b922daae7dfad601f4d787b84",
      "actual_runtime": "/usr/bin/python3",
      "exit": 0,
      "stderr_sha256": "e3b0c44298fc1c149afbf4c8996fb92427ae41e4649b934ca495991b7852b855",
      "generated_complete_receipt_BYTE_equal": true,
      "generated_complete_receipt_JSON_equal": true,
      "generated_receipt_sha256": "6b16311d86d791556cbbddbb6eda455a1cc792c8388e54ffcba2a2869f0a5385",
      "checks": 31,
      "stdout_sha256": "6b16311d86d791556cbbddbb6eda455a1cc792c8388e54ffcba2a2869f0a5385",
      "stdout_comparison": "Full saved receipt"
    },
    {
      "program": "independent_review/independent_checks.py",
      "program_sha256": "668cc7b3fd2dff6d0bb0861eb008d8eee9e9629217bbd5afce60d7cde33c4578",
      "actual_runtime": "/usr/bin/python3",
      "exit": 0,
      "stderr_sha256": "e3b0c44298fc1c149afbf4c8996fb92427ae41e4649b934ca495991b7852b855",
      "generated_complete_receipt_BYTE_equal": true,
      "generated_complete_receipt_JSON_equal": true,
      "generated_receipt_sha256": "46dd6cb64d50377a45817fd016d658ddf92d4b97e5cd57cf15eee61e687a92c7",
      "checks": 8462,
      "stdout_sha256": "36dfdf1dcbe09bb51bae9cba2fe09b7b36707b079ff7491602149ee146062e5a",
      "stdout_comparison": "Exact deterministic saved metadata serialization, excluding checks, as the unchanged original program specifies. No saved historical stdout exists."
    }
  ],
  "live_queue_state_history_unchanged": {
    "QUEUE.md": "f72c7565ef69fd6419ddb4c317c88812a590793b8574aae7eea1aab43d7d2983",
    "state.json": "73186392769475ff3017abb5257aeab79b5dfce879b50f7654cf37eeffa0b007",
    "history.jsonl": "e31634956debe9a69d09d96dd8d534306dff603e1535ab47ca3eb7e2b8caf2d9"
  },
  "scope": "Complete source/Git/budget provenance and finite diagnostic reproduction. Imported topology, priority wording and higher-dimensional gap remain separately under adversarial audit."
}
