local_verification/CircuitRealizationDependencies.lean:55:0: warning: automatically included section variable(s) unused in theorem 'Bell.ConeCircuits.weights_convex':
  [DecidableEq ι]
consider restructuring your `variable` declarations so that the variables are not in scope or explicitly omit them:
  omit [DecidableEq ι] in theorem ...
note: this linter can be disabled with `set_option linter.unusedSectionVars false`
local_verification/CircuitRealizationDependencies.lean:61:0: warning: automatically included section variable(s) unused in theorem 'Bell.ConeCircuits.weights_isClosed':
  [DecidableEq ι]
consider restructuring your `variable` declarations so that the variables are not in scope or explicitly omit them:
  omit [DecidableEq ι] in theorem ...
note: this linter can be disabled with `set_option linter.unusedSectionVars false`
local_verification/CircuitRealizationDependencies.lean:85:0: warning: automatically included section variable(s) unused in theorem 'Bell.ConeCircuits.balance_sideSum':
  [DecidableEq ι]
consider restructuring your `variable` declarations so that the variables are not in scope or explicitly omit them:
  omit [DecidableEq ι] in theorem ...
note: this linter can be disabled with `set_option linter.unusedSectionVars false`
local_verification/CircuitRealizationDependencies.lean:92:0: warning: automatically included section variable(s) unused in theorem 'Bell.ConeCircuits.mass_sideSum':
  [DecidableEq ι]
consider restructuring your `variable` declarations so that the variables are not in scope or explicitly omit them:
  omit [DecidableEq ι] in theorem ...
note: this linter can be disabled with `set_option linter.unusedSectionVars false`
local_verification/CircuitRealizationDependencies.lean:127:0: warning: automatically included section variable(s) unused in theorem 'Bell.ConeCircuits.extreme_relation_zero':
  [DecidableEq ι]
consider restructuring your `variable` declarations so that the variables are not in scope or explicitly omit them:
  omit [DecidableEq ι] in theorem ...
note: this linter can be disabled with `set_option linter.unusedSectionVars false`
local_verification/CircuitRealizationDependencies.lean:198:0: warning: automatically included section variable(s) unused in theorem 'Bell.ConeCircuits.sideSum_future':
  [DecidableEq ι]
consider restructuring your `variable` declarations so that the variables are not in scope or explicitly omit them:
  omit [DecidableEq ι] in theorem ...
note: this linter can be disabled with `set_option linter.unusedSectionVars false`
local_verification/CircuitRealizationDependencies.lean:207:8: warning: automatically included section variable(s) unused in theorem '_private.local_verification.CircuitRealizationDependencies.0.Bell.ConeCircuits.singleton_side_sum':
  [DecidableEq ι]
consider restructuring your `variable` declarations so that the variables are not in scope or explicitly omit them:
  omit [DecidableEq ι] in theorem ...
note: this linter can be disabled with `set_option linter.unusedSectionVars false`
local_verification/CircuitRealizationDependencies.lean:289:4: warning: Used `tac1 <;> tac2` where `(tac1; tac2)` would suffice
note: this linter can be disabled with `set_option linter.unnecessarySeqFocus false`
local_verification/CircuitRealizationDependencies.lean:390:0: warning: automatically included section variable(s) unused in theorem 'Bell.ConeCircuits.outcomeVector_sum':
  [DecidableEq ι]
consider restructuring your `variable` declarations so that the variables are not in scope or explicitly omit them:
  omit [DecidableEq ι] in theorem ...
note: this linter can be disabled with `set_option linter.unusedSectionVars false`
