local_verification/CircuitRealizationIsolated.lean:57:0: warning: automatically included section variable(s) unused in theorem 'Bell.ConeCircuits.weights_convex':
  [DecidableEq ι]
consider restructuring your `variable` declarations so that the variables are not in scope or explicitly omit them:
  omit [DecidableEq ι] in theorem ...
note: this linter can be disabled with `set_option linter.unusedSectionVars false`
local_verification/CircuitRealizationIsolated.lean:63:0: warning: automatically included section variable(s) unused in theorem 'Bell.ConeCircuits.weights_isClosed':
  [DecidableEq ι]
consider restructuring your `variable` declarations so that the variables are not in scope or explicitly omit them:
  omit [DecidableEq ι] in theorem ...
note: this linter can be disabled with `set_option linter.unusedSectionVars false`
local_verification/CircuitRealizationIsolated.lean:87:0: warning: automatically included section variable(s) unused in theorem 'Bell.ConeCircuits.balance_sideSum':
  [DecidableEq ι]
consider restructuring your `variable` declarations so that the variables are not in scope or explicitly omit them:
  omit [DecidableEq ι] in theorem ...
note: this linter can be disabled with `set_option linter.unusedSectionVars false`
local_verification/CircuitRealizationIsolated.lean:94:0: warning: automatically included section variable(s) unused in theorem 'Bell.ConeCircuits.mass_sideSum':
  [DecidableEq ι]
consider restructuring your `variable` declarations so that the variables are not in scope or explicitly omit them:
  omit [DecidableEq ι] in theorem ...
note: this linter can be disabled with `set_option linter.unusedSectionVars false`
local_verification/CircuitRealizationIsolated.lean:129:0: warning: automatically included section variable(s) unused in theorem 'Bell.ConeCircuits.extreme_relation_zero':
  [DecidableEq ι]
consider restructuring your `variable` declarations so that the variables are not in scope or explicitly omit them:
  omit [DecidableEq ι] in theorem ...
note: this linter can be disabled with `set_option linter.unusedSectionVars false`
local_verification/CircuitRealizationIsolated.lean:200:0: warning: automatically included section variable(s) unused in theorem 'Bell.ConeCircuits.sideSum_future':
  [DecidableEq ι]
consider restructuring your `variable` declarations so that the variables are not in scope or explicitly omit them:
  omit [DecidableEq ι] in theorem ...
note: this linter can be disabled with `set_option linter.unusedSectionVars false`
local_verification/CircuitRealizationIsolated.lean:209:8: warning: automatically included section variable(s) unused in theorem '_private.local_verification.CircuitRealizationIsolated.0.Bell.ConeCircuits.singleton_side_sum':
  [DecidableEq ι]
consider restructuring your `variable` declarations so that the variables are not in scope or explicitly omit them:
  omit [DecidableEq ι] in theorem ...
note: this linter can be disabled with `set_option linter.unusedSectionVars false`
local_verification/CircuitRealizationIsolated.lean:291:4: warning: Used `tac1 <;> tac2` where `(tac1; tac2)` would suffice
note: this linter can be disabled with `set_option linter.unnecessarySeqFocus false`
local_verification/CircuitRealizationIsolated.lean:392:0: warning: automatically included section variable(s) unused in theorem 'Bell.ConeCircuits.outcomeVector_sum':
  [DecidableEq ι]
consider restructuring your `variable` declarations so that the variables are not in scope or explicitly omit them:
  omit [DecidableEq ι] in theorem ...
note: this linter can be disabled with `set_option linter.unusedSectionVars false`
