⚠ [2793/2793] Built Bell.ClassicalProduct
warning: ././././Bell/ClassicalProduct.lean:27:0: automatically included section variable(s) unused in theorem 'Bell.ClassicalProduct.total_mass':
  [(x : X) → DecidableEq (O x)]
consider restructuring your `variable` declarations so that the variables are not in scope or explicitly omit them:
  omit [(x : X) → DecidableEq (O x)] in theorem ...
note: this linter can be disabled with `set_option linter.unusedSectionVars false`
warning: ././././Bell/ClassicalProduct.lean:42:0: automatically included section variable(s) unused in theorem 'Bell.ClassicalProduct.pin_mass':
  [(x : X) → Fintype (O x)]
consider restructuring your `variable` declarations so that the variables are not in scope or explicitly omit them:
  omit [(x : X) → Fintype (O x)] in theorem ...
note: this linter can be disabled with `set_option linter.unusedSectionVars false`
warning: ././././Bell/ClassicalProduct.lean:89:0: automatically included section variable(s) unused in theorem 'Bell.ClassicalProduct.conditional_normalized':
  [Fintype X]
  [DecidableEq X]
  [(x : X) → DecidableEq (O x)]
  [Fintype B]
  [DecidableEq B]
consider restructuring your `variable` declarations so that the variables are not in scope or explicitly omit them:
  omit [Fintype X] [DecidableEq X] [(x : X) → DecidableEq (O x)] [Fintype B] [DecidableEq B] in theorem ...
note: this linter can be disabled with `set_option linter.unusedSectionVars false`
warning: ././././Bell/ClassicalProduct.lean:95:0: automatically included section variable(s) unused in theorem 'Bell.ClassicalProduct.weight_nonnegative':
  [DecidableEq X]
  [(x : X) → Fintype (O x)]
  [(x : X) → DecidableEq (O x)]
  [Fintype B]
  [DecidableEq B]
consider restructuring your `variable` declarations so that the variables are not in scope or explicitly omit them:
  omit [DecidableEq
  X] [(x : X) → Fintype (O x)] [(x : X) → DecidableEq (O x)] [Fintype B] [DecidableEq B] in theorem ...
note: this linter can be disabled with `set_option linter.unusedSectionVars false`
warning: ././././Bell/ClassicalProduct.lean:119:0: automatically included section variable(s) unused in theorem 'Bell.ClassicalProduct.entry_zero_of_marginal_zero':
  [Fintype X]
  [DecidableEq X]
  [(x : X) → DecidableEq (O x)]
  [Fintype B]
  [DecidableEq B]
consider restructuring your `variable` declarations so that the variables are not in scope or explicitly omit them:
  omit [Fintype X] [DecidableEq X] [(x : X) → DecidableEq (O x)] [Fintype B] [DecidableEq B] in theorem ...
note: this linter can be disabled with `set_option linter.unusedSectionVars false`
Build completed successfully.
