local_verification/ConeCompressionProbe.lean:27:4: error: linarith failed to find a contradiction
case a
x : V
hx : x ≠ 0
a✝ :
  0 >
    x 0 * x 0 +
      (x (Fin.succ 0) * x (Fin.succ 0) +
        (x (Fin.succ 0).succ * x (Fin.succ 0).succ +
          (x (Fin.succ 0).succ.succ * x (Fin.succ 0).succ.succ +
            ∑ i, x i.succ.succ.succ.succ * x i.succ.succ.succ.succ)))
⊢ False failed
local_verification/ConeCompressionProbe.lean:29:44: error: unknown identifier 'hp'
local_verification/ConeCompressionProbe.lean:30:72: error: linarith failed to find a contradiction
case h1.h
x : V
hx : x ≠ 0
hn : 0 ≤ x ⬝ᵥ x
he :
  x 0 * x 0 +
      (x (Fin.succ 0) * x (Fin.succ 0) +
        (x (Fin.succ 0).succ * x (Fin.succ 0).succ +
          (x (Fin.succ 0).succ.succ * x (Fin.succ 0).succ.succ +
            ∑ i, x i.succ.succ.succ.succ * x i.succ.succ.succ.succ))) =
    0
a✝ : x 0 < 0
⊢ False failed
local_verification/ConeCompressionProbe.lean:31:72: error: linarith failed to find a contradiction
case h1.h
x : V
hx : x ≠ 0
hn : 0 ≤ x ⬝ᵥ x
h0 : x 0 = 0
he :
  x 0 * x 0 +
      (x (Fin.succ 0) * x (Fin.succ 0) +
        (x (Fin.succ 0).succ * x (Fin.succ 0).succ +
          (x (Fin.succ 0).succ.succ * x (Fin.succ 0).succ.succ +
            ∑ i, x i.succ.succ.succ.succ * x i.succ.succ.succ.succ))) =
    0
a✝ : x 1 < 0
⊢ False failed
local_verification/ConeCompressionProbe.lean:32:72: error: linarith failed to find a contradiction
case h1.h
x : V
hx : x ≠ 0
hn : 0 ≤ x ⬝ᵥ x
h0 : x 0 = 0
h1 : x 1 = 0
he :
  x 0 * x 0 +
      (x (Fin.succ 0) * x (Fin.succ 0) +
        (x (Fin.succ 0).succ * x (Fin.succ 0).succ +
          (x (Fin.succ 0).succ.succ * x (Fin.succ 0).succ.succ +
            ∑ i, x i.succ.succ.succ.succ * x i.succ.succ.succ.succ))) =
    0
a✝ : x 2 < 0
⊢ False failed
local_verification/ConeCompressionProbe.lean:33:72: error: linarith failed to find a contradiction
case h1.h
x : V
hx : x ≠ 0
hn : 0 ≤ x ⬝ᵥ x
h0 : x 0 = 0
h1 : x 1 = 0
h2 : x 2 = 0
he :
  x 0 * x 0 +
      (x (Fin.succ 0) * x (Fin.succ 0) +
        (x (Fin.succ 0).succ * x (Fin.succ 0).succ +
          (x (Fin.succ 0).succ.succ * x (Fin.succ 0).succ.succ +
            ∑ i, x i.succ.succ.succ.succ * x i.succ.succ.succ.succ))) =
    0
a✝ : x 3 < 0
⊢ False failed
local_verification/ConeCompressionProbe.lean:34:2: error: tactic 'apply' failed, failed to unify
  False
with
  Decidable (0 < x ⬝ᵥ x)
case refine_1
x : V
hx : x ≠ 0
hn : 0 ≤ x ⬝ᵥ x
he : x ⬝ᵥ x = 0
h0 : x 0 = 0
h1 : x 1 = 0
h2 : x 2 = 0
h3 : x 3 = 0
⊢ Decidable (0 < x ⬝ᵥ x)
local_verification/ConeCompressionProbe.lean:46:2: error: no goals to be solved
local_verification/ConeCompressionProbe.lean:52:23: error: unsolved goals
H : Submodule ℝ V
hH : Module.finrank ℝ ↥H ≤ 3
hu : timeUnit ∈ H
h : H = ⊤
hd : Module.finrank ℝ ↥H ≤ 3
⊢ False
local_verification/ConeCompressionProbe.lean:58:4: error: tactic 'apply' failed, failed to unify
  False
with
  Decidable (∃ x, x ∉ H)
case refine_1
H : Submodule ℝ V
hH : Module.finrank ℝ ↥H ≤ 3
hu : timeUnit ∈ H
htop : H ≠ ⊤
⊢ Decidable (∃ x, x ∉ H)
local_verification/ConeCompressionProbe.lean:88:26: error: tactic 'simp' failed, nested error:
maximum recursion depth has been reached
use `set_option maxRecDepth <num>` to increase limit
use `set_option diagnostics true` to get diagnostic information
local_verification/ConeCompressionProbe.lean:101:2: error: simp made no progress
local_verification/ConeCompressionProbe.lean:134:23: error: invalid field notation, type is not of the form (C ...) where C is a constant
  Submodule.ne_bot_iff
has type
  ∀ (p : Submodule ?m.59310 ?m.59311), p ≠ ⊥ ↔ ∃ x ∈ p, x ≠ 0
local_verification/ConeCompressionProbe.lean:134:9: error: rcases tactic failed: x✝ : ?m.59815 is not an inductive datatype
local_verification/ConeCompressionProbe.lean:173:4: error: linarith failed to find a contradiction
case neg.h1.h
d x : V
hdu : d ⬝ᵥ d = 1
hr : ¬radius x = 0
hsq : radius x ^ 2 = x 1 ^ 2 + x 2 ^ 2 + x 3 ^ 2
a✝ :
  x 1 * x 1 + (![0, x 1, x 2, x 3] 2 * ![0, x 1, x 2, x 3] 2 + ![x 1, x 2, x 3] 2 * ![x 1, x 2, x 3] 2) <
    radius x * radius x
⊢ False failed
local_verification/ConeCompressionProbe.lean:177:2: error: unsolved goals
case pos
d x : V
hr : radius x = 0
hsq : 0 ^ 2 = x 1 ^ 2 + x 2 ^ 2 + x 3 ^ 2
h1 : x 1 = 0
h2 : x 2 = 0
h3 : x 3 = 0
⊢ 0 = ![0, 0, 0, 0]
local_verification/ConeCompressionProbe.lean:191:32: error: no goals to be solved
local_verification/ConeCompressionProbe.lean:191:92: error: simp made no progress
local_verification/ConeCompressionProbe.lean:203:66: error: linarith failed to find a contradiction
case «0».h1.h
d : V
hd0 : d 0 = 0
hdu : d ⬝ᵥ d = 1
x : V
hx : Future x
k : Fin 2
u : V := splitDirection d x
hu0 : splitDirection d x 0 = 0
huu : splitDirection d x ⬝ᵥ splitDirection d x = 1
he :
  0 * 0 +
      (splitDirection d x (Fin.succ 0) * splitDirection d x (Fin.succ 0) +
        (splitDirection d x (Fin.succ 0).succ * splitDirection d x (Fin.succ 0).succ +
          (splitDirection d x (Fin.succ 0).succ.succ * splitDirection d x (Fin.succ 0).succ.succ +
            ∑ i, splitDirection d x i.succ.succ.succ.succ * splitDirection d x i.succ.succ.succ.succ))) =
    1
a✝ :
  (1 + splitDirection d x 0) ^ 2 - (splitDirection d x 0 + splitDirection d x 1) ^ 2 -
        (splitDirection d x 0 + splitDirection d x 2) ^ 2 -
      (splitDirection d x 0 + splitDirection d x 3) ^ 2 <
    splitDirection d x 0
⊢ False failed
local_verification/ConeCompressionProbe.lean:203:66: error: linarith failed to find a contradiction
case «1».h1.h
d : V
hd0 : d 0 = 0
hdu : d ⬝ᵥ d = 1
x : V
hx : Future x
k : Fin 2
u : V := splitDirection d x
hu0 : splitDirection d x 0 = 0
huu : splitDirection d x ⬝ᵥ splitDirection d x = 1
he :
  0 * 0 +
      (splitDirection d x (Fin.succ 0) * splitDirection d x (Fin.succ 0) +
        (splitDirection d x (Fin.succ 0).succ * splitDirection d x (Fin.succ 0).succ +
          (splitDirection d x (Fin.succ 0).succ.succ * splitDirection d x (Fin.succ 0).succ.succ +
            ∑ i, splitDirection d x i.succ.succ.succ.succ * splitDirection d x i.succ.succ.succ.succ))) =
    1
a✝ :
  (1 + -splitDirection d x 0) ^ 2 - (splitDirection d x 0 + -splitDirection d x 1) ^ 2 -
        (splitDirection d x 0 + -splitDirection d x 2) ^ 2 -
      (splitDirection d x 0 + -splitDirection d x 3) ^ 2 <
    splitDirection d x 0
⊢ False failed
local_verification/ConeCompressionProbe.lean:210:21: error: invalid '←' modifier, 't' is a let-declaration name to be unfolded
local_verification/ConeCompressionProbe.lean:210:18: error: unsolved goals
d : V
hd0 : d 0 = 0
hdu : d ⬝ᵥ d = 1
x : V
hx : Future x
k : Fin 2
u : V := splitDirection d x
hu0 : splitDirection d x 0 = 0
huu : splitDirection d x ⬝ᵥ splitDirection d x = 1
hq : ∀ (k : Fin 2), lorentzSquare (timeUnit + ConeCircuits.sign k • u) = 0
t : ℝ := (x 0 + ConeCircuits.sign k * radius x) / 2
ht : 0 ≤ t
ht0 : t = 0
⊢ ((x 0 + ConeCircuits.sign k * radius x) / 2) • timeUnit +
      ((x 0 + ConeCircuits.sign k * radius x) / 2) • ConeCircuits.sign k • splitDirection d x =
    0
local_verification/ConeCompressionProbe.lean:214:6: error: invalid '←' modifier, 't' is a let-declaration name to be unfolded
local_verification/ConeCompressionProbe.lean:214:6: error: type mismatch, term
  htp
after simplification has type
  0 < t : Prop
but is expected to have type
  0 <
    (x 0 + ConeCircuits.sign k * radius x) / 2 * (1 + Matrix.vecHead (ConeCircuits.sign k • splitDirection d x)) : Prop
local_verification/ConeCompressionProbe.lean:223:40: error: unsolved goals
n d x : V
hn0 : n 0 = 0
hnd : n ⬝ᵥ d = 0
hnx : n ⬝ᵥ x = 0
k : Fin 2
hs : n ⬝ᵥ spatial x = 0
hu : n ⬝ᵥ splitDirection d x = 0
⊢ n 1 *
        ((x 0 + ConeCircuits.sign k * radius x) / 2 *
          Matrix.vecHead (Matrix.vecTail (ConeCircuits.sign k • splitDirection d x))) +
      (n 2 *
          ((x 0 + ConeCircuits.sign k * radius x) / 2 *
            Matrix.vecHead (Matrix.vecTail (Matrix.vecTail (ConeCircuits.sign k • splitDirection d x)))) +
        n 3 *
          ((x 0 + ConeCircuits.sign k * radius x) / 2 *
            Matrix.vecHead
              (Matrix.vecTail (Matrix.vecTail (Matrix.vecTail (ConeCircuits.sign k • splitDirection d x)))))) =
    0
