$ /Users/alec/Documents/Math/qubit_povm_pvm_minimum_settings/bell_lean/.venv/bin/python3 scripts/source_audit.py
STATIC PASS: 685 theorem declarations; 61 source modules
This is a text audit, not parsing, elaboration, or kernel verification.
$ /Users/alec/Documents/Math/qubit_povm_pvm_minimum_settings/bell_lean/.venv/bin/python3 scripts/source_completion_inventory.py
{
  "status": "passed",
  "module_count_excluding_root_and_audit": 58,
  "theorem_lemma_declaration_count": 685,
  "mathematical_source_lines": 10701,
  "lean_compiled": false
}
$ /Users/alec/Documents/Math/qubit_povm_pvm_minimum_settings/bell_lean/.venv/bin/python3 scripts/preflight_checks.py
STATIC PREFLIGHT: 58 modules; 675 public dependency queries; no visibility candidates.
Not Lean elaboration or mathematical verification.
$ git -C /Users/alec/Documents/Math/qubit_povm_pvm_minimum_settings/bell_lean/.lake/packages/plausible rev-parse HEAD
77e08eddc486491d7b9e470926b3dbe50319451a
$ git -C /Users/alec/Documents/Math/qubit_povm_pvm_minimum_settings/bell_lean/.lake/packages/plausible diff --quiet HEAD --
$ git -C /Users/alec/Documents/Math/qubit_povm_pvm_minimum_settings/bell_lean/.lake/packages/LeanSearchClient rev-parse HEAD
25078369972d295301f5a1e53c3e5850cf6d9d4c
$ git -C /Users/alec/Documents/Math/qubit_povm_pvm_minimum_settings/bell_lean/.lake/packages/LeanSearchClient diff --quiet HEAD --
$ git -C /Users/alec/Documents/Math/qubit_povm_pvm_minimum_settings/bell_lean/.lake/packages/importGraph rev-parse HEAD
e6a9f0f5ee3ccf7443a0070f92b62f8db12ae82b
$ git -C /Users/alec/Documents/Math/qubit_povm_pvm_minimum_settings/bell_lean/.lake/packages/importGraph diff --quiet HEAD --
$ git -C /Users/alec/Documents/Math/qubit_povm_pvm_minimum_settings/bell_lean/.lake/packages/proofwidgets rev-parse HEAD
c4919189477c3221e6a204008998b0d724f49904
$ git -C /Users/alec/Documents/Math/qubit_povm_pvm_minimum_settings/bell_lean/.lake/packages/proofwidgets diff --quiet HEAD --
$ git -C /Users/alec/Documents/Math/qubit_povm_pvm_minimum_settings/bell_lean/.lake/packages/aesop rev-parse HEAD
5d50b08dedd7d69b3d9b3176e0d58a23af228884
$ git -C /Users/alec/Documents/Math/qubit_povm_pvm_minimum_settings/bell_lean/.lake/packages/aesop diff --quiet HEAD --
$ git -C /Users/alec/Documents/Math/qubit_povm_pvm_minimum_settings/bell_lean/.lake/packages/Qq rev-parse HEAD
fa4f7f15d97591a9cf3aa7724ba371c7fc6dda02
$ git -C /Users/alec/Documents/Math/qubit_povm_pvm_minimum_settings/bell_lean/.lake/packages/Qq diff --quiet HEAD --
$ git -C /Users/alec/Documents/Math/qubit_povm_pvm_minimum_settings/bell_lean/.lake/packages/batteries rev-parse HEAD
f5d04a9c4973d401c8c92500711518f7c656f034
$ git -C /Users/alec/Documents/Math/qubit_povm_pvm_minimum_settings/bell_lean/.lake/packages/batteries diff --quiet HEAD --
$ git -C /Users/alec/Documents/Math/qubit_povm_pvm_minimum_settings/bell_lean/.lake/packages/Cli rev-parse HEAD
02dbd02bc00ec4916e99b04b2245b30200e200d0
$ git -C /Users/alec/Documents/Math/qubit_povm_pvm_minimum_settings/bell_lean/.lake/packages/Cli diff --quiet HEAD --
$ git -C /Users/alec/Documents/Math/qubit_povm_pvm_minimum_settings/bell_lean/.lake/packages/mathlib rev-parse HEAD
c44e0c8ee63ca166450922a373c7409c5d26b00b
$ git -C /Users/alec/Documents/Math/qubit_povm_pvm_minimum_settings/bell_lean/.lake/packages/mathlib diff --quiet HEAD --
$ lake env lean --version
