'Bell.FiniteLabels.POVM.encode' depends on axioms: [propext, Classical.choice, Quot.sound]
'Bell.FiniteLabels.POVM.decode' depends on axioms: [propext, Classical.choice, Quot.sound]
'Bell.FiniteLabels.POVM.encoding' depends on axioms: [propext, Classical.choice, Quot.sound]
'Bell.FiniteLabels.POVM.no_empty_measurement' depends on axioms: [propext, Classical.choice, Quot.sound]
'Bell.FiniteLabels.PVM.encoding' depends on axioms: [propext, Classical.choice, Quot.sound]
'Bell.FiniteLabels.behaviorEquiv' depends on axioms: [propext, Classical.choice, Quot.sound]
'Bell.FiniteLabels.finite_mixture_transport' depends on axioms: [propext, Classical.choice, Quot.sound]
'Bell.FiniteLabels.Strategy.encoding' depends on axioms: [propext, Classical.choice, Quot.sound]
'Bell.FiniteLabels.Strategy.encode_behavior' depends on axioms: [propext, Classical.choice, Quot.sound]
'Bell.FiniteLabels.ProjectiveStrategy.encoding' depends on axioms: [propext, Classical.choice, Quot.sound]
'Bell.FiniteLabels.ProjectiveStrategy.encode_behavior' depends on axioms: [propext, Classical.choice, Quot.sound]
'Bell.FiniteLabels.rawPOVM_transport' depends on axioms: [propext, Classical.choice, Quot.sound]
'Bell.FiniteLabels.rawPVM_transport' depends on axioms: [propext, Classical.choice, Quot.sound]
'Bell.FiniteLabels.convexPOVM_transport' depends on axioms: [propext, Classical.choice, Quot.sound]
'Bell.FiniteLabels.convexPVM_transport' depends on axioms: [propext, Classical.choice, Quot.sound]
'Bell.FiniteLabels.at_most_two_input_equality' depends on axioms: [propext, Classical.choice, Quot.sound]
'Bell.FiniteLabels.two_input_equality' depends on axioms: [propext, Classical.choice, Quot.sound]
'Bell.FiniteLabels.empty_hulls_of_no_strategy' depends on axioms: [propext, Classical.choice, Quot.sound]
'Bell.FiniteLabels.no_input_strategy' depends on axioms: [propext, Classical.choice, Quot.sound]
'Bell.FiniteLabels.encodeChannel' depends on axioms: [propext, Classical.choice, Quot.sound]
'Bell.FiniteLabels.StochasticProcessing.encode_behavior' depends on axioms: [propext, Classical.choice, Quot.sound]
'Bell.FiniteLabels.StochasticProcessing.behavior_decomposition' depends on axioms: [propext,
 Classical.choice,
 Quot.sound]
'Bell.FiniteLabels.StochasticProcessing.deterministic_branch_mem_rawPVM' depends on axioms: [propext,
 Classical.choice,
 Quot.sound]
'Bell.FiniteLabels.StochasticProcessing.mem_convexPVM' depends on axioms: [propext, Classical.choice, Quot.sound]
'Bell.FiniteLabels.StochasticProcessing.rawPVM_mem_convexPVM' depends on axioms: [propext, Classical.choice, Quot.sound]
