local_verification/ResidualCoordinatesProbe.lean:59:4: error: linarith failed to find a contradiction
case a.«_@».Mathlib.Data.Matrix.Defs._hyg.155.«0».«2».h1.h
G : M
hsym : Gᵀ = G
hn : ∀ (j : Fin 5), ((matrixPair G) (ray j)) (ray j) = 0
h01 : G 1 0 = G 0 1
h02 : G 2 0 = G 0 2
h03 : G 3 0 = G 0 3
h12 : G 2 1 = G 1 2
h13 : G 3 1 = G 1 3
h23 : G 3 2 = G 2 3
h00 : G 0 0 = 0
h11 : G 1 1 = 0
h22 : G 2 2 = 0
h33 : G (Fin.succ 2) (Fin.succ 2) = 0
hv :
  G 0 0 + (G 0 1 + (-G 0 2 + -G 0 (Fin.succ 2))) +
      (G 1 0 + (G 1 1 + (-G 1 2 + -G 1 (Fin.succ 2))) +
        (G 2 (Fin.succ 2) + G 2 2 + -G 2 1 + -G 2 0 +
          (G (Fin.succ 2) (Fin.succ 2) + G (Fin.succ 2) 2 + -G (Fin.succ 2) 1 + -G (Fin.succ 2) 0))) =
    0
hu : G 0 0 + G 0 1 + (G 1 0 + G 1 1) = 1
a✝ : G 0 ⟨2, ⋯⟩ < G 0 2
⊢ False failed
local_verification/ResidualCoordinatesProbe.lean:59:4: error: linarith failed to find a contradiction
case a.«_@».Mathlib.Data.Matrix.Defs._hyg.155.«0».«3».h1.h
G : M
hsym : Gᵀ = G
hn : ∀ (j : Fin 5), ((matrixPair G) (ray j)) (ray j) = 0
h01 : G 1 0 = G 0 1
h02 : G 2 0 = G 0 2
h03 : G 3 0 = G 0 3
h12 : G 2 1 = G 1 2
h13 : G 3 1 = G 1 3
h23 : G 3 2 = G 2 3
h00 : G 0 0 = 0
h11 : G 1 1 = 0
h22 : G 2 2 = 0
h33 : G (Fin.succ 2) (Fin.succ 2) = 0
hv :
  G 0 0 + (G 0 1 + (-G 0 2 + -G 0 (Fin.succ 2))) +
      (G 1 0 + (G 1 1 + (-G 1 2 + -G 1 (Fin.succ 2))) +
        (G 2 (Fin.succ 2) + G 2 2 + -G 2 1 + -G 2 0 +
          (G (Fin.succ 2) (Fin.succ 2) + G (Fin.succ 2) 2 + -G (Fin.succ 2) 1 + -G (Fin.succ 2) 0))) =
    0
hu : G 0 0 + G 0 1 + (G 1 0 + G 1 1) = 1
a✝ : G 0 ⟨3, ⋯⟩ < G 0 3
⊢ False failed
local_verification/ResidualCoordinatesProbe.lean:59:4: error: linarith failed to find a contradiction
case a.«_@».Mathlib.Data.Matrix.Defs._hyg.155.«1».«2».h1.h
G : M
hsym : Gᵀ = G
hn : ∀ (j : Fin 5), ((matrixPair G) (ray j)) (ray j) = 0
h01 : G 1 0 = G 0 1
h02 : G 2 0 = G 0 2
h03 : G 3 0 = G 0 3
h12 : G 2 1 = G 1 2
h13 : G 3 1 = G 1 3
h23 : G 3 2 = G 2 3
h00 : G 0 0 = 0
h11 : G 1 1 = 0
h22 : G 2 2 = 0
h33 : G (Fin.succ 2) (Fin.succ 2) = 0
hv :
  G 0 0 + (G 0 1 + (-G 0 2 + -G 0 (Fin.succ 2))) +
      (G 1 0 + (G 1 1 + (-G 1 2 + -G 1 (Fin.succ 2))) +
        (G 2 (Fin.succ 2) + G 2 2 + -G 2 1 + -G 2 0 +
          (G (Fin.succ 2) (Fin.succ 2) + G (Fin.succ 2) 2 + -G (Fin.succ 2) 1 + -G (Fin.succ 2) 0))) =
    0
hu : G 0 0 + G 0 1 + (G 1 0 + G 1 1) = 1
a✝ : G 1 ⟨2, ⋯⟩ < G 1 2
⊢ False failed
local_verification/ResidualCoordinatesProbe.lean:59:4: error: linarith failed to find a contradiction
case a.«_@».Mathlib.Data.Matrix.Defs._hyg.155.«1».«3».h1.h
G : M
hsym : Gᵀ = G
hn : ∀ (j : Fin 5), ((matrixPair G) (ray j)) (ray j) = 0
h01 : G 1 0 = G 0 1
h02 : G 2 0 = G 0 2
h03 : G 3 0 = G 0 3
h12 : G 2 1 = G 1 2
h13 : G 3 1 = G 1 3
h23 : G 3 2 = G 2 3
h00 : G 0 0 = 0
h11 : G 1 1 = 0
h22 : G 2 2 = 0
h33 : G (Fin.succ 2) (Fin.succ 2) = 0
hv :
  G 0 0 + (G 0 1 + (-G 0 2 + -G 0 (Fin.succ 2))) +
      (G 1 0 + (G 1 1 + (-G 1 2 + -G 1 (Fin.succ 2))) +
        (G 2 (Fin.succ 2) + G 2 2 + -G 2 1 + -G 2 0 +
          (G (Fin.succ 2) (Fin.succ 2) + G (Fin.succ 2) 2 + -G (Fin.succ 2) 1 + -G (Fin.succ 2) 0))) =
    0
hu : G 0 0 + G 0 1 + (G 1 0 + G 1 1) = 1
a✝ : G 1 ⟨3, ⋯⟩ < G 1 3
⊢ False failed
local_verification/ResidualCoordinatesProbe.lean:59:4: error: linarith failed to find a contradiction
case a.«_@».Mathlib.Data.Matrix.Defs._hyg.155.«2».«0».h1.h
G : M
hsym : Gᵀ = G
hn : ∀ (j : Fin 5), ((matrixPair G) (ray j)) (ray j) = 0
h01 : G 1 0 = G 0 1
h02 : G 2 0 = G 0 2
h03 : G 3 0 = G 0 3
h12 : G 2 1 = G 1 2
h13 : G 3 1 = G 1 3
h23 : G 3 2 = G 2 3
h00 : G 0 0 = 0
h11 : G 1 1 = 0
h22 : G 2 2 = 0
h33 : G (Fin.succ 2) (Fin.succ 2) = 0
hv :
  G 0 0 + (G 0 1 + (-G 0 2 + -G 0 (Fin.succ 2))) +
      (G 1 0 + (G 1 1 + (-G 1 2 + -G 1 (Fin.succ 2))) +
        (G 2 (Fin.succ 2) + G 2 2 + -G 2 1 + -G 2 0 +
          (G (Fin.succ 2) (Fin.succ 2) + G (Fin.succ 2) 2 + -G (Fin.succ 2) 1 + -G (Fin.succ 2) 0))) =
    0
hu : G 0 0 + G 0 1 + (G 1 0 + G 1 1) = 1
a✝ : G ⟨2, ⋯⟩ 0 < G 0 2
⊢ False failed
local_verification/ResidualCoordinatesProbe.lean:59:4: error: linarith failed to find a contradiction
case a.«_@».Mathlib.Data.Matrix.Defs._hyg.155.«2».«1».h1.h
G : M
hsym : Gᵀ = G
hn : ∀ (j : Fin 5), ((matrixPair G) (ray j)) (ray j) = 0
h01 : G 1 0 = G 0 1
h02 : G 2 0 = G 0 2
h03 : G 3 0 = G 0 3
h12 : G 2 1 = G 1 2
h13 : G 3 1 = G 1 3
h23 : G 3 2 = G 2 3
h00 : G 0 0 = 0
h11 : G 1 1 = 0
h22 : G 2 2 = 0
h33 : G (Fin.succ 2) (Fin.succ 2) = 0
hv :
  G 0 0 + (G 0 1 + (-G 0 2 + -G 0 (Fin.succ 2))) +
      (G 1 0 + (G 1 1 + (-G 1 2 + -G 1 (Fin.succ 2))) +
        (G 2 (Fin.succ 2) + G 2 2 + -G 2 1 + -G 2 0 +
          (G (Fin.succ 2) (Fin.succ 2) + G (Fin.succ 2) 2 + -G (Fin.succ 2) 1 + -G (Fin.succ 2) 0))) =
    0
hu : G 0 0 + G 0 1 + (G 1 0 + G 1 1) = 1
a✝ : G ⟨2, ⋯⟩ 1 < G 1 2
⊢ False failed
local_verification/ResidualCoordinatesProbe.lean:59:4: error: linarith failed to find a contradiction
case a.«_@».Mathlib.Data.Matrix.Defs._hyg.155.«2».«2».h1.h
G : M
hsym : Gᵀ = G
hn : ∀ (j : Fin 5), ((matrixPair G) (ray j)) (ray j) = 0
h01 : G 1 0 = G 0 1
h02 : G 2 0 = G 0 2
h03 : G 3 0 = G 0 3
h12 : G 2 1 = G 1 2
h13 : G 3 1 = G 1 3
h23 : G 3 2 = G 2 3
h00 : G 0 0 = 0
h11 : G 1 1 = 0
h22 : G 2 2 = 0
h33 : G (Fin.succ 2) (Fin.succ 2) = 0
hv :
  G 0 0 + (G 0 1 + (-G 0 2 + -G 0 (Fin.succ 2))) +
      (G 1 0 + (G 1 1 + (-G 1 2 + -G 1 (Fin.succ 2))) +
        (G 2 (Fin.succ 2) + G 2 2 + -G 2 1 + -G 2 0 +
          (G (Fin.succ 2) (Fin.succ 2) + G (Fin.succ 2) 2 + -G (Fin.succ 2) 1 + -G (Fin.succ 2) 0))) =
    0
hu : G 0 0 + G 0 1 + (G 1 0 + G 1 1) = 1
a✝ : G ⟨2, ⋯⟩ ⟨2, ⋯⟩ < 0
⊢ False failed
local_verification/ResidualCoordinatesProbe.lean:38:0: error: (deterministic) timeout at `whnf`, maximum number of heartbeats (1000000) has been reached
Use `set_option maxHeartbeats <num>` to set the limit.

Additional diagnostic information may be available using the `set_option diagnostics true` command.
local_verification/ResidualCoordinatesProbe.lean:93:4: error: (kernel) unknown constant 'Bell.Lorentz.metric_normal_form'
local_verification/ResidualCoordinatesProbe.lean:110:8: error: (kernel) unknown constant 'Bell.Lorentz.metric_normal_form'
local_verification/ResidualCoordinatesProbe.lean:154:8: error: unknown constant 'Matrix.smul_mulVec'
local_verification/ResidualCoordinatesProbe.lean:156:2: error: linarith failed to find a contradiction
case h1.h
r : ResidualFrames
j : Fin 5
hs :
  (r.steering 0 0 * ray j 0 + (r.steering 0 1 * ray j 1 + (r.steering 0 2 * ray j 2 + r.steering 0 3 * ray j 3))) ^ 2 -
          (r.steering 1 0 * ray j 0 +
              (r.steering 1 1 * ray j 1 + (r.steering 1 2 * ray j 2 + r.steering 1 3 * ray j 3))) ^
            2 -
        (r.steering 2 0 * ray j 0 +
            (r.steering 2 1 * ray j 1 + (r.steering 2 2 * ray j 2 + r.steering 2 3 * ray j 3))) ^
          2 -
      (r.steering 3 0 * ray j 0 + (r.steering 3 1 * ray j 1 + (r.steering 3 2 * ray j 2 + r.steering 3 3 * ray j 3))) ^
        2 =
    0
a✝ :
  (2 * (![1, 0, 0, 0] ᵥ* r.steering) 0 * ray j 0 +
              (2 * (![1, 0, 0, 0] ᵥ* r.steering) 1 * ray j 1 +
                (2 * (![1, 0, 0, 0] ᵥ* r.steering) 2 * ray j 2 + 2 * (![1, 0, 0, 0] ᵥ* r.steering) 3 * ray j 3))) ^
            2 -
          (2 * (![0, -1, 0, 0] ᵥ* r.steering) 0 * ray j 0 +
              (2 * (![0, -1, 0, 0] ᵥ* r.steering) 1 * ray j 1 +
                (2 * (![0, -1, 0, 0] ᵥ* r.steering) 2 * ray j 2 + 2 * (![0, -1, 0, 0] ᵥ* r.steering) 3 * ray j 3))) ^
            2 -
        (2 * (![0, 0, -1, 0] ᵥ* r.steering) 0 * ray j 0 +
            (2 * (![0, 0, -1, 0] ᵥ* r.steering) 1 * ray j 1 +
              (2 * (![0, 0, -1, 0] ᵥ* r.steering) 2 * ray j 2 + 2 * (![0, 0, -1, 0] ᵥ* r.steering) 3 * ray j 3))) ^
          2 -
      (2 * (![0, 0, 0, -1] ᵥ* r.steering) 0 * ray j 0 +
          (2 * (![0, 0, 0, -1] ᵥ* r.steering) 1 * ray j 1 +
            (2 * (![0, 0, 0, -1] ᵥ* r.steering) 2 * ray j 2 + 2 * (![0, 0, 0, -1] ᵥ* r.steering) 3 * ray j 3))) ^
        2 <
    0
⊢ False failed
local_verification/ResidualCoordinatesProbe.lean:185:11: error: unknown constant 'Matrix.smul_mulVec'
local_verification/ResidualCoordinatesProbe.lean:185:4: error: type mismatch, term
  mul_pos
    (Mathlib.Meta.NormNum.isNat_lt_true (Mathlib.Meta.NormNum.isNat_ofNat ℝ Nat.cast_zero)
      (Mathlib.Meta.NormNum.isNat_ofNat ℝ (Eq.refl 2)) (Eq.refl false))
    (r.steering_null j).left
after simplification has type
  0 <
    r.steering 0 0 * ray j 0 + (r.steering 0 1 * ray j 1 + (r.steering 0 2 * ray j 2 + r.steering 0 3 * ray j 3)) : Prop
but is expected to have type
  0 <
    2 * (![1, 0, 0, 0] ᵥ* r.steering) 0 * ray j 0 +
      (2 * (![1, 0, 0, 0] ᵥ* r.steering) 1 * ray j 1 +
        (2 * (![1, 0, 0, 0] ᵥ* r.steering) 2 * ray j 2 + 2 * (![1, 0, 0, 0] ᵥ* r.steering) 3 * ray j 3)) : Prop
local_verification/ResidualCoordinatesProbe.lean:190:10: error: unknown constant 'Matrix.smul_mulVec'
local_verification/ResidualCoordinatesProbe.lean:192:4: error: linarith failed to find a contradiction
case refine_2.h
r : ResidualFrames
hq :
  (r.steering 3 0 * unitVector 0 +
        (r.steering 3 1 * unitVector 1 + (r.steering 3 2 * unitVector 2 + r.steering 3 3 * unitVector 3))) ^
      2 <
    (r.steering 0 0 * unitVector 0 +
            (r.steering 0 1 * unitVector 1 + (r.steering 0 2 * unitVector 2 + r.steering 0 3 * unitVector 3))) ^
          2 -
        (r.steering 1 0 * unitVector 0 +
            (r.steering 1 1 * unitVector 1 + (r.steering 1 2 * unitVector 2 + r.steering 1 3 * unitVector 3))) ^
          2 -
      (r.steering 2 0 * unitVector 0 +
          (r.steering 2 1 * unitVector 1 + (r.steering 2 2 * unitVector 2 + r.steering 2 3 * unitVector 3))) ^
        2
a✝ :
  (2 * (![0, 0, 0, -1] ᵥ* r.steering) 0 * unitVector 0 +
        (2 * (![0, 0, 0, -1] ᵥ* r.steering) 1 * unitVector 1 +
          (2 * (![0, 0, 0, -1] ᵥ* r.steering) 2 * unitVector 2 +
            2 * (![0, 0, 0, -1] ᵥ* r.steering) 3 * unitVector 3))) ^
      2 ≥
    (2 * (![1, 0, 0, 0] ᵥ* r.steering) 0 * unitVector 0 +
            (2 * (![1, 0, 0, 0] ᵥ* r.steering) 1 * unitVector 1 +
              (2 * (![1, 0, 0, 0] ᵥ* r.steering) 2 * unitVector 2 +
                2 * (![1, 0, 0, 0] ᵥ* r.steering) 3 * unitVector 3))) ^
          2 -
        (2 * (![0, -1, 0, 0] ᵥ* r.steering) 0 * unitVector 0 +
            (2 * (![0, -1, 0, 0] ᵥ* r.steering) 1 * unitVector 1 +
              (2 * (![0, -1, 0, 0] ᵥ* r.steering) 2 * unitVector 2 +
                2 * (![0, -1, 0, 0] ᵥ* r.steering) 3 * unitVector 3))) ^
          2 -
      (2 * (![0, 0, -1, 0] ᵥ* r.steering) 0 * unitVector 0 +
          (2 * (![0, 0, -1, 0] ᵥ* r.steering) 1 * unitVector 1 +
            (2 * (![0, 0, -1, 0] ᵥ* r.steering) 2 * unitVector 2 +
              2 * (![0, 0, -1, 0] ᵥ* r.steering) 3 * unitVector 3))) ^
        2
⊢ False failed
