{
  "description": "Returns a range of values from a spreadsheet. The caller must specify the spreadsheet ID and a range.",
  "httpMethod": "GET",
  "parameterOrder": [
    "spreadsheetId",
    "range"
  ],
  "parameters": {
    "dateTimeRenderOption": {
      "description": "How dates, times, and durations should be represented in the output. This is ignored if value_render_option is FORMATTED_VALUE. The default dateTime render option is SERIAL_NUMBER.",
      "enum": [
        "SERIAL_NUMBER",
        "FORMATTED_STRING"
      ],
      "location": "query",
      "required": false,
      "type": "string"
    },
    "majorDimension": {
      "description": "The major dimension that results should use. For example, if the spreadsheet data in Sheet1 is: `A1=1,B1=2,A2=3,B2=4`, then requesting `range=Sheet1!A1:B2?majorDimension=ROWS` returns `[[1,2],[3,4]]`, whereas requesting `range=Sheet1!A1:B2?majorDimension=COLUMNS` returns `[[1,3],[2,4]]`.",
      "enum": [
        "DIMENSION_UNSPECIFIED",
        "ROWS",
        "COLUMNS"
      ],
      "location": "query",
      "required": false,
      "type": "string"
    },
    "range": {
      "description": "The [A1 notation or R1C1 notation](https://developers.google.com/workspace/sheets/api/guides/concepts#cell) of the range to retrieve values from.",
      "location": "path",
      "required": true,
      "type": "string"
    },
    "spreadsheetId": {
      "description": "The ID of the spreadsheet to retrieve data from.",
      "location": "path",
      "required": true,
      "type": "string"
    },
    "valueRenderOption": {
      "description": "How values should be represented in the output. The default render option is FORMATTED_VALUE.",
      "enum": [
        "FORMATTED_VALUE",
        "UNFORMATTED_VALUE",
        "FORMULA"
      ],
      "location": "query",
      "required": false,
      "type": "string"
    }
  },
  "path": "v4/spreadsheets/{spreadsheetId}/values/{range}",
  "response": {
    "schema": {
      "description": "Data within a range of the spreadsheet.",
      "properties": {
        "majorDimension": {
          "description": "The major dimension of the values. For output, if the spreadsheet data is: `A1=1,B1=2,A2=3,B2=4`, then requesting `range=A1:B2,majorDimension=ROWS` will return `[[1,2],[3,4]]`, whereas requesting `range=A1:B2,majorDimension=COLUMNS` will return `[[1,3],[2,4]]`. For input, with `range=A1:B2,majorDimension=ROWS` then `[[1,2],[3,4]]` will set `A1=1,B1=2,A2=3,B2=4`. With `range=A1:B2,majorDimension=COLUMNS` then `[[1,2],[3,4]]` will set `A1=1,B1=3,A2=2,B2=4`. When writing, if this field is not set, it defaults to ROWS.",
          "type": "string"
        },
        "range": {
          "description": "The range the values cover, in [A1 notation](https://developers.google.com/workspace/sheets/api/guides/concepts#cell). For output, this range indicates the entire requested range, even though the values will exclude trailing rows and columns. When appending values, this field represents the range to search for a table, after which values will be appended.",
          "type": "string"
        },
        "values": {
          "description": "The data that was read or to be written. This is an array of arrays, the outer array representing all the data and each inner array representing a major dimension. Each item in the inner array corresponds with one cell. For output, empty trailing rows and columns will not be included. For input, supported value types are: bool, string, and double. Null values will be skipped. To set a cell to an empty value, set the string value to an empty string.",
          "items": {
            "type": "array"
          },
          "type": "array"
        }
      },
      "type": "object"
    },
    "schemaRef": "ValueRange"
  },
  "scopes": [
    "https://www.googleapis.com/auth/drive",
    "https://www.googleapis.com/auth/drive.file",
    "https://www.googleapis.com/auth/drive.readonly",
    "https://www.googleapis.com/auth/spreadsheets",
    "https://www.googleapis.com/auth/spreadsheets.readonly"
  ]
}
