{
  "description": "Returns the spreadsheet at the given ID. The caller must specify the spreadsheet ID. By default, data within grids is not returned. You can include grid data in one of 2 ways: * Specify a [field mask](https://developers.google.com/workspace/sheets/api/guides/field-masks) listing your desired fields using the `fields` URL parameter in HTTP * Set the includeGridData URL parameter to true. If a field mask is set, the `includeGridData` parameter is ignored For large spreadsheets, as a best practice, retrieve only the specific spreadsheet fields that you want. To retrieve only subsets of spreadsheet data, use the ranges URL parameter. Ranges are specified using [A1 notation](https://developers.google.com/workspace/sheets/api/guides/concepts#cell). You can define a single cell (for example, `A1`) or multiple cells (for example, `A1:D5`). You can also get cells from other sheets within the same spreadsheet (for example, `Sheet2!A1:C4`) or retrieve multiple ranges at once (for example, `?ranges=A1:D5&ranges=Sheet2!A1:C4`). Limiting the range returns only the portions of the spreadsheet that intersect the requested ranges.",
  "httpMethod": "GET",
  "parameterOrder": [
    "spreadsheetId"
  ],
  "parameters": {
    "commentsViewMode": {
      "description": "The comments view mode to apply to the spreadsheet. This allows viewing the spreadsheet with comments omitted or included. If one is not specified, COMMENTS_VIEW_MODE_OMITTED is used. [Developer Preview](https://developers.google.com/workspace/preview).",
      "enum": [
        "COMMENTS_VIEW_MODE_UNSPECIFIED",
        "COMMENTS_VIEW_MODE_DEFAULT_FOR_CURRENT_ACCESS",
        "COMMENTS_VIEW_MODE_OMITTED",
        "COMMENTS_VIEW_MODE_INCLUDED"
      ],
      "location": "query",
      "required": false,
      "type": "string"
    },
    "excludeTablesInBandedRanges": {
      "description": "True if tables should be excluded in the banded ranges. False if not set.",
      "location": "query",
      "required": false,
      "type": "boolean"
    },
    "includeGridData": {
      "description": "True if grid data should be returned. This parameter is ignored if a field mask was set in the request.",
      "location": "query",
      "required": false,
      "type": "boolean"
    },
    "ranges": {
      "description": "The ranges to retrieve from the spreadsheet.",
      "location": "query",
      "repeated": true,
      "required": false,
      "type": "string"
    },
    "spreadsheetId": {
      "description": "The spreadsheet to request.",
      "location": "path",
      "required": true,
      "type": "string"
    }
  },
  "path": "v4/spreadsheets/{spreadsheetId}",
  "response": {
    "schema": {
      "description": "Resource that represents a spreadsheet.",
      "properties": {
        "comments": {
          "description": "The comment threads associated with the spreadsheet. [Developer Preview](https://developers.google.com/workspace/preview).",
          "items": {
            "$ref": "CommentThread"
          },
          "type": "array"
        },
        "commentsViewMode": {
          "description": "Output only. The comments view mode applied to the spreadsheet. [Developer Preview](https://developers.google.com/workspace/preview).",
          "type": "string"
        },
        "dataSourceSchedules": {
          "description": "Output only. A list of data source refresh schedules.",
          "items": {
            "$ref": "DataSourceRefreshSchedule"
          },
          "readOnly": true,
          "type": "array"
        },
        "dataSources": {
          "description": "A list of external data sources connected with the spreadsheet.",
          "items": {
            "$ref": "DataSource"
          },
          "type": "array"
        },
        "developerMetadata": {
          "description": "The developer metadata associated with a spreadsheet.",
          "items": {
            "$ref": "DeveloperMetadata"
          },
          "type": "array"
        },
        "namedRanges": {
          "description": "The named ranges defined in a spreadsheet.",
          "items": {
            "$ref": "NamedRange"
          },
          "type": "array"
        },
        "properties": {
          "$ref": "SpreadsheetProperties",
          "description": "Overall properties of a spreadsheet."
        },
        "sheets": {
          "description": "The sheets that are part of a spreadsheet.",
          "items": {
            "$ref": "Sheet"
          },
          "type": "array"
        },
        "spreadsheetId": {
          "description": "The ID of the spreadsheet. This field is read-only.",
          "type": "string"
        },
        "spreadsheetUrl": {
          "description": "The url of the spreadsheet. This field is read-only.",
          "type": "string"
        }
      },
      "type": "object"
    },
    "schemaRef": "Spreadsheet"
  },
  "scopes": [
    "https://www.googleapis.com/auth/drive",
    "https://www.googleapis.com/auth/drive.file",
    "https://www.googleapis.com/auth/drive.readonly",
    "https://www.googleapis.com/auth/spreadsheets",
    "https://www.googleapis.com/auth/spreadsheets.readonly"
  ]
}
