{
  "properties": {
    "title": "Papers"
  },
  "sheets": [
    {
      "properties": {
        "sheetId": 0,
        "title": "Papers"
      }
    },
    {
      "properties": {
        "sheetId": 535863900,
        "title": "QBio Bets"
      }
    },
    {
      "properties": {
        "sheetId": 2063981425,
        "title": "QBio Coauthors"
      }
    },
    {
      "properties": {
        "sheetId": 1308193513,
        "title": "QuantPH Bets"
      }
    },
    {
      "properties": {
        "sheetId": 1416837106,
        "title": "QuantPh Coauthors"
      }
    },
    {
      "properties": {
        "sheetId": 270463771,
        "title": "Impact Scoring"
      }
    },
    {
      "properties": {
        "sheetId": 1254632077,
        "title": "Math Puzzles"
      }
    }
  ],
  "spreadsheetId": "1ZljUv5Q98jNXLoHK8WjwrkzSm3dhHC1-7LElcOU7y20"
}
