⚠ [2824/2827] Replayed Bell.HilbertCoordinates
warning: ././././Bell/HilbertCoordinates.lean:20:8: automatically included section variable(s) unused in theorem 'Bell.Hilbert.basisInner_zero_left':
  [DecidableEq ι]
consider restructuring your `variable` declarations so that the variables are not in scope or explicitly omit them:
  omit [DecidableEq ι] in theorem ...
note: this linter can be disabled with `set_option linter.unusedSectionVars false`
warning: ././././Bell/HilbertCoordinates.lean:22:8: automatically included section variable(s) unused in theorem 'Bell.Hilbert.basisInner_zero_right':
  [DecidableEq ι]
consider restructuring your `variable` declarations so that the variables are not in scope or explicitly omit them:
  omit [DecidableEq ι] in theorem ...
note: this linter can be disabled with `set_option linter.unusedSectionVars false`
warning: ././././Bell/HilbertCoordinates.lean:24:8: automatically included section variable(s) unused in theorem 'Bell.Hilbert.basisInner_add_left':
  [DecidableEq ι]
consider restructuring your `variable` declarations so that the variables are not in scope or explicitly omit them:
  omit [DecidableEq ι] in theorem ...
note: this linter can be disabled with `set_option linter.unusedSectionVars false`
warning: ././././Bell/HilbertCoordinates.lean:27:8: automatically included section variable(s) unused in theorem 'Bell.Hilbert.basisInner_add_right':
  [DecidableEq ι]
consider restructuring your `variable` declarations so that the variables are not in scope or explicitly omit them:
  omit [DecidableEq ι] in theorem ...
note: this linter can be disabled with `set_option linter.unusedSectionVars false`
warning: ././././Bell/HilbertCoordinates.lean:65:0: automatically included section variable(s) unused in theorem 'Bell.Hilbert.basisInner_self_nonneg':
  [DecidableEq ι]
consider restructuring your `variable` declarations so that the variables are not in scope or explicitly omit them:
  omit [DecidableEq ι] in theorem ...
note: this linter can be disabled with `set_option linter.unusedSectionVars false`
warning: ././././Bell/HilbertCoordinates.lean:68:0: automatically included section variable(s) unused in theorem 'Bell.Hilbert.basisInner_self_eq_zero_iff':
  [DecidableEq ι]
consider restructuring your `variable` declarations so that the variables are not in scope or explicitly omit them:
  omit [DecidableEq ι] in theorem ...
note: this linter can be disabled with `set_option linter.unusedSectionVars false`
warning: ././././Bell/HilbertCoordinates.lean:73:8: automatically included section variable(s) unused in theorem 'Bell.Hilbert.basisInner_smul_left':
  [DecidableEq ι]
consider restructuring your `variable` declarations so that the variables are not in scope or explicitly omit them:
  omit [DecidableEq ι] in theorem ...
note: this linter can be disabled with `set_option linter.unusedSectionVars false`
warning: ././././Bell/HilbertCoordinates.lean:76:8: automatically included section variable(s) unused in theorem 'Bell.Hilbert.basisInner_smul_right':
  [DecidableEq ι]
consider restructuring your `variable` declarations so that the variables are not in scope or explicitly omit them:
  omit [DecidableEq ι] in theorem ...
note: this linter can be disabled with `set_option linter.unusedSectionVars false`
warning: ././././Bell/HilbertCoordinates.lean:80:0: automatically included section variable(s) unused in theorem 'Bell.Hilbert.basisInner_conj_symm':
  [DecidableEq ι]
consider restructuring your `variable` declarations so that the variables are not in scope or explicitly omit them:
  omit [DecidableEq ι] in theorem ...
note: this linter can be disabled with `set_option linter.unusedSectionVars false`
warning: ././././Bell/HilbertCoordinates.lean:88:0: automatically included section variable(s) unused in theorem 'Bell.Hilbert.orthonormal_basisInner':
  [DecidableEq ι]
consider restructuring your `variable` declarations so that the variables are not in scope or explicitly omit them:
  omit [DecidableEq ι] in theorem ...
note: this linter can be disabled with `set_option linter.unusedSectionVars false`
⚠ [2825/2827] Replayed Bell.IsometricCompression
warning: ././././Bell/IsometricCompression.lean:19:1: automatically included section variable(s) unused in theorem 'Bell.IsometricCompression.embed_positive':
  [DecidableEq m]
  [DecidableEq n]
consider restructuring your `variable` declarations so that the variables are not in scope or explicitly omit them:
  omit [DecidableEq m] [DecidableEq n] in theorem ...
note: this linter can be disabled with `set_option linter.unusedSectionVars false`
warning: ././././Bell/IsometricCompression.lean:23:0: automatically included section variable(s) unused in theorem 'Bell.IsometricCompression.embed_trace':
  [DecidableEq m]
consider restructuring your `variable` declarations so that the variables are not in scope or explicitly omit them:
  omit [DecidableEq m] in theorem ...
note: this linter can be disabled with `set_option linter.unusedSectionVars false`
warning: ././././Bell/IsometricCompression.lean:28:0: automatically included section variable(s) unused in theorem 'Bell.IsometricCompression.embed_mul':
  [DecidableEq m]
consider restructuring your `variable` declarations so that the variables are not in scope or explicitly omit them:
  omit [DecidableEq m] in theorem ...
note: this linter can be disabled with `set_option linter.unusedSectionVars false`
warning: ././././Bell/IsometricCompression.lean:36:0: automatically included section variable(s) unused in theorem 'Bell.IsometricCompression.support_idempotent':
  [DecidableEq m]
consider restructuring your `variable` declarations so that the variables are not in scope or explicitly omit them:
  omit [DecidableEq m] in theorem ...
note: this linter can be disabled with `set_option linter.unusedSectionVars false`
warning: ././././Bell/IsometricCompression.lean:42:1: automatically included section variable(s) unused in theorem 'Bell.IsometricCompression.complement_hermitian':
  [Fintype m]
  [DecidableEq n]
consider restructuring your `variable` declarations so that the variables are not in scope or explicitly omit them:
  omit [Fintype m] [DecidableEq n] in theorem ...
note: this linter can be disabled with `set_option linter.unusedSectionVars false`
warning: ././././Bell/IsometricCompression.lean:76:1: automatically included section variable(s) unused in theorem 'Bell.IsometricCompression.embed_zero':
  [Fintype m]
  [DecidableEq m]
  [DecidableEq n]
consider restructuring your `variable` declarations so that the variables are not in scope or explicitly omit them:
  omit [Fintype m] [DecidableEq m] [DecidableEq n] in theorem ...
note: this linter can be disabled with `set_option linter.unusedSectionVars false`
warning: ././././Bell/IsometricCompression.lean:78:1: automatically included section variable(s) unused in theorem 'Bell.IsometricCompression.embed_one_add_complement':
  [Fintype m]
consider restructuring your `variable` declarations so that the variables are not in scope or explicitly omit them:
  omit [Fintype m] in theorem ...
note: this linter can be disabled with `set_option linter.unusedSectionVars false`
warning: ././././Bell/IsometricCompression.lean:87:0: automatically included section variable(s) unused in theorem 'Bell.IsometricCompression.paddedEffect_positive':
  [Fintype α]
consider restructuring your `variable` declarations so that the variables are not in scope or explicitly omit them:
  omit [Fintype α] in theorem ...
note: this linter can be disabled with `set_option linter.unusedSectionVars false`
warning: ././././Bell/IsometricCompression.lean:103:0: automatically included section variable(s) unused in theorem 'Bell.IsometricCompression.paddedEffect_idempotent':
  [Fintype α]
consider restructuring your `variable` declarations so that the variables are not in scope or explicitly omit them:
  omit [Fintype α] in theorem ...
note: this linter can be disabled with `set_option linter.unusedSectionVars false`
warning: ././././Bell/IsometricCompression.lean:114:0: automatically included section variable(s) unused in theorem 'Bell.IsometricCompression.paddedEffect_orthogonal':
  [Fintype α]
consider restructuring your `variable` declarations so that the variables are not in scope or explicitly omit them:
  omit [Fintype α] in theorem ...
note: this linter can be disabled with `set_option linter.unusedSectionVars false`
warning: ././././Bell/IsometricCompression.lean:127:0: automatically included section variable(s) unused in theorem 'Bell.IsometricCompression.compress_paddedEffect':
  [Fintype α]
consider restructuring your `variable` declarations so that the variables are not in scope or explicitly omit them:
  omit [Fintype α] in theorem ...
note: this linter can be disabled with `set_option linter.unusedSectionVars false`
warning: ././././Bell/IsometricCompression.lean:147:0: automatically included section variable(s) unused in theorem 'Bell.IsometricCompression.kronecker_conjTranspose':
  [Fintype m]
  [Fintype n]
  [Fintype p]
  [Fintype q]
  [DecidableEq m]
  [DecidableEq n]
  [DecidableEq p]
  [DecidableEq q]
consider restructuring your `variable` declarations so that the variables are not in scope or explicitly omit them:
  omit [Fintype
  m] [Fintype n] [Fintype p] [Fintype q] [DecidableEq m] [DecidableEq n] [DecidableEq p] [DecidableEq q] in theorem ...
note: this linter can be disabled with `set_option linter.unusedSectionVars false`
warning: ././././Bell/IsometricCompression.lean:164:0: automatically included section variable(s) unused in theorem 'Bell.IsometricCompression.trace_embed_pairing':
  [DecidableEq m]
  [DecidableEq n]
consider restructuring your `variable` declarations so that the variables are not in scope or explicitly omit them:
  omit [DecidableEq m] [DecidableEq n] in theorem ...
note: this linter can be disabled with `set_option linter.unusedSectionVars false`
⚠ [2826/2827] Replayed Bell.HilbertIsometry
warning: ././././Bell/HilbertIsometry.lean:13:0: automatically included section variable(s) unused in theorem 'Bell.Hilbert.matrix_inner_preservation':
  [DecidableEq m]
consider restructuring your `variable` declarations so that the variables are not in scope or explicitly omit them:
  omit [DecidableEq m] in theorem ...
note: this linter can be disabled with `set_option linter.unusedSectionVars false`
⚠ [2827/2827] Built Bell.HilbertCorrespondence
warning: ././././Bell/HilbertCorrespondence.lean:90:0: automatically included section variable(s) unused in theorem 'Bell.Hilbert.POVM.coordinates_positive':
  [FiniteDimensional ℂ E]
consider restructuring your `variable` declarations so that the variables are not in scope or explicitly omit them:
  omit [FiniteDimensional ℂ E] in theorem ...
note: this linter can be disabled with `set_option linter.unusedSectionVars false`
warning: ././././Bell/HilbertCorrespondence.lean:93:0: automatically included section variable(s) unused in theorem 'Bell.Hilbert.POVM.coordinates_sum':
  [FiniteDimensional ℂ E]
consider restructuring your `variable` declarations so that the variables are not in scope or explicitly omit them:
  omit [FiniteDimensional ℂ E] in theorem ...
note: this linter can be disabled with `set_option linter.unusedSectionVars false`
warning: ././././Bell/HilbertCorrespondence.lean:98:0: automatically included section variable(s) unused in theorem 'Bell.Hilbert.PVM.coordinates_idempotent':
  [FiniteDimensional ℂ E]
consider restructuring your `variable` declarations so that the variables are not in scope or explicitly omit them:
  omit [FiniteDimensional ℂ E] in theorem ...
note: this linter can be disabled with `set_option linter.unusedSectionVars false`
warning: ././././Bell/HilbertCorrespondence.lean:102:0: automatically included section variable(s) unused in theorem 'Bell.Hilbert.PVM.coordinates_orthogonal':
  [FiniteDimensional ℂ E]
consider restructuring your `variable` declarations so that the variables are not in scope or explicitly omit them:
  omit [FiniteDimensional ℂ E] in theorem ...
note: this linter can be disabled with `set_option linter.unusedSectionVars false`
warning: ././././Bell/HilbertCorrespondence.lean:136:0: automatically included section variable(s) unused in theorem 'Bell.Hilbert.POVM.outcomes_pos':
  [FiniteDimensional ℂ E]
consider restructuring your `variable` declarations so that the variables are not in scope or explicitly omit them:
  omit [FiniteDimensional ℂ E] in theorem ...
note: this linter can be disabled with `set_option linter.unusedSectionVars false`
Build completed successfully.
