⚠ [2825/2900] Replayed Bell.Lorentz
warning: ././././Bell/Lorentz.lean:63:71: this tactic is never executed
note: this linter can be disabled with `set_option linter.unreachableTactic false`
warning: ././././Bell/Lorentz.lean:63:71: 'ring' tactic does nothing
note: this linter can be disabled with `set_option linter.unusedTactic false`
warning: ././././Bell/Lorentz.lean:114:2: Used `tac1 <;> tac2` where `(tac1; tac2)` would suffice
note: this linter can be disabled with `set_option linter.unnecessarySeqFocus false`
warning: ././././Bell/Lorentz.lean:118:62: Used `tac1 <;> tac2` where `(tac1; tac2)` would suffice
note: this linter can be disabled with `set_option linter.unnecessarySeqFocus false`
warning: ././././Bell/Lorentz.lean:146:2: Used `tac1 <;> tac2` where `(tac1; tac2)` would suffice
note: this linter can be disabled with `set_option linter.unnecessarySeqFocus false`
warning: ././././Bell/Lorentz.lean:212:47: this tactic is never executed
note: this linter can be disabled with `set_option linter.unreachableTactic false`
warning: ././././Bell/Lorentz.lean:212:47: 'ring' tactic does nothing
note: this linter can be disabled with `set_option linter.unusedTactic false`
warning: ././././Bell/Lorentz.lean:218:2: Used `tac1 <;> tac2` where `(tac1; tac2)` would suffice
note: this linter can be disabled with `set_option linter.unnecessarySeqFocus false`
warning: ././././Bell/Lorentz.lean:223:2: Used `tac1 <;> tac2` where `(tac1; tac2)` would suffice
note: this linter can be disabled with `set_option linter.unnecessarySeqFocus false`
⚠ [2831/2900] Replayed Bell.MeasurementGeometry
warning: ././././Bell/MeasurementGeometry.lean:123:52: unused variable `hA`
note: this linter can be disabled with `set_option linter.unusedVariables false`
warning: ././././Bell/MeasurementGeometry.lean:124:5: unused variable `hB`
note: this linter can be disabled with `set_option linter.unusedVariables false`
⚠ [2832/2900] Replayed Bell.ClassicalProduct
warning: ././././Bell/ClassicalProduct.lean:27:0: automatically included section variable(s) unused in theorem 'Bell.ClassicalProduct.total_mass':
  [(x : X) → DecidableEq (O x)]
consider restructuring your `variable` declarations so that the variables are not in scope or explicitly omit them:
  omit [(x : X) → DecidableEq (O x)] in theorem ...
note: this linter can be disabled with `set_option linter.unusedSectionVars false`
warning: ././././Bell/ClassicalProduct.lean:42:0: automatically included section variable(s) unused in theorem 'Bell.ClassicalProduct.pin_mass':
  [(x : X) → Fintype (O x)]
consider restructuring your `variable` declarations so that the variables are not in scope or explicitly omit them:
  omit [(x : X) → Fintype (O x)] in theorem ...
note: this linter can be disabled with `set_option linter.unusedSectionVars false`
warning: ././././Bell/ClassicalProduct.lean:89:0: automatically included section variable(s) unused in theorem 'Bell.ClassicalProduct.conditional_normalized':
  [Fintype X]
  [DecidableEq X]
  [(x : X) → DecidableEq (O x)]
  [Fintype B]
  [DecidableEq B]
consider restructuring your `variable` declarations so that the variables are not in scope or explicitly omit them:
  omit [Fintype X] [DecidableEq X] [(x : X) → DecidableEq (O x)] [Fintype B] [DecidableEq B] in theorem ...
note: this linter can be disabled with `set_option linter.unusedSectionVars false`
warning: ././././Bell/ClassicalProduct.lean:95:0: automatically included section variable(s) unused in theorem 'Bell.ClassicalProduct.weight_nonnegative':
  [DecidableEq X]
  [(x : X) → Fintype (O x)]
  [(x : X) → DecidableEq (O x)]
  [Fintype B]
  [DecidableEq B]
consider restructuring your `variable` declarations so that the variables are not in scope or explicitly omit them:
  omit [DecidableEq
  X] [(x : X) → Fintype (O x)] [(x : X) → DecidableEq (O x)] [Fintype B] [DecidableEq B] in theorem ...
note: this linter can be disabled with `set_option linter.unusedSectionVars false`
warning: ././././Bell/ClassicalProduct.lean:119:0: automatically included section variable(s) unused in theorem 'Bell.ClassicalProduct.entry_zero_of_marginal_zero':
  [Fintype X]
  [DecidableEq X]
  [(x : X) → DecidableEq (O x)]
  [Fintype B]
  [DecidableEq B]
consider restructuring your `variable` declarations so that the variables are not in scope or explicitly omit them:
  omit [Fintype X] [DecidableEq X] [(x : X) → DecidableEq (O x)] [Fintype B] [DecidableEq B] in theorem ...
note: this linter can be disabled with `set_option linter.unusedSectionVars false`
⚠ [2834/2900] Replayed Bell.Witness
warning: ././././Bell/Witness.lean:137:2: Used `tac1 <;> tac2` where `(tac1; tac2)` would suffice
note: this linter can be disabled with `set_option linter.unnecessarySeqFocus false`
warning: ././././Bell/Witness.lean:224:2: Used `tac1 <;> tac2` where `(tac1; tac2)` would suffice
note: this linter can be disabled with `set_option linter.unnecessarySeqFocus false`
warning: ././././Bell/Witness.lean:224:14: Used `tac1 <;> tac2` where `(tac1; tac2)` would suffice
note: this linter can be disabled with `set_option linter.unnecessarySeqFocus false`
⚠ [2835/2900] Replayed Bell.Transportation
warning: ././././Bell/Transportation.lean:75:28: Used `tac1 <;> tac2` where `(tac1; tac2)` would suffice
note: this linter can be disabled with `set_option linter.unnecessarySeqFocus false`
⚠ [2850/2900] Replayed Bell.Targets
warning: ././././Bell/Targets.lean:26:2: Used `tac1 <;> tac2` where `(tac1; tac2)` would suffice
note: this linter can be disabled with `set_option linter.unnecessarySeqFocus false`
warning: ././././Bell/Targets.lean:27:2: Used `tac1 <;> tac2` where `(tac1; tac2)` would suffice
note: this linter can be disabled with `set_option linter.unnecessarySeqFocus false`
warning: ././././Bell/Targets.lean:28:2: Used `tac1 <;> tac2` where `(tac1; tac2)` would suffice
note: this linter can be disabled with `set_option linter.unnecessarySeqFocus false`
warning: ././././Bell/Targets.lean:34:2: Used `tac1 <;> tac2` where `(tac1; tac2)` would suffice
note: this linter can be disabled with `set_option linter.unnecessarySeqFocus false`
warning: ././././Bell/Targets.lean:35:2: Used `tac1 <;> tac2` where `(tac1; tac2)` would suffice
note: this linter can be disabled with `set_option linter.unnecessarySeqFocus false`
warning: ././././Bell/Targets.lean:36:2: Used `tac1 <;> tac2` where `(tac1; tac2)` would suffice
note: this linter can be disabled with `set_option linter.unnecessarySeqFocus false`
⚠ [2853/2900] Replayed Bell.ConeCircuits
warning: ././././Bell/ConeCircuits.lean:55:0: automatically included section variable(s) unused in theorem 'Bell.ConeCircuits.weights_convex':
  [DecidableEq ι]
consider restructuring your `variable` declarations so that the variables are not in scope or explicitly omit them:
  omit [DecidableEq ι] in theorem ...
note: this linter can be disabled with `set_option linter.unusedSectionVars false`
warning: ././././Bell/ConeCircuits.lean:61:0: automatically included section variable(s) unused in theorem 'Bell.ConeCircuits.weights_isClosed':
  [DecidableEq ι]
consider restructuring your `variable` declarations so that the variables are not in scope or explicitly omit them:
  omit [DecidableEq ι] in theorem ...
note: this linter can be disabled with `set_option linter.unusedSectionVars false`
warning: ././././Bell/ConeCircuits.lean:85:0: automatically included section variable(s) unused in theorem 'Bell.ConeCircuits.balance_sideSum':
  [DecidableEq ι]
consider restructuring your `variable` declarations so that the variables are not in scope or explicitly omit them:
  omit [DecidableEq ι] in theorem ...
note: this linter can be disabled with `set_option linter.unusedSectionVars false`
warning: ././././Bell/ConeCircuits.lean:92:0: automatically included section variable(s) unused in theorem 'Bell.ConeCircuits.mass_sideSum':
  [DecidableEq ι]
consider restructuring your `variable` declarations so that the variables are not in scope or explicitly omit them:
  omit [DecidableEq ι] in theorem ...
note: this linter can be disabled with `set_option linter.unusedSectionVars false`
warning: ././././Bell/ConeCircuits.lean:127:0: automatically included section variable(s) unused in theorem 'Bell.ConeCircuits.extreme_relation_zero':
  [DecidableEq ι]
consider restructuring your `variable` declarations so that the variables are not in scope or explicitly omit them:
  omit [DecidableEq ι] in theorem ...
note: this linter can be disabled with `set_option linter.unusedSectionVars false`
warning: ././././Bell/ConeCircuits.lean:198:0: automatically included section variable(s) unused in theorem 'Bell.ConeCircuits.sideSum_future':
  [DecidableEq ι]
consider restructuring your `variable` declarations so that the variables are not in scope or explicitly omit them:
  omit [DecidableEq ι] in theorem ...
note: this linter can be disabled with `set_option linter.unusedSectionVars false`
warning: ././././Bell/ConeCircuits.lean:207:8: automatically included section variable(s) unused in theorem '_private.Bell.ConeCircuits.0.Bell.ConeCircuits.singleton_side_sum':
  [DecidableEq ι]
consider restructuring your `variable` declarations so that the variables are not in scope or explicitly omit them:
  omit [DecidableEq ι] in theorem ...
note: this linter can be disabled with `set_option linter.unusedSectionVars false`
warning: ././././Bell/ConeCircuits.lean:289:4: Used `tac1 <;> tac2` where `(tac1; tac2)` would suffice
note: this linter can be disabled with `set_option linter.unnecessarySeqFocus false`
⚠ [2854/2900] Replayed Bell.CircuitRealization
warning: ././././Bell/CircuitRealization.lean:28:0: automatically included section variable(s) unused in theorem 'Bell.ConeCircuits.outcomeVector_sum':
  [DecidableEq ι]
consider restructuring your `variable` declarations so that the variables are not in scope or explicitly omit them:
  omit [DecidableEq ι] in theorem ...
note: this linter can be disabled with `set_option linter.unusedSectionVars false`
⚠ [2857/2900] Replayed Bell.ExtremeMeasurement
warning: ././././Bell/ExtremeMeasurement.lean:95:22: Used `tac1 <;> tac2` where `(tac1; tac2)` would suffice
note: this linter can be disabled with `set_option linter.unnecessarySeqFocus false`
warning: ././././Bell/ExtremeMeasurement.lean:99:22: Used `tac1 <;> tac2` where `(tac1; tac2)` would suffice
note: this linter can be disabled with `set_option linter.unnecessarySeqFocus false`
warning: ././././Bell/ExtremeMeasurement.lean:161:27: Used `tac1 <;> tac2` where `(tac1; tac2)` would suffice
note: this linter can be disabled with `set_option linter.unnecessarySeqFocus false`
warning: ././././Bell/ExtremeMeasurement.lean:161:44: Used `tac1 <;> tac2` where `(tac1; tac2)` would suffice
note: this linter can be disabled with `set_option linter.unnecessarySeqFocus false`
warning: ././././Bell/ExtremeMeasurement.lean:170:27: Used `tac1 <;> tac2` where `(tac1; tac2)` would suffice
note: this linter can be disabled with `set_option linter.unnecessarySeqFocus false`
warning: ././././Bell/ExtremeMeasurement.lean:170:44: Used `tac1 <;> tac2` where `(tac1; tac2)` would suffice
note: this linter can be disabled with `set_option linter.unnecessarySeqFocus false`
⚠ [2862/2900] Replayed Bell.RankZeroSimulation
warning: ././././Bell/RankZeroSimulation.lean:99:34: unused variable `h`
note: this linter can be disabled with `set_option linter.unusedVariables false`
⚠ [2865/2900] Replayed Bell.CommonSpanFiltering
warning: ././././Bell/CommonSpanFiltering.lean:52:28: unused variable `hH`
note: this linter can be disabled with `set_option linter.unusedVariables false`
⚠ [2868/2900] Replayed Bell.SmallOutputEncoding
warning: ././././Bell/SmallOutputEncoding.lean:77:40: unused variable `hc`
note: this linter can be disabled with `set_option linter.unusedVariables false`
⚠ [2878/2900] Replayed Bell.ResidualEncoding
warning: ././././Bell/ResidualEncoding.lean:70:55: Used `tac1 <;> tac2` where `(tac1; tac2)` would suffice
note: this linter can be disabled with `set_option linter.unnecessarySeqFocus false`
warning: ././././Bell/ResidualEncoding.lean:224:99: Used `tac1 <;> tac2` where `(tac1; tac2)` would suffice
note: this linter can be disabled with `set_option linter.unnecessarySeqFocus false`
⚠ [2885/2900] Replayed Bell.StrengthenedWitness
warning: ././././Bell/StrengthenedWitness.lean:42:2: Used `tac1 <;> tac2` where `(tac1; tac2)` would suffice
note: this linter can be disabled with `set_option linter.unnecessarySeqFocus false`
warning: ././././Bell/StrengthenedWitness.lean:47:2: Used `tac1 <;> tac2` where `(tac1; tac2)` would suffice
note: this linter can be disabled with `set_option linter.unnecessarySeqFocus false`
warning: ././././Bell/StrengthenedWitness.lean:54:6: Used `tac1 <;> tac2` where `(tac1; tac2)` would suffice
note: this linter can be disabled with `set_option linter.unnecessarySeqFocus false`
warning: ././././Bell/StrengthenedWitness.lean:114:43: this tactic is never executed
note: this linter can be disabled with `set_option linter.unreachableTactic false`
warning: ././././Bell/StrengthenedWitness.lean:114:43: 'ring' tactic does nothing
note: this linter can be disabled with `set_option linter.unusedTactic false`
warning: ././././Bell/StrengthenedWitness.lean:178:2: Used `tac1 <;> tac2` where `(tac1; tac2)` would suffice
note: this linter can be disabled with `set_option linter.unnecessarySeqFocus false`
⚠ [2891/2900] Replayed Bell.HilbertCoordinates
warning: ././././Bell/HilbertCoordinates.lean:20:8: automatically included section variable(s) unused in theorem 'Bell.Hilbert.basisInner_zero_left':
  [DecidableEq ι]
consider restructuring your `variable` declarations so that the variables are not in scope or explicitly omit them:
  omit [DecidableEq ι] in theorem ...
note: this linter can be disabled with `set_option linter.unusedSectionVars false`
warning: ././././Bell/HilbertCoordinates.lean:22:8: automatically included section variable(s) unused in theorem 'Bell.Hilbert.basisInner_zero_right':
  [DecidableEq ι]
consider restructuring your `variable` declarations so that the variables are not in scope or explicitly omit them:
  omit [DecidableEq ι] in theorem ...
note: this linter can be disabled with `set_option linter.unusedSectionVars false`
warning: ././././Bell/HilbertCoordinates.lean:24:8: automatically included section variable(s) unused in theorem 'Bell.Hilbert.basisInner_add_left':
  [DecidableEq ι]
consider restructuring your `variable` declarations so that the variables are not in scope or explicitly omit them:
  omit [DecidableEq ι] in theorem ...
note: this linter can be disabled with `set_option linter.unusedSectionVars false`
warning: ././././Bell/HilbertCoordinates.lean:27:8: automatically included section variable(s) unused in theorem 'Bell.Hilbert.basisInner_add_right':
  [DecidableEq ι]
consider restructuring your `variable` declarations so that the variables are not in scope or explicitly omit them:
  omit [DecidableEq ι] in theorem ...
note: this linter can be disabled with `set_option linter.unusedSectionVars false`
warning: ././././Bell/HilbertCoordinates.lean:65:0: automatically included section variable(s) unused in theorem 'Bell.Hilbert.basisInner_self_nonneg':
  [DecidableEq ι]
consider restructuring your `variable` declarations so that the variables are not in scope or explicitly omit them:
  omit [DecidableEq ι] in theorem ...
note: this linter can be disabled with `set_option linter.unusedSectionVars false`
warning: ././././Bell/HilbertCoordinates.lean:68:0: automatically included section variable(s) unused in theorem 'Bell.Hilbert.basisInner_self_eq_zero_iff':
  [DecidableEq ι]
consider restructuring your `variable` declarations so that the variables are not in scope or explicitly omit them:
  omit [DecidableEq ι] in theorem ...
note: this linter can be disabled with `set_option linter.unusedSectionVars false`
warning: ././././Bell/HilbertCoordinates.lean:73:8: automatically included section variable(s) unused in theorem 'Bell.Hilbert.basisInner_smul_left':
  [DecidableEq ι]
consider restructuring your `variable` declarations so that the variables are not in scope or explicitly omit them:
  omit [DecidableEq ι] in theorem ...
note: this linter can be disabled with `set_option linter.unusedSectionVars false`
warning: ././././Bell/HilbertCoordinates.lean:76:8: automatically included section variable(s) unused in theorem 'Bell.Hilbert.basisInner_smul_right':
  [DecidableEq ι]
consider restructuring your `variable` declarations so that the variables are not in scope or explicitly omit them:
  omit [DecidableEq ι] in theorem ...
note: this linter can be disabled with `set_option linter.unusedSectionVars false`
warning: ././././Bell/HilbertCoordinates.lean:80:0: automatically included section variable(s) unused in theorem 'Bell.Hilbert.basisInner_conj_symm':
  [DecidableEq ι]
consider restructuring your `variable` declarations so that the variables are not in scope or explicitly omit them:
  omit [DecidableEq ι] in theorem ...
note: this linter can be disabled with `set_option linter.unusedSectionVars false`
warning: ././././Bell/HilbertCoordinates.lean:88:0: automatically included section variable(s) unused in theorem 'Bell.Hilbert.orthonormal_basisInner':
  [DecidableEq ι]
consider restructuring your `variable` declarations so that the variables are not in scope or explicitly omit them:
  omit [DecidableEq ι] in theorem ...
note: this linter can be disabled with `set_option linter.unusedSectionVars false`
⚠ [2892/2900] Replayed Bell.IsometricCompression
warning: ././././Bell/IsometricCompression.lean:19:1: automatically included section variable(s) unused in theorem 'Bell.IsometricCompression.embed_positive':
  [DecidableEq m]
  [DecidableEq n]
consider restructuring your `variable` declarations so that the variables are not in scope or explicitly omit them:
  omit [DecidableEq m] [DecidableEq n] in theorem ...
note: this linter can be disabled with `set_option linter.unusedSectionVars false`
warning: ././././Bell/IsometricCompression.lean:23:0: automatically included section variable(s) unused in theorem 'Bell.IsometricCompression.embed_trace':
  [DecidableEq m]
consider restructuring your `variable` declarations so that the variables are not in scope or explicitly omit them:
  omit [DecidableEq m] in theorem ...
note: this linter can be disabled with `set_option linter.unusedSectionVars false`
warning: ././././Bell/IsometricCompression.lean:28:0: automatically included section variable(s) unused in theorem 'Bell.IsometricCompression.embed_mul':
  [DecidableEq m]
consider restructuring your `variable` declarations so that the variables are not in scope or explicitly omit them:
  omit [DecidableEq m] in theorem ...
note: this linter can be disabled with `set_option linter.unusedSectionVars false`
warning: ././././Bell/IsometricCompression.lean:36:0: automatically included section variable(s) unused in theorem 'Bell.IsometricCompression.support_idempotent':
  [DecidableEq m]
consider restructuring your `variable` declarations so that the variables are not in scope or explicitly omit them:
  omit [DecidableEq m] in theorem ...
note: this linter can be disabled with `set_option linter.unusedSectionVars false`
warning: ././././Bell/IsometricCompression.lean:42:1: automatically included section variable(s) unused in theorem 'Bell.IsometricCompression.complement_hermitian':
  [Fintype m]
  [DecidableEq n]
consider restructuring your `variable` declarations so that the variables are not in scope or explicitly omit them:
  omit [Fintype m] [DecidableEq n] in theorem ...
note: this linter can be disabled with `set_option linter.unusedSectionVars false`
warning: ././././Bell/IsometricCompression.lean:76:1: automatically included section variable(s) unused in theorem 'Bell.IsometricCompression.embed_zero':
  [Fintype m]
  [DecidableEq m]
  [DecidableEq n]
consider restructuring your `variable` declarations so that the variables are not in scope or explicitly omit them:
  omit [Fintype m] [DecidableEq m] [DecidableEq n] in theorem ...
note: this linter can be disabled with `set_option linter.unusedSectionVars false`
warning: ././././Bell/IsometricCompression.lean:78:1: automatically included section variable(s) unused in theorem 'Bell.IsometricCompression.embed_one_add_complement':
  [Fintype m]
consider restructuring your `variable` declarations so that the variables are not in scope or explicitly omit them:
  omit [Fintype m] in theorem ...
note: this linter can be disabled with `set_option linter.unusedSectionVars false`
warning: ././././Bell/IsometricCompression.lean:87:0: automatically included section variable(s) unused in theorem 'Bell.IsometricCompression.paddedEffect_positive':
  [Fintype α]
consider restructuring your `variable` declarations so that the variables are not in scope or explicitly omit them:
  omit [Fintype α] in theorem ...
note: this linter can be disabled with `set_option linter.unusedSectionVars false`
warning: ././././Bell/IsometricCompression.lean:103:0: automatically included section variable(s) unused in theorem 'Bell.IsometricCompression.paddedEffect_idempotent':
  [Fintype α]
consider restructuring your `variable` declarations so that the variables are not in scope or explicitly omit them:
  omit [Fintype α] in theorem ...
note: this linter can be disabled with `set_option linter.unusedSectionVars false`
warning: ././././Bell/IsometricCompression.lean:114:0: automatically included section variable(s) unused in theorem 'Bell.IsometricCompression.paddedEffect_orthogonal':
  [Fintype α]
consider restructuring your `variable` declarations so that the variables are not in scope or explicitly omit them:
  omit [Fintype α] in theorem ...
note: this linter can be disabled with `set_option linter.unusedSectionVars false`
warning: ././././Bell/IsometricCompression.lean:127:0: automatically included section variable(s) unused in theorem 'Bell.IsometricCompression.compress_paddedEffect':
  [Fintype α]
consider restructuring your `variable` declarations so that the variables are not in scope or explicitly omit them:
  omit [Fintype α] in theorem ...
note: this linter can be disabled with `set_option linter.unusedSectionVars false`
warning: ././././Bell/IsometricCompression.lean:147:0: automatically included section variable(s) unused in theorem 'Bell.IsometricCompression.kronecker_conjTranspose':
  [Fintype m]
  [Fintype n]
  [Fintype p]
  [Fintype q]
  [DecidableEq m]
  [DecidableEq n]
  [DecidableEq p]
  [DecidableEq q]
consider restructuring your `variable` declarations so that the variables are not in scope or explicitly omit them:
  omit [Fintype
  m] [Fintype n] [Fintype p] [Fintype q] [DecidableEq m] [DecidableEq n] [DecidableEq p] [DecidableEq q] in theorem ...
note: this linter can be disabled with `set_option linter.unusedSectionVars false`
warning: ././././Bell/IsometricCompression.lean:164:0: automatically included section variable(s) unused in theorem 'Bell.IsometricCompression.trace_embed_pairing':
  [DecidableEq m]
  [DecidableEq n]
consider restructuring your `variable` declarations so that the variables are not in scope or explicitly omit them:
  omit [DecidableEq m] [DecidableEq n] in theorem ...
note: this linter can be disabled with `set_option linter.unusedSectionVars false`
⚠ [2893/2900] Replayed Bell.HilbertIsometry
warning: ././././Bell/HilbertIsometry.lean:13:0: automatically included section variable(s) unused in theorem 'Bell.Hilbert.matrix_inner_preservation':
  [DecidableEq m]
consider restructuring your `variable` declarations so that the variables are not in scope or explicitly omit them:
  omit [DecidableEq m] in theorem ...
note: this linter can be disabled with `set_option linter.unusedSectionVars false`
⚠ [2894/2900] Replayed Bell.HilbertCorrespondence
warning: ././././Bell/HilbertCorrespondence.lean:90:0: automatically included section variable(s) unused in theorem 'Bell.Hilbert.POVM.coordinates_positive':
  [FiniteDimensional ℂ E]
consider restructuring your `variable` declarations so that the variables are not in scope or explicitly omit them:
  omit [FiniteDimensional ℂ E] in theorem ...
note: this linter can be disabled with `set_option linter.unusedSectionVars false`
warning: ././././Bell/HilbertCorrespondence.lean:93:0: automatically included section variable(s) unused in theorem 'Bell.Hilbert.POVM.coordinates_sum':
  [FiniteDimensional ℂ E]
consider restructuring your `variable` declarations so that the variables are not in scope or explicitly omit them:
  omit [FiniteDimensional ℂ E] in theorem ...
note: this linter can be disabled with `set_option linter.unusedSectionVars false`
warning: ././././Bell/HilbertCorrespondence.lean:98:0: automatically included section variable(s) unused in theorem 'Bell.Hilbert.PVM.coordinates_idempotent':
  [FiniteDimensional ℂ E]
consider restructuring your `variable` declarations so that the variables are not in scope or explicitly omit them:
  omit [FiniteDimensional ℂ E] in theorem ...
note: this linter can be disabled with `set_option linter.unusedSectionVars false`
warning: ././././Bell/HilbertCorrespondence.lean:102:0: automatically included section variable(s) unused in theorem 'Bell.Hilbert.PVM.coordinates_orthogonal':
  [FiniteDimensional ℂ E]
consider restructuring your `variable` declarations so that the variables are not in scope or explicitly omit them:
  omit [FiniteDimensional ℂ E] in theorem ...
note: this linter can be disabled with `set_option linter.unusedSectionVars false`
warning: ././././Bell/HilbertCorrespondence.lean:136:0: automatically included section variable(s) unused in theorem 'Bell.Hilbert.POVM.outcomes_pos':
  [FiniteDimensional ℂ E]
consider restructuring your `variable` declarations so that the variables are not in scope or explicitly omit them:
  omit [FiniteDimensional ℂ E] in theorem ...
note: this linter can be disabled with `set_option linter.unusedSectionVars false`
⚠ [2898/2900] Replayed Bell.HilbertFiniteLabels
warning: ././././Bell/HilbertFiniteLabels.lean:42:8: automatically included section variable(s) unused in theorem 'Bell.HilbertFiniteLabels.POVM.decode_encode':
  [FiniteDimensional ℂ E]
consider restructuring your `variable` declarations so that the variables are not in scope or explicitly omit them:
  omit [FiniteDimensional ℂ E] in theorem ...
note: this linter can be disabled with `set_option linter.unusedSectionVars false`
warning: ././././Bell/HilbertFiniteLabels.lean:46:8: automatically included section variable(s) unused in theorem 'Bell.HilbertFiniteLabels.POVM.encode_decode':
  [FiniteDimensional ℂ E]
consider restructuring your `variable` declarations so that the variables are not in scope or explicitly omit them:
  omit [FiniteDimensional ℂ E] in theorem ...
note: this linter can be disabled with `set_option linter.unusedSectionVars false`
warning: ././././Bell/HilbertFiniteLabels.lean:57:13: unused variable `k`
note: this linter can be disabled with `set_option linter.unusedVariables false`
warning: ././././Bell/HilbertFiniteLabels.lean:57:15: unused variable `l`
note: this linter can be disabled with `set_option linter.unusedVariables false`
warning: ././././Bell/HilbertFiniteLabels.lean:62:13: unused variable `a`
note: this linter can be disabled with `set_option linter.unusedVariables false`
warning: ././././Bell/HilbertFiniteLabels.lean:62:15: unused variable `b`
note: this linter can be disabled with `set_option linter.unusedVariables false`
warning: ././././Bell/HilbertFiniteLabels.lean:296:2: try 'simp at h' instead of 'simpa using h'
note: this linter can be disabled with `set_option linter.unnecessarySimpa false`
warning: ././././Bell/HilbertFiniteLabels.lean:302:2: try 'simp at h' instead of 'simpa using h'
note: this linter can be disabled with `set_option linter.unnecessarySimpa false`
✔ [2899/2900] Built Bell
Build completed successfully.
