import took 1.56s
type checking took 1.25s
type checking took 1.21s
type checking took 1.2s
type checking took 1.19s
type checking took 1.19s
type checking took 1.2s
type checking took 1.21s
type checking took 1.21s
type checking took 1.22s
type checking took 1.21s
type checking took 1.2s
type checking took 1.21s
type checking took 1.22s
type checking took 1.21s
type checking took 1.21s
type checking took 1.2s
type checking took 1.19s
type checking took 1.2s
type checking took 1.21s
type checking took 1.21s
type checking took 1.22s
type checking took 1.22s
type checking took 1.21s
type checking took 1.22s
type checking took 1.21s
type checking took 1.2s
type checking took 1.21s
type checking took 1.21s
type checking took 1.2s
type checking took 1.24s
type checking took 1.21s
instantiate metavars took 158ms
type checking took 1.54s
type checking took 1.17s
type checking took 1.58s
type checking took 1s
type checking took 1.34s
type checking took 1.39s
type checking took 1.47s
type checking took 1.4s
type checking took 1.4s
type checking took 1.41s
type checking took 1.02s
type checking took 1.38s
type checking took 1.33s
type checking took 1.35s
type checking took 1.35s
type checking took 977ms
type checking took 1.31s
type checking took 1.33s
type checking took 1.31s
type checking took 1.33s
type checking took 1.38s
type checking took 1.34s
type checking took 966ms
type checking took 1.27s
type checking took 1.29s
type checking took 1.03s
type checking took 1.38s
type checking took 1.37s
type checking took 1.4s
type checking took 1.39s
type checking took 938ms
instantiate metavars took 178ms
cumulative profiling times:
	.olean serialization 12.8ms
	attribute application 0.0179ms
	compilation 17.5ms
	elaboration 3.99ms
	fix level params 0.62ms
	import 1.56s
	initialization 21.7ms
	instantiate metavars 336ms
	interpretation 628ms
	linting 0.93ms
	parsing 0.4ms
	process pre-definitions 3.42ms
	share common exprs 4.76ms
	tactic execution 61.8ms
	type checking 77.7s
	typeclass inference 208ms
