import took 1.56s
type checking took 1.25s
type checking took 1.22s
type checking took 1.2s
type checking took 1.2s
type checking took 1.2s
type checking took 1.2s
type checking took 1.2s
type checking took 1.21s
type checking took 1.22s
type checking took 1.2s
type checking took 1.21s
type checking took 1.2s
type checking took 1.22s
type checking took 1.2s
type checking took 1.2s
type checking took 1.2s
type checking took 1.19s
type checking took 1.2s
type checking took 1.21s
type checking took 1.21s
type checking took 1.22s
type checking took 1.21s
type checking took 1.21s
type checking took 1.22s
type checking took 1.21s
type checking took 1.21s
type checking took 1.21s
type checking took 1.22s
type checking took 1.21s
type checking took 1.24s
type checking took 1.22s
instantiate metavars took 158ms
type checking took 1.54s
type checking took 1.59s
type checking took 1.18s
type checking took 1.34s
type checking took 1.38s
type checking took 1.42s
type checking took 1.48s
type checking took 1.4s
type checking took 1.39s
type checking took 1.06s
type checking took 1.36s
type checking took 1.38s
type checking took 1.34s
type checking took 1.35s
type checking took 1.02s
type checking took 1.3s
type checking took 1.33s
type checking took 1.34s
type checking took 1.31s
type checking took 1.35s
type checking took 1.36s
type checking took 1s
type checking took 1.29s
type checking took 1.28s
type checking took 966ms
type checking took 1.38s
type checking took 1.39s
type checking took 1.38s
type checking took 1.4s
type checking took 1.04s
type checking took 938ms
instantiate metavars took 179ms
cumulative profiling times:
	.olean serialization 42.5ms
	attribute application 0.0157ms
	compilation 17.1ms
	elaboration 3.92ms
	fix level params 0.623ms
	import 1.56s
	initialization 21.7ms
	instantiate metavars 337ms
	interpretation 628ms
	linting 1.01ms
	parsing 0.394ms
	process pre-definitions 3.24ms
	share common exprs 4.92ms
	tactic execution 61.3ms
	type checking 77.9s
	typeclass inference 208ms
