import took 1.16s
type checking took 1.22s
type checking took 1.19s
type checking took 1.19s
type checking took 1.19s
type checking took 1.21s
type checking took 1.19s
type checking took 1.21s
type checking took 1.24s
type checking took 1.21s
type checking took 1.19s
type checking took 1.2s
type checking took 1.19s
type checking took 1.21s
type checking took 1.19s
type checking took 1.22s
type checking took 1.22s
type checking took 1.2s
type checking took 1.21s
type checking took 1.2s
type checking took 1.21s
type checking took 1.26s
type checking took 1.22s
type checking took 1.21s
type checking took 1.21s
type checking took 1.22s
type checking took 1.2s
type checking took 1.23s
type checking took 1.21s
type checking took 1.26s
type checking took 1.23s
type checking took 1.28s
instantiate metavars took 167ms
type checking took 1.36s
type checking took 1.02s
type checking took 1.37s
type checking took 818ms
type checking took 850ms
type checking took 874ms
type checking took 1.22s
type checking took 1.23s
type checking took 1.26s
type checking took 1.21s
type checking took 827ms
type checking took 857ms
type checking took 838ms
type checking took 856ms
type checking took 1.17s
type checking took 805ms
type checking took 823ms
type checking took 860ms
type checking took 838ms
type checking took 883ms
type checking took 1.28s
type checking took 1.15s
type checking took 799ms
type checking took 788ms
type checking took 794ms
type checking took 843ms
type checking took 863ms
type checking took 842ms
type checking took 870ms
type checking took 1.2s
type checking took 773ms
instantiate metavars took 180ms
cumulative profiling times:
	.olean serialization 18.7ms
	attribute application 0.0215ms
	compilation 18.4ms
	elaboration 4.51ms
	fix level params 0.712ms
	import 1.16s
	initialization 21.1ms
	instantiate metavars 347ms
	interpretation 637ms
	linting 1.16ms
	parsing 0.7ms
	process pre-definitions 3.52ms
	share common exprs 5.15ms
	tactic execution 63.9ms
	type checking 67.8s
	typeclass inference 211ms
