import took 1.16s
type checking took 1.22s
type checking took 1.19s
type checking took 1.2s
type checking took 1.2s
type checking took 1.2s
type checking took 1.19s
type checking took 1.21s
type checking took 1.23s
type checking took 1.2s
type checking took 1.2s
type checking took 1.2s
type checking took 1.19s
type checking took 1.21s
type checking took 1.19s
type checking took 1.22s
type checking took 1.21s
type checking took 1.2s
type checking took 1.2s
type checking took 1.2s
type checking took 1.25s
type checking took 1.24s
type checking took 1.21s
type checking took 1.22s
type checking took 1.21s
type checking took 1.22s
type checking took 1.2s
type checking took 1.23s
type checking took 1.2s
type checking took 1.27s
type checking took 1.22s
type checking took 1.3s
instantiate metavars took 167ms
type checking took 1.42s
type checking took 1.36s
type checking took 1.42s
type checking took 850ms
type checking took 879ms
type checking took 1.25s
type checking took 1.27s
type checking took 963ms
type checking took 1.28s
type checking took 1.25s
type checking took 873ms
type checking took 875ms
type checking took 871ms
type checking took 1.23s
type checking took 1.2s
type checking took 862ms
type checking took 885ms
type checking took 896ms
type checking took 966ms
type checking took 1.21s
type checking took 1.21s
type checking took 1.17s
type checking took 828ms
type checking took 829ms
type checking took 829ms
type checking took 885ms
type checking took 902ms
type checking took 896ms
type checking took 1.26s
type checking took 1.28s
type checking took 807ms
instantiate metavars took 180ms
cumulative profiling times:
	.olean serialization 9.4ms
	attribute application 0.0178ms
	compilation 18.6ms
	elaboration 4.6ms
	fix level params 0.624ms
	import 1.16s
	initialization 21.3ms
	instantiate metavars 347ms
	interpretation 631ms
	linting 1.12ms
	parsing 0.43ms
	process pre-definitions 3.25ms
	share common exprs 4.76ms
	tactic execution 63.4ms
	type checking 70.4s
	typeclass inference 213ms
