import took 1.24s
type checking took 1.26s
type checking took 1.24s
type checking took 1.25s
type checking took 1.24s
type checking took 1.21s
type checking took 1.21s
type checking took 1.26s
type checking took 1.21s
type checking took 1.21s
type checking took 1.22s
type checking took 1.2s
type checking took 1.19s
type checking took 1.22s
type checking took 1.22s
type checking took 1.21s
type checking took 1.22s
type checking took 1.22s
type checking took 1.24s
type checking took 1.21s
type checking took 1.22s
type checking took 1.22s
type checking took 1.19s
type checking took 1.21s
type checking took 1.23s
type checking took 1.22s
type checking took 1.21s
type checking took 1.21s
type checking took 1.21s
type checking took 1.21s
type checking took 1.2s
type checking took 1.2s
instantiate metavars took 161ms
type checking took 1.4s
type checking took 1.4s
type checking took 1.42s
type checking took 877ms
type checking took 1.22s
type checking took 906ms
type checking took 1.27s
type checking took 1.27s
type checking took 933ms
type checking took 1.26s
type checking took 882ms
type checking took 901ms
type checking took 1.19s
type checking took 1.28s
type checking took 1.27s
type checking took 855ms
type checking took 880ms
type checking took 883ms
type checking took 1.21s
type checking took 1.26s
type checking took 1.27s
type checking took 864ms
type checking took 829ms
type checking took 832ms
type checking took 842ms
type checking took 896ms
type checking took 1s
type checking took 1.26s
type checking took 1.26s
type checking took 1.25s
type checking took 840ms
instantiate metavars took 182ms
cumulative profiling times:
	.olean serialization 11.8ms
	attribute application 0.0185ms
	compilation 19.1ms
	elaboration 4.52ms
	fix level params 0.667ms
	import 1.24s
	initialization 21.5ms
	instantiate metavars 342ms
	interpretation 632ms
	linting 1.09ms
	parsing 0.568ms
	process pre-definitions 3.55ms
	share common exprs 5.06ms
	tactic execution 65.5ms
	type checking 71.5s
	typeclass inference 216ms
