import took 1.16s
type checking took 1.29s
type checking took 1.24s
type checking took 1.21s
type checking took 1.22s
type checking took 1.26s
type checking took 1.21s
type checking took 1.22s
type checking took 1.22s
type checking took 1.21s
type checking took 1.2s
type checking took 1.21s
type checking took 1.22s
type checking took 1.23s
type checking took 1.22s
type checking took 1.22s
type checking took 1.23s
type checking took 1.19s
type checking took 1.22s
type checking took 1.21s
type checking took 1.21s
type checking took 1.23s
type checking took 1.22s
type checking took 1.22s
type checking took 1.21s
type checking took 1.2s
type checking took 1.21s
type checking took 1.21s
type checking took 1.2s
type checking took 1.21s
type checking took 1.21s
type checking took 1.21s
instantiate metavars took 160ms
type checking took 1.09s
type checking took 1.43s
type checking took 1.43s
type checking took 1.22s
type checking took 1.26s
type checking took 1.26s
type checking took 928ms
type checking took 1.3s
type checking took 1.3s
type checking took 1.23s
type checking took 912ms
type checking took 1.3s
type checking took 1.22s
type checking took 1.26s
type checking took 898ms
type checking took 897ms
type checking took 904ms
type checking took 1.29s
type checking took 886ms
type checking took 1.22s
type checking took 897ms
type checking took 872ms
type checking took 935ms
type checking took 867ms
type checking took 867ms
type checking took 915ms
type checking took 1.27s
type checking took 1.26s
type checking took 1.28s
type checking took 928ms
type checking took 820ms
instantiate metavars took 179ms
cumulative profiling times:
	.olean serialization 12.7ms
	attribute application 0.016ms
	compilation 18.9ms
	elaboration 4.94ms
	fix level params 0.614ms
	import 1.16s
	initialization 22.3ms
	instantiate metavars 339ms
	interpretation 628ms
	linting 1.13ms
	parsing 0.7ms
	process pre-definitions 3.3ms
	share common exprs 4.57ms
	tactic execution 65.3ms
	type checking 72s
	typeclass inference 213ms
