import took 1.15s
type checking took 1.25s
type checking took 1.23s
type checking took 1.22s
type checking took 1.21s
type checking took 1.21s
type checking took 1.21s
type checking took 1.22s
type checking took 1.2s
type checking took 1.21s
type checking took 1.22s
type checking took 1.21s
type checking took 1.21s
type checking took 1.22s
type checking took 1.21s
type checking took 1.22s
type checking took 1.2s
type checking took 1.21s
type checking took 1.22s
type checking took 1.22s
type checking took 1.21s
type checking took 1.22s
type checking took 1.22s
type checking took 1.22s
type checking took 1.25s
type checking took 1.21s
type checking took 1.22s
type checking took 1.23s
type checking took 1.28s
type checking took 1.24s
type checking took 1.21s
type checking took 1.22s
instantiate metavars took 162ms
type checking took 1.44s
type checking took 1.47s
type checking took 1.42s
type checking took 1.22s
type checking took 918ms
type checking took 1.25s
type checking took 1.26s
type checking took 911ms
type checking took 1.27s
type checking took 914ms
type checking took 1.19s
type checking took 1.22s
type checking took 1.19s
type checking took 896ms
type checking took 873ms
type checking took 845ms
type checking took 1.2s
type checking took 1.21s
type checking took 1.18s
type checking took 892ms
type checking took 874ms
type checking took 852ms
type checking took 837ms
type checking took 838ms
type checking took 854ms
type checking took 1.21s
type checking took 1.25s
type checking took 1.28s
type checking took 903ms
type checking took 892ms
type checking took 817ms
instantiate metavars took 177ms
cumulative profiling times:
	.olean serialization 10.2ms
	attribute application 0.0179ms
	compilation 18.5ms
	elaboration 4.73ms
	fix level params 0.648ms
	import 1.15s
	initialization 22ms
	instantiate metavars 339ms
	interpretation 630ms
	linting 1.19ms
	parsing 0.806ms
	process pre-definitions 3.34ms
	share common exprs 5.05ms
	tactic execution 62.6ms
	type checking 71.3s
	typeclass inference 210ms
