import took 1.14s
type checking took 1.24s
type checking took 1.21s
type checking took 1.21s
type checking took 1.22s
type checking took 1.21s
type checking took 1.21s
type checking took 1.23s
type checking took 1.22s
type checking took 1.2s
type checking took 1.2s
type checking took 1.2s
type checking took 1.2s
type checking took 1.22s
type checking took 1.2s
type checking took 1.2s
type checking took 1.22s
type checking took 1.22s
type checking took 1.22s
type checking took 1.22s
type checking took 1.22s
type checking took 1.22s
type checking took 1.23s
type checking took 1.21s
type checking took 1.21s
type checking took 1.21s
type checking took 1.29s
type checking took 1.23s
type checking took 1.21s
type checking took 1.22s
type checking took 1.24s
type checking took 1.26s
instantiate metavars took 158ms
type checking took 1.38s
type checking took 1.42s
type checking took 1.39s
type checking took 1.21s
type checking took 1.25s
type checking took 933ms
type checking took 1.27s
type checking took 1.25s
type checking took 897ms
type checking took 874ms
type checking took 1.19s
type checking took 1.21s
type checking took 867ms
type checking took 877ms
type checking took 865ms
type checking took 1.18s
type checking took 1.19s
type checking took 1.21s
type checking took 846ms
type checking took 871ms
type checking took 871ms
type checking took 860ms
type checking took 821ms
type checking took 825ms
type checking took 826ms
type checking took 1.27s
type checking took 1.23s
type checking took 891ms
type checking took 904ms
type checking took 925ms
type checking took 817ms
instantiate metavars took 180ms
cumulative profiling times:
	.olean serialization 12.3ms
	attribute application 0.0175ms
	compilation 18ms
	elaboration 4.51ms
	fix level params 0.647ms
	import 1.14s
	initialization 21.3ms
	instantiate metavars 339ms
	interpretation 635ms
	linting 1.06ms
	parsing 0.723ms
	process pre-definitions 3.46ms
	share common exprs 4.74ms
	tactic execution 63ms
	type checking 70.3s
	typeclass inference 207ms
