import took 1.19s
type checking took 1.27s
type checking took 1.21s
type checking took 1.2s
type checking took 1.2s
type checking took 1.2s
type checking took 1.2s
type checking took 1.24s
type checking took 1.22s
type checking took 1.2s
type checking took 1.2s
type checking took 1.21s
type checking took 1.19s
type checking took 1.2s
type checking took 1.19s
type checking took 1.21s
type checking took 1.21s
type checking took 1.23s
type checking took 1.22s
type checking took 1.21s
type checking took 1.2s
type checking took 1.21s
type checking took 1.26s
type checking took 1.21s
type checking took 1.24s
type checking took 1.22s
type checking took 1.23s
type checking took 1.23s
type checking took 1.2s
type checking took 1.22s
type checking took 1.23s
type checking took 1.21s
instantiate metavars took 163ms
type checking took 1.36s
type checking took 1.41s
type checking took 1.04s
type checking took 1.23s
type checking took 1.24s
type checking took 1.26s
type checking took 1.24s
type checking took 896ms
type checking took 891ms
type checking took 863ms
type checking took 1.18s
type checking took 870ms
type checking took 848ms
type checking took 873ms
type checking took 840ms
type checking took 1.17s
type checking took 1.19s
type checking took 863ms
type checking took 825ms
type checking took 848ms
type checking took 851ms
type checking took 835ms
type checking took 815ms
type checking took 886ms
type checking took 833ms
type checking took 1.21s
type checking took 893ms
type checking took 863ms
type checking took 878ms
type checking took 855ms
type checking took 795ms
instantiate metavars took 179ms
cumulative profiling times:
	.olean serialization 16.2ms
	attribute application 0.0174ms
	compilation 18.2ms
	elaboration 3.93ms
	fix level params 0.647ms
	import 1.19s
	initialization 21.2ms
	instantiate metavars 342ms
	interpretation 632ms
	linting 1.11ms
	parsing 0.424ms
	process pre-definitions 3.48ms
	share common exprs 4.93ms
	tactic execution 63.1ms
	type checking 68.4s
	typeclass inference 211ms
