import took 1.14s
type checking took 1.24s
type checking took 1.19s
type checking took 1.2s
type checking took 1.2s
type checking took 1.21s
type checking took 1.22s
type checking took 1.2s
type checking took 1.21s
type checking took 1.21s
type checking took 1.2s
type checking took 1.19s
type checking took 1.2s
type checking took 1.21s
type checking took 1.21s
type checking took 1.21s
type checking took 1.22s
type checking took 1.2s
type checking took 1.2s
type checking took 1.21s
type checking took 1.26s
type checking took 1.2s
type checking took 1.24s
type checking took 1.21s
type checking took 1.21s
type checking took 1.25s
type checking took 1.22s
type checking took 1.2s
type checking took 1.22s
type checking took 1.23s
type checking took 1.21s
type checking took 1.22s
instantiate metavars took 161ms
type checking took 1.34s
type checking took 1.03s
type checking took 1.37s
type checking took 822ms
type checking took 861ms
type checking took 865ms
type checking took 882ms
type checking took 1.21s
type checking took 1.23s
type checking took 1.19s
type checking took 805ms
type checking took 835ms
type checking took 843ms
type checking took 1.17s
type checking took 1.16s
type checking took 796ms
type checking took 835ms
type checking took 827ms
type checking took 804ms
type checking took 828ms
type checking took 840ms
type checking took 818ms
type checking took 853ms
type checking took 797ms
type checking took 814ms
type checking took 836ms
type checking took 863ms
type checking took 841ms
type checking took 867ms
type checking took 1.17s
type checking took 782ms
instantiate metavars took 182ms
cumulative profiling times:
	.olean serialization 12ms
	attribute application 0.018ms
	compilation 17.4ms
	elaboration 3.96ms
	fix level params 0.631ms
	import 1.14s
	initialization 21.5ms
	instantiate metavars 343ms
	interpretation 641ms
	linting 1.02ms
	parsing 0.384ms
	process pre-definitions 3.23ms
	share common exprs 4.77ms
	tactic execution 61.8ms
	type checking 66.8s
	typeclass inference 212ms
