import took 1.18s
type checking took 1.24s
type checking took 1.22s
type checking took 1.21s
type checking took 1.2s
type checking took 1.22s
type checking took 1.2s
type checking took 1.22s
type checking took 1.23s
type checking took 1.22s
type checking took 1.2s
type checking took 1.21s
type checking took 1.33s
type checking took 1.22s
type checking took 1.22s
type checking took 1.22s
type checking took 1.21s
type checking took 1.21s
type checking took 1.21s
type checking took 1.22s
type checking took 1.2s
type checking took 1.21s
type checking took 1.22s
type checking took 1.21s
type checking took 1.21s
type checking took 1.23s
type checking took 1.21s
type checking took 1.2s
type checking took 1.22s
type checking took 1.22s
type checking took 1.2s
type checking took 1.2s
instantiate metavars took 162ms
type checking took 1.36s
type checking took 1.37s
type checking took 1.4s
type checking took 846ms
type checking took 868ms
type checking took 889ms
type checking took 1.23s
type checking took 1.24s
type checking took 1.22s
type checking took 868ms
type checking took 840ms
type checking took 853ms
type checking took 1.18s
type checking took 1.21s
type checking took 1.2s
type checking took 825ms
type checking took 840ms
type checking took 839ms
type checking took 827ms
type checking took 938ms
type checking took 845ms
type checking took 821ms
type checking took 800ms
type checking took 815ms
type checking took 819ms
type checking took 861ms
type checking took 870ms
type checking took 867ms
type checking took 1.23s
type checking took 875ms
type checking took 797ms
instantiate metavars took 179ms
cumulative profiling times:
	.olean serialization 11.7ms
	attribute application 0.0204ms
	compilation 17.7ms
	elaboration 3.92ms
	fix level params 0.657ms
	import 1.18s
	initialization 22.4ms
	instantiate metavars 341ms
	interpretation 654ms
	linting 1.1ms
	parsing 0.444ms
	process pre-definitions 3.22ms
	share common exprs 5.21ms
	tactic execution 62.3ms
	type checking 68.2s
	typeclass inference 210ms
