import took 1.19s
type checking took 1.24s
type checking took 1.23s
type checking took 1.21s
type checking took 1.21s
type checking took 1.22s
type checking took 1.21s
type checking took 1.22s
type checking took 1.24s
type checking took 1.2s
type checking took 1.21s
type checking took 1.23s
type checking took 1.36s
type checking took 1.22s
type checking took 1.22s
type checking took 1.22s
type checking took 1.22s
type checking took 1.21s
type checking took 1.21s
type checking took 1.21s
type checking took 1.21s
type checking took 1.23s
type checking took 1.21s
type checking took 1.21s
type checking took 1.21s
type checking took 1.23s
type checking took 1.22s
type checking took 1.21s
type checking took 1.23s
type checking took 1.21s
type checking took 1.22s
type checking took 1.22s
instantiate metavars took 163ms
type checking took 1.03s
type checking took 1.38s
type checking took 1.39s
type checking took 826ms
type checking took 865ms
type checking took 1.21s
type checking took 1.23s
type checking took 1.22s
type checking took 881ms
type checking took 848ms
type checking took 838ms
type checking took 1.18s
type checking took 834ms
type checking took 1.19s
type checking took 854ms
type checking took 818ms
type checking took 833ms
type checking took 828ms
type checking took 811ms
type checking took 922ms
type checking took 833ms
type checking took 812ms
type checking took 792ms
type checking took 790ms
type checking took 815ms
type checking took 858ms
type checking took 867ms
type checking took 1.16s
type checking took 874ms
type checking took 867ms
type checking took 779ms
instantiate metavars took 180ms
cumulative profiling times:
	.olean serialization 11.2ms
	attribute application 0.017ms
	compilation 18ms
	elaboration 4.03ms
	fix level params 0.622ms
	import 1.19s
	initialization 22ms
	instantiate metavars 343ms
	interpretation 627ms
	linting 1.06ms
	parsing 0.414ms
	process pre-definitions 3.22ms
	share common exprs 5.03ms
	tactic execution 62.9ms
	type checking 67.4s
	typeclass inference 212ms
