import took 1.19s
type checking took 1.26s
type checking took 1.23s
type checking took 1.21s
type checking took 1.21s
type checking took 1.2s
type checking took 1.22s
type checking took 1.22s
type checking took 1.21s
type checking took 1.24s
type checking took 1.21s
type checking took 1.22s
type checking took 1.26s
type checking took 1.21s
type checking took 1.21s
type checking took 1.2s
type checking took 1.21s
type checking took 1.26s
type checking took 1.21s
type checking took 1.21s
type checking took 1.21s
type checking took 1.21s
type checking took 1.2s
type checking took 1.21s
type checking took 1.22s
type checking took 1.2s
type checking took 1.2s
type checking took 1.23s
type checking took 1.21s
type checking took 1.21s
type checking took 1.21s
type checking took 1.21s
instantiate metavars took 160ms
type checking took 1.36s
type checking took 1.38s
type checking took 1.39s
type checking took 849ms
type checking took 1.21s
type checking took 1.23s
type checking took 1.22s
type checking took 898ms
type checking took 887ms
type checking took 871ms
type checking took 1.19s
type checking took 1.2s
type checking took 1.18s
type checking took 861ms
type checking took 861ms
type checking took 822ms
type checking took 845ms
type checking took 866ms
type checking took 847ms
type checking took 867ms
type checking took 905ms
type checking took 831ms
type checking took 822ms
type checking took 805ms
type checking took 810ms
type checking took 874ms
type checking took 1.23s
type checking took 881ms
type checking took 879ms
type checking took 864ms
type checking took 797ms
instantiate metavars took 180ms
cumulative profiling times:
	.olean serialization 10.6ms
	attribute application 0.0186ms
	compilation 17.4ms
	elaboration 3.92ms
	fix level params 0.643ms
	import 1.19s
	initialization 22ms
	instantiate metavars 341ms
	interpretation 643ms
	linting 1.04ms
	parsing 0.421ms
	process pre-definitions 3.39ms
	share common exprs 4.98ms
	tactic execution 62.4ms
	type checking 68.3s
	typeclass inference 210ms
