import took 1.2s
type checking took 1.25s
type checking took 1.23s
type checking took 1.21s
type checking took 1.21s
type checking took 1.21s
type checking took 1.21s
type checking took 1.21s
type checking took 1.2s
type checking took 1.25s
type checking took 1.23s
type checking took 1.22s
type checking took 1.25s
type checking took 1.21s
type checking took 1.21s
type checking took 1.2s
type checking took 1.2s
type checking took 1.27s
type checking took 1.21s
type checking took 1.21s
type checking took 1.22s
type checking took 1.2s
type checking took 1.2s
type checking took 1.22s
type checking took 1.21s
type checking took 1.2s
type checking took 1.21s
type checking took 1.21s
type checking took 1.21s
type checking took 1.22s
type checking took 1.21s
type checking took 1.21s
instantiate metavars took 160ms
type checking took 1.33s
type checking took 1.38s
type checking took 1.03s
type checking took 1.17s
type checking took 1.22s
type checking took 1.22s
type checking took 888ms
type checking took 879ms
type checking took 871ms
type checking took 859ms
type checking took 1.19s
type checking took 1.19s
type checking took 836ms
type checking took 865ms
type checking took 830ms
type checking took 812ms
type checking took 832ms
type checking took 841ms
type checking took 842ms
type checking took 849ms
type checking took 850ms
type checking took 879ms
type checking took 804ms
type checking took 803ms
type checking took 792ms
type checking took 1.18s
type checking took 869ms
type checking took 876ms
type checking took 868ms
type checking took 849ms
type checking took 774ms
instantiate metavars took 178ms
cumulative profiling times:
	.olean serialization 11.6ms
	attribute application 0.0167ms
	compilation 17.8ms
	elaboration 3.95ms
	fix level params 0.639ms
	import 1.2s
	initialization 22ms
	instantiate metavars 339ms
	interpretation 643ms
	linting 1.02ms
	parsing 0.411ms
	process pre-definitions 3.24ms
	share common exprs 5.11ms
	tactic execution 61.7ms
	type checking 67.2s
	typeclass inference 214ms
