import took 1.24s
type checking took 1.25s
type checking took 1.22s
type checking took 1.24s
type checking took 1.24s
type checking took 1.23s
type checking took 1.22s
type checking took 1.21s
type checking took 1.21s
type checking took 1.24s
type checking took 1.21s
type checking took 1.2s
type checking took 1.21s
type checking took 1.22s
type checking took 1.21s
type checking took 1.21s
type checking took 1.22s
type checking took 1.21s
type checking took 1.2s
type checking took 1.22s
type checking took 1.21s
type checking took 1.21s
type checking took 1.22s
type checking took 1.22s
type checking took 1.21s
type checking took 1.21s
type checking took 1.21s
type checking took 1.21s
type checking took 1.21s
type checking took 1.22s
type checking took 1.22s
type checking took 1.2s
instantiate metavars took 162ms
type checking took 1.34s
type checking took 991ms
type checking took 1.35s
type checking took 809ms
type checking took 858ms
type checking took 849ms
type checking took 862ms
type checking took 865ms
type checking took 1.21s
type checking took 1.17s
type checking took 804ms
type checking took 818ms
type checking took 812ms
type checking took 851ms
type checking took 811ms
type checking took 770ms
type checking took 803ms
type checking took 803ms
type checking took 804ms
type checking took 818ms
type checking took 821ms
type checking took 796ms
type checking took 765ms
type checking took 776ms
type checking took 777ms
type checking took 815ms
type checking took 837ms
type checking took 825ms
type checking took 932ms
type checking took 834ms
type checking took 744ms
instantiate metavars took 182ms
cumulative profiling times:
	.olean serialization 11.2ms
	attribute application 0.0204ms
	compilation 17.8ms
	elaboration 3.99ms
	fix level params 0.673ms
	import 1.24s
	initialization 21.6ms
	instantiate metavars 344ms
	interpretation 647ms
	linting 1.03ms
	parsing 0.408ms
	process pre-definitions 3.33ms
	share common exprs 5.1ms
	tactic execution 61.7ms
	type checking 65.1s
	typeclass inference 211ms
