import took 1.22s
type checking took 1.25s
type checking took 1.24s
type checking took 1.23s
type checking took 1.24s
type checking took 1.22s
type checking took 1.21s
type checking took 1.21s
type checking took 1.21s
type checking took 1.25s
type checking took 1.21s
type checking took 1.2s
type checking took 1.21s
type checking took 1.2s
type checking took 1.2s
type checking took 1.21s
type checking took 1.21s
type checking took 1.2s
type checking took 1.2s
type checking took 1.21s
type checking took 1.2s
type checking took 1.22s
type checking took 1.21s
type checking took 1.2s
type checking took 1.21s
type checking took 1.21s
type checking took 1.21s
type checking took 1.2s
type checking took 1.21s
type checking took 1.21s
type checking took 1.21s
type checking took 1.2s
instantiate metavars took 164ms
type checking took 1.37s
type checking took 1.35s
type checking took 1.38s
type checking took 843ms
type checking took 866ms
type checking took 877ms
type checking took 897ms
type checking took 1.26s
type checking took 1.23s
type checking took 1.18s
type checking took 827ms
type checking took 862ms
type checking took 836ms
type checking took 840ms
type checking took 839ms
type checking took 802ms
type checking took 842ms
type checking took 832ms
type checking took 820ms
type checking took 840ms
type checking took 835ms
type checking took 823ms
type checking took 793ms
type checking took 787ms
type checking took 792ms
type checking took 844ms
type checking took 941ms
type checking took 854ms
type checking took 873ms
type checking took 869ms
type checking took 801ms
instantiate metavars took 185ms
cumulative profiling times:
	.olean serialization 10.9ms
	attribute application 0.0177ms
	compilation 18.1ms
	elaboration 4.16ms
	fix level params 0.678ms
	import 1.22s
	initialization 22ms
	instantiate metavars 350ms
	interpretation 631ms
	linting 1.06ms
	parsing 0.411ms
	process pre-definitions 3.34ms
	share common exprs 5.3ms
	tactic execution 62.4ms
	type checking 66.5s
	typeclass inference 211ms
