import took 1.23s
type checking took 1.3s
type checking took 1.23s
type checking took 1.22s
type checking took 1.24s
type checking took 1.2s
type checking took 1.2s
type checking took 1.22s
type checking took 1.21s
type checking took 1.21s
type checking took 1.22s
type checking took 1.2s
type checking took 1.2s
type checking took 1.19s
type checking took 1.21s
type checking took 1.2s
type checking took 1.22s
type checking took 1.21s
type checking took 1.19s
type checking took 1.2s
type checking took 1.21s
type checking took 1.2s
type checking took 1.2s
type checking took 1.21s
type checking took 1.21s
type checking took 1.27s
type checking took 1.19s
type checking took 1.19s
type checking took 1.19s
type checking took 1.17s
type checking took 1.22s
type checking took 1.18s
instantiate metavars took 158ms
type checking took 1.32s
type checking took 1.35s
type checking took 1.33s
type checking took 802ms
type checking took 869ms
type checking took 866ms
type checking took 1.18s
type checking took 1.2s
type checking took 1.21s
type checking took 840ms
type checking took 806ms
type checking took 821ms
type checking took 801ms
type checking took 844ms
type checking took 820ms
type checking took 778ms
type checking took 807ms
type checking took 805ms
type checking took 805ms
type checking took 818ms
type checking took 811ms
type checking took 796ms
type checking took 773ms
type checking took 787ms
type checking took 769ms
type checking took 829ms
type checking took 841ms
type checking took 828ms
type checking took 854ms
type checking took 824ms
type checking took 766ms
instantiate metavars took 174ms
cumulative profiling times:
	.olean serialization 8.95ms
	attribute application 0.0181ms
	compilation 17.5ms
	elaboration 4.06ms
	fix level params 0.63ms
	import 1.23s
	initialization 21.7ms
	instantiate metavars 332ms
	interpretation 649ms
	linting 1.04ms
	parsing 0.448ms
	process pre-definitions 3.28ms
	share common exprs 4.81ms
	tactic execution 61.3ms
	type checking 65.5s
	typeclass inference 209ms
