import took 1.19s
type checking took 1.24s
type checking took 1.23s
type checking took 1.22s
type checking took 1.2s
type checking took 1.22s
type checking took 1.21s
type checking took 1.22s
type checking took 1.21s
type checking took 1.2s
type checking took 1.2s
type checking took 1.21s
type checking took 1.21s
type checking took 1.2s
type checking took 1.2s
type checking took 1.22s
type checking took 1.2s
type checking took 1.2s
type checking took 1.2s
type checking took 1.2s
type checking took 1.2s
type checking took 1.2s
type checking took 1.21s
type checking took 1.23s
type checking took 1.23s
type checking took 1.19s
type checking took 1.19s
type checking took 1.17s
type checking took 1.17s
type checking took 1.2s
type checking took 1.17s
type checking took 1.19s
instantiate metavars took 172ms
type checking took 990ms
type checking took 1.31s
type checking took 1.32s
type checking took 799ms
type checking took 830ms
type checking took 1.18s
type checking took 861ms
type checking took 1.18s
type checking took 844ms
type checking took 804ms
type checking took 785ms
type checking took 797ms
type checking took 801ms
type checking took 809ms
type checking took 791ms
type checking took 759ms
type checking took 782ms
type checking took 808ms
type checking took 769ms
type checking took 789ms
type checking took 809ms
type checking took 766ms
type checking took 761ms
type checking took 748ms
type checking took 751ms
type checking took 806ms
type checking took 825ms
type checking took 819ms
type checking took 830ms
type checking took 819ms
type checking took 742ms
instantiate metavars took 177ms
cumulative profiling times:
	.olean serialization 8.97ms
	attribute application 0.017ms
	compilation 17.5ms
	elaboration 3.86ms
	fix level params 0.622ms
	import 1.19s
	initialization 21.7ms
	instantiate metavars 349ms
	interpretation 629ms
	linting 0.962ms
	parsing 0.428ms
	process pre-definitions 3.29ms
	share common exprs 4.54ms
	tactic execution 60.7ms
	type checking 64.1s
	typeclass inference 208ms
