import took 1.17s
type checking took 1.18s
type checking took 1.2s
type checking took 1.2s
type checking took 1.18s
type checking took 1.19s
type checking took 1.21s
type checking took 1.17s
type checking took 1.18s
type checking took 1.17s
type checking took 1.19s
type checking took 1.17s
type checking took 1.18s
type checking took 1.21s
type checking took 1.21s
type checking took 1.18s
type checking took 1.18s
type checking took 1.2s
type checking took 1.18s
type checking took 1.18s
type checking took 1.19s
type checking took 1.17s
type checking took 1.16s
type checking took 1.17s
type checking took 1.17s
type checking took 1.18s
type checking took 1.18s
type checking took 1.2s
type checking took 1.18s
type checking took 1.18s
type checking took 1.19s
type checking took 1.18s
instantiate metavars took 158ms
type checking took 1.32s
type checking took 1.35s
type checking took 1.34s
type checking took 816ms
type checking took 1.17s
type checking took 1.21s
type checking took 1.19s
type checking took 867ms
type checking took 872ms
type checking took 832ms
type checking took 816ms
type checking took 825ms
type checking took 814ms
type checking took 825ms
type checking took 811ms
type checking took 783ms
type checking took 805ms
type checking took 804ms
type checking took 781ms
type checking took 803ms
type checking took 829ms
type checking took 814ms
type checking took 780ms
type checking took 779ms
type checking took 789ms
type checking took 835ms
type checking took 844ms
type checking took 831ms
type checking took 852ms
type checking took 836ms
type checking took 792ms
instantiate metavars took 179ms
cumulative profiling times:
	.olean serialization 8.82ms
	attribute application 0.0154ms
	compilation 17.2ms
	elaboration 3.9ms
	fix level params 0.704ms
	import 1.17s
	initialization 20.8ms
	instantiate metavars 337ms
	interpretation 638ms
	linting 0.947ms
	parsing 0.369ms
	process pre-definitions 3.28ms
	share common exprs 4.61ms
	tactic execution 59ms
	type checking 64.8s
	typeclass inference 203ms
