import took 1.15s
type checking took 1.22s
type checking took 1.19s
type checking took 1.2s
type checking took 1.19s
type checking took 1.19s
type checking took 1.19s
type checking took 1.17s
type checking took 1.18s
type checking took 1.18s
type checking took 1.2s
type checking took 1.18s
type checking took 1.19s
type checking took 1.23s
type checking took 1.18s
type checking took 1.18s
type checking took 1.2s
type checking took 1.17s
type checking took 1.18s
type checking took 1.2s
type checking took 1.19s
type checking took 1.19s
type checking took 1.17s
type checking took 1.17s
type checking took 1.19s
type checking took 1.18s
type checking took 1.2s
type checking took 1.18s
type checking took 1.19s
type checking took 1.19s
type checking took 1.18s
type checking took 1.19s
instantiate metavars took 158ms
type checking took 1.35s
type checking took 1.35s
type checking took 1.33s
type checking took 1.15s
type checking took 1.2s
type checking took 1.18s
type checking took 872ms
type checking took 875ms
type checking took 875ms
type checking took 835ms
type checking took 804ms
type checking took 826ms
type checking took 811ms
type checking took 820ms
type checking took 808ms
type checking took 781ms
type checking took 810ms
type checking took 804ms
type checking took 785ms
type checking took 825ms
type checking took 828ms
type checking took 809ms
type checking took 778ms
type checking took 786ms
type checking took 783ms
type checking took 839ms
type checking took 856ms
type checking took 840ms
type checking took 859ms
type checking took 853ms
type checking took 771ms
instantiate metavars took 175ms
cumulative profiling times:
	.olean serialization 9.02ms
	attribute application 0.0174ms
	compilation 17.4ms
	elaboration 3.95ms
	fix level params 0.642ms
	import 1.15s
	initialization 21.5ms
	instantiate metavars 333ms
	interpretation 618ms
	linting 0.936ms
	parsing 0.388ms
	process pre-definitions 3.42ms
	share common exprs 4.79ms
	tactic execution 59.8ms
	type checking 65s
	typeclass inference 203ms
