import took 1.13s
type checking took 1.23s
type checking took 1.17s
type checking took 1.16s
type checking took 1.17s
type checking took 1.19s
type checking took 1.18s
type checking took 1.2s
type checking took 1.28s
type checking took 1.2s
type checking took 1.2s
type checking took 1.2s
type checking took 1.21s
type checking took 1.2s
type checking took 1.21s
type checking took 1.2s
type checking took 1.2s
type checking took 1.18s
type checking took 1.19s
type checking took 1.19s
type checking took 1.21s
type checking took 1.19s
type checking took 1.2s
type checking took 1.22s
type checking took 1.19s
type checking took 1.2s
type checking took 1.22s
type checking took 1.22s
type checking took 1.23s
type checking took 1.22s
type checking took 1.21s
type checking took 1.13s
instantiate metavars took 151ms
type checking took 1.25s
type checking took 1.26s
type checking took 943ms
type checking took 1.11s
type checking took 1.12s
type checking took 804ms
type checking took 807ms
type checking took 795ms
type checking took 795ms
type checking took 773ms
type checking took 748ms
type checking took 764ms
type checking took 762ms
type checking took 764ms
type checking took 750ms
type checking took 730ms
type checking took 773ms
type checking took 764ms
type checking took 730ms
type checking took 770ms
type checking took 773ms
type checking took 746ms
type checking took 734ms
type checking took 734ms
type checking took 729ms
type checking took 789ms
type checking took 803ms
type checking took 794ms
type checking took 803ms
type checking took 788ms
type checking took 739ms
instantiate metavars took 172ms
cumulative profiling times:
	.olean serialization 8.57ms
	attribute application 0.0151ms
	compilation 17.2ms
	elaboration 3.83ms
	fix level params 0.617ms
	import 1.13s
	initialization 21.2ms
	instantiate metavars 324ms
	interpretation 632ms
	linting 1.03ms
	parsing 0.419ms
	process pre-definitions 3.28ms
	share common exprs 4.58ms
	tactic execution 60.2ms
	type checking 62.9s
	typeclass inference 202ms
