import took 1.12s
type checking took 1.21s
type checking took 1.17s
type checking took 1.18s
type checking took 1.17s
type checking took 1.18s
type checking took 1.22s
type checking took 1.26s
type checking took 1.22s
type checking took 1.2s
type checking took 1.21s
type checking took 1.2s
type checking took 1.2s
type checking took 1.2s
type checking took 1.19s
type checking took 1.21s
type checking took 1.21s
type checking took 1.21s
type checking took 1.2s
type checking took 1.21s
type checking took 1.2s
type checking took 1.21s
type checking took 1.2s
type checking took 1.2s
type checking took 1.2s
type checking took 1.23s
type checking took 1.22s
type checking took 1.22s
type checking took 1.24s
type checking took 1.21s
type checking took 1.14s
type checking took 1.14s
instantiate metavars took 151ms
type checking took 1.2s
type checking took 910ms
type checking took 1.23s
type checking took 753ms
type checking took 757ms
type checking took 776ms
type checking took 785ms
type checking took 777ms
type checking took 767ms
type checking took 755ms
type checking took 728ms
type checking took 753ms
type checking took 733ms
type checking took 751ms
type checking took 743ms
type checking took 713ms
type checking took 736ms
type checking took 753ms
type checking took 717ms
type checking took 741ms
type checking took 759ms
type checking took 735ms
type checking took 703ms
type checking took 710ms
type checking took 708ms
type checking took 771ms
type checking took 776ms
type checking took 762ms
type checking took 781ms
type checking took 771ms
type checking took 689ms
instantiate metavars took 176ms
cumulative profiling times:
	.olean serialization 8.6ms
	attribute application 0.0147ms
	compilation 17.3ms
	elaboration 3.72ms
	fix level params 0.625ms
	import 1.12s
	initialization 32.1ms
	instantiate metavars 327ms
	interpretation 619ms
	linting 0.973ms
	parsing 0.467ms
	process pre-definitions 3.24ms
	share common exprs 4.68ms
	tactic execution 59.8ms
	type checking 61.5s
	typeclass inference 202ms
