import took 1.11s
type checking took 1.17s
type checking took 1.15s
type checking took 1.15s
type checking took 1.16s
type checking took 1.15s
type checking took 1.14s
type checking took 1.15s
type checking took 1.17s
type checking took 1.19s
type checking took 1.2s
type checking took 1.19s
type checking took 1.18s
type checking took 1.18s
type checking took 1.18s
type checking took 1.16s
type checking took 1.14s
type checking took 1.16s
type checking took 1.15s
type checking took 1.14s
type checking took 1.13s
type checking took 1.2s
type checking took 1.17s
type checking took 1.15s
type checking took 1.17s
type checking took 1.16s
type checking took 1.15s
type checking took 1.15s
type checking took 1.17s
type checking took 1.16s
type checking took 1.15s
type checking took 1.2s
instantiate metavars took 159ms
type checking took 1.01s
type checking took 1.27s
type checking took 1.28s
type checking took 765ms
type checking took 805ms
type checking took 812ms
type checking took 836ms
type checking took 802ms
type checking took 774ms
type checking took 761ms
type checking took 730ms
type checking took 752ms
type checking took 738ms
type checking took 748ms
type checking took 737ms
type checking took 715ms
type checking took 745ms
type checking took 740ms
type checking took 711ms
type checking took 738ms
type checking took 730ms
type checking took 721ms
type checking took 694ms
type checking took 692ms
type checking took 707ms
type checking took 750ms
type checking took 764ms
type checking took 757ms
type checking took 769ms
type checking took 772ms
type checking took 702ms
instantiate metavars took 169ms
cumulative profiling times:
	.olean serialization 9.33ms
	attribute application 0.0171ms
	compilation 16.9ms
	elaboration 3.68ms
	fix level params 0.697ms
	import 1.11s
	initialization 20.7ms
	instantiate metavars 328ms
	interpretation 616ms
	linting 1.01ms
	parsing 0.424ms
	process pre-definitions 3.28ms
	share common exprs 4.52ms
	tactic execution 57.8ms
	type checking 60.7s
	typeclass inference 198ms
