import took 1.1s
type checking took 1.19s
type checking took 1.18s
type checking took 1.16s
type checking took 1.17s
type checking took 1.16s
type checking took 1.14s
type checking took 1.18s
type checking took 1.24s
type checking took 1.2s
type checking took 1.22s
type checking took 1.19s
type checking took 1.18s
type checking took 1.18s
type checking took 1.18s
type checking took 1.15s
type checking took 1.16s
type checking took 1.14s
type checking took 1.15s
type checking took 1.16s
type checking took 1.19s
type checking took 1.17s
type checking took 1.17s
type checking took 1.16s
type checking took 1.17s
type checking took 1.19s
type checking took 1.16s
type checking took 1.17s
type checking took 1.16s
type checking took 1.18s
type checking took 1.18s
type checking took 1.2s
instantiate metavars took 159ms
type checking took 1.25s
type checking took 1.29s
type checking took 946ms
type checking took 773ms
type checking took 813ms
type checking took 830ms
type checking took 815ms
type checking took 787ms
type checking took 792ms
type checking took 751ms
type checking took 735ms
type checking took 754ms
type checking took 734ms
type checking took 755ms
type checking took 766ms
type checking took 715ms
type checking took 740ms
type checking took 733ms
type checking took 719ms
type checking took 738ms
type checking took 749ms
type checking took 715ms
type checking took 705ms
type checking took 703ms
type checking took 704ms
type checking took 751ms
type checking took 771ms
type checking took 774ms
type checking took 791ms
type checking took 780ms
type checking took 729ms
instantiate metavars took 177ms
cumulative profiling times:
	.olean serialization 8.47ms
	attribute application 0.0152ms
	compilation 17ms
	elaboration 3.91ms
	fix level params 0.645ms
	import 1.1s
	initialization 21.9ms
	instantiate metavars 336ms
	interpretation 600ms
	linting 0.98ms
	parsing 0.364ms
	process pre-definitions 3.33ms
	share common exprs 5.01ms
	tactic execution 57.7ms
	type checking 61.1s
	typeclass inference 198ms
