import took 1.18s
type checking took 1.23s
type checking took 1.16s
type checking took 1.15s
type checking took 1.13s
type checking took 1.11s
type checking took 1.12s
type checking took 1.15s
type checking took 1.13s
type checking took 1.15s
type checking took 1.21s
type checking took 1.17s
type checking took 1.17s
type checking took 1.16s
type checking took 1.17s
type checking took 1.19s
type checking took 1.17s
type checking took 1.16s
type checking took 1.16s
type checking took 1.16s
type checking took 1.17s
type checking took 1.16s
type checking took 1.19s
type checking took 1.17s
type checking took 1.16s
type checking took 1.18s
type checking took 1.16s
type checking took 1.17s
type checking took 1.17s
type checking took 1.18s
type checking took 1.2s
type checking took 1.18s
instantiate metavars took 157ms
type checking took 1.36s
type checking took 1.02s
type checking took 1.38s
type checking took 821ms
type checking took 856ms
type checking took 870ms
type checking took 880ms
type checking took 1.21s
type checking took 1.21s
type checking took 1.18s
type checking took 815ms
type checking took 841ms
type checking took 825ms
type checking took 850ms
type checking took 1.15s
type checking took 801ms
type checking took 819ms
type checking took 822ms
type checking took 791ms
type checking took 828ms
type checking took 813ms
type checking took 799ms
type checking took 770ms
type checking took 785ms
type checking took 784ms
type checking took 839ms
type checking took 838ms
type checking took 851ms
type checking took 1.17s
type checking took 1.16s
type checking took 770ms
instantiate metavars took 174ms
cumulative profiling times:
	.olean serialization 9.16ms
	attribute application 0.0129ms
	compilation 17.3ms
	elaboration 3.61ms
	fix level params 0.63ms
	import 1.18s
	initialization 21.2ms
	instantiate metavars 332ms
	interpretation 625ms
	linting 1.11ms
	parsing 0.371ms
	process pre-definitions 3.34ms
	share common exprs 4.76ms
	tactic execution 59ms
	type checking 65.1s
	typeclass inference 201ms
