import took 1.09s
type checking took 1.21s
type checking took 1.12s
type checking took 1.12s
type checking took 1.12s
type checking took 1.14s
type checking took 1.15s
type checking took 1.14s
type checking took 1.13s
type checking took 1.24s
type checking took 1.18s
type checking took 1.17s
type checking took 1.17s
type checking took 1.18s
type checking took 1.18s
type checking took 1.16s
type checking took 1.17s
type checking took 1.17s
type checking took 1.18s
type checking took 1.16s
type checking took 1.18s
type checking took 1.19s
type checking took 1.17s
type checking took 1.16s
type checking took 1.17s
type checking took 1.19s
type checking took 1.19s
type checking took 1.17s
type checking took 1.17s
type checking took 1.19s
type checking took 1.17s
type checking took 1.17s
instantiate metavars took 158ms
type checking took 1.38s
type checking took 1.38s
type checking took 1.39s
type checking took 845ms
type checking took 869ms
type checking took 889ms
type checking took 1.21s
type checking took 1.22s
type checking took 1.21s
type checking took 868ms
type checking took 838ms
type checking took 856ms
type checking took 844ms
type checking took 1.18s
type checking took 850ms
type checking took 815ms
type checking took 836ms
type checking took 839ms
type checking took 813ms
type checking took 844ms
type checking took 841ms
type checking took 814ms
type checking took 808ms
type checking took 791ms
type checking took 801ms
type checking took 846ms
type checking took 865ms
type checking took 1.18s
type checking took 1.22s
type checking took 1.21s
type checking took 800ms
instantiate metavars took 173ms
cumulative profiling times:
	.olean serialization 8.43ms
	attribute application 0.0157ms
	compilation 17.3ms
	elaboration 3.83ms
	fix level params 0.622ms
	import 1.09s
	initialization 21.5ms
	instantiate metavars 331ms
	interpretation 611ms
	linting 0.93ms
	parsing 0.389ms
	process pre-definitions 3.28ms
	share common exprs 4.8ms
	tactic execution 60.4ms
	type checking 66.4s
	typeclass inference 205ms
