import took 1.09s
type checking took 1.22s
type checking took 1.18s
type checking took 1.13s
type checking took 1.15s
type checking took 1.14s
type checking took 1.21s
type checking took 1.18s
type checking took 1.15s
type checking took 1.12s
type checking took 1.12s
type checking took 1.13s
type checking took 1.16s
type checking took 1.13s
type checking took 1.14s
type checking took 1.11s
type checking took 1.13s
type checking took 1.14s
type checking took 1.18s
type checking took 1.2s
type checking took 1.16s
type checking took 1.19s
type checking took 1.17s
type checking took 1.17s
type checking took 1.16s
type checking took 1.18s
type checking took 1.18s
type checking took 1.2s
type checking took 1.16s
type checking took 1.18s
type checking took 1.17s
type checking took 1.18s
instantiate metavars took 156ms
type checking took 1.03s
type checking took 1.37s
type checking took 1.37s
type checking took 828ms
type checking took 870ms
type checking took 1.21s
type checking took 1.21s
type checking took 1.21s
type checking took 879ms
type checking took 847ms
type checking took 836ms
type checking took 845ms
type checking took 1.14s
type checking took 846ms
type checking took 819ms
type checking took 807ms
type checking took 822ms
type checking took 831ms
type checking took 805ms
type checking took 821ms
type checking took 834ms
type checking took 804ms
type checking took 780ms
type checking took 750ms
type checking took 757ms
type checking took 815ms
type checking took 1.13s
type checking took 798ms
type checking took 1.15s
type checking took 816ms
type checking took 748ms
instantiate metavars took 175ms
cumulative profiling times:
	.olean serialization 8.75ms
	attribute application 0.0148ms
	compilation 17.2ms
	elaboration 3.81ms
	fix level params 0.61ms
	import 1.09s
	initialization 21.6ms
	instantiate metavars 331ms
	interpretation 619ms
	linting 0.981ms
	parsing 0.464ms
	process pre-definitions 3.27ms
	share common exprs 4.72ms
	tactic execution 59.1ms
	type checking 64.9s
	typeclass inference 199ms
