import took 1.08s
type checking took 1.17s
type checking took 1.15s
type checking took 1.12s
type checking took 1.18s
type checking took 1.21s
type checking took 1.13s
type checking took 1.13s
type checking took 1.12s
type checking took 1.12s
type checking took 1.13s
type checking took 1.11s
type checking took 1.12s
type checking took 1.12s
type checking took 1.13s
type checking took 1.13s
type checking took 1.19s
type checking took 1.16s
type checking took 1.17s
type checking took 1.19s
type checking took 1.17s
type checking took 1.18s
type checking took 1.18s
type checking took 1.19s
type checking took 1.19s
type checking took 1.19s
type checking took 1.19s
type checking took 1.17s
type checking took 1.19s
type checking took 1.16s
type checking took 1.19s
type checking took 1.18s
instantiate metavars took 157ms
type checking took 1.37s
type checking took 1.39s
type checking took 1.37s
type checking took 848ms
type checking took 1.21s
type checking took 1.21s
type checking took 1.23s
type checking took 904ms
type checking took 887ms
type checking took 854ms
type checking took 845ms
type checking took 1.18s
type checking took 843ms
type checking took 848ms
type checking took 841ms
type checking took 825ms
type checking took 841ms
type checking took 839ms
type checking took 817ms
type checking took 805ms
type checking took 801ms
type checking took 783ms
type checking took 759ms
type checking took 775ms
type checking took 757ms
type checking took 1.15s
type checking took 1.15s
type checking took 1.17s
type checking took 897ms
type checking took 849ms
type checking took 745ms
instantiate metavars took 175ms
cumulative profiling times:
	.olean serialization 8.41ms
	attribute application 0.014ms
	compilation 17.2ms
	elaboration 3.65ms
	fix level params 0.621ms
	import 1.08s
	initialization 21ms
	instantiate metavars 332ms
	interpretation 592ms
	linting 0.926ms
	parsing 0.397ms
	process pre-definitions 3.25ms
	share common exprs 4.77ms
	tactic execution 60.1ms
	type checking 65.8s
	typeclass inference 202ms
