import took 1.06s
type checking took 1.17s
type checking took 1.17s
type checking took 1.24s
type checking took 1.21s
type checking took 1.18s
type checking took 1.19s
type checking took 1.18s
type checking took 1.18s
type checking took 1.17s
type checking took 1.18s
type checking took 1.17s
type checking took 1.17s
type checking took 1.18s
type checking took 1.17s
type checking took 1.15s
type checking took 1.16s
type checking took 1.15s
type checking took 1.16s
type checking took 1.14s
type checking took 1.16s
type checking took 1.14s
type checking took 1.17s
type checking took 1.15s
type checking took 1.16s
type checking took 1.16s
type checking took 1.17s
type checking took 1.16s
type checking took 1.16s
type checking took 1.2s
type checking took 1.19s
type checking took 1.11s
instantiate metavars took 151ms
type checking took 1.31s
type checking took 1.33s
type checking took 1.01s
type checking took 1.19s
type checking took 1.25s
type checking took 1.2s
type checking took 893ms
type checking took 874ms
type checking took 869ms
type checking took 833ms
type checking took 1.14s
type checking took 844ms
type checking took 839ms
type checking took 836ms
type checking took 823ms
type checking took 802ms
type checking took 823ms
type checking took 794ms
type checking took 771ms
type checking took 790ms
type checking took 801ms
type checking took 770ms
type checking took 774ms
type checking took 749ms
type checking took 766ms
type checking took 1.15s
type checking took 1.17s
type checking took 832ms
type checking took 834ms
type checking took 802ms
type checking took 727ms
instantiate metavars took 163ms
cumulative profiling times:
	.olean serialization 8.3ms
	attribute application 0.0131ms
	compilation 16.9ms
	elaboration 3.49ms
	fix level params 0.6ms
	import 1.06s
	initialization 20.5ms
	instantiate metavars 314ms
	interpretation 593ms
	linting 0.888ms
	parsing 0.357ms
	process pre-definitions 3.16ms
	share common exprs 4.4ms
	tactic execution 58ms
	type checking 64.9s
	typeclass inference 199ms
