import took 1.08s
type checking took 1.23s
type checking took 1.16s
type checking took 1.16s
type checking took 1.18s
type checking took 1.18s
type checking took 1.17s
type checking took 1.17s
type checking took 1.17s
type checking took 1.19s
type checking took 1.16s
type checking took 1.16s
type checking took 1.15s
type checking took 1.15s
type checking took 1.17s
type checking took 1.15s
type checking took 1.16s
type checking took 1.15s
type checking took 1.15s
type checking took 1.15s
type checking took 1.16s
type checking took 1.15s
type checking took 1.16s
type checking took 1.15s
type checking took 1.15s
type checking took 1.16s
type checking took 1.18s
type checking took 1.21s
type checking took 1.14s
type checking took 1.12s
type checking took 1.12s
type checking took 1.12s
instantiate metavars took 159ms
type checking took 907ms
type checking took 932ms
type checking took 948ms
type checking took 753ms
type checking took 782ms
type checking took 783ms
type checking took 803ms
type checking took 797ms
type checking took 777ms
type checking took 767ms
type checking took 738ms
type checking took 752ms
type checking took 757ms
type checking took 760ms
type checking took 749ms
type checking took 723ms
type checking took 748ms
type checking took 726ms
type checking took 688ms
type checking took 718ms
type checking took 712ms
type checking took 717ms
type checking took 671ms
type checking took 691ms
type checking took 672ms
type checking took 726ms
type checking took 757ms
type checking took 755ms
type checking took 755ms
type checking took 748ms
type checking took 666ms
instantiate metavars took 172ms
cumulative profiling times:
	.olean serialization 8.57ms
	attribute application 0.0135ms
	compilation 17ms
	elaboration 3.66ms
	fix level params 0.63ms
	import 1.08s
	initialization 20.2ms
	instantiate metavars 331ms
	interpretation 615ms
	linting 0.96ms
	parsing 0.373ms
	process pre-definitions 3.25ms
	share common exprs 4.62ms
	tactic execution 58.5ms
	type checking 59.5s
	typeclass inference 200ms
