{
  "arithmetic": "exact integers and rational bounds; standard library only",
  "assertions": 961,
  "by_scope": {
    "clean_dessin_order_three": 24,
    "clean_dessin_order_two": 24,
    "cosh_half_rational_upper_bound": 1,
    "cosh_tail_ratio_bound": 50,
    "count_law_gap_rational_lower_bound": 1,
    "decorated_tree_degree_counts": 99,
    "decorated_tree_merged_vertices": 99,
    "hyperbolic_triangle_and_angle_bound": 99,
    "paired_side_occurrences": 216,
    "poisson_mean_first_term_lower_bound": 1,
    "polygon_area_coefficient": 99,
    "positive_higher_intensity_terms": 1,
    "smooth_vertex_angle_sums": 24,
    "sqrt3_exceeds_5thirds_squared_certificate": 1,
    "transitive_full_face_cycle": 24,
    "triangle_orbifold_index": 99,
    "trivalent_map_counts": 99
  },
  "clean_dessin_examples": 24,
  "genera_checked_as_controls": [
    2,
    100
  ],
  "intensity_integral_rational_bounds": {
    "lower": "313494324652675082440921/1587340319367182155776000",
    "upper": "731561399028778210239220241/3704172016694702930657280000"
  },
  "scope": "Philippe triangle-group systoles and Mirzakhani-Petri Poisson convergence are credited external theorems. These controls do not certify new systole classifications or a full geometric Chapuy solution.",
  "status": "PASS",
  "strict_count_law_distance_lower_bound": "3/19"
}
