[
  {
    "name": "notes_direct",
    "requested_url": "https://www.wisdom.weizmann.ac.il/~itai/stflouraug24.pdf",
    "started_utc": "2026-10-02T01:45:40.244096+00:00",
    "error": "HTTPError: HTTP Error 404: Not Found",
    "finished_utc": "2026-10-02T01:45:43.101052+00:00"
  },
  {
    "name": "benjamini_kozma_published.pdf",
    "requested_url": "https://alea.math.cnrs.fr/articles/v10/10-02.pdf",
    "started_utc": "2026-10-02T01:45:40.244562+00:00",
    "http_status": 200,
    "final_url": "https://alea.math.cnrs.fr/articles/v10/10-02.pdf",
    "redirect_query_omitted": false,
    "content_type": "application/pdf",
    "bytes": 210036,
    "sha256": "a898970ec7c92cd4cf5e1a766880ee28341cee27cf854e8ccf05dee53bf1295d",
    "finished_utc": "2026-10-02T01:45:41.445700+00:00"
  },
  {
    "name": "benjamini_kozma_arxiv_v2.pdf",
    "requested_url": "https://arxiv.org/pdf/1105.2638v2",
    "started_utc": "2026-10-02T01:45:40.244767+00:00",
    "http_status": 200,
    "final_url": "https://arxiv.org/pdf/1105.2638v2",
    "redirect_query_omitted": false,
    "content_type": "application/pdf",
    "bytes": 147356,
    "sha256": "594ef892ce9b1ae1a3c083a77e28c098eb2647c372349c3bb9949781f4614842",
    "finished_utc": "2026-10-02T01:45:40.344340+00:00"
  },
  {
    "name": "hutchcroft_pan_current.pdf",
    "requested_url": "https://arxiv.org/pdf/2409.12283",
    "started_utc": "2026-10-02T01:45:40.244969+00:00",
    "http_status": 200,
    "final_url": "https://arxiv.org/pdf/2409.12283",
    "redirect_query_omitted": false,
    "content_type": "application/pdf",
    "bytes": 410805,
    "sha256": "098e8b111bac82ee88e0cd14b8c8dcbc0de5555217c9e186f2693cc46670784d",
    "finished_utc": "2026-10-02T01:45:40.354285+00:00"
  },
  {
    "name": "tmp/problems.json",
    "requested_url": "https://huggingface.co/datasets/ulamai/UnsolvedMath/resolve/37e53eabe540fb458758e198be61634bd02ee008/problems.json",
    "started_utc": "2026-10-02T01:45:40.245215+00:00",
    "http_status": 200,
    "final_url": "https://us.aws.cdn.hf.co/xet-bridge-us/6974adda4fe45f6aa5dd9294/9cd55f6905392357722adf30ac53ada11956d4687041f8c017c3d90464887ad8",
    "redirect_query_omitted": true,
    "content_type": "application/json; charset=utf-8",
    "bytes": 68931837,
    "sha256": "04128381e42a5e312326d74adb0947ee02062ade70229e02d3060ac4ef9942cf",
    "finished_utc": "2026-10-02T01:45:42.534697+00:00"
  },
  {
    "name": "tmp/research_results.json",
    "requested_url": "https://huggingface.co/datasets/ulamai/UnsolvedMath/resolve/37e53eabe540fb458758e198be61634bd02ee008/research_results.json",
    "started_utc": "2026-10-02T01:45:40.245404+00:00",
    "http_status": 200,
    "final_url": "https://us.aws.cdn.hf.co/xet-bridge-us/6974adda4fe45f6aa5dd9294/0c367f81ac090397eb4d7790879282d71890aabf0cedae46660507fb8f306065",
    "redirect_query_omitted": true,
    "content_type": "application/json; charset=utf-8",
    "bytes": 80334822,
    "sha256": "8da848d31c20eb4eecaa07702eced4724aa4a89f877c2a0774d9f3138389aa6b",
    "finished_utc": "2026-10-02T01:45:43.594138+00:00"
  }
]
