{
  "baseline": {
    "author": {
      "returncode": 0,
      "assertions": 4996,
      "note_hash": "2a716868a8d7e2462adf14045212a8e3d8d502312743b7c1d8aa80575b1b479f",
      "report_matches_frozen_bytes": true
    },
    "review": {
      "returncode": 0,
      "assertions": 90170,
      "note_hash": "2a716868a8d7e2462adf14045212a8e3d8d502312743b7c1d8aa80575b1b479f",
      "report_matches_frozen_bytes": true
    }
  },
  "proof_mutations": [
    {
      "name": "proof_deleted",
      "mutation_text": "",
      "bound_input_gate_rejects": true,
      "raw_checkers_still_pass": true,
      "counts_preserved": true,
      "checks": {
        "author": {
          "returncode": 0,
          "assertions": 4996,
          "note_hash": "e3b0c44298fc1c149afbf4c8996fb92427ae41e4649b934ca495991b7852b855",
          "report_matches_frozen_bytes": false
        },
        "review": {
          "returncode": 0,
          "assertions": 90170,
          "note_hash": "e3b0c44298fc1c149afbf4c8996fb92427ae41e4649b934ca495991b7852b855",
          "report_matches_frozen_bytes": false
        }
      }
    },
    {
      "name": "false_universal_claim",
      "mutation_text": "# FALSE CONTROL ONLY\nEvery infinite cluster meets every fiber infinitely, for every graph and every parameter; the complete target is solved.\n",
      "bound_input_gate_rejects": true,
      "raw_checkers_still_pass": true,
      "counts_preserved": true,
      "checks": {
        "author": {
          "returncode": 0,
          "assertions": 4996,
          "note_hash": "88dd2ba59924f67b687c0060ecd9ffe032be2963efe061c4bfcba26bd911375f",
          "report_matches_frozen_bytes": false
        },
        "review": {
          "returncode": 0,
          "assertions": 90170,
          "note_hash": "88dd2ba59924f67b687c0060ecd9ffe032be2963efe061c4bfcba26bd911375f",
          "report_matches_frozen_bytes": false
        }
      }
    }
  ],
  "source_identity_controls": [
    {
      "name": "numeric_identity_swap",
      "field": "id",
      "replacement": 10000044,
      "rejected": true
    },
    {
      "name": "code_swap",
      "field": "problem_number",
      "replacement": "AMR-099-0044",
      "rejected": true
    },
    {
      "name": "base_hypothesis_substitution",
      "field": "statement",
      "replacement": "Let $G$ be an infinite graph with $p_c(G\\times\\mathbb{Z})=1$. For Bernoulli percolation on $G\\times\\mathbb{Z}$, must every infinite cluster intersect each fiber $\\{v\\}\\times\\mathbb{Z}$ that it meets in infinitely many vertices almost surely?",
      "rejected": true
    },
    {
      "name": "json_null_to_text",
      "field": "proposed_year",
      "replacement": "null",
      "rejected": true
    }
  ],
  "action_scope_controls": {
    "original_folder_only_body_claim_rejected": true,
    "actual_changed_file_count": 16,
    "protected_column_mutation_rejected": true,
    "legacy_eight_column_replacement_rejected": true,
    "false_solved_status_rejected": true
  },
  "bounded_duplicate_hits": [
    {
      "id": 10000043,
      "code": "AMR-099-0043",
      "title": "Infinite-cluster intersections with vertical fibers",
      "statement": "Let $G$ be an infinite graph with $p_c(G)=1$. For Bernoulli percolation on $G\\times\\mathbb{Z}$, must every infinite cluster intersect each fiber $\\{v\\}\\times\\mathbb{Z}$ that it meets in infinitely many vertices almost surely?"
    },
    {
      "id": 20001496,
      "code": "AIM-GEOMETRIC_GROUP_THEORY-0005",
      "title": "A finite fibre-intersection criterion for Cannon--Thurston maps",
      "statement": "Let $G$ be a hyperbolic free-by-cyclic groups. Which subgrups of $G$ admit Cannon--Thurston maps?"
    }
  ]
}
