{
  "utc": "2026-10-02T01:50:20.436411+00:00",
  "script_sha256": "bd2f83bf9ce53cb28454a09f48267a73af3567bbea587d490d3895ba5aef30bf",
  "positive_cases": [
    {
      "cap": 1,
      "root": [
        0,
        0
      ],
      "reverse_order": false,
      "primitive_and_fallback_assignments": 8192,
      "stop_indices": [
        0,
        1,
        2,
        3,
        4,
        5,
        6,
        7
      ],
      "physical_atoms": 128,
      "exact_p": [
        "4/9",
        "1/11",
        "0",
        "1"
      ],
      "all_stopped_completed_fields_iid": true
    },
    {
      "cap": 1,
      "root": [
        0,
        0
      ],
      "reverse_order": true,
      "primitive_and_fallback_assignments": 8192,
      "stop_indices": [
        0,
        1,
        2,
        3,
        4,
        5,
        6,
        7
      ],
      "physical_atoms": 128,
      "exact_p": [
        "4/9",
        "1/11",
        "0",
        "1"
      ],
      "all_stopped_completed_fields_iid": true
    },
    {
      "cap": 1,
      "root": [
        1,
        2
      ],
      "reverse_order": false,
      "primitive_and_fallback_assignments": 8192,
      "stop_indices": [
        0,
        1,
        2,
        3,
        4,
        5,
        6,
        7
      ],
      "physical_atoms": 128,
      "exact_p": [
        "4/9",
        "1/11",
        "0",
        "1"
      ],
      "all_stopped_completed_fields_iid": true
    },
    {
      "cap": 1,
      "root": [
        1,
        2
      ],
      "reverse_order": true,
      "primitive_and_fallback_assignments": 8192,
      "stop_indices": [
        0,
        1,
        2,
        3,
        4,
        5,
        6,
        7
      ],
      "physical_atoms": 128,
      "exact_p": [
        "4/9",
        "1/11",
        "0",
        "1"
      ],
      "all_stopped_completed_fields_iid": true
    },
    {
      "cap": 2,
      "root": [
        0,
        0
      ],
      "reverse_order": false,
      "primitive_and_fallback_assignments": 32768,
      "stop_indices": [
        0,
        1,
        2,
        3,
        4,
        5,
        6,
        7
      ],
      "physical_atoms": 128,
      "exact_p": [
        "4/9",
        "1/11",
        "0",
        "1"
      ],
      "all_stopped_completed_fields_iid": true
    },
    {
      "cap": 2,
      "root": [
        0,
        0
      ],
      "reverse_order": true,
      "primitive_and_fallback_assignments": 32768,
      "stop_indices": [
        0,
        1,
        2,
        3,
        4,
        5,
        6,
        7
      ],
      "physical_atoms": 128,
      "exact_p": [
        "4/9",
        "1/11",
        "0",
        "1"
      ],
      "all_stopped_completed_fields_iid": true
    },
    {
      "cap": 2,
      "root": [
        1,
        2
      ],
      "reverse_order": false,
      "primitive_and_fallback_assignments": 32768,
      "stop_indices": [
        0,
        1,
        2,
        3,
        4,
        5,
        6,
        7
      ],
      "physical_atoms": 128,
      "exact_p": [
        "4/9",
        "1/11",
        "0",
        "1"
      ],
      "all_stopped_completed_fields_iid": true
    },
    {
      "cap": 2,
      "root": [
        1,
        2
      ],
      "reverse_order": true,
      "primitive_and_fallback_assignments": 32768,
      "stop_indices": [
        0,
        1,
        2,
        3,
        4,
        5,
        6,
        7
      ],
      "physical_atoms": 128,
      "exact_p": [
        "4/9",
        "1/11",
        "0",
        "1"
      ],
      "all_stopped_completed_fields_iid": true
    }
  ],
  "broken_variants": [
    {
      "mutation": "anticipating_horizontal_OR",
      "detected": true,
      "bad_stop_atoms": 608,
      "witness": {
        "stop": 2,
        "bits": [
          0,
          0,
          0,
          0,
          0,
          0,
          0
        ],
        "actual": "390625/43046721",
        "iid_expected": "78125/4782969"
      }
    },
    {
      "mutation": "fallback_reuses_first_reservoir",
      "detected": true,
      "bad_stop_atoms": 1020,
      "witness": {
        "stop": 0,
        "bits": [
          0,
          0,
          0,
          0,
          0,
          0,
          0
        ],
        "actual": "3125/59049",
        "iid_expected": "78125/4782969"
      }
    }
  ],
  "W_Y_independence_false_control": {
    "P_Wcrossing_and_Yopen": "4/9",
    "independent_expected": "224/729",
    "actual_covariance": "100/729"
  },
  "checks": 38627,
  "all_passed": true,
  "scope": "Exact finite primitive/fallback enumeration on K2\u00d7P3 at every stop. This supplements the written countable-cylinder proof and does not prove infinite-volume assertions."
}
