{
  "environment": "production",
  "title": "Fixed-generator positive factorizations in Wajnryb's Artin A5 quotient",
  "files": [
    {
      "name": "fixed_generator_classification.pdf",
      "size": 90692,
      "sha256": "7999e21014583fb9ae09a3c1d50b864cb65efa810863b805e0045f84ecc0570c"
    },
    {
      "name": "wajnryb-artin-a5-verification.zip",
      "size": 1239838,
      "sha256": "755ceb4b566bf69dfed1a3c947c37418fa864ad861f2dabda409f9b288657443"
    }
  ],
  "metadata_normalizations": [],
  "id": 23124601,
  "state": "published",
  "doi": "10.5281/zenodo.23124601",
  "doi_url": "https://doi.org/10.5281/zenodo.23124601",
  "record_url": "https://zenodo.org/records/23124601",
  "url": "https://doi.org/10.5281/zenodo.23124601",
  "verified_utc": "2026-10-03T16:52:01.443003+00:00",
  "doi_resolution": {
    "status": "resolved",
    "http_status": 200,
    "url": "https://doi.org/10.5281/zenodo.23124601",
    "resolved_url": "https://zenodo.org/records/23124601"
  },
  "receipt_saved": true
}
