{
  "all_checks_passed": true,
  "analytic": {
    "candidate_constant": 0.04737857129996504,
    "convolution_cases": 2304,
    "largest_later_coefficient": -0.11033724659343613,
    "later_coefficients_strictly_negative": true,
    "telescoping_cases": 209
  },
  "cube": {
    "max_classes": {
      "(2, 0)": 1,
      "(2, 1)": 3,
      "(3, 0)": 1,
      "(3, 1)": 3,
      "(3, 2)": 7,
      "(4, 0)": 1,
      "(4, 1)": 3,
      "(4, 2)": 7,
      "(4, 3)": 15
    },
    "spaces_checked": 25
  },
  "family": {
    "families_checked": 3750,
    "pivot_root_checks": 2694,
    "row_restrictions_checked": 2694,
    "same_log_band_cases": 970,
    "zero_rank_families": 2313
  },
  "odds": {
    "deletion_identities_checked": 2187,
    "deterministic_1_excluded_from_odds": true,
    "ground_starts_at_2": true
  },
  "runtime": "3.14.6 (main, Jun 10 2026, 10:03:53) [Clang 21.0.0 (clang-2100.0.123.102)]",
  "scope": "Independent finite controls of a written universal proof; no candidate imports",
  "utc": "2026-10-03T07:11:12.424112+00:00"
}
