STC/JC FINAL CLEAN-CLONE TRANSCRIPT
command=bash reproducibility/verify_full.sh
commit=7869486058ae4340689db0326161024349b5a9db
release_tag=stc-jc-sharp-boundary-v1.0.0
checkout=sparse fresh clone; all declared active proof and release roots
utc_start=2026-08-14T23:51:32Z
os=macOS 26.5.2 arm64
git=git version 2.38.2
python_bootstrap=Python 3.14.6
compiler=Apple clang version 21.0.0 (clang-2100.1.1.101)
tectonic=Tectonic 0.16.9
CLEAN_BEFORE=yes
{"main_pdf_sha256": "9a2761f9dc8224ca408d12caad6fd827cce752de601c8454b67c74998c354d16", "omega": "OMEGA-PASS-ALL-(n)", "outcome": "A", "source_commit": "7869486058ae4340689db0326161024349b5a9db", "status": "VERIFIED"}
VERIFIED: fixed already-simple rooting scope; hidden zippers rejected
{"certificate": "/private/tmp/stc-jc-final-seal.zgedgX/repo/s_tc_jc_landmark_closure/reviews/final_standard_convention/convention_certificate.json", "mutations_rejected": 8, "primitive_rootings": 100, "primitive_supports": 12, "verdict": "VERIFIED_AFTER_CORRECTION"}
final standard-convention audit: PASS
{"certificate_sha256": "d4b118fef3036829fe05c6b4176d0c4e637b39f45637b903eefba2b5ac5283fd", "claim_comparison": "VERIFIED", "mutation_suite": "VERIFIED", "mutations_sha256": "0fdfef6796299de0224a6277db733e6a28876662f0c6edcec05977348a80465e", "status": "VERIFIED"}
cleanroom_verify.py: OK
certificate.json: OK
mutation_results.json: OK
REVIEW.md: OK
REPRODUCTION.md: OK
verify_all.sh: OK
history/implementation_failures/initial_failure_certificate.json: OK
history/implementation_failures/initial_failure_mutations.json: OK
VERIFIED: clean-room ordinary JC triangle-redirection certificate
{
  "endpoint_counts": {
    "F_positive": 67,
    "F_zero_G_positive": 9,
    "F_zero_G_zero_ordinary": 1
  },
  "one_active_strict_minors": 204,
  "output": "/private/tmp/stc-jc-final-seal.zgedgX/repo/s_tc_jc_landmark_closure/reviews/global_bridge/exact_audit_certificate.json",
  "output_sha256": "c046e20ebf5dd8ed0ac85984a4596e83d418c3ee133b9b1eaeb22f7905ee1167",
  "status": "VERIFIED",
  "two_active_minors": 20
}
{
  "mutation_count": 15,
  "output": "/private/tmp/stc-jc-final-seal.zgedgX/repo/s_tc_jc_landmark_closure/reviews/global_bridge/mutation_certificate.json",
  "output_sha256": "4c842b9922d9439025b342a5dfa0f4557fea9d0f53b6a8f7bb7d949c623b848d",
  "status": "VERIFIED"
}
6b17dac9c06d429ca3cf983d7f50a0c63d5b5d4057a584e3315d476d4d8852fa  /private/tmp/stc-jc-final-seal.zgedgX/repo/s_tc_jc_landmark_closure/reviews/global_bridge/exact_audit.py
6c12110090d2e90c5b8a1f59fe650457f9877796adedcf5438474ab0b682182d  /private/tmp/stc-jc-final-seal.zgedgX/repo/s_tc_jc_landmark_closure/reviews/global_bridge/mutation_tests.py
c046e20ebf5dd8ed0ac85984a4596e83d418c3ee133b9b1eaeb22f7905ee1167  /private/tmp/stc-jc-final-seal.zgedgX/repo/s_tc_jc_landmark_closure/reviews/global_bridge/exact_audit_certificate.json
4c842b9922d9439025b342a5dfa0f4557fea9d0f53b6a8f7bb7d949c623b848d  /private/tmp/stc-jc-final-seal.zgedgX/repo/s_tc_jc_landmark_closure/reviews/global_bridge/mutation_certificate.json
da47733278a74690f6a55bccb1aec2771cc14960a286f45e526461f45aca41b5  /private/tmp/stc-jc-final-seal.zgedgX/repo/s_tc_jc_landmark_closure/independent/bridge_cut/cut_certificate.json
{"merged": 10466, "merged_multiset_sha256": "389d574c6fc238c7cd89360e8ef3766a1a9121e53e9d1dfab394af0c9c7bf0dd", "raw": 10826, "raw_multiset_sha256": "73835cd5212046fb3a41f7fd36259bd3165a184a9cf36321b0ba0d13d794c3b5", "status": "VERIFIED"}
{"external_inputs": 4, "files": 17, "status": "VERIFIED"}
./REPRODUCTION.md: OK
./REVIEW.md: OK
./THEOREM_AND_PROOF.md: OK
./certificates/anchors.jsonl.gz: OK
./certificates/graphs.jsonl.gz: OK
./certificates/mutation_results.json: OK
./certificates/p_relations.jsonl.gz: OK
./certificates/q_relations.jsonl.gz: OK
./certificates/summary.json: OK
./certificates/witnesses.jsonl.gz: OK
./compile_direct_anchor_probes.py: OK
./exact_engine.py: OK
./mutation_tests.py: OK
./verify.sh: OK
./verify_direct_anchor_probes.py: OK
./verify_regenerate.sh: OK
{"forbidden_verbose_inputs": [], "git_not_required": true, "inputs": 50, "status": "VERIFIED"}
{"manifest_rows": 16, "mutations_rejected": 9, "paths": 276, "relations": 269730, "status": "VERIFIED"}
VERIFIED manifest (288 files)
VERIFIED manuscript scope and submission-PDF contract
[EXACTLY COMPUTED] PASS: both rooted DAGs are LSA-valid, binary, tree-child, and level 2
[EXACTLY COMPUTED] PASS: the two leaf-labelled semi-directed topologies are not triangle-equivalent
[EXACTLY COMPUTED] PASS: the 14 listed nontrivial coordinates represent all JC Fourier orbits
[EXACTLY COMPUTED] PASS: all six polynomial invariants vanish identically on both full models
[EXACTLY COMPUTED] PASS: both eight-coordinate gauge maps and both factored Jacobians are exact
[EXACTLY COMPUTED] PASS: the algebraic target point is strictly stochastic and matches all 14 orbit coordinates
[EXACTLY COMPUTED] PASS: all 256 Fourier entries, hence all 256 leaf-pattern probabilities, agree exactly
[EXACTLY COMPUTED] PASS: both first-eight-coordinate Jacobians are nonzero at the common distribution

[PROVED] CERTIFICATE COMPLETE
Common model-image dimension: 8
Common orbit vector:
  A = 277/8000
  B = 3/40
  C = 67/2400
  D = 127/16000
  E = 27/5000
  F = 81/5000
  G = 153/160000
  H = 9/500
  J = 27/16000
  K = 261/320000
  L = 27/10000
  M = 27/20000
  N = 153/320000
  O = 183/80000
beta ≈ 0.3528381457674103 (decimal shown only for readability)
Conclusion: the specified non-triangle-equivalent pair has an 8-dimensional
relatively open stochastic model overlap in the open JC parameter domain.
VERIFIED primary symbolic implementation
PASS final_verdict=PROVED
certificate_sha256=38266537a7966d83bdb94c6fb90fa68f93fbd227b82579f1bf311005925366d7
output=/private/var/folders/cp/bbqcpp814bjd_6mfhk6lxf7r0000gn/T/stc-jc-independent-erudbn4a/certificate.json
VERIFIED independent sharpness implementation
VERIFIED: all sharpness-release gates passed
{
  "complete_Fourier_coordinates": 256,
  "complete_pattern_probabilities": 256,
  "local_dimensions": {
    "M_Omega": 9,
    "M_Omega_prime": 9,
    "intersection_at_common_point": 9
  },
  "mutations_rejected": 12,
  "networks": {
    "N16_source": {
      "cycles": [
        4,
        4,
        6
      ],
      "rootings": 7,
      "tree_child_rootings": 2
    },
    "N16_target": {
      "cycles": [
        4,
        4,
        6
      ],
      "rootings": 7,
      "tree_child_rootings": 2
    },
    "N26_source": {
      "cycles": [
        4,
        4,
        6
      ],
      "rootings": 7,
      "tree_child_rootings": 2
    },
    "N26_target": {
      "cycles": [
        4,
        4,
        6
      ],
      "rootings": 7,
      "tree_child_rootings": 2
    }
  },
  "output": "omega_audit/independent/output/omega_release_audit.json",
  "status": "OMEGA-PASS-ALL-(n)"
}
{
  "complete_rank_upper_bound": 9,
  "core_jacobian_shape": [
    14,
    10
  ],
  "core_parameter_order": [
    "x0",
    "x1",
    "x2",
    "x3",
    "x4",
    "x5",
    "x6",
    "x7",
    "x12",
    "x13"
  ],
  "euler_identities_checked": 14,
  "euler_identity": "x4*d(c_g)/dx4+x7*d(c_g)/dx7=1[g4!=0]*c_g",
  "generic_core_rank": 6,
  "implementation": "independent direct displayed-tree enumeration",
  "status": "EXACTLY COMPUTED",
  "strict_point_minor": {
    "determinant": "-723/8589934592",
    "orbit_assignments": [
      [
        0,
        0,
        1,
        1
      ],
      [
        0,
        1,
        0,
        1
      ],
      [
        0,
        1,
        1,
        0
      ],
      [
        0,
        1,
        2,
        3
      ],
      [
        1,
        0,
        0,
        1
      ],
      [
        1,
        0,
        1,
        0
      ]
    ],
    "orbit_rows_zero_based": [
      0,
      1,
      2,
      3,
      4,
      5
    ],
    "parameter_columns_zero_based": [
      0,
      1,
      2,
      3,
      4,
      7
    ],
    "parameters": [
      "x0",
      "x1",
      "x2",
      "x3",
      "x4",
      "x7"
    ]
  }
}
VERIFIED: quick Outcome-A bioRxiv release gates
certificate_sha256=15126dea8763233b369bf15539a58d220fdc01f122144283b58268162f944700
{
  "collisions": 0,
  "output": "/var/folders/cp/bbqcpp814bjd_6mfhk6lxf7r0000gn/T/stc-jc-root-probe-ac6na24n/probe.json",
  "presentations": 8976,
  "sha256": "85b0f3bb60200395a452b41faf289c6bda474929833263e363c67f853e4115b7",
  "supports": 136,
  "three_label_checks": [
    {
      "collision_count": 0,
      "collisions": [],
      "distinct_probe_signature_count": 24,
      "ordered_word_count": 24,
      "segment_count": 2
    },
    {
      "collision_count": 0,
      "collisions": [],
      "distinct_probe_signature_count": 210,
      "ordered_word_count": 210,
      "segment_count": 5
    },
    {
      "collision_count": 0,
      "collisions": [],
      "distinct_probe_signature_count": 336,
      "ordered_word_count": 336,
      "segment_count": 6
    }
  ]
}
{
  "counterexample_output": "/var/folders/cp/bbqcpp814bjd_6mfhk6lxf7r0000gn/T/stc-jc-root-probe-ac6na24n/incoming_counterexample.json",
  "counterexample_sha256": "72e9c8a8d031dbc583473ee5b193b1516cff3cf7b2acbcdfd5fab899b9da209e",
  "counts": {
    "bijections_with_common_rootable_boundary": 2664,
    "bijections_without_common_rootable_boundary": 144,
    "ordered_support_boundary_bijections": 2808
  },
  "output": "/var/folders/cp/bbqcpp814bjd_6mfhk6lxf7r0000gn/T/stc-jc-root-probe-ac6na24n/incoming.json",
  "output_sha256": "55bbe8d63d783d67c31453a82c10b4e15181e8915562687fbb1e9b62e332e747",
  "verdicts": {
    "anchored_source_full_target_boundary_permutations_exhaustive": "VERIFIED",
    "fixed_incoming_outgoing_only_quotient_exhaustive": "FALSE",
    "individual_rootability_implies_common_rootability": "FALSE"
  }
}
{
  "completion_count": 42908,
  "full_row_rank_failures": 0,
  "invisible": {
    "class_count": 28062,
    "completion_count": 28030
  },
  "max_product_class": 4,
  "output": "/var/folders/cp/bbqcpp814bjd_6mfhk6lxf7r0000gn/T/stc-jc-root-probe-ac6na24n/parameter.json",
  "redundancies": {
    "exact": 37400,
    "mod_complement": 37416
  },
  "sha256": "2652537dc8232f4887601250a108278c57404a3a87e17677916d480e19b3a433"
}
{"incoming_bijections": 2808, "probe_presentations": 8976, "root_certificate_sha256": "15126dea8763233b369bf15539a58d220fdc01f122144283b58268162f944700", "scope": "active root reduction, incoming role, probe coherence, and submersion", "status": "VERIFIED", "submersion_completions": 42908}
{
  "endpoint_counts": {
    "F_positive": 67,
    "F_zero_G_positive": 9,
    "F_zero_G_zero_ordinary": 1
  },
  "one_active_strict_minors": 204,
  "output": "/private/tmp/stc-jc-final-seal.zgedgX/repo/s_tc_jc_landmark_closure/reviews/global_bridge/exact_audit_certificate.json",
  "output_sha256": "c046e20ebf5dd8ed0ac85984a4596e83d418c3ee133b9b1eaeb22f7905ee1167",
  "status": "VERIFIED",
  "two_active_minors": 20
}
{
  "mutation_count": 15,
  "output": "/private/tmp/stc-jc-final-seal.zgedgX/repo/s_tc_jc_landmark_closure/reviews/global_bridge/mutation_certificate.json",
  "output_sha256": "4c842b9922d9439025b342a5dfa0f4557fea9d0f53b6a8f7bb7d949c623b848d",
  "status": "VERIFIED"
}
{
  "adversarial_regressions": {
    "effective_arms": [
      "7/50",
      "11/70",
      "13/64"
    ],
    "independent_arm_jacobian_determinant": "1001/24000",
    "missing_leaf_support": {
      "columns": 5,
      "exact_kernel": false,
      "expected_incidence_rank": 2,
      "incidence_rank": 2,
      "kernel_dimension": 4,
      "local_coordinate_counts": [
        4,
        0
      ],
      "rank": 1,
      "rows": 2
    },
    "retained_unmarked_bivalent": {
      "columns": 5,
      "exact_kernel": true,
      "expected_incidence_rank": 4,
      "incidence_rank": 4,
      "kernel_dimension": 4,
      "local_coordinate_counts": [
        1,
        1,
        1
      ],
      "rank": 1,
      "rows": 2
    },
    "withdrawn_reciprocal_chart": {
      "common_product": "1/8",
      "first": [
        "1/2",
        "1/2",
        "1/2"
      ],
      "reciprocal_only_related": false,
      "second": [
        "3/5",
        "3/5",
        "25/72"
      ]
    }
  },
  "anchor_slices": {
    "exact_positive_normalizers": [
      "1/2",
      "1/3",
      "1/5",
      "1/7",
      "1/11"
    ],
    "ranks": [
      {
        "degree": 3,
        "pair_anchor_rank": 3
      },
      {
        "degree": 4,
        "pair_anchor_rank": 4
      },
      {
        "degree": 5,
        "pair_anchor_rank": 5
      },
      {
        "degree": 6,
        "pair_anchor_rank": 6
      },
      {
        "degree": 7,
        "pair_anchor_rank": 7
      }
    ]
  },
  "automorphism_count": 6,
  "local_stabilizers": [
    {
      "action_rank": 0,
      "boundaries": 1,
      "physical_blocks": 0,
      "stabilizer_dimension": 1
    },
    {
      "action_rank": 1,
      "boundaries": 2,
      "physical_blocks": 0,
      "stabilizer_dimension": 1
    },
    {
      "action_rank": 3,
      "boundaries": 3,
      "physical_blocks": 0,
      "stabilizer_dimension": 0
    },
    {
      "action_rank": 4,
      "boundaries": 4,
      "physical_blocks": 0,
      "stabilizer_dimension": 0
    },
    {
      "action_rank": 5,
      "boundaries": 5,
      "physical_blocks": 0,
      "stabilizer_dimension": 0
    },
    {
      "action_rank": 6,
      "boundaries": 6,
      "physical_blocks": 0,
      "stabilizer_dimension": 0
    },
    {
      "action_rank": 1,
      "boundaries": 1,
      "physical_blocks": 1,
      "stabilizer_dimension": 0
    },
    {
      "action_rank": 2,
      "boundaries": 2,
      "physical_blocks": 1,
      "stabilizer_dimension": 0
    },
    {
      "action_rank": 3,
      "boundaries": 3,
      "physical_blocks": 1,
      "stabilizer_dimension": 0
    },
    {
      "action_rank": 4,
      "boundaries": 4,
      "physical_blocks": 1,
      "stabilizer_dimension": 0
    },
    {
      "action_rank": 5,
      "boundaries": 5,
      "physical_blocks": 1,
      "stabilizer_dimension": 0
    },
    {
      "action_rank": 6,
      "boundaries": 6,
      "physical_blocks": 1,
      "stabilizer_dimension": 0
    },
    {
      "action_rank": 1,
      "boundaries": 1,
      "physical_blocks": 2,
      "stabilizer_dimension": 0
    },
    {
      "action_rank": 2,
      "boundaries": 2,
      "physical_blocks": 2,
      "stabilizer_dimension": 0
    },
    {
      "action_rank": 3,
      "boundaries": 3,
      "physical_blocks": 2,
      "stabilizer_dimension": 0
    },
    {
      "action_rank": 4,
      "boundaries": 4,
      "physical_blocks": 2,
      "stabilizer_dimension": 0
    },
    {
      "action_rank": 5,
      "boundaries": 5,
      "physical_blocks": 2,
      "stabilizer_dimension": 0
    },
    {
      "action_rank": 6,
      "boundaries": 6,
      "physical_blocks": 2,
      "stabilizer_dimension": 0
    }
  ],
  "output_sha256": "64c319b5d238e35fa79583482704436b0e19942e71ffa708c7ea36a5dbc13995",
  "small_tree_exact_kernel_regression": {
    "cases": 793,
    "largest": {
      "columns": 58,
      "rows": 51
    }
  },
  "status": "EXACTLY COMPUTED",
  "two_port_theta_obstruction": {
    "admissible_strong_pairs": 0,
    "pair_count": 6,
    "reticulation_pairs": [
      {
        "adjacent": true,
        "obstruction": "adjacent_reticulation_tail",
        "reticulations": [
          "U",
          "V"
        ]
      },
      {
        "adjacent": true,
        "obstruction": "adjacent_reticulation_tail",
        "reticulations": [
          "U",
          "X"
        ]
      },
      {
        "adjacent": true,
        "obstruction": "adjacent_reticulation_tail",
        "reticulations": [
          "U",
          "Y"
        ]
      },
      {
        "adjacent": true,
        "obstruction": "adjacent_reticulation_tail",
        "reticulations": [
          "V",
          "X"
        ]
      },
      {
        "adjacent": true,
        "obstruction": "adjacent_reticulation_tail",
        "reticulations": [
          "V",
          "Y"
        ]
      },
      {
        "adjacent": false,
        "obstruction": "two_tree_vertices_tail_two_reticulation_edges",
        "reticulations": [
          "X",
          "Y"
        ]
      }
    ],
    "status": "EXACTLY COMPUTED"
  }
}
one-active 25/72
one-active 50/72
{
  "certificate_sha256": "da47733278a74690f6a55bccb1aec2771cc14960a286f45e526461f45aca41b5",
  "endpoint_failures": 0,
  "endpoint_tensors": 77,
  "one_active_failures": 0,
  "one_active_tensors": 72,
  "status": "EXACTLY COMPUTED",
  "switching_compression": "EXACTLY COMPUTED",
  "two_active": "EXACTLY COMPUTED"
}
{
  "endpoint_key_sha256": "a686028dd3a402bb33fbb4c84ff8b161c5a39939e85a61f59d4975ec5e7a18dc",
  "four_port_key_sha256": "021f85cd42eed48803687ab9d0728f79a10990a4e3203d9c7e50a68a499cd648",
  "mutation_count": 9,
  "mutations": [
    {
      "mutation": "restore_reciprocal_only_bridge_chart",
      "rejected": true
    },
    {
      "mutation": "claim_physical_bridge_multiplier_recovery",
      "rejected": true
    },
    {
      "mutation": "remove_primitive_theta_class",
      "rejected": true
    },
    {
      "mutation": "delete_decorated_endpoint_tensor",
      "rejected": true
    },
    {
      "mutation": "duplicate_four_port_relation",
      "rejected": true
    },
    {
      "mutation": "alter_port_correspondence",
      "rejected": true
    },
    {
      "mutation": "assign_valid_graph_to_wrong_tensor",
      "rejected": true
    },
    {
      "mutation": "replace_two_active_bridge_square",
      "rejected": true
    },
    {
      "mutation": "couple_independent_adjacent_bridge_arms",
      "rejected": true
    }
  ],
  "status": "EXACTLY COMPUTED"
}
6b17dac9c06d429ca3cf983d7f50a0c63d5b5d4057a584e3315d476d4d8852fa  /private/tmp/stc-jc-final-seal.zgedgX/repo/s_tc_jc_landmark_closure/reviews/global_bridge/exact_audit.py
6c12110090d2e90c5b8a1f59fe650457f9877796adedcf5438474ab0b682182d  /private/tmp/stc-jc-final-seal.zgedgX/repo/s_tc_jc_landmark_closure/reviews/global_bridge/mutation_tests.py
c046e20ebf5dd8ed0ac85984a4596e83d418c3ee133b9b1eaeb22f7905ee1167  /private/tmp/stc-jc-final-seal.zgedgX/repo/s_tc_jc_landmark_closure/reviews/global_bridge/exact_audit_certificate.json
4c842b9922d9439025b342a5dfa0f4557fea9d0f53b6a8f7bb7d949c623b848d  /private/tmp/stc-jc-final-seal.zgedgX/repo/s_tc_jc_landmark_closure/reviews/global_bridge/mutation_certificate.json
da47733278a74690f6a55bccb1aec2771cc14960a286f45e526461f45aca41b5  /private/tmp/stc-jc-final-seal.zgedgX/repo/s_tc_jc_landmark_closure/independent/bridge_cut/cut_certificate.json
{"certificate": "/private/tmp/stc-jc-final-seal.zgedgX/repo/s_tc_jc_landmark_closure/reviews/n3_universe_generator/n3_universe_certificate.json", "merged": 10466, "raw": 10826, "status": "VERIFIED"}
{"merged": 10466, "merged_multiset_sha256": "389d574c6fc238c7cd89360e8ef3766a1a9121e53e9d1dfab394af0c9c7bf0dd", "raw": 10826, "raw_multiset_sha256": "73835cd5212046fb3a41f7fd36259bd3165a184a9cf36321b0ba0d13d794c3b5", "status": "VERIFIED"}
VERIFIED: independently generated complete n3 decorated relation universe
{"failures": [], "status": "VERIFIED"}
{"mutations": "VERIFIED", "necessary_pairs": 3, "source_hashes": ["5bc6e3b1137ad450e1b8dd1fe3c2b724861f87a73e1d530785c019b2aa72558c", "abffcfdb8c62f79778bbf858da68766cbc45eb7a79a33d9881d80a08942c7799", "424be4f5e23728255607685931e68b4cb8bbfeb4c85b007b90b0f32834a39a29"], "status": "VERIFIED", "strict_pairs": 0, "target_bases": 335, "target_signatures": 1950}
{"direct": 18, "frozen": 132, "frozen_classes": 57, "marginalized_multiset_equal": true, "nonretaining_marginalized": 132, "nonretaining_selected": 42, "raw": 192, "selected_duplicate_transports": 42, "status": "VERIFIED"}
{"external_inputs": 4, "files": 17, "status": "VERIFIED"}
{"certificate_sha256": "dd5323e589417f7010e9d847b727994b437de0b641f2a4300d8b99273f3d8a11", "exact_symbolic_bodies": 225, "failed_checks": [], "mutations_sha256": "5434c182b022b7f9a55cdbfa3109f3e600837d3fdb68ed3eb285be6ad60676ba", "status": "VERIFIED"}
REPRODUCTION.md: OK
REVIEW.md: OK
certificate.json: OK
history/implementation_failures/EUCLID_N3_TERMINAL_INCOMPATIBILITY.md: OK
mutation_results.json: OK
referee_n3.py: OK
regenerate_strict_factors.py: OK
strict_factor_certificate.json: OK
verify_all.sh: OK
VERIFIED: schema-3 n3 fixed-root base gate, scoped as reported
{"certificate_sha256": "fc88efc8373a3d18c433b2a6c0e1ec38a297c5504a115a3f1a99af0dc4ebb3d3", "exact_symbolic_samples": 44, "failed_checks": [], "mutations_sha256": "8d323acb674ddbc7b6827073b68d883d6b3259e63a2bd4a0c3efb1dcdededa48", "status": "VERIFIED"}
REPRODUCTION.md: OK
REVIEW.md: OK
certificate.json: OK
history/implementation_failures/INITIAL_SYNTAX_FAILURE.md: OK
mutation_results.json: OK
referee.py: OK
verify_all.sh: OK
VERIFIED: corrected schema-3 n4 base gate, scoped as reported
{"A_plus_p":2642,"A_plus_p_classifications":{"generic_polynomial_separation":1223,"labelled_isomorphism":202,"ordinary_T":112,"strict_open_cube_separation":1105},"A_plus_p_plus_q":18224,"A_plus_p_plus_q_classifications":{"generic_polynomial_separation":8356,"labelled_isomorphism":1472,"ordinary_T":560,"strict_open_cube_separation":7836},"A_plus_p_plus_q_survivors":2032,"A_plus_p_survivors":314,"anchor_classifications":{"labelled_isomorphism":34,"ordinary_T":28},"anchors":62,"scope":"theorem-forced A+p/A+p+q extensions of the 62 direct n3 residual anchors","status":"VERIFIED","unique_graphs":1420,"unique_separator_witnesses":8816}
{"mutation_count": 12, "mutations": [{"name": "delete_direct_anchor", "reason": "anchor stream is not a 62-element set", "rejected": true}, {"name": "alter_direct_anchor_id", "reason": "unknown or altered direct anchor id", "rejected": true}, {"name": "alter_canonical_transport", "reason": "anchor canonical transport changed", "rejected": true}, {"name": "reverse_source_target_direction", "reason": "directed source-target orientation changed", "rejected": true}, {"name": "alter_ordinary_T_choice", "reason": "anchor classification changed", "rejected": true}, {"name": "delete_A_plus_p_relation", "reason": "required A+p relation deleted", "rejected": true}, {"name": "delete_A_plus_p_plus_q_relation", "reason": "required A+p+q relation deleted", "rejected": true}, {"name": "swap_p_q_order", "reason": "p/q order or stage label changed", "rejected": true}, {"name": "alter_q_parent_transport", "reason": "A+p+q parent binding or p/q order changed", "rejected": true}, {"name": "alter_insertion_arc", "reason": "relation content address mismatch", "rejected": true}, {"name": "reverse_relation_graphs", "reason": "relation content address mismatch", "rejected": true}, {"name": "assign_valid_separator_to_wrong_relation", "reason": "separator assigned to wrong directed relation", "rejected": true}], "schema": 1, "status": "VERIFIED"}
./REPRODUCTION.md: OK
./REVIEW.md: OK
./THEOREM_AND_PROOF.md: OK
./certificates/anchors.jsonl.gz: OK
./certificates/graphs.jsonl.gz: OK
./certificates/mutation_results.json: OK
./certificates/p_relations.jsonl.gz: OK
./certificates/q_relations.jsonl.gz: OK
./certificates/summary.json: OK
./certificates/witnesses.jsonl.gz: OK
./compile_direct_anchor_probes.py: OK
./exact_engine.py: OK
./mutation_tests.py: OK
./verify.sh: OK
./verify_direct_anchor_probes.py: OK
./verify_regenerate.sh: OK
{"families": ["n3", "theta2_n4"], "maximum_probe_port_count": 10, "output": "reviews/compact_probe_clean_clone_gate/certificates/compact_only_semantic_replay.json", "output_sha256": "d68929639890984169acea0c2c19bfa26f5dbeea5cad3658fa4d81044e2ebe29", "paths": 276, "relations": 269730, "status": "VERIFIED"}
{"mutations": 9, "output": "reviews/compact_probe_clean_clone_gate/certificates/mutation_tests.json", "output_sha256": "2cf2fc43fa81f534556239e33b0c1eda3d97accf0cb05c3dd8241acf76400ff1", "status": "VERIFIED"}
{"forbidden_verbose_inputs": [], "git_not_required": true, "inputs": 50, "status": "VERIFIED"}
manifest rows: 16
{"manifest_rows": 16, "mutations_rejected": 9, "paths": 276, "relations": 269730, "status": "VERIFIED"}
{"frozen_source_sha256": "735b3fcf9771c5b86a19e2bdf0b627e9fee97caa0fc925d2d9067b1dffbf711b", "orbit_assignments": 64, "representatives": 15, "shim_sha256": "229b375a0a01938d160aef140fd08e9b9ea913f83dfbdb77486d0210e5833c3f", "status": "VERIFIED"}
{
  "conclusion": "Omega gives two non-triangle-equivalent semi-directed root topologies with a common nine-dimensional regular JC region, but its incoming-port lifts have disjoint open stochastic images",
  "dimension_and_rank": {
    "common_point_zero_sum_orbit_coordinates_checked": 15,
    "complete_model_dimension": 9,
    "core_symbolic_jacobian_rank": 6,
    "exact_points": {
      "N16_source": [
        "1/2",
        "1/4",
        "1/2",
        "1/2",
        "1/2",
        "1/2",
        "1/2",
        "1/20",
        "1/2",
        "1/2",
        "1/10",
        "1/2",
        "1/2",
        "1/2"
      ],
      "N16_target": [
        "7/12",
        "1/7",
        "1/2",
        "41/48",
        "28/41",
        "1/2",
        "1/2",
        "12/205",
        "1/2",
        "1/2",
        "3/40",
        "1/2",
        "1/2",
        "1/2"
      ],
      "N26_source": [
        "1/4",
        "1/2",
        "1/2",
        "3/4",
        "2/3",
        "1/4",
        "1/2",
        "1/20",
        "1/2",
        "1/2",
        "1/10",
        "1/2",
        "1/2",
        "1/2"
      ],
      "N26_target": [
        "1/7",
        "1/2",
        "41/48",
        "19/24",
        "14/19",
        "14/41",
        "1/2",
        "12/205",
        "1/2",
        "1/2",
        "3/40",
        "1/2",
        "1/2",
        "1/2"
      ]
    },
    "pendant_core_euler_identity_count": 14,
    "rank_nine_minors": {
      "N16_source": "-171/2305843009213693952000000",
      "N16_target": "-513/9223372036854775808000000",
      "N26_source": "57/576460752303423488000000",
      "N26_target": "189/2305843009213693952000000"
    },
    "source_gauge_determinant": "dimA_e0*dimA_e1**2*dimA_e10**5*dimA_e2**2*dimA_e3**2*dimA_e4**3*dimA_e7*dimA_e8**4*dimA_e9**4*(dimA_e2 - 1)**3*(dimA_e2 + 1)*(dimA_e0*dimA_e1 - 4*dimA_e1 + dimA_e3)*(dimA_e0*dimA_e1 + dimA_e1*dimA_e2*dimA_e3 + dimA_e1*dimA_e3 - 4*dimA_e1 - dimA_e3)/536870912",
    "target_gauge_determinant": "-dimB_e0*dimB_e1**2*dimB_e10**5*dimB_e2**2*dimB_e3**2*dimB_e4**3*dimB_e7*dimB_e8**4*dimB_e9**4*(dimB_e2 - 1)**3*(dimB_e2 + 1)*(dimB_e0*dimB_e1 - 4*dimB_e1 + dimB_e3)*(dimB_e0*dimB_e1 + dimB_e1*dimB_e2*dimB_e3 + dimB_e1*dimB_e3 - 4*dimB_e1 - dimB_e3)/536870912"
  },
  "move": "Omega: JC root path reversal",
  "nonroot_obstruction": {
    "binary_strong_tree_child_level_2": true,
    "blob_cycle_lengths": [
      4,
      5,
      7
    ],
    "invariant": "J-K-M+N",
    "ordered_quartet": [
      1,
      2,
      5,
      3
    ],
    "source_pullback": "0",
    "stochastic_interiors_disjoint": true,
    "target_pullback": "-2*liftB_e1*liftB_e11*liftB_e12*liftB_e13*liftB_e3*liftB_e4*liftB_e6*liftB_e7*liftB_e8*liftB_e9*(liftB_e2 - 1)*(liftB_l0 - 1)*(liftB_l1 - 1)",
    "target_strictly_positive_on_complete_open_cube": true,
    "triangle_count": 0,
    "underlying_leaf_labelled_isomorphism_count": 0
  },
  "rational_omega_map": {
    "denominators": [
      "mapA_e4 + 2*mapA_e7",
      "mapA_e0*mapA_e7 + 2*mapA_e4",
      "4 - mapA_e0"
    ],
    "source_constraints": {
      "both_inheritance_probabilities": "1/2",
      "edge_11": "1/2",
      "edge_5": "1/2",
      "edge_6": "1/2"
    },
    "zero_sum_coordinates_checked": 64
  },
  "root_graph_classification": {
    "reflected_source_reticulations": [
      "P4_0",
      "U"
    ],
    "root_suppressed_blob_cycle_lengths": [
      4,
      4,
      6
    ],
    "rooted_isomorphism_classes": 4,
    "semi_directed_classes": [
      [
        "N16_source",
        "N26_source"
      ],
      [
        "N16_target",
        "N26_target"
      ]
    ],
    "source_reticulations": [
      "V",
      "X0"
    ],
    "target_reticulations": [
      "V",
      "X0"
    ],
    "triangle_count_after_root_suppression": 0,
    "triangle_equivalent": false,
    "underlying_reflection_isomorphism_count": 1
  },
  "root_relocation": {
    "complete_open_stochastic_images_equal_within_each_semi_directed_class": true,
    "root_edge_split": [
      "(1+x0)/2",
      "2*x0/(1+x0)"
    ],
    "symbolic_zero_sum_coordinate_checks": {
      "source": 64,
      "target": 64
    }
  },
  "status": "EXACTLY COMPUTED"
}
pure_stdlib_common_zero_sum_coordinates 64
pure_stdlib_rank_nine_minors {'N16_source': '-171/2305843009213693952000000', 'N16_target': '-513/9223372036854775808000000', 'N26_source': '57/576460752303423488000000', 'N26_target': '189/2305843009213693952000000'}
{
  "complete_Fourier_coordinates": 256,
  "complete_pattern_probabilities": 256,
  "local_dimensions": {
    "M_Omega": 9,
    "M_Omega_prime": 9,
    "intersection_at_common_point": 9
  },
  "mutations_rejected": 12,
  "networks": {
    "N16_source": {
      "cycles": [
        4,
        4,
        6
      ],
      "rootings": 7,
      "tree_child_rootings": 2
    },
    "N16_target": {
      "cycles": [
        4,
        4,
        6
      ],
      "rootings": 7,
      "tree_child_rootings": 2
    },
    "N26_source": {
      "cycles": [
        4,
        4,
        6
      ],
      "rootings": 7,
      "tree_child_rootings": 2
    },
    "N26_target": {
      "cycles": [
        4,
        4,
        6
      ],
      "rootings": 7,
      "tree_child_rootings": 2
    }
  },
  "output": "omega_audit/independent/output/omega_release_audit.json",
  "status": "OMEGA-PASS-ALL-(n)"
}
{
  "complete_rank_upper_bound": 9,
  "core_jacobian_shape": [
    14,
    10
  ],
  "core_parameter_order": [
    "x0",
    "x1",
    "x2",
    "x3",
    "x4",
    "x5",
    "x6",
    "x7",
    "x12",
    "x13"
  ],
  "euler_identities_checked": 14,
  "euler_identity": "x4*d(c_g)/dx4+x7*d(c_g)/dx7=1[g4!=0]*c_g",
  "generic_core_rank": 6,
  "implementation": "independent direct displayed-tree enumeration",
  "status": "EXACTLY COMPUTED",
  "strict_point_minor": {
    "determinant": "-723/8589934592",
    "orbit_assignments": [
      [
        0,
        0,
        1,
        1
      ],
      [
        0,
        1,
        0,
        1
      ],
      [
        0,
        1,
        1,
        0
      ],
      [
        0,
        1,
        2,
        3
      ],
      [
        1,
        0,
        0,
        1
      ],
      [
        1,
        0,
        1,
        0
      ]
    ],
    "orbit_rows_zero_based": [
      0,
      1,
      2,
      3,
      4,
      5
    ],
    "parameter_columns_zero_based": [
      0,
      1,
      2,
      3,
      4,
      7
    ],
    "parameters": [
      "x0",
      "x1",
      "x2",
      "x3",
      "x4",
      "x7"
    ]
  }
}
VERIFIED: full Outcome-A bioRxiv release gates
     1474.65 real      1412.42 user        20.96 sys
          1507246080  maximum resident set size
                   0  average shared memory size
                   0  average unshared data size
                   0  average unshared stack size
             2922740  page reclaims
                4742  page faults
                   0  swaps
                   0  block input operations
                   0  block output operations
                   0  messages sent
                   0  messages received
                  11  signals received
               22315  voluntary context switches
             1022341  involuntary context switches
            62504121  instructions retired
            39274868  cycles elapsed
             1409336  peak memory footprint
exit_status=0
CLEAN_AFTER=yes
utc_end=2026-08-15T00:16:07Z
