{
  "utc": "2026-10-02T10:00:18.850920+00:00",
  "records": [
    {
      "name": "new_controls_baseline",
      "command": [
        "/usr/bin/python3",
        "/Users/alec/Documents/Math/draft_pr_publication_program_20260930/audits/pr39_9500008/uniform_error_scaling_family/audit_controls.py",
        "--candidate",
        "/Users/alec/Documents/Math/draft_pr_publication_program_20260930/audits/pr39_9500008/uniform_error_scaling_family/frozen_original/PARTIAL.md",
        "--out",
        "/Users/alec/Documents/Math/draft_pr_publication_program_20260930/audits/pr39_9500008/uniform_error_scaling_family/exact_control_results.json"
      ],
      "exit_code": 0,
      "expected_exit": 0,
      "observed_expected": true,
      "stdout_sha256": "8ad14d9d18c417f24570184d30bfdd3a897325dc7c32b233aa4a9c184598bb28",
      "stderr_sha256": "e3b0c44298fc1c149afbf4c8996fb92427ae41e4649b934ca495991b7852b855"
    },
    {
      "name": "prose_boundary_removed",
      "command": [
        "/usr/bin/python3",
        "/Users/alec/Documents/Math/draft_pr_publication_program_20260930/audits/pr39_9500008/uniform_error_scaling_family/audit_controls.py",
        "--candidate",
        "/Users/alec/Documents/Math/draft_pr_publication_program_20260930/audits/pr39_9500008/uniform_error_scaling_family/executed_mutations/prose_boundary_removed/PARTIAL.md",
        "--out",
        "/Users/alec/Documents/Math/draft_pr_publication_program_20260930/audits/pr39_9500008/uniform_error_scaling_family/executed_mutations/prose_boundary_removed/receipt.json"
      ],
      "exit_code": 1,
      "expected_exit": 1,
      "observed_expected": true,
      "stdout_sha256": "e3b0c44298fc1c149afbf4c8996fb92427ae41e4649b934ca495991b7852b855",
      "stderr_sha256": "db382a09b4dbe29e5d002ff8f41b0b09476d57a812cc2f45cd7bbb05ebc73304",
      "mutation": {
        "before": "2\\,\\omega_W(c;R_0+c)",
        "after": "2\\,\\omega_W(c;R_0)"
      },
      "mutated_prose_sha256": "d36094d4543dec9d94849704bf202986333ef9458b49034b2cd374e4e24d282c"
    },
    {
      "name": "prose_rotation_sign",
      "command": [
        "/usr/bin/python3",
        "/Users/alec/Documents/Math/draft_pr_publication_program_20260930/audits/pr39_9500008/uniform_error_scaling_family/audit_controls.py",
        "--candidate",
        "/Users/alec/Documents/Math/draft_pr_publication_program_20260930/audits/pr39_9500008/uniform_error_scaling_family/executed_mutations/prose_rotation_sign/PARTIAL.md",
        "--out",
        "/Users/alec/Documents/Math/draft_pr_publication_program_20260930/audits/pr39_9500008/uniform_error_scaling_family/executed_mutations/prose_rotation_sign/receipt.json"
      ],
      "exit_code": 1,
      "expected_exit": 1,
      "observed_expected": true,
      "stdout_sha256": "e3b0c44298fc1c149afbf4c8996fb92427ae41e4649b934ca495991b7852b855",
      "stderr_sha256": "d1c7b6354b3d89d1efa162198342f77ea9dbd83fbf41d158b3681b2744f6df5f",
      "mutation": {
        "before": "[W(a+T)-W(a+T-u)]-[W(a+u)-W(a)]",
        "after": "[W(a+T)-W(a+T-u)]+[W(a+u)-W(a)]"
      },
      "mutated_prose_sha256": "fd1a733c400296c27e888eedf49c34bbba689e8873f8f16d02934e75554da26d"
    },
    {
      "name": "prose_tail_nonsummable",
      "command": [
        "/usr/bin/python3",
        "/Users/alec/Documents/Math/draft_pr_publication_program_20260930/audits/pr39_9500008/uniform_error_scaling_family/audit_controls.py",
        "--candidate",
        "/Users/alec/Documents/Math/draft_pr_publication_program_20260930/audits/pr39_9500008/uniform_error_scaling_family/executed_mutations/prose_tail_nonsummable/PARTIAL.md",
        "--out",
        "/Users/alec/Documents/Math/draft_pr_publication_program_20260930/audits/pr39_9500008/uniform_error_scaling_family/executed_mutations/prose_tail_nonsummable/receipt.json"
      ],
      "exit_code": 1,
      "expected_exit": 1,
      "observed_expected": true,
      "stdout_sha256": "e3b0c44298fc1c149afbf4c8996fb92427ae41e4649b934ca495991b7852b855",
      "stderr_sha256": "bac85715c5958e621a774350978670dec1707bd6a74f10a4850a640697970528",
      "mutation": {
        "before": "Take \\(r=8\\sqrt{cm}\\)",
        "after": "Take \\(r=1\\sqrt{cm}\\)"
      },
      "mutated_prose_sha256": "2d56ae5b4af860c26aa742f7104a9ab7ebb4920705c92cdd6ff3f150e1387f97"
    },
    {
      "name": "prose_uniform_bound_weakened",
      "command": [
        "/usr/bin/python3",
        "/Users/alec/Documents/Math/draft_pr_publication_program_20260930/audits/pr39_9500008/uniform_error_scaling_family/audit_controls.py",
        "--candidate",
        "/Users/alec/Documents/Math/draft_pr_publication_program_20260930/audits/pr39_9500008/uniform_error_scaling_family/executed_mutations/prose_uniform_bound_weakened/PARTIAL.md",
        "--out",
        "/Users/alec/Documents/Math/draft_pr_publication_program_20260930/audits/pr39_9500008/uniform_error_scaling_family/executed_mutations/prose_uniform_bound_weakened/receipt.json"
      ],
      "exit_code": 1,
      "expected_exit": 1,
      "observed_expected": true,
      "stdout_sha256": "e3b0c44298fc1c149afbf4c8996fb92427ae41e4649b934ca495991b7852b855",
      "stderr_sha256": "424f4c8c1e2da1ab273187fa8e11ed6d5e4f71994d829ab39de61f1ca25aefb4",
      "mutation": {
        "before": "common deterministic finite bound",
        "after": "piecewise finite bound"
      },
      "mutated_prose_sha256": "f14a265a3636c79dc4fe37eedc68ceecc0531b379b4d06576d35d50aebc265c1"
    },
    {
      "name": "prose_independence_removed",
      "command": [
        "/usr/bin/python3",
        "/Users/alec/Documents/Math/draft_pr_publication_program_20260930/audits/pr39_9500008/uniform_error_scaling_family/audit_controls.py",
        "--candidate",
        "/Users/alec/Documents/Math/draft_pr_publication_program_20260930/audits/pr39_9500008/uniform_error_scaling_family/executed_mutations/prose_independence_removed/PARTIAL.md",
        "--out",
        "/Users/alec/Documents/Math/draft_pr_publication_program_20260930/audits/pr39_9500008/uniform_error_scaling_family/executed_mutations/prose_independence_removed/receipt.json"
      ],
      "exit_code": 1,
      "expected_exit": 1,
      "observed_expected": true,
      "stdout_sha256": "e3b0c44298fc1c149afbf4c8996fb92427ae41e4649b934ca495991b7852b855",
      "stderr_sha256": "1006833526069f553cea345bba4bb82006dd265ca5fd8fc12d39a7638f5d3126",
      "mutation": {
        "before": "are independent but need not be identically distributed",
        "after": "may be dependent and need not be identically distributed"
      },
      "mutated_prose_sha256": "66aeb2a11a4df93c04f36d044d85c072d392cec1ec94f73bc07ee6a4af615979"
    },
    {
      "name": "prose_divergence_removed",
      "command": [
        "/usr/bin/python3",
        "/Users/alec/Documents/Math/draft_pr_publication_program_20260930/audits/pr39_9500008/uniform_error_scaling_family/audit_controls.py",
        "--candidate",
        "/Users/alec/Documents/Math/draft_pr_publication_program_20260930/audits/pr39_9500008/uniform_error_scaling_family/executed_mutations/prose_divergence_removed/PARTIAL.md",
        "--out",
        "/Users/alec/Documents/Math/draft_pr_publication_program_20260930/audits/pr39_9500008/uniform_error_scaling_family/executed_mutations/prose_divergence_removed/receipt.json"
      ],
      "exit_code": 1,
      "expected_exit": 1,
      "observed_expected": true,
      "stdout_sha256": "e3b0c44298fc1c149afbf4c8996fb92427ae41e4649b934ca495991b7852b855",
      "stderr_sha256": "9d23353c5e454bef72071d7013ce623302e46bf3a34c89857bd9e3eb33cd3c87",
      "mutation": {
        "before": "sums of durations diverge in both directions",
        "after": "sums of durations may converge in both directions"
      },
      "mutated_prose_sha256": "7ebbf2ac9cee8921a50ae5de7a5b08bcfad6a54d748da2795b93d1b1c181d819"
    },
    {
      "name": "prose_scaling_as_upgrade",
      "command": [
        "/usr/bin/python3",
        "/Users/alec/Documents/Math/draft_pr_publication_program_20260930/audits/pr39_9500008/uniform_error_scaling_family/audit_controls.py",
        "--candidate",
        "/Users/alec/Documents/Math/draft_pr_publication_program_20260930/audits/pr39_9500008/uniform_error_scaling_family/executed_mutations/prose_scaling_as_upgrade/PARTIAL.md",
        "--out",
        "/Users/alec/Documents/Math/draft_pr_publication_program_20260930/audits/pr39_9500008/uniform_error_scaling_family/executed_mutations/prose_scaling_as_upgrade/receipt.json"
      ],
      "exit_code": 1,
      "expected_exit": 1,
      "observed_expected": true,
      "stdout_sha256": "e3b0c44298fc1c149afbf4c8996fb92427ae41e4649b934ca495991b7852b855",
      "stderr_sha256": "d35fcd88896c60bf926fb6e277c78f7376f1c172e4e09c76e61abe761b41f407",
      "mutation": {
        "before": "\\Longrightarrow",
        "after": "\\longrightarrow\\quad\\text{almost-sure Brownian scaling limit}"
      },
      "mutated_prose_sha256": "486d81d1f8011a4197d3835f0b09a72122a3414e6cebdce7d2b71f6770383081"
    },
    {
      "name": "prose_all_origins_upgrade",
      "command": [
        "/usr/bin/python3",
        "/Users/alec/Documents/Math/draft_pr_publication_program_20260930/audits/pr39_9500008/uniform_error_scaling_family/audit_controls.py",
        "--candidate",
        "/Users/alec/Documents/Math/draft_pr_publication_program_20260930/audits/pr39_9500008/uniform_error_scaling_family/executed_mutations/prose_all_origins_upgrade/PARTIAL.md",
        "--out",
        "/Users/alec/Documents/Math/draft_pr_publication_program_20260930/audits/pr39_9500008/uniform_error_scaling_family/executed_mutations/prose_all_origins_upgrade/receipt.json"
      ],
      "exit_code": 1,
      "expected_exit": 1,
      "observed_expected": true,
      "stdout_sha256": "e3b0c44298fc1c149afbf4c8996fb92427ae41e4649b934ca495991b7852b855",
      "stderr_sha256": "2f6c2eddd48892299c7d03149d264aa98d36e65b4cd497711af30adf03642567",
      "mutation": {
        "before": "\\tag{2}\n",
        "after": "\\tag{2}\nThis bound holds uniformly over every translated observation window.\n"
      },
      "mutated_prose_sha256": "6eada5581e64e5960674add70d9126d8fa8524735e3936cb8eb143d2f25f1f7f"
    },
    {
      "name": "code_original_rotation_sign",
      "command": [
        "/usr/bin/python3",
        "/Users/alec/Documents/Math/draft_pr_publication_program_20260930/audits/pr39_9500008/uniform_error_scaling_family/executed_mutations/code_original_rotation_sign/verify.py"
      ],
      "exit_code": 1,
      "expected_exit": 1,
      "observed_expected": true,
      "stdout_sha256": "e3b0c44298fc1c149afbf4c8996fb92427ae41e4649b934ca495991b7852b855",
      "stderr_sha256": "bf75788a787239b7e1ce58836480f7a800dc44c3745f58157e3f842d762429e5",
      "mutation": {
        "before": "Y[j]+Y[j+T]-Y[j+T-u]",
        "after": "Y[j]+Y[j+T]+Y[j+T-u]"
      },
      "mutated_program_sha256": "78af79d58354d949bcfaa87e09f29c5fe6a3a39e547b8c1a4937c01be203027e"
    },
    {
      "name": "code_old_independent_tail",
      "command": [
        "/usr/bin/python3",
        "/Users/alec/Documents/Math/draft_pr_publication_program_20260930/audits/pr39_9500008/uniform_error_scaling_family/executed_mutations/code_old_independent_tail/independent_checks.py"
      ],
      "exit_code": 1,
      "expected_exit": 1,
      "observed_expected": true,
      "stdout_sha256": "e3b0c44298fc1c149afbf4c8996fb92427ae41e4649b934ca495991b7852b855",
      "stderr_sha256": "ad494205d3efcd1e044696a4bb6a9e3ceec35e1e6d1d74297698db16722e0f7d",
      "mutation": {
        "before": "(8*s.sqrt(c*m))**2",
        "after": "(1*s.sqrt(c*m))**2"
      },
      "mutated_program_sha256": "ea5f2b1938b151686ccee1022be82f259371331ea22a78c6b23700d32f3b4454"
    }
  ],
  "scope": "Baseline succeeds; eight prose mutations and two original-program mutations fail. Mutation rejection is not a general automated proof certificate."
}
