{
  "utc": "2026-10-02T10:02:43.309672+00:00",
  "sys_executable": "/Applications/Xcode.app/Contents/Developer/usr/bin/python3",
  "python_version": "3.9.6 (default, May 22 2026, 11:13:45) \n[Clang 21.0.0 (clang-2100.1.1.101)]",
  "sympy_version": "1.14.0",
  "sympy_source": "/Users/alec/Library/Python/3.9/lib/python/site-packages/sympy/__init__.py",
  "replays": [
    {
      "label": "submitted",
      "command": [
        "/usr/bin/python3",
        "/Users/alec/Documents/Math/draft_pr_publication_program_20260930/audits/pr39_9500008/uniform_error_scaling_family/original_replay_documented_runtime/submitted/verify.py"
      ],
      "exit_code": 0,
      "executable_sha256": "2e9d7e510491f1ac6bb26732e8ff3c6923cb49188b619c197373ea43e126ce0e",
      "expected_receipt_sha256": "04d660caf134cd2403d7c197dd03bc3b22203fb639c034d840c271f112086e2f",
      "actual_receipt_sha256": "04d660caf134cd2403d7c197dd03bc3b22203fb639c034d840c271f112086e2f",
      "stdout_sha256": "04d660caf134cd2403d7c197dd03bc3b22203fb639c034d840c271f112086e2f",
      "stderr_sha256": "e3b0c44298fc1c149afbf4c8996fb92427ae41e4649b934ca495991b7852b855",
      "receipt_byte_equal": true,
      "whole_json_equal": true,
      "stdout_byte_equal_saved": true
    },
    {
      "label": "old_submitted",
      "command": [
        "/usr/bin/python3",
        "/Users/alec/Documents/Math/draft_pr_publication_program_20260930/audits/pr39_9500008/uniform_error_scaling_family/original_replay_documented_runtime/old_submitted/submitted_verify.py"
      ],
      "exit_code": 0,
      "executable_sha256": "2e9d7e510491f1ac6bb26732e8ff3c6923cb49188b619c197373ea43e126ce0e",
      "expected_receipt_sha256": "04d660caf134cd2403d7c197dd03bc3b22203fb639c034d840c271f112086e2f",
      "actual_receipt_sha256": "04d660caf134cd2403d7c197dd03bc3b22203fb639c034d840c271f112086e2f",
      "stdout_sha256": "04d660caf134cd2403d7c197dd03bc3b22203fb639c034d840c271f112086e2f",
      "stderr_sha256": "e3b0c44298fc1c149afbf4c8996fb92427ae41e4649b934ca495991b7852b855",
      "receipt_byte_equal": true,
      "whole_json_equal": true,
      "stdout_byte_equal_saved": true
    },
    {
      "label": "old_independent",
      "command": [
        "/usr/bin/python3",
        "/Users/alec/Documents/Math/draft_pr_publication_program_20260930/audits/pr39_9500008/uniform_error_scaling_family/original_replay_documented_runtime/old_independent/independent_checks.py"
      ],
      "exit_code": 0,
      "executable_sha256": "19838f57742abe2c467ef827c9338c81b240178c13d22c7525d08828818f6bf5",
      "expected_receipt_sha256": "159d7d0288c1105155359e4dc7b5d30a7c8543d8addcaa65a41669dccf1ad3ae",
      "actual_receipt_sha256": "159d7d0288c1105155359e4dc7b5d30a7c8543d8addcaa65a41669dccf1ad3ae",
      "stdout_sha256": "159d7d0288c1105155359e4dc7b5d30a7c8543d8addcaa65a41669dccf1ad3ae",
      "stderr_sha256": "e3b0c44298fc1c149afbf4c8996fb92427ae41e4649b934ca495991b7852b855",
      "receipt_byte_equal": true,
      "whole_json_equal": true,
      "stdout_byte_equal_saved": true
    }
  ],
  "whole_receipt_control": {
    "pass_count_unchanged": true,
    "whole_json_equal": false,
    "byte_equal": false,
    "scope_corruption_rejected": true
  }
}
