# Independent Research Policy

Never contact, message, email, call, or otherwise communicate with any other
individual on behalf of this project.

This work is conducted by independent researchers. Only the human user may
communicate externally. If outside input could help, record that fact in the
research notes without preparing or initiating outreach.

# Research Workflow

- Create a dedicated folder for every new problem or research program. Keep all
  work for that effort within its folder to avoid collisions with parallel work.
- Maintain a research log for each effort and checkpoint work frequently. Log
  important breakthroughs, findings, decisions, and the timestamps when they
  occurred.
- With every checkpoint, report a best-guess percentage of completion toward
  the relevant discovery or research goal. This estimate may increase or
  decrease as new findings change what is known about the problem; it is not
  required to be monotonic.
- Stay on the `main` branch unless the human user explicitly requests a
  different branch.
- Commit and push changes to the remote regularly. Treat each push as the
  release of findings to the wider world, and prioritize timely publication of
  meaningful progress.
- GitHub releases automatically upload to Zenodo and create a DOI. Use this
  sparingly, only when we want to truly and immutably snapshot a result or
  package.

# Research Validation

- Treat target conclusions as hypotheses, not assumptions. Define the exact
  claim, assumptions, success criteria, and relevant boundary cases. For
  scientific work, distinguish deductions from empirical or model assumptions
  and specify falsifiable checks.
- For difficult problems, use independent subagents across materially distinct
  approach families. Track each family's mechanism, evidence, status, and exact
  gap; preserve early independence and redirect effort away from premature
  convergence.
- At meaningful checkpoints and before promoting a result, assign adversarial
  subagents to falsify and independently verify it. Test hidden assumptions,
  circularity, counterexamples, edge and limiting cases, and, as applicable,
  units, numerical stability, reproducibility, and consistency among proof,
  code, data, and interpretation.
- Require checkable artifacts such as proofs, derivations, equations,
  constructions, validated computations, tests, or counterexamples. Clearly
  label partial evidence and record the strongest verified result and exact
  remaining gap.
- Mark a route blocked when it transfers the central difficulty to an
  equivalent or stronger unsupported claim. Reopen it only for a materially
  new mechanism or evidence.

# Research Goal

The overall goal is to produce novel, independently verifiable contributions
to mathematics and to sciences whose claims can be formulated mathematically
and checked by proof, validated computation, or reproducible quantitative
evidence, including physics, quantum science, and quantitative biology.

# Author Metadata

- Alec Kriebel ORCID: https://orcid.org/0009-0001-9320-500X
# Working through the research queue

This supplements the repository's Independent Research Policy and Research Workflow.

- Read `README.md`, `QUEUE.md`, and the selected record's complete source statement and prior report before an attempt. Scores and desk notes are hypotheses, not proof certificates or novelty guarantees.
- Use the numeric upstream ID. Keep each attempt in `attempts/<id>/`, including a timestamped research log, exact claim, source checks, proof artifacts, independent challenges, and completion estimates.
- Check the exact full target, current literature, related records, and `review_v2/related_target_groups.json`. Resolve readiness holds with evidence. Do not replace a bundled target with an easier special case without defining a separate problem.
- Each distinct target gets at most five substantive proof-attempt responses. Record every such response with `queue.py turn`, including unsuccessful attempts. Tool calls are not separate turns. Source triage is not a way to hide fresh proof work outside the budget.
- Use `turn --outcome candidate` only when a complete candidate artifact has been saved within those five turns. Independent verification may check it afterward, but must not become extra search turns for an unfinished proof.
- If the fifth turn is unfinished, keep the automatic `exhausted` status and move to the next target. Do not reset counters or bypass status gates.
- Update related targets after a shared lemma, counterexample, or obstruction. Distinct formulations are not automatically independent discoveries.
- Preserve every review and correction. Use `assess` for later assessments; do not edit historical `review_v2/reviews_*.json` or replay a historical merge over newer work. New source content requires a fresh individual review.
- Regenerate the queue after status or assessment changes; the commands do this automatically. Commit and push meaningful checkpoints on `main` in accordance with the repository policy. Do not contact outside individuals or create a GitHub release for routine progress.
