[
  {
    "original_head": "5cc1602c05d79502defb07cec7027963149494d2",
    "source_path": "/Users/alec/Documents/Math/draft_pr_publication_program_20260930/audits/pr65_2305051/original_source_authentication_20261004/original/unsolved_math_prioritization/attempts/2305051/CANDIDATE.md",
    "repo_path": "unsolved_math_prioritization/attempts/2305051/CANDIDATE.md",
    "bytes": 13491,
    "expected_bytes": 13491,
    "git_blob_sha1": "7802cf06a9daa4b19e894e3b7a276740948bc37d",
    "expected_git_blob_sha1": "7802cf06a9daa4b19e894e3b7a276740948bc37d",
    "sha256": "0a15d03ab92cbd13f17042a4708f75c3d592f4884810c7ffadc6a5f34f1cb6c4",
    "matches": true
  },
  {
    "original_head": "5cc1602c05d79502defb07cec7027963149494d2",
    "source_path": "/Users/alec/Documents/Math/draft_pr_publication_program_20260930/audits/pr65_2305051/original_source_authentication_20261004/original/unsolved_math_prioritization/attempts/2305051/SOURCES.md",
    "repo_path": "unsolved_math_prioritization/attempts/2305051/SOURCES.md",
    "bytes": 5046,
    "expected_bytes": 5046,
    "git_blob_sha1": "57a08f3fb0f2ee32fe4170e46f6c19ed1e76825b",
    "expected_git_blob_sha1": "57a08f3fb0f2ee32fe4170e46f6c19ed1e76825b",
    "sha256": "8ee7898b774df763082f8f2e2a4413a73724cf603b5566ccdcdbb29a0879c878",
    "matches": true
  },
  {
    "original_head": "5cc1602c05d79502defb07cec7027963149494d2",
    "source_path": "/Users/alec/Documents/Math/draft_pr_publication_program_20260930/audits/pr65_2305051/original_source_authentication_20261004/original/unsolved_math_prioritization/attempts/2305051/source_record.json",
    "repo_path": "unsolved_math_prioritization/attempts/2305051/source_record.json",
    "bytes": 2984,
    "expected_bytes": 2984,
    "git_blob_sha1": "e233a2053a3d6c7f09f6ee6c28228db5b50ef649",
    "expected_git_blob_sha1": "e233a2053a3d6c7f09f6ee6c28228db5b50ef649",
    "sha256": "4ef9727ce13efd008b1b9aa51e5d4aac90f436992785d233afa5c086d4a526da",
    "matches": true
  }
]
