{
  "by_family": {
    "actual_cohomology_order": 4,
    "actual_cohomology_quotient": 4,
    "dependent_residue_nilpotent": 5,
    "full_degree_after_ramification": 3,
    "independent_residue_not_zero": 5,
    "integer_coboundary_same_class": 301,
    "lattice_norm_zero": 4,
    "left_regular_norm_positive_characteristic": 152,
    "mu_p_coefficient_obstruction": 1020,
    "mu_p_exponent_boundary": 240,
    "nilpotent_is_nonzero_in_normal_form": 5,
    "nonabelian_full_faithfulness": 9,
    "nonabelian_tame_full_objects": 1,
    "nonzero_class_before_ramification": 3,
    "ramification_kills_lattice_class": 154,
    "residue_difference_frobenius": 5,
    "wild_kernel_can_survive": 2,
    "wild_semidirect_relations": 6
  },
  "cyclic_H1_models": [
    {
      "H1_order": 2,
      "group_order": 2,
      "rank": 1,
      "representative_classes": [
        [
          "0"
        ],
        [
          "1/2"
        ]
      ]
    },
    {
      "H1_order": 3,
      "group_order": 3,
      "rank": 2,
      "representative_classes": [
        [
          "0",
          "0"
        ],
        [
          "1/3",
          "2/3"
        ],
        [
          "2/3",
          "1/3"
        ]
      ]
    },
    {
      "H1_order": 2,
      "group_order": 4,
      "rank": 2,
      "representative_classes": [
        [
          "0",
          "0"
        ],
        [
          "1/2",
          "1/2"
        ]
      ]
    },
    {
      "H1_order": 1,
      "group_order": 6,
      "rank": 2,
      "representative_classes": [
        [
          "0",
          "0"
        ]
      ]
    }
  ],
  "exact_assertions": 1923,
  "limitations": "Finite nonabelian object categories, lattice quotients, coefficient exponent conditions, negative residue-p-independence control and norm determinants only. Infinite gerbe/descent/division claims are justified by the separately sealed written reconstruction.",
  "status": "PASS"
}
