{
  "document_byte_check_count": 12,
  "document_byte_checks": [
    {
      "bytes": 4485,
      "document": "authored/APPROACH_LEDGER.md",
      "preserved": true,
      "sha256": "0a1bec1eb36bec8b1dd5a44a61127c79971e08460a98143f52bddeb4ea4a8607"
    },
    {
      "bytes": 7049,
      "document": "authored/EXACT_STATEMENT_AND_SOURCES.md",
      "preserved": true,
      "sha256": "c67919a917ba9fad3ac361d87b5e15cb33a711c037fa68f38d3b649b52e0efe9"
    },
    {
      "bytes": 1883,
      "document": "authored/README.md",
      "preserved": true,
      "sha256": "4aedf5a944f87353ba93a68db7340b8a50376ee8634907edcc8f280f9ff312b5"
    },
    {
      "bytes": 18054,
      "document": "authored/SCOPED_RESULTS.md",
      "preserved": true,
      "sha256": "4cc312645d36f3573d205adc9e862b2ccc7f91d9b3c891db36ff5417b10a5834"
    },
    {
      "bytes": 4456,
      "document": "authored/SOURCE_MANIFEST.json",
      "preserved": true,
      "sha256": "3d5b00de2f7afc5338f1b91af28d08209d274888fe2f720ad2136f3565076651"
    },
    {
      "bytes": 16571,
      "document": "audit/AUDIT_REPORT.md",
      "preserved": true,
      "sha256": "368330e53040e6fad660ad0790cc3fd2758389e5c68b102eb9d3f90f586d8832"
    },
    {
      "bytes": 6758,
      "document": "audit/CONTEXTUAL_SUPPLEMENT.md",
      "preserved": true,
      "sha256": "ee626b2ddd51239b9b8970c2fb4f1c81cd7ae449721daf6380e1e5a29762af85"
    },
    {
      "bytes": 1232,
      "document": "audit/INPUT_MANIFEST.json",
      "preserved": true,
      "sha256": "981c4ce17ba13440d25385b06535eed961a10551e271a4a59d00eb14a782716a"
    },
    {
      "bytes": 1391,
      "document": "audit/OUTPUT_MANIFEST.json",
      "preserved": true,
      "sha256": "0b2b80b579e568ed7997a4eb367ddf26c57318d6057ba51f383d955449dda8fc"
    },
    {
      "bytes": 1621,
      "document": "audit/SCOPE_ACCEPTANCE.md",
      "preserved": true,
      "sha256": "becf432a814ec0ebb1e8aacb512f6bfc5ac1b28155fc818ac19bb9bb16889d64"
    },
    {
      "bytes": 5018,
      "document": "audit/SOURCE_INSPECTION.json",
      "preserved": true,
      "sha256": "1e45dbc663ca12c8fdbd5f21226e6e9109d59f6fbba6deb90884135eb1872d25"
    },
    {
      "bytes": 2412,
      "document": "audit/SEALED_AUDIT.json",
      "preserved": true,
      "sha256": "f9254e856fe6a0173d71e26bf38ea1f401c55ee605b5b8f79b97f99d9068a9fb"
    }
  ],
  "euid": 1000,
  "mathematical_proof_checks": "NOT_RUN",
  "problem_id": 30001092,
  "python_optimize": 1,
  "schema": 1,
  "scope_declaration_control_count": 2,
  "scope_declaration_controls": [
    {
      "identity": "exact acceptance declaration",
      "passed": true
    },
    {
      "identity": "exact status declaration",
      "passed": true
    }
  ],
  "source_theorem_computationally_certified": false,
  "status": "passed",
  "uid": 1000
}
