Updating 4b1fe16ff..2da0adc1c
Fast-forward
 .../FINAL_AUTHOR_MANIFEST.json                     | 215 ++++++++++++++++
 .../30004320_laurent_descent/FINAL_REPLAY.json     |  41 ++++
 problems/30004320_laurent_descent/FINAL_RESULT.md  |  83 +++++++
 .../FINAL_REVIEW_REQUEST.md                        |  48 ++++
 .../30004320_laurent_descent/FINAL_SOURCE_MAP.md   | 100 ++++++++
 problems/30004320_laurent_descent/LOG_T2.md        |   3 +
 problems/30004320_laurent_descent/LOG_T3.md        |   3 +
 problems/30004320_laurent_descent/LOG_T4.md        |   3 +
 problems/30004320_laurent_descent/LOG_T5.md        |  18 ++
 .../PUBLICATION_MANIFEST.json                      | 269 +++++++++++++++++++++
 problems/30004320_laurent_descent/README.md        |  38 +++
 problems/30004320_laurent_descent/RESEARCH_LOG.md  |   4 +
 .../30004320_laurent_descent/REVIEWED_STATUS.md    |  32 +++
 .../SOURCE_ADDITION_T1.json                        |  18 ++
 .../30004320_laurent_descent/SOURCE_ADDITION_T3.md |   3 +
 .../SOURCE_ADDITION_T4.json                        |  24 ++
 .../SOURCE_ADDITION_T5.json                        |  12 +
 .../30004320_laurent_descent/SOURCE_MANIFEST.json  |  37 +++
 problems/30004320_laurent_descent/SOURCE_SCOPE.md  |  89 +++++++
 problems/30004320_laurent_descent/STATE.json       |  13 +
 problems/30004320_laurent_descent/STATE_T2.json    |  12 +
 problems/30004320_laurent_descent/STATE_T3.json    |  12 +
 problems/30004320_laurent_descent/STATE_T4.json    |  12 +
 problems/30004320_laurent_descent/STATE_T5.json    |  14 ++
 problems/30004320_laurent_descent/TURN_1.md        | 166 +++++++++++++
 .../30004320_laurent_descent/TURN_1_CHECKS.json    |   9 +
 .../30004320_laurent_descent/TURN_1_MANIFEST.json  |  46 ++++
 problems/30004320_laurent_descent/TURN_2.md        | 151 ++++++++++++
 .../30004320_laurent_descent/TURN_2_CHECKS.json    |  12 +
 .../30004320_laurent_descent/TURN_2_MANIFEST.json  |  32 +++
 problems/30004320_laurent_descent/TURN_3.md        | 196 +++++++++++++++
 .../30004320_laurent_descent/TURN_3_CHECKS.json    |   9 +
 .../30004320_laurent_descent/TURN_3_MANIFEST.json  |  37 +++
 problems/30004320_laurent_descent/TURN_4.md        | 183 ++++++++++++++
 .../30004320_laurent_descent/TURN_4_CHECKS.json    |   9 +
 .../30004320_laurent_descent/TURN_4_MANIFEST.json  |  37 +++
 problems/30004320_laurent_descent/TURN_5.md        | 209 ++++++++++++++++
 .../30004320_laurent_descent/TURN_5_CHECKS.json    |  16 ++
 .../30004320_laurent_descent/TURN_5_MANIFEST.json  |  37 +++
 problems/30004320_laurent_descent/check_turn_1.py  |  53 ++++
 problems/30004320_laurent_descent/check_turn_2.py  |  42 ++++
 problems/30004320_laurent_descent/check_turn_3.py  |  68 ++++++
 problems/30004320_laurent_descent/check_turn_4.py  |  58 +++++
 problems/30004320_laurent_descent/check_turn_5.py  |  49 ++++
 .../review/ADVERSARIAL_REVIEW.md                   |  62 +++++
 .../review/AUTHOR_REPLAY.json                      |  34 +++
 .../review/INDEPENDENT_CHECKS.json                 |  13 +
 .../review/REMOTE_BINDING.json                     | 218 +++++++++++++++++
 .../review/REVIEW_MANIFEST.json                    |  37 +++
 .../review/independent_checks.py                   |  71 ++++++
 .../review/verify_review.py                        |  11 +
 problems/30004320_laurent_descent/verify_packet.py |  31 +++
 .../30004320_laurent_descent/verify_publication.py |  12 +
 unsolved_math_prioritization/QUEUE.md              |   2 +-
 54 files changed, 3012 insertions(+), 1 deletion(-)
 create mode 100644 problems/30004320_laurent_descent/FINAL_AUTHOR_MANIFEST.json
 create mode 100644 problems/30004320_laurent_descent/FINAL_REPLAY.json
 create mode 100644 problems/30004320_laurent_descent/FINAL_RESULT.md
 create mode 100644 problems/30004320_laurent_descent/FINAL_REVIEW_REQUEST.md
 create mode 100644 problems/30004320_laurent_descent/FINAL_SOURCE_MAP.md
 create mode 100644 problems/30004320_laurent_descent/LOG_T2.md
 create mode 100644 problems/30004320_laurent_descent/LOG_T3.md
 create mode 100644 problems/30004320_laurent_descent/LOG_T4.md
 create mode 100644 problems/30004320_laurent_descent/LOG_T5.md
 create mode 100644 problems/30004320_laurent_descent/PUBLICATION_MANIFEST.json
 create mode 100644 problems/30004320_laurent_descent/README.md
 create mode 100644 problems/30004320_laurent_descent/RESEARCH_LOG.md
 create mode 100644 problems/30004320_laurent_descent/REVIEWED_STATUS.md
 create mode 100644 problems/30004320_laurent_descent/SOURCE_ADDITION_T1.json
 create mode 100644 problems/30004320_laurent_descent/SOURCE_ADDITION_T3.md
 create mode 100644 problems/30004320_laurent_descent/SOURCE_ADDITION_T4.json
 create mode 100644 problems/30004320_laurent_descent/SOURCE_ADDITION_T5.json
 create mode 100644 problems/30004320_laurent_descent/SOURCE_MANIFEST.json
 create mode 100644 problems/30004320_laurent_descent/SOURCE_SCOPE.md
 create mode 100644 problems/30004320_laurent_descent/STATE.json
 create mode 100644 problems/30004320_laurent_descent/STATE_T2.json
 create mode 100644 problems/30004320_laurent_descent/STATE_T3.json
 create mode 100644 problems/30004320_laurent_descent/STATE_T4.json
 create mode 100644 problems/30004320_laurent_descent/STATE_T5.json
 create mode 100644 problems/30004320_laurent_descent/TURN_1.md
 create mode 100644 problems/30004320_laurent_descent/TURN_1_CHECKS.json
 create mode 100644 problems/30004320_laurent_descent/TURN_1_MANIFEST.json
 create mode 100644 problems/30004320_laurent_descent/TURN_2.md
 create mode 100644 problems/30004320_laurent_descent/TURN_2_CHECKS.json
 create mode 100644 problems/30004320_laurent_descent/TURN_2_MANIFEST.json
 create mode 100644 problems/30004320_laurent_descent/TURN_3.md
 create mode 100644 problems/30004320_laurent_descent/TURN_3_CHECKS.json
 create mode 100644 problems/30004320_laurent_descent/TURN_3_MANIFEST.json
 create mode 100644 problems/30004320_laurent_descent/TURN_4.md
 create mode 100644 problems/30004320_laurent_descent/TURN_4_CHECKS.json
 create mode 100644 problems/30004320_laurent_descent/TURN_4_MANIFEST.json
 create mode 100644 problems/30004320_laurent_descent/TURN_5.md
 create mode 100644 problems/30004320_laurent_descent/TURN_5_CHECKS.json
 create mode 100644 problems/30004320_laurent_descent/TURN_5_MANIFEST.json
 create mode 100644 problems/30004320_laurent_descent/check_turn_1.py
 create mode 100644 problems/30004320_laurent_descent/check_turn_2.py
 create mode 100644 problems/30004320_laurent_descent/check_turn_3.py
 create mode 100644 problems/30004320_laurent_descent/check_turn_4.py
 create mode 100644 problems/30004320_laurent_descent/check_turn_5.py
 create mode 100644 problems/30004320_laurent_descent/review/ADVERSARIAL_REVIEW.md
 create mode 100644 problems/30004320_laurent_descent/review/AUTHOR_REPLAY.json
 create mode 100644 problems/30004320_laurent_descent/review/INDEPENDENT_CHECKS.json
 create mode 100644 problems/30004320_laurent_descent/review/REMOTE_BINDING.json
 create mode 100644 problems/30004320_laurent_descent/review/REVIEW_MANIFEST.json
 create mode 100644 problems/30004320_laurent_descent/review/independent_checks.py
 create mode 100644 problems/30004320_laurent_descent/review/verify_review.py
 create mode 100644 problems/30004320_laurent_descent/verify_packet.py
 create mode 100644 problems/30004320_laurent_descent/verify_publication.py
