{
  "PL": {
    "nondyadic_F_fixed_point": "7/24",
    "nondyadic_right_germ": "4",
    "torsion_witness_models": [
      {
        "exact_class_order": 2,
        "finite_presentation": "not certified by this model",
        "m": 2,
        "relation": "r^m=[t,a_0^m]"
      },
      {
        "exact_class_order": 3,
        "finite_presentation": "not certified by this model",
        "m": 3,
        "relation": "r^m=[t,a_0^m]"
      },
      {
        "exact_class_order": 4,
        "finite_presentation": "not certified by this model",
        "m": 4,
        "relation": "r^m=[t,a_0^m]"
      },
      {
        "exact_class_order": 6,
        "finite_presentation": "not certified by this model",
        "m": 6,
        "relation": "r^m=[t,a_0^m]"
      },
      {
        "exact_class_order": 8,
        "finite_presentation": "not certified by this model",
        "m": 8,
        "relation": "r^m=[t,a_0^m]"
      },
      {
        "exact_class_order": 12,
        "finite_presentation": "not certified by this model",
        "m": 12,
        "relation": "r^m=[t,a_0^m]"
      }
    ],
    "witness_global_germs": [
      "1",
      "1"
    ],
    "witness_internal_germ": "1/2",
    "witness_support": [
      [
        "1/4",
        "1/2"
      ],
      [
        "1/2",
        "3/4"
      ]
    ]
  },
  "assertions": 801018,
  "nilpotent": [
    {
      "abelianization": "Z^2 + Z/1",
      "m": 1,
      "nonembedding_PL": "proved by one-bump centralizer, not finite tests",
      "z_class_order": 1,
      "z_infinite_order": true
    },
    {
      "abelianization": "Z^2 + Z/2",
      "m": 2,
      "nonembedding_PL": "proved by one-bump centralizer, not finite tests",
      "z_class_order": 2,
      "z_infinite_order": true
    },
    {
      "abelianization": "Z^2 + Z/3",
      "m": 3,
      "nonembedding_PL": "proved by one-bump centralizer, not finite tests",
      "z_class_order": 3,
      "z_infinite_order": true
    },
    {
      "abelianization": "Z^2 + Z/4",
      "m": 4,
      "nonembedding_PL": "proved by one-bump centralizer, not finite tests",
      "z_class_order": 4,
      "z_infinite_order": true
    },
    {
      "abelianization": "Z^2 + Z/6",
      "m": 6,
      "nonembedding_PL": "proved by one-bump centralizer, not finite tests",
      "z_class_order": 6,
      "z_infinite_order": true
    },
    {
      "abelianization": "Z^2 + Z/8",
      "m": 8,
      "nonembedding_PL": "proved by one-bump centralizer, not finite tests",
      "z_class_order": 8,
      "z_infinite_order": true
    },
    {
      "abelianization": "Z^2 + Z/12",
      "m": 12,
      "nonembedding_PL": "proved by one-bump centralizer, not finite tests",
      "z_class_order": 12,
      "z_infinite_order": true
    }
  ],
  "scope": "bounded exact model checks; general conclusions require the separate proofs"
}
