[main 3edc0a603] Publish independently reproduced PR381 and PR382 audits; freeze PR380
 213 files changed, 19209 insertions(+), 8 deletions(-)
 create mode 100644 draft_pr_descending_audit_20261002/audits/pr380_30002762/README.md
 create mode 100644 draft_pr_descending_audit_20261002/audits/pr380_30002762/initial_fetch.stderr
 create mode 100644 draft_pr_descending_audit_20261002/audits/pr380_30002762/initial_fetch.stdout
 create mode 100644 draft_pr_descending_audit_20261002/audits/pr380_30002762/original.diff
 create mode 100644 draft_pr_descending_audit_20261002/audits/pr380_30002762/pr_metadata.json
 create mode 100644 draft_pr_descending_audit_20261002/audits/pr380_30002762/snapshot/problems/30002762_conjugation_norms/FINAL_AUTHOR_MANIFEST.json
 create mode 100644 draft_pr_descending_audit_20261002/audits/pr380_30002762/snapshot/problems/30002762_conjugation_norms/FINAL_RESULT.md
 create mode 100644 draft_pr_descending_audit_20261002/audits/pr380_30002762/snapshot/problems/30002762_conjugation_norms/FINAL_REVIEW_REQUEST.md
 create mode 100644 draft_pr_descending_audit_20261002/audits/pr380_30002762/snapshot/problems/30002762_conjugation_norms/README_PUBLICATION.md
 create mode 100644 draft_pr_descending_audit_20261002/audits/pr380_30002762/snapshot/problems/30002762_conjugation_norms/REPLAY_ALL.py
 create mode 100644 draft_pr_descending_audit_20261002/audits/pr380_30002762/snapshot/problems/30002762_conjugation_norms/SOURCE_ADDITION_T5.json
 create mode 100644 draft_pr_descending_audit_20261002/audits/pr380_30002762/snapshot/problems/30002762_conjugation_norms/SOURCE_GATE.md
 create mode 100644 draft_pr_descending_audit_20261002/audits/pr380_30002762/snapshot/problems/30002762_conjugation_norms/SOURCE_MANIFEST.json
 create mode 100644 draft_pr_descending_audit_20261002/audits/pr380_30002762/snapshot/problems/30002762_conjugation_norms/STATE.json
 create mode 100644 draft_pr_descending_audit_20261002/audits/pr380_30002762/snapshot/problems/30002762_conjugation_norms/STATE_T2.json
 create mode 100644 draft_pr_descending_audit_20261002/audits/pr380_30002762/snapshot/problems/30002762_conjugation_norms/STATE_T3.json
 create mode 100644 draft_pr_descending_audit_20261002/audits/pr380_30002762/snapshot/problems/30002762_conjugation_norms/STATE_T4.json
 create mode 100644 draft_pr_descending_audit_20261002/audits/pr380_30002762/snapshot/problems/30002762_conjugation_norms/STATE_T5.json
 create mode 100644 draft_pr_descending_audit_20261002/audits/pr380_30002762/snapshot/problems/30002762_conjugation_norms/TURN_1.md
 create mode 100644 draft_pr_descending_audit_20261002/audits/pr380_30002762/snapshot/problems/30002762_conjugation_norms/TURN_1_CHECKS.json
 create mode 100644 draft_pr_descending_audit_20261002/audits/pr380_30002762/snapshot/problems/30002762_conjugation_norms/TURN_1_MANIFEST.json
 create mode 100644 draft_pr_descending_audit_20261002/audits/pr380_30002762/snapshot/problems/30002762_conjugation_norms/TURN_1_REMOTE_RECEIPT.json
 create mode 100644 draft_pr_descending_audit_20261002/audits/pr380_30002762/snapshot/problems/30002762_conjugation_norms/TURN_2.md
 create mode 100644 draft_pr_descending_audit_20261002/audits/pr380_30002762/snapshot/problems/30002762_conjugation_norms/TURN_2_CHECKS.json
 create mode 100644 draft_pr_descending_audit_20261002/audits/pr380_30002762/snapshot/problems/30002762_conjugation_norms/TURN_2_MANIFEST.json
 create mode 100644 draft_pr_descending_audit_20261002/audits/pr380_30002762/snapshot/problems/30002762_conjugation_norms/TURN_2_REMOTE_RECEIPT.json
 create mode 100644 draft_pr_descending_audit_20261002/audits/pr380_30002762/snapshot/problems/30002762_conjugation_norms/TURN_3.md
 create mode 100644 draft_pr_descending_audit_20261002/audits/pr380_30002762/snapshot/problems/30002762_conjugation_norms/TURN_3_CHECKS.json
 create mode 100644 draft_pr_descending_audit_20261002/audits/pr380_30002762/snapshot/problems/30002762_conjugation_norms/TURN_3_MANIFEST.json
 create mode 100644 draft_pr_descending_audit_20261002/audits/pr380_30002762/snapshot/problems/30002762_conjugation_norms/TURN_3_REMOTE_RECEIPT.json
 create mode 100644 draft_pr_descending_audit_20261002/audits/pr380_30002762/snapshot/problems/30002762_conjugation_norms/TURN_4.md
 create mode 100644 draft_pr_descending_audit_20261002/audits/pr380_30002762/snapshot/problems/30002762_conjugation_norms/TURN_4_CHECKS.json
 create mode 100644 draft_pr_descending_audit_20261002/audits/pr380_30002762/snapshot/problems/30002762_conjugation_norms/TURN_4_MANIFEST.json
 create mode 100644 draft_pr_descending_audit_20261002/audits/pr380_30002762/snapshot/problems/30002762_conjugation_norms/TURN_4_REMOTE_RECEIPT.json
 create mode 100644 draft_pr_descending_audit_20261002/audits/pr380_30002762/snapshot/problems/30002762_conjugation_norms/TURN_5.md
 create mode 100644 draft_pr_descending_audit_20261002/audits/pr380_30002762/snapshot/problems/30002762_conjugation_norms/TURN_5_CHECKS.json
 create mode 100644 draft_pr_descending_audit_20261002/audits/pr380_30002762/snapshot/problems/30002762_conjugation_norms/TURN_5_MANIFEST.json
 create mode 100644 draft_pr_descending_audit_20261002/audits/pr380_30002762/snapshot/problems/30002762_conjugation_norms/check_turn_1.py
 create mode 100644 draft_pr_descending_audit_20261002/audits/pr380_30002762/snapshot/problems/30002762_conjugation_norms/check_turn_2.py
 create mode 100644 draft_pr_descending_audit_20261002/audits/pr380_30002762/snapshot/problems/30002762_conjugation_norms/check_turn_3.py
 create mode 100644 draft_pr_descending_audit_20261002/audits/pr380_30002762/snapshot/problems/30002762_conjugation_norms/check_turn_4.py
 create mode 100644 draft_pr_descending_audit_20261002/audits/pr380_30002762/snapshot/problems/30002762_conjugation_norms/check_turn_5.py
 create mode 100644 draft_pr_descending_audit_20261002/audits/pr380_30002762/snapshot/problems/30002762_conjugation_norms/review/AUTHOR_REPLAY.json
 create mode 100644 draft_pr_descending_audit_20261002/audits/pr380_30002762/snapshot/problems/30002762_conjugation_norms/review/INDEPENDENT_CHECKS.json
 create mode 100644 draft_pr_descending_audit_20261002/audits/pr380_30002762/snapshot/problems/30002762_conjugation_norms/review/REVIEW.md
 create mode 100644 draft_pr_descending_audit_20261002/audits/pr380_30002762/snapshot/problems/30002762_conjugation_norms/review/REVIEW_MANIFEST.json
 create mode 100644 draft_pr_descending_audit_20261002/audits/pr380_30002762/snapshot/problems/30002762_conjugation_norms/review/independent_check.py
 create mode 100644 draft_pr_descending_audit_20261002/audits/pr380_30002762/snapshot/problems/30002762_conjugation_norms/verify_publication.py
 create mode 100644 draft_pr_descending_audit_20261002/audits/pr380_30002762/snapshot/unsolved_math_prioritization/QUEUE.md
 create mode 100644 draft_pr_descending_audit_20261002/audits/pr380_30002762/snapshot_manifest.json
 create mode 100644 draft_pr_descending_audit_20261002/audits/pr381_30003853/ROOT_MATHEMATICAL_RECONSTRUCTION.md
 create mode 100644 draft_pr_descending_audit_20261002/audits/pr381_30003853/germs_nilpotent_review/.gitignore
 create mode 100644 draft_pr_descending_audit_20261002/audits/pr381_30003853/germs_nilpotent_review/INITIAL_RECONSTRUCTION.md
 create mode 100644 draft_pr_descending_audit_20261002/audits/pr381_30003853/germs_nilpotent_review/INITIAL_SEAL.json
 create mode 100644 draft_pr_descending_audit_20261002/audits/pr381_30003853/germs_nilpotent_review/INPUT_RECEIPT.json
 create mode 100644 draft_pr_descending_audit_20261002/audits/pr381_30003853/germs_nilpotent_review/NEW_CONTROLS.stderr
 create mode 100644 draft_pr_descending_audit_20261002/audits/pr381_30003853/germs_nilpotent_review/NEW_CONTROLS.stdout.json
 create mode 100644 draft_pr_descending_audit_20261002/audits/pr381_30003853/germs_nilpotent_review/NEW_CONTROLS_RECEIPT.json
 create mode 100644 draft_pr_descending_audit_20261002/audits/pr381_30003853/germs_nilpotent_review/OUTPUT_SHA256_MANIFEST.json
 create mode 100644 draft_pr_descending_audit_20261002/audits/pr381_30003853/germs_nilpotent_review/REPLAY_CONTROLS.stdout.json
 create mode 100644 draft_pr_descending_audit_20261002/audits/pr381_30003853/germs_nilpotent_review/REPLAY_RECEIPTS.json
 create mode 100644 draft_pr_descending_audit_20261002/audits/pr381_30003853/germs_nilpotent_review/REPORT.md
 create mode 100644 draft_pr_descending_audit_20261002/audits/pr381_30003853/germs_nilpotent_review/RESEARCH_LOG.md
 create mode 100644 draft_pr_descending_audit_20261002/audits/pr381_30003853/germs_nilpotent_review/SOURCE_RECEIPTS.json
 create mode 100644 draft_pr_descending_audit_20261002/audits/pr381_30003853/germs_nilpotent_review/new_controls.py
 create mode 100644 draft_pr_descending_audit_20261002/audits/pr381_30003853/germs_nilpotent_review/replay_and_source_controls.py
 create mode 100644 draft_pr_descending_audit_20261002/audits/pr381_30003853/germs_nilpotent_review/replay_outputs/author_all_public.stderr
 create mode 100644 draft_pr_descending_audit_20261002/audits/pr381_30003853/germs_nilpotent_review/replay_outputs/author_all_public.stdout
 create mode 100644 draft_pr_descending_audit_20261002/audits/pr381_30003853/germs_nilpotent_review/replay_outputs/author_turn1.stderr
 create mode 100644 draft_pr_descending_audit_20261002/audits/pr381_30003853/germs_nilpotent_review/replay_outputs/author_turn1.stdout
 create mode 100644 draft_pr_descending_audit_20261002/audits/pr381_30003853/germs_nilpotent_review/replay_outputs/author_turn2.stderr
 create mode 100644 draft_pr_descending_audit_20261002/audits/pr381_30003853/germs_nilpotent_review/replay_outputs/author_turn2.stdout
 create mode 100644 draft_pr_descending_audit_20261002/audits/pr381_30003853/germs_nilpotent_review/replay_outputs/author_turn3.stderr
 create mode 100644 draft_pr_descending_audit_20261002/audits/pr381_30003853/germs_nilpotent_review/replay_outputs/author_turn3.stdout
 create mode 100644 draft_pr_descending_audit_20261002/audits/pr381_30003853/germs_nilpotent_review/replay_outputs/author_turn4.stderr
 create mode 100644 draft_pr_descending_audit_20261002/audits/pr381_30003853/germs_nilpotent_review/replay_outputs/author_turn4.stdout
 create mode 100644 draft_pr_descending_audit_20261002/audits/pr381_30003853/germs_nilpotent_review/replay_outputs/author_turn5.stderr
 create mode 100644 draft_pr_descending_audit_20261002/audits/pr381_30003853/germs_nilpotent_review/replay_outputs/author_turn5.stdout
 create mode 100644 draft_pr_descending_audit_20261002/audits/pr381_30003853/germs_nilpotent_review/replay_outputs/counterfeit_explicit_source_binding.stderr
 create mode 100644 draft_pr_descending_audit_20261002/audits/pr381_30003853/germs_nilpotent_review/replay_outputs/counterfeit_explicit_source_binding.stdout
 create mode 100644 draft_pr_descending_audit_20261002/audits/pr381_30003853/germs_nilpotent_review/replay_outputs/counterfeit_optional_omitted.stderr
 create mode 100644 draft_pr_descending_audit_20261002/audits/pr381_30003853/germs_nilpotent_review/replay_outputs/counterfeit_optional_omitted.stdout
 create mode 100644 draft_pr_descending_audit_20261002/audits/pr381_30003853/germs_nilpotent_review/replay_outputs/historical_independent.stderr
 create mode 100644 draft_pr_descending_audit_20261002/audits/pr381_30003853/germs_nilpotent_review/replay_outputs/historical_independent.stdout
 create mode 100644 draft_pr_descending_audit_20261002/audits/pr381_30003853/germs_nilpotent_review/replay_outputs/publication.stderr
 create mode 100644 draft_pr_descending_audit_20261002/audits/pr381_30003853/germs_nilpotent_review/replay_outputs/publication.stdout
 create mode 100644 draft_pr_descending_audit_20261002/audits/pr381_30003853/root_family_controls_receipt.json
 create mode 100644 draft_pr_descending_audit_20261002/audits/pr381_30003853/root_germs_nilpotent_review_new_controls.stderr
 create mode 100644 draft_pr_descending_audit_20261002/audits/pr381_30003853/root_germs_nilpotent_review_new_controls.stdout
 create mode 100644 draft_pr_descending_audit_20261002/audits/pr381_30003853/root_primary_source_receipt.json
 create mode 100644 draft_pr_descending_audit_20261002/audits/pr381_30003853/root_public_replay.stderr
 create mode 100644 draft_pr_descending_audit_20261002/audits/pr381_30003853/root_public_replay.stdout
 create mode 100644 draft_pr_descending_audit_20261002/audits/pr381_30003853/root_public_replay_receipt.json
 create mode 100644 draft_pr_descending_audit_20261002/audits/pr381_30003853/root_sources_solvable_review_independent_controls.stderr
 create mode 100644 draft_pr_descending_audit_20261002/audits/pr381_30003853/root_sources_solvable_review_independent_controls.stdout
 create mode 100644 draft_pr_descending_audit_20261002/audits/pr381_30003853/root_wreath_subdirect_review_new_algebra_checks.stderr
 create mode 100644 draft_pr_descending_audit_20261002/audits/pr381_30003853/root_wreath_subdirect_review_new_algebra_checks.stdout
 create mode 100644 draft_pr_descending_audit_20261002/audits/pr381_30003853/root_wreath_subdirect_review_nonabelian_and_lattice_controls.stderr
 create mode 100644 draft_pr_descending_audit_20261002/audits/pr381_30003853/root_wreath_subdirect_review_nonabelian_and_lattice_controls.stdout
 create mode 100644 draft_pr_descending_audit_20261002/audits/pr381_30003853/sources_solvable_review/.gitignore
 create mode 100644 draft_pr_descending_audit_20261002/audits/pr381_30003853/sources_solvable_review/ADDITIONAL_PAGE_VISUAL_RECEIPT.json
 create mode 100644 draft_pr_descending_audit_20261002/audits/pr381_30003853/sources_solvable_review/INDEPENDENCE_SEAL.json
 create mode 100644 draft_pr_descending_audit_20261002/audits/pr381_30003853/sources_solvable_review/INDEPENDENT_CONTROLS.json
 create mode 100644 draft_pr_descending_audit_20261002/audits/pr381_30003853/sources_solvable_review/INDEPENDENT_RECONSTRUCTION.md
 create mode 100644 draft_pr_descending_audit_20261002/audits/pr381_30003853/sources_solvable_review/PAGE_VISUAL_RECEIPT.json
 create mode 100644 draft_pr_descending_audit_20261002/audits/pr381_30003853/sources_solvable_review/REPLAY_RECEIPT.json
 create mode 100644 draft_pr_descending_audit_20261002/audits/pr381_30003853/sources_solvable_review/REPORT.md
 create mode 100644 draft_pr_descending_audit_20261002/audits/pr381_30003853/sources_solvable_review/REPORT_SEAL.json
 create mode 100644 draft_pr_descending_audit_20261002/audits/pr381_30003853/sources_solvable_review/RESEARCH_LOG.md
 create mode 100644 draft_pr_descending_audit_20261002/audits/pr381_30003853/sources_solvable_review/SHA256_MANIFEST.json
 create mode 100644 draft_pr_descending_audit_20261002/audits/pr381_30003853/sources_solvable_review/SOURCE_RECEIPT.json
 create mode 100644 draft_pr_descending_audit_20261002/audits/pr381_30003853/sources_solvable_review/VERSION_METADATA_RECEIPT.json
 create mode 100644 draft_pr_descending_audit_20261002/audits/pr381_30003853/sources_solvable_review/fetch_sources.py
 create mode 100644 draft_pr_descending_audit_20261002/audits/pr381_30003853/sources_solvable_review/independent_controls.py
 create mode 100644 draft_pr_descending_audit_20261002/audits/pr381_30003853/sources_solvable_review/replay_frozen.py
 create mode 100644 draft_pr_descending_audit_20261002/audits/pr381_30003853/wreath_subdirect_review/.gitignore
 create mode 100644 draft_pr_descending_audit_20261002/audits/pr381_30003853/wreath_subdirect_review/ADDITIONAL_SOURCE_RECEIPT.json
 create mode 100644 draft_pr_descending_audit_20261002/audits/pr381_30003853/wreath_subdirect_review/AUDIT_RESULT.json
 create mode 100644 draft_pr_descending_audit_20261002/audits/pr381_30003853/wreath_subdirect_review/EARLY_INDEPENDENCE_SEAL.json
 create mode 100644 draft_pr_descending_audit_20261002/audits/pr381_30003853/wreath_subdirect_review/INDEPENDENT_RECONSTRUCTION.md
 create mode 100644 draft_pr_descending_audit_20261002/audits/pr381_30003853/wreath_subdirect_review/INPUT_MANIFEST.json
 create mode 100644 draft_pr_descending_audit_20261002/audits/pr381_30003853/wreath_subdirect_review/OUTPUT_MANIFEST.json
 create mode 100644 draft_pr_descending_audit_20261002/audits/pr381_30003853/wreath_subdirect_review/REPLAY_RECEIPT.json
 create mode 100644 draft_pr_descending_audit_20261002/audits/pr381_30003853/wreath_subdirect_review/REPORT.md
 create mode 100644 draft_pr_descending_audit_20261002/audits/pr381_30003853/wreath_subdirect_review/RESEARCH_LOG.md
 create mode 100644 draft_pr_descending_audit_20261002/audits/pr381_30003853/wreath_subdirect_review/SOURCE_RECEIPT.json
 create mode 100644 draft_pr_descending_audit_20261002/audits/pr381_30003853/wreath_subdirect_review/author_replay.stderr
 create mode 100644 draft_pr_descending_audit_20261002/audits/pr381_30003853/wreath_subdirect_review/author_replay.stdout
 create mode 100644 draft_pr_descending_audit_20261002/audits/pr381_30003853/wreath_subdirect_review/new_algebra_checks.py
 create mode 100644 draft_pr_descending_audit_20261002/audits/pr381_30003853/wreath_subdirect_review/new_algebra_checks.stderr
 create mode 100644 draft_pr_descending_audit_20261002/audits/pr381_30003853/wreath_subdirect_review/new_algebra_checks.stdout.json
 create mode 100644 draft_pr_descending_audit_20261002/audits/pr381_30003853/wreath_subdirect_review/nonabelian_and_lattice_controls.py
 create mode 100644 draft_pr_descending_audit_20261002/audits/pr381_30003853/wreath_subdirect_review/nonabelian_and_lattice_controls.stderr
 create mode 100644 draft_pr_descending_audit_20261002/audits/pr381_30003853/wreath_subdirect_review/nonabelian_and_lattice_controls.stdout.json
 create mode 100644 draft_pr_descending_audit_20261002/audits/pr381_30003853/wreath_subdirect_review/publication_replay.stderr
 create mode 100644 draft_pr_descending_audit_20261002/audits/pr381_30003853/wreath_subdirect_review/publication_replay.stdout
 create mode 100644 draft_pr_descending_audit_20261002/audits/pr381_30003853/wreath_subdirect_review/verification.stderr
 create mode 100644 draft_pr_descending_audit_20261002/audits/pr381_30003853/wreath_subdirect_review/verification.stdout
 create mode 100644 draft_pr_descending_audit_20261002/audits/pr381_30003853/wreath_subdirect_review/verify_family.py
 create mode 100644 draft_pr_descending_audit_20261002/audits/pr382_6600013/final_adversary/.gitignore
 create mode 100644 draft_pr_descending_audit_20261002/audits/pr382_6600013/final_adversary/FRESH_PDF_REPLAY_RECEIPT.json
 create mode 100644 draft_pr_descending_audit_20261002/audits/pr382_6600013/final_adversary/INDEPENDENT_RECONSTRUCTION.md
 create mode 100644 draft_pr_descending_audit_20261002/audits/pr382_6600013/final_adversary/INPUT_BINDING.json
 create mode 100644 draft_pr_descending_audit_20261002/audits/pr382_6600013/final_adversary/INPUT_OUTPUT_SHA_MANIFEST.json
 create mode 100644 draft_pr_descending_audit_20261002/audits/pr382_6600013/final_adversary/PACKAGE_BINDING_RECEIPT.json
 create mode 100644 draft_pr_descending_audit_20261002/audits/pr382_6600013/final_adversary/PRE_COMPARISON_SEAL.json
 create mode 100644 draft_pr_descending_audit_20261002/audits/pr382_6600013/final_adversary/QUEUE_PROJECTION.diff
 create mode 100644 draft_pr_descending_audit_20261002/audits/pr382_6600013/final_adversary/QUEUE_RECEIPT.json
 create mode 100644 draft_pr_descending_audit_20261002/audits/pr382_6600013/final_adversary/REPLAY_RECEIPTS.json
 create mode 100644 draft_pr_descending_audit_20261002/audits/pr382_6600013/final_adversary/REPORT.md
 create mode 100644 draft_pr_descending_audit_20261002/audits/pr382_6600013/final_adversary/RESEARCH_LOG.md
 create mode 100644 draft_pr_descending_audit_20261002/audits/pr382_6600013/final_adversary/SEAL_VALIDATION.json
 create mode 100644 draft_pr_descending_audit_20261002/audits/pr382_6600013/final_adversary/SOURCE_2016_FALLBACK_RECEIPT.json
 create mode 100644 draft_pr_descending_audit_20261002/audits/pr382_6600013/final_adversary/SOURCE_2017_FALLBACK_RECEIPT.json
 create mode 100644 draft_pr_descending_audit_20261002/audits/pr382_6600013/final_adversary/SOURCE_RECEIPTS.json
 create mode 100644 draft_pr_descending_audit_20261002/audits/pr382_6600013/final_adversary/VISUAL_RECEIPT.json
 create mode 100644 draft_pr_descending_audit_20261002/audits/pr382_6600013/final_adversary/independent_controls.initial_square_failure.stderr
 create mode 100644 draft_pr_descending_audit_20261002/audits/pr382_6600013/final_adversary/independent_controls.initial_square_failure.stdout
 create mode 100644 draft_pr_descending_audit_20261002/audits/pr382_6600013/final_adversary/independent_controls.py
 create mode 100644 draft_pr_descending_audit_20261002/audits/pr382_6600013/final_adversary/independent_controls.stderr
 create mode 100644 draft_pr_descending_audit_20261002/audits/pr382_6600013/final_adversary/independent_controls.stdout
 create mode 100644 draft_pr_descending_audit_20261002/audits/pr382_6600013/final_adversary/package_audit.py
 create mode 100644 draft_pr_descending_audit_20261002/audits/pr382_6600013/final_adversary/package_audit.stderr
 create mode 100644 draft_pr_descending_audit_20261002/audits/pr382_6600013/final_adversary/package_audit.stdout
 create mode 100644 draft_pr_descending_audit_20261002/audits/pr382_6600013/final_adversary/post_comparison_falsifiers.py
 create mode 100644 draft_pr_descending_audit_20261002/audits/pr382_6600013/final_adversary/post_comparison_falsifiers.stderr
 create mode 100644 draft_pr_descending_audit_20261002/audits/pr382_6600013/final_adversary/post_comparison_falsifiers.stdout
 create mode 100644 draft_pr_descending_audit_20261002/audits/pr382_6600013/final_adversary/replays/author_all.stderr
 create mode 100644 draft_pr_descending_audit_20261002/audits/pr382_6600013/final_adversary/replays/author_all.stdout
 create mode 100644 draft_pr_descending_audit_20261002/audits/pr382_6600013/final_adversary/replays/fresh_four_pdf_expected_failure.stderr
 create mode 100644 draft_pr_descending_audit_20261002/audits/pr382_6600013/final_adversary/replays/fresh_four_pdf_expected_failure.stdout
 create mode 100644 draft_pr_descending_audit_20261002/audits/pr382_6600013/final_adversary/replays/helper_cochain_images.stderr
 create mode 100644 draft_pr_descending_audit_20261002/audits/pr382_6600013/final_adversary/replays/helper_cochain_images.stdout
 create mode 100644 draft_pr_descending_audit_20261002/audits/pr382_6600013/final_adversary/replays/helper_cyclic_cover.stderr
 create mode 100644 draft_pr_descending_audit_20261002/audits/pr382_6600013/final_adversary/replays/helper_cyclic_cover.stdout
 create mode 100644 draft_pr_descending_audit_20261002/audits/pr382_6600013/final_adversary/replays/helper_quadratic_rotation.stderr
 create mode 100644 draft_pr_descending_audit_20261002/audits/pr382_6600013/final_adversary/replays/helper_quadratic_rotation.stdout
 create mode 100644 draft_pr_descending_audit_20261002/audits/pr382_6600013/final_adversary/replays/helper_rational_linear.stderr
 create mode 100644 draft_pr_descending_audit_20261002/audits/pr382_6600013/final_adversary/replays/helper_rational_linear.stdout
 create mode 100644 draft_pr_descending_audit_20261002/audits/pr382_6600013/final_adversary/replays/helper_rectangular_complex.stderr
 create mode 100644 draft_pr_descending_audit_20261002/audits/pr382_6600013/final_adversary/replays/helper_rectangular_complex.stdout
 create mode 100644 draft_pr_descending_audit_20261002/audits/pr382_6600013/final_adversary/replays/helper_thue_morse_language.stderr
 create mode 100644 draft_pr_descending_audit_20261002/audits/pr382_6600013/final_adversary/replays/helper_thue_morse_language.stdout
 create mode 100644 draft_pr_descending_audit_20261002/audits/pr382_6600013/final_adversary/replays/historical_independent.stderr
 create mode 100644 draft_pr_descending_audit_20261002/audits/pr382_6600013/final_adversary/replays/historical_independent.stdout
 create mode 100644 draft_pr_descending_audit_20261002/audits/pr382_6600013/final_adversary/replays/historical_review.stderr
 create mode 100644 draft_pr_descending_audit_20261002/audits/pr382_6600013/final_adversary/replays/historical_review.stdout
 create mode 100644 draft_pr_descending_audit_20261002/audits/pr382_6600013/final_adversary/replays/public_review.stderr
 create mode 100644 draft_pr_descending_audit_20261002/audits/pr382_6600013/final_adversary/replays/public_review.stdout
 create mode 100644 draft_pr_descending_audit_20261002/audits/pr382_6600013/final_adversary/replays/verify_turn1.stderr
 create mode 100644 draft_pr_descending_audit_20261002/audits/pr382_6600013/final_adversary/replays/verify_turn1.stdout
 create mode 100644 draft_pr_descending_audit_20261002/audits/pr382_6600013/final_adversary/replays/verify_turn2.stderr
 create mode 100644 draft_pr_descending_audit_20261002/audits/pr382_6600013/final_adversary/replays/verify_turn2.stdout
 create mode 100644 draft_pr_descending_audit_20261002/audits/pr382_6600013/final_adversary/replays/verify_turn3.stderr
 create mode 100644 draft_pr_descending_audit_20261002/audits/pr382_6600013/final_adversary/replays/verify_turn3.stdout
 create mode 100644 draft_pr_descending_audit_20261002/audits/pr382_6600013/final_adversary/replays/verify_turn4.stderr
 create mode 100644 draft_pr_descending_audit_20261002/audits/pr382_6600013/final_adversary/replays/verify_turn4.stdout
 create mode 100644 draft_pr_descending_audit_20261002/audits/pr382_6600013/final_adversary/replays/verify_turn5.stderr
 create mode 100644 draft_pr_descending_audit_20261002/audits/pr382_6600013/final_adversary/replays/verify_turn5.stdout
 create mode 100644 draft_pr_descending_audit_20261002/audits/pr382_6600013/final_adversary/sourcefirst_fetch.py
 create mode 100644 draft_pr_descending_audit_20261002/audits/pr382_6600013/root_final_controls_receipt.json
 create mode 100644 draft_pr_descending_audit_20261002/audits/pr382_6600013/root_final_independent_controls.stderr
 create mode 100644 draft_pr_descending_audit_20261002/audits/pr382_6600013/root_final_independent_controls.stdout
 create mode 100644 draft_pr_descending_audit_20261002/audits/pr382_6600013/root_final_post_comparison_falsifiers.stderr
 create mode 100644 draft_pr_descending_audit_20261002/audits/pr382_6600013/root_final_post_comparison_falsifiers.stdout
 create mode 100644 draft_pr_descending_audit_20261002/audits/pr383_30004047/root_repair_checkpoint_commit.stderr
 create mode 100644 draft_pr_descending_audit_20261002/audits/pr383_30004047/root_repair_checkpoint_commit.stdout
 create mode 100644 draft_pr_descending_audit_20261002/audits/pr383_30004047/root_repair_checkpoint_push.stderr
 create mode 100644 draft_pr_descending_audit_20261002/audits/pr383_30004047/root_repair_checkpoint_push.stdout
