Cross-state response probe
==========================

status: COMPLETE
stop_reason: completed requested finite scope
command: math/working/cross_state_response_probe.py --min-order 1 --max-order 8 --max-seconds 60
result_sha256: fcd56622c6d7d8c4a51a6c3a24be544d1e9e71c58b9fff9b6c452a4e2f02c066
script_sha256: e335e60e958a2520398a10b7614c346f81cc3dd000963c38678f4460d363a6ff
geng_sha256: 588052a87e5313f331aa145a0a641702b6c13b6e2387dd3c4807bf7f49fdaca1

Completed-order totals:
{"adjacent_maximum_independent_state_pairs": 6105, "adjacent_pair_outside_vertex_triples": 27492, "co_state_forced_attack_obligations": 23571, "co_state_ridge_obligations": 17432, "connected_graphs": 12113, "equality_graphs": 458, "gamma_equals_alpha_graphs": 648, "graphs_with_disconnected_maximum_independent_exchange_graph": 74, "graphs_with_nontrivial_exchange_transport_holonomy": 0, "greatest_family_states": 7247, "maximum_independent_exchange_components": 545, "maximum_independent_state_pairs": 15238, "maximum_independent_states": 3834, "tight_Hall_attack_orderings": 69469, "tight_Hall_retained_transition_edges": 138689, "tight_Hall_sets": 40071}

Refuted candidates:
- adjacent_static_common_color_stability
- adjacent_static_list_size_equality
- adjacent_static_transport_equality
- maximum_independent_exchange_graph_connected
- pairwise_static_reciprocity

Analytically proved (proofs embedded in JSON):
- adjacent_family_common_color_stability
- adjacent_family_exchanged_color_reciprocity
- adjacent_family_list_size_equality
- adjacent_family_transport_equality
- adjacent_static_exchanged_color_reciprocity
- co_state_common_H_neighborhood_is_H_edgeless
- co_state_unique_forced_response
- tight_Hall_all_orders_force_endpoint
- tight_Hall_endpoint_membership

Zero-violation finite observations:
- control_directed_family_matching
- control_directed_static_matching
- exchange_transport_has_trivial_holonomy
- family_response_base_orderability
- family_state_base_orderability
- mutual_family_matching
- mutual_static_matching
- pairwise_family_reciprocity
- static_response_base_orderability
- static_state_base_orderability

Guardrail: zero violations in this finite scope is not a theorem.
Checkpoint policy: the JSON file was atomically replaced after every completed order.
Stop policy: no graph was begun after the wall-clock gate.
