k=3 full-list residual probe
============================

status: COMPLETE
command: math/working/k3_full_list_residual_probe.py --max-order 8 --max-seconds 60
result_sha256: 1455c6e7d802dde4cc907750bd7789119ef31bdf3ddd0a2b0d55ccf502e64fba
script_sha256: b7805ef0fa63744ea97060d72d2ef697d3dfca3ed4d06bddf9304f7bdee5a50a
ordinary_set_base_sha256: e335e60e958a2520398a10b7614c346f81cc3dd000963c38678f4460d363a6ff

Target-scope boundary:
- equality and gamma=alpha=3 near-miss references have zero static F3 vertices through order 8
- a separately replayed order-10 gamma=alpha=3 near miss has a full static-list vertex, so the finite zero does not generalize
- all nonvacuous F3 counterexamples below occur only after dropping gamma=alpha

Refuted candidate claims:
- F3_H_bipartite
- F3_H_independent
- K0_projection_H_Q_bipartite_without_full_closure
- K0_projection_closed_without_full_closure
- equality_family_projection_equals_greatest_two_family
- equality_static_projection_equals_greatest_two_family
- every_frozen_F3_coloring_extends
- full_edge_all_two_swap_states
- projection_equals_greatest_two_family
- projection_gamma_two_without_original_gamma_three
- raw_residual_list_colorable
- some_frozen_F3_coloring_extends
- static_F3_empty_under_gamma_alpha_three

Finite zero-violation observations:
- F3_H_three_colorable
- family_F3_empty_in_equality_scope_through_eight
- full_triangle_all_two_swap_states
- static_deletion_list_colorable_without_original_gamma_three

Analytic results:
- full H-edge row coverage: PROVED
- full H-triangle endpoint and retained-color two-swap coverage: PROVED
- frozen projection extension equivalence: PROVED (tautological reduction)
- projected P_u versus greatest two-family of Q_u: finite diagnostic; see its first counterexample in the JSON

Totals:
{"connected_graphs": 12113, "equality_family_F3_H_edges": 0, "equality_family_F3_H_triangles": 0, "equality_family_F3_vertices": 0, "equality_family_extendable_F3_colorings": 1353, "equality_family_frozen_projections": 4059, "equality_family_projected_family_states": 27189, "equality_family_proper_F3_colorings": 1353, "equality_family_raw_residual_colorable_references": 1353, "equality_family_references_with_F3": 0, "equality_family_shared_vertices": 2812, "equality_family_triangle_attack_orders": 0, "equality_graphs": 158, "equality_references": 1353, "equality_static_F3_H_edges": 0, "equality_static_F3_H_triangles": 0, "equality_static_F3_vertices": 0, "equality_static_extendable_F3_colorings": 1353, "equality_static_frozen_projections": 4059, "equality_static_projected_family_states": 26213, "equality_static_proper_F3_colorings": 1353, "equality_static_raw_residual_colorable_references": 1353, "equality_static_references_with_F3": 0, "equality_static_shared_vertices": 2812, "gamma_low_control_family_F3_H_edges": 1628, "gamma_low_control_family_F3_H_triangles": 116, "gamma_low_control_family_F3_vertices": 8344, "gamma_low_control_family_extendable_F3_colorings": 46493, "gamma_low_control_family_frozen_projections": 66741, "gamma_low_control_family_projected_family_states": 383234, "gamma_low_control_family_proper_F3_colorings": 49864, "gamma_low_control_family_raw_residual_colorable_references": 22247, "gamma_low_control_family_references_with_F3": 5722, "gamma_low_control_family_shared_vertices": 71727, "gamma_low_control_family_triangle_attack_orders": 696, "gamma_low_control_graphs": 5903, "gamma_low_control_references": 22247, "gamma_low_control_static_F3_H_edges": 2060, "gamma_low_control_static_F3_H_triangles": 159, "gamma_low_control_static_F3_vertices": 11449, "gamma_low_control_static_extendable_F3_colorings": 48536, "gamma_low_control_static_frozen_projections": 66741, "gamma_low_control_static_projected_family_states": 350301, "gamma_low_control_static_proper_F3_colorings": 57766, "gamma_low_control_static_raw_residual_colorable_references": 22247, "gamma_low_control_static_references_with_F3": 8161, "gamma_low_control_static_shared_vertices": 71727, "near_miss_K0_projection_bipartite_failures": 1676, "near_miss_K0_projection_closure_failures": 1726, "near_miss_finite_horizon_F3_H_edges": 0, "near_miss_finite_horizon_F3_H_triangles": 0, "near_miss_finite_horizon_F3_vertices": 0, "near_miss_finite_horizon_extendable_F3_colorings": 0, "near_miss_finite_horizon_proper_F3_colorings": 731, "near_miss_finite_horizon_raw_residual_colorable_references": 0, "near_miss_finite_horizon_references_with_F3": 0, "near_miss_finite_horizon_shared_vertices": 1776, "near_miss_graphs": 83, "near_miss_kernel_rounds_total": 166, "near_miss_references": 731, "near_miss_static_F3_H_edges": 0, "near_miss_static_F3_H_triangles": 0, "near_miss_static_F3_vertices": 0, "near_miss_static_extendable_F3_colorings": 0, "near_miss_static_proper_F3_colorings": 731, "near_miss_static_raw_residual_colorable_references": 0, "near_miss_static_references_with_F3": 0, "near_miss_static_shared_vertices": 1776}

No SAT solver and no order-14 computation was used.
