universal transition/private-neighborhood proof-lane replay
classification: OBSERVED finite evidence plus deterministic witness checks
timestamp: 2026-07-26T14:42:02-0700
repository_head_at_replay_audit: 0f9f72d32f5d85d5ddf04b8a8dadc5c089370528
command: python3 -I -B gamma_theta_eternal_domination/math/working/universal_transition_private_probe.py --max-order 9 --minimal-family-max-order 6
sat_solver_invoked: no
order13_production_invoked: no
generator: gamma_theta_eternal_domination/tools/nauty2_9_3/geng
generator_sha256: 588052a87e5313f331aa145a0a641702b6c13b6e2387dd3c4807bf7f49fdaca1
elapsed_seconds_recorded_in_evidence: 67.58366579198628
equal_parameter_graphs_orders_1_through_9: 3585
maximum_independent_references_checked: 37358
hall_violations_on_equal_parameter_graphs: 0
inclusion_minimal_families_orders_1_through_6: 87
inclusion_minimal_families_with_global_labeling_obstruction: 8
minimum_cardinality_families_orders_1_through_6: 78
minimum_cardinality_families_with_global_labeling_obstruction: 0
note_sha256: 71384d66373ab4cbffa7ced60973971cf39b72a0315eac31ad522abd1afa2f47
probe_sha256: e531e19ee32d7540b5691dc2488676b234e7fa63d5a6a2e27bda6c3dfbdea05e
evidence_sha256: 771738d7f2d3b0f384c2276f4ac4bb7fc1da18c285f169f7c606184539f09841
binding_assertions:
  method.orders == [1,9]
  method.minimal_family_orders == [1,6]
  all recorded equal-parameter Hall-violation counts are zero
  C7 passes every pointwise maximum-independent test but violates Hall
  C15 kernel sizes K0..K3 are [765,120,15,0] and every maximum independent state lies in K2
  E]~o response table has 12 states and its unique-response cycle has length 12
  J@l|bfNuVK_ has (gamma,alpha,gamma_infinity,theta) = (3,3,4,4)
  FUzro has (gamma,alpha,gamma_infinity,theta) = (2,2,3,3)
result: ACCEPT_INTERNAL_BINDING_CHECK
