{
  "primary_pdfs": [
    {
      "file": "hayman_lingham_2018.pdf",
      "bytes": 1706228,
      "sha256": "8e28fd4403a07e4e19a9816b7efaafddf9f475d59cf8c34a8255cb03833ed4f0",
      "url": "https://arxiv.org/pdf/1809.07200"
    },
    {
      "file": "hedberg_wolff_1983.pdf",
      "bytes": 1782353,
      "sha256": "f351a967ae723f590d85da9a886ca4f6d8a1a21f7de8315f83180d9dcf3b5006",
      "url": "https://www.numdam.org/item/10.5802/aif.944.pdf"
    }
  ],
  "dataset_revision": "37e53eabe540fb458758e198be61634bd02ee008",
  "source_pages": "Hayman printed65/PDF66 Problem3.16 and Update; Hedberg-Wolff Theorem2, direct Borel proof pp173-174",
  "capacity_normalization": "kernel |x-y|^(2-n), reciprocal minimum probability energy; source finiteness unchanged by positive dimensional scaling",
  "unreproved_foundations": [
    "Borel Choquet capacitability (not the fine-topological Choquet property)",
    "Borel capacity-zero/polar equivalence",
    "routine measure compactness and regularity"
  ]
}
