⚠ [2834/3115] Replayed CyclicBell.GeneralPhases
warning: ././././CyclicBell/GeneralPhases.lean:71:0: automatically included section variable(s) unused in theorem 'CyclicBell.General.parityDelta_cases':
  [NeZero d]
consider restructuring your `variable` declarations so that the variables are not in scope or explicitly omit them:
  omit [NeZero d] in theorem ...
note: this linter can be disabled with `set_option linter.unusedSectionVars false`
warning: ././././CyclicBell/GeneralPhases.lean:76:0: automatically included section variable(s) unused in theorem 'CyclicBell.General.parity_shift_even':
  [NeZero d]
consider restructuring your `variable` declarations so that the variables are not in scope or explicitly omit them:
  omit [NeZero d] in theorem ...
note: this linter can be disabled with `set_option linter.unusedSectionVars false`
⚠ [2835/3115] Replayed CyclicBell.GeneralScalar
warning: ././././CyclicBell/GeneralScalar.lean:30:0: automatically included section variable(s) unused in theorem 'CyclicBell.General.halfMesh_eq':
  [NeZero d]
consider restructuring your `variable` declarations so that the variables are not in scope or explicitly omit them:
  omit [NeZero d] in theorem ...
note: this linter can be disabled with `set_option linter.unusedSectionVars false`
warning: ././././CyclicBell/GeneralScalar.lean:51:4: try 'simp' instead of 'simpa'
note: this linter can be disabled with `set_option linter.unnecessarySimpa false`
warning: ././././CyclicBell/GeneralScalar.lean:86:35: unused variable `hd`
note: this linter can be disabled with `set_option linter.unusedVariables false`
⚠ [2836/3115] Replayed CyclicBell.MatrixAlgebra
warning: ././././CyclicBell/MatrixAlgebra.lean:74:8: automatically included section variable(s) unused in theorem 'CyclicBell.stateEval_add':
  [DecidableEq ι]
consider restructuring your `variable` declarations so that the variables are not in scope or explicitly omit them:
  omit [DecidableEq ι] in theorem ...
note: this linter can be disabled with `set_option linter.unusedSectionVars false`
warning: ././././CyclicBell/MatrixAlgebra.lean:77:8: automatically included section variable(s) unused in theorem 'CyclicBell.stateEval_sub':
  [DecidableEq ι]
consider restructuring your `variable` declarations so that the variables are not in scope or explicitly omit them:
  omit [DecidableEq ι] in theorem ...
note: this linter can be disabled with `set_option linter.unusedSectionVars false`
warning: ././././CyclicBell/MatrixAlgebra.lean:80:8: automatically included section variable(s) unused in theorem 'CyclicBell.stateEval_zero':
  [DecidableEq ι]
consider restructuring your `variable` declarations so that the variables are not in scope or explicitly omit them:
  omit [DecidableEq ι] in theorem ...
note: this linter can be disabled with `set_option linter.unusedSectionVars false`
warning: ././././CyclicBell/MatrixAlgebra.lean:85:0: automatically included section variable(s) unused in theorem 'CyclicBell.stateEval_sum':
  [DecidableEq ι]
consider restructuring your `variable` declarations so that the variables are not in scope or explicitly omit them:
  omit [DecidableEq ι] in theorem ...
note: this linter can be disabled with `set_option linter.unusedSectionVars false`
warning: ././././CyclicBell/MatrixAlgebra.lean:89:0: automatically included section variable(s) unused in theorem 'CyclicBell.stateEval_adjoint':
  [DecidableEq ι]
consider restructuring your `variable` declarations so that the variables are not in scope or explicitly omit them:
  omit [DecidableEq ι] in theorem ...
note: this linter can be disabled with `set_option linter.unusedSectionVars false`
⚠ [2898/3115] Replayed CyclicBell.GeneralFunctionalCalculus
warning: ././././CyclicBell/GeneralFunctionalCalculus.lean:137:4: 'change star (φ c) * φ c = 1' tactic does nothing
note: this linter can be disabled with `set_option linter.unusedTactic false`
⚠ [2900/3115] Replayed CyclicBell.GeneralModel
warning: ././././CyclicBell/GeneralModel.lean:54:8: automatically included section variable(s) unused in theorem 'CyclicBell.General.kron_mul':
  [DecidableEq ι]
  [DecidableEq κ]
consider restructuring your `variable` declarations so that the variables are not in scope or explicitly omit them:
  omit [DecidableEq ι] [DecidableEq κ] in theorem ...
note: this linter can be disabled with `set_option linter.unusedSectionVars false`
warning: ././././CyclicBell/GeneralModel.lean:66:8: automatically included section variable(s) unused in theorem 'CyclicBell.General.kron_star':
  [Fintype ι]
  [Fintype κ]
  [DecidableEq ι]
  [DecidableEq κ]
consider restructuring your `variable` declarations so that the variables are not in scope or explicitly omit them:
  omit [Fintype ι] [Fintype κ] [DecidableEq ι] [DecidableEq κ] in theorem ...
note: this linter can be disabled with `set_option linter.unusedSectionVars false`
warning: ././././CyclicBell/GeneralModel.lean:71:8: automatically included section variable(s) unused in theorem 'CyclicBell.General.kron_one':
  [Fintype ι]
  [Fintype κ]
consider restructuring your `variable` declarations so that the variables are not in scope or explicitly omit them:
  omit [Fintype ι] [Fintype κ] in theorem ...
note: this linter can be disabled with `set_option linter.unusedSectionVars false`
warning: ././././CyclicBell/GeneralModel.lean:76:8: automatically included section variable(s) unused in theorem 'CyclicBell.General.kron_add_left':
  [Fintype ι]
  [Fintype κ]
  [DecidableEq ι]
  [DecidableEq κ]
consider restructuring your `variable` declarations so that the variables are not in scope or explicitly omit them:
  omit [Fintype ι] [Fintype κ] [DecidableEq ι] [DecidableEq κ] in theorem ...
note: this linter can be disabled with `set_option linter.unusedSectionVars false`
warning: ././././CyclicBell/GeneralModel.lean:79:8: automatically included section variable(s) unused in theorem 'CyclicBell.General.kron_add_right':
  [Fintype ι]
  [Fintype κ]
  [DecidableEq ι]
  [DecidableEq κ]
consider restructuring your `variable` declarations so that the variables are not in scope or explicitly omit them:
  omit [Fintype ι] [Fintype κ] [DecidableEq ι] [DecidableEq κ] in theorem ...
note: this linter can be disabled with `set_option linter.unusedSectionVars false`
warning: ././././CyclicBell/GeneralModel.lean:82:8: automatically included section variable(s) unused in theorem 'CyclicBell.General.kron_smul_left':
  [Fintype ι]
  [Fintype κ]
  [DecidableEq ι]
  [DecidableEq κ]
consider restructuring your `variable` declarations so that the variables are not in scope or explicitly omit them:
  omit [Fintype ι] [Fintype κ] [DecidableEq ι] [DecidableEq κ] in theorem ...
note: this linter can be disabled with `set_option linter.unusedSectionVars false`
warning: ././././CyclicBell/GeneralModel.lean:85:8: automatically included section variable(s) unused in theorem 'CyclicBell.General.kron_smul_right':
  [Fintype ι]
  [Fintype κ]
  [DecidableEq ι]
  [DecidableEq κ]
consider restructuring your `variable` declarations so that the variables are not in scope or explicitly omit them:
  omit [Fintype ι] [Fintype κ] [DecidableEq ι] [DecidableEq κ] in theorem ...
note: this linter can be disabled with `set_option linter.unusedSectionVars false`
warning: ././././CyclicBell/GeneralModel.lean:88:8: automatically included section variable(s) unused in theorem 'CyclicBell.General.kron_sum_left':
  [Fintype ι]
  [Fintype κ]
  [DecidableEq ι]
  [DecidableEq κ]
consider restructuring your `variable` declarations so that the variables are not in scope or explicitly omit them:
  omit [Fintype ι] [Fintype κ] [DecidableEq ι] [DecidableEq κ] in theorem ...
note: this linter can be disabled with `set_option linter.unusedSectionVars false`
warning: ././././CyclicBell/GeneralModel.lean:91:8: automatically included section variable(s) unused in theorem 'CyclicBell.General.kron_sum_right':
  [Fintype ι]
  [Fintype κ]
  [DecidableEq ι]
  [DecidableEq κ]
consider restructuring your `variable` declarations so that the variables are not in scope or explicitly omit them:
  omit [Fintype ι] [Fintype κ] [DecidableEq ι] [DecidableEq κ] in theorem ...
note: this linter can be disabled with `set_option linter.unusedSectionVars false`
warning: ././././CyclicBell/GeneralModel.lean:219:0: automatically included section variable(s) unused in theorem 'CyclicBell.General.kron_projector':
  [Fintype ι]
  [Fintype κ]
  [DecidableEq ι]
  [DecidableEq κ]
consider restructuring your `variable` declarations so that the variables are not in scope or explicitly omit them:
  omit [Fintype ι] [Fintype κ] [DecidableEq ι] [DecidableEq κ] in theorem ...
note: this linter can be disabled with `set_option linter.unusedSectionVars false`
warning: ././././CyclicBell/GeneralModel.lean:252:0: automatically included section variable(s) unused in theorem 'CyclicBell.General.trace_hermitian_product_real':
  [DecidableEq ι]
consider restructuring your `variable` declarations so that the variables are not in scope or explicitly omit them:
  omit [DecidableEq ι] in theorem ...
note: this linter can be disabled with `set_option linter.unusedSectionVars false`
⚠ [2901/3115] Replayed CyclicBell.GeneralFirstBound
warning: ././././CyclicBell/GeneralFirstBound.lean:128:4: try 'simp' instead of 'simpa'
note: this linter can be disabled with `set_option linter.unnecessarySimpa false`
⚠ [2902/3115] Replayed CyclicBell.GeneralSecondSOS
warning: ././././CyclicBell/GeneralSecondSOS.lean:29:0: automatically included section variable(s) unused in theorem 'CyclicBell.General.secondFourier_energy':
  [DecidableEq ι]
consider restructuring your `variable` declarations so that the variables are not in scope or explicitly omit them:
  omit [DecidableEq ι] in theorem ...
note: this linter can be disabled with `set_option linter.unusedSectionVars false`
warning: ././././CyclicBell/GeneralSecondSOS.lean:66:0: automatically included section variable(s) unused in theorem 'CyclicBell.General.secondScalarExpansion':
  [NeZero d]
consider restructuring your `variable` declarations so that the variables are not in scope or explicitly omit them:
  omit [NeZero d] in theorem ...
note: this linter can be disabled with `set_option linter.unusedSectionVars false`
info: ././././CyclicBell/GeneralSecondSOS.lean:98:4: Try this: ring_nf
⚠ [2903/3115] Replayed CyclicBell.GeneralWitness
warning: ././././CyclicBell/GeneralWitness.lean:278:0: automatically included section variable(s) unused in theorem 'CyclicBell.General.phase_prod_unit':
  [NeZero d]
consider restructuring your `variable` declarations so that the variables are not in scope or explicitly omit them:
  omit [NeZero d] in theorem ...
note: this linter can be disabled with `set_option linter.unusedSectionVars false`
warning: ././././CyclicBell/GeneralWitness.lean:290:0: automatically included section variable(s) unused in theorem 'CyclicBell.General.prefix_unit':
  [NeZero d]
consider restructuring your `variable` declarations so that the variables are not in scope or explicitly omit them:
  omit [NeZero d] in theorem ...
note: this linter can be disabled with `set_option linter.unusedSectionVars false`
warning: ././././CyclicBell/GeneralWitness.lean:307:8: automatically included section variable(s) unused in theorem 'CyclicBell.General.prefix_zero':
  [NeZero d]
consider restructuring your `variable` declarations so that the variables are not in scope or explicitly omit them:
  omit [NeZero d] in theorem ...
note: this linter can be disabled with `set_option linter.unusedSectionVars false`
⚠ [2904/3115] Replayed CyclicBell.GeneralCycles
warning: ././././CyclicBell/GeneralCycles.lean:41:0: automatically included section variable(s) unused in theorem 'CyclicBell.General.weighted_entry_conjugate':
  [NeZero d]
consider restructuring your `variable` declarations so that the variables are not in scope or explicitly omit them:
  omit [NeZero d] in theorem ...
note: this linter can be disabled with `set_option linter.unusedSectionVars false`
warning: ././././CyclicBell/GeneralCycles.lean:47:0: automatically included section variable(s) unused in theorem 'CyclicBell.General.weighted_linear':
  [NeZero d]
consider restructuring your `variable` declarations so that the variables are not in scope or explicitly omit them:
  omit [NeZero d] in theorem ...
note: this linter can be disabled with `set_option linter.unusedSectionVars false`
warning: ././././CyclicBell/GeneralCycles.lean:74:2: try 'simp at he' instead of 'simpa using he'
note: this linter can be disabled with `set_option linter.unnecessarySimpa false`
warning: ././././CyclicBell/GeneralCycles.lean:71:0: automatically included section variable(s) unused in theorem 'CyclicBell.General.natCast_ne_zero_of_lt':
  [NeZero d]
consider restructuring your `variable` declarations so that the variables are not in scope or explicitly omit them:
  omit [NeZero d] in theorem ...
note: this linter can be disabled with `set_option linter.unusedSectionVars false`
warning: ././././CyclicBell/GeneralCycles.lean:103:0: automatically included section variable(s) unused in theorem 'CyclicBell.General.phases_permuted':
  [NeZero d]
consider restructuring your `variable` declarations so that the variables are not in scope or explicitly omit them:
  omit [NeZero d] in theorem ...
note: this linter can be disabled with `set_option linter.unusedSectionVars false`
⚠ [2905/3115] Replayed CyclicBell.GeneralChirp
warning: ././././CyclicBell/GeneralChirp.lean:17:8: automatically included section variable(s) unused in theorem 'CyclicBell.General.canonicalPhase_zero':
  [NeZero d]
consider restructuring your `variable` declarations so that the variables are not in scope or explicitly omit them:
  omit [NeZero d] in theorem ...
note: this linter can be disabled with `set_option linter.unusedSectionVars false`
warning: ././././CyclicBell/GeneralChirp.lean:20:0: automatically included section variable(s) unused in theorem 'CyclicBell.General.canonicalPhase_unit':
  [NeZero d]
consider restructuring your `variable` declarations so that the variables are not in scope or explicitly omit them:
  omit [NeZero d] in theorem ...
note: this linter can be disabled with `set_option linter.unusedSectionVars false`
warning: ././././CyclicBell/GeneralChirp.lean:70:0: automatically included section variable(s) unused in theorem 'CyclicBell.General.canonical_first_phase':
  [NeZero d]
consider restructuring your `variable` declarations so that the variables are not in scope or explicitly omit them:
  omit [NeZero d] in theorem ...
note: this linter can be disabled with `set_option linter.unusedSectionVars false`
⚠ [2906/3115] Replayed CyclicBell.GeneralPolarPhases
warning: ././././CyclicBell/GeneralPolarPhases.lean:19:0: automatically included section variable(s) unused in theorem 'CyclicBell.General.parity_half_dimension':
  [NeZero d]
consider restructuring your `variable` declarations so that the variables are not in scope or explicitly omit them:
  omit [NeZero d] in theorem ...
note: this linter can be disabled with `set_option linter.unusedSectionVars false`
warning: ././././CyclicBell/GeneralPolarPhases.lean:95:0: automatically included section variable(s) unused in theorem 'CyclicBell.General.polarBase_unit':
  [NeZero d]
consider restructuring your `variable` declarations so that the variables are not in scope or explicitly omit them:
  omit [NeZero d] in theorem ...
note: this linter can be disabled with `set_option linter.unusedSectionVars false`
⚠ [2907/3115] Replayed CyclicBell.GeneralSwap
warning: ././././CyclicBell/GeneralSwap.lean:17:0: automatically included section variable(s) unused in theorem 'CyclicBell.General.negative_representative':
  [NeZero d]
consider restructuring your `variable` declarations so that the variables are not in scope or explicitly omit them:
  omit [NeZero d] in theorem ...
note: this linter can be disabled with `set_option linter.unusedSectionVars false`
⚠ [2908/3115] Replayed CyclicBell.GeneralGuessing
warning: ././././CyclicBell/GeneralGuessing.lean:46:4: 'push_cast' tactic does nothing
note: this linter can be disabled with `set_option linter.unusedTactic false`
warning: ././././CyclicBell/GeneralGuessing.lean:135:20: Used `tac1 <;> tac2` where `(tac1; tac2)` would suffice
note: this linter can be disabled with `set_option linter.unnecessarySeqFocus false`
warning: ././././CyclicBell/GeneralGuessing.lean:135:35: Used `tac1 <;> tac2` where `(tac1; tac2)` would suffice
note: this linter can be disabled with `set_option linter.unnecessarySeqFocus false`
⚠ [2909/3115] Replayed CyclicBell.GeneralSecondCoefficients
warning: ././././CyclicBell/GeneralSecondCoefficients.lean:36:0: automatically included section variable(s) unused in theorem 'CyclicBell.General.generalLambda_literal':
  [NeZero d]
consider restructuring your `variable` declarations so that the variables are not in scope or explicitly omit them:
  omit [NeZero d] in theorem ...
note: this linter can be disabled with `set_option linter.unusedSectionVars false`
warning: ././././CyclicBell/GeneralSecondCoefficients.lean:50:36: try 'simp' instead of 'simpa'
note: this linter can be disabled with `set_option linter.unnecessarySimpa false`
warning: ././././CyclicBell/GeneralSecondCoefficients.lean:53:8: automatically included section variable(s) unused in theorem 'CyclicBell.General.secondPrefactor_norm':
  [NeZero d]
consider restructuring your `variable` declarations so that the variables are not in scope or explicitly omit them:
  omit [NeZero d] in theorem ...
note: this linter can be disabled with `set_option linter.unusedSectionVars false`
warning: ././././CyclicBell/GeneralSecondCoefficients.lean:54:8: automatically included section variable(s) unused in theorem 'CyclicBell.General.secondPrefactor_unit':
  [NeZero d]
consider restructuring your `variable` declarations so that the variables are not in scope or explicitly omit them:
  omit [NeZero d] in theorem ...
note: this linter can be disabled with `set_option linter.unusedSectionVars false`
info: ././././CyclicBell/GeneralSecondCoefficients.lean:136:62: Try this: ring_nf
info: ././././CyclicBell/GeneralSecondCoefficients.lean:145:4: Try this: ring_nf
warning: ././././CyclicBell/GeneralSecondCoefficients.lean:144:4: 'push_cast' tactic does nothing
note: this linter can be disabled with `set_option linter.unusedTactic false`
warning: ././././CyclicBell/GeneralSecondCoefficients.lean:191:2: 'push_cast only [Complex.ofReal_mul, Complex.ofReal_ofNat]' tactic does nothing
note: this linter can be disabled with `set_option linter.unusedTactic false`
⚠ [2911/3115] Replayed CyclicBell.GeneralBehavior
warning: ././././CyclicBell/GeneralBehavior.lean:49:0: automatically included section variable(s) unused in theorem 'CyclicBell.General.pullBehavior_continuous':
  [NeZero d]
consider restructuring your `variable` declarations so that the variables are not in scope or explicitly omit them:
  omit [NeZero d] in theorem ...
note: this linter can be disabled with `set_option linter.unusedSectionVars false`
⚠ [2914/3115] Replayed CyclicBell.GeneralCommuting
warning: ././././CyclicBell/GeneralCommuting.lean:141:0: automatically included section variable(s) unused in theorem 'CyclicBell.General.vectorEval_add':
  [CompleteSpace H]
consider restructuring your `variable` declarations so that the variables are not in scope or explicitly omit them:
  omit [CompleteSpace H] in theorem ...
note: this linter can be disabled with `set_option linter.unusedSectionVars false`
warning: ././././CyclicBell/GeneralCommuting.lean:143:0: automatically included section variable(s) unused in theorem 'CyclicBell.General.vectorEval_sub':
  [CompleteSpace H]
consider restructuring your `variable` declarations so that the variables are not in scope or explicitly omit them:
  omit [CompleteSpace H] in theorem ...
note: this linter can be disabled with `set_option linter.unusedSectionVars false`
warning: ././././CyclicBell/GeneralCommuting.lean:145:0: automatically included section variable(s) unused in theorem 'CyclicBell.General.vectorEval_real_smul':
  [CompleteSpace H]
consider restructuring your `variable` declarations so that the variables are not in scope or explicitly omit them:
  omit [CompleteSpace H] in theorem ...
note: this linter can be disabled with `set_option linter.unusedSectionVars false`
warning: ././././CyclicBell/GeneralCommuting.lean:147:0: automatically included section variable(s) unused in theorem 'CyclicBell.General.vectorEval_sum':
  [CompleteSpace H]
consider restructuring your `variable` declarations so that the variables are not in scope or explicitly omit them:
  omit [CompleteSpace H] in theorem ...
note: this linter can be disabled with `set_option linter.unusedSectionVars false`
warning: ././././CyclicBell/GeneralCommuting.lean:149:0: automatically included section variable(s) unused in theorem 'CyclicBell.General.vectorEval_one':
  [CompleteSpace H]
consider restructuring your `variable` declarations so that the variables are not in scope or explicitly omit them:
  omit [CompleteSpace H] in theorem ...
note: this linter can be disabled with `set_option linter.unusedSectionVars false`
⚠ [2915/3115] Replayed CyclicBell.GeneralSecondCommuting
warning: ././././CyclicBell/GeneralSecondCommuting.lean:46:0: automatically included section variable(s) unused in theorem 'CyclicBell.General.algebraSecondExpansion':
  [NeZero d]
consider restructuring your `variable` declarations so that the variables are not in scope or explicitly omit them:
  omit [NeZero d] in theorem ...
note: this linter can be disabled with `set_option linter.unusedSectionVars false`
warning: ././././CyclicBell/GeneralSecondCommuting.lean:192:5: unused variable `hc`
note: this linter can be disabled with `set_option linter.unusedVariables false`
⚠ [2916/3115] Replayed CyclicBell.GeneralCommutingModel
warning: ././././CyclicBell/GeneralCommutingModel.lean:26:0: automatically included section variable(s) unused in theorem 'CyclicBell.General.hilbertMoment_add':
  [CompleteSpace H]
consider restructuring your `variable` declarations so that the variables are not in scope or explicitly omit them:
  omit [CompleteSpace H] in theorem ...
note: this linter can be disabled with `set_option linter.unusedSectionVars false`
warning: ././././CyclicBell/GeneralCommutingModel.lean:30:0: automatically included section variable(s) unused in theorem 'CyclicBell.General.hilbertMoment_smul':
  [CompleteSpace H]
consider restructuring your `variable` declarations so that the variables are not in scope or explicitly omit them:
  omit [CompleteSpace H] in theorem ...
note: this linter can be disabled with `set_option linter.unusedSectionVars false`
warning: ././././CyclicBell/GeneralCommutingModel.lean:34:0: automatically included section variable(s) unused in theorem 'CyclicBell.General.hilbertMoment_sum':
  [CompleteSpace H]
consider restructuring your `variable` declarations so that the variables are not in scope or explicitly omit them:
  omit [CompleteSpace H] in theorem ...
note: this linter can be disabled with `set_option linter.unusedSectionVars false`
⚠ [2917/3115] Replayed CyclicBell.GeneralFiniteSpectrum
warning: ././././CyclicBell/GeneralFiniteSpectrum.lean:83:0: automatically included section variable(s) unused in theorem 'CyclicBell.General.finiteCalc_zero_transfer':
  [Fintype ν]
consider restructuring your `variable` declarations so that the variables are not in scope or explicitly omit them:
  omit [Fintype ν] in theorem ...
note: this linter can be disabled with `set_option linter.unusedSectionVars false`
⚠ [2918/3115] Replayed CyclicBell.GeneralSupportAlgebra
warning: ././././CyclicBell/GeneralSupportAlgebra.lean:19:0: automatically included section variable(s) unused in theorem 'CyclicBell.General.frobeniusSq_nonnegative':
  [DecidableEq ι]
  [DecidableEq ν]
consider restructuring your `variable` declarations so that the variables are not in scope or explicitly omit them:
  omit [DecidableEq ι] [DecidableEq ν] in theorem ...
note: this linter can be disabled with `set_option linter.unusedSectionVars false`
warning: ././././CyclicBell/GeneralSupportAlgebra.lean:20:25: unused variable `i`
note: this linter can be disabled with `set_option linter.unusedVariables false`
warning: ././././CyclicBell/GeneralSupportAlgebra.lean:20:55: unused variable `j`
note: this linter can be disabled with `set_option linter.unusedVariables false`
warning: ././././CyclicBell/GeneralSupportAlgebra.lean:22:0: automatically included section variable(s) unused in theorem 'CyclicBell.General.frobeniusSq_eq_zero':
  [DecidableEq ι]
  [DecidableEq ν]
consider restructuring your `variable` declarations so that the variables are not in scope or explicitly omit them:
  omit [DecidableEq ι] [DecidableEq ν] in theorem ...
note: this linter can be disabled with `set_option linter.unusedSectionVars false`
warning: ././././CyclicBell/GeneralSupportAlgebra.lean:35:0: automatically included section variable(s) unused in theorem 'CyclicBell.General.trace_gram_frobenius':
  [DecidableEq ι]
  [DecidableEq ν]
consider restructuring your `variable` declarations so that the variables are not in scope or explicitly omit them:
  omit [DecidableEq ι] [DecidableEq ν] in theorem ...
note: this linter can be disabled with `set_option linter.unusedSectionVars false`
warning: ././././CyclicBell/GeneralSupportAlgebra.lean:40:0: automatically included section variable(s) unused in theorem 'CyclicBell.General.matrixRange_mul_le':
  [Fintype ι]
  [DecidableEq ι]
  [DecidableEq κ]
  [DecidableEq ν]
consider restructuring your `variable` declarations so that the variables are not in scope or explicitly omit them:
  omit [Fintype ι] [DecidableEq ι] [DecidableEq κ] [DecidableEq ν] in theorem ...
note: this linter can be disabled with `set_option linter.unusedSectionVars false`
warning: ././././CyclicBell/GeneralSupportAlgebra.lean:130:0: automatically included section variable(s) unused in theorem 'CyclicBell.General.amplitude_reduced':
  [Fintype ι]
  [DecidableEq ι]
  [DecidableEq κ]
  [DecidableEq ε]
consider restructuring your `variable` declarations so that the variables are not in scope or explicitly omit them:
  omit [Fintype ι] [DecidableEq ι] [DecidableEq κ] [DecidableEq ε] in theorem ...
note: this linter can be disabled with `set_option linter.unusedSectionVars false`
warning: ././././CyclicBell/GeneralSupportAlgebra.lean:136:0: automatically included section variable(s) unused in theorem 'CyclicBell.General.amplitude_left':
  [Fintype ε]
  [DecidableEq ι]
  [DecidableEq ε]
consider restructuring your `variable` declarations so that the variables are not in scope or explicitly omit them:
  omit [Fintype ε] [DecidableEq ι] [DecidableEq ε] in theorem ...
note: this linter can be disabled with `set_option linter.unusedSectionVars false`
warning: ././././CyclicBell/GeneralSupportAlgebra.lean:141:0: automatically included section variable(s) unused in theorem 'CyclicBell.General.amplitude_right':
  [DecidableEq κ]
consider restructuring your `variable` declarations so that the variables are not in scope or explicitly omit them:
  omit [DecidableEq κ] in theorem ...
note: this linter can be disabled with `set_option linter.unusedSectionVars false`
warning: ././././CyclicBell/GeneralSupportAlgebra.lean:151:8: automatically included section variable(s) unused in theorem 'CyclicBell.General.amplitude_add':
  [Fintype ι]
  [Fintype κ]
  [Fintype ε]
  [DecidableEq ι]
  [DecidableEq κ]
  [DecidableEq ε]
consider restructuring your `variable` declarations so that the variables are not in scope or explicitly omit them:
  omit [Fintype ι] [Fintype κ] [Fintype ε] [DecidableEq ι] [DecidableEq κ] [DecidableEq ε] in theorem ...
note: this linter can be disabled with `set_option linter.unusedSectionVars false`
warning: ././././CyclicBell/GeneralSupportAlgebra.lean:153:8: automatically included section variable(s) unused in theorem 'CyclicBell.General.amplitude_sub':
  [Fintype ι]
  [Fintype κ]
  [Fintype ε]
  [DecidableEq ι]
  [DecidableEq κ]
  [DecidableEq ε]
consider restructuring your `variable` declarations so that the variables are not in scope or explicitly omit them:
  omit [Fintype ι] [Fintype κ] [Fintype ε] [DecidableEq ι] [DecidableEq κ] [DecidableEq ε] in theorem ...
note: this linter can be disabled with `set_option linter.unusedSectionVars false`
warning: ././././CyclicBell/GeneralSupportAlgebra.lean:155:8: automatically included section variable(s) unused in theorem 'CyclicBell.General.amplitude_zero':
  [Fintype ι]
  [Fintype κ]
  [Fintype ε]
  [DecidableEq ι]
  [DecidableEq κ]
  [DecidableEq ε]
consider restructuring your `variable` declarations so that the variables are not in scope or explicitly omit them:
  omit [Fintype ι] [Fintype κ] [Fintype ε] [DecidableEq ι] [DecidableEq κ] [DecidableEq ε] in theorem ...
note: this linter can be disabled with `set_option linter.unusedSectionVars false`
warning: ././././CyclicBell/GeneralSupportAlgebra.lean:157:0: automatically included section variable(s) unused in theorem 'CyclicBell.General.amplitude_injective':
  [Fintype ι]
  [Fintype κ]
  [Fintype ε]
  [DecidableEq ι]
  [DecidableEq κ]
  [DecidableEq ε]
consider restructuring your `variable` declarations so that the variables are not in scope or explicitly omit them:
  omit [Fintype ι] [Fintype κ] [Fintype ε] [DecidableEq ι] [DecidableEq κ] [DecidableEq ε] in theorem ...
note: this linter can be disabled with `set_option linter.unusedSectionVars false`
warning: ././././CyclicBell/GeneralSupportAlgebra.lean:202:0: automatically included section variable(s) unused in theorem 'CyclicBell.General.preserves_of_intertwiner':
  [DecidableEq ι]
  [DecidableEq ν]
consider restructuring your `variable` declarations so that the variables are not in scope or explicitly omit them:
  omit [DecidableEq ι] [DecidableEq ν] in theorem ...
note: this linter can be disabled with `set_option linter.unusedSectionVars false`
warning: ././././CyclicBell/GeneralSupportAlgebra.lean:212:0: automatically included section variable(s) unused in theorem 'CyclicBell.General.supported_kernel_cancel':
  [Fintype ν]
  [DecidableEq ι]
  [DecidableEq ν]
consider restructuring your `variable` declarations so that the variables are not in scope or explicitly omit them:
  omit [Fintype ν] [DecidableEq ι] [DecidableEq ν] in theorem ...
note: this linter can be disabled with `set_option linter.unusedSectionVars false`
⚠ [2919/3115] Replayed CyclicBell.GeneralHilbertBridge
warning: ././././CyclicBell/GeneralHilbertBridge.lean:25:0: automatically included section variable(s) unused in theorem 'CyclicBell.General.euclidVector_surjective':
  [Fintype ι]
  [DecidableEq ι]
consider restructuring your `variable` declarations so that the variables are not in scope or explicitly omit them:
  omit [Fintype ι] [DecidableEq ι] in theorem ...
note: this linter can be disabled with `set_option linter.unusedSectionVars false`
warning: ././././CyclicBell/GeneralHilbertBridge.lean:28:0: automatically included section variable(s) unused in theorem 'CyclicBell.General.euclidVector_inner':
  [DecidableEq ι]
consider restructuring your `variable` declarations so that the variables are not in scope or explicitly omit them:
  omit [DecidableEq ι] in theorem ...
note: this linter can be disabled with `set_option linter.unusedSectionVars false`
warning: ././././CyclicBell/GeneralHilbertBridge.lean:78:0: automatically included section variable(s) unused in theorem 'CyclicBell.General.vectorize_ip_trace':
  [DecidableEq ι]
  [DecidableEq ν]
consider restructuring your `variable` declarations so that the variables are not in scope or explicitly omit them:
  omit [DecidableEq ι] [DecidableEq ν] in theorem ...
note: this linter can be disabled with `set_option linter.unusedSectionVars false`
warning: ././././CyclicBell/GeneralHilbertBridge.lean:84:0: automatically included section variable(s) unused in theorem 'CyclicBell.General.kron_one_vectorize':
  [DecidableEq ι]
consider restructuring your `variable` declarations so that the variables are not in scope or explicitly omit them:
  omit [DecidableEq ι] in theorem ...
note: this linter can be disabled with `set_option linter.unusedSectionVars false`
warning: ././././CyclicBell/GeneralHilbertBridge.lean:128:0: automatically included section variable(s) unused in theorem 'CyclicBell.General.hermitian_idempotent_positive':
  [DecidableEq ι]
consider restructuring your `variable` declarations so that the variables are not in scope or explicitly omit them:
  omit [DecidableEq ι] in theorem ...
note: this linter can be disabled with `set_option linter.unusedSectionVars false`
⚠ [2922/3115] Replayed CyclicBell.ScalarData
warning: ././././CyclicBell/ScalarData.lean:126:75: Used `tac1 <;> tac2` where `(tac1; tac2)` would suffice
note: this linter can be disabled with `set_option linter.unnecessarySeqFocus false`
warning: ././././CyclicBell/ScalarData.lean:260:12: Used `tac1 <;> tac2` where `(tac1; tac2)` would suffice
note: this linter can be disabled with `set_option linter.unnecessarySeqFocus false`
warning: ././././CyclicBell/ScalarData.lean:280:34: Used `tac1 <;> tac2` where `(tac1; tac2)` would suffice
note: this linter can be disabled with `set_option linter.unnecessarySeqFocus false`
warning: ././././CyclicBell/ScalarData.lean:285:66: Used `tac1 <;> tac2` where `(tac1; tac2)` would suffice
note: this linter can be disabled with `set_option linter.unnecessarySeqFocus false`
⚠ [2926/3115] Replayed CyclicBell.Fourier4
warning: ././././CyclicBell/Fourier4.lean:25:0: automatically included section variable(s) unused in theorem 'CyclicBell.fourier4_parseval':
  [DecidableEq ι]
consider restructuring your `variable` declarations so that the variables are not in scope or explicitly omit them:
  omit [DecidableEq ι] in theorem ...
note: this linter can be disabled with `set_option linter.unusedSectionVars false`
⚠ [2928/3115] Replayed CyclicBell.Attainment
warning: ././././CyclicBell/Attainment.lean:89:20: Used `tac1 <;> tac2` where `(tac1; tac2)` would suffice
note: this linter can be disabled with `set_option linter.unnecessarySeqFocus false`
⚠ [2929/3115] Replayed CyclicBell.Guessing
warning: ././././CyclicBell/Guessing.lean:50:16: Used `tac1 <;> tac2` where `(tac1; tac2)` would suffice
note: this linter can be disabled with `set_option linter.unnecessarySeqFocus false`
warning: ././././CyclicBell/Guessing.lean:50:32: Used `tac1 <;> tac2` where `(tac1; tac2)` would suffice
note: this linter can be disabled with `set_option linter.unnecessarySeqFocus false`
warning: ././././CyclicBell/Guessing.lean:86:0: automatically included section variable(s) unused in theorem 'CyclicBell.adjoinTrivialEve_projector':
  [Fintype ι]
  [DecidableEq ι]
consider restructuring your `variable` declarations so that the variables are not in scope or explicitly omit them:
  omit [Fintype ι] [DecidableEq ι] in theorem ...
note: this linter can be disabled with `set_option linter.unusedSectionVars false`
warning: ././././CyclicBell/Guessing.lean:89:0: automatically included section variable(s) unused in theorem 'CyclicBell.adjoinTrivialEve_mul':
  [DecidableEq ι]
consider restructuring your `variable` declarations so that the variables are not in scope or explicitly omit them:
  omit [DecidableEq ι] in theorem ...
note: this linter can be disabled with `set_option linter.unusedSectionVars false`
warning: ././././CyclicBell/Guessing.lean:94:0: automatically included section variable(s) unused in theorem 'CyclicBell.adjoinTrivialEve_adjoint':
  [Fintype ι]
  [DecidableEq ι]
consider restructuring your `variable` declarations so that the variables are not in scope or explicitly omit them:
  omit [Fintype ι] [DecidableEq ι] in theorem ...
note: this linter can be disabled with `set_option linter.unusedSectionVars false`
warning: ././././CyclicBell/Guessing.lean:99:0: automatically included section variable(s) unused in theorem 'CyclicBell.adjoinTrivialEve_positive':
  [DecidableEq ι]
consider restructuring your `variable` declarations so that the variables are not in scope or explicitly omit them:
  omit [DecidableEq ι] in theorem ...
note: this linter can be disabled with `set_option linter.unusedSectionVars false`
warning: ././././CyclicBell/Guessing.lean:103:0: automatically included section variable(s) unused in theorem 'CyclicBell.adjoinTrivialEve_trace':
  [DecidableEq ι]
consider restructuring your `variable` declarations so that the variables are not in scope or explicitly omit them:
  omit [DecidableEq ι] in theorem ...
note: this linter can be disabled with `set_option linter.unusedSectionVars false`
warning: ././././CyclicBell/Guessing.lean:108:0: automatically included section variable(s) unused in theorem 'CyclicBell.partialTrace_adjoin':
  [DecidableEq ι]
consider restructuring your `variable` declarations so that the variables are not in scope or explicitly omit them:
  omit [DecidableEq ι] in theorem ...
note: this linter can be disabled with `set_option linter.unusedSectionVars false`
warning: ././././CyclicBell/Guessing.lean:111:14: Used `tac1 <;> tac2` where `(tac1; tac2)` would suffice
note: this linter can be disabled with `set_option linter.unnecessarySeqFocus false`
⚠ [2930/3115] Replayed CyclicBell.GeneralOperational
warning: ././././CyclicBell/GeneralOperational.lean:24:0: automatically included section variable(s) unused in theorem 'CyclicBell.General.matrix_map_star_mul':
  [Fintype ι]
  [Fintype ε]
  [DecidableEq ι]
  [DecidableEq κ]
  [DecidableEq ε]
consider restructuring your `variable` declarations so that the variables are not in scope or explicitly omit them:
  omit [Fintype ι] [Fintype ε] [DecidableEq ι] [DecidableEq κ] [DecidableEq ε] in theorem ...
note: this linter can be disabled with `set_option linter.unusedSectionVars false`
warning: ././././CyclicBell/GeneralOperational.lean:31:0: automatically included section variable(s) unused in theorem 'CyclicBell.General.reducedE_partialTrace':
  [Fintype ε]
  [DecidableEq ι]
  [DecidableEq ε]
consider restructuring your `variable` declarations so that the variables are not in scope or explicitly omit them:
  omit [Fintype ε] [DecidableEq ι] [DecidableEq ε] in theorem ...
note: this linter can be disabled with `set_option linter.unusedSectionVars false`
warning: ././././CyclicBell/GeneralOperational.lean:36:0: automatically included section variable(s) unused in theorem 'CyclicBell.General.reducedE_positive':
  [DecidableEq ι]
  [DecidableEq ε]
consider restructuring your `variable` declarations so that the variables are not in scope or explicitly omit them:
  omit [DecidableEq ι] [DecidableEq ε] in theorem ...
note: this linter can be disabled with `set_option linter.unusedSectionVars false`
info: ././././CyclicBell/GeneralOperational.lean:52:2: Try this: ring_nf
warning: ././././CyclicBell/GeneralOperational.lean:66:0: automatically included section variable(s) unused in theorem 'CyclicBell.General.effectKernelE_on_state':
  [Fintype ε]
  [DecidableEq ι]
  [DecidableEq ε]
consider restructuring your `variable` declarations so that the variables are not in scope or explicitly omit them:
  omit [Fintype ε] [DecidableEq ι] [DecidableEq ε] in theorem ...
note: this linter can be disabled with `set_option linter.unusedSectionVars false`
warning: ././././CyclicBell/GeneralOperational.lean:71:0: automatically included section variable(s) unused in theorem 'CyclicBell.General.effectKernelE_smul':
  [Fintype ε]
  [DecidableEq ι]
  [DecidableEq ε]
consider restructuring your `variable` declarations so that the variables are not in scope or explicitly omit them:
  omit [Fintype ε] [DecidableEq ι] [DecidableEq ε] in theorem ...
note: this linter can be disabled with `set_option linter.unusedSectionVars false`
warning: ././././CyclicBell/GeneralOperational.lean:80:47: unused variable `hQ`
note: this linter can be disabled with `set_option linter.unusedVariables false`
warning: ././././CyclicBell/GeneralOperational.lean:81:31: unused variable `hq`
note: this linter can be disabled with `set_option linter.unusedVariables false`
warning: ././././CyclicBell/GeneralOperational.lean:81:44: unused variable `hRQ`
note: this linter can be disabled with `set_option linter.unusedVariables false`
warning: ././././CyclicBell/GeneralOperational.lean:131:0: automatically included section variable(s) unused in theorem 'CyclicBell.General.fixedGuess_positive':
  [NeZero d]
consider restructuring your `variable` declarations so that the variables are not in scope or explicitly omit them:
  omit [NeZero d] in theorem ...
note: this linter can be disabled with `set_option linter.unusedSectionVars false`
⚠ [2931/3115] Replayed CyclicBell.GeneralTripartite
warning: ././././CyclicBell/GeneralTripartite.lean:37:0: automatically included section variable(s) unused in theorem 'CyclicBell.General.advKron_trace':
  [DecidableEq ι]
  [DecidableEq κ]
consider restructuring your `variable` declarations so that the variables are not in scope or explicitly omit them:
  omit [DecidableEq ι] [DecidableEq κ] in theorem ...
note: this linter can be disabled with `set_option linter.unusedSectionVars false`
warning: ././././CyclicBell/GeneralTripartite.lean:84:0: automatically included section variable(s) unused in theorem 'CyclicBell.General.partialE_pairing':
  [DecidableEq ε]
consider restructuring your `variable` declarations so that the variables are not in scope or explicitly omit them:
  omit [DecidableEq ε] in theorem ...
note: this linter can be disabled with `set_option linter.unusedSectionVars false`
⚠ [2932/3115] Replayed CyclicBell.GeneralPOVMMaximum
warning: ././././CyclicBell/GeneralPOVMMaximum.lean:33:0: automatically included section variable(s) unused in theorem 'CyclicBell.General.eveGram_trace':
  [DecidableEq ε]
consider restructuring your `variable` declarations so that the variables are not in scope or explicitly omit them:
  omit [DecidableEq ε] in theorem ...
note: this linter can be disabled with `set_option linter.unusedSectionVars false`
warning: ././././CyclicBell/GeneralPOVMMaximum.lean:52:0: automatically included section variable(s) unused in theorem 'CyclicBell.General.eveGramBox_compact':
  [DecidableEq ε]
consider restructuring your `variable` declarations so that the variables are not in scope or explicitly omit them:
  omit [DecidableEq ε] in theorem ...
note: this linter can be disabled with `set_option linter.unusedSectionVars false`
warning: ././././CyclicBell/GeneralPOVMMaximum.lean:97:0: automatically included section variable(s) unused in theorem 'CyclicBell.General.eveGramObjective_continuous':
  [DecidableEq ε]
consider restructuring your `variable` declarations so that the variables are not in scope or explicitly omit them:
  omit [DecidableEq ε] in theorem ...
note: this linter can be disabled with `set_option linter.unusedSectionVars false`
⚠ [2934/3115] Replayed CyclicBell.GeneralSecondWitness
warning: ././././CyclicBell/GeneralSecondWitness.lean:76:0: automatically included section variable(s) unused in theorem 'CyclicBell.General.weighted_sum':
  [NeZero d]
consider restructuring your `variable` declarations so that the variables are not in scope or explicitly omit them:
  omit [NeZero d] in theorem ...
note: this linter can be disabled with `set_option linter.unusedSectionVars false`
⚠ [2936/3115] Replayed CyclicBell.GeneralBinary
warning: ././././CyclicBell/GeneralBinary.lean:117:0: automatically included section variable(s) unused in theorem 'CyclicBell.General.effectKernelE_add':
  [Fintype ε]
  [DecidableEq ι]
  [DecidableEq ε]
consider restructuring your `variable` declarations so that the variables are not in scope or explicitly omit them:
  omit [Fintype ε] [DecidableEq ι] [DecidableEq ε] in theorem ...
note: this linter can be disabled with `set_option linter.unusedSectionVars false`
warning: ././././CyclicBell/GeneralBinary.lean:121:0: automatically included section variable(s) unused in theorem 'CyclicBell.General.effectKernelE_adjoint':
  [Fintype ε]
  [DecidableEq ι]
  [DecidableEq ε]
consider restructuring your `variable` declarations so that the variables are not in scope or explicitly omit them:
  omit [Fintype ε] [DecidableEq ι] [DecidableEq ε] in theorem ...
note: this linter can be disabled with `set_option linter.unusedSectionVars false`
warning: ././././CyclicBell/GeneralBinary.lean:132:0: automatically included section variable(s) unused in theorem 'CyclicBell.General.effectKernelE_left_stabilizer':
  [Fintype ε]
  [DecidableEq ι]
  [DecidableEq ε]
consider restructuring your `variable` declarations so that the variables are not in scope or explicitly omit them:
  omit [Fintype ε] [DecidableEq ι] [DecidableEq ε] in theorem ...
note: this linter can be disabled with `set_option linter.unusedSectionVars false`
warning: ././././CyclicBell/GeneralBinary.lean:167:0: automatically included section variable(s) unused in theorem 'CyclicBell.General.binary_on_state_structure':
  [Fintype ε]
  [DecidableEq ε]
consider restructuring your `variable` declarations so that the variables are not in scope or explicitly omit them:
  omit [Fintype ε] [DecidableEq ε] in theorem ...
note: this linter can be disabled with `set_option linter.unusedSectionVars false`
warning: ././././CyclicBell/GeneralBinary.lean:291:0: automatically included section variable(s) unused in theorem 'CyclicBell.General.binaryEffect_hermitian':
  [Fintype ι]
consider restructuring your `variable` declarations so that the variables are not in scope or explicitly omit them:
  omit [Fintype ι] in theorem ...
note: this linter can be disabled with `set_option linter.unusedSectionVars false`
warning: ././././CyclicBell/GeneralBinary.lean:306:0: automatically included section variable(s) unused in theorem 'CyclicBell.General.binaryEffect_complete':
  [Fintype ι]
consider restructuring your `variable` declarations so that the variables are not in scope or explicitly omit them:
  omit [Fintype ι] in theorem ...
note: this linter can be disabled with `set_option linter.unusedSectionVars false`
⚠ [2937/3115] Replayed CyclicBell.GeneralExposure
warning: ././././CyclicBell/GeneralExposure.lean:55:0: automatically included section variable(s) unused in theorem 'CyclicBell.General.exposure_constant_diagonal':
  [NeZero d]
consider restructuring your `variable` declarations so that the variables are not in scope or explicitly omit them:
  omit [NeZero d] in theorem ...
note: this linter can be disabled with `set_option linter.unusedSectionVars false`
warning: ././././CyclicBell/GeneralExposure.lean:95:53: unused variable `j`
note: this linter can be disabled with `set_option linter.unusedVariables false`
⚠ [2938/3115] Replayed CyclicBell.GeneralOneInput
warning: ././././CyclicBell/GeneralOneInput.lean:28:0: automatically included section variable(s) unused in theorem 'CyclicBell.General.oneConditional_nonnegative':
  [DecidableEq Y]
  [DecidableEq O]
consider restructuring your `variable` declarations so that the variables are not in scope or explicitly omit them:
  omit [DecidableEq Y] [DecidableEq O] in theorem ...
note: this linter can be disabled with `set_option linter.unusedSectionVars false`
warning: ././././CyclicBell/GeneralOneInput.lean:33:0: automatically included section variable(s) unused in theorem 'CyclicBell.General.oneConditional_normalized':
  [DecidableEq Y]
  [DecidableEq O]
consider restructuring your `variable` declarations so that the variables are not in scope or explicitly omit them:
  omit [DecidableEq Y] [DecidableEq O] in theorem ...
note: this linter can be disabled with `set_option linter.unusedSectionVars false`
warning: ././././CyclicBell/GeneralOneInput.lean:40:0: automatically included section variable(s) unused in theorem 'CyclicBell.General.zero_marginal_joint':
  [DecidableEq Y]
  [DecidableEq O]
  [(y : Y) → DecidableEq (B y)]
  [∀ (y : Y), Nonempty (B y)]
consider restructuring your `variable` declarations so that the variables are not in scope or explicitly omit them:
  omit [DecidableEq Y] [DecidableEq O] [(y : Y) → DecidableEq (B y)] [∀ (y : Y), Nonempty (B y)] in theorem ...
note: this linter can be disabled with `set_option linter.unusedSectionVars false`
warning: ././././CyclicBell/GeneralOneInput.lean:51:0: automatically included section variable(s) unused in theorem 'CyclicBell.General.dependent_product_normalization':
  [(y : Y) → DecidableEq (B y)]
  [∀ (y : Y), Nonempty (B y)]
consider restructuring your `variable` declarations so that the variables are not in scope or explicitly omit them:
  omit [(y : Y) → DecidableEq (B y)] [∀ (y : Y), Nonempty (B y)] in theorem ...
note: this linter can be disabled with `set_option linter.unusedSectionVars false`
warning: ././././CyclicBell/GeneralOneInput.lean:68:0: automatically included section variable(s) unused in theorem 'CyclicBell.General.assignment_product_split':
  [(y : Y) → Fintype (B y)]
  [(y : Y) → DecidableEq (B y)]
  [∀ (y : Y), Nonempty (B y)]
consider restructuring your `variable` declarations so that the variables are not in scope or explicitly omit them:
  omit [(y : Y) → Fintype (B y)] [(y : Y) → DecidableEq (B y)] [∀ (y : Y), Nonempty (B y)] in theorem ...
note: this linter can be disabled with `set_option linter.unusedSectionVars false`
warning: ././././CyclicBell/GeneralOneInput.lean:138:0: automatically included section variable(s) unused in theorem 'CyclicBell.General.grouping_positive':
  [Fintype Aout]
consider restructuring your `variable` declarations so that the variables are not in scope or explicitly omit them:
  omit [Fintype Aout] in theorem ...
note: this linter can be disabled with `set_option linter.unusedSectionVars false`
warning: ././././CyclicBell/GeneralOneInput.lean:144:0: automatically included section variable(s) unused in theorem 'CyclicBell.General.grouping_idempotent':
  [Fintype Aout]
consider restructuring your `variable` declarations so that the variables are not in scope or explicitly omit them:
  omit [Fintype Aout] in theorem ...
note: this linter can be disabled with `set_option linter.unusedSectionVars false`
warning: ././././CyclicBell/GeneralOneInput.lean:152:0: automatically included section variable(s) unused in theorem 'CyclicBell.General.grouping_orthogonal':
  [Fintype Aout]
consider restructuring your `variable` declarations so that the variables are not in scope or explicitly omit them:
  omit [Fintype Aout] in theorem ...
note: this linter can be disabled with `set_option linter.unusedSectionVars false`
warning: ././././CyclicBell/GeneralOneInput.lean:159:0: automatically included section variable(s) unused in theorem 'CyclicBell.General.grouping_complete':
  [Fintype L]
consider restructuring your `variable` declarations so that the variables are not in scope or explicitly omit them:
  omit [Fintype L] in theorem ...
note: this linter can be disabled with `set_option linter.unusedSectionVars false`
warning: ././././CyclicBell/GeneralOneInput.lean:172:0: automatically included section variable(s) unused in theorem 'CyclicBell.General.storedPurification_born':
  [Fintype Aout]
  [Fintype Bout]
consider restructuring your `variable` declarations so that the variables are not in scope or explicitly omit them:
  omit [Fintype Aout] [Fintype Bout] in theorem ...
note: this linter can be disabled with `set_option linter.unusedSectionVars false`
warning: ././././CyclicBell/GeneralOneInput.lean:192:0: automatically included section variable(s) unused in theorem 'CyclicBell.General.storedPurification_conditional':
  [Fintype Aout]
  [Fintype Bout]
consider restructuring your `variable` declarations so that the variables are not in scope or explicitly omit them:
  omit [Fintype Aout] [Fintype Bout] in theorem ...
note: this linter can be disabled with `set_option linter.unusedSectionVars false`
⚠ [2939/3115] Replayed CyclicBell.GeneralConsequences
warning: ././././CyclicBell/GeneralConsequences.lean:19:0: automatically included section variable(s) unused in theorem 'CyclicBell.General.effectKernelE_sum':
  [Fintype ε]
  [DecidableEq ι]
  [DecidableEq ε]
consider restructuring your `variable` declarations so that the variables are not in scope or explicitly omit them:
  omit [Fintype ε] [DecidableEq ι] [DecidableEq ε] in theorem ...
note: this linter can be disabled with `set_option linter.unusedSectionVars false`
warning: ././././CyclicBell/GeneralConsequences.lean:48:0: automatically included section variable(s) unused in theorem 'CyclicBell.General.reducedE_trace':
  [DecidableEq ι]
  [DecidableEq ε]
consider restructuring your `variable` declarations so that the variables are not in scope or explicitly omit them:
  omit [DecidableEq ι] [DecidableEq ε] in theorem ...
note: this linter can be disabled with `set_option linter.unusedSectionVars false`
⚠ [6704/6705] Replayed CyclicBell.GeneralSourceFourier
warning: ././././CyclicBell/GeneralSourceFourier.lean:51:2: 'push_cast' tactic does nothing
note: this linter can be disabled with `set_option linter.unusedTactic false`
⚠ [6705/6705] Built CyclicBell.GeneralAdversarialRegression
warning: ././././CyclicBell/GeneralAdversarialRegression.lean:51:6: try 'simp at hx' instead of 'simpa using hx'
note: this linter can be disabled with `set_option linter.unnecessarySimpa false`
Build completed successfully.
