⚠ [2823/2838] Replayed CyclicBell.MatrixAlgebra
warning: ././././CyclicBell/MatrixAlgebra.lean:74:8: automatically included section variable(s) unused in theorem 'CyclicBell.stateEval_add':
  [DecidableEq ι]
consider restructuring your `variable` declarations so that the variables are not in scope or explicitly omit them:
  omit [DecidableEq ι] in theorem ...
note: this linter can be disabled with `set_option linter.unusedSectionVars false`
warning: ././././CyclicBell/MatrixAlgebra.lean:77:8: automatically included section variable(s) unused in theorem 'CyclicBell.stateEval_sub':
  [DecidableEq ι]
consider restructuring your `variable` declarations so that the variables are not in scope or explicitly omit them:
  omit [DecidableEq ι] in theorem ...
note: this linter can be disabled with `set_option linter.unusedSectionVars false`
warning: ././././CyclicBell/MatrixAlgebra.lean:80:8: automatically included section variable(s) unused in theorem 'CyclicBell.stateEval_zero':
  [DecidableEq ι]
consider restructuring your `variable` declarations so that the variables are not in scope or explicitly omit them:
  omit [DecidableEq ι] in theorem ...
note: this linter can be disabled with `set_option linter.unusedSectionVars false`
warning: ././././CyclicBell/MatrixAlgebra.lean:85:0: automatically included section variable(s) unused in theorem 'CyclicBell.stateEval_sum':
  [DecidableEq ι]
consider restructuring your `variable` declarations so that the variables are not in scope or explicitly omit them:
  omit [DecidableEq ι] in theorem ...
note: this linter can be disabled with `set_option linter.unusedSectionVars false`
warning: ././././CyclicBell/MatrixAlgebra.lean:89:0: automatically included section variable(s) unused in theorem 'CyclicBell.stateEval_adjoint':
  [DecidableEq ι]
consider restructuring your `variable` declarations so that the variables are not in scope or explicitly omit them:
  omit [DecidableEq ι] in theorem ...
note: this linter can be disabled with `set_option linter.unusedSectionVars false`
⚠ [2824/2838] Replayed CyclicBell.Fourier4
warning: ././././CyclicBell/Fourier4.lean:25:0: automatically included section variable(s) unused in theorem 'CyclicBell.fourier4_parseval':
  [DecidableEq ι]
consider restructuring your `variable` declarations so that the variables are not in scope or explicitly omit them:
  omit [DecidableEq ι] in theorem ...
note: this linter can be disabled with `set_option linter.unusedSectionVars false`
⚠ [2826/2838] Replayed CyclicBell.ScalarData
warning: ././././CyclicBell/ScalarData.lean:126:75: Used `tac1 <;> tac2` where `(tac1; tac2)` would suffice
note: this linter can be disabled with `set_option linter.unnecessarySeqFocus false`
warning: ././././CyclicBell/ScalarData.lean:260:12: Used `tac1 <;> tac2` where `(tac1; tac2)` would suffice
note: this linter can be disabled with `set_option linter.unnecessarySeqFocus false`
warning: ././././CyclicBell/ScalarData.lean:280:34: Used `tac1 <;> tac2` where `(tac1; tac2)` would suffice
note: this linter can be disabled with `set_option linter.unnecessarySeqFocus false`
warning: ././././CyclicBell/ScalarData.lean:285:66: Used `tac1 <;> tac2` where `(tac1; tac2)` would suffice
note: this linter can be disabled with `set_option linter.unnecessarySeqFocus false`
⚠ [2827/2838] Replayed CyclicBell.FirstSOS
warning: ././././CyclicBell/FirstSOS.lean:98:66: Used `tac1 <;> tac2` where `(tac1; tac2)` would suffice
note: this linter can be disabled with `set_option linter.unnecessarySeqFocus false`
warning: ././././CyclicBell/FirstSOS.lean:104:66: Used `tac1 <;> tac2` where `(tac1; tac2)` would suffice
note: this linter can be disabled with `set_option linter.unnecessarySeqFocus false`
warning: ././././CyclicBell/FirstSOS.lean:135:0: automatically included section variable(s) unused in theorem 'CyclicBell.FirstSOS.two_square_expansion':
  [DecidableEq ι]
consider restructuring your `variable` declarations so that the variables are not in scope or explicitly omit them:
  omit [DecidableEq ι] in theorem ...
note: this linter can be disabled with `set_option linter.unusedSectionVars false`
warning: ././././CyclicBell/FirstSOS.lean:162:0: automatically included section variable(s) unused in theorem 'CyclicBell.FirstSOS.right_energy_sum':
  [DecidableEq ι]
consider restructuring your `variable` declarations so that the variables are not in scope or explicitly omit them:
  omit [DecidableEq ι] in theorem ...
note: this linter can be disabled with `set_option linter.unusedSectionVars false`
warning: ././././CyclicBell/FirstSOS.lean:180:2: 'push_cast' tactic does nothing
note: this linter can be disabled with `set_option linter.unusedTactic false`
ℹ [2828/2838] Replayed CyclicBell.SecondSOS
info: ././././CyclicBell/SecondSOS.lean:62:4: Try this: ring_nf
⚠ [2835/2838] Replayed CyclicBell.Attainment
warning: ././././CyclicBell/Attainment.lean:89:20: Used `tac1 <;> tac2` where `(tac1; tac2)` would suffice
note: this linter can be disabled with `set_option linter.unnecessarySeqFocus false`
⚠ [2836/2838] Replayed CyclicBell.Guessing
warning: ././././CyclicBell/Guessing.lean:50:16: Used `tac1 <;> tac2` where `(tac1; tac2)` would suffice
note: this linter can be disabled with `set_option linter.unnecessarySeqFocus false`
warning: ././././CyclicBell/Guessing.lean:50:32: Used `tac1 <;> tac2` where `(tac1; tac2)` would suffice
note: this linter can be disabled with `set_option linter.unnecessarySeqFocus false`
warning: ././././CyclicBell/Guessing.lean:86:0: automatically included section variable(s) unused in theorem 'CyclicBell.adjoinTrivialEve_projector':
  [Fintype ι]
  [DecidableEq ι]
consider restructuring your `variable` declarations so that the variables are not in scope or explicitly omit them:
  omit [Fintype ι] [DecidableEq ι] in theorem ...
note: this linter can be disabled with `set_option linter.unusedSectionVars false`
warning: ././././CyclicBell/Guessing.lean:89:0: automatically included section variable(s) unused in theorem 'CyclicBell.adjoinTrivialEve_mul':
  [DecidableEq ι]
consider restructuring your `variable` declarations so that the variables are not in scope or explicitly omit them:
  omit [DecidableEq ι] in theorem ...
note: this linter can be disabled with `set_option linter.unusedSectionVars false`
warning: ././././CyclicBell/Guessing.lean:94:0: automatically included section variable(s) unused in theorem 'CyclicBell.adjoinTrivialEve_adjoint':
  [Fintype ι]
  [DecidableEq ι]
consider restructuring your `variable` declarations so that the variables are not in scope or explicitly omit them:
  omit [Fintype ι] [DecidableEq ι] in theorem ...
note: this linter can be disabled with `set_option linter.unusedSectionVars false`
warning: ././././CyclicBell/Guessing.lean:99:0: automatically included section variable(s) unused in theorem 'CyclicBell.adjoinTrivialEve_positive':
  [DecidableEq ι]
consider restructuring your `variable` declarations so that the variables are not in scope or explicitly omit them:
  omit [DecidableEq ι] in theorem ...
note: this linter can be disabled with `set_option linter.unusedSectionVars false`
warning: ././././CyclicBell/Guessing.lean:103:0: automatically included section variable(s) unused in theorem 'CyclicBell.adjoinTrivialEve_trace':
  [DecidableEq ι]
consider restructuring your `variable` declarations so that the variables are not in scope or explicitly omit them:
  omit [DecidableEq ι] in theorem ...
note: this linter can be disabled with `set_option linter.unusedSectionVars false`
warning: ././././CyclicBell/Guessing.lean:108:0: automatically included section variable(s) unused in theorem 'CyclicBell.partialTrace_adjoin':
  [DecidableEq ι]
consider restructuring your `variable` declarations so that the variables are not in scope or explicitly omit them:
  omit [DecidableEq ι] in theorem ...
note: this linter can be disabled with `set_option linter.unusedSectionVars false`
warning: ././././CyclicBell/Guessing.lean:111:14: Used `tac1 <;> tac2` where `(tac1; tac2)` would suffice
note: this linter can be disabled with `set_option linter.unnecessarySeqFocus false`
⚠ [2838/2838] Built CyclicBell.Regression
warning: ././././CyclicBell/Regression.lean:68:2: 'norm_num [zeta_components] at hi' tactic does nothing
note: this linter can be disabled with `set_option linter.unusedTactic false`
Build completed successfully.
