⚠ [2835/2902] Replayed CyclicBell.GeneralPhases
warning: ././././CyclicBell/GeneralPhases.lean:71:0: automatically included section variable(s) unused in theorem 'CyclicBell.General.parityDelta_cases':
  [NeZero d]
consider restructuring your `variable` declarations so that the variables are not in scope or explicitly omit them:
  omit [NeZero d] in theorem ...
note: this linter can be disabled with `set_option linter.unusedSectionVars false`
warning: ././././CyclicBell/GeneralPhases.lean:76:0: automatically included section variable(s) unused in theorem 'CyclicBell.General.parity_shift_even':
  [NeZero d]
consider restructuring your `variable` declarations so that the variables are not in scope or explicitly omit them:
  omit [NeZero d] in theorem ...
note: this linter can be disabled with `set_option linter.unusedSectionVars false`
⚠ [2836/2902] Replayed CyclicBell.GeneralScalar
warning: ././././CyclicBell/GeneralScalar.lean:30:0: automatically included section variable(s) unused in theorem 'CyclicBell.General.halfMesh_eq':
  [NeZero d]
consider restructuring your `variable` declarations so that the variables are not in scope or explicitly omit them:
  omit [NeZero d] in theorem ...
note: this linter can be disabled with `set_option linter.unusedSectionVars false`
warning: ././././CyclicBell/GeneralScalar.lean:51:4: try 'simp' instead of 'simpa'
note: this linter can be disabled with `set_option linter.unnecessarySimpa false`
warning: ././././CyclicBell/GeneralScalar.lean:86:35: unused variable `hd`
note: this linter can be disabled with `set_option linter.unusedVariables false`
⚠ [2837/2902] Replayed CyclicBell.MatrixAlgebra
warning: ././././CyclicBell/MatrixAlgebra.lean:74:8: automatically included section variable(s) unused in theorem 'CyclicBell.stateEval_add':
  [DecidableEq ι]
consider restructuring your `variable` declarations so that the variables are not in scope or explicitly omit them:
  omit [DecidableEq ι] in theorem ...
note: this linter can be disabled with `set_option linter.unusedSectionVars false`
warning: ././././CyclicBell/MatrixAlgebra.lean:77:8: automatically included section variable(s) unused in theorem 'CyclicBell.stateEval_sub':
  [DecidableEq ι]
consider restructuring your `variable` declarations so that the variables are not in scope or explicitly omit them:
  omit [DecidableEq ι] in theorem ...
note: this linter can be disabled with `set_option linter.unusedSectionVars false`
warning: ././././CyclicBell/MatrixAlgebra.lean:80:8: automatically included section variable(s) unused in theorem 'CyclicBell.stateEval_zero':
  [DecidableEq ι]
consider restructuring your `variable` declarations so that the variables are not in scope or explicitly omit them:
  omit [DecidableEq ι] in theorem ...
note: this linter can be disabled with `set_option linter.unusedSectionVars false`
warning: ././././CyclicBell/MatrixAlgebra.lean:85:0: automatically included section variable(s) unused in theorem 'CyclicBell.stateEval_sum':
  [DecidableEq ι]
consider restructuring your `variable` declarations so that the variables are not in scope or explicitly omit them:
  omit [DecidableEq ι] in theorem ...
note: this linter can be disabled with `set_option linter.unusedSectionVars false`
warning: ././././CyclicBell/MatrixAlgebra.lean:89:0: automatically included section variable(s) unused in theorem 'CyclicBell.stateEval_adjoint':
  [DecidableEq ι]
consider restructuring your `variable` declarations so that the variables are not in scope or explicitly omit them:
  omit [DecidableEq ι] in theorem ...
note: this linter can be disabled with `set_option linter.unusedSectionVars false`
⚠ [2899/2902] Replayed CyclicBell.GeneralFunctionalCalculus
warning: ././././CyclicBell/GeneralFunctionalCalculus.lean:137:4: 'change star (φ c) * φ c = 1' tactic does nothing
note: this linter can be disabled with `set_option linter.unusedTactic false`
⚠ [2901/2902] Replayed CyclicBell.GeneralModel
warning: ././././CyclicBell/GeneralModel.lean:54:8: automatically included section variable(s) unused in theorem 'CyclicBell.General.kron_mul':
  [DecidableEq ι]
  [DecidableEq κ]
consider restructuring your `variable` declarations so that the variables are not in scope or explicitly omit them:
  omit [DecidableEq ι] [DecidableEq κ] in theorem ...
note: this linter can be disabled with `set_option linter.unusedSectionVars false`
warning: ././././CyclicBell/GeneralModel.lean:66:8: automatically included section variable(s) unused in theorem 'CyclicBell.General.kron_star':
  [Fintype ι]
  [Fintype κ]
  [DecidableEq ι]
  [DecidableEq κ]
consider restructuring your `variable` declarations so that the variables are not in scope or explicitly omit them:
  omit [Fintype ι] [Fintype κ] [DecidableEq ι] [DecidableEq κ] in theorem ...
note: this linter can be disabled with `set_option linter.unusedSectionVars false`
warning: ././././CyclicBell/GeneralModel.lean:71:8: automatically included section variable(s) unused in theorem 'CyclicBell.General.kron_one':
  [Fintype ι]
  [Fintype κ]
consider restructuring your `variable` declarations so that the variables are not in scope or explicitly omit them:
  omit [Fintype ι] [Fintype κ] in theorem ...
note: this linter can be disabled with `set_option linter.unusedSectionVars false`
warning: ././././CyclicBell/GeneralModel.lean:76:8: automatically included section variable(s) unused in theorem 'CyclicBell.General.kron_add_left':
  [Fintype ι]
  [Fintype κ]
  [DecidableEq ι]
  [DecidableEq κ]
consider restructuring your `variable` declarations so that the variables are not in scope or explicitly omit them:
  omit [Fintype ι] [Fintype κ] [DecidableEq ι] [DecidableEq κ] in theorem ...
note: this linter can be disabled with `set_option linter.unusedSectionVars false`
warning: ././././CyclicBell/GeneralModel.lean:79:8: automatically included section variable(s) unused in theorem 'CyclicBell.General.kron_add_right':
  [Fintype ι]
  [Fintype κ]
  [DecidableEq ι]
  [DecidableEq κ]
consider restructuring your `variable` declarations so that the variables are not in scope or explicitly omit them:
  omit [Fintype ι] [Fintype κ] [DecidableEq ι] [DecidableEq κ] in theorem ...
note: this linter can be disabled with `set_option linter.unusedSectionVars false`
warning: ././././CyclicBell/GeneralModel.lean:82:8: automatically included section variable(s) unused in theorem 'CyclicBell.General.kron_smul_left':
  [Fintype ι]
  [Fintype κ]
  [DecidableEq ι]
  [DecidableEq κ]
consider restructuring your `variable` declarations so that the variables are not in scope or explicitly omit them:
  omit [Fintype ι] [Fintype κ] [DecidableEq ι] [DecidableEq κ] in theorem ...
note: this linter can be disabled with `set_option linter.unusedSectionVars false`
warning: ././././CyclicBell/GeneralModel.lean:85:8: automatically included section variable(s) unused in theorem 'CyclicBell.General.kron_smul_right':
  [Fintype ι]
  [Fintype κ]
  [DecidableEq ι]
  [DecidableEq κ]
consider restructuring your `variable` declarations so that the variables are not in scope or explicitly omit them:
  omit [Fintype ι] [Fintype κ] [DecidableEq ι] [DecidableEq κ] in theorem ...
note: this linter can be disabled with `set_option linter.unusedSectionVars false`
warning: ././././CyclicBell/GeneralModel.lean:88:8: automatically included section variable(s) unused in theorem 'CyclicBell.General.kron_sum_left':
  [Fintype ι]
  [Fintype κ]
  [DecidableEq ι]
  [DecidableEq κ]
consider restructuring your `variable` declarations so that the variables are not in scope or explicitly omit them:
  omit [Fintype ι] [Fintype κ] [DecidableEq ι] [DecidableEq κ] in theorem ...
note: this linter can be disabled with `set_option linter.unusedSectionVars false`
warning: ././././CyclicBell/GeneralModel.lean:91:8: automatically included section variable(s) unused in theorem 'CyclicBell.General.kron_sum_right':
  [Fintype ι]
  [Fintype κ]
  [DecidableEq ι]
  [DecidableEq κ]
consider restructuring your `variable` declarations so that the variables are not in scope or explicitly omit them:
  omit [Fintype ι] [Fintype κ] [DecidableEq ι] [DecidableEq κ] in theorem ...
note: this linter can be disabled with `set_option linter.unusedSectionVars false`
warning: ././././CyclicBell/GeneralModel.lean:219:0: automatically included section variable(s) unused in theorem 'CyclicBell.General.kron_projector':
  [Fintype ι]
  [Fintype κ]
  [DecidableEq ι]
  [DecidableEq κ]
consider restructuring your `variable` declarations so that the variables are not in scope or explicitly omit them:
  omit [Fintype ι] [Fintype κ] [DecidableEq ι] [DecidableEq κ] in theorem ...
note: this linter can be disabled with `set_option linter.unusedSectionVars false`
warning: ././././CyclicBell/GeneralModel.lean:252:0: automatically included section variable(s) unused in theorem 'CyclicBell.General.trace_hermitian_product_real':
  [DecidableEq ι]
consider restructuring your `variable` declarations so that the variables are not in scope or explicitly omit them:
  omit [DecidableEq ι] in theorem ...
note: this linter can be disabled with `set_option linter.unusedSectionVars false`
✖ [2902/2902] Building CyclicBell.GeneralFirstBound
trace: .> LEAN_PATH=././.lake/packages/Cli/.lake/build/lib/lean:././.lake/packages/batteries/.lake/build/lib/lean:././.lake/packages/Qq/.lake/build/lib/lean:././.lake/packages/aesop/.lake/build/lib/lean:././.lake/packages/proofwidgets/.lake/build/lib/lean:././.lake/packages/importGraph/.lake/build/lib/lean:././.lake/packages/LeanSearchClient/.lake/build/lib/lean:././.lake/packages/plausible/.lake/build/lib/lean:././.lake/packages/mathlib/.lake/build/lib/lean:././.lake/build/lib/lean /Users/alec/.elan/toolchains/leanprover--lean4---v4.19.0/bin/lean ././././CyclicBell/GeneralFirstBound.lean -R ./././. -o ././.lake/build/lib/lean/CyclicBell/GeneralFirstBound.olean -i ././.lake/build/lib/lean/CyclicBell/GeneralFirstBound.ilean -c ././.lake/build/ir/CyclicBell/GeneralFirstBound.c --json
warning: ././././CyclicBell/GeneralFirstBound.lean:128:4: try 'simp' instead of 'simpa'
note: this linter can be disabled with `set_option linter.unnecessarySimpa false`
error: ././././CyclicBell/GeneralFirstBound.lean:132:26: application type mismatch
  stateEval_herm (Matrix.PosSemidef.isHermitian s.state.positive)
argument
  Matrix.PosSemidef.isHermitian s.state.positive
has type
  s.state.density.IsHermitian : Prop
but is expected to have type
  Mat ?m.39630 : Type ?u.39629
error: ././././CyclicBell/GeneralFirstBound.lean:132:11: simp made no progress
error: Lean exited with code 1
Some required builds logged failures:
- CyclicBell.GeneralFirstBound
error: build failed
