CyclicBell/GeneralChirp.lean:17:8: warning: automatically included section variable(s) unused in theorem 'CyclicBell.General.canonicalPhase_zero':
  [NeZero d]
consider restructuring your `variable` declarations so that the variables are not in scope or explicitly omit them:
  omit [NeZero d] in theorem ...
note: this linter can be disabled with `set_option linter.unusedSectionVars false`
CyclicBell/GeneralChirp.lean:20:0: warning: automatically included section variable(s) unused in theorem 'CyclicBell.General.canonicalPhase_unit':
  [NeZero d]
consider restructuring your `variable` declarations so that the variables are not in scope or explicitly omit them:
  omit [NeZero d] in theorem ...
note: this linter can be disabled with `set_option linter.unusedSectionVars false`
CyclicBell/GeneralChirp.lean:64:4: error: type mismatch, term
  chi_cis_int ↑(ZMod.val t * ZMod.val j)
after simplification has type
  chi ↑(↑(ZMod.val t) * ↑(ZMod.val j)) = cis (2 * Real.pi * ↑(↑(ZMod.val t) * ↑(ZMod.val j)) / ↑d) : Prop
but is expected to have type
  chi (↑(ZMod.val t) * ↑(ZMod.val j)) = cis (2 * Real.pi * ↑(ZMod.val t) * ↑(ZMod.val j) / ↑d) : Prop
CyclicBell/GeneralChirp.lean:70:0: warning: automatically included section variable(s) unused in theorem 'CyclicBell.General.canonical_first_phase':
  [NeZero d]
consider restructuring your `variable` declarations so that the variables are not in scope or explicitly omit them:
  omit [NeZero d] in theorem ...
note: this linter can be disabled with `set_option linter.unusedSectionVars false`
