CyclicBell/GeneralReflectionRank.lean:12:0: warning: automatically included section variable(s) unused in theorem 'CyclicBell.General.matrix_rank_add_le':
  [DecidableEq ι]
  [DecidableEq ν]
consider restructuring your `variable` declarations so that the variables are not in scope or explicitly omit them:
  omit [DecidableEq ι] [DecidableEq ν] in theorem ...
note: this linter can be disabled with `set_option linter.unusedSectionVars false`
CyclicBell/GeneralReflectionRank.lean:24:0: warning: automatically included section variable(s) unused in theorem 'CyclicBell.General.matrix_rank_smul_le':
  [Fintype ι]
  [DecidableEq ι]
  [DecidableEq ν]
consider restructuring your `variable` declarations so that the variables are not in scope or explicitly omit them:
  omit [Fintype ι] [DecidableEq ι] [DecidableEq ν] in theorem ...
note: this linter can be disabled with `set_option linter.unusedSectionVars false`
CyclicBell/GeneralReflectionRank.lean:56:10: error: simp made no progress
CyclicBell/GeneralReflectionRank.lean:123:0: warning: automatically included section variable(s) unused in theorem 'CyclicBell.General.sum_supported_projection_ranks':
  [DecidableEq ι]
  [DecidableEq ν]
consider restructuring your `variable` declarations so that the variables are not in scope or explicitly omit them:
  omit [DecidableEq ι] [DecidableEq ν] in theorem ...
note: this linter can be disabled with `set_option linter.unusedSectionVars false`
