⚠ [2834/2938] Replayed CyclicBell.GeneralPhases
warning: ././././CyclicBell/GeneralPhases.lean:71:0: automatically included section variable(s) unused in theorem 'CyclicBell.General.parityDelta_cases':
  [NeZero d]
consider restructuring your `variable` declarations so that the variables are not in scope or explicitly omit them:
  omit [NeZero d] in theorem ...
note: this linter can be disabled with `set_option linter.unusedSectionVars false`
warning: ././././CyclicBell/GeneralPhases.lean:76:0: automatically included section variable(s) unused in theorem 'CyclicBell.General.parity_shift_even':
  [NeZero d]
consider restructuring your `variable` declarations so that the variables are not in scope or explicitly omit them:
  omit [NeZero d] in theorem ...
note: this linter can be disabled with `set_option linter.unusedSectionVars false`
⚠ [2835/2938] Replayed CyclicBell.GeneralScalar
warning: ././././CyclicBell/GeneralScalar.lean:30:0: automatically included section variable(s) unused in theorem 'CyclicBell.General.halfMesh_eq':
  [NeZero d]
consider restructuring your `variable` declarations so that the variables are not in scope or explicitly omit them:
  omit [NeZero d] in theorem ...
note: this linter can be disabled with `set_option linter.unusedSectionVars false`
warning: ././././CyclicBell/GeneralScalar.lean:51:4: try 'simp' instead of 'simpa'
note: this linter can be disabled with `set_option linter.unnecessarySimpa false`
warning: ././././CyclicBell/GeneralScalar.lean:86:35: unused variable `hd`
note: this linter can be disabled with `set_option linter.unusedVariables false`
⚠ [2836/2938] Replayed CyclicBell.MatrixAlgebra
warning: ././././CyclicBell/MatrixAlgebra.lean:74:8: automatically included section variable(s) unused in theorem 'CyclicBell.stateEval_add':
  [DecidableEq ι]
consider restructuring your `variable` declarations so that the variables are not in scope or explicitly omit them:
  omit [DecidableEq ι] in theorem ...
note: this linter can be disabled with `set_option linter.unusedSectionVars false`
warning: ././././CyclicBell/MatrixAlgebra.lean:77:8: automatically included section variable(s) unused in theorem 'CyclicBell.stateEval_sub':
  [DecidableEq ι]
consider restructuring your `variable` declarations so that the variables are not in scope or explicitly omit them:
  omit [DecidableEq ι] in theorem ...
note: this linter can be disabled with `set_option linter.unusedSectionVars false`
warning: ././././CyclicBell/MatrixAlgebra.lean:80:8: automatically included section variable(s) unused in theorem 'CyclicBell.stateEval_zero':
  [DecidableEq ι]
consider restructuring your `variable` declarations so that the variables are not in scope or explicitly omit them:
  omit [DecidableEq ι] in theorem ...
note: this linter can be disabled with `set_option linter.unusedSectionVars false`
warning: ././././CyclicBell/MatrixAlgebra.lean:85:0: automatically included section variable(s) unused in theorem 'CyclicBell.stateEval_sum':
  [DecidableEq ι]
consider restructuring your `variable` declarations so that the variables are not in scope or explicitly omit them:
  omit [DecidableEq ι] in theorem ...
note: this linter can be disabled with `set_option linter.unusedSectionVars false`
warning: ././././CyclicBell/MatrixAlgebra.lean:89:0: automatically included section variable(s) unused in theorem 'CyclicBell.stateEval_adjoint':
  [DecidableEq ι]
consider restructuring your `variable` declarations so that the variables are not in scope or explicitly omit them:
  omit [DecidableEq ι] in theorem ...
note: this linter can be disabled with `set_option linter.unusedSectionVars false`
⚠ [2898/2938] Replayed CyclicBell.GeneralFunctionalCalculus
warning: ././././CyclicBell/GeneralFunctionalCalculus.lean:137:4: 'change star (φ c) * φ c = 1' tactic does nothing
note: this linter can be disabled with `set_option linter.unusedTactic false`
⚠ [2900/2938] Replayed CyclicBell.GeneralModel
warning: ././././CyclicBell/GeneralModel.lean:54:8: automatically included section variable(s) unused in theorem 'CyclicBell.General.kron_mul':
  [DecidableEq ι]
  [DecidableEq κ]
consider restructuring your `variable` declarations so that the variables are not in scope or explicitly omit them:
  omit [DecidableEq ι] [DecidableEq κ] in theorem ...
note: this linter can be disabled with `set_option linter.unusedSectionVars false`
warning: ././././CyclicBell/GeneralModel.lean:66:8: automatically included section variable(s) unused in theorem 'CyclicBell.General.kron_star':
  [Fintype ι]
  [Fintype κ]
  [DecidableEq ι]
  [DecidableEq κ]
consider restructuring your `variable` declarations so that the variables are not in scope or explicitly omit them:
  omit [Fintype ι] [Fintype κ] [DecidableEq ι] [DecidableEq κ] in theorem ...
note: this linter can be disabled with `set_option linter.unusedSectionVars false`
warning: ././././CyclicBell/GeneralModel.lean:71:8: automatically included section variable(s) unused in theorem 'CyclicBell.General.kron_one':
  [Fintype ι]
  [Fintype κ]
consider restructuring your `variable` declarations so that the variables are not in scope or explicitly omit them:
  omit [Fintype ι] [Fintype κ] in theorem ...
note: this linter can be disabled with `set_option linter.unusedSectionVars false`
warning: ././././CyclicBell/GeneralModel.lean:76:8: automatically included section variable(s) unused in theorem 'CyclicBell.General.kron_add_left':
  [Fintype ι]
  [Fintype κ]
  [DecidableEq ι]
  [DecidableEq κ]
consider restructuring your `variable` declarations so that the variables are not in scope or explicitly omit them:
  omit [Fintype ι] [Fintype κ] [DecidableEq ι] [DecidableEq κ] in theorem ...
note: this linter can be disabled with `set_option linter.unusedSectionVars false`
warning: ././././CyclicBell/GeneralModel.lean:79:8: automatically included section variable(s) unused in theorem 'CyclicBell.General.kron_add_right':
  [Fintype ι]
  [Fintype κ]
  [DecidableEq ι]
  [DecidableEq κ]
consider restructuring your `variable` declarations so that the variables are not in scope or explicitly omit them:
  omit [Fintype ι] [Fintype κ] [DecidableEq ι] [DecidableEq κ] in theorem ...
note: this linter can be disabled with `set_option linter.unusedSectionVars false`
warning: ././././CyclicBell/GeneralModel.lean:82:8: automatically included section variable(s) unused in theorem 'CyclicBell.General.kron_smul_left':
  [Fintype ι]
  [Fintype κ]
  [DecidableEq ι]
  [DecidableEq κ]
consider restructuring your `variable` declarations so that the variables are not in scope or explicitly omit them:
  omit [Fintype ι] [Fintype κ] [DecidableEq ι] [DecidableEq κ] in theorem ...
note: this linter can be disabled with `set_option linter.unusedSectionVars false`
warning: ././././CyclicBell/GeneralModel.lean:85:8: automatically included section variable(s) unused in theorem 'CyclicBell.General.kron_smul_right':
  [Fintype ι]
  [Fintype κ]
  [DecidableEq ι]
  [DecidableEq κ]
consider restructuring your `variable` declarations so that the variables are not in scope or explicitly omit them:
  omit [Fintype ι] [Fintype κ] [DecidableEq ι] [DecidableEq κ] in theorem ...
note: this linter can be disabled with `set_option linter.unusedSectionVars false`
warning: ././././CyclicBell/GeneralModel.lean:88:8: automatically included section variable(s) unused in theorem 'CyclicBell.General.kron_sum_left':
  [Fintype ι]
  [Fintype κ]
  [DecidableEq ι]
  [DecidableEq κ]
consider restructuring your `variable` declarations so that the variables are not in scope or explicitly omit them:
  omit [Fintype ι] [Fintype κ] [DecidableEq ι] [DecidableEq κ] in theorem ...
note: this linter can be disabled with `set_option linter.unusedSectionVars false`
warning: ././././CyclicBell/GeneralModel.lean:91:8: automatically included section variable(s) unused in theorem 'CyclicBell.General.kron_sum_right':
  [Fintype ι]
  [Fintype κ]
  [DecidableEq ι]
  [DecidableEq κ]
consider restructuring your `variable` declarations so that the variables are not in scope or explicitly omit them:
  omit [Fintype ι] [Fintype κ] [DecidableEq ι] [DecidableEq κ] in theorem ...
note: this linter can be disabled with `set_option linter.unusedSectionVars false`
warning: ././././CyclicBell/GeneralModel.lean:219:0: automatically included section variable(s) unused in theorem 'CyclicBell.General.kron_projector':
  [Fintype ι]
  [Fintype κ]
  [DecidableEq ι]
  [DecidableEq κ]
consider restructuring your `variable` declarations so that the variables are not in scope or explicitly omit them:
  omit [Fintype ι] [Fintype κ] [DecidableEq ι] [DecidableEq κ] in theorem ...
note: this linter can be disabled with `set_option linter.unusedSectionVars false`
warning: ././././CyclicBell/GeneralModel.lean:252:0: automatically included section variable(s) unused in theorem 'CyclicBell.General.trace_hermitian_product_real':
  [DecidableEq ι]
consider restructuring your `variable` declarations so that the variables are not in scope or explicitly omit them:
  omit [DecidableEq ι] in theorem ...
note: this linter can be disabled with `set_option linter.unusedSectionVars false`
⚠ [2901/2938] Replayed CyclicBell.GeneralFirstBound
warning: ././././CyclicBell/GeneralFirstBound.lean:128:4: try 'simp' instead of 'simpa'
note: this linter can be disabled with `set_option linter.unnecessarySimpa false`
⚠ [2902/2938] Replayed CyclicBell.GeneralSecondSOS
warning: ././././CyclicBell/GeneralSecondSOS.lean:29:0: automatically included section variable(s) unused in theorem 'CyclicBell.General.secondFourier_energy':
  [DecidableEq ι]
consider restructuring your `variable` declarations so that the variables are not in scope or explicitly omit them:
  omit [DecidableEq ι] in theorem ...
note: this linter can be disabled with `set_option linter.unusedSectionVars false`
warning: ././././CyclicBell/GeneralSecondSOS.lean:66:0: automatically included section variable(s) unused in theorem 'CyclicBell.General.secondScalarExpansion':
  [NeZero d]
consider restructuring your `variable` declarations so that the variables are not in scope or explicitly omit them:
  omit [NeZero d] in theorem ...
note: this linter can be disabled with `set_option linter.unusedSectionVars false`
info: ././././CyclicBell/GeneralSecondSOS.lean:98:4: Try this: ring_nf
⚠ [2903/2938] Replayed CyclicBell.GeneralWitness
warning: ././././CyclicBell/GeneralWitness.lean:278:0: automatically included section variable(s) unused in theorem 'CyclicBell.General.phase_prod_unit':
  [NeZero d]
consider restructuring your `variable` declarations so that the variables are not in scope or explicitly omit them:
  omit [NeZero d] in theorem ...
note: this linter can be disabled with `set_option linter.unusedSectionVars false`
warning: ././././CyclicBell/GeneralWitness.lean:290:0: automatically included section variable(s) unused in theorem 'CyclicBell.General.prefix_unit':
  [NeZero d]
consider restructuring your `variable` declarations so that the variables are not in scope or explicitly omit them:
  omit [NeZero d] in theorem ...
note: this linter can be disabled with `set_option linter.unusedSectionVars false`
warning: ././././CyclicBell/GeneralWitness.lean:307:8: automatically included section variable(s) unused in theorem 'CyclicBell.General.prefix_zero':
  [NeZero d]
consider restructuring your `variable` declarations so that the variables are not in scope or explicitly omit them:
  omit [NeZero d] in theorem ...
note: this linter can be disabled with `set_option linter.unusedSectionVars false`
⚠ [2904/2938] Replayed CyclicBell.GeneralCycles
warning: ././././CyclicBell/GeneralCycles.lean:41:0: automatically included section variable(s) unused in theorem 'CyclicBell.General.weighted_entry_conjugate':
  [NeZero d]
consider restructuring your `variable` declarations so that the variables are not in scope or explicitly omit them:
  omit [NeZero d] in theorem ...
note: this linter can be disabled with `set_option linter.unusedSectionVars false`
warning: ././././CyclicBell/GeneralCycles.lean:47:0: automatically included section variable(s) unused in theorem 'CyclicBell.General.weighted_linear':
  [NeZero d]
consider restructuring your `variable` declarations so that the variables are not in scope or explicitly omit them:
  omit [NeZero d] in theorem ...
note: this linter can be disabled with `set_option linter.unusedSectionVars false`
warning: ././././CyclicBell/GeneralCycles.lean:74:2: try 'simp at he' instead of 'simpa using he'
note: this linter can be disabled with `set_option linter.unnecessarySimpa false`
warning: ././././CyclicBell/GeneralCycles.lean:71:0: automatically included section variable(s) unused in theorem 'CyclicBell.General.natCast_ne_zero_of_lt':
  [NeZero d]
consider restructuring your `variable` declarations so that the variables are not in scope or explicitly omit them:
  omit [NeZero d] in theorem ...
note: this linter can be disabled with `set_option linter.unusedSectionVars false`
warning: ././././CyclicBell/GeneralCycles.lean:103:0: automatically included section variable(s) unused in theorem 'CyclicBell.General.phases_permuted':
  [NeZero d]
consider restructuring your `variable` declarations so that the variables are not in scope or explicitly omit them:
  omit [NeZero d] in theorem ...
note: this linter can be disabled with `set_option linter.unusedSectionVars false`
⚠ [2905/2938] Replayed CyclicBell.GeneralChirp
warning: ././././CyclicBell/GeneralChirp.lean:17:8: automatically included section variable(s) unused in theorem 'CyclicBell.General.canonicalPhase_zero':
  [NeZero d]
consider restructuring your `variable` declarations so that the variables are not in scope or explicitly omit them:
  omit [NeZero d] in theorem ...
note: this linter can be disabled with `set_option linter.unusedSectionVars false`
warning: ././././CyclicBell/GeneralChirp.lean:20:0: automatically included section variable(s) unused in theorem 'CyclicBell.General.canonicalPhase_unit':
  [NeZero d]
consider restructuring your `variable` declarations so that the variables are not in scope or explicitly omit them:
  omit [NeZero d] in theorem ...
note: this linter can be disabled with `set_option linter.unusedSectionVars false`
warning: ././././CyclicBell/GeneralChirp.lean:70:0: automatically included section variable(s) unused in theorem 'CyclicBell.General.canonical_first_phase':
  [NeZero d]
consider restructuring your `variable` declarations so that the variables are not in scope or explicitly omit them:
  omit [NeZero d] in theorem ...
note: this linter can be disabled with `set_option linter.unusedSectionVars false`
⚠ [2906/2938] Replayed CyclicBell.GeneralPolarPhases
warning: ././././CyclicBell/GeneralPolarPhases.lean:19:0: automatically included section variable(s) unused in theorem 'CyclicBell.General.parity_half_dimension':
  [NeZero d]
consider restructuring your `variable` declarations so that the variables are not in scope or explicitly omit them:
  omit [NeZero d] in theorem ...
note: this linter can be disabled with `set_option linter.unusedSectionVars false`
warning: ././././CyclicBell/GeneralPolarPhases.lean:95:0: automatically included section variable(s) unused in theorem 'CyclicBell.General.polarBase_unit':
  [NeZero d]
consider restructuring your `variable` declarations so that the variables are not in scope or explicitly omit them:
  omit [NeZero d] in theorem ...
note: this linter can be disabled with `set_option linter.unusedSectionVars false`
⚠ [2907/2938] Replayed CyclicBell.GeneralSwap
warning: ././././CyclicBell/GeneralSwap.lean:17:0: automatically included section variable(s) unused in theorem 'CyclicBell.General.negative_representative':
  [NeZero d]
consider restructuring your `variable` declarations so that the variables are not in scope or explicitly omit them:
  omit [NeZero d] in theorem ...
note: this linter can be disabled with `set_option linter.unusedSectionVars false`
⚠ [2908/2938] Replayed CyclicBell.GeneralGuessing
warning: ././././CyclicBell/GeneralGuessing.lean:46:4: 'push_cast' tactic does nothing
note: this linter can be disabled with `set_option linter.unusedTactic false`
warning: ././././CyclicBell/GeneralGuessing.lean:135:20: Used `tac1 <;> tac2` where `(tac1; tac2)` would suffice
note: this linter can be disabled with `set_option linter.unnecessarySeqFocus false`
warning: ././././CyclicBell/GeneralGuessing.lean:135:35: Used `tac1 <;> tac2` where `(tac1; tac2)` would suffice
note: this linter can be disabled with `set_option linter.unnecessarySeqFocus false`
⚠ [2909/2938] Replayed CyclicBell.GeneralSecondCoefficients
warning: ././././CyclicBell/GeneralSecondCoefficients.lean:36:0: automatically included section variable(s) unused in theorem 'CyclicBell.General.generalLambda_literal':
  [NeZero d]
consider restructuring your `variable` declarations so that the variables are not in scope or explicitly omit them:
  omit [NeZero d] in theorem ...
note: this linter can be disabled with `set_option linter.unusedSectionVars false`
warning: ././././CyclicBell/GeneralSecondCoefficients.lean:50:36: try 'simp' instead of 'simpa'
note: this linter can be disabled with `set_option linter.unnecessarySimpa false`
warning: ././././CyclicBell/GeneralSecondCoefficients.lean:53:8: automatically included section variable(s) unused in theorem 'CyclicBell.General.secondPrefactor_norm':
  [NeZero d]
consider restructuring your `variable` declarations so that the variables are not in scope or explicitly omit them:
  omit [NeZero d] in theorem ...
note: this linter can be disabled with `set_option linter.unusedSectionVars false`
warning: ././././CyclicBell/GeneralSecondCoefficients.lean:54:8: automatically included section variable(s) unused in theorem 'CyclicBell.General.secondPrefactor_unit':
  [NeZero d]
consider restructuring your `variable` declarations so that the variables are not in scope or explicitly omit them:
  omit [NeZero d] in theorem ...
note: this linter can be disabled with `set_option linter.unusedSectionVars false`
info: ././././CyclicBell/GeneralSecondCoefficients.lean:136:62: Try this: ring_nf
info: ././././CyclicBell/GeneralSecondCoefficients.lean:145:4: Try this: ring_nf
warning: ././././CyclicBell/GeneralSecondCoefficients.lean:144:4: 'push_cast' tactic does nothing
note: this linter can be disabled with `set_option linter.unusedTactic false`
warning: ././././CyclicBell/GeneralSecondCoefficients.lean:191:2: 'push_cast only [Complex.ofReal_mul, Complex.ofReal_ofNat]' tactic does nothing
note: this linter can be disabled with `set_option linter.unusedTactic false`
⚠ [2911/2938] Replayed CyclicBell.GeneralBehavior
warning: ././././CyclicBell/GeneralBehavior.lean:49:0: automatically included section variable(s) unused in theorem 'CyclicBell.General.pullBehavior_continuous':
  [NeZero d]
consider restructuring your `variable` declarations so that the variables are not in scope or explicitly omit them:
  omit [NeZero d] in theorem ...
note: this linter can be disabled with `set_option linter.unusedSectionVars false`
⚠ [2913/2938] Replayed CyclicBell.GeneralCommuting
warning: ././././CyclicBell/GeneralCommuting.lean:141:0: automatically included section variable(s) unused in theorem 'CyclicBell.General.vectorEval_add':
  [CompleteSpace H]
consider restructuring your `variable` declarations so that the variables are not in scope or explicitly omit them:
  omit [CompleteSpace H] in theorem ...
note: this linter can be disabled with `set_option linter.unusedSectionVars false`
warning: ././././CyclicBell/GeneralCommuting.lean:143:0: automatically included section variable(s) unused in theorem 'CyclicBell.General.vectorEval_sub':
  [CompleteSpace H]
consider restructuring your `variable` declarations so that the variables are not in scope or explicitly omit them:
  omit [CompleteSpace H] in theorem ...
note: this linter can be disabled with `set_option linter.unusedSectionVars false`
warning: ././././CyclicBell/GeneralCommuting.lean:145:0: automatically included section variable(s) unused in theorem 'CyclicBell.General.vectorEval_real_smul':
  [CompleteSpace H]
consider restructuring your `variable` declarations so that the variables are not in scope or explicitly omit them:
  omit [CompleteSpace H] in theorem ...
note: this linter can be disabled with `set_option linter.unusedSectionVars false`
warning: ././././CyclicBell/GeneralCommuting.lean:147:0: automatically included section variable(s) unused in theorem 'CyclicBell.General.vectorEval_sum':
  [CompleteSpace H]
consider restructuring your `variable` declarations so that the variables are not in scope or explicitly omit them:
  omit [CompleteSpace H] in theorem ...
note: this linter can be disabled with `set_option linter.unusedSectionVars false`
warning: ././././CyclicBell/GeneralCommuting.lean:149:0: automatically included section variable(s) unused in theorem 'CyclicBell.General.vectorEval_one':
  [CompleteSpace H]
consider restructuring your `variable` declarations so that the variables are not in scope or explicitly omit them:
  omit [CompleteSpace H] in theorem ...
note: this linter can be disabled with `set_option linter.unusedSectionVars false`
⚠ [2914/2938] Replayed CyclicBell.GeneralSecondCommuting
warning: ././././CyclicBell/GeneralSecondCommuting.lean:46:0: automatically included section variable(s) unused in theorem 'CyclicBell.General.algebraSecondExpansion':
  [NeZero d]
consider restructuring your `variable` declarations so that the variables are not in scope or explicitly omit them:
  omit [NeZero d] in theorem ...
note: this linter can be disabled with `set_option linter.unusedSectionVars false`
warning: ././././CyclicBell/GeneralSecondCommuting.lean:192:5: unused variable `hc`
note: this linter can be disabled with `set_option linter.unusedVariables false`
⚠ [2915/2938] Replayed CyclicBell.GeneralCommutingModel
warning: ././././CyclicBell/GeneralCommutingModel.lean:26:0: automatically included section variable(s) unused in theorem 'CyclicBell.General.hilbertMoment_add':
  [CompleteSpace H]
consider restructuring your `variable` declarations so that the variables are not in scope or explicitly omit them:
  omit [CompleteSpace H] in theorem ...
note: this linter can be disabled with `set_option linter.unusedSectionVars false`
warning: ././././CyclicBell/GeneralCommutingModel.lean:30:0: automatically included section variable(s) unused in theorem 'CyclicBell.General.hilbertMoment_smul':
  [CompleteSpace H]
consider restructuring your `variable` declarations so that the variables are not in scope or explicitly omit them:
  omit [CompleteSpace H] in theorem ...
note: this linter can be disabled with `set_option linter.unusedSectionVars false`
warning: ././././CyclicBell/GeneralCommutingModel.lean:34:0: automatically included section variable(s) unused in theorem 'CyclicBell.General.hilbertMoment_sum':
  [CompleteSpace H]
consider restructuring your `variable` declarations so that the variables are not in scope or explicitly omit them:
  omit [CompleteSpace H] in theorem ...
note: this linter can be disabled with `set_option linter.unusedSectionVars false`
⚠ [2916/2938] Replayed CyclicBell.GeneralFiniteSpectrum
warning: ././././CyclicBell/GeneralFiniteSpectrum.lean:83:0: automatically included section variable(s) unused in theorem 'CyclicBell.General.finiteCalc_zero_transfer':
  [Fintype ν]
consider restructuring your `variable` declarations so that the variables are not in scope or explicitly omit them:
  omit [Fintype ν] in theorem ...
note: this linter can be disabled with `set_option linter.unusedSectionVars false`
⚠ [2917/2938] Replayed CyclicBell.GeneralSupportAlgebra
warning: ././././CyclicBell/GeneralSupportAlgebra.lean:19:0: automatically included section variable(s) unused in theorem 'CyclicBell.General.frobeniusSq_nonnegative':
  [DecidableEq ι]
  [DecidableEq ν]
consider restructuring your `variable` declarations so that the variables are not in scope or explicitly omit them:
  omit [DecidableEq ι] [DecidableEq ν] in theorem ...
note: this linter can be disabled with `set_option linter.unusedSectionVars false`
warning: ././././CyclicBell/GeneralSupportAlgebra.lean:20:25: unused variable `i`
note: this linter can be disabled with `set_option linter.unusedVariables false`
warning: ././././CyclicBell/GeneralSupportAlgebra.lean:20:55: unused variable `j`
note: this linter can be disabled with `set_option linter.unusedVariables false`
warning: ././././CyclicBell/GeneralSupportAlgebra.lean:22:0: automatically included section variable(s) unused in theorem 'CyclicBell.General.frobeniusSq_eq_zero':
  [DecidableEq ι]
  [DecidableEq ν]
consider restructuring your `variable` declarations so that the variables are not in scope or explicitly omit them:
  omit [DecidableEq ι] [DecidableEq ν] in theorem ...
note: this linter can be disabled with `set_option linter.unusedSectionVars false`
warning: ././././CyclicBell/GeneralSupportAlgebra.lean:35:0: automatically included section variable(s) unused in theorem 'CyclicBell.General.trace_gram_frobenius':
  [DecidableEq ι]
  [DecidableEq ν]
consider restructuring your `variable` declarations so that the variables are not in scope or explicitly omit them:
  omit [DecidableEq ι] [DecidableEq ν] in theorem ...
note: this linter can be disabled with `set_option linter.unusedSectionVars false`
warning: ././././CyclicBell/GeneralSupportAlgebra.lean:40:0: automatically included section variable(s) unused in theorem 'CyclicBell.General.matrixRange_mul_le':
  [Fintype ι]
  [DecidableEq ι]
  [DecidableEq κ]
  [DecidableEq ν]
consider restructuring your `variable` declarations so that the variables are not in scope or explicitly omit them:
  omit [Fintype ι] [DecidableEq ι] [DecidableEq κ] [DecidableEq ν] in theorem ...
note: this linter can be disabled with `set_option linter.unusedSectionVars false`
warning: ././././CyclicBell/GeneralSupportAlgebra.lean:130:0: automatically included section variable(s) unused in theorem 'CyclicBell.General.amplitude_reduced':
  [Fintype ι]
  [DecidableEq ι]
  [DecidableEq κ]
  [DecidableEq ε]
consider restructuring your `variable` declarations so that the variables are not in scope or explicitly omit them:
  omit [Fintype ι] [DecidableEq ι] [DecidableEq κ] [DecidableEq ε] in theorem ...
note: this linter can be disabled with `set_option linter.unusedSectionVars false`
warning: ././././CyclicBell/GeneralSupportAlgebra.lean:136:0: automatically included section variable(s) unused in theorem 'CyclicBell.General.amplitude_left':
  [Fintype ε]
  [DecidableEq ι]
  [DecidableEq ε]
consider restructuring your `variable` declarations so that the variables are not in scope or explicitly omit them:
  omit [Fintype ε] [DecidableEq ι] [DecidableEq ε] in theorem ...
note: this linter can be disabled with `set_option linter.unusedSectionVars false`
warning: ././././CyclicBell/GeneralSupportAlgebra.lean:141:0: automatically included section variable(s) unused in theorem 'CyclicBell.General.amplitude_right':
  [DecidableEq κ]
consider restructuring your `variable` declarations so that the variables are not in scope or explicitly omit them:
  omit [DecidableEq κ] in theorem ...
note: this linter can be disabled with `set_option linter.unusedSectionVars false`
warning: ././././CyclicBell/GeneralSupportAlgebra.lean:151:8: automatically included section variable(s) unused in theorem 'CyclicBell.General.amplitude_add':
  [Fintype ι]
  [Fintype κ]
  [Fintype ε]
  [DecidableEq ι]
  [DecidableEq κ]
  [DecidableEq ε]
consider restructuring your `variable` declarations so that the variables are not in scope or explicitly omit them:
  omit [Fintype ι] [Fintype κ] [Fintype ε] [DecidableEq ι] [DecidableEq κ] [DecidableEq ε] in theorem ...
note: this linter can be disabled with `set_option linter.unusedSectionVars false`
warning: ././././CyclicBell/GeneralSupportAlgebra.lean:153:8: automatically included section variable(s) unused in theorem 'CyclicBell.General.amplitude_sub':
  [Fintype ι]
  [Fintype κ]
  [Fintype ε]
  [DecidableEq ι]
  [DecidableEq κ]
  [DecidableEq ε]
consider restructuring your `variable` declarations so that the variables are not in scope or explicitly omit them:
  omit [Fintype ι] [Fintype κ] [Fintype ε] [DecidableEq ι] [DecidableEq κ] [DecidableEq ε] in theorem ...
note: this linter can be disabled with `set_option linter.unusedSectionVars false`
warning: ././././CyclicBell/GeneralSupportAlgebra.lean:155:8: automatically included section variable(s) unused in theorem 'CyclicBell.General.amplitude_zero':
  [Fintype ι]
  [Fintype κ]
  [Fintype ε]
  [DecidableEq ι]
  [DecidableEq κ]
  [DecidableEq ε]
consider restructuring your `variable` declarations so that the variables are not in scope or explicitly omit them:
  omit [Fintype ι] [Fintype κ] [Fintype ε] [DecidableEq ι] [DecidableEq κ] [DecidableEq ε] in theorem ...
note: this linter can be disabled with `set_option linter.unusedSectionVars false`
warning: ././././CyclicBell/GeneralSupportAlgebra.lean:157:0: automatically included section variable(s) unused in theorem 'CyclicBell.General.amplitude_injective':
  [Fintype ι]
  [Fintype κ]
  [Fintype ε]
  [DecidableEq ι]
  [DecidableEq κ]
  [DecidableEq ε]
consider restructuring your `variable` declarations so that the variables are not in scope or explicitly omit them:
  omit [Fintype ι] [Fintype κ] [Fintype ε] [DecidableEq ι] [DecidableEq κ] [DecidableEq ε] in theorem ...
note: this linter can be disabled with `set_option linter.unusedSectionVars false`
warning: ././././CyclicBell/GeneralSupportAlgebra.lean:202:0: automatically included section variable(s) unused in theorem 'CyclicBell.General.preserves_of_intertwiner':
  [DecidableEq ι]
  [DecidableEq ν]
consider restructuring your `variable` declarations so that the variables are not in scope or explicitly omit them:
  omit [DecidableEq ι] [DecidableEq ν] in theorem ...
note: this linter can be disabled with `set_option linter.unusedSectionVars false`
warning: ././././CyclicBell/GeneralSupportAlgebra.lean:212:0: automatically included section variable(s) unused in theorem 'CyclicBell.General.supported_kernel_cancel':
  [Fintype ν]
  [DecidableEq ι]
  [DecidableEq ν]
consider restructuring your `variable` declarations so that the variables are not in scope or explicitly omit them:
  omit [Fintype ν] [DecidableEq ι] [DecidableEq ν] in theorem ...
note: this linter can be disabled with `set_option linter.unusedSectionVars false`
⚠ [2918/2938] Replayed CyclicBell.GeneralHilbertBridge
warning: ././././CyclicBell/GeneralHilbertBridge.lean:25:0: automatically included section variable(s) unused in theorem 'CyclicBell.General.euclidVector_surjective':
  [Fintype ι]
  [DecidableEq ι]
consider restructuring your `variable` declarations so that the variables are not in scope or explicitly omit them:
  omit [Fintype ι] [DecidableEq ι] in theorem ...
note: this linter can be disabled with `set_option linter.unusedSectionVars false`
warning: ././././CyclicBell/GeneralHilbertBridge.lean:28:0: automatically included section variable(s) unused in theorem 'CyclicBell.General.euclidVector_inner':
  [DecidableEq ι]
consider restructuring your `variable` declarations so that the variables are not in scope or explicitly omit them:
  omit [DecidableEq ι] in theorem ...
note: this linter can be disabled with `set_option linter.unusedSectionVars false`
warning: ././././CyclicBell/GeneralHilbertBridge.lean:78:0: automatically included section variable(s) unused in theorem 'CyclicBell.General.vectorize_ip_trace':
  [DecidableEq ι]
  [DecidableEq ν]
consider restructuring your `variable` declarations so that the variables are not in scope or explicitly omit them:
  omit [DecidableEq ι] [DecidableEq ν] in theorem ...
note: this linter can be disabled with `set_option linter.unusedSectionVars false`
warning: ././././CyclicBell/GeneralHilbertBridge.lean:84:0: automatically included section variable(s) unused in theorem 'CyclicBell.General.kron_one_vectorize':
  [DecidableEq ι]
consider restructuring your `variable` declarations so that the variables are not in scope or explicitly omit them:
  omit [DecidableEq ι] in theorem ...
note: this linter can be disabled with `set_option linter.unusedSectionVars false`
warning: ././././CyclicBell/GeneralHilbertBridge.lean:128:0: automatically included section variable(s) unused in theorem 'CyclicBell.General.hermitian_idempotent_positive':
  [DecidableEq ι]
consider restructuring your `variable` declarations so that the variables are not in scope or explicitly omit them:
  omit [DecidableEq ι] in theorem ...
note: this linter can be disabled with `set_option linter.unusedSectionVars false`
⚠ [2920/2938] Replayed CyclicBell.GeneralSecondWitness
warning: ././././CyclicBell/GeneralSecondWitness.lean:76:0: automatically included section variable(s) unused in theorem 'CyclicBell.General.weighted_sum':
  [NeZero d]
consider restructuring your `variable` declarations so that the variables are not in scope or explicitly omit them:
  omit [NeZero d] in theorem ...
note: this linter can be disabled with `set_option linter.unusedSectionVars false`
⚠ [2923/2938] Replayed CyclicBell.ScalarData
warning: ././././CyclicBell/ScalarData.lean:126:75: Used `tac1 <;> tac2` where `(tac1; tac2)` would suffice
note: this linter can be disabled with `set_option linter.unnecessarySeqFocus false`
warning: ././././CyclicBell/ScalarData.lean:260:12: Used `tac1 <;> tac2` where `(tac1; tac2)` would suffice
note: this linter can be disabled with `set_option linter.unnecessarySeqFocus false`
warning: ././././CyclicBell/ScalarData.lean:280:34: Used `tac1 <;> tac2` where `(tac1; tac2)` would suffice
note: this linter can be disabled with `set_option linter.unnecessarySeqFocus false`
warning: ././././CyclicBell/ScalarData.lean:285:66: Used `tac1 <;> tac2` where `(tac1; tac2)` would suffice
note: this linter can be disabled with `set_option linter.unnecessarySeqFocus false`
⚠ [2927/2938] Replayed CyclicBell.Fourier4
warning: ././././CyclicBell/Fourier4.lean:25:0: automatically included section variable(s) unused in theorem 'CyclicBell.fourier4_parseval':
  [DecidableEq ι]
consider restructuring your `variable` declarations so that the variables are not in scope or explicitly omit them:
  omit [DecidableEq ι] in theorem ...
note: this linter can be disabled with `set_option linter.unusedSectionVars false`
⚠ [2929/2938] Replayed CyclicBell.Attainment
warning: ././././CyclicBell/Attainment.lean:89:20: Used `tac1 <;> tac2` where `(tac1; tac2)` would suffice
note: this linter can be disabled with `set_option linter.unnecessarySeqFocus false`
⚠ [2930/2938] Replayed CyclicBell.Guessing
warning: ././././CyclicBell/Guessing.lean:50:16: Used `tac1 <;> tac2` where `(tac1; tac2)` would suffice
note: this linter can be disabled with `set_option linter.unnecessarySeqFocus false`
warning: ././././CyclicBell/Guessing.lean:50:32: Used `tac1 <;> tac2` where `(tac1; tac2)` would suffice
note: this linter can be disabled with `set_option linter.unnecessarySeqFocus false`
warning: ././././CyclicBell/Guessing.lean:86:0: automatically included section variable(s) unused in theorem 'CyclicBell.adjoinTrivialEve_projector':
  [Fintype ι]
  [DecidableEq ι]
consider restructuring your `variable` declarations so that the variables are not in scope or explicitly omit them:
  omit [Fintype ι] [DecidableEq ι] in theorem ...
note: this linter can be disabled with `set_option linter.unusedSectionVars false`
warning: ././././CyclicBell/Guessing.lean:89:0: automatically included section variable(s) unused in theorem 'CyclicBell.adjoinTrivialEve_mul':
  [DecidableEq ι]
consider restructuring your `variable` declarations so that the variables are not in scope or explicitly omit them:
  omit [DecidableEq ι] in theorem ...
note: this linter can be disabled with `set_option linter.unusedSectionVars false`
warning: ././././CyclicBell/Guessing.lean:94:0: automatically included section variable(s) unused in theorem 'CyclicBell.adjoinTrivialEve_adjoint':
  [Fintype ι]
  [DecidableEq ι]
consider restructuring your `variable` declarations so that the variables are not in scope or explicitly omit them:
  omit [Fintype ι] [DecidableEq ι] in theorem ...
note: this linter can be disabled with `set_option linter.unusedSectionVars false`
warning: ././././CyclicBell/Guessing.lean:99:0: automatically included section variable(s) unused in theorem 'CyclicBell.adjoinTrivialEve_positive':
  [DecidableEq ι]
consider restructuring your `variable` declarations so that the variables are not in scope or explicitly omit them:
  omit [DecidableEq ι] in theorem ...
note: this linter can be disabled with `set_option linter.unusedSectionVars false`
warning: ././././CyclicBell/Guessing.lean:103:0: automatically included section variable(s) unused in theorem 'CyclicBell.adjoinTrivialEve_trace':
  [DecidableEq ι]
consider restructuring your `variable` declarations so that the variables are not in scope or explicitly omit them:
  omit [DecidableEq ι] in theorem ...
note: this linter can be disabled with `set_option linter.unusedSectionVars false`
warning: ././././CyclicBell/Guessing.lean:108:0: automatically included section variable(s) unused in theorem 'CyclicBell.partialTrace_adjoin':
  [DecidableEq ι]
consider restructuring your `variable` declarations so that the variables are not in scope or explicitly omit them:
  omit [DecidableEq ι] in theorem ...
note: this linter can be disabled with `set_option linter.unusedSectionVars false`
warning: ././././CyclicBell/Guessing.lean:111:14: Used `tac1 <;> tac2` where `(tac1; tac2)` would suffice
note: this linter can be disabled with `set_option linter.unnecessarySeqFocus false`
⚠ [2931/2938] Replayed CyclicBell.GeneralOperational
warning: ././././CyclicBell/GeneralOperational.lean:24:0: automatically included section variable(s) unused in theorem 'CyclicBell.General.matrix_map_star_mul':
  [Fintype ι]
  [Fintype ε]
  [DecidableEq ι]
  [DecidableEq κ]
  [DecidableEq ε]
consider restructuring your `variable` declarations so that the variables are not in scope or explicitly omit them:
  omit [Fintype ι] [Fintype ε] [DecidableEq ι] [DecidableEq κ] [DecidableEq ε] in theorem ...
note: this linter can be disabled with `set_option linter.unusedSectionVars false`
warning: ././././CyclicBell/GeneralOperational.lean:31:0: automatically included section variable(s) unused in theorem 'CyclicBell.General.reducedE_partialTrace':
  [Fintype ε]
  [DecidableEq ι]
  [DecidableEq ε]
consider restructuring your `variable` declarations so that the variables are not in scope or explicitly omit them:
  omit [Fintype ε] [DecidableEq ι] [DecidableEq ε] in theorem ...
note: this linter can be disabled with `set_option linter.unusedSectionVars false`
warning: ././././CyclicBell/GeneralOperational.lean:36:0: automatically included section variable(s) unused in theorem 'CyclicBell.General.reducedE_positive':
  [DecidableEq ι]
  [DecidableEq ε]
consider restructuring your `variable` declarations so that the variables are not in scope or explicitly omit them:
  omit [DecidableEq ι] [DecidableEq ε] in theorem ...
note: this linter can be disabled with `set_option linter.unusedSectionVars false`
info: ././././CyclicBell/GeneralOperational.lean:52:2: Try this: ring_nf
warning: ././././CyclicBell/GeneralOperational.lean:66:0: automatically included section variable(s) unused in theorem 'CyclicBell.General.effectKernelE_on_state':
  [Fintype ε]
  [DecidableEq ι]
  [DecidableEq ε]
consider restructuring your `variable` declarations so that the variables are not in scope or explicitly omit them:
  omit [Fintype ε] [DecidableEq ι] [DecidableEq ε] in theorem ...
note: this linter can be disabled with `set_option linter.unusedSectionVars false`
warning: ././././CyclicBell/GeneralOperational.lean:71:0: automatically included section variable(s) unused in theorem 'CyclicBell.General.effectKernelE_smul':
  [Fintype ε]
  [DecidableEq ι]
  [DecidableEq ε]
consider restructuring your `variable` declarations so that the variables are not in scope or explicitly omit them:
  omit [Fintype ε] [DecidableEq ι] [DecidableEq ε] in theorem ...
note: this linter can be disabled with `set_option linter.unusedSectionVars false`
warning: ././././CyclicBell/GeneralOperational.lean:80:47: unused variable `hQ`
note: this linter can be disabled with `set_option linter.unusedVariables false`
warning: ././././CyclicBell/GeneralOperational.lean:81:31: unused variable `hq`
note: this linter can be disabled with `set_option linter.unusedVariables false`
warning: ././././CyclicBell/GeneralOperational.lean:81:44: unused variable `hRQ`
note: this linter can be disabled with `set_option linter.unusedVariables false`
warning: ././././CyclicBell/GeneralOperational.lean:131:0: automatically included section variable(s) unused in theorem 'CyclicBell.General.fixedGuess_positive':
  [NeZero d]
consider restructuring your `variable` declarations so that the variables are not in scope or explicitly omit them:
  omit [NeZero d] in theorem ...
note: this linter can be disabled with `set_option linter.unusedSectionVars false`
⚠ [2932/2938] Replayed CyclicBell.GeneralExposure
warning: ././././CyclicBell/GeneralExposure.lean:55:0: automatically included section variable(s) unused in theorem 'CyclicBell.General.exposure_constant_diagonal':
  [NeZero d]
consider restructuring your `variable` declarations so that the variables are not in scope or explicitly omit them:
  omit [NeZero d] in theorem ...
note: this linter can be disabled with `set_option linter.unusedSectionVars false`
warning: ././././CyclicBell/GeneralExposure.lean:95:53: unused variable `j`
note: this linter can be disabled with `set_option linter.unusedVariables false`
⚠ [2933/2938] Replayed CyclicBell.GeneralCycleCharpoly
warning: ././././CyclicBell/GeneralCycleCharpoly.lean:18:0: automatically included section variable(s) unused in theorem 'CyclicBell.General.cyclePrefixProduct_nonzero':
  [NeZero d]
consider restructuring your `variable` declarations so that the variables are not in scope or explicitly omit them:
  omit [NeZero d] in theorem ...
note: this linter can be disabled with `set_option linter.unusedSectionVars false`
warning: ././././CyclicBell/GeneralCycleCharpoly.lean:19:65: unused variable `r`
note: this linter can be disabled with `set_option linter.unusedVariables false`
warning: ././././CyclicBell/GeneralCycleCharpoly.lean:21:0: automatically included section variable(s) unused in theorem 'CyclicBell.General.cycle_natCast_eq_iff':
  [NeZero d]
consider restructuring your `variable` declarations so that the variables are not in scope or explicitly omit them:
  omit [NeZero d] in theorem ...
note: this linter can be disabled with `set_option linter.unusedSectionVars false`
✖ [2936/2944] Building CyclicBell.GeneralOneInput
trace: .> LEAN_PATH=././.lake/packages/Cli/.lake/build/lib/lean:././.lake/packages/batteries/.lake/build/lib/lean:././.lake/packages/Qq/.lake/build/lib/lean:././.lake/packages/aesop/.lake/build/lib/lean:././.lake/packages/proofwidgets/.lake/build/lib/lean:././.lake/packages/importGraph/.lake/build/lib/lean:././.lake/packages/LeanSearchClient/.lake/build/lib/lean:././.lake/packages/plausible/.lake/build/lib/lean:././.lake/packages/mathlib/.lake/build/lib/lean:././.lake/build/lib/lean /Users/alec/.elan/toolchains/leanprover--lean4---v4.19.0/bin/lean ././././CyclicBell/GeneralOneInput.lean -R ./././. -o ././.lake/build/lib/lean/CyclicBell/GeneralOneInput.olean -i ././.lake/build/lib/lean/CyclicBell/GeneralOneInput.ilean -c ././.lake/build/ir/CyclicBell/GeneralOneInput.c --json
warning: ././././CyclicBell/GeneralOneInput.lean:28:0: automatically included section variable(s) unused in theorem 'CyclicBell.General.oneConditional_nonnegative':
  [DecidableEq Y]
  [DecidableEq O]
consider restructuring your `variable` declarations so that the variables are not in scope or explicitly omit them:
  omit [DecidableEq Y] [DecidableEq O] in theorem ...
note: this linter can be disabled with `set_option linter.unusedSectionVars false`
warning: ././././CyclicBell/GeneralOneInput.lean:33:0: automatically included section variable(s) unused in theorem 'CyclicBell.General.oneConditional_normalized':
  [DecidableEq Y]
  [DecidableEq O]
consider restructuring your `variable` declarations so that the variables are not in scope or explicitly omit them:
  omit [DecidableEq Y] [DecidableEq O] in theorem ...
note: this linter can be disabled with `set_option linter.unusedSectionVars false`
warning: ././././CyclicBell/GeneralOneInput.lean:40:0: automatically included section variable(s) unused in theorem 'CyclicBell.General.zero_marginal_joint':
  [DecidableEq Y]
  [DecidableEq O]
  [(y : Y) → DecidableEq (B y)]
  [∀ (y : Y), Nonempty (B y)]
consider restructuring your `variable` declarations so that the variables are not in scope or explicitly omit them:
  omit [DecidableEq Y] [DecidableEq O] [(y : Y) → DecidableEq (B y)] [∀ (y : Y), Nonempty (B y)] in theorem ...
note: this linter can be disabled with `set_option linter.unusedSectionVars false`
warning: ././././CyclicBell/GeneralOneInput.lean:51:0: automatically included section variable(s) unused in theorem 'CyclicBell.General.dependent_product_normalization':
  [(y : Y) → DecidableEq (B y)]
  [∀ (y : Y), Nonempty (B y)]
consider restructuring your `variable` declarations so that the variables are not in scope or explicitly omit them:
  omit [(y : Y) → DecidableEq (B y)] [∀ (y : Y), Nonempty (B y)] in theorem ...
note: this linter can be disabled with `set_option linter.unusedSectionVars false`
warning: ././././CyclicBell/GeneralOneInput.lean:68:0: automatically included section variable(s) unused in theorem 'CyclicBell.General.assignment_product_split':
  [(y : Y) → Fintype (B y)]
  [(y : Y) → DecidableEq (B y)]
  [∀ (y : Y), Nonempty (B y)]
consider restructuring your `variable` declarations so that the variables are not in scope or explicitly omit them:
  omit [(y : Y) → Fintype (B y)] [(y : Y) → DecidableEq (B y)] [∀ (y : Y), Nonempty (B y)] in theorem ...
note: this linter can be disabled with `set_option linter.unusedSectionVars false`
error: ././././CyclicBell/GeneralOneInput.lean:83:2: simp made no progress
error: ././././CyclicBell/GeneralOneInput.lean:116:13: simp made no progress
error: ././././CyclicBell/GeneralOneInput.lean:132:2: tactic 'split_ifs' failed, no if-then-else conditions to split
case h
L : Type u_4
Aout : Type u_5
inst✝³ : Fintype L
inst✝² : DecidableEq L
inst✝¹ : Fintype Aout
inst✝ : DecidableEq Aout
f : L → Aout
a : Aout
label : L
⊢ 0 label ≤ (fun label => if f label = a then 1 else 0) label
error: ././././CyclicBell/GeneralOneInput.lean:137:25: tactic 'split_ifs' failed, no if-then-else conditions to split
case h
L : Type u_4
Aout : Type u_5
inst✝³ : Fintype L
inst✝² : DecidableEq L
inst✝¹ : Fintype Aout
inst✝ : DecidableEq Aout
f : L → Aout
a : Aout
label : L
⊢ Matrix.diagonal (fun i => (if f i = a then 1 else 0) * if f i = a then 1 else 0) label =
    Matrix.diagonal (fun label => if f label = a then 1 else 0) label
error: ././././CyclicBell/GeneralOneInput.lean:144:2: tactic 'split_ifs' failed, no if-then-else conditions to split
case pos
L : Type u_4
Aout : Type u_5
inst✝³ : Fintype L
inst✝² : DecidableEq L
inst✝¹ : Fintype Aout
inst✝ : DecidableEq Aout
f : L → Aout
a b : Aout
hab : a ≠ b
label μ : L
h : label = μ
⊢ f μ = b → ¬f μ = a
error: ././././CyclicBell/GeneralOneInput.lean:146:76: unsolved goals
case pos
L : Type u_4
Aout : Type u_5
inst✝³ : Fintype L
inst✝² : DecidableEq L
inst✝¹ : Fintype Aout
inst✝ : DecidableEq Aout
f : L → Aout
label μ : L
h : label = μ
⊢ (∑ x, Matrix.diagonal fun label => if f label = x then 1 else 0) μ μ = 1

case neg
L : Type u_4
Aout : Type u_5
inst✝³ : Fintype L
inst✝² : DecidableEq L
inst✝¹ : Fintype Aout
inst✝ : DecidableEq Aout
f : L → Aout
label μ : L
h : ¬label = μ
⊢ (∑ x, Matrix.diagonal fun label => if f label = x then 1 else 0) label μ = 0
error: ././././CyclicBell/GeneralOneInput.lean:155:71: unsolved goals
L : Type u_4
inst✝¹ : Fintype L
inst✝ : DecidableEq L
μ : L → ℝ
hμ : ∀ (label : L), 0 ≤ μ label
hn : ∑ label, μ label = 1
⊢ ∑ x, ∑ x_1, ∑ x_2, Complex.normSq (if x = x_1 ∧ x = x_2 then ↑√(μ x) else 0) = 1
error: ././././CyclicBell/GeneralOneInput.lean:163:64: unsolved goals
L : Type u_4
Aout : Type u_5
Bout : Type u_6
inst✝⁵ : Fintype L
inst✝⁴ : DecidableEq L
inst✝³ : Fintype Aout
inst✝² : DecidableEq Aout
inst✝¹ : Fintype Bout
inst✝ : DecidableEq Bout
μ : L → ℝ
hμ : ∀ (label : L), 0 ≤ μ label
fa : L → Aout
fb : L → Bout
a : Aout
b : Bout
⊢ ∑ x,
      ∑ i,
        (if fb i = b then
            if fa x = a then
              ∑ x_1, if x = i ∧ x = x_1 then ↑√(μ x) * (starRingEnd ℂ) (if x = i ∧ x = x_1 then ↑√(μ x) else 0) else 0
            else 0
          else 0).re =
    ∑ label, if fa label = a ∧ fb label = b then μ label else 0
error: ././././CyclicBell/GeneralOneInput.lean:175:93: unsolved goals
case a
L : Type u_4
Aout : Type u_5
Bout : Type u_6
inst✝⁵ : Fintype L
inst✝⁴ : DecidableEq L
inst✝³ : Fintype Aout
inst✝² : DecidableEq Aout
inst✝¹ : Fintype Bout
inst✝ : DecidableEq Bout
μ : L → ℝ
hμ : ∀ (label : L), 0 ≤ μ label
fa : L → Aout
fb : L → Bout
a : Aout
b : Bout
e f : L
⊢ (∑ x,
      ∑ x_1,
        if fb x_1 = b then
          if fa x = a then
            if x = x_1 ∧ x = e then
              ↑√(μ x) *
                ∑ x_2,
                  ∑ x_3,
                    (starRingEnd ℂ)
                        (if x_1 = x_3 then if fb x_1 = b then if x = x_2 then if fa x = a then 1 else 0 else 0 else 0
                        else 0) *
                      (starRingEnd ℂ) (if x_2 = x_3 ∧ x_2 = f then ↑√(μ x_2) else 0)
            else 0
          else 0
        else 0) =
    if e = f then if fa e = a ∧ fb e = b then ↑(μ e) else 0 else 0
error: ././././CyclicBell/GeneralOneInput.lean:186:6: tactic 'rewrite' failed, did not find instance of the pattern in the target expression
  ∑ x, ∑ y, ?f (x, y)
L : Type u_4
Aout : Type u_5
Bout : Type u_6
inst✝⁵ : Fintype L
inst✝⁴ : DecidableEq L
inst✝³ : Fintype Aout
inst✝² : DecidableEq Aout
inst✝¹ : Fintype Bout
inst✝ : DecidableEq Bout
fa : L → Aout
fb : L → Bout
⊢ ∑ a, ∑ b, storedEveGuess fa fb a b = 1
error: ././././CyclicBell/GeneralOneInput.lean:199:2: type mismatch, term
  hn
after simplification has type
  ∑ label, μ label = 1 : Prop
but is expected to have type
  ∑ x, ∑ x_1, ∑ x_2, (if fa x = x_2 ∧ fb x = x_1 then if fa x = x_2 ∧ fb x = x_1 then ↑(μ x) else 0 else 0).re =
    1 : Prop
error: Lean exited with code 1
✖ [2938/2944] Building CyclicBell.GeneralBinary
trace: .> LEAN_PATH=././.lake/packages/Cli/.lake/build/lib/lean:././.lake/packages/batteries/.lake/build/lib/lean:././.lake/packages/Qq/.lake/build/lib/lean:././.lake/packages/aesop/.lake/build/lib/lean:././.lake/packages/proofwidgets/.lake/build/lib/lean:././.lake/packages/importGraph/.lake/build/lib/lean:././.lake/packages/LeanSearchClient/.lake/build/lib/lean:././.lake/packages/plausible/.lake/build/lib/lean:././.lake/packages/mathlib/.lake/build/lib/lean:././.lake/build/lib/lean /Users/alec/.elan/toolchains/leanprover--lean4---v4.19.0/bin/lean ././././CyclicBell/GeneralBinary.lean -R ./././. -o ././.lake/build/lib/lean/CyclicBell/GeneralBinary.olean -i ././.lake/build/lib/lean/CyclicBell/GeneralBinary.ilean -c ././.lake/build/ir/CyclicBell/GeneralBinary.c --json
warning: ././././CyclicBell/GeneralBinary.lean:117:0: automatically included section variable(s) unused in theorem 'CyclicBell.General.effectKernelE_add':
  [Fintype ε]
  [DecidableEq ι]
  [DecidableEq ε]
consider restructuring your `variable` declarations so that the variables are not in scope or explicitly omit them:
  omit [Fintype ε] [DecidableEq ι] [DecidableEq ε] in theorem ...
note: this linter can be disabled with `set_option linter.unusedSectionVars false`
error: ././././CyclicBell/GeneralBinary.lean:126:6: tactic 'rewrite' failed, did not find instance of the pattern in the target expression
  ∑ x ∈ ?m.21419, ∑ y ∈ ?m.21420, ?m.21421 x y
case a
ι : Type u_1
ε : Type u_2
inst✝³ : Fintype ι
inst✝² : Fintype ε
inst✝¹ : DecidableEq ι
inst✝ : DecidableEq ε
T : Matrix ι ε ℂ
X : Mat ι
e f : ε
⊢ ∑ x, T x e * ∑ x_1, star (X x x_1) * star (T x_1 f) = ∑ x, (∑ x_1, T x_1 e * star (X x_1 x)) * star (T x f)
error: ././././CyclicBell/GeneralBinary.lean:138:4: type mismatch, term
  hh
after simplification has type
  Matrix.map S ⇑(starRingEnd ℂ) * T.map ⇑(starRingEnd ℂ) = T.map ⇑(starRingEnd ℂ) : Prop
but is expected to have type
  Sᵀ * T.map ⇑(starRingEnd ℂ) = T.map ⇑(starRingEnd ℂ) : Prop
error: ././././CyclicBell/GeneralBinary.lean:154:2: ring failed, ring expressions not equal
ι : Type u_1
ε : Type u_2
inst✝³ : Fintype ι
inst✝² : Fintype ε
inst✝¹ : DecidableEq ι
inst✝ : DecidableEq ε
T : Matrix ι ε ℂ
S X : Mat ι
hS : Matrix.IsHermitian S
hST : S * T = T
hanti : (S * X + X * S) * T = 0
he : S * X * T = -1 • (X * T)
h₁ : effectKernelE T X = -1 • effectKernelE T X
e f : ε
h : effectKernelE T X e f = -1 * effectKernelE T X e f
⊢ -0 e f = 0
error: ././././CyclicBell/GeneralBinary.lean:189:4: type mismatch, term
  hh
after simplification has type
  (↑√3)⁻¹ • √3 • (A₀ * T) - (↑√3)⁻¹ • (B₀ * T) + ((↑√3)⁻¹ * 2) • (B₁ * T) = 0 : Prop
but is expected to have type
  (↑√3)⁻¹ • (B₀ * T) - ((↑√3)⁻¹ * 2) • (B₁ * T) = A₀ * T : Prop
error: ././././CyclicBell/GeneralBinary.lean:200:63: unsolved goals
case a
ι : Type u_1
ε : Type u_2
inst✝³ : Fintype ι
inst✝² : Fintype ε
inst✝¹ : DecidableEq ι
inst✝ : DecidableEq ε
T : Matrix ι ε ℂ
A₀ A₁ B₀ B₁ : Mat ι
hA₀ : HermitianInvolution A₀
hA₁ : HermitianInvolution A₁
hB₀ : HermitianInvolution B₀
hB₁ : HermitianInvolution B₁
hr₀ : binaryResidual₀ A₀ B₀ B₁ * T = 0
hr₁ : binaryResidual₁ A₁ B₀ B₁ * T = 0
hs : ↑√3 ≠ 0
hc00 : A₀ * B₀ = B₀ * A₀
hc01 : A₀ * B₁ = B₁ * A₀
hc10 : A₁ * B₀ = B₀ * A₁
hc11 : A₁ * B₁ = B₁ * A₁
hratio : ↑√3 / 3 = 1 / ↑√3
hb : B₀ * T = binaryXA A₀ A₁ * T
hz : binaryZB B₀ B₁ * T = A₀ * T
hXB : binaryXA A₀ A₁ * B₀ = B₀ * binaryXA A₀ A₁
hZA : binaryZB B₀ B₁ * A₀ = A₀ * binaryZB B₀ B₁
hXX : binaryXA A₀ A₁ * binaryXA A₀ A₁ * T = T
hZZ : binaryZB B₀ B₁ * binaryZB B₀ B₁ * T = T
i j : ι
⊢ 1 i j * ↑√3 ^ 5 * 2 + ↑√3 ^ 5 * (A₀ * A₁) i j * 2 + ↑√3 ^ 5 * (A₁ * A₀) i j * 2 =
    1 i j * ↑√3 ^ 5 * 5 - 1 i j * ↑√3 ^ 7 + ↑√3 ^ 5 * (A₀ * A₁) i j * 2 + ↑√3 ^ 5 * (A₁ * A₀) i j * 2
error: ././././CyclicBell/GeneralBinary.lean:211:63: unsolved goals
case a
ι : Type u_1
ε : Type u_2
inst✝³ : Fintype ι
inst✝² : Fintype ε
inst✝¹ : DecidableEq ι
inst✝ : DecidableEq ε
T : Matrix ι ε ℂ
A₀ A₁ B₀ B₁ : Mat ι
hA₀ : HermitianInvolution A₀
hA₁ : HermitianInvolution A₁
hB₀ : HermitianInvolution B₀
hB₁ : HermitianInvolution B₁
hr₀ : binaryResidual₀ A₀ B₀ B₁ * T = 0
hr₁ : binaryResidual₁ A₁ B₀ B₁ * T = 0
hs : ↑√3 ≠ 0
hc00 : A₀ * B₀ = B₀ * A₀
hc01 : A₀ * B₁ = B₁ * A₀
hc10 : A₁ * B₀ = B₀ * A₁
hc11 : A₁ * B₁ = B₁ * A₁
hratio : ↑√3 / 3 = 1 / ↑√3
hb : B₀ * T = binaryXA A₀ A₁ * T
hz : binaryZB B₀ B₁ * T = A₀ * T
hXB : binaryXA A₀ A₁ * B₀ = B₀ * binaryXA A₀ A₁
hZA : binaryZB B₀ B₁ * A₀ = A₀ * binaryZB B₀ B₁
hXX : binaryXA A₀ A₁ * binaryXA A₀ A₁ * T = T
hZZ : binaryZB B₀ B₁ * binaryZB B₀ B₁ * T = T
hxpoly : A₀ * binaryXA A₀ A₁ + binaryXA A₀ A₁ * A₀ = ↑√3 • (binaryXA A₀ A₁ * binaryXA A₀ A₁ - 1)
i j : ι
⊢ 1 i j * ↑√3 ^ 5 * 2 + (-(↑√3 ^ 5 * (B₁ * B₀) i j * 2) - ↑√3 ^ 5 * (B₀ * B₁) i j * 2) =
    1 i j * ↑√3 ^ 5 * 5 - 1 i j * ↑√3 ^ 7 + (-(↑√3 ^ 5 * (B₁ * B₀) i j * 2) - ↑√3 ^ 5 * (B₀ * B₁) i j * 2)
error: ././././CyclicBell/GeneralBinary.lean:252:15: tactic 'rewrite' failed, did not find instance of the pattern in the target expression
  B₀ * A₀
ι : Type u_1
ε : Type u_2
inst✝³ : Fintype ι
inst✝² : Fintype ε
inst✝¹ : DecidableEq ι
inst✝ : DecidableEq ε
T : Matrix ι ε ℂ
A₀ A₁ B₀ B₁ : Mat ι
hA₀ : HermitianInvolution A₀
hA₁ : HermitianInvolution A₁
hB₀ : HermitianInvolution B₀
hB₁ : HermitianInvolution B₁
hr₀ : binaryResidual₀ A₀ B₀ B₁ * T = 0
hr₁ : binaryResidual₁ A₁ B₀ B₁ * T = 0
hb : B₀ * T = binaryXA A₀ A₁ * T
hz : binaryZB B₀ B₁ * T = A₀ * T
hXX : binaryXA A₀ A₁ * binaryXA A₀ A₁ * T = T
hZZ : binaryZB B₀ B₁ * binaryZB B₀ B₁ * T = T
hantiX : (A₀ * binaryXA A₀ A₁ + binaryXA A₀ A₁ * A₀) * T = 0
hantiZ : (binaryZB B₀ B₁ * B₀ + B₀ * binaryZB B₀ B₁) * T = 0
hX : Matrix.IsHermitian (binaryXA A₀ A₁)
hZ : Matrix.IsHermitian (binaryZB B₀ B₁)
hc00 : A₀ * B₀ = B₀ * A₀
hc01 : A₀ * B₁ = B₁ * A₀
hc10 : A₁ * B₀ = B₀ * A₁
hc11 : A₁ * B₁ = B₁ * A₁
hXB : binaryXA A₀ A₁ * B₀ = B₀ * binaryXA A₀ A₁
hZA : binaryZB B₀ B₁ * A₀ = A₀ * binaryZB B₀ B₁
hSA : (binaryXA A₀ A₁ * B₀).IsHermitian
hSB : (A₀ * binaryZB B₀ B₁).IsHermitian
hSAT : binaryXA A₀ A₁ * B₀ * T = T
hSBT : A₀ * binaryZB B₀ B₁ * T = T
⊢ (binaryXA A₀ A₁ * B₀ * A₀ + A₀ * (binaryXA A₀ A₁ * B₀)) * T = B₀ * ((binaryXA A₀ A₁ * A₀ + A₀ * binaryXA A₀ A₁) * T)
error: ././././CyclicBell/GeneralBinary.lean:256:15: tactic 'rewrite' failed, did not find instance of the pattern in the target expression
  B₀ * A₀
ι : Type u_1
ε : Type u_2
inst✝³ : Fintype ι
inst✝² : Fintype ε
inst✝¹ : DecidableEq ι
inst✝ : DecidableEq ε
T : Matrix ι ε ℂ
A₀ A₁ B₀ B₁ : Mat ι
hA₀ : HermitianInvolution A₀
hA₁ : HermitianInvolution A₁
hB₀ : HermitianInvolution B₀
hB₁ : HermitianInvolution B₁
hr₀ : binaryResidual₀ A₀ B₀ B₁ * T = 0
hr₁ : binaryResidual₁ A₁ B₀ B₁ * T = 0
hb : B₀ * T = binaryXA A₀ A₁ * T
hz : binaryZB B₀ B₁ * T = A₀ * T
hXX : binaryXA A₀ A₁ * binaryXA A₀ A₁ * T = T
hZZ : binaryZB B₀ B₁ * binaryZB B₀ B₁ * T = T
hantiX : (A₀ * binaryXA A₀ A₁ + binaryXA A₀ A₁ * A₀) * T = 0
hantiZ : (binaryZB B₀ B₁ * B₀ + B₀ * binaryZB B₀ B₁) * T = 0
hX : Matrix.IsHermitian (binaryXA A₀ A₁)
hZ : Matrix.IsHermitian (binaryZB B₀ B₁)
hc00 : A₀ * B₀ = B₀ * A₀
hc01 : A₀ * B₁ = B₁ * A₀
hc10 : A₁ * B₀ = B₀ * A₁
hc11 : A₁ * B₁ = B₁ * A₁
hXB : binaryXA A₀ A₁ * B₀ = B₀ * binaryXA A₀ A₁
hZA : binaryZB B₀ B₁ * A₀ = A₀ * binaryZB B₀ B₁
hSA : (binaryXA A₀ A₁ * B₀).IsHermitian
hSB : (A₀ * binaryZB B₀ B₁).IsHermitian
hSAT : binaryXA A₀ A₁ * B₀ * T = T
hSBT : A₀ * binaryZB B₀ B₁ * T = T
hSAanti : (binaryXA A₀ A₁ * B₀ * A₀ + A₀ * (binaryXA A₀ A₁ * B₀)) * T = 0
⊢ (A₀ * binaryZB B₀ B₁ * B₀ + B₀ * (A₀ * binaryZB B₀ B₁)) * T = A₀ * ((binaryZB B₀ B₁ * B₀ + B₀ * binaryZB B₀ B₁) * T)
error: ././././CyclicBell/GeneralBinary.lean:275:2: ring failed, ring expressions not equal
ι : Type u_1
ε : Type u_2
inst✝³ : Fintype ι
inst✝² : Fintype ε
inst✝¹ : DecidableEq ι
inst✝ : DecidableEq ε
T : Matrix ι ε ℂ
A₀ A₁ B₀ B₁ : Mat ι
hA₀ : HermitianInvolution A₀
hA₁ : HermitianInvolution A₁
hB₀ : HermitianInvolution B₀
hB₁ : HermitianInvolution B₁
hr₀ : binaryResidual₀ A₀ B₀ B₁ * T = 0
hr₁ : binaryResidual₁ A₁ B₀ B₁ * T = 0
hb : B₀ * T = binaryXA A₀ A₁ * T
hz : binaryZB B₀ B₁ * T = A₀ * T
hXX : binaryXA A₀ A₁ * binaryXA A₀ A₁ * T = T
hZZ : binaryZB B₀ B₁ * binaryZB B₀ B₁ * T = T
hantiX : (A₀ * binaryXA A₀ A₁ + binaryXA A₀ A₁ * A₀) * T = 0
hantiZ : (binaryZB B₀ B₁ * B₀ + B₀ * binaryZB B₀ B₁) * T = 0
hX : Matrix.IsHermitian (binaryXA A₀ A₁)
hZ : Matrix.IsHermitian (binaryZB B₀ B₁)
hc00 : A₀ * B₀ = B₀ * A₀
hc01 : A₀ * B₁ = B₁ * A₀
hc10 : A₁ * B₀ = B₀ * A₁
hc11 : A₁ * B₁ = B₁ * A₁
hXB : binaryXA A₀ A₁ * B₀ = B₀ * binaryXA A₀ A₁
hZA : binaryZB B₀ B₁ * A₀ = A₀ * binaryZB B₀ B₁
hSA : (binaryXA A₀ A₁ * B₀).IsHermitian
hSB : (A₀ * binaryZB B₀ B₁).IsHermitian
hSAT : binaryXA A₀ A₁ * B₀ * T = T
hSBT : A₀ * binaryZB B₀ B₁ * T = T
hSAanti : (binaryXA A₀ A₁ * B₀ * A₀ + A₀ * (binaryXA A₀ A₁ * B₀)) * T = 0
hSBanti : (A₀ * binaryZB B₀ B₁ * B₀ + B₀ * (A₀ * binaryZB B₀ B₁)) * T = 0
hroute : A₀ * B₀ * T = A₀ * binaryXA A₀ A₁ * T
hjoint : effectKernelE T (A₀ * B₀) = effectKernelE T (A₀ * binaryXA A₀ A₁)
hjHerm : -1 • effectKernelE T (A₀ * binaryXA A₀ A₁) = effectKernelE T (A₀ * binaryXA A₀ A₁)
hanti : binaryXA A₀ A₁ * A₀ * T = -1 • (A₀ * binaryXA A₀ A₁) * T
hk : effectKernelE T (binaryXA A₀ A₁ * A₀) = -1 • effectKernelE T (A₀ * binaryXA A₀ A₁)
e f : ε
hh : -1 * effectKernelE T (A₀ * binaryXA A₀ A₁) e f = effectKernelE T (A₀ * binaryXA A₀ A₁) e f
⊢ -0 e f = 0
warning: ././././CyclicBell/GeneralBinary.lean:280:0: automatically included section variable(s) unused in theorem 'CyclicBell.General.binaryEffect_hermitian':
  [Fintype ι]
consider restructuring your `variable` declarations so that the variables are not in scope or explicitly omit them:
  omit [Fintype ι] in theorem ...
note: this linter can be disabled with `set_option linter.unusedSectionVars false`
warning: ././././CyclicBell/GeneralBinary.lean:295:0: automatically included section variable(s) unused in theorem 'CyclicBell.General.binaryEffect_complete':
  [Fintype ι]
consider restructuring your `variable` declarations so that the variables are not in scope or explicitly omit them:
  omit [Fintype ι] in theorem ...
note: this linter can be disabled with `set_option linter.unusedSectionVars false`
error: ././././CyclicBell/GeneralBinary.lean:329:32: tactic 'rewrite' failed, did not find instance of the pattern in the target expression
  binaryEffect B₀ b * binaryEffect A₀ a
ι : Type u_1
ε : Type u_2
inst✝³ : Fintype ι
inst✝² : Fintype ε
inst✝¹ : DecidableEq ι
inst✝ : DecidableEq ε
T : Matrix ι ε ℂ
hT : frobeniusSq T = 1
A₀ A₁ B₀ B₁ : Mat ι
hA₀ : HermitianInvolution A₀
hA₁ : HermitianInvolution A₁
hB₀ : HermitianInvolution B₀
hB₁ : HermitianInvolution B₁
hc : BinaryCross A₀ A₁ B₀ B₁
hsat : stateEval (T * Tᴴ) (binaryScoreOperator A₀ A₁ B₀ B₁) = 3 * √3
hr₀ : binaryResidual₀ A₀ B₀ B₁ * T = 0
hr₁ : binaryResidual₁ A₁ B₀ B₁ * T = 0
hmA : effectKernelE T A₀ = 0
hmB : effectKernelE T B₀ = 0
hmAB : effectKernelE T (A₀ * B₀) = 0
a b : Fin 2
hcomm : binaryEffect A₀ a * binaryEffect B₀ b = binaryEffect B₀ b * binaryEffect A₀ a
hHerm : (binaryEffect A₀ a * binaryEffect B₀ b).IsHermitian
⊢ binaryEffect A₀ a * (binaryEffect B₀ b * (binaryEffect A₀ a * binaryEffect B₀ b)) =
    binaryEffect A₀ a * binaryEffect A₀ a * (binaryEffect B₀ b * binaryEffect B₀ b)
error: Lean exited with code 1
Some required builds logged failures:
- CyclicBell.GeneralOneInput
- CyclicBell.GeneralBinary
error: build failed
