⚠ [2824/2826] Built CyclicBell.ScalarData
warning: ././././CyclicBell/ScalarData.lean:126:75: Used `tac1 <;> tac2` where `(tac1; tac2)` would suffice
note: this linter can be disabled with `set_option linter.unnecessarySeqFocus false`
warning: ././././CyclicBell/ScalarData.lean:260:12: Used `tac1 <;> tac2` where `(tac1; tac2)` would suffice
note: this linter can be disabled with `set_option linter.unnecessarySeqFocus false`
warning: ././././CyclicBell/ScalarData.lean:280:34: Used `tac1 <;> tac2` where `(tac1; tac2)` would suffice
note: this linter can be disabled with `set_option linter.unnecessarySeqFocus false`
warning: ././././CyclicBell/ScalarData.lean:285:66: Used `tac1 <;> tac2` where `(tac1; tac2)` would suffice
note: this linter can be disabled with `set_option linter.unnecessarySeqFocus false`
✖ [2825/2826] Building CyclicBell.D4
trace: .> LEAN_PATH=././.lake/packages/Cli/.lake/build/lib/lean:././.lake/packages/batteries/.lake/build/lib/lean:././.lake/packages/Qq/.lake/build/lib/lean:././.lake/packages/aesop/.lake/build/lib/lean:././.lake/packages/proofwidgets/.lake/build/lib/lean:././.lake/packages/importGraph/.lake/build/lib/lean:././.lake/packages/LeanSearchClient/.lake/build/lib/lean:././.lake/packages/plausible/.lake/build/lib/lean:././.lake/packages/mathlib/.lake/build/lib/lean:././.lake/build/lib/lean /Users/alec/.elan/toolchains/leanprover--lean4---v4.19.0/bin/lean ././././CyclicBell/D4.lean -R ./././. -o ././.lake/build/lib/lean/CyclicBell/D4.olean -i ././.lake/build/lib/lean/CyclicBell/D4.ilean -c ././.lake/build/ir/CyclicBell/D4.c --json
error: ././././CyclicBell/D4.lean:66:69: linarith failed to find a contradiction
case «1».a.h1.h
a✝ : (![1, ↑h + ↑h * Complex.I, -1, -↑h + ↑h * Complex.I] 2).re < -(h * h) - h * h
⊢ False failed
error: ././././CyclicBell/D4.lean:66:69: linarith failed to find a contradiction
case «1».a.h1.h
a✝ : (![1, ↑h + ↑h * Complex.I, -1, -↑h + ↑h * Complex.I] 2).im < 0
⊢ False failed
error: ././././CyclicBell/D4.lean:66:69: linarith failed to find a contradiction
case «2».a.h1.h
a✝ : (![1, ↑h + ↑h * Complex.I, -1, -↑h + ↑h * Complex.I] (⟨2, ⋯⟩ + 1)).re < -h
⊢ False failed
error: ././././CyclicBell/D4.lean:66:69: linarith failed to find a contradiction
case «2».a.h1.h
a✝ : (![1, ↑h + ↑h * Complex.I, -1, -↑h + ↑h * Complex.I] (⟨2, ⋯⟩ + 1)).im < h
⊢ False failed
error: ././././CyclicBell/D4.lean:66:69: linarith failed to find a contradiction
case «3».a.h1.h
a✝ : (![1, ↑h + ↑h * Complex.I, -1, -↑h + ↑h * Complex.I] (⟨3, ⋯⟩ + 1)).re < h * h + h * h
⊢ False failed
error: ././././CyclicBell/D4.lean:66:69: linarith failed to find a contradiction
case «3».a.h1.h
a✝ : (![1, ↑h + ↑h * Complex.I, -1, -↑h + ↑h * Complex.I] (⟨3, ⋯⟩ + 1)).im < 0
⊢ False failed
error: ././././CyclicBell/D4.lean:73:43: unsolved goals
⊢ 4 * (((starRingEnd ℂ) 2)⁻¹ * (1 / 2)) = 1
error: ././././CyclicBell/D4.lean:86:55: unsolved goals
case a.«_@».Mathlib.Data.Matrix.Defs._hyg.155.«0».«0»
⊢ 1 / 4 +
        (1 / 4 +
          ((![1, 1, 1, 1] 2).re / 2 * ((![1, 1, 1, 1] 2).re / 2) -
              (![1, 1, 1, 1] 2).im / 2 * (-(![1, 1, 1, 1] 2).im / 2) +
            ((![1, 1, 1] 2).re / 2 * ((![1, 1, 1] 2).re / 2) - (![1, 1, 1] 2).im / 2 * (-(![1, 1, 1] 2).im / 2)))) =
      1 ∧
    (![1, 1, 1, 1] 2).re / 2 * (-(![1, 1, 1, 1] 2).im / 2) + (![1, 1, 1, 1] 2).im / 2 * ((![1, 1, 1, 1] 2).re / 2) +
        ((![1, 1, 1] 2).re / 2 * (-(![1, 1, 1] 2).im / 2) + (![1, 1, 1] 2).im / 2 * ((![1, 1, 1] 2).re / 2)) =
      0

case a.«_@».Mathlib.Data.Matrix.Defs._hyg.155.«0».«1»
⊢ 1 / 4 +
        ((![1, 1, 1, 1] 2).re / 2 * ((![1, -Complex.I, -1, Complex.I] 2).re / 2) -
            (![1, 1, 1, 1] 2).im / 2 * (-(![1, -Complex.I, -1, Complex.I] 2).im / 2) +
          ((![1, 1, 1] 2).re / 2 * ((![-Complex.I, -1, Complex.I] 2).re / 2) -
            (![1, 1, 1] 2).im / 2 * (-(![-Complex.I, -1, Complex.I] 2).im / 2))) =
      0 ∧
    1 / 4 +
        ((![1, 1, 1, 1] 2).re / 2 * (-(![1, -Complex.I, -1, Complex.I] 2).im / 2) +
            (![1, 1, 1, 1] 2).im / 2 * ((![1, -Complex.I, -1, Complex.I] 2).re / 2) +
          ((![1, 1, 1] 2).re / 2 * (-(![-Complex.I, -1, Complex.I] 2).im / 2) +
            (![1, 1, 1] 2).im / 2 * ((![-Complex.I, -1, Complex.I] 2).re / 2))) =
      0

case a.«_@».Mathlib.Data.Matrix.Defs._hyg.155.«0».«2»
⊢ (![1, 1, 1, 1] 2).re / 2 * ((![1, -1, 1, -1] 2).re / 2) - (![1, 1, 1, 1] 2).im / 2 * (-(![1, -1, 1, -1] 2).im / 2) +
        ((![1, 1, 1] 2).re / 2 * ((![-1, 1, -1] 2).re / 2) - (![1, 1, 1] 2).im / 2 * (-(![-1, 1, -1] 2).im / 2)) =
      0 ∧
    (![1, 1, 1, 1] 2).re / 2 * (-(![1, -1, 1, -1] 2).im / 2) + (![1, 1, 1, 1] 2).im / 2 * ((![1, -1, 1, -1] 2).re / 2) +
        ((![1, 1, 1] 2).re / 2 * (-(![-1, 1, -1] 2).im / 2) + (![1, 1, 1] 2).im / 2 * ((![-1, 1, -1] 2).re / 2)) =
      0

case a.«_@».Mathlib.Data.Matrix.Defs._hyg.155.«0».«3»
⊢ 1 / 4 +
        ((![1, 1, 1, 1] 2).re / 2 * ((![1, Complex.I, -1, -Complex.I] 2).re / 2) -
            (![1, 1, 1, 1] 2).im / 2 * (-(![1, Complex.I, -1, -Complex.I] 2).im / 2) +
          ((![1, 1, 1] 2).re / 2 * ((![Complex.I, -1, -Complex.I] 2).re / 2) -
            (![1, 1, 1] 2).im / 2 * (-(![Complex.I, -1, -Complex.I] 2).im / 2))) =
      0 ∧
    -(1 / 4) +
        ((![1, 1, 1, 1] 2).re / 2 * (-(![1, Complex.I, -1, -Complex.I] 2).im / 2) +
            (![1, 1, 1, 1] 2).im / 2 * ((![1, Complex.I, -1, -Complex.I] 2).re / 2) +
          ((![1, 1, 1] 2).re / 2 * (-(![Complex.I, -1, -Complex.I] 2).im / 2) +
            (![1, 1, 1] 2).im / 2 * ((![Complex.I, -1, -Complex.I] 2).re / 2))) =
      0

case a.«_@».Mathlib.Data.Matrix.Defs._hyg.155.«1».«0»
⊢ 1 / 4 +
        ((![1, -Complex.I, -1, Complex.I] 2).re / 2 * ((![1, 1, 1, 1] 2).re / 2) -
            (![1, -Complex.I, -1, Complex.I] 2).im / 2 * (-(![1, 1, 1, 1] 2).im / 2) +
          ((![-Complex.I, -1, Complex.I] 2).re / 2 * ((![1, 1, 1] 2).re / 2) -
            (![-Complex.I, -1, Complex.I] 2).im / 2 * (-(![1, 1, 1] 2).im / 2))) =
      0 ∧
    -(1 / 4) +
        ((![1, -Complex.I, -1, Complex.I] 2).re / 2 * (-(![1, 1, 1, 1] 2).im / 2) +
            (![1, -Complex.I, -1, Complex.I] 2).im / 2 * ((![1, 1, 1, 1] 2).re / 2) +
          ((![-Complex.I, -1, Complex.I] 2).re / 2 * (-(![1, 1, 1] 2).im / 2) +
            (![-Complex.I, -1, Complex.I] 2).im / 2 * ((![1, 1, 1] 2).re / 2))) =
      0

case a.«_@».Mathlib.Data.Matrix.Defs._hyg.155.«1».«1»
⊢ 1 / 4 +
        (1 / 4 +
          ((![1, -Complex.I, -1, Complex.I] 2).re / 2 * ((![1, -Complex.I, -1, Complex.I] 2).re / 2) -
              (![1, -Complex.I, -1, Complex.I] 2).im / 2 * (-(![1, -Complex.I, -1, Complex.I] 2).im / 2) +
            ((![-Complex.I, -1, Complex.I] 2).re / 2 * ((![-Complex.I, -1, Complex.I] 2).re / 2) -
              (![-Complex.I, -1, Complex.I] 2).im / 2 * (-(![-Complex.I, -1, Complex.I] 2).im / 2)))) =
      1 ∧
    (![1, -Complex.I, -1, Complex.I] 2).re / 2 * (-(![1, -Complex.I, -1, Complex.I] 2).im / 2) +
          (![1, -Complex.I, -1, Complex.I] 2).im / 2 * ((![1, -Complex.I, -1, Complex.I] 2).re / 2) +
        ((![-Complex.I, -1, Complex.I] 2).re / 2 * (-(![-Complex.I, -1, Complex.I] 2).im / 2) +
          (![-Complex.I, -1, Complex.I] 2).im / 2 * ((![-Complex.I, -1, Complex.I] 2).re / 2)) =
      0

case a.«_@».Mathlib.Data.Matrix.Defs._hyg.155.«1».«2»
⊢ 1 / 4 +
        ((![1, -Complex.I, -1, Complex.I] 2).re / 2 * ((![1, -1, 1, -1] 2).re / 2) -
            (![1, -Complex.I, -1, Complex.I] 2).im / 2 * (-(![1, -1, 1, -1] 2).im / 2) +
          ((![-Complex.I, -1, Complex.I] 2).re / 2 * ((![-1, 1, -1] 2).re / 2) -
            (![-Complex.I, -1, Complex.I] 2).im / 2 * (-(![-1, 1, -1] 2).im / 2))) =
      0 ∧
    1 / 4 +
        ((![1, -Complex.I, -1, Complex.I] 2).re / 2 * (-(![1, -1, 1, -1] 2).im / 2) +
            (![1, -Complex.I, -1, Complex.I] 2).im / 2 * ((![1, -1, 1, -1] 2).re / 2) +
          ((![-Complex.I, -1, Complex.I] 2).re / 2 * (-(![-1, 1, -1] 2).im / 2) +
            (![-Complex.I, -1, Complex.I] 2).im / 2 * ((![-1, 1, -1] 2).re / 2))) =
      0

case a.«_@».Mathlib.Data.Matrix.Defs._hyg.155.«1».«3»
⊢ (![1, -Complex.I, -1, Complex.I] 2).re / 2 * ((![1, Complex.I, -1, -Complex.I] 2).re / 2) -
          (![1, -Complex.I, -1, Complex.I] 2).im / 2 * (-(![1, Complex.I, -1, -Complex.I] 2).im / 2) +
        ((![-Complex.I, -1, Complex.I] 2).re / 2 * ((![Complex.I, -1, -Complex.I] 2).re / 2) -
          (![-Complex.I, -1, Complex.I] 2).im / 2 * (-(![Complex.I, -1, -Complex.I] 2).im / 2)) =
      0 ∧
    (![1, -Complex.I, -1, Complex.I] 2).re / 2 * (-(![1, Complex.I, -1, -Complex.I] 2).im / 2) +
          (![1, -Complex.I, -1, Complex.I] 2).im / 2 * ((![1, Complex.I, -1, -Complex.I] 2).re / 2) +
        ((![-Complex.I, -1, Complex.I] 2).re / 2 * (-(![Complex.I, -1, -Complex.I] 2).im / 2) +
          (![-Complex.I, -1, Complex.I] 2).im / 2 * ((![Complex.I, -1, -Complex.I] 2).re / 2)) =
      0

case a.«_@».Mathlib.Data.Matrix.Defs._hyg.155.«2».«0»
⊢ (![1, -1, 1, -1] 2).re / 2 * ((![1, 1, 1, 1] 2).re / 2) - (![1, -1, 1, -1] 2).im / 2 * (-(![1, 1, 1, 1] 2).im / 2) +
        ((![-1, 1, -1] 2).re / 2 * ((![1, 1, 1] 2).re / 2) - (![-1, 1, -1] 2).im / 2 * (-(![1, 1, 1] 2).im / 2)) =
      0 ∧
    (![1, -1, 1, -1] 2).re / 2 * (-(![1, 1, 1, 1] 2).im / 2) + (![1, -1, 1, -1] 2).im / 2 * ((![1, 1, 1, 1] 2).re / 2) +
        ((![-1, 1, -1] 2).re / 2 * (-(![1, 1, 1] 2).im / 2) + (![-1, 1, -1] 2).im / 2 * ((![1, 1, 1] 2).re / 2)) =
      0

case a.«_@».Mathlib.Data.Matrix.Defs._hyg.155.«2».«1»
⊢ 1 / 4 +
        ((![1, -1, 1, -1] 2).re / 2 * ((![1, -Complex.I, -1, Complex.I] 2).re / 2) -
            (![1, -1, 1, -1] 2).im / 2 * (-(![1, -Complex.I, -1, Complex.I] 2).im / 2) +
          ((![-1, 1, -1] 2).re / 2 * ((![-Complex.I, -1, Complex.I] 2).re / 2) -
            (![-1, 1, -1] 2).im / 2 * (-(![-Complex.I, -1, Complex.I] 2).im / 2))) =
      0 ∧
    -(1 / 4) +
        ((![1, -1, 1, -1] 2).re / 2 * (-(![1, -Complex.I, -1, Complex.I] 2).im / 2) +
            (![1, -1, 1, -1] 2).im / 2 * ((![1, -Complex.I, -1, Complex.I] 2).re / 2) +
          ((![-1, 1, -1] 2).re / 2 * (-(![-Complex.I, -1, Complex.I] 2).im / 2) +
            (![-1, 1, -1] 2).im / 2 * ((![-Complex.I, -1, Complex.I] 2).re / 2))) =
      0

case a.«_@».Mathlib.Data.Matrix.Defs._hyg.155.«2».«2»
⊢ 1 / 4 +
        (1 / 4 +
          ((![1, -1, 1, -1] 2).re / 2 * ((![1, -1, 1, -1] 2).re / 2) -
              (![1, -1, 1, -1] 2).im / 2 * (-(![1, -1, 1, -1] 2).im / 2) +
            ((![-1, 1, -1] 2).re / 2 * ((![-1, 1, -1] 2).re / 2) -
              (![-1, 1, -1] 2).im / 2 * (-(![-1, 1, -1] 2).im / 2)))) =
      1 ∧
    (![1, -1, 1, -1] 2).re / 2 * (-(![1, -1, 1, -1] 2).im / 2) +
          (![1, -1, 1, -1] 2).im / 2 * ((![1, -1, 1, -1] 2).re / 2) +
        ((![-1, 1, -1] 2).re / 2 * (-(![-1, 1, -1] 2).im / 2) + (![-1, 1, -1] 2).im / 2 * ((![-1, 1, -1] 2).re / 2)) =
      0

case a.«_@».Mathlib.Data.Matrix.Defs._hyg.155.«2».«3»
⊢ 1 / 4 +
        ((![1, -1, 1, -1] 2).re / 2 * ((![1, Complex.I, -1, -Complex.I] 2).re / 2) -
            (![1, -1, 1, -1] 2).im / 2 * (-(![1, Complex.I, -1, -Complex.I] 2).im / 2) +
          ((![-1, 1, -1] 2).re / 2 * ((![Complex.I, -1, -Complex.I] 2).re / 2) -
            (![-1, 1, -1] 2).im / 2 * (-(![Complex.I, -1, -Complex.I] 2).im / 2))) =
      0 ∧
    1 / 4 +
        ((![1, -1, 1, -1] 2).re / 2 * (-(![1, Complex.I, -1, -Complex.I] 2).im / 2) +
            (![1, -1, 1, -1] 2).im / 2 * ((![1, Complex.I, -1, -Complex.I] 2).re / 2) +
          ((![-1, 1, -1] 2).re / 2 * (-(![Complex.I, -1, -Complex.I] 2).im / 2) +
            (![-1, 1, -1] 2).im / 2 * ((![Complex.I, -1, -Complex.I] 2).re / 2))) =
      0

case a.«_@».Mathlib.Data.Matrix.Defs._hyg.155.«3».«0»
⊢ 1 / 4 +
        ((![1, Complex.I, -1, -Complex.I] 2).re / 2 * ((![1, 1, 1, 1] 2).re / 2) -
            (![1, Complex.I, -1, -Complex.I] 2).im / 2 * (-(![1, 1, 1, 1] 2).im / 2) +
          ((![Complex.I, -1, -Complex.I] 2).re / 2 * ((![1, 1, 1] 2).re / 2) -
            (![Complex.I, -1, -Complex.I] 2).im / 2 * (-(![1, 1, 1] 2).im / 2))) =
      0 ∧
    1 / 4 +
        ((![1, Complex.I, -1, -Complex.I] 2).re / 2 * (-(![1, 1, 1, 1] 2).im / 2) +
            (![1, Complex.I, -1, -Complex.I] 2).im / 2 * ((![1, 1, 1, 1] 2).re / 2) +
          ((![Complex.I, -1, -Complex.I] 2).re / 2 * (-(![1, 1, 1] 2).im / 2) +
            (![Complex.I, -1, -Complex.I] 2).im / 2 * ((![1, 1, 1] 2).re / 2))) =
      0

case a.«_@».Mathlib.Data.Matrix.Defs._hyg.155.«3».«1»
⊢ (![1, Complex.I, -1, -Complex.I] 2).re / 2 * ((![1, -Complex.I, -1, Complex.I] 2).re / 2) -
          (![1, Complex.I, -1, -Complex.I] 2).im / 2 * (-(![1, -Complex.I, -1, Complex.I] 2).im / 2) +
        ((![Complex.I, -1, -Complex.I] 2).re / 2 * ((![-Complex.I, -1, Complex.I] 2).re / 2) -
          (![Complex.I, -1, -Complex.I] 2).im / 2 * (-(![-Complex.I, -1, Complex.I] 2).im / 2)) =
      0 ∧
    (![1, Complex.I, -1, -Complex.I] 2).re / 2 * (-(![1, -Complex.I, -1, Complex.I] 2).im / 2) +
          (![1, Complex.I, -1, -Complex.I] 2).im / 2 * ((![1, -Complex.I, -1, Complex.I] 2).re / 2) +
        ((![Complex.I, -1, -Complex.I] 2).re / 2 * (-(![-Complex.I, -1, Complex.I] 2).im / 2) +
          (![Complex.I, -1, -Complex.I] 2).im / 2 * ((![-Complex.I, -1, Complex.I] 2).re / 2)) =
      0

case a.«_@».Mathlib.Data.Matrix.Defs._hyg.155.«3».«2»
⊢ 1 / 4 +
        ((![1, Complex.I, -1, -Complex.I] 2).re / 2 * ((![1, -1, 1, -1] 2).re / 2) -
            (![1, Complex.I, -1, -Complex.I] 2).im / 2 * (-(![1, -1, 1, -1] 2).im / 2) +
          ((![Complex.I, -1, -Complex.I] 2).re / 2 * ((![-1, 1, -1] 2).re / 2) -
            (![Complex.I, -1, -Complex.I] 2).im / 2 * (-(![-1, 1, -1] 2).im / 2))) =
      0 ∧
    -(1 / 4) +
        ((![1, Complex.I, -1, -Complex.I] 2).re / 2 * (-(![1, -1, 1, -1] 2).im / 2) +
            (![1, Complex.I, -1, -Complex.I] 2).im / 2 * ((![1, -1, 1, -1] 2).re / 2) +
          ((![Complex.I, -1, -Complex.I] 2).re / 2 * (-(![-1, 1, -1] 2).im / 2) +
            (![Complex.I, -1, -Complex.I] 2).im / 2 * ((![-1, 1, -1] 2).re / 2))) =
      0

case a.«_@».Mathlib.Data.Matrix.Defs._hyg.155.«3».«3»
⊢ 1 / 4 +
        (1 / 4 +
          ((![1, Complex.I, -1, -Complex.I] 2).re / 2 * ((![1, Complex.I, -1, -Complex.I] 2).re / 2) -
              (![1, Complex.I, -1, -Complex.I] 2).im / 2 * (-(![1, Complex.I, -1, -Complex.I] 2).im / 2) +
            ((![Complex.I, -1, -Complex.I] 2).re / 2 * ((![Complex.I, -1, -Complex.I] 2).re / 2) -
              (![Complex.I, -1, -Complex.I] 2).im / 2 * (-(![Complex.I, -1, -Complex.I] 2).im / 2)))) =
      1 ∧
    (![1, Complex.I, -1, -Complex.I] 2).re / 2 * (-(![1, Complex.I, -1, -Complex.I] 2).im / 2) +
          (![1, Complex.I, -1, -Complex.I] 2).im / 2 * ((![1, Complex.I, -1, -Complex.I] 2).re / 2) +
        ((![Complex.I, -1, -Complex.I] 2).re / 2 * (-(![Complex.I, -1, -Complex.I] 2).im / 2) +
          (![Complex.I, -1, -Complex.I] 2).im / 2 * ((![Complex.I, -1, -Complex.I] 2).re / 2)) =
      0
error: ././././CyclicBell/D4.lean:96:42: linarith failed to find a contradiction
case a.«_@».Mathlib.Data.Matrix.Defs._hyg.155.«0».«0».a.h1.h
a✝ :
  1 / 4 +
      (1 / 4 +
        ((![1, 1, 1, 1] 2).re / 2 * ((![1, 1, 1, 1] 2).re / 2) -
            (![1, 1, 1, 1] 2).im / 2 * (-(![1, 1, 1, 1] 2).im / 2) +
          ((![1, 1, 1] 2).re / 2 * ((![1, 1, 1] 2).re / 2) - (![1, 1, 1] 2).im / 2 * (-(![1, 1, 1] 2).im / 2)))) <
    1
⊢ False failed
error: ././././CyclicBell/D4.lean:96:42: linarith failed to find a contradiction
case a.«_@».Mathlib.Data.Matrix.Defs._hyg.155.«0».«1».a.h1.h
a✝ :
  1 / 2 * (h * (1 / 2)) +
      (1 / 2 * (h * (1 / 2)) +
        ((![1, 1, 1, 1] 2).re / 2 *
              (h * ((![1, -Complex.I, -1, Complex.I] 2).re / 2) + h * (-(![1, -Complex.I, -1, Complex.I] 2).im / 2)) -
            (![1, 1, 1, 1] 2).im / 2 *
              (h * (-(![1, -Complex.I, -1, Complex.I] 2).im / 2) +
                -(h * ((![1, -Complex.I, -1, Complex.I] 2).re / 2))) +
          ((![1, 1, 1] 2).re / 2 *
              (h * ((![-Complex.I, -1, Complex.I] 2).re / 2) + h * (-(![-Complex.I, -1, Complex.I] 2).im / 2)) -
            (![1, 1, 1] 2).im / 2 *
              (h * (-(![-Complex.I, -1, Complex.I] 2).im / 2) + -(h * ((![-Complex.I, -1, Complex.I] 2).re / 2)))))) <
    0
⊢ False failed
error: ././././CyclicBell/D4.lean:96:42: linarith failed to find a contradiction
case a.«_@».Mathlib.Data.Matrix.Defs._hyg.155.«0».«1».a.h1.h
a✝ :
  (![1, 1, 1, 1] 2).re / 2 *
          (h * (-(![1, -Complex.I, -1, Complex.I] 2).im / 2) + -(h * ((![1, -Complex.I, -1, Complex.I] 2).re / 2))) +
        (![1, 1, 1, 1] 2).im / 2 *
          (h * ((![1, -Complex.I, -1, Complex.I] 2).re / 2) + h * (-(![1, -Complex.I, -1, Complex.I] 2).im / 2)) +
      ((![1, 1, 1] 2).re / 2 *
          (h * (-(![-Complex.I, -1, Complex.I] 2).im / 2) + -(h * ((![-Complex.I, -1, Complex.I] 2).re / 2))) +
        (![1, 1, 1] 2).im / 2 *
          (h * ((![-Complex.I, -1, Complex.I] 2).re / 2) + h * (-(![-Complex.I, -1, Complex.I] 2).im / 2))) <
    0
⊢ False failed
error: ././././CyclicBell/D4.lean:96:42: linarith failed to find a contradiction
case a.«_@».Mathlib.Data.Matrix.Defs._hyg.155.«0».«2».a.h1.h
a✝ :
  (![1, 1, 1, 1] 2).im / 2 * (-(![1, -1, 1, -1] 2).im / 2) - (![1, 1, 1, 1] 2).re / 2 * ((![1, -1, 1, -1] 2).re / 2) +
      ((![1, 1, 1] 2).im / 2 * (-(![-1, 1, -1] 2).im / 2) - (![1, 1, 1] 2).re / 2 * ((![-1, 1, -1] 2).re / 2)) <
    0
⊢ False failed
error: ././././CyclicBell/D4.lean:96:42: linarith failed to find a contradiction
case a.«_@».Mathlib.Data.Matrix.Defs._hyg.155.«0».«2».a.h1.h
a✝ :
  -((![1, 1, 1, 1] 2).im / 2 * ((![1, -1, 1, -1] 2).re / 2)) +
        -((![1, 1, 1, 1] 2).re / 2 * (-(![1, -1, 1, -1] 2).im / 2)) +
      (-((![1, 1, 1] 2).im / 2 * ((![-1, 1, -1] 2).re / 2)) + -((![1, 1, 1] 2).re / 2 * (-(![-1, 1, -1] 2).im / 2))) <
    0
⊢ False failed
error: ././././CyclicBell/D4.lean:96:42: linarith failed to find a contradiction
case a.«_@».Mathlib.Data.Matrix.Defs._hyg.155.«0».«3».a.h1.h
a✝ :
  -(1 / 2 * (h * (1 / 2))) +
      (-(1 / 2 * (h * (1 / 2))) +
        ((![1, 1, 1, 1] 2).re / 2 *
              (-(h * ((![1, Complex.I, -1, -Complex.I] 2).re / 2)) +
                h * (-(![1, Complex.I, -1, -Complex.I] 2).im / 2)) -
            (![1, 1, 1, 1] 2).im / 2 *
              (-(h * (-(![1, Complex.I, -1, -Complex.I] 2).im / 2)) +
                -(h * ((![1, Complex.I, -1, -Complex.I] 2).re / 2))) +
          ((![1, 1, 1] 2).re / 2 *
              (-(h * ((![Complex.I, -1, -Complex.I] 2).re / 2)) + h * (-(![Complex.I, -1, -Complex.I] 2).im / 2)) -
            (![1, 1, 1] 2).im / 2 *
              (-(h * (-(![Complex.I, -1, -Complex.I] 2).im / 2)) +
                -(h * ((![Complex.I, -1, -Complex.I] 2).re / 2)))))) <
    0
⊢ False failed
error: ././././CyclicBell/D4.lean:96:42: linarith failed to find a contradiction
case a.«_@».Mathlib.Data.Matrix.Defs._hyg.155.«0».«3».a.h1.h
a✝ :
  (![1, 1, 1, 1] 2).re / 2 *
          (-(h * (-(![1, Complex.I, -1, -Complex.I] 2).im / 2)) + -(h * ((![1, Complex.I, -1, -Complex.I] 2).re / 2))) +
        (![1, 1, 1, 1] 2).im / 2 *
          (-(h * ((![1, Complex.I, -1, -Complex.I] 2).re / 2)) + h * (-(![1, Complex.I, -1, -Complex.I] 2).im / 2)) +
      ((![1, 1, 1] 2).re / 2 *
          (-(h * (-(![Complex.I, -1, -Complex.I] 2).im / 2)) + -(h * ((![Complex.I, -1, -Complex.I] 2).re / 2))) +
        (![1, 1, 1] 2).im / 2 *
          (-(h * ((![Complex.I, -1, -Complex.I] 2).re / 2)) + h * (-(![Complex.I, -1, -Complex.I] 2).im / 2))) <
    0
⊢ False failed
error: ././././CyclicBell/D4.lean:96:42: linarith failed to find a contradiction
case a.«_@».Mathlib.Data.Matrix.Defs._hyg.155.«1».«0».a.h1.h
a✝ :
  h * (1 / 2) * (1 / 2) +
      (h * (1 / 2) * (1 / 2) +
        ((h * ((![1, -Complex.I, -1, Complex.I] 2).re / 2) - h * ((![1, -Complex.I, -1, Complex.I] 2).im / 2)) *
              ((![1, 1, 1, 1] 2).re / 2) -
            (h * ((![1, -Complex.I, -1, Complex.I] 2).im / 2) + h * ((![1, -Complex.I, -1, Complex.I] 2).re / 2)) *
              (-(![1, 1, 1, 1] 2).im / 2) +
          ((h * ((![-Complex.I, -1, Complex.I] 2).re / 2) - h * ((![-Complex.I, -1, Complex.I] 2).im / 2)) *
              ((![1, 1, 1] 2).re / 2) -
            (h * ((![-Complex.I, -1, Complex.I] 2).im / 2) + h * ((![-Complex.I, -1, Complex.I] 2).re / 2)) *
              (-(![1, 1, 1] 2).im / 2)))) <
    0
⊢ False failed
error: ././././CyclicBell/D4.lean:96:42: linarith failed to find a contradiction
case a.«_@».Mathlib.Data.Matrix.Defs._hyg.155.«1».«0».a.h1.h
a✝ :
  (h * ((![1, -Complex.I, -1, Complex.I] 2).re / 2) - h * ((![1, -Complex.I, -1, Complex.I] 2).im / 2)) *
          (-(![1, 1, 1, 1] 2).im / 2) +
        (h * ((![1, -Complex.I, -1, Complex.I] 2).im / 2) + h * ((![1, -Complex.I, -1, Complex.I] 2).re / 2)) *
          ((![1, 1, 1, 1] 2).re / 2) +
      ((h * ((![-Complex.I, -1, Complex.I] 2).re / 2) - h * ((![-Complex.I, -1, Complex.I] 2).im / 2)) *
          (-(![1, 1, 1] 2).im / 2) +
        (h * ((![-Complex.I, -1, Complex.I] 2).im / 2) + h * ((![-Complex.I, -1, Complex.I] 2).re / 2)) *
          ((![1, 1, 1] 2).re / 2)) <
    0
⊢ False failed
error: ././././CyclicBell/D4.lean:96:42: linarith failed to find a contradiction
case a.«_@».Mathlib.Data.Matrix.Defs._hyg.155.«1».«1».a.h1.h
a✝ :
  h * (1 / 2) * (h * (1 / 2)) + h * (1 / 2) * (h * (1 / 2)) +
      (h * (1 / 2) * (h * (1 / 2)) + h * (1 / 2) * (h * (1 / 2)) +
        ((h * ((![1, -Complex.I, -1, Complex.I] 2).re / 2) - h * ((![1, -Complex.I, -1, Complex.I] 2).im / 2)) *
              (h * ((![1, -Complex.I, -1, Complex.I] 2).re / 2) + h * (-(![1, -Complex.I, -1, Complex.I] 2).im / 2)) -
            (h * ((![1, -Complex.I, -1, Complex.I] 2).im / 2) + h * ((![1, -Complex.I, -1, Complex.I] 2).re / 2)) *
              (h * (-(![1, -Complex.I, -1, Complex.I] 2).im / 2) +
                -(h * ((![1, -Complex.I, -1, Complex.I] 2).re / 2))) +
          ((h * ((![-Complex.I, -1, Complex.I] 2).re / 2) - h * ((![-Complex.I, -1, Complex.I] 2).im / 2)) *
              (h * ((![-Complex.I, -1, Complex.I] 2).re / 2) + h * (-(![-Complex.I, -1, Complex.I] 2).im / 2)) -
            (h * ((![-Complex.I, -1, Complex.I] 2).im / 2) + h * ((![-Complex.I, -1, Complex.I] 2).re / 2)) *
              (h * (-(![-Complex.I, -1, Complex.I] 2).im / 2) + -(h * ((![-Complex.I, -1, Complex.I] 2).re / 2)))))) <
    1
⊢ False failed
error: ././././CyclicBell/D4.lean:96:42: linarith failed to find a contradiction
case a.«_@».Mathlib.Data.Matrix.Defs._hyg.155.«1».«2».a.h1.h
a✝ :
  (h * ((![1, -Complex.I, -1, Complex.I] 2).im / 2) + h * ((![1, -Complex.I, -1, Complex.I] 2).re / 2)) *
          (-(![1, -1, 1, -1] 2).im / 2) -
        (h * ((![1, -Complex.I, -1, Complex.I] 2).re / 2) - h * ((![1, -Complex.I, -1, Complex.I] 2).im / 2)) *
          ((![1, -1, 1, -1] 2).re / 2) +
      ((h * ((![-Complex.I, -1, Complex.I] 2).im / 2) + h * ((![-Complex.I, -1, Complex.I] 2).re / 2)) *
          (-(![-1, 1, -1] 2).im / 2) -
        (h * ((![-Complex.I, -1, Complex.I] 2).re / 2) - h * ((![-Complex.I, -1, Complex.I] 2).im / 2)) *
          ((![-1, 1, -1] 2).re / 2)) <
    0
⊢ False failed
error: ././././CyclicBell/D4.lean:96:42: linarith failed to find a contradiction
case a.«_@».Mathlib.Data.Matrix.Defs._hyg.155.«1».«2».a.h1.h
a✝ :
  -(h * (1 / 2) * (1 / 2)) +
      (-(h * (1 / 2) * (1 / 2)) +
        (-((h * ((![1, -Complex.I, -1, Complex.I] 2).im / 2) + h * ((![1, -Complex.I, -1, Complex.I] 2).re / 2)) *
                ((![1, -1, 1, -1] 2).re / 2)) +
            -((h * ((![1, -Complex.I, -1, Complex.I] 2).re / 2) - h * ((![1, -Complex.I, -1, Complex.I] 2).im / 2)) *
                (-(![1, -1, 1, -1] 2).im / 2)) +
          (-((h * ((![-Complex.I, -1, Complex.I] 2).im / 2) + h * ((![-Complex.I, -1, Complex.I] 2).re / 2)) *
                ((![-1, 1, -1] 2).re / 2)) +
            -((h * ((![-Complex.I, -1, Complex.I] 2).re / 2) - h * ((![-Complex.I, -1, Complex.I] 2).im / 2)) *
                (-(![-1, 1, -1] 2).im / 2))))) <
    0
⊢ False failed
error: ././././CyclicBell/D4.lean:96:42: linarith failed to find a contradiction
case a.«_@».Mathlib.Data.Matrix.Defs._hyg.155.«1».«3».a.h1.h
a✝ :
  (h * ((![1, -Complex.I, -1, Complex.I] 2).re / 2) - h * ((![1, -Complex.I, -1, Complex.I] 2).im / 2)) *
          (-(h * ((![1, Complex.I, -1, -Complex.I] 2).re / 2)) + h * (-(![1, Complex.I, -1, -Complex.I] 2).im / 2)) -
        (h * ((![1, -Complex.I, -1, Complex.I] 2).im / 2) + h * ((![1, -Complex.I, -1, Complex.I] 2).re / 2)) *
          (-(h * (-(![1, Complex.I, -1, -Complex.I] 2).im / 2)) + -(h * ((![1, Complex.I, -1, -Complex.I] 2).re / 2))) +
      ((h * ((![-Complex.I, -1, Complex.I] 2).re / 2) - h * ((![-Complex.I, -1, Complex.I] 2).im / 2)) *
          (-(h * ((![Complex.I, -1, -Complex.I] 2).re / 2)) + h * (-(![Complex.I, -1, -Complex.I] 2).im / 2)) -
        (h * ((![-Complex.I, -1, Complex.I] 2).im / 2) + h * ((![-Complex.I, -1, Complex.I] 2).re / 2)) *
          (-(h * (-(![Complex.I, -1, -Complex.I] 2).im / 2)) + -(h * ((![Complex.I, -1, -Complex.I] 2).re / 2)))) <
    0
⊢ False failed
error: ././././CyclicBell/D4.lean:96:42: linarith failed to find a contradiction
case a.«_@».Mathlib.Data.Matrix.Defs._hyg.155.«1».«3».a.h1.h
a✝ :
  -(h * (1 / 2) * (h * (1 / 2))) + -(h * (1 / 2) * (h * (1 / 2))) +
      (h * (1 / 2) * (h * (1 / 2)) + h * (1 / 2) * (h * (1 / 2)) +
        ((h * ((![1, -Complex.I, -1, Complex.I] 2).re / 2) - h * ((![1, -Complex.I, -1, Complex.I] 2).im / 2)) *
              (-(h * (-(![1, Complex.I, -1, -Complex.I] 2).im / 2)) +
                -(h * ((![1, Complex.I, -1, -Complex.I] 2).re / 2))) +
            (h * ((![1, -Complex.I, -1, Complex.I] 2).im / 2) + h * ((![1, -Complex.I, -1, Complex.I] 2).re / 2)) *
              (-(h * ((![1, Complex.I, -1, -Complex.I] 2).re / 2)) +
                h * (-(![1, Complex.I, -1, -Complex.I] 2).im / 2)) +
          ((h * ((![-Complex.I, -1, Complex.I] 2).re / 2) - h * ((![-Complex.I, -1, Complex.I] 2).im / 2)) *
              (-(h * (-(![Complex.I, -1, -Complex.I] 2).im / 2)) + -(h * ((![Complex.I, -1, -Complex.I] 2).re / 2))) +
            (h * ((![-Complex.I, -1, Complex.I] 2).im / 2) + h * ((![-Complex.I, -1, Complex.I] 2).re / 2)) *
              (-(h * ((![Complex.I, -1, -Complex.I] 2).re / 2)) + h * (-(![Complex.I, -1, -Complex.I] 2).im / 2))))) <
    0
⊢ False failed
error: ././././CyclicBell/D4.lean:96:42: linarith failed to find a contradiction
case a.«_@».Mathlib.Data.Matrix.Defs._hyg.155.«2».«0».a.h1.h
a✝ :
  (![1, -1, 1, -1] 2).im / 2 * (-(![1, 1, 1, 1] 2).im / 2) - (![1, -1, 1, -1] 2).re / 2 * ((![1, 1, 1, 1] 2).re / 2) +
      ((![-1, 1, -1] 2).im / 2 * (-(![1, 1, 1] 2).im / 2) - (![-1, 1, -1] 2).re / 2 * ((![1, 1, 1] 2).re / 2)) <
    0
⊢ False failed
error: ././././CyclicBell/D4.lean:96:42: linarith failed to find a contradiction
case a.«_@».Mathlib.Data.Matrix.Defs._hyg.155.«2».«0».a.h1.h
a✝ :
  -((![1, -1, 1, -1] 2).im / 2 * ((![1, 1, 1, 1] 2).re / 2)) +
        -((![1, -1, 1, -1] 2).re / 2 * (-(![1, 1, 1, 1] 2).im / 2)) +
      (-((![-1, 1, -1] 2).im / 2 * ((![1, 1, 1] 2).re / 2)) + -((![-1, 1, -1] 2).re / 2 * (-(![1, 1, 1] 2).im / 2))) <
    0
⊢ False failed
error: ././././CyclicBell/D4.lean:96:42: linarith failed to find a contradiction
case a.«_@».Mathlib.Data.Matrix.Defs._hyg.155.«2».«1».a.h1.h
a✝ :
  (![1, -1, 1, -1] 2).im / 2 *
          (h * (-(![1, -Complex.I, -1, Complex.I] 2).im / 2) + -(h * ((![1, -Complex.I, -1, Complex.I] 2).re / 2))) -
        (![1, -1, 1, -1] 2).re / 2 *
          (h * ((![1, -Complex.I, -1, Complex.I] 2).re / 2) + h * (-(![1, -Complex.I, -1, Complex.I] 2).im / 2)) +
      ((![-1, 1, -1] 2).im / 2 *
          (h * (-(![-Complex.I, -1, Complex.I] 2).im / 2) + -(h * ((![-Complex.I, -1, Complex.I] 2).re / 2))) -
        (![-1, 1, -1] 2).re / 2 *
          (h * ((![-Complex.I, -1, Complex.I] 2).re / 2) + h * (-(![-Complex.I, -1, Complex.I] 2).im / 2))) <
    0
⊢ False failed
error: ././././CyclicBell/D4.lean:96:42: linarith failed to find a contradiction
case a.«_@».Mathlib.Data.Matrix.Defs._hyg.155.«2».«1».a.h1.h
a✝ :
  1 / 2 * (h * (1 / 2)) +
      (1 / 2 * (h * (1 / 2)) +
        (-((![1, -1, 1, -1] 2).im / 2 *
                (h * ((![1, -Complex.I, -1, Complex.I] 2).re / 2) +
                  h * (-(![1, -Complex.I, -1, Complex.I] 2).im / 2))) +
            -((![1, -1, 1, -1] 2).re / 2 *
                (h * (-(![1, -Complex.I, -1, Complex.I] 2).im / 2) +
                  -(h * ((![1, -Complex.I, -1, Complex.I] 2).re / 2)))) +
          (-((![-1, 1, -1] 2).im / 2 *
                (h * ((![-Complex.I, -1, Complex.I] 2).re / 2) + h * (-(![-Complex.I, -1, Complex.I] 2).im / 2))) +
            -((![-1, 1, -1] 2).re / 2 *
                (h * (-(![-Complex.I, -1, Complex.I] 2).im / 2) +
                  -(h * ((![-Complex.I, -1, Complex.I] 2).re / 2))))))) <
    0
⊢ False failed
error: ././././CyclicBell/D4.lean:96:42: linarith failed to find a contradiction
case a.«_@».Mathlib.Data.Matrix.Defs._hyg.155.«2».«2».a.h1.h
a✝ :
  1 / 4 +
      (1 / 4 +
        ((![1, -1, 1, -1] 2).re / 2 * ((![1, -1, 1, -1] 2).re / 2) -
            (![1, -1, 1, -1] 2).im / 2 * (-(![1, -1, 1, -1] 2).im / 2) +
          ((![-1, 1, -1] 2).re / 2 * ((![-1, 1, -1] 2).re / 2) -
            (![-1, 1, -1] 2).im / 2 * (-(![-1, 1, -1] 2).im / 2)))) <
    1
⊢ False failed
error: ././././CyclicBell/D4.lean:96:42: linarith failed to find a contradiction
case a.«_@».Mathlib.Data.Matrix.Defs._hyg.155.«2».«3».a.h1.h
a✝ :
  (![1, -1, 1, -1] 2).im / 2 *
          (-(h * (-(![1, Complex.I, -1, -Complex.I] 2).im / 2)) + -(h * ((![1, Complex.I, -1, -Complex.I] 2).re / 2))) -
        (![1, -1, 1, -1] 2).re / 2 *
          (-(h * ((![1, Complex.I, -1, -Complex.I] 2).re / 2)) + h * (-(![1, Complex.I, -1, -Complex.I] 2).im / 2)) +
      ((![-1, 1, -1] 2).im / 2 *
          (-(h * (-(![Complex.I, -1, -Complex.I] 2).im / 2)) + -(h * ((![Complex.I, -1, -Complex.I] 2).re / 2))) -
        (![-1, 1, -1] 2).re / 2 *
          (-(h * ((![Complex.I, -1, -Complex.I] 2).re / 2)) + h * (-(![Complex.I, -1, -Complex.I] 2).im / 2))) <
    0
⊢ False failed
error: ././././CyclicBell/D4.lean:96:42: linarith failed to find a contradiction
case a.«_@».Mathlib.Data.Matrix.Defs._hyg.155.«2».«3».a.h1.h
a✝ :
  1 / 2 * (h * (1 / 2)) +
      (1 / 2 * (h * (1 / 2)) +
        (-((![1, -1, 1, -1] 2).im / 2 *
                (-(h * ((![1, Complex.I, -1, -Complex.I] 2).re / 2)) +
                  h * (-(![1, Complex.I, -1, -Complex.I] 2).im / 2))) +
            -((![1, -1, 1, -1] 2).re / 2 *
                (-(h * (-(![1, Complex.I, -1, -Complex.I] 2).im / 2)) +
                  -(h * ((![1, Complex.I, -1, -Complex.I] 2).re / 2)))) +
          (-((![-1, 1, -1] 2).im / 2 *
                (-(h * ((![Complex.I, -1, -Complex.I] 2).re / 2)) + h * (-(![Complex.I, -1, -Complex.I] 2).im / 2))) +
            -((![-1, 1, -1] 2).re / 2 *
                (-(h * (-(![Complex.I, -1, -Complex.I] 2).im / 2)) +
                  -(h * ((![Complex.I, -1, -Complex.I] 2).re / 2))))))) <
    0
⊢ False failed
error: ././././CyclicBell/D4.lean:96:42: linarith failed to find a contradiction
case a.«_@».Mathlib.Data.Matrix.Defs._hyg.155.«3».«0».a.h1.h
a✝ :
  -(h * (1 / 2) * (1 / 2)) +
      (-(h * (1 / 2) * (1 / 2)) +
        ((-(h * ((![1, Complex.I, -1, -Complex.I] 2).re / 2)) - h * ((![1, Complex.I, -1, -Complex.I] 2).im / 2)) *
              ((![1, 1, 1, 1] 2).re / 2) -
            (-(h * ((![1, Complex.I, -1, -Complex.I] 2).im / 2)) + h * ((![1, Complex.I, -1, -Complex.I] 2).re / 2)) *
              (-(![1, 1, 1, 1] 2).im / 2) +
          ((-(h * ((![Complex.I, -1, -Complex.I] 2).re / 2)) - h * ((![Complex.I, -1, -Complex.I] 2).im / 2)) *
              ((![1, 1, 1] 2).re / 2) -
            (-(h * ((![Complex.I, -1, -Complex.I] 2).im / 2)) + h * ((![Complex.I, -1, -Complex.I] 2).re / 2)) *
              (-(![1, 1, 1] 2).im / 2)))) <
    0
⊢ False failed
error: ././././CyclicBell/D4.lean:96:42: linarith failed to find a contradiction
case a.«_@».Mathlib.Data.Matrix.Defs._hyg.155.«3».«0».a.h1.h
a✝ :
  (-(h * ((![1, Complex.I, -1, -Complex.I] 2).re / 2)) - h * ((![1, Complex.I, -1, -Complex.I] 2).im / 2)) *
          (-(![1, 1, 1, 1] 2).im / 2) +
        (-(h * ((![1, Complex.I, -1, -Complex.I] 2).im / 2)) + h * ((![1, Complex.I, -1, -Complex.I] 2).re / 2)) *
          ((![1, 1, 1, 1] 2).re / 2) +
      ((-(h * ((![Complex.I, -1, -Complex.I] 2).re / 2)) - h * ((![Complex.I, -1, -Complex.I] 2).im / 2)) *
          (-(![1, 1, 1] 2).im / 2) +
        (-(h * ((![Complex.I, -1, -Complex.I] 2).im / 2)) + h * ((![Complex.I, -1, -Complex.I] 2).re / 2)) *
          ((![1, 1, 1] 2).re / 2)) <
    0
⊢ False failed
error: ././././CyclicBell/D4.lean:96:42: linarith failed to find a contradiction
case a.«_@».Mathlib.Data.Matrix.Defs._hyg.155.«3».«1».a.h1.h
a✝ :
  (-(h * ((![1, Complex.I, -1, -Complex.I] 2).re / 2)) - h * ((![1, Complex.I, -1, -Complex.I] 2).im / 2)) *
          (h * ((![1, -Complex.I, -1, Complex.I] 2).re / 2) + h * (-(![1, -Complex.I, -1, Complex.I] 2).im / 2)) -
        (-(h * ((![1, Complex.I, -1, -Complex.I] 2).im / 2)) + h * ((![1, Complex.I, -1, -Complex.I] 2).re / 2)) *
          (h * (-(![1, -Complex.I, -1, Complex.I] 2).im / 2) + -(h * ((![1, -Complex.I, -1, Complex.I] 2).re / 2))) +
      ((-(h * ((![Complex.I, -1, -Complex.I] 2).re / 2)) - h * ((![Complex.I, -1, -Complex.I] 2).im / 2)) *
          (h * ((![-Complex.I, -1, Complex.I] 2).re / 2) + h * (-(![-Complex.I, -1, Complex.I] 2).im / 2)) -
        (-(h * ((![Complex.I, -1, -Complex.I] 2).im / 2)) + h * ((![Complex.I, -1, -Complex.I] 2).re / 2)) *
          (h * (-(![-Complex.I, -1, Complex.I] 2).im / 2) + -(h * ((![-Complex.I, -1, Complex.I] 2).re / 2)))) <
    0
⊢ False failed
error: ././././CyclicBell/D4.lean:96:42: linarith failed to find a contradiction
case a.«_@».Mathlib.Data.Matrix.Defs._hyg.155.«3».«1».a.h1.h
a✝ :
  h * (1 / 2) * (h * (1 / 2)) + h * (1 / 2) * (h * (1 / 2)) +
      (-(h * (1 / 2) * (h * (1 / 2))) + -(h * (1 / 2) * (h * (1 / 2))) +
        ((-(h * ((![1, Complex.I, -1, -Complex.I] 2).re / 2)) - h * ((![1, Complex.I, -1, -Complex.I] 2).im / 2)) *
              (h * (-(![1, -Complex.I, -1, Complex.I] 2).im / 2) +
                -(h * ((![1, -Complex.I, -1, Complex.I] 2).re / 2))) +
            (-(h * ((![1, Complex.I, -1, -Complex.I] 2).im / 2)) + h * ((![1, Complex.I, -1, -Complex.I] 2).re / 2)) *
              (h * ((![1, -Complex.I, -1, Complex.I] 2).re / 2) + h * (-(![1, -Complex.I, -1, Complex.I] 2).im / 2)) +
          ((-(h * ((![Complex.I, -1, -Complex.I] 2).re / 2)) - h * ((![Complex.I, -1, -Complex.I] 2).im / 2)) *
              (h * (-(![-Complex.I, -1, Complex.I] 2).im / 2) + -(h * ((![-Complex.I, -1, Complex.I] 2).re / 2))) +
            (-(h * ((![Complex.I, -1, -Complex.I] 2).im / 2)) + h * ((![Complex.I, -1, -Complex.I] 2).re / 2)) *
              (h * ((![-Complex.I, -1, Complex.I] 2).re / 2) + h * (-(![-Complex.I, -1, Complex.I] 2).im / 2))))) <
    0
⊢ False failed
error: ././././CyclicBell/D4.lean:96:42: linarith failed to find a contradiction
case a.«_@».Mathlib.Data.Matrix.Defs._hyg.155.«3».«2».a.h1.h
a✝ :
  (-(h * ((![1, Complex.I, -1, -Complex.I] 2).im / 2)) + h * ((![1, Complex.I, -1, -Complex.I] 2).re / 2)) *
          (-(![1, -1, 1, -1] 2).im / 2) -
        (-(h * ((![1, Complex.I, -1, -Complex.I] 2).re / 2)) - h * ((![1, Complex.I, -1, -Complex.I] 2).im / 2)) *
          ((![1, -1, 1, -1] 2).re / 2) +
      ((-(h * ((![Complex.I, -1, -Complex.I] 2).im / 2)) + h * ((![Complex.I, -1, -Complex.I] 2).re / 2)) *
          (-(![-1, 1, -1] 2).im / 2) -
        (-(h * ((![Complex.I, -1, -Complex.I] 2).re / 2)) - h * ((![Complex.I, -1, -Complex.I] 2).im / 2)) *
          ((![-1, 1, -1] 2).re / 2)) <
    0
⊢ False failed
error: ././././CyclicBell/D4.lean:96:42: linarith failed to find a contradiction
case a.«_@».Mathlib.Data.Matrix.Defs._hyg.155.«3».«2».a.h1.h
a✝ :
  -(h * (1 / 2) * (1 / 2)) +
      (-(h * (1 / 2) * (1 / 2)) +
        (-((-(h * ((![1, Complex.I, -1, -Complex.I] 2).im / 2)) + h * ((![1, Complex.I, -1, -Complex.I] 2).re / 2)) *
                ((![1, -1, 1, -1] 2).re / 2)) +
            -((-(h * ((![1, Complex.I, -1, -Complex.I] 2).re / 2)) - h * ((![1, Complex.I, -1, -Complex.I] 2).im / 2)) *
                (-(![1, -1, 1, -1] 2).im / 2)) +
          (-((-(h * ((![Complex.I, -1, -Complex.I] 2).im / 2)) + h * ((![Complex.I, -1, -Complex.I] 2).re / 2)) *
                ((![-1, 1, -1] 2).re / 2)) +
            -((-(h * ((![Complex.I, -1, -Complex.I] 2).re / 2)) - h * ((![Complex.I, -1, -Complex.I] 2).im / 2)) *
                (-(![-1, 1, -1] 2).im / 2))))) <
    0
⊢ False failed
error: ././././CyclicBell/D4.lean:96:42: linarith failed to find a contradiction
case a.«_@».Mathlib.Data.Matrix.Defs._hyg.155.«3».«3».a.h1.h
a✝ :
  h * (1 / 2) * (h * (1 / 2)) + h * (1 / 2) * (h * (1 / 2)) +
      (h * (1 / 2) * (h * (1 / 2)) + h * (1 / 2) * (h * (1 / 2)) +
        ((-(h * ((![1, Complex.I, -1, -Complex.I] 2).re / 2)) - h * ((![1, Complex.I, -1, -Complex.I] 2).im / 2)) *
              (-(h * ((![1, Complex.I, -1, -Complex.I] 2).re / 2)) +
                h * (-(![1, Complex.I, -1, -Complex.I] 2).im / 2)) -
            (-(h * ((![1, Complex.I, -1, -Complex.I] 2).im / 2)) + h * ((![1, Complex.I, -1, -Complex.I] 2).re / 2)) *
              (-(h * (-(![1, Complex.I, -1, -Complex.I] 2).im / 2)) +
                -(h * ((![1, Complex.I, -1, -Complex.I] 2).re / 2))) +
          ((-(h * ((![Complex.I, -1, -Complex.I] 2).re / 2)) - h * ((![Complex.I, -1, -Complex.I] 2).im / 2)) *
              (-(h * ((![Complex.I, -1, -Complex.I] 2).re / 2)) + h * (-(![Complex.I, -1, -Complex.I] 2).im / 2)) -
            (-(h * ((![Complex.I, -1, -Complex.I] 2).im / 2)) + h * ((![Complex.I, -1, -Complex.I] 2).re / 2)) *
              (-(h * (-(![Complex.I, -1, -Complex.I] 2).im / 2)) +
                -(h * ((![Complex.I, -1, -Complex.I] 2).re / 2)))))) <
    1
⊢ False failed
error: ././././CyclicBell/D4.lean:103:58: unsolved goals
case a.«_@».Mathlib.Data.Matrix.Defs._hyg.155.«0».«0»
⊢ 1 / 4 +
        ((![1, 1, 1, 1] 2).im / 2 * (-(![1, 1, 1, 1] 2).im / 2) -
            (![1, 1, 1, 1] 2).re / 2 * ((![1, 1, 1, 1] 2).re / 2) +
          ((![1, 1, 1] 2).re / 2 * (-(![1, 1, 1] 2).im / 2) + (![1, 1, 1] 2).im / 2 * ((![1, 1, 1] 2).re / 2))) =
      0 ∧
    1 / 4 +
        (-((![1, 1, 1, 1] 2).im / 2 * ((![1, 1, 1, 1] 2).re / 2)) +
            -((![1, 1, 1, 1] 2).re / 2 * (-(![1, 1, 1, 1] 2).im / 2)) +
          ((![1, 1, 1] 2).im / 2 * (-(![1, 1, 1] 2).im / 2) - (![1, 1, 1] 2).re / 2 * ((![1, 1, 1] 2).re / 2))) =
      0

case a.«_@».Mathlib.Data.Matrix.Defs._hyg.155.«0».«1»
⊢ (![1, 1, 1, 1] 2).im / 2 * (-(![1, -Complex.I, -1, Complex.I] 2).im / 2) -
          (![1, 1, 1, 1] 2).re / 2 * ((![1, -Complex.I, -1, Complex.I] 2).re / 2) +
        ((![1, 1, 1] 2).re / 2 * (-(![-Complex.I, -1, Complex.I] 2).im / 2) +
          (![1, 1, 1] 2).im / 2 * ((![-Complex.I, -1, Complex.I] 2).re / 2)) =
      0 ∧
    -((![1, 1, 1, 1] 2).im / 2 * ((![1, -Complex.I, -1, Complex.I] 2).re / 2)) +
          -((![1, 1, 1, 1] 2).re / 2 * (-(![1, -Complex.I, -1, Complex.I] 2).im / 2)) +
        ((![1, 1, 1] 2).im / 2 * (-(![-Complex.I, -1, Complex.I] 2).im / 2) -
          (![1, 1, 1] 2).re / 2 * ((![-Complex.I, -1, Complex.I] 2).re / 2)) =
      0

case a.«_@».Mathlib.Data.Matrix.Defs._hyg.155.«0».«2»
⊢ 1 / 4 +
        ((![1, 1, 1, 1] 2).im / 2 * (-(![1, -1, 1, -1] 2).im / 2) -
            (![1, 1, 1, 1] 2).re / 2 * ((![1, -1, 1, -1] 2).re / 2) +
          ((![1, 1, 1] 2).re / 2 * (-(![-1, 1, -1] 2).im / 2) + (![1, 1, 1] 2).im / 2 * ((![-1, 1, -1] 2).re / 2))) =
      0 ∧
    -(1 / 4) +
        (-((![1, 1, 1, 1] 2).im / 2 * ((![1, -1, 1, -1] 2).re / 2)) +
            -((![1, 1, 1, 1] 2).re / 2 * (-(![1, -1, 1, -1] 2).im / 2)) +
          ((![1, 1, 1] 2).im / 2 * (-(![-1, 1, -1] 2).im / 2) - (![1, 1, 1] 2).re / 2 * ((![-1, 1, -1] 2).re / 2))) =
      0

case a.«_@».Mathlib.Data.Matrix.Defs._hyg.155.«0».«3»
⊢ 1 / 4 +
        (1 / 4 +
          ((![1, 1, 1, 1] 2).im / 2 * (-(![1, Complex.I, -1, -Complex.I] 2).im / 2) -
              (![1, 1, 1, 1] 2).re / 2 * ((![1, Complex.I, -1, -Complex.I] 2).re / 2) +
            ((![1, 1, 1] 2).re / 2 * (-(![Complex.I, -1, -Complex.I] 2).im / 2) +
              (![1, 1, 1] 2).im / 2 * ((![Complex.I, -1, -Complex.I] 2).re / 2)))) =
      1 ∧
    -((![1, 1, 1, 1] 2).im / 2 * ((![1, Complex.I, -1, -Complex.I] 2).re / 2)) +
          -((![1, 1, 1, 1] 2).re / 2 * (-(![1, Complex.I, -1, -Complex.I] 2).im / 2)) +
        ((![1, 1, 1] 2).im / 2 * (-(![Complex.I, -1, -Complex.I] 2).im / 2) -
          (![1, 1, 1] 2).re / 2 * ((![Complex.I, -1, -Complex.I] 2).re / 2)) =
      0

case a.«_@».Mathlib.Data.Matrix.Defs._hyg.155.«1».«0»
⊢ 1 / 4 +
        (1 / 4 +
          ((![1, -Complex.I, -1, Complex.I] 2).im / 2 * (-(![1, 1, 1, 1] 2).im / 2) -
              (![1, -Complex.I, -1, Complex.I] 2).re / 2 * ((![1, 1, 1, 1] 2).re / 2) +
            ((![-Complex.I, -1, Complex.I] 2).re / 2 * (-(![1, 1, 1] 2).im / 2) +
              (![-Complex.I, -1, Complex.I] 2).im / 2 * ((![1, 1, 1] 2).re / 2)))) =
      1 ∧
    -((![1, -Complex.I, -1, Complex.I] 2).im / 2 * ((![1, 1, 1, 1] 2).re / 2)) +
          -((![1, -Complex.I, -1, Complex.I] 2).re / 2 * (-(![1, 1, 1, 1] 2).im / 2)) +
        ((![-Complex.I, -1, Complex.I] 2).im / 2 * (-(![1, 1, 1] 2).im / 2) -
          (![-Complex.I, -1, Complex.I] 2).re / 2 * ((![1, 1, 1] 2).re / 2)) =
      0

case a.«_@».Mathlib.Data.Matrix.Defs._hyg.155.«1».«1»
⊢ 1 / 4 +
        ((![1, -Complex.I, -1, Complex.I] 2).im / 2 * (-(![1, -Complex.I, -1, Complex.I] 2).im / 2) -
            (![1, -Complex.I, -1, Complex.I] 2).re / 2 * ((![1, -Complex.I, -1, Complex.I] 2).re / 2) +
          ((![-Complex.I, -1, Complex.I] 2).re / 2 * (-(![-Complex.I, -1, Complex.I] 2).im / 2) +
            (![-Complex.I, -1, Complex.I] 2).im / 2 * ((![-Complex.I, -1, Complex.I] 2).re / 2))) =
      0 ∧
    1 / 4 +
        (-((![1, -Complex.I, -1, Complex.I] 2).im / 2 * ((![1, -Complex.I, -1, Complex.I] 2).re / 2)) +
            -((![1, -Complex.I, -1, Complex.I] 2).re / 2 * (-(![1, -Complex.I, -1, Complex.I] 2).im / 2)) +
          ((![-Complex.I, -1, Complex.I] 2).im / 2 * (-(![-Complex.I, -1, Complex.I] 2).im / 2) -
            (![-Complex.I, -1, Complex.I] 2).re / 2 * ((![-Complex.I, -1, Complex.I] 2).re / 2))) =
      0

case a.«_@».Mathlib.Data.Matrix.Defs._hyg.155.«1».«2»
⊢ (![1, -Complex.I, -1, Complex.I] 2).im / 2 * (-(![1, -1, 1, -1] 2).im / 2) -
          (![1, -Complex.I, -1, Complex.I] 2).re / 2 * ((![1, -1, 1, -1] 2).re / 2) +
        ((![-Complex.I, -1, Complex.I] 2).re / 2 * (-(![-1, 1, -1] 2).im / 2) +
          (![-Complex.I, -1, Complex.I] 2).im / 2 * ((![-1, 1, -1] 2).re / 2)) =
      0 ∧
    -((![1, -Complex.I, -1, Complex.I] 2).im / 2 * ((![1, -1, 1, -1] 2).re / 2)) +
          -((![1, -Complex.I, -1, Complex.I] 2).re / 2 * (-(![1, -1, 1, -1] 2).im / 2)) +
        ((![-Complex.I, -1, Complex.I] 2).im / 2 * (-(![-1, 1, -1] 2).im / 2) -
          (![-Complex.I, -1, Complex.I] 2).re / 2 * ((![-1, 1, -1] 2).re / 2)) =
      0

case a.«_@».Mathlib.Data.Matrix.Defs._hyg.155.«1».«3»
⊢ 1 / 4 +
        ((![1, -Complex.I, -1, Complex.I] 2).im / 2 * (-(![1, Complex.I, -1, -Complex.I] 2).im / 2) -
            (![1, -Complex.I, -1, Complex.I] 2).re / 2 * ((![1, Complex.I, -1, -Complex.I] 2).re / 2) +
          ((![-Complex.I, -1, Complex.I] 2).re / 2 * (-(![Complex.I, -1, -Complex.I] 2).im / 2) +
            (![-Complex.I, -1, Complex.I] 2).im / 2 * ((![Complex.I, -1, -Complex.I] 2).re / 2))) =
      0 ∧
    -(1 / 4) +
        (-((![1, -Complex.I, -1, Complex.I] 2).im / 2 * ((![1, Complex.I, -1, -Complex.I] 2).re / 2)) +
            -((![1, -Complex.I, -1, Complex.I] 2).re / 2 * (-(![1, Complex.I, -1, -Complex.I] 2).im / 2)) +
          ((![-Complex.I, -1, Complex.I] 2).im / 2 * (-(![Complex.I, -1, -Complex.I] 2).im / 2) -
            (![-Complex.I, -1, Complex.I] 2).re / 2 * ((![Complex.I, -1, -Complex.I] 2).re / 2))) =
      0

case a.«_@».Mathlib.Data.Matrix.Defs._hyg.155.«2».«0»
⊢ 1 / 4 +
        ((![1, -1, 1, -1] 2).im / 2 * (-(![1, 1, 1, 1] 2).im / 2) -
            (![1, -1, 1, -1] 2).re / 2 * ((![1, 1, 1, 1] 2).re / 2) +
          ((![-1, 1, -1] 2).re / 2 * (-(![1, 1, 1] 2).im / 2) + (![-1, 1, -1] 2).im / 2 * ((![1, 1, 1] 2).re / 2))) =
      0 ∧
    -(1 / 4) +
        (-((![1, -1, 1, -1] 2).im / 2 * ((![1, 1, 1, 1] 2).re / 2)) +
            -((![1, -1, 1, -1] 2).re / 2 * (-(![1, 1, 1, 1] 2).im / 2)) +
          ((![-1, 1, -1] 2).im / 2 * (-(![1, 1, 1] 2).im / 2) - (![-1, 1, -1] 2).re / 2 * ((![1, 1, 1] 2).re / 2))) =
      0

case a.«_@».Mathlib.Data.Matrix.Defs._hyg.155.«2».«1»
⊢ 1 / 4 +
        (1 / 4 +
          ((![1, -1, 1, -1] 2).im / 2 * (-(![1, -Complex.I, -1, Complex.I] 2).im / 2) -
              (![1, -1, 1, -1] 2).re / 2 * ((![1, -Complex.I, -1, Complex.I] 2).re / 2) +
            ((![-1, 1, -1] 2).re / 2 * (-(![-Complex.I, -1, Complex.I] 2).im / 2) +
              (![-1, 1, -1] 2).im / 2 * ((![-Complex.I, -1, Complex.I] 2).re / 2)))) =
      1 ∧
    -((![1, -1, 1, -1] 2).im / 2 * ((![1, -Complex.I, -1, Complex.I] 2).re / 2)) +
          -((![1, -1, 1, -1] 2).re / 2 * (-(![1, -Complex.I, -1, Complex.I] 2).im / 2)) +
        ((![-1, 1, -1] 2).im / 2 * (-(![-Complex.I, -1, Complex.I] 2).im / 2) -
          (![-1, 1, -1] 2).re / 2 * ((![-Complex.I, -1, Complex.I] 2).re / 2)) =
      0

case a.«_@».Mathlib.Data.Matrix.Defs._hyg.155.«2».«2»
⊢ 1 / 4 +
        ((![1, -1, 1, -1] 2).im / 2 * (-(![1, -1, 1, -1] 2).im / 2) -
            (![1, -1, 1, -1] 2).re / 2 * ((![1, -1, 1, -1] 2).re / 2) +
          ((![-1, 1, -1] 2).re / 2 * (-(![-1, 1, -1] 2).im / 2) +
            (![-1, 1, -1] 2).im / 2 * ((![-1, 1, -1] 2).re / 2))) =
      0 ∧
    1 / 4 +
        (-((![1, -1, 1, -1] 2).im / 2 * ((![1, -1, 1, -1] 2).re / 2)) +
            -((![1, -1, 1, -1] 2).re / 2 * (-(![1, -1, 1, -1] 2).im / 2)) +
          ((![-1, 1, -1] 2).im / 2 * (-(![-1, 1, -1] 2).im / 2) -
            (![-1, 1, -1] 2).re / 2 * ((![-1, 1, -1] 2).re / 2))) =
      0

case a.«_@».Mathlib.Data.Matrix.Defs._hyg.155.«2».«3»
⊢ (![1, -1, 1, -1] 2).im / 2 * (-(![1, Complex.I, -1, -Complex.I] 2).im / 2) -
          (![1, -1, 1, -1] 2).re / 2 * ((![1, Complex.I, -1, -Complex.I] 2).re / 2) +
        ((![-1, 1, -1] 2).re / 2 * (-(![Complex.I, -1, -Complex.I] 2).im / 2) +
          (![-1, 1, -1] 2).im / 2 * ((![Complex.I, -1, -Complex.I] 2).re / 2)) =
      0 ∧
    -((![1, -1, 1, -1] 2).im / 2 * ((![1, Complex.I, -1, -Complex.I] 2).re / 2)) +
          -((![1, -1, 1, -1] 2).re / 2 * (-(![1, Complex.I, -1, -Complex.I] 2).im / 2)) +
        ((![-1, 1, -1] 2).im / 2 * (-(![Complex.I, -1, -Complex.I] 2).im / 2) -
          (![-1, 1, -1] 2).re / 2 * ((![Complex.I, -1, -Complex.I] 2).re / 2)) =
      0

case a.«_@».Mathlib.Data.Matrix.Defs._hyg.155.«3».«0»
⊢ (![1, Complex.I, -1, -Complex.I] 2).im / 2 * (-(![1, 1, 1, 1] 2).im / 2) -
          (![1, Complex.I, -1, -Complex.I] 2).re / 2 * ((![1, 1, 1, 1] 2).re / 2) +
        ((![Complex.I, -1, -Complex.I] 2).re / 2 * (-(![1, 1, 1] 2).im / 2) +
          (![Complex.I, -1, -Complex.I] 2).im / 2 * ((![1, 1, 1] 2).re / 2)) =
      0 ∧
    -((![1, Complex.I, -1, -Complex.I] 2).im / 2 * ((![1, 1, 1, 1] 2).re / 2)) +
          -((![1, Complex.I, -1, -Complex.I] 2).re / 2 * (-(![1, 1, 1, 1] 2).im / 2)) +
        ((![Complex.I, -1, -Complex.I] 2).im / 2 * (-(![1, 1, 1] 2).im / 2) -
          (![Complex.I, -1, -Complex.I] 2).re / 2 * ((![1, 1, 1] 2).re / 2)) =
      0

case a.«_@».Mathlib.Data.Matrix.Defs._hyg.155.«3».«1»
⊢ 1 / 4 +
        ((![1, Complex.I, -1, -Complex.I] 2).im / 2 * (-(![1, -Complex.I, -1, Complex.I] 2).im / 2) -
            (![1, Complex.I, -1, -Complex.I] 2).re / 2 * ((![1, -Complex.I, -1, Complex.I] 2).re / 2) +
          ((![Complex.I, -1, -Complex.I] 2).re / 2 * (-(![-Complex.I, -1, Complex.I] 2).im / 2) +
            (![Complex.I, -1, -Complex.I] 2).im / 2 * ((![-Complex.I, -1, Complex.I] 2).re / 2))) =
      0 ∧
    -(1 / 4) +
        (-((![1, Complex.I, -1, -Complex.I] 2).im / 2 * ((![1, -Complex.I, -1, Complex.I] 2).re / 2)) +
            -((![1, Complex.I, -1, -Complex.I] 2).re / 2 * (-(![1, -Complex.I, -1, Complex.I] 2).im / 2)) +
          ((![Complex.I, -1, -Complex.I] 2).im / 2 * (-(![-Complex.I, -1, Complex.I] 2).im / 2) -
            (![Complex.I, -1, -Complex.I] 2).re / 2 * ((![-Complex.I, -1, Complex.I] 2).re / 2))) =
      0

case a.«_@».Mathlib.Data.Matrix.Defs._hyg.155.«3».«2»
⊢ 1 / 4 +
        (1 / 4 +
          ((![1, Complex.I, -1, -Complex.I] 2).im / 2 * (-(![1, -1, 1, -1] 2).im / 2) -
              (![1, Complex.I, -1, -Complex.I] 2).re / 2 * ((![1, -1, 1, -1] 2).re / 2) +
            ((![Complex.I, -1, -Complex.I] 2).re / 2 * (-(![-1, 1, -1] 2).im / 2) +
              (![Complex.I, -1, -Complex.I] 2).im / 2 * ((![-1, 1, -1] 2).re / 2)))) =
      1 ∧
    -((![1, Complex.I, -1, -Complex.I] 2).im / 2 * ((![1, -1, 1, -1] 2).re / 2)) +
          -((![1, Complex.I, -1, -Complex.I] 2).re / 2 * (-(![1, -1, 1, -1] 2).im / 2)) +
        ((![Complex.I, -1, -Complex.I] 2).im / 2 * (-(![-1, 1, -1] 2).im / 2) -
          (![Complex.I, -1, -Complex.I] 2).re / 2 * ((![-1, 1, -1] 2).re / 2)) =
      0

case a.«_@».Mathlib.Data.Matrix.Defs._hyg.155.«3».«3»
⊢ 1 / 4 +
        ((![1, Complex.I, -1, -Complex.I] 2).im / 2 * (-(![1, Complex.I, -1, -Complex.I] 2).im / 2) -
            (![1, Complex.I, -1, -Complex.I] 2).re / 2 * ((![1, Complex.I, -1, -Complex.I] 2).re / 2) +
          ((![Complex.I, -1, -Complex.I] 2).re / 2 * (-(![Complex.I, -1, -Complex.I] 2).im / 2) +
            (![Complex.I, -1, -Complex.I] 2).im / 2 * ((![Complex.I, -1, -Complex.I] 2).re / 2))) =
      0 ∧
    1 / 4 +
        (-((![1, Complex.I, -1, -Complex.I] 2).im / 2 * ((![1, Complex.I, -1, -Complex.I] 2).re / 2)) +
            -((![1, Complex.I, -1, -Complex.I] 2).re / 2 * (-(![1, Complex.I, -1, -Complex.I] 2).im / 2)) +
          ((![Complex.I, -1, -Complex.I] 2).im / 2 * (-(![Complex.I, -1, -Complex.I] 2).im / 2) -
            (![Complex.I, -1, -Complex.I] 2).re / 2 * ((![Complex.I, -1, -Complex.I] 2).re / 2))) =
      0
error: ././././CyclicBell/D4.lean:116:42: linarith failed to find a contradiction
case a.«_@».Mathlib.Data.Matrix.Defs._hyg.155.«0».«0».a.h1.h
a✝ :
  1 / 4 +
      ((![1, 1, 1, 1] 2).im / 2 * (-(![1, 1, 1, 1] 2).im / 2) - (![1, 1, 1, 1] 2).re / 2 * ((![1, 1, 1, 1] 2).re / 2) +
        ((![1, 1, 1] 2).re / 2 * (-(![1, 1, 1] 2).im / 2) + (![1, 1, 1] 2).im / 2 * ((![1, 1, 1] 2).re / 2))) <
    0
⊢ False failed
error: ././././CyclicBell/D4.lean:116:42: linarith failed to find a contradiction
case a.«_@».Mathlib.Data.Matrix.Defs._hyg.155.«0».«0».a.h1.h
a✝ :
  1 / 4 +
      (-((![1, 1, 1, 1] 2).im / 2 * ((![1, 1, 1, 1] 2).re / 2)) +
          -((![1, 1, 1, 1] 2).re / 2 * (-(![1, 1, 1, 1] 2).im / 2)) +
        ((![1, 1, 1] 2).im / 2 * (-(![1, 1, 1] 2).im / 2) - (![1, 1, 1] 2).re / 2 * ((![1, 1, 1] 2).re / 2))) <
    0
⊢ False failed
error: ././././CyclicBell/D4.lean:116:42: linarith failed to find a contradiction
case a.«_@».Mathlib.Data.Matrix.Defs._hyg.155.«0».«1».a.h1.h
a✝ :
  (![1, 1, 1, 1] 2).im / 2 *
          (h * (-(![1, -Complex.I, -1, Complex.I] 2).im / 2) + -(h * ((![1, -Complex.I, -1, Complex.I] 2).re / 2))) -
        (![1, 1, 1, 1] 2).re / 2 *
          (h * ((![1, -Complex.I, -1, Complex.I] 2).re / 2) + h * (-(![1, -Complex.I, -1, Complex.I] 2).im / 2)) +
      ((![1, 1, 1] 2).re / 2 *
          (h * (-(![-Complex.I, -1, Complex.I] 2).im / 2) + -(h * ((![-Complex.I, -1, Complex.I] 2).re / 2))) +
        (![1, 1, 1] 2).im / 2 *
          (h * ((![-Complex.I, -1, Complex.I] 2).re / 2) + h * (-(![-Complex.I, -1, Complex.I] 2).im / 2))) <
    0
⊢ False failed
error: ././././CyclicBell/D4.lean:116:42: linarith failed to find a contradiction
case a.«_@».Mathlib.Data.Matrix.Defs._hyg.155.«0».«1».a.h1.h
a✝ :
  -((![1, 1, 1, 1] 2).im / 2 *
            (h * ((![1, -Complex.I, -1, Complex.I] 2).re / 2) + h * (-(![1, -Complex.I, -1, Complex.I] 2).im / 2))) +
        -((![1, 1, 1, 1] 2).re / 2 *
            (h * (-(![1, -Complex.I, -1, Complex.I] 2).im / 2) + -(h * ((![1, -Complex.I, -1, Complex.I] 2).re / 2)))) +
      ((![1, 1, 1] 2).im / 2 *
          (h * (-(![-Complex.I, -1, Complex.I] 2).im / 2) + -(h * ((![-Complex.I, -1, Complex.I] 2).re / 2))) -
        (![1, 1, 1] 2).re / 2 *
          (h * ((![-Complex.I, -1, Complex.I] 2).re / 2) + h * (-(![-Complex.I, -1, Complex.I] 2).im / 2))) <
    0
⊢ False failed
error: ././././CyclicBell/D4.lean:116:42: linarith failed to find a contradiction
case a.«_@».Mathlib.Data.Matrix.Defs._hyg.155.«0».«2».a.h1.h
a✝ :
  -(1 / 4) +
      ((![1, 1, 1, 1] 2).re / 2 * ((![1, -1, 1, -1] 2).re / 2) -
          (![1, 1, 1, 1] 2).im / 2 * (-(![1, -1, 1, -1] 2).im / 2) +
        (-((![1, 1, 1] 2).im / 2 * ((![-1, 1, -1] 2).re / 2)) +
          -((![1, 1, 1] 2).re / 2 * (-(![-1, 1, -1] 2).im / 2)))) <
    0
⊢ False failed
error: ././././CyclicBell/D4.lean:116:42: linarith failed to find a contradiction
case a.«_@».Mathlib.Data.Matrix.Defs._hyg.155.«0».«2».a.h1.h
a✝ :
  1 / 4 +
      ((![1, 1, 1, 1] 2).re / 2 * (-(![1, -1, 1, -1] 2).im / 2) +
          (![1, 1, 1, 1] 2).im / 2 * ((![1, -1, 1, -1] 2).re / 2) +
        ((![1, 1, 1] 2).re / 2 * ((![-1, 1, -1] 2).re / 2) - (![1, 1, 1] 2).im / 2 * (-(![-1, 1, -1] 2).im / 2))) <
    0
⊢ False failed
error: ././././CyclicBell/D4.lean:116:42: linarith failed to find a contradiction
case a.«_@».Mathlib.Data.Matrix.Defs._hyg.155.«0».«3».a.h1.h
a✝ :
  -(1 / 2 * (h * (1 / 2))) +
      (-(1 / 2 * (h * (1 / 2))) +
        ((![1, 1, 1, 1] 2).im / 2 *
              (-(h * (-(![1, Complex.I, -1, -Complex.I] 2).im / 2)) +
                -(h * ((![1, Complex.I, -1, -Complex.I] 2).re / 2))) -
            (![1, 1, 1, 1] 2).re / 2 *
              (-(h * ((![1, Complex.I, -1, -Complex.I] 2).re / 2)) +
                h * (-(![1, Complex.I, -1, -Complex.I] 2).im / 2)) +
          ((![1, 1, 1] 2).re / 2 *
              (-(h * (-(![Complex.I, -1, -Complex.I] 2).im / 2)) + -(h * ((![Complex.I, -1, -Complex.I] 2).re / 2))) +
            (![1, 1, 1] 2).im / 2 *
              (-(h * ((![Complex.I, -1, -Complex.I] 2).re / 2)) + h * (-(![Complex.I, -1, -Complex.I] 2).im / 2))))) <
    -h
⊢ False failed
error: ././././CyclicBell/D4.lean:116:42: linarith failed to find a contradiction
case a.«_@».Mathlib.Data.Matrix.Defs._hyg.155.«0».«3».a.h1.h
a✝ :
  -(1 / 2 * (h * (1 / 2))) +
      (-(1 / 2 * (h * (1 / 2))) +
        (-((![1, 1, 1, 1] 2).im / 2 *
                (-(h * ((![1, Complex.I, -1, -Complex.I] 2).re / 2)) +
                  h * (-(![1, Complex.I, -1, -Complex.I] 2).im / 2))) +
            -((![1, 1, 1, 1] 2).re / 2 *
                (-(h * (-(![1, Complex.I, -1, -Complex.I] 2).im / 2)) +
                  -(h * ((![1, Complex.I, -1, -Complex.I] 2).re / 2)))) +
          ((![1, 1, 1] 2).im / 2 *
              (-(h * (-(![Complex.I, -1, -Complex.I] 2).im / 2)) + -(h * ((![Complex.I, -1, -Complex.I] 2).re / 2))) -
            (![1, 1, 1] 2).re / 2 *
              (-(h * ((![Complex.I, -1, -Complex.I] 2).re / 2)) + h * (-(![Complex.I, -1, -Complex.I] 2).im / 2))))) <
    -h
⊢ False failed
error: ././././CyclicBell/D4.lean:116:42: linarith failed to find a contradiction
case a.«_@».Mathlib.Data.Matrix.Defs._hyg.155.«1».«0».a.h1.h
a✝ :
  h * (1 / 2) * (1 / 2) +
      (h * (1 / 2) * (1 / 2) +
        ((h * ((![1, -Complex.I, -1, Complex.I] 2).im / 2) + h * ((![1, -Complex.I, -1, Complex.I] 2).re / 2)) *
              (-(![1, 1, 1, 1] 2).im / 2) -
            (h * ((![1, -Complex.I, -1, Complex.I] 2).re / 2) - h * ((![1, -Complex.I, -1, Complex.I] 2).im / 2)) *
              ((![1, 1, 1, 1] 2).re / 2) +
          ((h * ((![-Complex.I, -1, Complex.I] 2).re / 2) - h * ((![-Complex.I, -1, Complex.I] 2).im / 2)) *
              (-(![1, 1, 1] 2).im / 2) +
            (h * ((![-Complex.I, -1, Complex.I] 2).im / 2) + h * ((![-Complex.I, -1, Complex.I] 2).re / 2)) *
              ((![1, 1, 1] 2).re / 2)))) <
    h
⊢ False failed
error: ././././CyclicBell/D4.lean:116:42: linarith failed to find a contradiction
case a.«_@».Mathlib.Data.Matrix.Defs._hyg.155.«1».«0».a.h1.h
a✝ :
  h * (1 / 2) * (1 / 2) +
      (h * (1 / 2) * (1 / 2) +
        (-((h * ((![1, -Complex.I, -1, Complex.I] 2).im / 2) + h * ((![1, -Complex.I, -1, Complex.I] 2).re / 2)) *
                ((![1, 1, 1, 1] 2).re / 2)) +
            -((h * ((![1, -Complex.I, -1, Complex.I] 2).re / 2) - h * ((![1, -Complex.I, -1, Complex.I] 2).im / 2)) *
                (-(![1, 1, 1, 1] 2).im / 2)) +
          ((h * ((![-Complex.I, -1, Complex.I] 2).im / 2) + h * ((![-Complex.I, -1, Complex.I] 2).re / 2)) *
              (-(![1, 1, 1] 2).im / 2) -
            (h * ((![-Complex.I, -1, Complex.I] 2).re / 2) - h * ((![-Complex.I, -1, Complex.I] 2).im / 2)) *
              ((![1, 1, 1] 2).re / 2)))) <
    h
⊢ False failed
error: ././././CyclicBell/D4.lean:116:42: linarith failed to find a contradiction
case a.«_@».Mathlib.Data.Matrix.Defs._hyg.155.«1».«1».a.h1.h
a✝ :
  h * (1 / 2) * (h * (1 / 2)) + h * (1 / 2) * (h * (1 / 2)) +
      ((h * ((![1, -Complex.I, -1, Complex.I] 2).im / 2) + h * ((![1, -Complex.I, -1, Complex.I] 2).re / 2)) *
            (h * (-(![1, -Complex.I, -1, Complex.I] 2).im / 2) + -(h * ((![1, -Complex.I, -1, Complex.I] 2).re / 2))) -
          (h * ((![1, -Complex.I, -1, Complex.I] 2).re / 2) - h * ((![1, -Complex.I, -1, Complex.I] 2).im / 2)) *
            (h * ((![1, -Complex.I, -1, Complex.I] 2).re / 2) + h * (-(![1, -Complex.I, -1, Complex.I] 2).im / 2)) +
        ((h * ((![-Complex.I, -1, Complex.I] 2).re / 2) - h * ((![-Complex.I, -1, Complex.I] 2).im / 2)) *
            (h * (-(![-Complex.I, -1, Complex.I] 2).im / 2) + -(h * ((![-Complex.I, -1, Complex.I] 2).re / 2))) +
          (h * ((![-Complex.I, -1, Complex.I] 2).im / 2) + h * ((![-Complex.I, -1, Complex.I] 2).re / 2)) *
            (h * ((![-Complex.I, -1, Complex.I] 2).re / 2) + h * (-(![-Complex.I, -1, Complex.I] 2).im / 2)))) <
    0
⊢ False failed
error: ././././CyclicBell/D4.lean:116:42: linarith failed to find a contradiction
case a.«_@».Mathlib.Data.Matrix.Defs._hyg.155.«1».«1».a.h1.h
a✝ :
  h * (1 / 2) * (h * (1 / 2)) + h * (1 / 2) * (h * (1 / 2)) +
      (-((h * ((![1, -Complex.I, -1, Complex.I] 2).im / 2) + h * ((![1, -Complex.I, -1, Complex.I] 2).re / 2)) *
              (h * ((![1, -Complex.I, -1, Complex.I] 2).re / 2) + h * (-(![1, -Complex.I, -1, Complex.I] 2).im / 2))) +
          -((h * ((![1, -Complex.I, -1, Complex.I] 2).re / 2) - h * ((![1, -Complex.I, -1, Complex.I] 2).im / 2)) *
              (h * (-(![1, -Complex.I, -1, Complex.I] 2).im / 2) +
                -(h * ((![1, -Complex.I, -1, Complex.I] 2).re / 2)))) +
        ((h * ((![-Complex.I, -1, Complex.I] 2).im / 2) + h * ((![-Complex.I, -1, Complex.I] 2).re / 2)) *
            (h * (-(![-Complex.I, -1, Complex.I] 2).im / 2) + -(h * ((![-Complex.I, -1, Complex.I] 2).re / 2))) -
          (h * ((![-Complex.I, -1, Complex.I] 2).re / 2) - h * ((![-Complex.I, -1, Complex.I] 2).im / 2)) *
            (h * ((![-Complex.I, -1, Complex.I] 2).re / 2) + h * (-(![-Complex.I, -1, Complex.I] 2).im / 2)))) <
    0
⊢ False failed
error: ././././CyclicBell/D4.lean:116:42: linarith failed to find a contradiction
case a.«_@».Mathlib.Data.Matrix.Defs._hyg.155.«1».«2».a.h1.h
a✝ :
  (h * ((![1, -Complex.I, -1, Complex.I] 2).re / 2) - h * ((![1, -Complex.I, -1, Complex.I] 2).im / 2)) *
          ((![1, -1, 1, -1] 2).re / 2) -
        (h * ((![1, -Complex.I, -1, Complex.I] 2).im / 2) + h * ((![1, -Complex.I, -1, Complex.I] 2).re / 2)) *
          (-(![1, -1, 1, -1] 2).im / 2) +
      (-((h * ((![-Complex.I, -1, Complex.I] 2).im / 2) + h * ((![-Complex.I, -1, Complex.I] 2).re / 2)) *
            ((![-1, 1, -1] 2).re / 2)) +
        -((h * ((![-Complex.I, -1, Complex.I] 2).re / 2) - h * ((![-Complex.I, -1, Complex.I] 2).im / 2)) *
            (-(![-1, 1, -1] 2).im / 2))) <
    0
⊢ False failed
error: ././././CyclicBell/D4.lean:116:42: linarith failed to find a contradiction
case a.«_@».Mathlib.Data.Matrix.Defs._hyg.155.«1».«2».a.h1.h
a✝ :
  (h * ((![1, -Complex.I, -1, Complex.I] 2).re / 2) - h * ((![1, -Complex.I, -1, Complex.I] 2).im / 2)) *
          (-(![1, -1, 1, -1] 2).im / 2) +
        (h * ((![1, -Complex.I, -1, Complex.I] 2).im / 2) + h * ((![1, -Complex.I, -1, Complex.I] 2).re / 2)) *
          ((![1, -1, 1, -1] 2).re / 2) +
      ((h * ((![-Complex.I, -1, Complex.I] 2).re / 2) - h * ((![-Complex.I, -1, Complex.I] 2).im / 2)) *
          ((![-1, 1, -1] 2).re / 2) -
        (h * ((![-Complex.I, -1, Complex.I] 2).im / 2) + h * ((![-Complex.I, -1, Complex.I] 2).re / 2)) *
          (-(![-1, 1, -1] 2).im / 2)) <
    0
⊢ False failed
error: ././././CyclicBell/D4.lean:116:42: linarith failed to find a contradiction
case a.«_@».Mathlib.Data.Matrix.Defs._hyg.155.«1».«3».a.h1.h
a✝ :
  -(h * (1 / 2) * (h * (1 / 2))) + -(h * (1 / 2) * (h * (1 / 2))) +
      ((h * ((![1, -Complex.I, -1, Complex.I] 2).im / 2) + h * ((![1, -Complex.I, -1, Complex.I] 2).re / 2)) *
            (-(h * (-(![1, Complex.I, -1, -Complex.I] 2).im / 2)) +
              -(h * ((![1, Complex.I, -1, -Complex.I] 2).re / 2))) -
          (h * ((![1, -Complex.I, -1, Complex.I] 2).re / 2) - h * ((![1, -Complex.I, -1, Complex.I] 2).im / 2)) *
            (-(h * ((![1, Complex.I, -1, -Complex.I] 2).re / 2)) + h * (-(![1, Complex.I, -1, -Complex.I] 2).im / 2)) +
        ((h * ((![-Complex.I, -1, Complex.I] 2).re / 2) - h * ((![-Complex.I, -1, Complex.I] 2).im / 2)) *
            (-(h * (-(![Complex.I, -1, -Complex.I] 2).im / 2)) + -(h * ((![Complex.I, -1, -Complex.I] 2).re / 2))) +
          (h * ((![-Complex.I, -1, Complex.I] 2).im / 2) + h * ((![-Complex.I, -1, Complex.I] 2).re / 2)) *
            (-(h * ((![Complex.I, -1, -Complex.I] 2).re / 2)) + h * (-(![Complex.I, -1, -Complex.I] 2).im / 2)))) <
    0
⊢ False failed
error: ././././CyclicBell/D4.lean:116:42: linarith failed to find a contradiction
case a.«_@».Mathlib.Data.Matrix.Defs._hyg.155.«1».«3».a.h1.h
a✝ :
  -(h * (1 / 2) * (h * (1 / 2))) + -(h * (1 / 2) * (h * (1 / 2))) +
      (-((h * ((![1, -Complex.I, -1, Complex.I] 2).im / 2) + h * ((![1, -Complex.I, -1, Complex.I] 2).re / 2)) *
              (-(h * ((![1, Complex.I, -1, -Complex.I] 2).re / 2)) +
                h * (-(![1, Complex.I, -1, -Complex.I] 2).im / 2))) +
          -((h * ((![1, -Complex.I, -1, Complex.I] 2).re / 2) - h * ((![1, -Complex.I, -1, Complex.I] 2).im / 2)) *
              (-(h * (-(![1, Complex.I, -1, -Complex.I] 2).im / 2)) +
                -(h * ((![1, Complex.I, -1, -Complex.I] 2).re / 2)))) +
        ((h * ((![-Complex.I, -1, Complex.I] 2).im / 2) + h * ((![-Complex.I, -1, Complex.I] 2).re / 2)) *
            (-(h * (-(![Complex.I, -1, -Complex.I] 2).im / 2)) + -(h * ((![Complex.I, -1, -Complex.I] 2).re / 2))) -
          (h * ((![-Complex.I, -1, Complex.I] 2).re / 2) - h * ((![-Complex.I, -1, Complex.I] 2).im / 2)) *
            (-(h * ((![Complex.I, -1, -Complex.I] 2).re / 2)) + h * (-(![Complex.I, -1, -Complex.I] 2).im / 2)))) <
    0
⊢ False failed
error: ././././CyclicBell/D4.lean:116:42: linarith failed to find a contradiction
case a.«_@».Mathlib.Data.Matrix.Defs._hyg.155.«2».«0».a.h1.h
a✝ :
  -(1 / 4) +
      ((![1, -1, 1, -1] 2).re / 2 * ((![1, 1, 1, 1] 2).re / 2) -
          (![1, -1, 1, -1] 2).im / 2 * (-(![1, 1, 1, 1] 2).im / 2) +
        (-((![-1, 1, -1] 2).im / 2 * ((![1, 1, 1] 2).re / 2)) +
          -((![-1, 1, -1] 2).re / 2 * (-(![1, 1, 1] 2).im / 2)))) <
    0
⊢ False failed
error: ././././CyclicBell/D4.lean:116:42: linarith failed to find a contradiction
case a.«_@».Mathlib.Data.Matrix.Defs._hyg.155.«2».«0».a.h1.h
a✝ :
  1 / 4 +
      ((![1, -1, 1, -1] 2).re / 2 * (-(![1, 1, 1, 1] 2).im / 2) +
          (![1, -1, 1, -1] 2).im / 2 * ((![1, 1, 1, 1] 2).re / 2) +
        ((![-1, 1, -1] 2).re / 2 * ((![1, 1, 1] 2).re / 2) - (![-1, 1, -1] 2).im / 2 * (-(![1, 1, 1] 2).im / 2))) <
    0
⊢ False failed
error: ././././CyclicBell/D4.lean:116:42: linarith failed to find a contradiction
case a.«_@».Mathlib.Data.Matrix.Defs._hyg.155.«2».«1».a.h1.h
a✝ :
  -(1 / 2 * (h * (1 / 2))) +
      (-(1 / 2 * (h * (1 / 2))) +
        ((![1, -1, 1, -1] 2).re / 2 *
              (h * ((![1, -Complex.I, -1, Complex.I] 2).re / 2) + h * (-(![1, -Complex.I, -1, Complex.I] 2).im / 2)) -
            (![1, -1, 1, -1] 2).im / 2 *
              (h * (-(![1, -Complex.I, -1, Complex.I] 2).im / 2) +
                -(h * ((![1, -Complex.I, -1, Complex.I] 2).re / 2))) +
          (-((![-1, 1, -1] 2).im / 2 *
                (h * ((![-Complex.I, -1, Complex.I] 2).re / 2) + h * (-(![-Complex.I, -1, Complex.I] 2).im / 2))) +
            -((![-1, 1, -1] 2).re / 2 *
                (h * (-(![-Complex.I, -1, Complex.I] 2).im / 2) +
                  -(h * ((![-Complex.I, -1, Complex.I] 2).re / 2))))))) <
    -h
⊢ False failed
error: ././././CyclicBell/D4.lean:116:42: linarith failed to find a contradiction
case a.«_@».Mathlib.Data.Matrix.Defs._hyg.155.«2».«1».a.h1.h
a✝ :
  1 / 2 * (h * (1 / 2)) +
      (1 / 2 * (h * (1 / 2)) +
        ((![1, -1, 1, -1] 2).re / 2 *
              (h * (-(![1, -Complex.I, -1, Complex.I] 2).im / 2) +
                -(h * ((![1, -Complex.I, -1, Complex.I] 2).re / 2))) +
            (![1, -1, 1, -1] 2).im / 2 *
              (h * ((![1, -Complex.I, -1, Complex.I] 2).re / 2) + h * (-(![1, -Complex.I, -1, Complex.I] 2).im / 2)) +
          ((![-1, 1, -1] 2).re / 2 *
              (h * ((![-Complex.I, -1, Complex.I] 2).re / 2) + h * (-(![-Complex.I, -1, Complex.I] 2).im / 2)) -
            (![-1, 1, -1] 2).im / 2 *
              (h * (-(![-Complex.I, -1, Complex.I] 2).im / 2) + -(h * ((![-Complex.I, -1, Complex.I] 2).re / 2)))))) <
    h
⊢ False failed
error: ././././CyclicBell/D4.lean:116:42: linarith failed to find a contradiction
case a.«_@».Mathlib.Data.Matrix.Defs._hyg.155.«2».«2».a.h1.h
a✝ :
  1 / 4 +
      ((![1, -1, 1, -1] 2).im / 2 * (-(![1, -1, 1, -1] 2).im / 2) -
          (![1, -1, 1, -1] 2).re / 2 * ((![1, -1, 1, -1] 2).re / 2) +
        ((![-1, 1, -1] 2).re / 2 * (-(![-1, 1, -1] 2).im / 2) + (![-1, 1, -1] 2).im / 2 * ((![-1, 1, -1] 2).re / 2))) <
    0
⊢ False failed
error: ././././CyclicBell/D4.lean:116:42: linarith failed to find a contradiction
case a.«_@».Mathlib.Data.Matrix.Defs._hyg.155.«2».«2».a.h1.h
a✝ :
  1 / 4 +
      (-((![1, -1, 1, -1] 2).im / 2 * ((![1, -1, 1, -1] 2).re / 2)) +
          -((![1, -1, 1, -1] 2).re / 2 * (-(![1, -1, 1, -1] 2).im / 2)) +
        ((![-1, 1, -1] 2).im / 2 * (-(![-1, 1, -1] 2).im / 2) - (![-1, 1, -1] 2).re / 2 * ((![-1, 1, -1] 2).re / 2))) <
    0
⊢ False failed
error: ././././CyclicBell/D4.lean:116:42: linarith failed to find a contradiction
case a.«_@».Mathlib.Data.Matrix.Defs._hyg.155.«2».«3».a.h1.h
a✝ :
  (![1, -1, 1, -1] 2).re / 2 *
          (-(h * ((![1, Complex.I, -1, -Complex.I] 2).re / 2)) + h * (-(![1, Complex.I, -1, -Complex.I] 2).im / 2)) -
        (![1, -1, 1, -1] 2).im / 2 *
          (-(h * (-(![1, Complex.I, -1, -Complex.I] 2).im / 2)) + -(h * ((![1, Complex.I, -1, -Complex.I] 2).re / 2))) +
      (-((![-1, 1, -1] 2).im / 2 *
            (-(h * ((![Complex.I, -1, -Complex.I] 2).re / 2)) + h * (-(![Complex.I, -1, -Complex.I] 2).im / 2))) +
        -((![-1, 1, -1] 2).re / 2 *
            (-(h * (-(![Complex.I, -1, -Complex.I] 2).im / 2)) + -(h * ((![Complex.I, -1, -Complex.I] 2).re / 2))))) <
    0
⊢ False failed
error: ././././CyclicBell/D4.lean:116:42: linarith failed to find a contradiction
case a.«_@».Mathlib.Data.Matrix.Defs._hyg.155.«2».«3».a.h1.h
a✝ :
  (![1, -1, 1, -1] 2).re / 2 *
          (-(h * (-(![1, Complex.I, -1, -Complex.I] 2).im / 2)) + -(h * ((![1, Complex.I, -1, -Complex.I] 2).re / 2))) +
        (![1, -1, 1, -1] 2).im / 2 *
          (-(h * ((![1, Complex.I, -1, -Complex.I] 2).re / 2)) + h * (-(![1, Complex.I, -1, -Complex.I] 2).im / 2)) +
      ((![-1, 1, -1] 2).re / 2 *
          (-(h * ((![Complex.I, -1, -Complex.I] 2).re / 2)) + h * (-(![Complex.I, -1, -Complex.I] 2).im / 2)) -
        (![-1, 1, -1] 2).im / 2 *
          (-(h * (-(![Complex.I, -1, -Complex.I] 2).im / 2)) + -(h * ((![Complex.I, -1, -Complex.I] 2).re / 2)))) <
    0
⊢ False failed
error: ././././CyclicBell/D4.lean:116:42: linarith failed to find a contradiction
case a.«_@».Mathlib.Data.Matrix.Defs._hyg.155.«3».«0».a.h1.h
a✝ :
  (-(h * ((![1, Complex.I, -1, -Complex.I] 2).im / 2)) + h * ((![1, Complex.I, -1, -Complex.I] 2).re / 2)) *
          (-(![1, 1, 1, 1] 2).im / 2) -
        (-(h * ((![1, Complex.I, -1, -Complex.I] 2).re / 2)) - h * ((![1, Complex.I, -1, -Complex.I] 2).im / 2)) *
          ((![1, 1, 1, 1] 2).re / 2) +
      ((-(h * ((![Complex.I, -1, -Complex.I] 2).re / 2)) - h * ((![Complex.I, -1, -Complex.I] 2).im / 2)) *
          (-(![1, 1, 1] 2).im / 2) +
        (-(h * ((![Complex.I, -1, -Complex.I] 2).im / 2)) + h * ((![Complex.I, -1, -Complex.I] 2).re / 2)) *
          ((![1, 1, 1] 2).re / 2)) <
    0
⊢ False failed
error: ././././CyclicBell/D4.lean:116:42: linarith failed to find a contradiction
case a.«_@».Mathlib.Data.Matrix.Defs._hyg.155.«3».«0».a.h1.h
a✝ :
  -((-(h * ((![1, Complex.I, -1, -Complex.I] 2).im / 2)) + h * ((![1, Complex.I, -1, -Complex.I] 2).re / 2)) *
            ((![1, 1, 1, 1] 2).re / 2)) +
        -((-(h * ((![1, Complex.I, -1, -Complex.I] 2).re / 2)) - h * ((![1, Complex.I, -1, -Complex.I] 2).im / 2)) *
            (-(![1, 1, 1, 1] 2).im / 2)) +
      ((-(h * ((![Complex.I, -1, -Complex.I] 2).im / 2)) + h * ((![Complex.I, -1, -Complex.I] 2).re / 2)) *
          (-(![1, 1, 1] 2).im / 2) -
        (-(h * ((![Complex.I, -1, -Complex.I] 2).re / 2)) - h * ((![Complex.I, -1, -Complex.I] 2).im / 2)) *
          ((![1, 1, 1] 2).re / 2)) <
    0
⊢ False failed
error: ././././CyclicBell/D4.lean:116:42: linarith failed to find a contradiction
case a.«_@».Mathlib.Data.Matrix.Defs._hyg.155.«3».«1».a.h1.h
a✝ :
  h * (1 / 2) * (h * (1 / 2)) + h * (1 / 2) * (h * (1 / 2)) +
      ((-(h * ((![1, Complex.I, -1, -Complex.I] 2).im / 2)) + h * ((![1, Complex.I, -1, -Complex.I] 2).re / 2)) *
            (h * (-(![1, -Complex.I, -1, Complex.I] 2).im / 2) + -(h * ((![1, -Complex.I, -1, Complex.I] 2).re / 2))) -
          (-(h * ((![1, Complex.I, -1, -Complex.I] 2).re / 2)) - h * ((![1, Complex.I, -1, -Complex.I] 2).im / 2)) *
            (h * ((![1, -Complex.I, -1, Complex.I] 2).re / 2) + h * (-(![1, -Complex.I, -1, Complex.I] 2).im / 2)) +
        ((-(h * ((![Complex.I, -1, -Complex.I] 2).re / 2)) - h * ((![Complex.I, -1, -Complex.I] 2).im / 2)) *
            (h * (-(![-Complex.I, -1, Complex.I] 2).im / 2) + -(h * ((![-Complex.I, -1, Complex.I] 2).re / 2))) +
          (-(h * ((![Complex.I, -1, -Complex.I] 2).im / 2)) + h * ((![Complex.I, -1, -Complex.I] 2).re / 2)) *
            (h * ((![-Complex.I, -1, Complex.I] 2).re / 2) + h * (-(![-Complex.I, -1, Complex.I] 2).im / 2)))) <
    0
⊢ False failed
error: ././././CyclicBell/D4.lean:116:42: linarith failed to find a contradiction
case a.«_@».Mathlib.Data.Matrix.Defs._hyg.155.«3».«1».a.h1.h
a✝ :
  h * (1 / 2) * (h * (1 / 2)) + h * (1 / 2) * (h * (1 / 2)) +
      (-((-(h * ((![1, Complex.I, -1, -Complex.I] 2).im / 2)) + h * ((![1, Complex.I, -1, -Complex.I] 2).re / 2)) *
              (h * ((![1, -Complex.I, -1, Complex.I] 2).re / 2) + h * (-(![1, -Complex.I, -1, Complex.I] 2).im / 2))) +
          -((-(h * ((![1, Complex.I, -1, -Complex.I] 2).re / 2)) - h * ((![1, Complex.I, -1, -Complex.I] 2).im / 2)) *
              (h * (-(![1, -Complex.I, -1, Complex.I] 2).im / 2) +
                -(h * ((![1, -Complex.I, -1, Complex.I] 2).re / 2)))) +
        ((-(h * ((![Complex.I, -1, -Complex.I] 2).im / 2)) + h * ((![Complex.I, -1, -Complex.I] 2).re / 2)) *
            (h * (-(![-Complex.I, -1, Complex.I] 2).im / 2) + -(h * ((![-Complex.I, -1, Complex.I] 2).re / 2))) -
          (-(h * ((![Complex.I, -1, -Complex.I] 2).re / 2)) - h * ((![Complex.I, -1, -Complex.I] 2).im / 2)) *
            (h * ((![-Complex.I, -1, Complex.I] 2).re / 2) + h * (-(![-Complex.I, -1, Complex.I] 2).im / 2)))) <
    0
⊢ False failed
error: ././././CyclicBell/D4.lean:116:42: linarith failed to find a contradiction
case a.«_@».Mathlib.Data.Matrix.Defs._hyg.155.«3».«2».a.h1.h
a✝ :
  h * (1 / 2) * (1 / 2) +
      (h * (1 / 2) * (1 / 2) +
        ((-(h * ((![1, Complex.I, -1, -Complex.I] 2).re / 2)) - h * ((![1, Complex.I, -1, -Complex.I] 2).im / 2)) *
              ((![1, -1, 1, -1] 2).re / 2) -
            (-(h * ((![1, Complex.I, -1, -Complex.I] 2).im / 2)) + h * ((![1, Complex.I, -1, -Complex.I] 2).re / 2)) *
              (-(![1, -1, 1, -1] 2).im / 2) +
          (-((-(h * ((![Complex.I, -1, -Complex.I] 2).im / 2)) + h * ((![Complex.I, -1, -Complex.I] 2).re / 2)) *
                ((![-1, 1, -1] 2).re / 2)) +
            -((-(h * ((![Complex.I, -1, -Complex.I] 2).re / 2)) - h * ((![Complex.I, -1, -Complex.I] 2).im / 2)) *
                (-(![-1, 1, -1] 2).im / 2))))) <
    h
⊢ False failed
error: ././././CyclicBell/D4.lean:116:42: linarith failed to find a contradiction
case a.«_@».Mathlib.Data.Matrix.Defs._hyg.155.«3».«2».a.h1.h
a✝ :
  -(h * (1 / 2) * (1 / 2)) +
      (-(h * (1 / 2) * (1 / 2)) +
        ((-(h * ((![1, Complex.I, -1, -Complex.I] 2).re / 2)) - h * ((![1, Complex.I, -1, -Complex.I] 2).im / 2)) *
              (-(![1, -1, 1, -1] 2).im / 2) +
            (-(h * ((![1, Complex.I, -1, -Complex.I] 2).im / 2)) + h * ((![1, Complex.I, -1, -Complex.I] 2).re / 2)) *
              ((![1, -1, 1, -1] 2).re / 2) +
          ((-(h * ((![Complex.I, -1, -Complex.I] 2).re / 2)) - h * ((![Complex.I, -1, -Complex.I] 2).im / 2)) *
              ((![-1, 1, -1] 2).re / 2) -
            (-(h * ((![Complex.I, -1, -Complex.I] 2).im / 2)) + h * ((![Complex.I, -1, -Complex.I] 2).re / 2)) *
              (-(![-1, 1, -1] 2).im / 2)))) <
    -h
⊢ False failed
error: ././././CyclicBell/D4.lean:116:42: linarith failed to find a contradiction
case a.«_@».Mathlib.Data.Matrix.Defs._hyg.155.«3».«3».a.h1.h
a✝ :
  h * (1 / 2) * (h * (1 / 2)) + h * (1 / 2) * (h * (1 / 2)) +
      ((-(h * ((![1, Complex.I, -1, -Complex.I] 2).im / 2)) + h * ((![1, Complex.I, -1, -Complex.I] 2).re / 2)) *
            (-(h * (-(![1, Complex.I, -1, -Complex.I] 2).im / 2)) +
              -(h * ((![1, Complex.I, -1, -Complex.I] 2).re / 2))) -
          (-(h * ((![1, Complex.I, -1, -Complex.I] 2).re / 2)) - h * ((![1, Complex.I, -1, -Complex.I] 2).im / 2)) *
            (-(h * ((![1, Complex.I, -1, -Complex.I] 2).re / 2)) + h * (-(![1, Complex.I, -1, -Complex.I] 2).im / 2)) +
        ((-(h * ((![Complex.I, -1, -Complex.I] 2).re / 2)) - h * ((![Complex.I, -1, -Complex.I] 2).im / 2)) *
            (-(h * (-(![Complex.I, -1, -Complex.I] 2).im / 2)) + -(h * ((![Complex.I, -1, -Complex.I] 2).re / 2))) +
          (-(h * ((![Complex.I, -1, -Complex.I] 2).im / 2)) + h * ((![Complex.I, -1, -Complex.I] 2).re / 2)) *
            (-(h * ((![Complex.I, -1, -Complex.I] 2).re / 2)) + h * (-(![Complex.I, -1, -Complex.I] 2).im / 2)))) <
    0
⊢ False failed
error: ././././CyclicBell/D4.lean:116:42: linarith failed to find a contradiction
case a.«_@».Mathlib.Data.Matrix.Defs._hyg.155.«3».«3».a.h1.h
a✝ :
  h * (1 / 2) * (h * (1 / 2)) + h * (1 / 2) * (h * (1 / 2)) +
      (-((-(h * ((![1, Complex.I, -1, -Complex.I] 2).im / 2)) + h * ((![1, Complex.I, -1, -Complex.I] 2).re / 2)) *
              (-(h * ((![1, Complex.I, -1, -Complex.I] 2).re / 2)) +
                h * (-(![1, Complex.I, -1, -Complex.I] 2).im / 2))) +
          -((-(h * ((![1, Complex.I, -1, -Complex.I] 2).re / 2)) - h * ((![1, Complex.I, -1, -Complex.I] 2).im / 2)) *
              (-(h * (-(![1, Complex.I, -1, -Complex.I] 2).im / 2)) +
                -(h * ((![1, Complex.I, -1, -Complex.I] 2).re / 2)))) +
        ((-(h * ((![Complex.I, -1, -Complex.I] 2).im / 2)) + h * ((![Complex.I, -1, -Complex.I] 2).re / 2)) *
            (-(h * (-(![Complex.I, -1, -Complex.I] 2).im / 2)) + -(h * ((![Complex.I, -1, -Complex.I] 2).re / 2))) -
          (-(h * ((![Complex.I, -1, -Complex.I] 2).re / 2)) - h * ((![Complex.I, -1, -Complex.I] 2).im / 2)) *
            (-(h * ((![Complex.I, -1, -Complex.I] 2).re / 2)) + h * (-(![Complex.I, -1, -Complex.I] 2).im / 2)))) <
    0
⊢ False failed
error: Lean exited with code 1
Some required builds logged failures:
- CyclicBell.D4
error: build failed
