CyclicBell/GeneralCoverageSourcePolar.lean:26:28: error: unknown constant 'Matrix.conjTranspose_diagonal'
CyclicBell/GeneralCoverageSourcePolar.lean:29:4: error: unsolved goals
case pos
d : ℕ
inst✝ : NeZero d
i : Ix d
⊢ chi (-i) * chi i = 1
CyclicBell/GeneralCoverageSourcePolar.lean:33:28: error: unknown constant 'Matrix.conjTranspose_diagonal'
CyclicBell/GeneralCoverageSourcePolar.lean:36:4: error: unsolved goals
case pos
d : ℕ
inst✝ : NeZero d
i : Ix d
⊢ chi (-i) * chi i = 1
CyclicBell/GeneralCoverageSourcePolar.lean:60:42: error: unknown constant 'Matrix.conjTranspose_diagonal'
Try this: ring_nf
CyclicBell/GeneralCoverageSourcePolar.lean:63:2: error: unsolved goals
case pos
d : ℕ
inst✝ : NeZero d
y j : Ix d
⊢ chi y * ((Matrix.diagonal chi)ᴴ * weightedCycle fun x => 1) (1 + j) j = if True then chi (-1 - j + y) else 0
CyclicBell/GeneralCoverageSourcePolar.lean:67:2: error: unsolved goals
case neg
d : ℕ
inst✝ : NeZero d
y i j : Ix d
hij : ¬i = j + 1
⊢ weightedCycle (fun x => 1) i j = 0
CyclicBell/GeneralCoverageSourcePolar.lean:93:83: error: (deterministic) timeout at `whnf`, maximum number of heartbeats (200000) has been reached
Use `set_option maxHeartbeats <num>` to set the limit.

Additional diagnostic information may be available using the `set_option diagnostics true` command.
