{
  "started_utc": "2026-10-03T06:50:25.312963+00:00",
  "private_storage": "/Users/alec/Documents/Math/draft_pr_descending_audit_20261002/audits/pr375_30004293/moments_review/tmp/sources",
  "sources": [
    {
      "identity": "green_owr2019",
      "url": "https://ems.press/content/serial-article-files/46829",
      "access_utc": "2026-10-03T06:50:26.601917+00:00",
      "command": [
        "/usr/bin/curl",
        "-L",
        "--fail",
        "--silent",
        "--show-error",
        "https://ems.press/content/serial-article-files/46829",
        "-o",
        "/Users/alec/Documents/Math/draft_pr_descending_audit_20261002/audits/pr375_30004293/moments_review/tmp/sources/green_owr2019.pdf"
      ],
      "returncode": 0,
      "stdout": "",
      "stderr": "",
      "bytes": 582084,
      "sha256": "549b3c1ecb3abb2a970f622e499b1b5aac23a02f4c73567408dfd8c457aff021",
      "pdf_header": "%PDF-1.7",
      "extract": {
        "returncode": 0,
        "stdout": "",
        "stderr": ""
      }
    },
    {
      "identity": "fgk_arxiv_v3",
      "url": "https://arxiv.org/pdf/1908.00378v3",
      "access_utc": "2026-10-03T06:50:26.935370+00:00",
      "command": [
        "/usr/bin/curl",
        "-L",
        "--fail",
        "--silent",
        "--show-error",
        "https://arxiv.org/pdf/1908.00378v3",
        "-o",
        "/Users/alec/Documents/Math/draft_pr_descending_audit_20261002/audits/pr375_30004293/moments_review/tmp/sources/fgk_arxiv_v3.pdf"
      ],
      "returncode": 0,
      "stdout": "",
      "stderr": "",
      "bytes": 1062241,
      "sha256": "c8778dcbd01c9bc9ff85f058c63d74559fda98e5a0b883c7d1e3abb0ac21fb9a",
      "pdf_header": "%PDF-1.4",
      "extract": {
        "returncode": 0,
        "stdout": "",
        "stderr": ""
      }
    },
    {
      "identity": "fgk_published",
      "url": "https://link.springer.com/content/pdf/10.1007/s00222-022-01177-y.pdf",
      "access_utc": "2026-10-03T06:50:28.557344+00:00",
      "command": [
        "/usr/bin/curl",
        "-L",
        "--fail",
        "--silent",
        "--show-error",
        "https://link.springer.com/content/pdf/10.1007/s00222-022-01177-y.pdf",
        "-o",
        "/Users/alec/Documents/Math/draft_pr_descending_audit_20261002/audits/pr375_30004293/moments_review/tmp/sources/fgk_published.pdf"
      ],
      "returncode": 0,
      "stdout": "",
      "stderr": "",
      "bytes": 1429834,
      "sha256": "bf73b84fc2fad7fb1a58521e66084dd91d3be64ca5069e71a36794dd3eb36107",
      "pdf_header": "%PDF-1.4",
      "extract": {
        "returncode": 0,
        "stdout": "",
        "stderr": ""
      }
    },
    {
      "identity": "mao_song_v2",
      "url": "https://arxiv.org/pdf/2609.22296v2",
      "access_utc": "2026-10-03T06:50:29.301161+00:00",
      "command": [
        "/usr/bin/curl",
        "-L",
        "--fail",
        "--silent",
        "--show-error",
        "https://arxiv.org/pdf/2609.22296v2",
        "-o",
        "/Users/alec/Documents/Math/draft_pr_descending_audit_20261002/audits/pr375_30004293/moments_review/tmp/sources/mao_song_v2.pdf"
      ],
      "returncode": 0,
      "stdout": "",
      "stderr": "",
      "bytes": 834993,
      "sha256": "69df34c19aa033186b0a6c13bf041e02223955542dec970a1ba94de2d1804a06",
      "pdf_header": "%PDF-1.7",
      "extract": {
        "returncode": 0,
        "stdout": "",
        "stderr": "Syntax Warning: Mismatch between font type and embedded font file\n"
      }
    },
    {
      "identity": "tenenbaum_powers",
      "url": "https://tenenb.perso.math.cnrs.fr/PPP/Delta%28n%5Er%29.pdf",
      "access_utc": "2026-10-03T06:50:30.829555+00:00",
      "command": [
        "/usr/bin/curl",
        "-L",
        "--fail",
        "--silent",
        "--show-error",
        "https://tenenb.perso.math.cnrs.fr/PPP/Delta%28n%5Er%29.pdf",
        "-o",
        "/Users/alec/Documents/Math/draft_pr_descending_audit_20261002/audits/pr375_30004293/moments_review/tmp/sources/tenenbaum_powers.pdf"
      ],
      "returncode": 0,
      "stdout": "",
      "stderr": "",
      "bytes": 406423,
      "sha256": "fa647d4ceab649e6ab53d1696fe56a8ff2e3bdf26b9cbf5c5bfe7651c15522a6",
      "pdf_header": "%PDF-1.7",
      "extract": {
        "returncode": 0,
        "stdout": "",
        "stderr": ""
      }
    }
  ],
  "ended_utc": "2026-10-03T06:50:30.897654+00:00"
}
