{
  "cases": [
    {
      "B": 22,
      "M": "4",
      "arrows": [
        [
          0,
          1,
          3
        ]
      ],
      "c": "1",
      "certified_lower_bound": "0",
      "d": [
        3,
        4
      ],
      "eligible": 489,
      "enumerated": 1245,
      "minimum_gap_slack": "1/55",
      "name": "unequal Kronecker dimension",
      "negative_Rayleigh_vectors": 0,
      "negative_euler": 744,
      "restricted_shift_minors": [
        "55/18"
      ],
      "scales": [
        1,
        6
      ],
      "strict_cutoffs": 2977,
      "w": [
        6,
        1
      ]
    },
    {
      "B": 6,
      "M": "1",
      "arrows": [
        [
          0,
          1,
          3
        ],
        [
          1,
          2,
          1
        ],
        [
          2,
          3,
          3
        ]
      ],
      "c": "1/4",
      "certified_lower_bound": "-3/4",
      "d": [
        1,
        1,
        1,
        1
      ],
      "eligible": 315,
      "enumerated": 4675,
      "minimum_gap_slack": "397/5040",
      "name": "negative restricted branch",
      "negative_Rayleigh_vectors": 294,
      "negative_euler": 4348,
      "restricted_shift_minors": [
        "103/4",
        "1569/16",
        "2079/32"
      ],
      "scales": [
        1,
        6
      ],
      "strict_cutoffs": 1742,
      "w": [
        1,
        2,
        2,
        1
      ]
    },
    {
      "B": 38,
      "M": "1",
      "arrows": [
        [
          0,
          1,
          3
        ],
        [
          1,
          2,
          1
        ],
        [
          2,
          3,
          3
        ]
      ],
      "c": "1/4",
      "certified_lower_bound": "-3/4",
      "d": [
        2,
        3,
        3,
        2
      ],
      "eligible": 396,
      "enumerated": 6269,
      "minimum_gap_slack": "3559/49704",
      "name": "unequal negative branch",
      "negative_Rayleigh_vectors": 340,
      "negative_euler": 5867,
      "restricted_shift_minors": [
        "367/50",
        "9699/400",
        "6657/400"
      ],
      "scales": [
        1,
        3
      ],
      "strict_cutoffs": 2184,
      "w": [
        5,
        3,
        3,
        5
      ]
    },
    {
      "B": 238,
      "M": "1/7",
      "arrows": [
        [
          0,
          1,
          6
        ],
        [
          0,
          2,
          1
        ],
        [
          1,
          2,
          6
        ]
      ],
      "c": "1",
      "certified_lower_bound": "0",
      "d": [
        3,
        4,
        3
      ],
      "eligible": 186,
      "enumerated": 4694,
      "minimum_gap_slack": "879/126616",
      "name": "nonconstant integral PF vector",
      "negative_Rayleigh_vectors": 0,
      "negative_euler": 4500,
      "restricted_shift_minors": [
        "194/9",
        "340/3"
      ],
      "scales": [
        1,
        4
      ],
      "strict_cutoffs": 1016,
      "w": [
        21,
        28,
        21
      ]
    }
  ],
  "checks": {
    "B_identity": 4,
    "Euler_homogeneity": 16845,
    "Euler_skew_identity": 16845,
    "Rayleigh_control_orthogonal": 1,
    "Rayleigh_quotient_variation": 1,
    "central_slope_zero": 4,
    "coordinate_box": 60228,
    "coordinate_square": 60228,
    "disconnected_full_cone_positivity": 1,
    "eta_in_open_interval": 16845,
    "exact_PF_eigenvector": 1,
    "exact_restricted_sylvester": 4,
    "incidence_dimension": 16883,
    "kernel_basis": 9,
    "negative_euler_locus_excluded": 15459,
    "positive_constant": 4,
    "positive_denominator": 4,
    "proper_incidence_dimension": 15459,
    "restricted_Rayleigh": 16845,
    "slope_homogeneity": 1386,
    "strict_boundary_control": 1,
    "strict_epsilon_positive": 7919,
    "strict_expansion_gap": 7919,
    "uniform_Rayleigh_box": 16845,
    "uniform_numerical_estimate": 1386,
    "uniform_slope_gap": 1386,
    "unweighted_box": 16845,
    "weighted_box": 16845,
    "weighted_orthogonality": 16845,
    "zero_extension_denominator": 1,
    "zero_extension_numerator": 1
  },
  "method": "exact Fraction arithmetic; explicit failures",
  "mutant": "none",
  "scope": "finite support checks; universal proof separately audited",
  "status": "PASS",
  "total_checks": 323049
}
