Command:
PYTHONPATH=src PYTHONWARNINGS=error /usr/bin/time -lp python3 -m unittest discover -s tests -q

----------------------------------------------------------------------
Ran 398 tests in 385.723s

OK
real 386.21
user 359.04
sys 12.44
           185417728  maximum resident set size
                   0  average shared memory size
                   0  average unshared data size
                   0  average unshared stack size
             1645873  page reclaims
               11841  page faults
                   0  swaps
                   0  block input operations
                   0  block output operations
                   0  messages sent
                   0  messages received
                   1  signals received
               14476  voluntary context switches
              219586  involuntary context switches
       5429391459520  instructions retired
       1131671182166  cycles elapsed
           204046936  peak memory footprint
