test_complete_partition_aggregates (test_aggregate_unlabeled.AggregateUnlabeledTests.test_complete_partition_aggregates) ... ok
test_incomplete_or_misassigned_shard_is_rejected (test_aggregate_unlabeled.AggregateUnlabeledTests.test_incomplete_or_misassigned_shard_is_rejected) ... ok
test_c5_fresh_validators_require_exact_status_and_output (test_c035_replay.C035ReplayTests.test_c5_fresh_validators_require_exact_status_and_output) ... ok
test_c7_fresh_validator_requires_actual_checker_replay (test_c035_replay.C035ReplayTests.test_c7_fresh_validator_requires_actual_checker_replay) ... ok
test_c9_fresh_validator_requires_exact_verified_marker_census (test_c035_replay.C035ReplayTests.test_c9_fresh_validator_requires_exact_verified_marker_census) ... ok
test_cpu_load_gate_is_fail_closed_and_reported (test_c035_replay.C035ReplayTests.test_cpu_load_gate_is_fail_closed_and_reported) ... ok
test_default_load_ceiling_is_below_logical_cpu_count (test_c035_replay.C035ReplayTests.test_default_load_ceiling_is_below_logical_cpu_count) ... ok
test_full_composition_promotes_only_after_all_four_audits (test_c035_replay.C035ReplayTests.test_full_composition_promotes_only_after_all_four_audits) ... ok
test_full_mode_has_four_sequential_clean_room_audits (test_c035_replay.C035ReplayTests.test_full_mode_has_four_sequential_clean_room_audits) ... ok
test_isolated_child_requires_clean_json_and_empty_stderr (test_c035_replay.C035ReplayTests.test_isolated_child_requires_clean_json_and_empty_stderr) ... ok
test_lock_is_self_pinned_and_claim_specific (test_c035_replay.C035ReplayTests.test_lock_is_self_pinned_and_claim_specific) ... ok
test_manifest_parser_rejects_duplicate_ids_and_scope_mutation (test_c035_replay.C035ReplayTests.test_manifest_parser_rejects_duplicate_ids_and_scope_mutation) ... ok
test_output_creation_is_exclusive (test_c035_replay.C035ReplayTests.test_output_creation_is_exclusive) ... ok
test_real_fast_mode_is_explicitly_nonclaiming (test_c035_replay.C035ReplayTests.test_real_fast_mode_is_explicitly_nonclaiming) ... ok
test_replay_source_has_no_search_or_synthesis_import (test_c035_replay.C035ReplayTests.test_replay_source_has_no_search_or_synthesis_import) ... ok
test_snapshot_guard_detects_mutation (test_c035_replay.C035ReplayTests.test_snapshot_guard_detects_mutation) ... ok
test_strict_json_rejects_duplicates_nonfinite_and_noise (test_c035_replay.C035ReplayTests.test_strict_json_rejects_duplicates_nonfinite_and_noise) ... ok
test_mmv2022_table9_is_exactly_2_plus_54_unique_records (test_catalog_shape.PublishedCatalogShapeTests.test_mmv2022_table9_is_exactly_2_plus_54_unique_records) ... ok
test_c5_theta_greater_than_two_round_trip (test_coloring_trace.ColoringTraceTests.test_c5_theta_greater_than_two_round_trip) ... ok
test_cli_generate_and_verify (test_coloring_trace.ColoringTraceTests.test_cli_generate_and_verify) ... ok
test_colorable_claim_is_rejected_without_output (test_coloring_trace.ColoringTraceTests.test_colorable_claim_is_rejected_without_output) ... ok
test_every_labeled_graph_through_order_five (test_coloring_trace.ColoringTraceTests.test_every_labeled_graph_through_order_five) ... ok
test_existing_output_is_preserved_without_overwrite (test_coloring_trace.ColoringTraceTests.test_existing_output_is_preserved_without_overwrite) ... ok
test_external_claim_binding (test_coloring_trace.ColoringTraceTests.test_external_claim_binding) ... ok
test_huge_color_counts_and_json_integers_fail_closed (test_coloring_trace.ColoringTraceTests.test_huge_color_counts_and_json_integers_fail_closed) ... ok
test_malformed_stream_records_are_rejected (test_coloring_trace.ColoringTraceTests.test_malformed_stream_records_are_rejected) ... ok
test_published_near_miss_theta_greater_than_three (test_coloring_trace.ColoringTraceTests.test_published_near_miss_theta_greater_than_three) ... ok
test_tree_and_footer_tampering_is_rejected (test_coloring_trace.ColoringTraceTests.test_tree_and_footer_tampering_is_rejected) ... ok
test_zero_colors_proves_every_nonempty_complement_uncolorable (test_coloring_trace.ColoringTraceTests.test_zero_colors_proves_every_nonempty_complement_uncolorable) ... ok
test_rejects_a_missing_mask_in_the_middle (test_coverage_audit.CoverageAuditTests.test_rejects_a_missing_mask_in_the_middle) ... ok
test_rejects_canonical_multiplicity_corruption (test_coverage_audit.CoverageAuditTests.test_rejects_canonical_multiplicity_corruption) ... ok
test_rejects_csv_change_even_when_checkpoint_hash_is_rebound (test_coverage_audit.CoverageAuditTests.test_rejects_csv_change_even_when_checkpoint_hash_is_rebound) ... ok
test_rejects_full_run_configuration_with_active_shard (test_coverage_audit.CoverageAuditTests.test_rejects_full_run_configuration_with_active_shard) ... ok
test_rejects_live_sqlite_companion_and_bad_resource_controls (test_coverage_audit.CoverageAuditTests.test_rejects_live_sqlite_companion_and_bad_resource_controls) ... ok
test_rejects_nonisomorphic_raw_to_canonical_pair (test_coverage_audit.CoverageAuditTests.test_rejects_nonisomorphic_raw_to_canonical_pair) ... ok
test_rejects_wrong_raw_host_mask_reconstruction (test_coverage_audit.CoverageAuditTests.test_rejects_wrong_raw_host_mask_reconstruction) ... ok
test_resumable_end_to_end_audit (test_coverage_audit.CoverageAuditTests.test_resumable_end_to_end_audit) ... ok
test_resume_replays_and_rejects_a_tampered_mapping_receipt (test_coverage_audit.CoverageAuditTests.test_resume_replays_and_rejects_a_tampered_mapping_receipt) ... ok
test_checker_has_no_search_or_campaign_verifier_import (test_coverage_audit.ProductionUniverseTests.test_checker_has_no_search_or_campaign_verifier_import) ... ok
test_independent_catalog_join_is_exactly_55_and_110537 (test_coverage_audit.ProductionUniverseTests.test_independent_catalog_join_is_exactly_55_and_110537) ... ok
test_against_brute_force_for_all_graph_pairs_through_order_four (test_coverage_graph.ExactIsomorphismTests.test_against_brute_force_for_all_graph_pairs_through_order_four) ... ok
test_named_isomorphic_and_nonisomorphic_regular_graphs (test_coverage_graph.ExactIsomorphismTests.test_named_isomorphic_and_nonisomorphic_regular_graphs) ... ok
test_order_twelve_relabeling (test_coverage_graph.ExactIsomorphismTests.test_order_twelve_relabeling) ... ok
test_random_relabelings_and_small_brute_force_differential (test_coverage_graph.ExactIsomorphismTests.test_random_relabelings_and_small_brute_force_differential) ... ok
test_extension_has_exact_requested_neighborhood (test_coverage_graph.ExtensionTests.test_extension_has_exact_requested_neighborhood) ... ok
test_extension_rejects_empty_out_of_range_and_order_thirteen (test_coverage_graph.ExtensionTests.test_extension_rejects_empty_out_of_range_and_order_thirteen) ... ok
test_rejects_invalid_graph_objects_and_edges (test_coverage_graph.GraphValidationTests.test_rejects_invalid_graph_objects_and_edges) ... ok
test_relabel_requires_a_permutation (test_coverage_graph.GraphValidationTests.test_relabel_requires_a_permutation) ... ok
test_exhaustive_round_trip_through_order_five (test_coverage_graph.StrictGraph6Tests.test_exhaustive_round_trip_through_order_five) ... ok
test_known_records_and_header (test_coverage_graph.StrictGraph6Tests.test_known_records_and_header) ... ok
test_rejects_malformed_noncanonical_and_extended_records (test_coverage_graph.StrictGraph6Tests.test_rejects_malformed_noncanonical_and_extended_records) ... ok
test_rejects_nonzero_padding_and_orders_over_limit (test_coverage_graph.StrictGraph6Tests.test_rejects_nonzero_padding_and_orders_over_limit) ... ok
test_both_stacks_agree_on_deep_base_parameters_and_game (test_deep_survivor_radius2.DeepSurvivorRadiusTwoTests.test_both_stacks_agree_on_deep_base_parameters_and_game) ... ok
test_exact_canonical_multiplicity_coverage (test_deep_survivor_radius2.DeepSurvivorRadiusTwoTests.test_exact_canonical_multiplicity_coverage) ... ok
test_exact_raw_coverage_arithmetic_and_order (test_deep_survivor_radius2.DeepSurvivorRadiusTwoTests.test_exact_raw_coverage_arithmetic_and_order) ... ok
test_expected_histograms_are_complete_and_candidate_free (test_deep_survivor_radius2.DeepSurvivorRadiusTwoTests.test_expected_histograms_are_complete_and_candidate_free) ... ok
test_malformed_or_wrong_base_is_rejected (test_deep_survivor_radius2.DeepSurvivorRadiusTwoTests.test_malformed_or_wrong_base_is_rejected) ... ok
test_output_path_cannot_be_a_non_json_source_alias (test_deep_survivor_radius2.DeepSurvivorRadiusTwoTests.test_output_path_cannot_be_a_non_json_source_alias) ... ok
test_raw_generation_and_tamper_detection (test_deep_survivor_radius2.DeepSurvivorRadiusTwoTests.test_raw_generation_and_tamper_detection) ... ok
test_source_manifest_tamper_is_rejected (test_deep_survivor_radius2.DeepSurvivorRadiusTwoTests.test_source_manifest_tamper_is_rejected) ... ok
test_named_and_published_graphs_all_k (test_differential.DifferentialSmokeTest.test_named_and_published_graphs_all_k) ... ok
test_checker_has_no_forbidden_imports (test_edge_toggle_coverage_audit.EdgeToggleCoverageAuditTests.test_checker_has_no_forbidden_imports) ... ok
test_every_seed_pair_occurs_once_in_lexicographic_order (test_edge_toggle_coverage_audit.EdgeToggleCoverageAuditTests.test_every_seed_pair_occurs_once_in_lexicographic_order) ... ok
test_exact_independent_seed_scope (test_edge_toggle_coverage_audit.EdgeToggleCoverageAuditTests.test_exact_independent_seed_scope) ... ok
test_origin_reconstruction_accepts_independent_relabeling (test_edge_toggle_coverage_audit.EdgeToggleCoverageAuditTests.test_origin_reconstruction_accepts_independent_relabeling) ... ok
test_origin_reconstruction_detects_wrong_action_raw_and_key (test_edge_toggle_coverage_audit.EdgeToggleCoverageAuditTests.test_origin_reconstruction_detects_wrong_action_raw_and_key) ... ok
test_receipt_chain_binds_every_field (test_edge_toggle_coverage_audit.EdgeToggleCoverageAuditTests.test_receipt_chain_binds_every_field) ... ok
test_seed_byte_pin_rejects_modified_copy (test_edge_toggle_coverage_audit.EdgeToggleCoverageAuditTests.test_seed_byte_pin_rejects_modified_copy) ... ok
test_every_pair_toggle_is_involutive (test_edge_toggle_coverage_graph.EdgeToggleCoverageGraphTests.test_every_pair_toggle_is_involutive) ... ok
test_exact_isomorphism_witnesses_relabelings (test_edge_toggle_coverage_graph.EdgeToggleCoverageGraphTests.test_exact_isomorphism_witnesses_relabelings) ... ok
test_graph6_roundtrip_all_order_five_labeled_graphs (test_edge_toggle_coverage_graph.EdgeToggleCoverageGraphTests.test_graph6_roundtrip_all_order_five_labeled_graphs) ... ok
test_isomorphism_decision_agrees_with_bruteforce_order_five (test_edge_toggle_coverage_graph.EdgeToggleCoverageGraphTests.test_isomorphism_decision_agrees_with_bruteforce_order_five) ... ok
test_same_degree_nonisomorphic_graphs_are_rejected (test_edge_toggle_coverage_graph.EdgeToggleCoverageGraphTests.test_same_degree_nonisomorphic_graphs_are_rejected) ... ok
test_strict_graph6_rejects_malformed_records (test_edge_toggle_coverage_graph.EdgeToggleCoverageGraphTests.test_strict_graph6_rejects_malformed_records) ... ok
test_checker_imports_no_search_verifier_or_earlier_evaluator (test_edge_toggle_evaluation_audit.BindingAndIndependenceTests.test_checker_imports_no_search_verifier_or_earlier_evaluator) ... ok
test_output_alias_to_database_is_rejected (test_edge_toggle_evaluation_audit.BindingAndIndependenceTests.test_output_alias_to_database_is_rejected) ... ok
test_production_binding_and_unique_row_count (test_edge_toggle_evaluation_audit.BindingAndIndependenceTests.test_production_binding_and_unique_row_count) ... ok
test_reused_parser_is_exactly_pinned (test_edge_toggle_evaluation_audit.BindingAndIndependenceTests.test_reused_parser_is_exactly_pinned) ... ok
test_strict_json_rejects_duplicate_keys_and_nonfinite_values (test_edge_toggle_evaluation_audit.BindingAndIndependenceTests.test_strict_json_rejects_duplicate_keys_and_nonfinite_values) ... ok
test_blocker_trace_and_ledger_tampering_fail (test_edge_toggle_evaluation_audit.PerRowCertificateTests.test_blocker_trace_and_ledger_tampering_fail) ... ok
test_c5_and_c7_records_generate_and_replay (test_edge_toggle_evaluation_audit.PerRowCertificateTests.test_c5_and_c7_records_generate_and_replay) ... ok
test_stored_gamma_and_category_are_reconciled_after_proof (test_edge_toggle_evaluation_audit.PerRowCertificateTests.test_stored_gamma_and_category_are_reconciled_after_proof) ... ok
test_domination_tampering_fails (test_edge_toggle_evaluation_math.DominationProofTests.test_domination_tampering_fails) ... ok
test_explicit_exhaustive_proofs_for_c5_and_c7 (test_edge_toggle_evaluation_math.DominationProofTests.test_explicit_exhaustive_proofs_for_c5_and_c7) ... ok
test_gamma_outside_target_fails_closed (test_edge_toggle_evaluation_math.DominationProofTests.test_gamma_outside_target_fails_closed) ... ok
test_empty_traces_round_trip (test_edge_toggle_evaluation_math.FixedPointTraceTests.test_empty_traces_round_trip) ... ok
test_frozenset_differential_all_graphs_through_order_four (test_edge_toggle_evaluation_math.FixedPointTraceTests.test_frozenset_differential_all_graphs_through_order_four) ... ok
test_initial_family_contains_only_dominating_ordinary_sets (test_edge_toggle_evaluation_math.FixedPointTraceTests.test_initial_family_contains_only_dominating_ordinary_sets) ... ok
test_nonempty_fixed_point_is_not_an_empty_certificate (test_edge_toggle_evaluation_math.FixedPointTraceTests.test_nonempty_fixed_point_is_not_an_empty_certificate) ... ok
test_random_order_six_differential (test_edge_toggle_evaluation_math.FixedPointTraceTests.test_random_order_six_differential) ... ok
test_tampered_incomplete_and_occupied_attack_traces_fail (test_edge_toggle_evaluation_math.FixedPointTraceTests.test_tampered_incomplete_and_occupied_attack_traces_fail) ... ok
test_bounded_sample_resumes_without_duplicate_origins (test_edge_toggle_killtest.EdgeToggleKillTestTests.test_bounded_sample_resumes_without_duplicate_origins) ... ok
test_candidate_marker_blocks_resume_without_advancing (test_edge_toggle_killtest.EdgeToggleKillTestTests.test_candidate_marker_blocks_resume_without_advancing) ... ok
test_candidate_row_without_marker_blocks_resume (test_edge_toggle_killtest.EdgeToggleKillTestTests.test_candidate_row_without_marker_blocks_resume) ... ok
test_checkpoint_json_is_not_created_by_import_or_scope_checks (test_edge_toggle_killtest.EdgeToggleKillTestTests.test_checkpoint_json_is_not_created_by_import_or_scope_checks) ... ok
test_complete_null_stream_hash_crash_state_is_repaired (test_edge_toggle_killtest.EdgeToggleKillTestTests.test_complete_null_stream_hash_crash_state_is_repaired) ... ok
test_derived_checkpoint_symlink_aliases_are_rejected (test_edge_toggle_killtest.EdgeToggleKillTestTests.test_derived_checkpoint_symlink_aliases_are_rejected) ... ok
test_disconnected_toggle_is_pruned_before_parameters (test_edge_toggle_killtest.EdgeToggleKillTestTests.test_disconnected_toggle_is_pruned_before_parameters) ... ok
test_every_unordered_pair_occurs_once_and_toggle_is_involutive (test_edge_toggle_killtest.EdgeToggleKillTestTests.test_every_unordered_pair_occurs_once_and_toggle_is_involutive) ... ok
test_exact_derived_checkpoint_database_overwrite_is_rejected (test_edge_toggle_killtest.EdgeToggleKillTestTests.test_exact_derived_checkpoint_database_overwrite_is_rejected) ... ok
test_exact_evaluation_uses_both_stacks_and_complement_coloring (test_edge_toggle_killtest.EdgeToggleKillTestTests.test_exact_evaluation_uses_both_stacks_and_complement_coloring) ... ok
test_exact_seed_scope_and_raw_coverage (test_edge_toggle_killtest.EdgeToggleKillTestTests.test_exact_seed_scope_and_raw_coverage) ... ok
test_initial_schema_and_seed_rows_roll_back_together (test_edge_toggle_killtest.EdgeToggleKillTestTests.test_initial_schema_and_seed_rows_roll_back_together) ... ok
test_modified_seed_input_fails_exact_hash_binding (test_edge_toggle_killtest.EdgeToggleKillTestTests.test_modified_seed_input_fails_exact_hash_binding) ... ok
test_nonfinite_gates_fail_before_database_creation (test_edge_toggle_killtest.EdgeToggleKillTestTests.test_nonfinite_gates_fail_before_database_creation) ... ok
test_path_roles_reject_output_aliasing_source_and_each_other (test_edge_toggle_killtest.EdgeToggleKillTestTests.test_path_roles_reject_output_aliasing_source_and_each_other) ... ok
test_certificate_extra_data_fails_closed (test_evaluation_audit.EvaluationCertificateTests.test_certificate_extra_data_fails_closed) ... ok
test_input_byte_tamper_breaks_hash_binding (test_evaluation_audit.EvaluationCertificateTests.test_input_byte_tamper_breaks_hash_binding) ... ok
test_round_trip_all_four_mathematical_categories (test_evaluation_audit.EvaluationCertificateTests.test_round_trip_all_four_mathematical_categories) ... ok
test_tampered_fixed_point_trace_fails_closed (test_evaluation_audit.EvaluationCertificateTests.test_tampered_fixed_point_trace_fails_closed) ... ok
test_tampered_row_certificate_fails_closed (test_evaluation_audit.EvaluationCertificateTests.test_tampered_row_certificate_fails_closed) ... ok
test_truncated_certificate_fails_closed (test_evaluation_audit.EvaluationCertificateTests.test_truncated_certificate_fails_closed) ... ok
test_wrong_category_count_prevents_generation (test_evaluation_audit.EvaluationCertificateTests.test_wrong_category_count_prevents_generation) ... ok
test_runtime_modules_do_not_import_search_or_existing_verifiers (test_evaluation_audit.IndependenceBoundaryTests.test_runtime_modules_do_not_import_search_or_existing_verifiers) ... ok
test_all_guards_move_mutant_is_detected (test_evaluation_math_core.ModelMutationTraps.test_all_guards_move_mutant_is_detected) ... ok
test_missing_domination_mutant_is_detected (test_evaluation_math_core.ModelMutationTraps.test_missing_domination_mutant_is_detected) ... ok
test_occupied_attack_and_complement_confusion_are_detected (test_evaluation_math_core.ModelMutationTraps.test_occupied_attack_and_complement_confusion_are_detected) ... ok
test_c5_empty_two_guard_trace_round_trip (test_evaluation_math_core.OneGuardFixedPointTests.test_c5_empty_two_guard_trace_round_trip) ... ok
test_integer_mask_differential_all_graphs_through_order_four (test_evaluation_math_core.OneGuardFixedPointTests.test_integer_mask_differential_all_graphs_through_order_four) ... ok
test_nonempty_named_families (test_evaluation_math_core.OneGuardFixedPointTests.test_nonempty_named_families) ... ok
test_random_order_five_differential (test_evaluation_math_core.OneGuardFixedPointTests.test_random_order_five_differential) ... ok
test_tampered_trace_fails_closed (test_evaluation_math_core.OneGuardFixedPointTests.test_tampered_trace_fails_closed) ... ok
test_named_witnesses_and_exhaustive_negative_scans (test_evaluation_math_core.StaticPredicateTests.test_named_witnesses_and_exhaustive_negative_scans) ... ok
test_bounded_sample_resumes_without_duplicate_origins (test_extension_killtest.ExtensionKillTestTests.test_bounded_sample_resumes_without_duplicate_origins) ... ok
test_c7_reaches_both_eternal_implementations (test_extension_killtest.ExtensionKillTestTests.test_c7_reaches_both_eternal_implementations) ... ok
test_candidate_origin_row_alone_blocks_resume (test_extension_killtest.ExtensionKillTestTests.test_candidate_origin_row_alone_blocks_resume) ... ok
test_candidate_row_alone_blocks_resume_and_completion_audit (test_extension_killtest.ExtensionKillTestTests.test_candidate_row_alone_blocks_resume_and_completion_audit) ... ok
test_certified_host_selector_and_raw_coverage (test_extension_killtest.ExtensionKillTestTests.test_certified_host_selector_and_raw_coverage) ... ok
test_conflicting_and_trusted_path_roles_are_rejected (test_extension_killtest.ExtensionKillTestTests.test_conflicting_and_trusted_path_roles_are_rejected) ... ok
test_extension_uses_exact_nonempty_neighborhood (test_extension_killtest.ExtensionKillTestTests.test_extension_uses_exact_nonempty_neighborhood) ... ok
test_labelg_canonicalization_identifies_isomorphic_inputs (test_extension_killtest.ExtensionKillTestTests.test_labelg_canonicalization_identifies_isomorphic_inputs) ... ok
test_legacy_complete_null_hash_state_is_repaired (test_extension_killtest.ExtensionKillTestTests.test_legacy_complete_null_hash_state_is_repaired) ... ok
test_marker_alone_blocks_every_resume_without_advancing (test_extension_killtest.ExtensionKillTestTests.test_marker_alone_blocks_every_resume_without_advancing) ... ok
test_named_directory_cannot_spoof_pinned_labelg (test_extension_killtest.ExtensionKillTestTests.test_named_directory_cannot_spoof_pinned_labelg) ... ok
test_no_candidate_continuation_override_exists (test_extension_killtest.ExtensionKillTestTests.test_no_candidate_continuation_override_exists) ... ok
test_nonfinite_and_noninteger_resource_gates_are_rejected (test_extension_killtest.ExtensionKillTestTests.test_nonfinite_and_noninteger_resource_gates_are_rejected) ... ok
test_pinned_labelg_requires_the_bound_source_archive (test_extension_killtest.ExtensionKillTestTests.test_pinned_labelg_requires_the_bound_source_archive) ... ok
test_runtime_sources_and_python_are_bound_into_resume_digest (test_extension_killtest.ExtensionKillTestTests.test_runtime_sources_and_python_are_bound_into_resume_digest) ... ok
test_schema_metadata_and_hosts_roll_back_together (test_extension_killtest.ExtensionKillTestTests.test_schema_metadata_and_hosts_roll_back_together) ... ok
test_both_explicit_gates_and_no_overwrite_are_enforced (test_hole5_binary_production.ProductionRunnerTests.test_both_explicit_gates_and_no_overwrite_are_enforced) ... ok
test_cadical_seed_range_is_exact_and_prelaunch (test_hole5_binary_production.ProductionRunnerTests.test_cadical_seed_range_is_exact_and_prelaunch) ... ok
test_checker_warning_and_nonzero_exit_are_nonclaims (test_hole5_binary_production.ProductionRunnerTests.test_checker_warning_and_nonzero_exit_are_nonclaims) ... ok
test_commands_are_explicit_binary_isolated_and_strict_rup (test_hole5_binary_production.ProductionRunnerTests.test_commands_are_explicit_binary_isolated_and_strict_rup) ... ok
test_independent_tool_hash_gate_uses_exact_bytes (test_hole5_binary_production.ProductionRunnerTests.test_independent_tool_hash_gate_uses_exact_bytes) ... ok
test_output_cannot_modify_an_input_package (test_hole5_binary_production.ProductionRunnerTests.test_output_cannot_modify_an_input_package) ... ok
test_parser_report_mutation_is_fail_closed_before_checker (test_hole5_binary_production.ProductionRunnerTests.test_parser_report_mutation_is_fail_closed_before_checker) ... ok
test_post_certificate_mutation_demotes_claim (test_hole5_binary_production.ProductionRunnerTests.test_post_certificate_mutation_demotes_claim) ... ok
test_runtime_manifest_covers_local_import_closure (test_hole5_binary_production.ProductionRunnerTests.test_runtime_manifest_covers_local_import_closure) ... ok
test_sat_model_is_preserved_but_candidate_only (test_hole5_binary_production.ProductionRunnerTests.test_sat_model_is_preserved_but_candidate_only) ... ok
test_timeout_file_limit_and_unknown_are_explicit_nonclaims (test_hole5_binary_production.ProductionRunnerTests.test_timeout_file_limit_and_unknown_are_explicit_nonclaims) ... ok
test_unsat_pipeline_preserves_raw_and_emits_certificate (test_hole5_binary_production.ProductionRunnerTests.test_unsat_pipeline_preserves_raw_and_emits_certificate) ... ok
test_wrong_manifest_hash_and_uncommitted_source_refuse_prelaunch (test_hole5_binary_production.ProductionRunnerTests.test_wrong_manifest_hash_and_uncommitted_source_refuse_prelaunch) ... ok
test_each_adjacent_comparator_has_the_proved_shape (test_hole5_signature_breaker.ComparatorTests.test_each_adjacent_comparator_has_the_proved_shape) ... ok
test_exact_counts_variables_and_exhaustive_truth_tables (test_hole5_signature_breaker.ComparatorTests.test_exact_counts_variables_and_exhaustive_truth_tables) ... ok
test_signature_scope_is_exact (test_hole5_signature_breaker.ComparatorTests.test_signature_scope_is_exact) ... ok
test_derived_cnf_retains_source_body_and_appends_only_breaker (test_hole5_signature_breaker.CovarianceAndPackageTests.test_derived_cnf_retains_source_body_and_appends_only_breaker) ... ok
test_full_bank_cnf_is_covariant_under_s6_generators (test_hole5_signature_breaker.CovarianceAndPackageTests.test_full_bank_cnf_is_covariant_under_s6_generators) ... ok
test_generator_is_deterministic_audited_and_no_overwrite (test_hole5_signature_breaker.CovarianceAndPackageTests.test_generator_is_deterministic_audited_and_no_overwrite) ... ok
test_induced_variable_maps_are_bijections_and_preserve_formula (test_hole5_signature_breaker.CovarianceAndPackageTests.test_induced_variable_maps_are_bijections_and_preserve_formula) ... ok
test_validation_gate_refuses_before_writing (test_hole5_signature_breaker.CovarianceAndPackageTests.test_validation_gate_refuses_before_writing) ... ok
test_canonical_coloring_rejects_relabeling_and_bool (test_hole9_orphan_recovery.Hole9OrphanRecoveryTests.test_canonical_coloring_rejects_relabeling_and_bool) ... ok
test_checker_commands_have_sound_exact_modes (test_hole9_orphan_recovery.Hole9OrphanRecoveryTests.test_checker_commands_have_sound_exact_modes) ... ok
test_checker_transcript_mutation_traps (test_hole9_orphan_recovery.Hole9OrphanRecoveryTests.test_checker_transcript_mutation_traps) ... ok
test_complete_source_evidence_is_read_only_and_valid (test_hole9_orphan_recovery.Hole9OrphanRecoveryTests.test_complete_source_evidence_is_read_only_and_valid) ... ok
test_exact_proof_transformation (test_hole9_orphan_recovery.Hole9OrphanRecoveryTests.test_exact_proof_transformation) ... ok
test_full_reconstruction_matches_preserved_cnf (test_hole9_orphan_recovery.Hole9OrphanRecoveryTests.test_full_reconstruction_matches_preserved_cnf) ... ok
test_independent_base_dimensions (test_hole9_orphan_recovery.Hole9OrphanRecoveryTests.test_independent_base_dimensions) ... ok
test_proof_parser_rejects_malformed_deletions (test_hole9_orphan_recovery.Hole9OrphanRecoveryTests.test_proof_parser_rejects_malformed_deletions) ... ok
test_proof_parser_rejects_other_mutations (test_hole9_orphan_recovery.Hole9OrphanRecoveryTests.test_proof_parser_rejects_other_mutations) ... ok
test_solver_result_parser_is_exact (test_hole9_orphan_recovery.Hole9OrphanRecoveryTests.test_solver_result_parser_is_exact) ... ok
test_strict_json_rejects_duplicate_and_nonfinite (test_hole9_orphan_recovery.Hole9OrphanRecoveryTests.test_strict_json_rejects_duplicate_and_nonfinite) ... ok
test_stripped_hash_is_a_required_binding (test_hole9_orphan_recovery.Hole9OrphanRecoveryTests.test_stripped_hash_is_a_required_binding) ... ok
test_eight_bit_comparator_truth_table (test_k4_doublelex.K4DoubleLexTests.test_eight_bit_comparator_truth_table) ... ok
test_exact_parent_and_suffix (test_k4_doublelex.K4DoubleLexTests.test_exact_parent_and_suffix) ... ok
test_module_imports_no_campaign_encoder_or_runner (test_k4_doublelex.K4DoubleLexTests.test_module_imports_no_campaign_encoder_or_runner) ... ok
test_parent_mutations_are_rejected (test_k4_doublelex.K4DoubleLexTests.test_parent_mutations_are_rejected) ... ok
test_atomic_empty_attempt_directory_is_reconstructed (test_k4_production.K4ProductionTests.test_atomic_empty_attempt_directory_is_reconstructed) ... ok
test_atomic_missing_config_after_instance_is_reconstructed (test_k4_production.K4ProductionTests.test_atomic_missing_config_after_instance_is_reconstructed) ... ok
test_bounded_child_kills_spawned_process_group_on_timeout (test_k4_production.K4ProductionTests.test_bounded_child_kills_spawned_process_group_on_timeout) ... ok
test_commands_pin_binary_conversion_and_lrat_replay (test_k4_production.K4ProductionTests.test_commands_pin_binary_conversion_and_lrat_replay) ... ok
test_decisive_audit_rejects_rebound_provenance_tampering (test_k4_production.K4ProductionTests.test_decisive_audit_rejects_rebound_provenance_tampering) ... ok
test_exact_parent_and_boolean_partition (test_k4_production.K4ProductionTests.test_exact_parent_and_boolean_partition) ... ok
test_failed_resource_gate_starts_no_child (test_k4_production.K4ProductionTests.test_failed_resource_gate_starts_no_child) ... ok
test_initialization_is_gated_exclusive_and_auditable (test_k4_production.K4ProductionTests.test_initialization_is_gated_exclusive_and_auditable) ... ok
test_interrupted_attempt_requires_explicit_recovery (test_k4_production.K4ProductionTests.test_interrupted_attempt_requires_explicit_recovery) ... ok
test_lrat_conversion_warning_is_fail_closed (test_k4_production.K4ProductionTests.test_lrat_conversion_warning_is_fail_closed) ... ok
test_mocked_verified_leaf_preserves_raw_and_lrat_artifacts (test_k4_production.K4ProductionTests.test_mocked_verified_leaf_preserves_raw_and_lrat_artifacts) ... ok
test_normalization_bindings_reject_report_and_proof_tampering (test_k4_production.K4ProductionTests.test_normalization_bindings_reject_report_and_proof_tampering) ... ok
test_normalization_failures_are_fail_closed (test_k4_production.K4ProductionTests.test_normalization_failures_are_fail_closed) ... ok
test_normalizer_crash_requires_explicit_recovery (test_k4_production.K4ProductionTests.test_normalizer_crash_requires_explicit_recovery) ... ok
test_orphan_before_reservation_is_reconciled_nonclaim (test_k4_production.K4ProductionTests.test_orphan_before_reservation_is_reconciled_nonclaim) ... ok
test_outcome_before_completion_is_reconciled_nonclaim (test_k4_production.K4ProductionTests.test_outcome_before_completion_is_reconciled_nonclaim) ... ok
test_public_runner_has_no_child_injection_parameter (test_k4_production.K4ProductionTests.test_public_runner_has_no_child_injection_parameter) ... ok
test_raw_forward_warning_is_fail_closed (test_k4_production.K4ProductionTests.test_raw_forward_warning_is_fail_closed) ... ok
test_real_git_binding_resolves_campaign_subdirectory (test_k4_production.K4ProductionTests.test_real_git_binding_resolves_campaign_subdirectory) ... ok
test_real_tiny_binary_drat_six_phase_chain (test_k4_production.K4ProductionTests.test_real_tiny_binary_drat_six_phase_chain) ... ok
test_rebound_lrat_requires_fresh_independent_replay (test_k4_production.K4ProductionTests.test_rebound_lrat_requires_fresh_independent_replay) ... ok
test_reserved_attempt_config_hash_is_enforced (test_k4_production.K4ProductionTests.test_reserved_attempt_config_hash_is_enforced) ... ok
test_sat_parser_requires_complete_clause_satisfying_model (test_k4_production.K4ProductionTests.test_sat_parser_requires_complete_clause_satisfying_model) ... ok
test_strict_normalizer_emits_bound_addition_only_stream (test_k4_production.K4ProductionTests.test_strict_normalizer_emits_bound_addition_only_stream) ... ok
test_strict_normalizer_rejects_hostile_binary_streams (test_k4_production.K4ProductionTests.test_strict_normalizer_rejects_hostile_binary_streams) ... ok
test_timeout_is_retryable_and_stops_pipeline (test_k4_production.K4ProductionTests.test_timeout_is_retryable_and_stops_pipeline) ... ok
test_unclean_lrat_status_is_fail_closed (test_k4_production.K4ProductionTests.test_unclean_lrat_status_is_fail_closed) ... ok
test_v2_manifest_is_refused_before_attempt_write_or_child (test_k4_production.K4ProductionTests.test_v2_manifest_is_refused_before_attempt_write_or_child) ... ok
test_v3_audit_rejects_v2_outcome_schema (test_k4_production.K4ProductionTests.test_v3_audit_rejects_v2_outcome_schema) ... ok
test_connected_unlabeled_graph6_through_order_seven (test_nauty_interop.NautyGraph6Interop.test_connected_unlabeled_graph6_through_order_seven) ... ok
test_anchor_template_and_one_guard_clause_shapes (test_order13_k3_constructor.Order13K3ConstructorTests.test_anchor_template_and_one_guard_clause_shapes) ... ok
test_coloring_banks_are_exact_orbit_representatives (test_order13_k3_constructor.Order13K3ConstructorTests.test_coloring_banks_are_exact_orbit_representatives) ... ok
test_direct_candidate_coloring_oracle_distinguishes_c5_and_k4 (test_order13_k3_constructor.Order13K3ConstructorTests.test_direct_candidate_coloring_oracle_distinguishes_c5_and_k4) ... ok
test_exact_frozen_formula_counts_and_hashes (test_order13_k3_constructor.Order13K3ConstructorTests.test_exact_frozen_formula_counts_and_hashes) ... ok
test_generation_and_run_plan_are_gated_and_never_execute (test_order13_k3_constructor.Order13K3ConstructorTests.test_generation_and_run_plan_are_gated_and_never_execute) ... ok
test_package_determinism_exhaustive_audit_and_mutations (test_order13_k3_constructor.Order13K3ConstructorTests.test_package_determinism_exhaustive_audit_and_mutations) ... ok
test_variable_census_and_no_heuristic_breaker_families (test_order13_k3_constructor.Order13K3ConstructorTests.test_variable_census_and_no_heuristic_breaker_families) ... ok
test_attempt_instance_must_match_frozen_formula_contents (test_order13_k3_production.Order13K3ProductionTests.test_attempt_instance_must_match_frozen_formula_contents) ... ok
test_checkpoint_attempt_path_and_count_forgeries_are_rejected (test_order13_k3_production.Order13K3ProductionTests.test_checkpoint_attempt_path_and_count_forgeries_are_rejected) ... ok
test_coordinated_tool_rebinding_refuses_before_child (test_order13_k3_production.Order13K3ProductionTests.test_coordinated_tool_rebinding_refuses_before_child) ... ok
test_external_checkpoint_success_forgery_is_rejected (test_order13_k3_production.Order13K3ProductionTests.test_external_checkpoint_success_forgery_is_rejected) ... ok
test_fake_complete_proof_chain_and_mutation (test_order13_k3_production.Order13K3ProductionTests.test_fake_complete_proof_chain_and_mutation) ... ok
test_fake_timeout_is_retryable_nonclaim (test_order13_k3_production.Order13K3ProductionTests.test_fake_timeout_is_retryable_nonclaim) ... ok
test_initialize_audit_tool_and_formula_mutations (test_order13_k3_production.Order13K3ProductionTests.test_initialize_audit_tool_and_formula_mutations) ... ok
test_initialize_is_generic_over_all_four_templates (test_order13_k3_production.Order13K3ProductionTests.test_initialize_is_generic_over_all_four_templates) ... ok
test_interrupted_attempt_requires_explicit_recovery (test_order13_k3_production.Order13K3ProductionTests.test_interrupted_attempt_requires_explicit_recovery) ... ok
test_low_memory_and_high_load_reject_before_child (test_order13_k3_production.Order13K3ProductionTests.test_low_memory_and_high_load_reject_before_child) ... ok
test_normalizer_exact_stream_and_mutations (test_order13_k3_production.Order13K3ProductionTests.test_normalizer_exact_stream_and_mutations) ... ok
test_partial_uncheckpointed_outcome_is_quarantined (test_order13_k3_production.Order13K3ProductionTests.test_partial_uncheckpointed_outcome_is_quarantined) ... ok
test_phase_record_rejects_coherent_postcheck_lrat_substitution (test_order13_k3_production.Order13K3ProductionTests.test_phase_record_rejects_coherent_postcheck_lrat_substitution) ... ok
test_precheckpoint_orphan_recovery_all_creation_windows (test_order13_k3_production.Order13K3ProductionTests.test_precheckpoint_orphan_recovery_all_creation_windows) ... ok
test_recovery_event_cannot_promote_success_or_candidate (test_order13_k3_production.Order13K3ProductionTests.test_recovery_event_cannot_promote_success_or_candidate) ... ok
test_repository_production_tool_hashes_are_the_frozen_policy (test_order13_k3_production.Order13K3ProductionTests.test_repository_production_tool_hashes_are_the_frozen_policy) ... ok
test_run_manifest_semantic_mutations_reject_after_rehash (test_order13_k3_production.Order13K3ProductionTests.test_run_manifest_semantic_mutations_reject_after_rehash) ... ok
test_sat_resource_gate_mutations_are_rejected (test_order13_k3_production.Order13K3ProductionTests.test_sat_resource_gate_mutations_are_rejected) ... ok
test_success_certificate_exact_shape_and_boundary (test_order13_k3_production.Order13K3ProductionTests.test_success_certificate_exact_shape_and_boundary) ... ok
test_tool_identity_mutations_refuse_before_child (test_order13_k3_production.Order13K3ProductionTests.test_tool_identity_mutations_refuse_before_child) ... ok
test_transitive_helper_source_mutations_refuse_before_child (test_order13_k3_production.Order13K3ProductionTests.test_transitive_helper_source_mutations_refuse_before_child) ... ok
test_uncheckpointed_durable_outcome_is_quarantined (test_order13_k3_production.Order13K3ProductionTests.test_uncheckpointed_durable_outcome_is_quarantined) ... ok
test_warning_fatal_output_and_limit_boundaries (test_order13_k3_production.Order13K3ProductionTests.test_warning_fatal_output_and_limit_boundaries) ... ok
test_all_six_explicit_induced_embeddings (test_portable_failure_core.PortableFailureCoreTests.test_all_six_explicit_induced_embeddings) ... ok
test_artifact_generation_is_deterministic_and_auditable (test_portable_failure_core.PortableFailureCoreTests.test_artifact_generation_is_deterministic_and_auditable) ... ok
test_complete_J_extension_observation (test_portable_failure_core.PortableFailureCoreTests.test_complete_J_extension_observation) ... ok
test_every_independent_k_state_is_in_each_stable_k_family_small (test_portable_failure_core.PortableFailureCoreTests.test_every_independent_k_state_is_in_each_stable_k_family_small) ... ok
test_extension_CSV_round_trip_and_independent_audit (test_portable_failure_core.PortableFailureCoreTests.test_extension_CSV_round_trip_and_independent_audit) ... ok
test_fixed_526_population_has_exactly_37_J_occurrences (test_portable_failure_core.PortableFailureCoreTests.test_fixed_526_population_has_exactly_37_J_occurrences) ... ok
test_fixed_core_profiles_and_ranked_DAGs (test_portable_failure_core.PortableFailureCoreTests.test_fixed_core_profiles_and_ranked_DAGs) ... ok
test_ranked_DAG_rejects_decisive_mutations (test_portable_failure_core.PortableFailureCoreTests.test_ranked_DAG_rejects_decisive_mutations) ... ok
test_c5_has_checkable_obstruction (test_private_obstruction.PrivateObstructionTests.test_c5_has_checkable_obstruction) ... ok
test_equal_examples_have_no_obstruction (test_private_obstruction.PrivateObstructionTests.test_equal_examples_have_no_obstruction) ... ok
test_local_condition_is_not_sufficient (test_private_obstruction.PrivateObstructionTests.test_local_condition_is_not_sufficient) ... ok
test_malformed_obstruction_fails_closed (test_private_obstruction.PrivateObstructionTests.test_malformed_obstruction_fails_closed) ... ok
test_published_alpha_equal_near_misses_pass_local_test (test_private_obstruction.PrivateObstructionTests.test_published_alpha_equal_near_misses_pass_local_test) ... ok
test_all_labeled_graphs_through_order_five (test_regression_a.ExhaustiveSmallRegression.test_all_labeled_graphs_through_order_five) ... ok
test_all_guards_move_mutant_is_detected_by_c5 (test_regression_a.ModelMutationTraps.test_all_guards_move_mutant_is_detected_by_c5) ... ok
test_complement_confusion_is_detected_by_complete_graph (test_regression_a.ModelMutationTraps.test_complement_confusion_is_detected_by_complete_graph) ... ok
test_dominating_configuration_filter_is_explicit (test_regression_a.ModelMutationTraps.test_dominating_configuration_filter_is_explicit) ... ok
test_occupied_attacks_are_absent_from_certificate (test_regression_a.ModelMutationTraps.test_occupied_attacks_are_absent_from_certificate) ... ok
test_cli_requires_explicit_validation_gate_for_solving (test_synthesis_k3_cegar.CommandLineGateTests.test_cli_requires_explicit_validation_gate_for_solving) ... ok
test_coloring_canonicalization_quotients_global_permutations (test_synthesis_k3_cegar.ExactFormatTests.test_coloring_canonicalization_quotients_global_permutations) ... ok
test_direct_clause_evaluation_rejects_false_model (test_synthesis_k3_cegar.ExactFormatTests.test_direct_clause_evaluation_rejects_false_model) ... ok
test_exact_dimacs_parser (test_synthesis_k3_cegar.ExactFormatTests.test_exact_dimacs_parser) ... ok
test_exact_wrapped_model_parser (test_synthesis_k3_cegar.ExactFormatTests.test_exact_wrapped_model_parser) ... ok
test_audit_is_read_only_and_never_initializes_a_run (test_synthesis_k3_cegar.PinnedToolSmokeTests.test_audit_is_read_only_and_never_initializes_a_run) ... ok
test_bounded_multi_iteration_resume_and_full_audit (test_synthesis_k3_cegar.PinnedToolSmokeTests.test_bounded_multi_iteration_resume_and_full_audit) ... ok
test_candidate_marker_blocks_every_later_solver_call (test_synthesis_k3_cegar.PinnedToolSmokeTests.test_candidate_marker_blocks_every_later_solver_call) ... ok
test_disk_preflight_refuses_to_invade_the_reserve (test_synthesis_k3_cegar.PinnedToolSmokeTests.test_disk_preflight_refuses_to_invade_the_reserve) ... ok
test_every_attempt_binds_the_prior_logical_checkpoint (test_synthesis_k3_cegar.PinnedToolSmokeTests.test_every_attempt_binds_the_prior_logical_checkpoint) ... ok
test_full_sat_to_unsat_terminal_forgery_is_rejected (test_synthesis_k3_cegar.PinnedToolSmokeTests.test_full_sat_to_unsat_terminal_forgery_is_rejected) ... ok
test_one_session_validates_history_once_and_honors_wall_gate (test_synthesis_k3_cegar.PinnedToolSmokeTests.test_one_session_validates_history_once_and_honors_wall_gate) ... ok
test_rebound_cross_field_mutations_are_rejected_semantically (test_synthesis_k3_cegar.PinnedToolSmokeTests.test_rebound_cross_field_mutations_are_rejected_semantically) ... ok
test_resume_rejects_duplicate_partition_even_if_hash_rebound (test_synthesis_k3_cegar.PinnedToolSmokeTests.test_resume_rejects_duplicate_partition_even_if_hash_rebound) ... ok
test_resume_rejects_tampered_model_artifact (test_synthesis_k3_cegar.PinnedToolSmokeTests.test_resume_rejects_tampered_model_artifact) ... ok
test_terminal_attempt_outcomes_are_only_final (test_synthesis_k3_cegar.PinnedToolSmokeTests.test_terminal_attempt_outcomes_are_only_final) ... ok
test_trivial_unsat_is_rerun_and_verified_by_drat_trim (test_synthesis_k3_cegar.PinnedToolSmokeTests.test_trivial_unsat_is_rerun_and_verified_by_drat_trim) ... ok
test_attempt_directory_creation_is_parent_fsynced (test_synthesis_k3_cegar.ResourceAndPathTests.test_attempt_directory_creation_is_parent_fsynced) ... ok
test_bounded_child_records_command_logs_wall_cpu_and_rss (test_synthesis_k3_cegar.ResourceAndPathTests.test_bounded_child_records_command_logs_wall_cpu_and_rss) ... ok
test_campaign_lock_and_sigterm_cleanup_leave_no_child (test_synthesis_k3_cegar.ResourceAndPathTests.test_campaign_lock_and_sigterm_cleanup_leave_no_child) ... ok
test_configuration_rejects_protected_or_excessive_run (test_synthesis_k3_cegar.ResourceAndPathTests.test_configuration_rejects_protected_or_excessive_run) ... ok
test_macos_memory_ceiling_kills_an_oversized_child (test_synthesis_k3_cegar.ResourceAndPathTests.test_macos_memory_ceiling_kills_an_oversized_child) ... ok
test_path_roles_reject_direct_symlink_and_hardlink_aliases (test_synthesis_k3_cegar.ResourceAndPathTests.test_path_roles_reject_direct_symlink_and_hardlink_aliases) ... ok
test_every_labeled_graph_through_order_four (test_synthesis_k3_coloring.ExactColoringTests.test_every_labeled_graph_through_order_four) ... ok
test_known_graphs (test_synthesis_k3_coloring.ExactColoringTests.test_known_graphs) ... ok
test_malformed_inputs (test_synthesis_k3_coloring.ExactColoringTests.test_malformed_inputs) ... ok
test_antihole_template_forces_complement_of_c7 (test_synthesis_k3_encoding.K3EncodingTests.test_antihole_template_forces_complement_of_c7) ... ok
test_coloring_cut_is_exact_same_color_edge_disjunction (test_synthesis_k3_encoding.K3EncodingTests.test_coloring_cut_is_exact_same_color_edge_disjunction) ... ok
test_coloring_partition_permutations_are_rejected (test_synthesis_k3_encoding.K3EncodingTests.test_coloring_partition_permutations_are_rejected) ... ok
test_decoded_validator_rejects_hostile_vertex_records (test_synthesis_k3_encoding.K3EncodingTests.test_decoded_validator_rejects_hostile_vertex_records) ... ok
test_deterministic_variable_layout_and_well_formed_clauses (test_synthesis_k3_encoding.K3EncodingTests.test_deterministic_variable_layout_and_well_formed_clauses) ... ok
test_generator_rejects_path_aliases_without_writing (test_synthesis_k3_encoding.K3EncodingTests.test_generator_rejects_path_aliases_without_writing) ... ok
test_generator_round_trip_binds_installed_bytes_and_sources (test_synthesis_k3_encoding.K3EncodingTests.test_generator_round_trip_binds_installed_bytes_and_sources) ... ok
test_hole_templates_force_exact_rim_and_hub_free_clauses (test_synthesis_k3_encoding.K3EncodingTests.test_hole_templates_force_exact_rim_and_hub_free_clauses) ... ok
test_move_clauses_encode_one_guard_and_selected_successor (test_synthesis_k3_encoding.K3EncodingTests.test_move_clauses_encode_one_guard_and_selected_successor) ... ok
test_all_clauses_are_well_formed (test_synthesis_k4_encoding.K4EncodingTests.test_all_clauses_are_well_formed) ... ok
test_anchor_and_one_guard_move_clauses (test_synthesis_k4_encoding.K4EncodingTests.test_anchor_and_one_guard_move_clauses) ... ok
test_bad_color_rows_and_signature_vertices_fail_closed (test_synthesis_k4_encoding.K4EncodingTests.test_bad_color_rows_and_signature_vertices_fail_closed) ... ok
test_complete_coloring_bank_rows_are_exact (test_synthesis_k4_encoding.K4EncodingTests.test_complete_coloring_bank_rows_are_exact) ... ok
test_exact_clause_family_census (test_synthesis_k4_encoding.K4EncodingTests.test_exact_clause_family_census) ... ok
test_exact_variable_and_formula_census (test_synthesis_k4_encoding.K4EncodingTests.test_exact_variable_and_formula_census) ... ok
test_generator_installs_exact_modes_and_replays (test_synthesis_k4_encoding.K4EncodingTests.test_generator_installs_exact_modes_and_replays) ... ok
test_generator_rejects_path_aliases (test_synthesis_k4_encoding.K4EncodingTests.test_generator_rejects_path_aliases) ... ok
test_signature_comparator_exhaustive_truth_table (test_synthesis_k4_encoding.K4EncodingTests.test_signature_comparator_exhaustive_truth_table) ... ok
test_bank_validator_rejects_missing_duplicate_unsorted_and_improper (test_template_color_bank.TemplateColorBankTests.test_bank_validator_rejects_missing_duplicate_unsorted_and_improper) ... ok
test_bruteforce_labeled_colorings_have_exactly_the_bank_orbits (test_template_color_bank.TemplateColorBankTests.test_bruteforce_labeled_colorings_have_exactly_the_bank_orbits) ... ok
test_cli_requires_gate_and_does_not_write (test_template_color_bank.TemplateColorBankTests.test_cli_requires_gate_and_does_not_write) ... ok
test_cut_truth_is_exact_coloring_failure (test_template_color_bank.TemplateColorBankTests.test_cut_truth_is_exact_coloring_failure) ... ok
test_exact_cnf_counts_and_deterministic_package_bytes (test_template_color_bank.TemplateColorBankTests.test_exact_cnf_counts_and_deterministic_package_bytes) ... ok
test_exact_counts_order_canonicality_and_forced_edges (test_template_color_bank.TemplateColorBankTests.test_exact_counts_order_canonicality_and_forced_edges) ... ok
test_file_limit_and_checker_failure_leave_explicit_nonclaims (test_template_color_bank.TemplateColorBankTests.test_file_limit_and_checker_failure_leave_explicit_nonclaims) ... ok
test_generation_gate_existing_output_and_protected_paths_refuse (test_template_color_bank.TemplateColorBankTests.test_generation_gate_existing_output_and_protected_paths_refuse) ... ok
test_live_pinned_solver_and_proof_checker_smoke (test_template_color_bank.TemplateColorBankTests.test_live_pinned_solver_and_proof_checker_smoke) ... ok
test_solve_refuses_without_gate_before_creating_output (test_template_color_bank.TemplateColorBankTests.test_solve_refuses_without_gate_before_creating_output) ... ok
test_symlink_parent_and_malformed_bank_refuse (test_template_color_bank.TemplateColorBankTests.test_symlink_parent_and_malformed_bank_refuse) ... ok
test_wrong_tool_paths_and_hostile_resource_types_refuse (test_template_color_bank.TemplateColorBankTests.test_wrong_tool_paths_and_hostile_resource_types_refuse) ... ok
test_c15_strictly_separates_K2_and_K3 (test_three_step_kernel.ThreeStepKernelTests.test_c15_strictly_separates_K2_and_K3) ... ok
test_certificate_serialization_round_trip (test_three_step_kernel.ThreeStepKernelTests.test_certificate_serialization_round_trip) ... ok
test_failure_checker_rejects_decisive_mutations (test_three_step_kernel.ThreeStepKernelTests.test_failure_checker_rejects_decisive_mutations) ... ok
test_forced_checker_requires_exact_alpha (test_three_step_kernel.ThreeStepKernelTests.test_forced_checker_requires_exact_alpha) ... ok
test_graph6_round_trip (test_three_step_kernel.ThreeStepKernelTests.test_graph6_round_trip) ... ok
test_recursive_finder_and_checker_through_order_four (test_three_step_kernel.ThreeStepKernelTests.test_recursive_finder_and_checker_through_order_four) ... ok
test_survival_checker_rejects_decisive_mutations (test_three_step_kernel.ThreeStepKernelTests.test_survival_checker_rejects_decisive_mutations) ... ok
test_c6_has_no_two_step_obstruction (test_two_step_obstruction.TwoStepObstructionTests.test_c6_has_no_two_step_obstruction) ... ok
test_c7_passes_one_step_but_fails_two_steps (test_two_step_obstruction.TwoStepObstructionTests.test_c7_passes_one_step_but_fails_two_steps) ... ok
test_checker_rejects_tampered_two_step_records (test_two_step_obstruction.TwoStepObstructionTests.test_checker_rejects_tampered_two_step_records) ... ok
test_checker_rejects_wrong_record_modes (test_two_step_obstruction.TwoStepObstructionTests.test_checker_rejects_wrong_record_modes) ... ok
test_finder_equals_oracle_through_order_five (test_two_step_obstruction.TwoStepObstructionTests.test_finder_equals_oracle_through_order_five) ... ok
test_successor_helper_rejects_nonattacks (test_two_step_obstruction.TwoStepObstructionTests.test_successor_helper_rejects_nonattacks) ... ok
test_c5 (test_verifier_a.ExactParameterTests.test_c5) ... ok
test_complete_graphs (test_verifier_a.ExactParameterTests.test_complete_graphs) ... ok
test_edgeless_graphs (test_verifier_a.ExactParameterTests.test_edgeless_graphs) ... ok
test_empty_graph (test_verifier_a.ExactParameterTests.test_empty_graph) ... ok
test_generated_eternal_certificate (test_verifier_a.ExactParameterTests.test_generated_eternal_certificate) ... ok
test_malformed_eternal_certificate_fails_closed (test_verifier_a.ExactParameterTests.test_malformed_eternal_certificate_fails_closed) ... ok
test_occupied_vertices_are_not_attack_colors (test_verifier_a.ExactParameterTests.test_occupied_vertices_are_not_attack_colors) ... ok
test_parameter_chain_on_small_named_graphs (test_verifier_a.ExactParameterTests.test_parameter_chain_on_small_named_graphs) ... ok
test_paths (test_verifier_a.ExactParameterTests.test_paths) ... ok
test_two_published_order_ten_near_misses (test_verifier_a.ExactParameterTests.test_two_published_order_ten_near_misses) ... ok
test_known_graph6_records (test_verifier_a.Graph6Tests.test_known_graph6_records) ... ok
test_rejects_wrong_graph6_payload_length_and_padding (test_verifier_a.Graph6Tests.test_rejects_wrong_graph6_payload_length_and_padding) ... ok
test_round_trip_small_named_graphs (test_verifier_a.Graph6Tests.test_round_trip_small_named_graphs) ... ok
test_cli_emits_checkable_one_guard_data (test_verifier_b.CommandLineTests.test_cli_emits_checkable_one_guard_data) ... ok
test_attack_colors_are_exactly_unoccupied_vertices (test_verifier_b.EternalDominationTests.test_attack_colors_are_exactly_unoccupied_vertices) ... ok
test_c5_traps_all_guards_move_variant (test_verifier_b.EternalDominationTests.test_c5_traps_all_guards_move_variant) ... ok
test_certificate_round_trip_and_tamper_detection (test_verifier_b.EternalDominationTests.test_certificate_round_trip_and_tamper_detection) ... ok
test_decision_matches_family_enumeration_through_order_four (test_verifier_b.EternalDominationTests.test_decision_matches_family_enumeration_through_order_four) ... ok
test_every_arc_is_one_edge_move_to_a_dominating_configuration (test_verifier_b.EternalDominationTests.test_every_arc_is_one_edge_move_to_a_dominating_configuration) ... ok
test_occupied_attack_variant_is_detected (test_verifier_b.EternalDominationTests.test_occupied_attack_variant_is_detected) ... ok
test_out_of_range_guard_counts (test_verifier_b.EternalDominationTests.test_out_of_range_guard_counts) ... ok
test_rejects_non_dominating_proposed_family (test_verifier_b.EternalDominationTests.test_rejects_non_dominating_proposed_family) ... ok
test_resulting_configurations_must_dominate (test_verifier_b.EternalDominationTests.test_resulting_configurations_must_dominate) ... ok
test_against_transparent_oracles_all_graphs_through_order_four (test_verifier_b.ExactInvariantTests.test_against_transparent_oracles_all_graphs_through_order_four) ... ok
test_clique_cover_really_colors_the_complement (test_verifier_b.ExactInvariantTests.test_clique_cover_really_colors_the_complement) ... ok
test_clique_partition_is_valid (test_verifier_b.ExactInvariantTests.test_clique_partition_is_valid) ... ok
test_empty_graph_conventions (test_verifier_b.ExactInvariantTests.test_empty_graph_conventions) ... ok
test_standard_graph_parameters (test_verifier_b.ExactInvariantTests.test_standard_graph_parameters) ... ok
test_two_published_order_ten_near_misses (test_verifier_b.ExactInvariantTests.test_two_published_order_ten_near_misses) ... ok
test_well_covered_examples (test_verifier_b.ExactInvariantTests.test_well_covered_examples) ... ok
test_complement_is_an_involution (test_verifier_b.GraphRepresentationTests.test_complement_is_an_involution) ... ok
test_graph6_known_records (test_verifier_b.GraphRepresentationTests.test_graph6_known_records) ... ok
test_graph6_rejects_bad_payload_and_padding (test_verifier_b.GraphRepresentationTests.test_graph6_rejects_bad_payload_and_padding) ... ok
test_graph6_round_trip_all_graphs_through_order_five (test_verifier_b.GraphRepresentationTests.test_graph6_round_trip_all_graphs_through_order_five) ... ok
test_rejects_loops_and_asymmetry (test_verifier_b.GraphRepresentationTests.test_rejects_loops_and_asymmetry) ... ok
test_binary_drat_scanner_rejects_noncanonical_varint (test_verifier_k4_aggregate.AggregateVerifierV3Tests.test_binary_drat_scanner_rejects_noncanonical_varint) ... ok
test_boolean_schema_version_is_not_integer_one (test_verifier_k4_aggregate.AggregateVerifierV3Tests.test_boolean_schema_version_is_not_integer_one) ... ok
test_campaign_heavy_child_lock_refuses_nested_owner (test_verifier_k4_aggregate.AggregateVerifierV3Tests.test_campaign_heavy_child_lock_refuses_nested_owner) ... ok
test_child_record_mutation_is_rejected (test_verifier_k4_aggregate.AggregateVerifierV3Tests.test_child_record_mutation_is_rejected) ... ok
test_clean_room_parent_reconstruction_matches_frozen_scope (test_verifier_k4_aggregate.AggregateVerifierV3Tests.test_clean_room_parent_reconstruction_matches_frozen_scope) ... ok
test_complete_fixture_checkpoints_and_resumes_sixteen (test_verifier_k4_aggregate.AggregateVerifierV3Tests.test_complete_fixture_checkpoints_and_resumes_sixteen) ... ok
test_custom_production_scope_is_sealed_out (test_verifier_k4_aggregate.AggregateVerifierV3Tests.test_custom_production_scope_is_sealed_out) ... ok
test_exact_incomplete_one_of_sixteen_status (test_verifier_k4_aggregate.AggregateVerifierV3Tests.test_exact_incomplete_one_of_sixteen_status) ... ok
test_external_record_tampering_is_rejected (test_verifier_k4_aggregate.AggregateVerifierV3Tests.test_external_record_tampering_is_rejected) ... ok
test_missing_decisive_artifact_is_rejected_statically (test_verifier_k4_aggregate.AggregateVerifierV3Tests.test_missing_decisive_artifact_is_rejected_statically) ... ok
test_normalization_report_binds_exact_addition_stream (test_verifier_k4_aggregate.AggregateVerifierV3Tests.test_normalization_report_binds_exact_addition_stream) ... ok
test_replay_policy_change_cannot_reuse_old_record (test_verifier_k4_aggregate.AggregateVerifierV3Tests.test_replay_policy_change_cannot_reuse_old_record) ... ok
test_resource_report_semantics_are_fail_closed (test_verifier_k4_aggregate.AggregateVerifierV3Tests.test_resource_report_semantics_are_fail_closed) ... ok
test_runtime_imports_are_independent_by_ast (test_verifier_k4_aggregate.AggregateVerifierV3Tests.test_runtime_imports_are_independent_by_ast) ... ok
test_strict_output_parsers_reject_warnings (test_verifier_k4_aggregate.AggregateVerifierV3Tests.test_strict_output_parsers_reject_warnings) ... ok
test_unexpected_root_fifo_is_rejected_without_opening (test_verifier_k4_aggregate.AggregateVerifierV3Tests.test_unexpected_root_fifo_is_rejected_without_opening) ... ok
test_v2_attempt_schema_is_rejected (test_verifier_k4_aggregate.AggregateVerifierV3Tests.test_v2_attempt_schema_is_rejected) ... ok
test_zero_leaf_run_is_exactly_incomplete_without_checker (test_verifier_k4_aggregate.AggregateVerifierV3Tests.test_zero_leaf_run_is_exactly_incomplete_without_checker) ... ok
test_coloring_is_of_the_complement_not_the_input_graph (test_verifier_k4_candidate.ColoringTraceTests.test_coloring_is_of_the_complement_not_the_input_graph) ... ok
test_complete_trace_is_reproducible_and_exhausts_all_rows (test_verifier_k4_candidate.ColoringTraceTests.test_complete_trace_is_reproducible_and_exhausts_all_rows) ... ok
test_uncolorable_complement_control_has_no_proper_row (test_verifier_k4_candidate.ColoringTraceTests.test_uncolorable_complement_control_has_no_proper_row) ... ok
test_cli_exit_codes_trace_and_no_overwrite (test_verifier_k4_candidate.FormatAndEndToEndMutationTests.test_cli_exit_codes_trace_and_no_overwrite) ... ok
test_definition_level_result_survives_consistency_alerts (test_verifier_k4_candidate.FormatAndEndToEndMutationTests.test_definition_level_result_survives_consistency_alerts) ... ok
test_duplicate_json_keys_and_oversized_files_fail_closed (test_verifier_k4_candidate.FormatAndEndToEndMutationTests.test_duplicate_json_keys_and_oversized_files_fail_closed) ... ok
test_identity_and_family_mutations_are_detected (test_verifier_k4_candidate.FormatAndEndToEndMutationTests.test_identity_and_family_mutations_are_detected) ... ok
test_near_target_passes_decisive_equalities_but_is_not_accepted (test_verifier_k4_candidate.FormatAndEndToEndMutationTests.test_near_target_passes_decisive_equalities_but_is_not_accepted) ... ok
test_strict_parser_rejects_schema_mutations (test_verifier_k4_candidate.FormatAndEndToEndMutationTests.test_strict_parser_rejects_schema_mutations) ... ok
test_connected_product_control_has_exact_static_parameters (test_verifier_k4_candidate.GraphAndParameterTests.test_connected_product_control_has_exact_static_parameters) ... ok
test_eternal_checker_uses_unoccupied_one_guard_edge_moves (test_verifier_k4_candidate.GraphAndParameterTests.test_eternal_checker_uses_unoccupied_one_guard_edge_moves) ... ok
test_graph6_against_hand_derived_standard_records (test_verifier_k4_candidate.GraphAndParameterTests.test_graph6_against_hand_derived_standard_records) ... ok
test_minor_and_imperfection_certificates (test_verifier_k4_candidate.GraphAndParameterTests.test_minor_and_imperfection_certificates) ... ok

----------------------------------------------------------------------
Ran 389 tests in 360.213s

OK
real 360.56
user 342.75
sys 10.09
           192397312  maximum resident set size
                   0  average shared memory size
                   0  average unshared data size
                   0  average unshared stack size
             1578825  page reclaims
               11658  page faults
                   0  swaps
                   0  block input operations
                   0  block output operations
                   0  messages sent
                   0  messages received
                   1  signals received
               14462  voluntary context switches
               33817  involuntary context switches
       5401087239649  instructions retired
       1102156758938  cycles elapsed
           236716632  peak memory footprint
