M	unsolved_math_prioritization/QUEUE.md
A	unsolved_math_prioritization/attempts/2303016/FINAL_FROZEN_MANIFEST.json
A	unsolved_math_prioritization/attempts/2303016/FINAL_REVIEW_REQUEST.md
A	unsolved_math_prioritization/attempts/2303016/PRIOR_GATE.json
A	unsolved_math_prioritization/attempts/2303016/PR_BODY.md
A	unsolved_math_prioritization/attempts/2303016/PUBLICATION_MANIFEST.json
A	unsolved_math_prioritization/attempts/2303016/READINESS.json
A	unsolved_math_prioritization/attempts/2303016/README.md
A	unsolved_math_prioritization/attempts/2303016/RESEARCH_LOG.md
A	unsolved_math_prioritization/attempts/2303016/RESULT.md
A	unsolved_math_prioritization/attempts/2303016/SOURCE_MANIFEST.json
A	unsolved_math_prioritization/attempts/2303016/SOURCE_NORMALIZATION.md
A	unsolved_math_prioritization/attempts/2303016/TURN_1.md
A	unsolved_math_prioritization/attempts/2303016/TURN_1_CHECKS.json
A	unsolved_math_prioritization/attempts/2303016/TURN_1_LEDGER.jsonl
A	unsolved_math_prioritization/attempts/2303016/TURN_1_MANIFEST.json
A	unsolved_math_prioritization/attempts/2303016/TURN_1_STATE.json
A	unsolved_math_prioritization/attempts/2303016/final_review/CHECKS.json
A	unsolved_math_prioritization/attempts/2303016/final_review/REVIEW.md
A	unsolved_math_prioritization/attempts/2303016/final_review/REVIEW_MANIFEST.json
A	unsolved_math_prioritization/attempts/2303016/final_review/check.py
A	unsolved_math_prioritization/attempts/2303016/verify_turn1.py
