{
  "problem_id": 2303016,
  "verdict": "PASS credited direct proof",
  "files": [
    {
      "path": "CHECKS.json",
      "bytes": 267,
      "sha256": "bf6c5c2d1975f8dc4835750f47c35e6a05647dcbed8a96a61f7a209b63ad9f75"
    },
    {
      "path": "REVIEW.md",
      "bytes": 3860,
      "sha256": "a6a67e1ab4818152c4f6f4c19a83f93619ec998d323f74e9b7d590e4e1b48bb4"
    },
    {
      "path": "check.py",
      "bytes": 1410,
      "sha256": "3fc7579b71b11a0a2a768c685ad63f60775da840903bef0ccfe8e70a849d05f3"
    }
  ]
}
