{
  "PID": 18403,
  "method": "exact six-sine-product histogram Q(zeta768)",
  "numpy_version": "2.3.5",
  "modulus": [
    [
      0,
      1
    ],
    [
      128,
      -1
    ],
    [
      256,
      1
    ]
  ],
  "results": {
    "9": {
      "coroot_representatives": 262144,
      "signed_product_terms": 16777216,
      "raw_histogram_file": "sine_product_q9_histogram.json",
      "raw_histogram_sha256": "627ff2a7189f2d43e8f740d91c758bf67c1004df4ded1c8ebfa3254c2a55cc0e",
      "P_reduced": [
        [
          54,
          6144
        ],
        [
          118,
          6144
        ],
        [
          182,
          -6144
        ]
      ],
      "P_times_conjugate_P": [
        [
          0,
          75497472
        ]
      ],
      "magnitude_square": "1/3",
      "tau_numerator": [
        [
          96,
          -12288
        ],
        [
          224,
          -12288
        ]
      ],
      "tau_denominator": 36864,
      "tau_simplified": "-(zeta768^96+zeta768^224)/3",
      "S3_normalized_square": "8"
    },
    "25": {
      "coroot_representatives": 262144,
      "signed_product_terms": 16777216,
      "raw_histogram_file": "sine_product_q25_histogram.json",
      "raw_histogram_sha256": "627ff2a7189f2d43e8f740d91c758bf67c1004df4ded1c8ebfa3254c2a55cc0e",
      "P_reduced": [
        [
          54,
          6144
        ],
        [
          118,
          6144
        ],
        [
          182,
          -6144
        ]
      ],
      "P_times_conjugate_P": [
        [
          0,
          75497472
        ]
      ],
      "magnitude_square": "1/3",
      "tau_numerator": [
        [
          96,
          -12288
        ],
        [
          224,
          -12288
        ]
      ],
      "tau_denominator": 36864,
      "tau_simplified": "-(zeta768^96+zeta768^224)/3",
      "S3_normalized_square": "8"
    }
  },
  "complex_equality_exact": true
}
