{
  "PID": 17055,
  "method": "determinant modular surgery Q(zeta96), source negative -p/q",
  "cyclotomic_modulus": [
    1,
    0,
    0,
    0,
    0,
    0,
    0,
    0,
    0,
    0,
    0,
    0,
    0,
    0,
    0,
    0,
    -1,
    0,
    0,
    0,
    0,
    0,
    0,
    0,
    0,
    0,
    0,
    0,
    0,
    0,
    0,
    0,
    1
  ],
  "labels_strict_integer_coordinates": [
    [
      3,
      2,
      1,
      0
    ],
    [
      4,
      2,
      1,
      0
    ],
    [
      5,
      2,
      1,
      0
    ],
    [
      4,
      3,
      1,
      0
    ],
    [
      5,
      3,
      1,
      0
    ],
    [
      5,
      4,
      1,
      0
    ],
    [
      4,
      3,
      2,
      0
    ],
    [
      5,
      3,
      2,
      0
    ],
    [
      5,
      4,
      2,
      0
    ],
    [
      5,
      4,
      3,
      0
    ]
  ],
  "conjugate_label_indices": [
    0,
    6,
    9,
    3,
    8,
    5,
    1,
    7,
    4,
    2
  ],
  "S00_square": "1/24",
  "exact_checks": [
    "sqrt6^2=6",
    "S00=sqrt6/12",
    "S^2=charge conjugation",
    "S*S_star=I",
    "(S*Theta)^3=charge conjugation",
    "U word matches \u00b1[[q,b],[64,d]]",
    "Phi(U)=3",
    "tau=(-zeta96^-4+2*zeta96^-20)/3",
    "tau*conjugate(tau)=1/3"
  ],
  "results": {
    "9": {
      "negative_continued_fraction": [
        -8,
        -2,
        -2,
        -2,
        -2,
        -2,
        -2,
        -2,
        -2
      ],
      "source_C": [
        -2,
        -2,
        -2,
        -2,
        -2,
        -2,
        -2,
        -2,
        -8,
        0
      ],
      "word_matrix": [
        [
          -9,
          -8
        ],
        [
          -64,
          -57
        ]
      ],
      "target_matrix": [
        [
          9,
          8
        ],
        [
          64,
          57
        ]
      ],
      "Rademacher_phi": "3",
      "denominator": 3743906242624487424,
      "tau_polynomial": [
        [
          12,
          "-1/3"
        ],
        [
          28,
          "-1/3"
        ]
      ],
      "magnitude_square": "1/3",
      "S3_normalized_square": "8",
      "tau_approx": [
        -0.1494292453613423,
        -0.5576775358252053
      ]
    },
    "25": {
      "negative_continued_fraction": [
        -3,
        -3,
        -2,
        -2,
        -3,
        -2
      ],
      "source_C": [
        -2,
        -3,
        -2,
        -2,
        -3,
        -3,
        0
      ],
      "word_matrix": [
        [
          25,
          16
        ],
        [
          64,
          41
        ]
      ],
      "target_matrix": [
        [
          25,
          16
        ],
        [
          64,
          41
        ]
      ],
      "Rademacher_phi": "3",
      "denominator": 10030613004288,
      "tau_polynomial": [
        [
          12,
          "-1/3"
        ],
        [
          28,
          "-1/3"
        ]
      ],
      "magnitude_square": "1/3",
      "S3_normalized_square": "8",
      "tau_approx": [
        -0.14942924536134233,
        -0.5576775358252053
      ]
    }
  },
  "equal_complex_values": true
}
