{
  "public_integrity": "verified",
  "private_evidence": "complete and verified",
  "original_scope": 19,
  "nested_bindings": 29,
  "author_receipt": 3675,
  "source_review_receipt": 1667,
  "math_only_receipt": 1665,
  "mathematical_verdict": "credited entire harmonic/continuous case; analytic proof required",
  "novel_theorems": 0,
  "family_evidence": {
    "path_geometry_review": "complete private evidence verified",
    "poisson_components_review": "complete private evidence verified",
    "poisson_components_corrections": "complete private evidence verified"
  },
  "readonly_replayed": [
    "author_replay",
    "math_only_review_replay",
    "historical_review_replay",
    "path_geometry_review/verify_review.py",
    "poisson_components_review/verify_readonly.py",
    "poisson_components_corrections/verify_readonly.py"
  ],
  "closure": "sealed",
  "writes": 0
}
