Updating e5e672201..3ef0b0f3f
Fast-forward
 .../CURRENT_SCOPE_CORRECTION.md                    |  13 +
 .../CURRENT_SCOPE_MANIFEST.json                    |  16 ++
 .../CURRENT_STATE.json                             |  15 ++
 .../FINAL_AUTHOR_MANIFEST.json                     | 209 +++++++++++++++
 .../FINAL_REPLAY.json                              |  34 +++
 .../FINAL_REVIEW_REQUEST.md                        |  17 ++
 .../FINAL_STATE.json                               |  14 +
 problems/30000590_group_ring_cohomology/LOG_T2.md  |  11 +
 problems/30000590_group_ring_cohomology/LOG_T3.md  |  11 +
 problems/30000590_group_ring_cohomology/LOG_T4.md  |   3 +
 problems/30000590_group_ring_cohomology/LOG_T5.md  |   3 +
 .../PUBLICATION_MANIFEST.json                      | 292 +++++++++++++++++++++
 .../PUBLICATION_STATUS.md                          |  15 ++
 .../30000590_group_ring_cohomology/REMOTE_SCOPE.md |   5 +
 .../30000590_group_ring_cohomology/RESEARCH_LOG.md |  16 ++
 problems/30000590_group_ring_cohomology/RESULT.md  |  29 ++
 .../REVIEW_CORRECTION_MANIFEST.json                |  13 +
 .../REVIEW_LOCATOR_CORRECTION.md                   |   3 +
 .../SOURCE_ADDITION_T4.json                        |  11 +
 .../SOURCE_LOCATOR_CORRECTION.md                   |   3 +
 .../SOURCE_MANIFEST.json                           |  37 +++
 .../30000590_group_ring_cohomology/SOURCE_SCOPE.md |  92 +++++++
 problems/30000590_group_ring_cohomology/STATE.json |  13 +
 .../30000590_group_ring_cohomology/STATE_T2.json   |  13 +
 .../30000590_group_ring_cohomology/STATE_T3.json   |  13 +
 .../30000590_group_ring_cohomology/STATE_T4.json   |  13 +
 .../30000590_group_ring_cohomology/STATE_T5.json   |  14 +
 problems/30000590_group_ring_cohomology/TURN_1.md  | 208 +++++++++++++++
 .../TURN_1_CHECKS.json                             |   7 +
 .../TURN_1_MANIFEST.json                           |  41 +++
 problems/30000590_group_ring_cohomology/TURN_2.md  | 181 +++++++++++++
 .../TURN_2_CHECKS.json                             |   7 +
 .../TURN_2_MANIFEST.json                           |  32 +++
 problems/30000590_group_ring_cohomology/TURN_3.md  | 207 +++++++++++++++
 .../TURN_3_CHECKS.json                             |   7 +
 .../TURN_3_MANIFEST.json                           |  32 +++
 problems/30000590_group_ring_cohomology/TURN_4.md  | 153 +++++++++++
 .../TURN_4_CHECKS.json                             |   6 +
 .../TURN_4_MANIFEST.json                           |  37 +++
 problems/30000590_group_ring_cohomology/TURN_5.md  | 152 +++++++++++
 .../TURN_5_CHECKS.json                             |   7 +
 .../TURN_5_MANIFEST.json                           |  32 +++
 .../30000590_group_ring_cohomology/check_turn_1.py |  43 +++
 .../30000590_group_ring_cohomology/check_turn_2.py |  37 +++
 .../30000590_group_ring_cohomology/check_turn_3.py |  35 +++
 .../30000590_group_ring_cohomology/check_turn_4.py |  68 +++++
 .../30000590_group_ring_cohomology/check_turn_5.py |  76 ++++++
 .../review/ADVERSARIAL_REVIEW.md                   |  79 ++++++
 .../review/AUTHOR_REPLAY.json                      |  34 +++
 .../review/INDEPENDENT_CHECKS.json                 |  15 ++
 .../review/README.md                               |   9 +
 .../review/REMOTE_BINDING.json                     | 225 ++++++++++++++++
 .../review/REVIEW_MANIFEST.json                    |  43 +++
 .../review/independent_checks.py                   | 135 ++++++++++
 .../review/verify_review.py                        |  14 +
 .../verify_packet.py                               |  26 ++
 .../verify_publication.py                          |  20 ++
 unsolved_math_prioritization/QUEUE.md              |   2 +-
 58 files changed, 2897 insertions(+), 1 deletion(-)
 create mode 100644 problems/30000590_group_ring_cohomology/CURRENT_SCOPE_CORRECTION.md
 create mode 100644 problems/30000590_group_ring_cohomology/CURRENT_SCOPE_MANIFEST.json
 create mode 100644 problems/30000590_group_ring_cohomology/CURRENT_STATE.json
 create mode 100644 problems/30000590_group_ring_cohomology/FINAL_AUTHOR_MANIFEST.json
 create mode 100644 problems/30000590_group_ring_cohomology/FINAL_REPLAY.json
 create mode 100644 problems/30000590_group_ring_cohomology/FINAL_REVIEW_REQUEST.md
 create mode 100644 problems/30000590_group_ring_cohomology/FINAL_STATE.json
 create mode 100644 problems/30000590_group_ring_cohomology/LOG_T2.md
 create mode 100644 problems/30000590_group_ring_cohomology/LOG_T3.md
 create mode 100644 problems/30000590_group_ring_cohomology/LOG_T4.md
 create mode 100644 problems/30000590_group_ring_cohomology/LOG_T5.md
 create mode 100644 problems/30000590_group_ring_cohomology/PUBLICATION_MANIFEST.json
 create mode 100644 problems/30000590_group_ring_cohomology/PUBLICATION_STATUS.md
 create mode 100644 problems/30000590_group_ring_cohomology/REMOTE_SCOPE.md
 create mode 100644 problems/30000590_group_ring_cohomology/RESEARCH_LOG.md
 create mode 100644 problems/30000590_group_ring_cohomology/RESULT.md
 create mode 100644 problems/30000590_group_ring_cohomology/REVIEW_CORRECTION_MANIFEST.json
 create mode 100644 problems/30000590_group_ring_cohomology/REVIEW_LOCATOR_CORRECTION.md
 create mode 100644 problems/30000590_group_ring_cohomology/SOURCE_ADDITION_T4.json
 create mode 100644 problems/30000590_group_ring_cohomology/SOURCE_LOCATOR_CORRECTION.md
 create mode 100644 problems/30000590_group_ring_cohomology/SOURCE_MANIFEST.json
 create mode 100644 problems/30000590_group_ring_cohomology/SOURCE_SCOPE.md
 create mode 100644 problems/30000590_group_ring_cohomology/STATE.json
 create mode 100644 problems/30000590_group_ring_cohomology/STATE_T2.json
 create mode 100644 problems/30000590_group_ring_cohomology/STATE_T3.json
 create mode 100644 problems/30000590_group_ring_cohomology/STATE_T4.json
 create mode 100644 problems/30000590_group_ring_cohomology/STATE_T5.json
 create mode 100644 problems/30000590_group_ring_cohomology/TURN_1.md
 create mode 100644 problems/30000590_group_ring_cohomology/TURN_1_CHECKS.json
 create mode 100644 problems/30000590_group_ring_cohomology/TURN_1_MANIFEST.json
 create mode 100644 problems/30000590_group_ring_cohomology/TURN_2.md
 create mode 100644 problems/30000590_group_ring_cohomology/TURN_2_CHECKS.json
 create mode 100644 problems/30000590_group_ring_cohomology/TURN_2_MANIFEST.json
 create mode 100644 problems/30000590_group_ring_cohomology/TURN_3.md
 create mode 100644 problems/30000590_group_ring_cohomology/TURN_3_CHECKS.json
 create mode 100644 problems/30000590_group_ring_cohomology/TURN_3_MANIFEST.json
 create mode 100644 problems/30000590_group_ring_cohomology/TURN_4.md
 create mode 100644 problems/30000590_group_ring_cohomology/TURN_4_CHECKS.json
 create mode 100644 problems/30000590_group_ring_cohomology/TURN_4_MANIFEST.json
 create mode 100644 problems/30000590_group_ring_cohomology/TURN_5.md
 create mode 100644 problems/30000590_group_ring_cohomology/TURN_5_CHECKS.json
 create mode 100644 problems/30000590_group_ring_cohomology/TURN_5_MANIFEST.json
 create mode 100644 problems/30000590_group_ring_cohomology/check_turn_1.py
 create mode 100644 problems/30000590_group_ring_cohomology/check_turn_2.py
 create mode 100644 problems/30000590_group_ring_cohomology/check_turn_3.py
 create mode 100644 problems/30000590_group_ring_cohomology/check_turn_4.py
 create mode 100644 problems/30000590_group_ring_cohomology/check_turn_5.py
 create mode 100644 problems/30000590_group_ring_cohomology/review/ADVERSARIAL_REVIEW.md
 create mode 100644 problems/30000590_group_ring_cohomology/review/AUTHOR_REPLAY.json
 create mode 100644 problems/30000590_group_ring_cohomology/review/INDEPENDENT_CHECKS.json
 create mode 100644 problems/30000590_group_ring_cohomology/review/README.md
 create mode 100644 problems/30000590_group_ring_cohomology/review/REMOTE_BINDING.json
 create mode 100644 problems/30000590_group_ring_cohomology/review/REVIEW_MANIFEST.json
 create mode 100644 problems/30000590_group_ring_cohomology/review/independent_checks.py
 create mode 100644 problems/30000590_group_ring_cohomology/review/verify_review.py
 create mode 100644 problems/30000590_group_ring_cohomology/verify_packet.py
 create mode 100644 problems/30000590_group_ring_cohomology/verify_publication.py
