{
  "status": "PASS",
  "historical_file_bindings": 28,
  "all_verified_file_bindings": 68,
  "source_files_checked": 0,
  "author_assertions": 747103,
  "replays": [
    {
      "turn": 1,
      "assertions": 300681,
      "byte_exact": true
    },
    {
      "turn": 2,
      "assertions": 46264,
      "byte_exact": true
    },
    {
      "turn": 3,
      "assertions": 79346,
      "byte_exact": true
    },
    {
      "turn": 4,
      "assertions": 83797,
      "byte_exact": true
    },
    {
      "turn": 5,
      "assertions": 237015,
      "byte_exact": true
    }
  ]
}
{"additive_correction_files": 2, "author_assertions": 747103, "author_files": 41, "independent_assertions": 23463, "raw_blob_ids_match": 43, "source_pdfs_reverified": false}
PASS: preserved author/correction/review bytes, 747103 author and 23463 independent controls; original unsolved 5/5
