{
  "status": "PASS",
  "counts": {
    "Q16_associativity": 4096,
    "nonsplit_extension": 8,
    "noncentral_kernel": 1,
    "right_diagonal_noncentral_nonsplit": 512,
    "left_quotient_noncentral_nonsplit": 512,
    "lift_independence_noncentral_nonsplit": 4096,
    "nonconstant_finite_height_transport": 796,
    "periodic_shift_negative": 32,
    "nonzero_integral_factors_tensor_zero": 202,
    "flatness_Tor_negative": 6,
    "unbounded_height_homology_orbits": 80,
    "opposite_shift_orbit_label": 4086
  },
  "total_exact_controls": 14427,
  "imports_candidate_code": false,
  "scope": "Q16 nonsplit noncentral lift/action equations; variable singular height shifts; invalid periodic/integral-tensor shortcuts; unbounded orbit controls. Finite checks do not prove infinite claims."
}
