[main 0b6274228] Publish PR379 primary proof audit and PR381 repaired queue; freeze PR378
 224 files changed, 23521 insertions(+), 6 deletions(-)
 create mode 100644 draft_pr_descending_audit_20261002/audits/pr378_30004322/README.md
 create mode 100644 draft_pr_descending_audit_20261002/audits/pr378_30004322/freeze_fetch.stderr
 create mode 100644 draft_pr_descending_audit_20261002/audits/pr378_30004322/freeze_fetch.stdout
 create mode 100644 draft_pr_descending_audit_20261002/audits/pr378_30004322/original_diff.patch
 create mode 100644 draft_pr_descending_audit_20261002/audits/pr378_30004322/original_remote_metadata.json
 create mode 100644 draft_pr_descending_audit_20261002/audits/pr378_30004322/snapshot/problems/30004322_arrangement_seshadri/FINAL_AUTHOR_MANIFEST.json
 create mode 100644 draft_pr_descending_audit_20261002/audits/pr378_30004322/snapshot/problems/30004322_arrangement_seshadri/FINAL_RESULT.md
 create mode 100644 draft_pr_descending_audit_20261002/audits/pr378_30004322/snapshot/problems/30004322_arrangement_seshadri/FINAL_REVIEW_REQUEST.md
 create mode 100644 draft_pr_descending_audit_20261002/audits/pr378_30004322/snapshot/problems/30004322_arrangement_seshadri/PUBLICATION_SCOPE.json
 create mode 100644 draft_pr_descending_audit_20261002/audits/pr378_30004322/snapshot/problems/30004322_arrangement_seshadri/README_PUBLICATION.md
 create mode 100644 draft_pr_descending_audit_20261002/audits/pr378_30004322/snapshot/problems/30004322_arrangement_seshadri/REPLAY_ALL.py
 create mode 100644 draft_pr_descending_audit_20261002/audits/pr378_30004322/snapshot/problems/30004322_arrangement_seshadri/SOURCE_ADDITION_FINAL.json
 create mode 100644 draft_pr_descending_audit_20261002/audits/pr378_30004322/snapshot/problems/30004322_arrangement_seshadri/SOURCE_GATE.md
 create mode 100644 draft_pr_descending_audit_20261002/audits/pr378_30004322/snapshot/problems/30004322_arrangement_seshadri/SOURCE_MANIFEST.json
 create mode 100644 draft_pr_descending_audit_20261002/audits/pr378_30004322/snapshot/problems/30004322_arrangement_seshadri/STATE.json
 create mode 100644 draft_pr_descending_audit_20261002/audits/pr378_30004322/snapshot/problems/30004322_arrangement_seshadri/STATE_T2.json
 create mode 100644 draft_pr_descending_audit_20261002/audits/pr378_30004322/snapshot/problems/30004322_arrangement_seshadri/STATE_T3.json
 create mode 100644 draft_pr_descending_audit_20261002/audits/pr378_30004322/snapshot/problems/30004322_arrangement_seshadri/STATE_T4.json
 create mode 100644 draft_pr_descending_audit_20261002/audits/pr378_30004322/snapshot/problems/30004322_arrangement_seshadri/STATE_T5.json
 create mode 100644 draft_pr_descending_audit_20261002/audits/pr378_30004322/snapshot/problems/30004322_arrangement_seshadri/TURN_1.md
 create mode 100644 draft_pr_descending_audit_20261002/audits/pr378_30004322/snapshot/problems/30004322_arrangement_seshadri/TURN_1_CHECKS.json
 create mode 100644 draft_pr_descending_audit_20261002/audits/pr378_30004322/snapshot/problems/30004322_arrangement_seshadri/TURN_1_MANIFEST.json
 create mode 100644 draft_pr_descending_audit_20261002/audits/pr378_30004322/snapshot/problems/30004322_arrangement_seshadri/TURN_1_REMOTE_RECEIPT.json
 create mode 100644 draft_pr_descending_audit_20261002/audits/pr378_30004322/snapshot/problems/30004322_arrangement_seshadri/TURN_2.md
 create mode 100644 draft_pr_descending_audit_20261002/audits/pr378_30004322/snapshot/problems/30004322_arrangement_seshadri/TURN_2_CHECKS.json
 create mode 100644 draft_pr_descending_audit_20261002/audits/pr378_30004322/snapshot/problems/30004322_arrangement_seshadri/TURN_2_MANIFEST.json
 create mode 100644 draft_pr_descending_audit_20261002/audits/pr378_30004322/snapshot/problems/30004322_arrangement_seshadri/TURN_2_REMOTE_RECEIPT.json
 create mode 100644 draft_pr_descending_audit_20261002/audits/pr378_30004322/snapshot/problems/30004322_arrangement_seshadri/TURN_3.md
 create mode 100644 draft_pr_descending_audit_20261002/audits/pr378_30004322/snapshot/problems/30004322_arrangement_seshadri/TURN_3_CHECKS.json
 create mode 100644 draft_pr_descending_audit_20261002/audits/pr378_30004322/snapshot/problems/30004322_arrangement_seshadri/TURN_3_MANIFEST.json
 create mode 100644 draft_pr_descending_audit_20261002/audits/pr378_30004322/snapshot/problems/30004322_arrangement_seshadri/TURN_3_REMOTE_RECEIPT.json
 create mode 100644 draft_pr_descending_audit_20261002/audits/pr378_30004322/snapshot/problems/30004322_arrangement_seshadri/TURN_4.md
 create mode 100644 draft_pr_descending_audit_20261002/audits/pr378_30004322/snapshot/problems/30004322_arrangement_seshadri/TURN_4_CHECKS.json
 create mode 100644 draft_pr_descending_audit_20261002/audits/pr378_30004322/snapshot/problems/30004322_arrangement_seshadri/TURN_4_MANIFEST.json
 create mode 100644 draft_pr_descending_audit_20261002/audits/pr378_30004322/snapshot/problems/30004322_arrangement_seshadri/TURN_4_REMOTE_RECEIPT.json
 create mode 100644 draft_pr_descending_audit_20261002/audits/pr378_30004322/snapshot/problems/30004322_arrangement_seshadri/TURN_5.md
 create mode 100644 draft_pr_descending_audit_20261002/audits/pr378_30004322/snapshot/problems/30004322_arrangement_seshadri/TURN_5_CHECKS.json
 create mode 100644 draft_pr_descending_audit_20261002/audits/pr378_30004322/snapshot/problems/30004322_arrangement_seshadri/TURN_5_MANIFEST.json
 create mode 100644 draft_pr_descending_audit_20261002/audits/pr378_30004322/snapshot/problems/30004322_arrangement_seshadri/check_turn_1.py
 create mode 100644 draft_pr_descending_audit_20261002/audits/pr378_30004322/snapshot/problems/30004322_arrangement_seshadri/check_turn_2.py
 create mode 100644 draft_pr_descending_audit_20261002/audits/pr378_30004322/snapshot/problems/30004322_arrangement_seshadri/check_turn_3.py
 create mode 100644 draft_pr_descending_audit_20261002/audits/pr378_30004322/snapshot/problems/30004322_arrangement_seshadri/check_turn_4.py
 create mode 100644 draft_pr_descending_audit_20261002/audits/pr378_30004322/snapshot/problems/30004322_arrangement_seshadri/check_turn_5.py
 create mode 100644 draft_pr_descending_audit_20261002/audits/pr378_30004322/snapshot/problems/30004322_arrangement_seshadri/review/ADVERSARIAL_REVIEW.md
 create mode 100644 draft_pr_descending_audit_20261002/audits/pr378_30004322/snapshot/problems/30004322_arrangement_seshadri/review/AUTHOR_REPLAY.json
 create mode 100644 draft_pr_descending_audit_20261002/audits/pr378_30004322/snapshot/problems/30004322_arrangement_seshadri/review/INDEPENDENT_CHECKS.json
 create mode 100644 draft_pr_descending_audit_20261002/audits/pr378_30004322/snapshot/problems/30004322_arrangement_seshadri/review/REMOTE_BINDING.json
 create mode 100644 draft_pr_descending_audit_20261002/audits/pr378_30004322/snapshot/problems/30004322_arrangement_seshadri/review/REVIEW_MANIFEST.json
 create mode 100644 draft_pr_descending_audit_20261002/audits/pr378_30004322/snapshot/problems/30004322_arrangement_seshadri/review/SOURCE_REVIEW.json
 create mode 100644 draft_pr_descending_audit_20261002/audits/pr378_30004322/snapshot/problems/30004322_arrangement_seshadri/review/independent_checks.py
 create mode 100644 draft_pr_descending_audit_20261002/audits/pr378_30004322/snapshot/problems/30004322_arrangement_seshadri/review/verify_review.py
 create mode 100644 draft_pr_descending_audit_20261002/audits/pr378_30004322/snapshot/unsolved_math_prioritization/QUEUE.md
 create mode 100644 draft_pr_descending_audit_20261002/audits/pr378_30004322/snapshot_manifest.json
 create mode 100644 draft_pr_descending_audit_20261002/audits/pr379_30000590/ROOT_MATHEMATICAL_RECONSTRUCTION.md
 create mode 100644 draft_pr_descending_audit_20261002/audits/pr379_30000590/extensions_realization_review/.gitignore
 create mode 100644 draft_pr_descending_audit_20261002/audits/pr379_30000590/extensions_realization_review/AUDIT_MANIFEST.json
 create mode 100644 draft_pr_descending_audit_20261002/audits/pr379_30000590/extensions_realization_review/CANDIDATE_REPLAY_FULL_OUTPUT.json
 create mode 100644 draft_pr_descending_audit_20261002/audits/pr379_30000590/extensions_realization_review/CANDIDATE_REPLAY_RECEIPT.json
 create mode 100644 draft_pr_descending_audit_20261002/audits/pr379_30000590/extensions_realization_review/FINAL_VERIFICATION.json
 create mode 100644 draft_pr_descending_audit_20261002/audits/pr379_30000590/extensions_realization_review/INDEPENDENT_MATHEMATICS.md
 create mode 100644 draft_pr_descending_audit_20261002/audits/pr379_30000590/extensions_realization_review/INDEPENDENT_OUTPUT.json
 create mode 100644 draft_pr_descending_audit_20261002/audits/pr379_30000590/extensions_realization_review/INDEPENDENT_SEAL.json
 create mode 100644 draft_pr_descending_audit_20261002/audits/pr379_30000590/extensions_realization_review/INDEPENDENT_SEAL_VERIFICATION.json
 create mode 100644 draft_pr_descending_audit_20261002/audits/pr379_30000590/extensions_realization_review/POSTSEAL_ADVERSARIAL_MATHEMATICS.md
 create mode 100644 draft_pr_descending_audit_20261002/audits/pr379_30000590/extensions_realization_review/REALIZATION_COMPARISON_OUTPUT.json
 create mode 100644 draft_pr_descending_audit_20261002/audits/pr379_30000590/extensions_realization_review/REPORT.md
 create mode 100644 draft_pr_descending_audit_20261002/audits/pr379_30000590/extensions_realization_review/RESEARCH_LOG.md
 create mode 100644 draft_pr_descending_audit_20261002/audits/pr379_30000590/extensions_realization_review/RESEARCH_LOG_POSTSEAL.md
 create mode 100644 draft_pr_descending_audit_20261002/audits/pr379_30000590/extensions_realization_review/SNAPSHOT_RECEIPT.json
 create mode 100644 draft_pr_descending_audit_20261002/audits/pr379_30000590/extensions_realization_review/SOURCE_RECEIPT.json
 create mode 100644 draft_pr_descending_audit_20261002/audits/pr379_30000590/extensions_realization_review/independent_exact_checks.py
 create mode 100644 draft_pr_descending_audit_20261002/audits/pr379_30000590/extensions_realization_review/realization_comparison_exact.py
 create mode 100644 draft_pr_descending_audit_20261002/audits/pr379_30000590/extensions_realization_review/replay_candidate.py
 create mode 100644 draft_pr_descending_audit_20261002/audits/pr379_30000590/integral_tor_review/.gitignore
 create mode 100644 draft_pr_descending_audit_20261002/audits/pr379_30000590/integral_tor_review/FINAL_SEAL.json
 create mode 100644 draft_pr_descending_audit_20261002/audits/pr379_30000590/integral_tor_review/REPORT.md
 create mode 100644 draft_pr_descending_audit_20261002/audits/pr379_30000590/integral_tor_review/VERDICT.json
 create mode 100644 draft_pr_descending_audit_20261002/audits/pr379_30000590/integral_tor_review/additional_source_receipt.json
 create mode 100644 draft_pr_descending_audit_20261002/audits/pr379_30000590/integral_tor_review/candidate_turn_1.full.stderr.txt
 create mode 100644 draft_pr_descending_audit_20261002/audits/pr379_30000590/integral_tor_review/candidate_turn_1.full.stdout.json
 create mode 100644 draft_pr_descending_audit_20261002/audits/pr379_30000590/integral_tor_review/candidate_turn_2.full.stderr.txt
 create mode 100644 draft_pr_descending_audit_20261002/audits/pr379_30000590/integral_tor_review/candidate_turn_2.full.stdout.json
 create mode 100644 draft_pr_descending_audit_20261002/audits/pr379_30000590/integral_tor_review/candidate_turn_3.full.stderr.txt
 create mode 100644 draft_pr_descending_audit_20261002/audits/pr379_30000590/integral_tor_review/candidate_turn_3.full.stdout.json
 create mode 100644 draft_pr_descending_audit_20261002/audits/pr379_30000590/integral_tor_review/candidate_turn_4.full.stderr.txt
 create mode 100644 draft_pr_descending_audit_20261002/audits/pr379_30000590/integral_tor_review/candidate_turn_4.full.stdout.json
 create mode 100644 draft_pr_descending_audit_20261002/audits/pr379_30000590/integral_tor_review/candidate_turn_5.full.stderr.txt
 create mode 100644 draft_pr_descending_audit_20261002/audits/pr379_30000590/integral_tor_review/candidate_turn_5.full.stdout.json
 create mode 100644 draft_pr_descending_audit_20261002/audits/pr379_30000590/integral_tor_review/frozen_snapshot_byte_audit.json
 create mode 100644 draft_pr_descending_audit_20261002/audits/pr379_30000590/integral_tor_review/full_replay_comparison.json
 create mode 100644 draft_pr_descending_audit_20261002/audits/pr379_30000590/integral_tor_review/historical_independent.full.stderr.txt
 create mode 100644 draft_pr_descending_audit_20261002/audits/pr379_30000590/integral_tor_review/historical_independent.full.stdout.json
 create mode 100644 draft_pr_descending_audit_20261002/audits/pr379_30000590/integral_tor_review/independent_controls.full.stderr.txt
 create mode 100644 draft_pr_descending_audit_20261002/audits/pr379_30000590/integral_tor_review/independent_controls.full.stdout.jsonl
 create mode 100644 draft_pr_descending_audit_20261002/audits/pr379_30000590/integral_tor_review/independent_controls.py
 create mode 100644 draft_pr_descending_audit_20261002/audits/pr379_30000590/integral_tor_review/independent_pre_candidate_seal.json
 create mode 100644 draft_pr_descending_audit_20261002/audits/pr379_30000590/integral_tor_review/post_candidate_mutant_controls.py
 create mode 100644 draft_pr_descending_audit_20261002/audits/pr379_30000590/integral_tor_review/post_candidate_mutants.full.stderr.txt
 create mode 100644 draft_pr_descending_audit_20261002/audits/pr379_30000590/integral_tor_review/post_candidate_mutants.full.stdout.jsonl
 create mode 100644 draft_pr_descending_audit_20261002/audits/pr379_30000590/integral_tor_review/research_log.md
 create mode 100644 draft_pr_descending_audit_20261002/audits/pr379_30000590/integral_tor_review/source_bytes_reverification.json
 create mode 100644 draft_pr_descending_audit_20261002/audits/pr379_30000590/integral_tor_review/source_first_reconstruction.md
 create mode 100644 draft_pr_descending_audit_20261002/audits/pr379_30000590/integral_tor_review/source_receipt.json
 create mode 100644 draft_pr_descending_audit_20261002/audits/pr379_30000590/integral_tor_review/verify_packet.full.stderr.txt
 create mode 100644 draft_pr_descending_audit_20261002/audits/pr379_30000590/integral_tor_review/verify_packet.full.stdout.txt
 create mode 100644 draft_pr_descending_audit_20261002/audits/pr379_30000590/integral_tor_review/verify_publication.full.stderr.txt
 create mode 100644 draft_pr_descending_audit_20261002/audits/pr379_30000590/integral_tor_review/verify_publication.full.stdout.txt
 create mode 100644 draft_pr_descending_audit_20261002/audits/pr379_30000590/integral_tor_review/verify_review.full.stderr.txt
 create mode 100644 draft_pr_descending_audit_20261002/audits/pr379_30000590/integral_tor_review/verify_review.full.stdout.txt
 create mode 100644 draft_pr_descending_audit_20261002/audits/pr379_30000590/root_extensions_realization_review_independent_exact_checks.stderr
 create mode 100644 draft_pr_descending_audit_20261002/audits/pr379_30000590/root_extensions_realization_review_independent_exact_checks.stdout
 create mode 100644 draft_pr_descending_audit_20261002/audits/pr379_30000590/root_extensions_realization_review_realization_comparison_exact.stderr
 create mode 100644 draft_pr_descending_audit_20261002/audits/pr379_30000590/root_extensions_realization_review_realization_comparison_exact.stdout
 create mode 100644 draft_pr_descending_audit_20261002/audits/pr379_30000590/root_family_controls.py
 create mode 100644 draft_pr_descending_audit_20261002/audits/pr379_30000590/root_family_controls_receipt.json
 create mode 100644 draft_pr_descending_audit_20261002/audits/pr379_30000590/root_integral_tor_review_independent_controls.stderr
 create mode 100644 draft_pr_descending_audit_20261002/audits/pr379_30000590/root_integral_tor_review_independent_controls.stdout
 create mode 100644 draft_pr_descending_audit_20261002/audits/pr379_30000590/root_integral_tor_review_post_candidate_mutant_controls.stderr
 create mode 100644 draft_pr_descending_audit_20261002/audits/pr379_30000590/root_integral_tor_review_post_candidate_mutant_controls.stdout
 create mode 100644 draft_pr_descending_audit_20261002/audits/pr379_30000590/root_original_check_turn_1.stderr
 create mode 100644 draft_pr_descending_audit_20261002/audits/pr379_30000590/root_original_check_turn_1.stdout
 create mode 100644 draft_pr_descending_audit_20261002/audits/pr379_30000590/root_original_check_turn_2.stderr
 create mode 100644 draft_pr_descending_audit_20261002/audits/pr379_30000590/root_original_check_turn_2.stdout
 create mode 100644 draft_pr_descending_audit_20261002/audits/pr379_30000590/root_original_check_turn_3.stderr
 create mode 100644 draft_pr_descending_audit_20261002/audits/pr379_30000590/root_original_check_turn_3.stdout
 create mode 100644 draft_pr_descending_audit_20261002/audits/pr379_30000590/root_original_check_turn_4.stderr
 create mode 100644 draft_pr_descending_audit_20261002/audits/pr379_30000590/root_original_check_turn_4.stdout
 create mode 100644 draft_pr_descending_audit_20261002/audits/pr379_30000590/root_original_check_turn_5.stderr
 create mode 100644 draft_pr_descending_audit_20261002/audits/pr379_30000590/root_original_check_turn_5.stdout
 create mode 100644 draft_pr_descending_audit_20261002/audits/pr379_30000590/root_original_independent_checks.stderr
 create mode 100644 draft_pr_descending_audit_20261002/audits/pr379_30000590/root_original_independent_checks.stdout
 create mode 100644 draft_pr_descending_audit_20261002/audits/pr379_30000590/root_original_replay.py
 create mode 100644 draft_pr_descending_audit_20261002/audits/pr379_30000590/root_original_verify_packet.stderr
 create mode 100644 draft_pr_descending_audit_20261002/audits/pr379_30000590/root_original_verify_packet.stdout
 create mode 100644 draft_pr_descending_audit_20261002/audits/pr379_30000590/root_original_verify_publication.stderr
 create mode 100644 draft_pr_descending_audit_20261002/audits/pr379_30000590/root_original_verify_publication.stdout
 create mode 100644 draft_pr_descending_audit_20261002/audits/pr379_30000590/root_original_verify_review.stderr
 create mode 100644 draft_pr_descending_audit_20261002/audits/pr379_30000590/root_original_verify_review.stdout
 create mode 100644 draft_pr_descending_audit_20261002/audits/pr379_30000590/root_original_verify_review_initial_failure.stderr
 create mode 100644 draft_pr_descending_audit_20261002/audits/pr379_30000590/root_primary_source_receipt.json
 create mode 100644 draft_pr_descending_audit_20261002/audits/pr379_30000590/root_public_replay_receipt.json
 create mode 100644 draft_pr_descending_audit_20261002/audits/pr379_30000590/root_sources_hnn_review_independent_exact_checks.stderr
 create mode 100644 draft_pr_descending_audit_20261002/audits/pr379_30000590/root_sources_hnn_review_independent_exact_checks.stdout
 create mode 100644 draft_pr_descending_audit_20261002/audits/pr379_30000590/sources_hnn_review/.gitignore
 create mode 100644 draft_pr_descending_audit_20261002/audits/pr379_30000590/sources_hnn_review/CANDIDATE_REPLAY_FULL.json
 create mode 100644 draft_pr_descending_audit_20261002/audits/pr379_30000590/sources_hnn_review/FINAL_CHECKPOINT.md
 create mode 100644 draft_pr_descending_audit_20261002/audits/pr379_30000590/sources_hnn_review/FINAL_MANIFEST.json
 create mode 100644 draft_pr_descending_audit_20261002/audits/pr379_30000590/sources_hnn_review/INDEPENDENCE_SEAL.json
 create mode 100644 draft_pr_descending_audit_20261002/audits/pr379_30000590/sources_hnn_review/INDEPENDENT_MATH.md
 create mode 100644 draft_pr_descending_audit_20261002/audits/pr379_30000590/sources_hnn_review/PRIMARY_SOURCE_COMPARISON.json
 create mode 100644 draft_pr_descending_audit_20261002/audits/pr379_30000590/sources_hnn_review/REPORT.md
 create mode 100644 draft_pr_descending_audit_20261002/audits/pr379_30000590/sources_hnn_review/RESEARCH_LOG.md
 create mode 100644 draft_pr_descending_audit_20261002/audits/pr379_30000590/sources_hnn_review/TIMESTAMP_CORRECTION.md
 create mode 100644 draft_pr_descending_audit_20261002/audits/pr379_30000590/sources_hnn_review/independent_exact_checks.py
 create mode 100644 draft_pr_descending_audit_20261002/audits/pr379_30000590/sources_hnn_review/independent_exact_results.json
 create mode 100644 draft_pr_descending_audit_20261002/audits/pr380_30002762/initial_root_checkpoint_commit.stderr
 create mode 100644 draft_pr_descending_audit_20261002/audits/pr380_30002762/initial_root_checkpoint_commit.stdout
 create mode 100644 draft_pr_descending_audit_20261002/audits/pr380_30002762/initial_root_checkpoint_push.stderr
 create mode 100644 draft_pr_descending_audit_20261002/audits/pr380_30002762/initial_root_checkpoint_push.stdout
 create mode 100644 draft_pr_descending_audit_20261002/audits/pr381_30003853/queue_repair_receipt.json
 create mode 100644 draft_pr_descending_audit_20261002/audits/pr381_30003853/repair_main_fetch.stderr
 create mode 100644 draft_pr_descending_audit_20261002/audits/pr381_30003853/repair_main_fetch.stdout
 create mode 100644 draft_pr_descending_audit_20261002/audits/pr381_30003853/repair_merge_tree.stderr
 create mode 100644 draft_pr_descending_audit_20261002/audits/pr381_30003853/repair_merge_tree.stdout
 create mode 100644 draft_pr_descending_audit_20261002/audits/pr381_30003853/repair_push.stderr
 create mode 100644 draft_pr_descending_audit_20261002/audits/pr381_30003853/repair_push.stdout
 create mode 100644 draft_pr_descending_audit_20261002/audits/pr381_30003853/repair_remote.stderr
 create mode 100644 draft_pr_descending_audit_20261002/audits/pr381_30003853/repair_remote.stdout
 create mode 100644 draft_pr_descending_audit_20261002/audits/pr381_30003853/repaired_snapshot/problems/30003853_thompson_subgroup_abelianization/FINAL_AUTHOR_MANIFEST.json
 create mode 100644 draft_pr_descending_audit_20261002/audits/pr381_30003853/repaired_snapshot/problems/30003853_thompson_subgroup_abelianization/FINAL_REPLAY.json
 create mode 100644 draft_pr_descending_audit_20261002/audits/pr381_30003853/repaired_snapshot/problems/30003853_thompson_subgroup_abelianization/FINAL_RESULT.md
 create mode 100644 draft_pr_descending_audit_20261002/audits/pr381_30003853/repaired_snapshot/problems/30003853_thompson_subgroup_abelianization/FINAL_REVIEW_REQUEST.md
 create mode 100644 draft_pr_descending_audit_20261002/audits/pr381_30003853/repaired_snapshot/problems/30003853_thompson_subgroup_abelianization/PRIOR_GATE.json
 create mode 100644 draft_pr_descending_audit_20261002/audits/pr381_30003853/repaired_snapshot/problems/30003853_thompson_subgroup_abelianization/PUBLICATION_MANIFEST.json
 create mode 100644 draft_pr_descending_audit_20261002/audits/pr381_30003853/repaired_snapshot/problems/30003853_thompson_subgroup_abelianization/REPLAY_ALL.py
 create mode 100644 draft_pr_descending_audit_20261002/audits/pr381_30003853/repaired_snapshot/problems/30003853_thompson_subgroup_abelianization/RESEARCH_LOG.md
 create mode 100644 draft_pr_descending_audit_20261002/audits/pr381_30003853/repaired_snapshot/problems/30003853_thompson_subgroup_abelianization/REVIEWED_STATUS.md
 create mode 100644 draft_pr_descending_audit_20261002/audits/pr381_30003853/repaired_snapshot/problems/30003853_thompson_subgroup_abelianization/SOURCE_GATE.md
 create mode 100644 draft_pr_descending_audit_20261002/audits/pr381_30003853/repaired_snapshot/problems/30003853_thompson_subgroup_abelianization/SOURCE_MANIFEST.json
 create mode 100644 draft_pr_descending_audit_20261002/audits/pr381_30003853/repaired_snapshot/problems/30003853_thompson_subgroup_abelianization/TURN_1.md
 create mode 100644 draft_pr_descending_audit_20261002/audits/pr381_30003853/repaired_snapshot/problems/30003853_thompson_subgroup_abelianization/TURN_1_CHECKS.json
 create mode 100644 draft_pr_descending_audit_20261002/audits/pr381_30003853/repaired_snapshot/problems/30003853_thompson_subgroup_abelianization/TURN_1_MANIFEST.json
 create mode 100644 draft_pr_descending_audit_20261002/audits/pr381_30003853/repaired_snapshot/problems/30003853_thompson_subgroup_abelianization/TURN_2.md
 create mode 100644 draft_pr_descending_audit_20261002/audits/pr381_30003853/repaired_snapshot/problems/30003853_thompson_subgroup_abelianization/TURN_2_CHECKS.json
 create mode 100644 draft_pr_descending_audit_20261002/audits/pr381_30003853/repaired_snapshot/problems/30003853_thompson_subgroup_abelianization/TURN_2_MANIFEST.json
 create mode 100644 draft_pr_descending_audit_20261002/audits/pr381_30003853/repaired_snapshot/problems/30003853_thompson_subgroup_abelianization/TURN_2_STATE.json
 create mode 100644 draft_pr_descending_audit_20261002/audits/pr381_30003853/repaired_snapshot/problems/30003853_thompson_subgroup_abelianization/TURN_3.md
 create mode 100644 draft_pr_descending_audit_20261002/audits/pr381_30003853/repaired_snapshot/problems/30003853_thompson_subgroup_abelianization/TURN_3_CHECKS.json
 create mode 100644 draft_pr_descending_audit_20261002/audits/pr381_30003853/repaired_snapshot/problems/30003853_thompson_subgroup_abelianization/TURN_3_MANIFEST.json
 create mode 100644 draft_pr_descending_audit_20261002/audits/pr381_30003853/repaired_snapshot/problems/30003853_thompson_subgroup_abelianization/TURN_3_SOURCES.json
 create mode 100644 draft_pr_descending_audit_20261002/audits/pr381_30003853/repaired_snapshot/problems/30003853_thompson_subgroup_abelianization/TURN_3_STATE.json
 create mode 100644 draft_pr_descending_audit_20261002/audits/pr381_30003853/repaired_snapshot/problems/30003853_thompson_subgroup_abelianization/TURN_4.md
 create mode 100644 draft_pr_descending_audit_20261002/audits/pr381_30003853/repaired_snapshot/problems/30003853_thompson_subgroup_abelianization/TURN_4_CHECKS.json
 create mode 100644 draft_pr_descending_audit_20261002/audits/pr381_30003853/repaired_snapshot/problems/30003853_thompson_subgroup_abelianization/TURN_4_MANIFEST.json
 create mode 100644 draft_pr_descending_audit_20261002/audits/pr381_30003853/repaired_snapshot/problems/30003853_thompson_subgroup_abelianization/TURN_4_STATE.json
 create mode 100644 draft_pr_descending_audit_20261002/audits/pr381_30003853/repaired_snapshot/problems/30003853_thompson_subgroup_abelianization/TURN_5.md
 create mode 100644 draft_pr_descending_audit_20261002/audits/pr381_30003853/repaired_snapshot/problems/30003853_thompson_subgroup_abelianization/TURN_5_CHECKS.json
 create mode 100644 draft_pr_descending_audit_20261002/audits/pr381_30003853/repaired_snapshot/problems/30003853_thompson_subgroup_abelianization/TURN_5_MANIFEST.json
 create mode 100644 draft_pr_descending_audit_20261002/audits/pr381_30003853/repaired_snapshot/problems/30003853_thompson_subgroup_abelianization/TURN_5_SOURCES.json
 create mode 100644 draft_pr_descending_audit_20261002/audits/pr381_30003853/repaired_snapshot/problems/30003853_thompson_subgroup_abelianization/TURN_5_STATE.json
 create mode 100644 draft_pr_descending_audit_20261002/audits/pr381_30003853/repaired_snapshot/problems/30003853_thompson_subgroup_abelianization/TURN_STATE.json
 create mode 100644 draft_pr_descending_audit_20261002/audits/pr381_30003853/repaired_snapshot/problems/30003853_thompson_subgroup_abelianization/independent_review/AUTHOR_REPLAY.json
 create mode 100644 draft_pr_descending_audit_20261002/audits/pr381_30003853/repaired_snapshot/problems/30003853_thompson_subgroup_abelianization/independent_review/INDEPENDENT_CHECKS.json
 create mode 100644 draft_pr_descending_audit_20261002/audits/pr381_30003853/repaired_snapshot/problems/30003853_thompson_subgroup_abelianization/independent_review/REVIEW.md
 create mode 100644 draft_pr_descending_audit_20261002/audits/pr381_30003853/repaired_snapshot/problems/30003853_thompson_subgroup_abelianization/independent_review/REVIEW_MANIFEST.json
 create mode 100644 draft_pr_descending_audit_20261002/audits/pr381_30003853/repaired_snapshot/problems/30003853_thompson_subgroup_abelianization/independent_review/independent_check.py
 create mode 100644 draft_pr_descending_audit_20261002/audits/pr381_30003853/repaired_snapshot/problems/30003853_thompson_subgroup_abelianization/verify_publication.py
 create mode 100644 draft_pr_descending_audit_20261002/audits/pr381_30003853/repaired_snapshot/problems/30003853_thompson_subgroup_abelianization/verify_turn1.py
 create mode 100644 draft_pr_descending_audit_20261002/audits/pr381_30003853/repaired_snapshot/problems/30003853_thompson_subgroup_abelianization/verify_turn2.py
 create mode 100644 draft_pr_descending_audit_20261002/audits/pr381_30003853/repaired_snapshot/problems/30003853_thompson_subgroup_abelianization/verify_turn3.py
 create mode 100644 draft_pr_descending_audit_20261002/audits/pr381_30003853/repaired_snapshot/problems/30003853_thompson_subgroup_abelianization/verify_turn4.py
 create mode 100644 draft_pr_descending_audit_20261002/audits/pr381_30003853/repaired_snapshot/problems/30003853_thompson_subgroup_abelianization/verify_turn5.py
 create mode 100644 draft_pr_descending_audit_20261002/audits/pr381_30003853/repaired_snapshot/unsolved_math_prioritization/QUEUE.md
 create mode 100644 draft_pr_descending_audit_20261002/audits/pr381_30003853/repaired_snapshot_manifest.json
 create mode 100644 draft_pr_descending_audit_20261002/audits/pr382_6600013/post_acceptance_checkpoint_commit.stderr
 create mode 100644 draft_pr_descending_audit_20261002/audits/pr382_6600013/post_acceptance_checkpoint_commit.stdout
 create mode 100644 draft_pr_descending_audit_20261002/audits/pr382_6600013/post_acceptance_checkpoint_push.stderr
 create mode 100644 draft_pr_descending_audit_20261002/audits/pr382_6600013/post_acceptance_checkpoint_push.stdout
 create mode 100644 draft_pr_descending_audit_20261002/audits/pr382_6600013/post_acceptance_stage.stderr
 create mode 100644 draft_pr_descending_audit_20261002/audits/pr382_6600013/post_acceptance_stage.stdout
 create mode 100644 draft_pr_descending_audit_20261002/root_refresh_queue.py
