[main fa4b9b996] Bind finite-graph cohomology scope repair to exact PR head
 82 files changed, 5360 insertions(+), 3 deletions(-)
 create mode 100644 draft_pr_descending_audit_20261002/audits/pr376_7800012/root_primary_render_receipt.json
 create mode 100644 draft_pr_descending_audit_20261002/audits/pr376_7800012/root_primary_source_receipt.json
 create mode 100644 draft_pr_descending_audit_20261002/audits/pr379_30000590/scope_branch_repair_receipt.json
 create mode 100644 draft_pr_descending_audit_20261002/audits/pr379_30000590/scope_main_fetch.stderr
 create mode 100644 draft_pr_descending_audit_20261002/audits/pr379_30000590/scope_main_fetch.stdout
 create mode 100644 draft_pr_descending_audit_20261002/audits/pr379_30000590/scope_main_fetch_resume.stderr
 create mode 100644 draft_pr_descending_audit_20261002/audits/pr379_30000590/scope_main_fetch_resume.stdout
 create mode 100644 draft_pr_descending_audit_20261002/audits/pr379_30000590/scope_merge_tree.stderr
 create mode 100644 draft_pr_descending_audit_20261002/audits/pr379_30000590/scope_merge_tree.stdout
 create mode 100644 draft_pr_descending_audit_20261002/audits/pr379_30000590/scope_push.stderr
 create mode 100644 draft_pr_descending_audit_20261002/audits/pr379_30000590/scope_push.stdout
 create mode 100644 draft_pr_descending_audit_20261002/audits/pr379_30000590/scope_push_intent.json
 create mode 100644 draft_pr_descending_audit_20261002/audits/pr379_30000590/scope_remote.stderr
 create mode 100644 draft_pr_descending_audit_20261002/audits/pr379_30000590/scope_remote.stdout
 create mode 100644 draft_pr_descending_audit_20261002/audits/pr379_30000590/scope_remote_after.stderr
 create mode 100644 draft_pr_descending_audit_20261002/audits/pr379_30000590/scope_remote_after.stdout
 create mode 100644 draft_pr_descending_audit_20261002/audits/pr379_30000590/scope_remote_after_recovery.stderr
 create mode 100644 draft_pr_descending_audit_20261002/audits/pr379_30000590/scope_remote_after_recovery.stdout
 create mode 100644 draft_pr_descending_audit_20261002/audits/pr379_30000590/scope_remote_resume.stderr
 create mode 100644 draft_pr_descending_audit_20261002/audits/pr379_30000590/scope_remote_resume.stdout
 create mode 100644 draft_pr_descending_audit_20261002/audits/pr379_30000590/scope_repaired_snapshot/problems/30000590_group_ring_cohomology/CURRENT_SCOPE_CORRECTION.md
 create mode 100644 draft_pr_descending_audit_20261002/audits/pr379_30000590/scope_repaired_snapshot/problems/30000590_group_ring_cohomology/CURRENT_SCOPE_MANIFEST.json
 create mode 100644 draft_pr_descending_audit_20261002/audits/pr379_30000590/scope_repaired_snapshot/problems/30000590_group_ring_cohomology/CURRENT_STATE.json
 create mode 100644 draft_pr_descending_audit_20261002/audits/pr379_30000590/scope_repaired_snapshot/problems/30000590_group_ring_cohomology/FINAL_AUTHOR_MANIFEST.json
 create mode 100644 draft_pr_descending_audit_20261002/audits/pr379_30000590/scope_repaired_snapshot/problems/30000590_group_ring_cohomology/FINAL_REPLAY.json
 create mode 100644 draft_pr_descending_audit_20261002/audits/pr379_30000590/scope_repaired_snapshot/problems/30000590_group_ring_cohomology/FINAL_REVIEW_REQUEST.md
 create mode 100644 draft_pr_descending_audit_20261002/audits/pr379_30000590/scope_repaired_snapshot/problems/30000590_group_ring_cohomology/FINAL_STATE.json
 create mode 100644 draft_pr_descending_audit_20261002/audits/pr379_30000590/scope_repaired_snapshot/problems/30000590_group_ring_cohomology/LOG_T2.md
 create mode 100644 draft_pr_descending_audit_20261002/audits/pr379_30000590/scope_repaired_snapshot/problems/30000590_group_ring_cohomology/LOG_T3.md
 create mode 100644 draft_pr_descending_audit_20261002/audits/pr379_30000590/scope_repaired_snapshot/problems/30000590_group_ring_cohomology/LOG_T4.md
 create mode 100644 draft_pr_descending_audit_20261002/audits/pr379_30000590/scope_repaired_snapshot/problems/30000590_group_ring_cohomology/LOG_T5.md
 create mode 100644 draft_pr_descending_audit_20261002/audits/pr379_30000590/scope_repaired_snapshot/problems/30000590_group_ring_cohomology/PUBLICATION_MANIFEST.json
 create mode 100644 draft_pr_descending_audit_20261002/audits/pr379_30000590/scope_repaired_snapshot/problems/30000590_group_ring_cohomology/PUBLICATION_STATUS.md
 create mode 100644 draft_pr_descending_audit_20261002/audits/pr379_30000590/scope_repaired_snapshot/problems/30000590_group_ring_cohomology/REMOTE_SCOPE.md
 create mode 100644 draft_pr_descending_audit_20261002/audits/pr379_30000590/scope_repaired_snapshot/problems/30000590_group_ring_cohomology/RESEARCH_LOG.md
 create mode 100644 draft_pr_descending_audit_20261002/audits/pr379_30000590/scope_repaired_snapshot/problems/30000590_group_ring_cohomology/RESULT.md
 create mode 100644 draft_pr_descending_audit_20261002/audits/pr379_30000590/scope_repaired_snapshot/problems/30000590_group_ring_cohomology/REVIEW_CORRECTION_MANIFEST.json
 create mode 100644 draft_pr_descending_audit_20261002/audits/pr379_30000590/scope_repaired_snapshot/problems/30000590_group_ring_cohomology/REVIEW_LOCATOR_CORRECTION.md
 create mode 100644 draft_pr_descending_audit_20261002/audits/pr379_30000590/scope_repaired_snapshot/problems/30000590_group_ring_cohomology/SOURCE_ADDITION_T4.json
 create mode 100644 draft_pr_descending_audit_20261002/audits/pr379_30000590/scope_repaired_snapshot/problems/30000590_group_ring_cohomology/SOURCE_LOCATOR_CORRECTION.md
 create mode 100644 draft_pr_descending_audit_20261002/audits/pr379_30000590/scope_repaired_snapshot/problems/30000590_group_ring_cohomology/SOURCE_MANIFEST.json
 create mode 100644 draft_pr_descending_audit_20261002/audits/pr379_30000590/scope_repaired_snapshot/problems/30000590_group_ring_cohomology/SOURCE_SCOPE.md
 create mode 100644 draft_pr_descending_audit_20261002/audits/pr379_30000590/scope_repaired_snapshot/problems/30000590_group_ring_cohomology/STATE.json
 create mode 100644 draft_pr_descending_audit_20261002/audits/pr379_30000590/scope_repaired_snapshot/problems/30000590_group_ring_cohomology/STATE_T2.json
 create mode 100644 draft_pr_descending_audit_20261002/audits/pr379_30000590/scope_repaired_snapshot/problems/30000590_group_ring_cohomology/STATE_T3.json
 create mode 100644 draft_pr_descending_audit_20261002/audits/pr379_30000590/scope_repaired_snapshot/problems/30000590_group_ring_cohomology/STATE_T4.json
 create mode 100644 draft_pr_descending_audit_20261002/audits/pr379_30000590/scope_repaired_snapshot/problems/30000590_group_ring_cohomology/STATE_T5.json
 create mode 100644 draft_pr_descending_audit_20261002/audits/pr379_30000590/scope_repaired_snapshot/problems/30000590_group_ring_cohomology/TURN_1.md
 create mode 100644 draft_pr_descending_audit_20261002/audits/pr379_30000590/scope_repaired_snapshot/problems/30000590_group_ring_cohomology/TURN_1_CHECKS.json
 create mode 100644 draft_pr_descending_audit_20261002/audits/pr379_30000590/scope_repaired_snapshot/problems/30000590_group_ring_cohomology/TURN_1_MANIFEST.json
 create mode 100644 draft_pr_descending_audit_20261002/audits/pr379_30000590/scope_repaired_snapshot/problems/30000590_group_ring_cohomology/TURN_2.md
 create mode 100644 draft_pr_descending_audit_20261002/audits/pr379_30000590/scope_repaired_snapshot/problems/30000590_group_ring_cohomology/TURN_2_CHECKS.json
 create mode 100644 draft_pr_descending_audit_20261002/audits/pr379_30000590/scope_repaired_snapshot/problems/30000590_group_ring_cohomology/TURN_2_MANIFEST.json
 create mode 100644 draft_pr_descending_audit_20261002/audits/pr379_30000590/scope_repaired_snapshot/problems/30000590_group_ring_cohomology/TURN_3.md
 create mode 100644 draft_pr_descending_audit_20261002/audits/pr379_30000590/scope_repaired_snapshot/problems/30000590_group_ring_cohomology/TURN_3_CHECKS.json
 create mode 100644 draft_pr_descending_audit_20261002/audits/pr379_30000590/scope_repaired_snapshot/problems/30000590_group_ring_cohomology/TURN_3_MANIFEST.json
 create mode 100644 draft_pr_descending_audit_20261002/audits/pr379_30000590/scope_repaired_snapshot/problems/30000590_group_ring_cohomology/TURN_4.md
 create mode 100644 draft_pr_descending_audit_20261002/audits/pr379_30000590/scope_repaired_snapshot/problems/30000590_group_ring_cohomology/TURN_4_CHECKS.json
 create mode 100644 draft_pr_descending_audit_20261002/audits/pr379_30000590/scope_repaired_snapshot/problems/30000590_group_ring_cohomology/TURN_4_MANIFEST.json
 create mode 100644 draft_pr_descending_audit_20261002/audits/pr379_30000590/scope_repaired_snapshot/problems/30000590_group_ring_cohomology/TURN_5.md
 create mode 100644 draft_pr_descending_audit_20261002/audits/pr379_30000590/scope_repaired_snapshot/problems/30000590_group_ring_cohomology/TURN_5_CHECKS.json
 create mode 100644 draft_pr_descending_audit_20261002/audits/pr379_30000590/scope_repaired_snapshot/problems/30000590_group_ring_cohomology/TURN_5_MANIFEST.json
 create mode 100644 draft_pr_descending_audit_20261002/audits/pr379_30000590/scope_repaired_snapshot/problems/30000590_group_ring_cohomology/check_turn_1.py
 create mode 100644 draft_pr_descending_audit_20261002/audits/pr379_30000590/scope_repaired_snapshot/problems/30000590_group_ring_cohomology/check_turn_2.py
 create mode 100644 draft_pr_descending_audit_20261002/audits/pr379_30000590/scope_repaired_snapshot/problems/30000590_group_ring_cohomology/check_turn_3.py
 create mode 100644 draft_pr_descending_audit_20261002/audits/pr379_30000590/scope_repaired_snapshot/problems/30000590_group_ring_cohomology/check_turn_4.py
 create mode 100644 draft_pr_descending_audit_20261002/audits/pr379_30000590/scope_repaired_snapshot/problems/30000590_group_ring_cohomology/check_turn_5.py
 create mode 100644 draft_pr_descending_audit_20261002/audits/pr379_30000590/scope_repaired_snapshot/problems/30000590_group_ring_cohomology/review/ADVERSARIAL_REVIEW.md
 create mode 100644 draft_pr_descending_audit_20261002/audits/pr379_30000590/scope_repaired_snapshot/problems/30000590_group_ring_cohomology/review/AUTHOR_REPLAY.json
 create mode 100644 draft_pr_descending_audit_20261002/audits/pr379_30000590/scope_repaired_snapshot/problems/30000590_group_ring_cohomology/review/INDEPENDENT_CHECKS.json
 create mode 100644 draft_pr_descending_audit_20261002/audits/pr379_30000590/scope_repaired_snapshot/problems/30000590_group_ring_cohomology/review/README.md
 create mode 100644 draft_pr_descending_audit_20261002/audits/pr379_30000590/scope_repaired_snapshot/problems/30000590_group_ring_cohomology/review/REMOTE_BINDING.json
 create mode 100644 draft_pr_descending_audit_20261002/audits/pr379_30000590/scope_repaired_snapshot/problems/30000590_group_ring_cohomology/review/REVIEW_MANIFEST.json
 create mode 100644 draft_pr_descending_audit_20261002/audits/pr379_30000590/scope_repaired_snapshot/problems/30000590_group_ring_cohomology/review/independent_checks.py
 create mode 100644 draft_pr_descending_audit_20261002/audits/pr379_30000590/scope_repaired_snapshot/problems/30000590_group_ring_cohomology/review/verify_review.py
 create mode 100644 draft_pr_descending_audit_20261002/audits/pr379_30000590/scope_repaired_snapshot/problems/30000590_group_ring_cohomology/verify_packet.py
 create mode 100644 draft_pr_descending_audit_20261002/audits/pr379_30000590/scope_repaired_snapshot/problems/30000590_group_ring_cohomology/verify_publication.py
 create mode 100644 draft_pr_descending_audit_20261002/audits/pr379_30000590/scope_repaired_snapshot/unsolved_math_prioritization/QUEUE.md
 create mode 100644 draft_pr_descending_audit_20261002/audits/pr379_30000590/scope_repaired_snapshot_manifest.json
