[main e5e672201] Accept corrected finite-graph cohomology partials after fresh review
 116 files changed, 6826 insertions(+), 2 deletions(-)
 create mode 100644 draft_pr_descending_audit_20261002/audits/pr379_30000590/ACCEPTANCE_DECISION.md
 create mode 100644 draft_pr_descending_audit_20261002/audits/pr379_30000590/acceptance_criteria.json
 create mode 100644 draft_pr_descending_audit_20261002/audits/pr379_30000590/accepted_pr_body.txt
 create mode 100644 draft_pr_descending_audit_20261002/audits/pr379_30000590/clean_corrected_final_adversary/.gitignore
 create mode 100644 draft_pr_descending_audit_20261002/audits/pr379_30000590/clean_corrected_final_adversary/ARTIFACT_MANIFEST.json
 create mode 100644 draft_pr_descending_audit_20261002/audits/pr379_30000590/clean_corrected_final_adversary/FINAL_REVIEW.md
 create mode 100644 draft_pr_descending_audit_20261002/audits/pr379_30000590/clean_corrected_final_adversary/FINAL_VERDICT.json
 create mode 100644 draft_pr_descending_audit_20261002/audits/pr379_30000590/clean_corrected_final_adversary/FRESH_SIX_SOURCE_BINDINGS.json
 create mode 100644 draft_pr_descending_audit_20261002/audits/pr379_30000590/clean_corrected_final_adversary/MATHEMATICAL_VERDICT_SEAL.json
 create mode 100644 draft_pr_descending_audit_20261002/audits/pr379_30000590/clean_corrected_final_adversary/MATHEMATICAL_VERDICT_SEALED.md
 create mode 100644 draft_pr_descending_audit_20261002/audits/pr379_30000590/clean_corrected_final_adversary/REPLAY_RECEIPTS.json
 create mode 100644 draft_pr_descending_audit_20261002/audits/pr379_30000590/clean_corrected_final_adversary/RESEARCH_LOG.md
 create mode 100644 draft_pr_descending_audit_20261002/audits/pr379_30000590/clean_corrected_final_adversary/SOURCE_CHECKS.md
 create mode 100644 draft_pr_descending_audit_20261002/audits/pr379_30000590/clean_corrected_final_adversary/SOURCE_FIRST_BASELINE.md
 create mode 100644 draft_pr_descending_audit_20261002/audits/pr379_30000590/clean_corrected_final_adversary/SOURCE_FIRST_SEAL.json
 create mode 100644 draft_pr_descending_audit_20261002/audits/pr379_30000590/clean_corrected_final_adversary/baseline_controls.py
 create mode 100644 draft_pr_descending_audit_20261002/audits/pr379_30000590/clean_corrected_final_adversary/baseline_controls.stderr.txt
 create mode 100644 draft_pr_descending_audit_20261002/audits/pr379_30000590/clean_corrected_final_adversary/baseline_controls.stdout.txt
 create mode 100644 draft_pr_descending_audit_20261002/audits/pr379_30000590/clean_corrected_final_adversary/exact_head.stderr.txt
 create mode 100644 draft_pr_descending_audit_20261002/audits/pr379_30000590/clean_corrected_final_adversary/exact_head.stdout.json
 create mode 100644 draft_pr_descending_audit_20261002/audits/pr379_30000590/clean_corrected_final_adversary/failed_01_exact_head.stderr.txt
 create mode 100644 draft_pr_descending_audit_20261002/audits/pr379_30000590/clean_corrected_final_adversary/failed_01_exact_head.stdout.json
 create mode 100644 draft_pr_descending_audit_20261002/audits/pr379_30000590/clean_corrected_final_adversary/failed_01_verify_exact_head.py
 create mode 100644 draft_pr_descending_audit_20261002/audits/pr379_30000590/clean_corrected_final_adversary/failed_02_exact_head.stderr.txt
 create mode 100644 draft_pr_descending_audit_20261002/audits/pr379_30000590/clean_corrected_final_adversary/failed_02_exact_head.stdout.json
 create mode 100644 draft_pr_descending_audit_20261002/audits/pr379_30000590/clean_corrected_final_adversary/failed_02_verify_exact_head.py
 create mode 100644 draft_pr_descending_audit_20261002/audits/pr379_30000590/clean_corrected_final_adversary/fresh_adversarial_controls.py
 create mode 100644 draft_pr_descending_audit_20261002/audits/pr379_30000590/clean_corrected_final_adversary/fresh_adversarial_controls.stderr.txt
 create mode 100644 draft_pr_descending_audit_20261002/audits/pr379_30000590/clean_corrected_final_adversary/fresh_adversarial_controls.stdout.json
 create mode 100644 draft_pr_descending_audit_20261002/audits/pr379_30000590/clean_corrected_final_adversary/fresh_fetch_receipts.json
 create mode 100644 draft_pr_descending_audit_20261002/audits/pr379_30000590/clean_corrected_final_adversary/replay_all.py
 create mode 100644 draft_pr_descending_audit_20261002/audits/pr379_30000590/clean_corrected_final_adversary/replay_all.stderr.txt
 create mode 100644 draft_pr_descending_audit_20261002/audits/pr379_30000590/clean_corrected_final_adversary/replay_all.stdout.json
 create mode 100644 draft_pr_descending_audit_20261002/audits/pr379_30000590/clean_corrected_final_adversary/replay_old_objects.py
 create mode 100644 draft_pr_descending_audit_20261002/audits/pr379_30000590/clean_corrected_final_adversary/replay_old_objects.stderr.txt
 create mode 100644 draft_pr_descending_audit_20261002/audits/pr379_30000590/clean_corrected_final_adversary/replay_old_objects.stdout.json
 create mode 100644 draft_pr_descending_audit_20261002/audits/pr379_30000590/clean_corrected_final_adversary/replay_outputs/author_turn_1.stderr.txt
 create mode 100644 draft_pr_descending_audit_20261002/audits/pr379_30000590/clean_corrected_final_adversary/replay_outputs/author_turn_1.stdout.txt
 create mode 100644 draft_pr_descending_audit_20261002/audits/pr379_30000590/clean_corrected_final_adversary/replay_outputs/author_turn_2.stderr.txt
 create mode 100644 draft_pr_descending_audit_20261002/audits/pr379_30000590/clean_corrected_final_adversary/replay_outputs/author_turn_2.stdout.txt
 create mode 100644 draft_pr_descending_audit_20261002/audits/pr379_30000590/clean_corrected_final_adversary/replay_outputs/author_turn_3.stderr.txt
 create mode 100644 draft_pr_descending_audit_20261002/audits/pr379_30000590/clean_corrected_final_adversary/replay_outputs/author_turn_3.stdout.txt
 create mode 100644 draft_pr_descending_audit_20261002/audits/pr379_30000590/clean_corrected_final_adversary/replay_outputs/author_turn_4.stderr.txt
 create mode 100644 draft_pr_descending_audit_20261002/audits/pr379_30000590/clean_corrected_final_adversary/replay_outputs/author_turn_4.stdout.txt
 create mode 100644 draft_pr_descending_audit_20261002/audits/pr379_30000590/clean_corrected_final_adversary/replay_outputs/author_turn_5.stderr.txt
 create mode 100644 draft_pr_descending_audit_20261002/audits/pr379_30000590/clean_corrected_final_adversary/replay_outputs/author_turn_5.stdout.txt
 create mode 100644 draft_pr_descending_audit_20261002/audits/pr379_30000590/clean_corrected_final_adversary/replay_outputs/historical_pre_final_receipt.stderr.txt
 create mode 100644 draft_pr_descending_audit_20261002/audits/pr379_30000590/clean_corrected_final_adversary/replay_outputs/historical_pre_final_receipt.stdout.txt
 create mode 100644 draft_pr_descending_audit_20261002/audits/pr379_30000590/clean_corrected_final_adversary/replay_outputs/original_publication_no_sources.stderr.txt
 create mode 100644 draft_pr_descending_audit_20261002/audits/pr379_30000590/clean_corrected_final_adversary/replay_outputs/original_publication_no_sources.stdout.txt
 create mode 100644 draft_pr_descending_audit_20261002/audits/pr379_30000590/clean_corrected_final_adversary/replay_outputs/original_publication_with_fresh_sources.stderr.txt
 create mode 100644 draft_pr_descending_audit_20261002/audits/pr379_30000590/clean_corrected_final_adversary/replay_outputs/original_publication_with_fresh_sources.stdout.txt
 create mode 100644 draft_pr_descending_audit_20261002/audits/pr379_30000590/clean_corrected_final_adversary/replay_outputs/packet_no_sources.stderr.txt
 create mode 100644 draft_pr_descending_audit_20261002/audits/pr379_30000590/clean_corrected_final_adversary/replay_outputs/packet_no_sources.stdout.txt
 create mode 100644 draft_pr_descending_audit_20261002/audits/pr379_30000590/clean_corrected_final_adversary/replay_outputs/packet_with_fresh_sources.stderr.txt
 create mode 100644 draft_pr_descending_audit_20261002/audits/pr379_30000590/clean_corrected_final_adversary/replay_outputs/packet_with_fresh_sources.stdout.txt
 create mode 100644 draft_pr_descending_audit_20261002/audits/pr379_30000590/clean_corrected_final_adversary/replay_outputs/prior_independent_controls.stderr.txt
 create mode 100644 draft_pr_descending_audit_20261002/audits/pr379_30000590/clean_corrected_final_adversary/replay_outputs/prior_independent_controls.stdout.txt
 create mode 100644 draft_pr_descending_audit_20261002/audits/pr379_30000590/clean_corrected_final_adversary/replay_outputs/publication_no_sources.stderr.txt
 create mode 100644 draft_pr_descending_audit_20261002/audits/pr379_30000590/clean_corrected_final_adversary/replay_outputs/publication_no_sources.stdout.txt
 create mode 100644 draft_pr_descending_audit_20261002/audits/pr379_30000590/clean_corrected_final_adversary/replay_outputs/publication_with_fresh_sources.stderr.txt
 create mode 100644 draft_pr_descending_audit_20261002/audits/pr379_30000590/clean_corrected_final_adversary/replay_outputs/publication_with_fresh_sources.stdout.txt
 create mode 100644 draft_pr_descending_audit_20261002/audits/pr379_30000590/clean_corrected_final_adversary/replay_outputs/review_wrapper.stderr.txt
 create mode 100644 draft_pr_descending_audit_20261002/audits/pr379_30000590/clean_corrected_final_adversary/replay_outputs/review_wrapper.stdout.txt
 create mode 100644 draft_pr_descending_audit_20261002/audits/pr379_30000590/clean_corrected_final_adversary/verify_exact_head.py
 create mode 100644 draft_pr_descending_audit_20261002/audits/pr379_30000590/clean_corrected_final_adversary/verify_public_artifacts.py
 create mode 100644 draft_pr_descending_audit_20261002/audits/pr379_30000590/clean_corrected_final_adversary/verify_public_artifacts.stderr.txt
 create mode 100644 draft_pr_descending_audit_20261002/audits/pr379_30000590/clean_corrected_final_adversary/verify_public_artifacts.stdout.txt
 create mode 100644 draft_pr_descending_audit_20261002/audits/pr379_30000590/merge_body.txt
 create mode 100644 draft_pr_descending_audit_20261002/audits/pr379_30000590/root_clean_author_turn_1.stderr
 create mode 100644 draft_pr_descending_audit_20261002/audits/pr379_30000590/root_clean_author_turn_1.stdout
 create mode 100644 draft_pr_descending_audit_20261002/audits/pr379_30000590/root_clean_author_turn_2.stderr
 create mode 100644 draft_pr_descending_audit_20261002/audits/pr379_30000590/root_clean_author_turn_2.stdout
 create mode 100644 draft_pr_descending_audit_20261002/audits/pr379_30000590/root_clean_author_turn_3.stderr
 create mode 100644 draft_pr_descending_audit_20261002/audits/pr379_30000590/root_clean_author_turn_3.stdout
 create mode 100644 draft_pr_descending_audit_20261002/audits/pr379_30000590/root_clean_author_turn_4.stderr
 create mode 100644 draft_pr_descending_audit_20261002/audits/pr379_30000590/root_clean_author_turn_4.stdout
 create mode 100644 draft_pr_descending_audit_20261002/audits/pr379_30000590/root_clean_author_turn_5.stderr
 create mode 100644 draft_pr_descending_audit_20261002/audits/pr379_30000590/root_clean_author_turn_5.stdout
 create mode 100644 draft_pr_descending_audit_20261002/audits/pr379_30000590/root_clean_baseline.stderr
 create mode 100644 draft_pr_descending_audit_20261002/audits/pr379_30000590/root_clean_baseline.stdout
 create mode 100644 draft_pr_descending_audit_20261002/audits/pr379_30000590/root_clean_exact_head.stderr
 create mode 100644 draft_pr_descending_audit_20261002/audits/pr379_30000590/root_clean_exact_head.stdout
 create mode 100644 draft_pr_descending_audit_20261002/audits/pr379_30000590/root_clean_final_gate_receipt.json
 create mode 100644 draft_pr_descending_audit_20261002/audits/pr379_30000590/root_clean_final_reproduction.py
 create mode 100644 draft_pr_descending_audit_20261002/audits/pr379_30000590/root_clean_final_reproduction_receipt.json
 create mode 100644 draft_pr_descending_audit_20261002/audits/pr379_30000590/root_clean_historical_pre_final_receipt.stderr
 create mode 100644 draft_pr_descending_audit_20261002/audits/pr379_30000590/root_clean_historical_pre_final_receipt.stdout
 create mode 100644 draft_pr_descending_audit_20261002/audits/pr379_30000590/root_clean_new_controls.stderr
 create mode 100644 draft_pr_descending_audit_20261002/audits/pr379_30000590/root_clean_new_controls.stdout
 create mode 100644 draft_pr_descending_audit_20261002/audits/pr379_30000590/root_clean_original_publication_no_sources.stderr
 create mode 100644 draft_pr_descending_audit_20261002/audits/pr379_30000590/root_clean_original_publication_no_sources.stdout
 create mode 100644 draft_pr_descending_audit_20261002/audits/pr379_30000590/root_clean_original_publication_with_fresh_sources.stderr
 create mode 100644 draft_pr_descending_audit_20261002/audits/pr379_30000590/root_clean_original_publication_with_fresh_sources.stdout
 create mode 100644 draft_pr_descending_audit_20261002/audits/pr379_30000590/root_clean_packet_no_sources.stderr
 create mode 100644 draft_pr_descending_audit_20261002/audits/pr379_30000590/root_clean_packet_no_sources.stdout
 create mode 100644 draft_pr_descending_audit_20261002/audits/pr379_30000590/root_clean_packet_with_fresh_sources.stderr
 create mode 100644 draft_pr_descending_audit_20261002/audits/pr379_30000590/root_clean_packet_with_fresh_sources.stdout
 create mode 100644 draft_pr_descending_audit_20261002/audits/pr379_30000590/root_clean_prior_independent_controls.stderr
 create mode 100644 draft_pr_descending_audit_20261002/audits/pr379_30000590/root_clean_prior_independent_controls.stdout
 create mode 100644 draft_pr_descending_audit_20261002/audits/pr379_30000590/root_clean_public_manifest.stderr
 create mode 100644 draft_pr_descending_audit_20261002/audits/pr379_30000590/root_clean_public_manifest.stdout
 create mode 100644 draft_pr_descending_audit_20261002/audits/pr379_30000590/root_clean_publication_no_sources.stderr
 create mode 100644 draft_pr_descending_audit_20261002/audits/pr379_30000590/root_clean_publication_no_sources.stdout
 create mode 100644 draft_pr_descending_audit_20261002/audits/pr379_30000590/root_clean_publication_with_fresh_sources.stderr
 create mode 100644 draft_pr_descending_audit_20261002/audits/pr379_30000590/root_clean_publication_with_fresh_sources.stdout
 create mode 100644 draft_pr_descending_audit_20261002/audits/pr379_30000590/root_clean_review_wrapper.stderr
 create mode 100644 draft_pr_descending_audit_20261002/audits/pr379_30000590/root_clean_review_wrapper.stdout
 create mode 100644 draft_pr_descending_audit_20261002/audits/pr379_30000590/root_scope_checkpoint_commit.stderr
 create mode 100644 draft_pr_descending_audit_20261002/audits/pr379_30000590/root_scope_checkpoint_commit.stdout
 create mode 100644 draft_pr_descending_audit_20261002/audits/pr379_30000590/root_scope_checkpoint_push.stderr
 create mode 100644 draft_pr_descending_audit_20261002/audits/pr379_30000590/root_scope_checkpoint_push.stdout
 create mode 100644 draft_pr_descending_audit_20261002/audits/pr379_30000590/root_scope_checkpoint_stage.stderr
 create mode 100644 draft_pr_descending_audit_20261002/audits/pr379_30000590/root_scope_checkpoint_stage.stdout
