Traceback (most recent call last):
  File "/Users/alec/Documents/Math/k2p_same_fresh_referee_2026-08-29_r6/relocations/distinct_beta_parent/referee_beta_relocated/work/final_theorem_release/run_release_mutations.py", line 1551, in <module>
    raise SystemExit(main())
                     ~~~~^^
  File "/Users/alec/Documents/Math/k2p_same_fresh_referee_2026-08-29_r6/relocations/distinct_beta_parent/referee_beta_relocated/work/final_theorem_release/run_release_mutations.py", line 1517, in main
    reassign_direct_family(
    ~~~~~~~~~~~~~~~~~~~~~~^
        rows,
        ^^^^^
    ...<4 lines>...
        str(direct_mutation_summary["payload_sha256"]),
        ^^^^^^^^^^^^^^^^^^^^^^^^^^^^^^^^^^^^^^^^^^^^^^^
    )
    ^
  File "/Users/alec/Documents/Math/k2p_same_fresh_referee_2026-08-29_r6/relocations/distinct_beta_parent/referee_beta_relocated/work/final_theorem_release/run_release_mutations.py", line 1032, in reassign_direct_family
    clone_direct_release(source, root)
    ~~~~~~~~~~~~~~~~~~~~^^^^^^^^^^^^^^
  File "/Users/alec/Documents/Math/k2p_same_fresh_referee_2026-08-29_r6/relocations/distinct_beta_parent/referee_beta_relocated/work/final_theorem_release/run_release_mutations.py", line 924, in clone_direct_release
    shutil.copytree(
    ~~~~~~~~~~~~~~~^
        source,
        ^^^^^^^
    ...<2 lines>...
        ignore=shutil.ignore_patterns("__pycache__", "*.pyc", "*.pyo", ".DS_Store"),
        ^^^^^^^^^^^^^^^^^^^^^^^^^^^^^^^^^^^^^^^^^^^^^^^^^^^^^^^^^^^^^^^^^^^^^^^^^^^^
    )
    ^
  File "/opt/homebrew/Cellar/python@3.14/3.14.6/Frameworks/Python.framework/Versions/3.14/lib/python3.14/shutil.py", line 654, in copytree
    return _copytree(entries=entries, src=src, dst=dst, symlinks=symlinks,
                     ignore=ignore, copy_function=copy_function,
                     ignore_dangling_symlinks=ignore_dangling_symlinks,
                     dirs_exist_ok=dirs_exist_ok)
  File "/opt/homebrew/Cellar/python@3.14/3.14.6/Frameworks/Python.framework/Versions/3.14/lib/python3.14/shutil.py", line 608, in _copytree
    raise Error(errors)
shutil.Error: [('/Users/alec/Documents/Math/k2p_same_fresh_referee_2026-08-29_r6/relocations/distinct_beta_parent/referee_beta_relocated/package/referee/k2p_offline_sweep_portable/atlas/rank_certs_4.pkl', '/var/folders/cp/bbqcpp814bjd_6mfhk6lxf7r0000gn/T/k2p-final-mutations-pi2bo6ub/direct_theta0_quintic_port_orbit/atlas/rank_certs_4.pkl', "[Errno 28] No space left on device: '/Users/alec/Documents/Math/k2p_same_fresh_referee_2026-08-29_r6/relocations/distinct_beta_parent/referee_beta_relocated/package/referee/k2p_offline_sweep_portable/atlas/rank_certs_4.pkl' -> '/var/folders/cp/bbqcpp814bjd_6mfhk6lxf7r0000gn/T/k2p-final-mutations-pi2bo6ub/direct_theta0_quintic_port_orbit/atlas/rank_certs_4.pkl'"), ('/Users/alec/Documents/Math/k2p_same_fresh_referee_2026-08-29_r6/relocations/distinct_beta_parent/referee_beta_relocated/package/referee/k2p_offline_sweep_portable/atlas/descriptors_4.pkl', '/var/folders/cp/bbqcpp814bjd_6mfhk6lxf7r0000gn/T/k2p-final-mutations-pi2bo6ub/direct_theta0_quintic_port_orbit/atlas/descriptors_4.pkl', "[Errno 28] No space left on device: '/var/folders/cp/bbqcpp814bjd_6mfhk6lxf7r0000gn/T/k2p-final-mutations-pi2bo6ub/direct_theta0_quintic_port_orbit/atlas/descriptors_4.pkl'"), ('/Users/alec/Documents/Math/k2p_same_fresh_referee_2026-08-29_r6/relocations/distinct_beta_parent/referee_beta_relocated/package/referee/k2p_offline_sweep_portable/build_direct_closure_lock.py', '/var/folders/cp/bbqcpp814bjd_6mfhk6lxf7r0000gn/T/k2p-final-mutations-pi2bo6ub/direct_theta0_quintic_port_orbit/build_direct_closure_lock.py', "[Errno 28] No space left on device: '/var/folders/cp/bbqcpp814bjd_6mfhk6lxf7r0000gn/T/k2p-final-mutations-pi2bo6ub/direct_theta0_quintic_port_orbit/build_direct_closure_lock.py'"), ('/Users/alec/Documents/Math/k2p_same_fresh_referee_2026-08-29_r6/relocations/distinct_beta_parent/referee_beta_relocated/package/referee/k2p_offline_sweep_portable/test_mutations.py', '/var/folders/cp/bbqcpp814bjd_6mfhk6lxf7r0000gn/T/k2p-final-mutations-pi2bo6ub/direct_theta0_quintic_port_orbit/test_mutations.py', "[Errno 28] No space left on device: '/var/folders/cp/bbqcpp814bjd_6mfhk6lxf7r0000gn/T/k2p-final-mutations-pi2bo6ub/direct_theta0_quintic_port_orbit/test_mutations.py'"), ('/Users/alec/Documents/Math/k2p_same_fresh_referee_2026-08-29_r6/relocations/distinct_beta_parent/referee_beta_relocated/package/referee/k2p_offline_sweep_portable/DIRECT_CLOSURE_LOCK.json', '/var/folders/cp/bbqcpp814bjd_6mfhk6lxf7r0000gn/T/k2p-final-mutations-pi2bo6ub/direct_theta0_quintic_port_orbit/DIRECT_CLOSURE_LOCK.json', "[Errno 28] No space left on device: '/var/folders/cp/bbqcpp814bjd_6mfhk6lxf7r0000gn/T/k2p-final-mutations-pi2bo6ub/direct_theta0_quintic_port_orbit/DIRECT_CLOSURE_LOCK.json'")]
