K2P_FINAL_MUTATION_OUTPUT_CONTRACT_PASS
K2P_FINAL_MUTATION_REJECTED name=optimized_mode
K2P_FINAL_MUTATION_REJECTED name=quartet_semantics_mutations
K2P_FINAL_MUTATION_REJECTED name=quartet_terminal_binding_mutations
K2P_FINAL_MUTATION_REJECTED name=canonicalizer_completeness_mutations
K2P_FINAL_MUTATION_REJECTED name=parameter_transport_mutations
K2P_FINAL_MUTATION_REJECTED name=rank_upper_mutations
K2P_FINAL_MUTATION_REJECTED name=corrected_raw4_overlay_mutations
K2P_FINAL_MUTATION_REJECTED name=theta2_full_map_mutations
K2P_FINAL_MUTATION_REJECTED name=corrected_primitive_composite_mutations
K2P_FINAL_MUTATION_REJECTED name=corrected_restoration_v3_mutations
K2P_FINAL_MUTATION_REJECTED name=corrected_two_stage_probe_mutations
K2P_FINAL_MUTATION_REJECTED name=promotion_theorem_status
K2P_FINAL_MUTATION_REJECTED name=promotion_quantifier_checklist
K2P_FINAL_MUTATION_REJECTED name=promotion_pass_gate
K2P_FINAL_MUTATION_REJECTED name=promotion_zero_gate
K2P_FINAL_MUTATION_REJECTED name=promotion_ledger_path
K2P_FINAL_MUTATION_REJECTED name=promotion_combined_root
K2P_FINAL_MUTATION_REJECTED name=historical_artifact_promoted
K2P_FINAL_MUTATION_REJECTED name=historical_authoritative_replacement_removed
K2P_FINAL_MUTATION_REJECTED name=historical_scanner_record_omitted
K2P_FINAL_MUTATION_REJECTED name=weak_sharpness_mutations
K2P_FINAL_DIRECT_MUTATION_PREFLIGHT_PASS cases=11
K2P_FINAL_MUTATION_REJECTED name=reassigned_cubic_certificate
K2P_FINAL_MUTATION_REJECTED name=reassigned_quartic_certificate
