{
  "clean_full_replay": {
    "layers": 41,
    "maximum_resident_set_size_bytes": 2543091712,
    "peak_memory_footprint_bytes": 487932720,
    "report_sha256": "0d2fd0206181fe4c08ebff1367592809d0b8126d58aee3d91980941bfa55a95e",
    "status": "PASS",
    "telemetry_sha256": "eab3c1d6a096ef469b3db4844ea567a49e8e8ea6e62a6c8a2506814773cb6d50",
    "wall_seconds": 6361.55
  },
  "current_narrative_role_binding": {
    "rows": [
      {
        "markers_checked": [
          "reader snapshot only",
          "work/final_theorem_release/RELEASE_LOCK.json",
          "does not supersede that lock"
        ],
        "path": "work/corrected_composite_ledgers/README.md",
        "role": "reader-snapshot; generated release lock is byte authority",
        "sha256": "a1b2f823542410b4cc4b9849fbd98a6428d9a23176a627695221f45347d1dea7"
      },
      {
        "markers_checked": [
          "reader snapshot only",
          "work/final_theorem_release/RELEASE_LOCK.json",
          "does not supersede that lock"
        ],
        "path": "work/final_theorem_release/CORRECTED_FINITE_UNIVERSE_CONTRACT.md",
        "role": "reader-snapshot; generated release lock is byte authority",
        "sha256": "701913fe8182cdd37caddbd07f529bb8cf7c23d6973a4e199d8162b188e0e8ec"
      },
      {
        "markers_checked": [
          "Versioned evidence snapshot",
          "reader snapshot only",
          "work/final_theorem_release/RELEASE_LOCK.json",
          "does not supersede that lock"
        ],
        "path": "work/global_theorem_closure/promotion_manuscript/K2P_SAME_PROMOTION_MANUSCRIPT.md",
        "role": "reader-snapshot; generated release lock is byte authority",
        "sha256": "fcf5ecd8321ccc68691736f6d522deb58cbb880e8bc8aa75d190807cec268331"
      }
    ],
    "rows_checked": 3,
    "status": "PASS"
  },
  "findings": [],
  "frozen_counts": {
    "cycle": 13440,
    "probe": 574535,
    "raw4": 405216,
    "restoration": 2540,
    "theta2": 2946240
  },
  "frozen_release_sha256": "bbb411dde4a13f001d9c2b5fac97722a54bb6ce604b6aff476de44f7ce4b8f53",
  "new_exact_evidence": {
    "canonicalizer_primitive_archetypes": 10084,
    "canonicalizer_strict_relation_presentations": 4012,
    "probe_parameter_transports": 67741,
    "probe_restriction_occurrences": 71022,
    "quartet_formula_transports": 288,
    "quartet_terminal_certificate_ids": 888,
    "quartet_terminal_rows": 4414710,
    "restoration_restriction_occurrences": 5540
  },
  "payload_sha256": "dac58a18f8dc0f59763b0d1c04d2991ab347546aa177abf7bce0b4e7044ce54b",
  "printed_authority_hash_binding": {
    "frozen_anchor_rows": 18,
    "metadata_rows": 8,
    "rows": [
      {
        "kind": "authority",
        "line": 697,
        "path": "work/raw_ledger_audit/artifacts/raw_ledger_summary.json",
        "presentation": "metadata",
        "sha256": "59212034aca49b29d2e0dd0e312cd5e7e76957b48e8eb312f74ce277e0843f43"
      },
      {
        "kind": "authority",
        "line": 707,
        "path": "work/rank_upper_certificates/rank_upper_coverage.json",
        "presentation": "metadata",
        "sha256": "c52c5730494eb894360c17b6e54ae5c260fca3cddb8702d5c796750c7df874bc"
      },
      {
        "kind": "reader derivative",
        "line": 721,
        "path": "proof_compression_submission/templates/PRINTED_CERTIFICATE_APPENDIX.json",
        "presentation": "metadata",
        "sha256": "9990bb807323e1ceda93cb520b58692129fbdc8f41ea8ca66a1684a48f18ce08"
      },
      {
        "kind": "authority",
        "line": 729,
        "path": "work/restoration_sign_reclassification/corrected_restoration_forest.json",
        "presentation": "metadata",
        "sha256": "396d1970af17b5e90c3f1b00ceab1b810816e93ec68a566bd0479f05c722793f"
      },
      {
        "kind": "authority",
        "line": 736,
        "path": "work/probe_coherence_corrected/probe_coherence_certificate.json",
        "presentation": "metadata",
        "sha256": "6edd4097d0ce6cc0938e1a7eaee8d01c7e9daac814e72422250f1dbdea04bdd3"
      },
      {
        "kind": "authority",
        "line": 743,
        "path": "proof_compression_submission/analysis/WEAK_SHARPNESS_COLUMN_CROSSWALK.json",
        "presentation": "metadata",
        "sha256": "a6629eba036b93170d27cbb72ba04cd30b9b8c0b221f81ec4f450ca9ee6eb058"
      },
      {
        "kind": "authority",
        "line": 750,
        "path": "work/final_theorem_release/full_map_reseal_audit.json",
        "presentation": "metadata",
        "sha256": "b1eda458ede322a272f0306a58bb87def243295ba52abc52361bcea4a5ea7fcc"
      },
      {
        "kind": "authority",
        "line": 755,
        "path": "work/final_theorem_release/composite_reseal_diff_audit.json",
        "presentation": "metadata",
        "sha256": "a3dcb06f44f4085f386ca37bfd29809536b79d10c2c6e920b28144f97a894a68"
      },
      {
        "label": "unified release lock",
        "line": 775,
        "path": "work/final_theorem_release/RELEASE_LOCK.json",
        "presentation": "frozen-anchor",
        "sha256": "bbb411dde4a13f001d9c2b5fac97722a54bb6ce604b6aff476de44f7ce4b8f53"
      },
      {
        "label": "raw-four composite ledger",
        "line": 777,
        "path": "work/corrected_composite_ledgers/artifacts/raw4_corrected_composite_ledger.jsonl.gz",
        "presentation": "frozen-anchor",
        "sha256": "7cf3f953fca695d612387143818843650498f84f55cf0a776f90c9afdd95eef6"
      },
      {
        "label": "raw-four independent replay",
        "line": 779,
        "path": "work/corrected_composite_ledgers/artifacts/raw4_corrected_composite_independent_replay.json",
        "presentation": "frozen-anchor",
        "sha256": "610748d793db9c9045d0eec416f4ea97c54bc4fa4467fe69029fb06fa7db1602"
      },
      {
        "declared_schema": "k2p-raw4-terminal-certificate-registry-v1",
        "label": "raw-four 934-class terminal certificate registry",
        "line": 781,
        "path": "work/corrected_composite_ledgers/artifacts/raw4_terminal_certificate_registry.json.gz",
        "presentation": "frozen-anchor",
        "semantic_count": 934,
        "sha256": "8d821c2000da5cf2647913cbdb42f8a42dfeb6826b8b76be49d91d78ebaf9998"
      },
      {
        "label": "raw-four mutation report",
        "line": 783,
        "path": "work/corrected_composite_ledgers/artifacts/raw4_corrected_composite_mutations.json",
        "presentation": "frozen-anchor",
        "sha256": "6475e37d2ec15eafc3650f387d8d4543268963c6794e3dfd90376d01741f23db"
      },
      {
        "label": "five-port \\(\\theta_2\\) composite ledger",
        "line": 785,
        "path": "work/corrected_composite_ledgers/artifacts/theta2_corrected_composite_ledger.jsonl.gz",
        "presentation": "frozen-anchor",
        "sha256": "805fc7f5a3de9dad2c63a210208075cf19910cf811ffd08878f32782ce71b659"
      },
      {
        "label": "five-port independent replay",
        "line": 787,
        "path": "work/corrected_composite_ledgers/artifacts/theta2_corrected_composite_independent_replay.json",
        "presentation": "frozen-anchor",
        "sha256": "cd503f97e4fc0aacb52e04fa02358c95cca099d1b0117e7b7133b0913814d2cd"
      },
      {
        "label": "five-port mutation report",
        "line": 789,
        "path": "work/corrected_composite_ledgers/artifacts/theta2_corrected_composite_mutations.json",
        "presentation": "frozen-anchor",
        "sha256": "07f51fe0d5a28cd673cf782478c4a024e38ff7c729cf7a1e5cdafa4b53a4fac5"
      },
      {
        "label": "full-map certificate reseal audit",
        "line": 791,
        "path": "work/final_theorem_release/full_map_reseal_audit.json",
        "presentation": "frozen-anchor",
        "sha256": "b1eda458ede322a272f0306a58bb87def243295ba52abc52361bcea4a5ea7fcc"
      },
      {
        "label": "composite reseal differential audit",
        "line": 793,
        "path": "work/final_theorem_release/composite_reseal_diff_audit.json",
        "presentation": "frozen-anchor",
        "sha256": "a3dcb06f44f4085f386ca37bfd29809536b79d10c2c6e920b28144f97a894a68"
      },
      {
        "label": "corrected 997-parent forest",
        "line": 795,
        "path": "work/restoration_sign_reclassification/corrected_restoration_forest.json",
        "presentation": "frozen-anchor",
        "sha256": "396d1970af17b5e90c3f1b00ceab1b810816e93ec68a566bd0479f05c722793f"
      },
      {
        "label": "restoration independent replay",
        "line": 797,
        "path": "work/restoration_sign_reclassification/corrected_restoration_replay_certificate.json",
        "presentation": "frozen-anchor",
        "sha256": "d74cc01341f405732c6ff62558ca3afff705c15cdf9a6f16dcc6ccd7636749c4"
      },
      {
        "label": "probe input contract",
        "line": 799,
        "path": "work/adversarial_proof_review/probe_input_contract.json",
        "presentation": "frozen-anchor",
        "sha256": "5e6e955db206a0c2b5f520a67fd2fdedcedcdef88d466a7c8e436108a77fac24"
      },
      {
        "label": "full probe primary",
        "line": 801,
        "path": "work/probe_coherence_corrected/probe_coherence_certificate.json",
        "presentation": "frozen-anchor",
        "sha256": "6edd4097d0ce6cc0938e1a7eaee8d01c7e9daac814e72422250f1dbdea04bdd3"
      },
      {
        "label": "full probe independent graph audit",
        "line": 803,
        "path": "work/global_proof_adversary/probe_full_audit/independent_probe_graph_audit_certificate.json",
        "presentation": "frozen-anchor",
        "sha256": "025fb011c5bf736bbcdf4bbef9f045d389f9a3ccb87597f5068a9a0972aa76f6"
      },
      {
        "label": "full probe adversarial mutation report",
        "line": 805,
        "path": "work/global_proof_adversary/probe_full_audit/independent_probe_mutation_report.json",
        "presentation": "frozen-anchor",
        "sha256": "7224b26a0eead1aa39ccb0092b14b24990cdf5c455e15d040bd8d9181fd6463b"
      },
      {
        "label": "weak-sharpness primary",
        "line": 807,
        "path": "work/weak_sharpness_closure/weak_sharpness_certificate.json",
        "presentation": "frozen-anchor",
        "sha256": "e66c78a0aeab990b4dc448f4f064b37e1e15ecbff75a5f472bf116d4464378bd"
      },
      {
        "label": "weak-sharpness independent audit",
        "line": 809,
        "path": "work/weak_sharpness_audit/audit_certificate.json",
        "presentation": "frozen-anchor",
        "sha256": "cfd8d3a2ebc7431d141cac6ebe943e25730eb086fbc84b52833a40bee40a5d52"
      }
    ],
    "rows_checked": 26,
    "status": "PASS"
  },
  "schema": "k2p-submission-article-static-audit-v3",
  "source_sha256": {
    "analysis/WEAK_SHARPNESS_COLUMN_CROSSWALK.json": "a6629eba036b93170d27cbb72ba04cd30b9b8c0b221f81ec4f450ca9ee6eb058",
    "article/main.tex": "43278b63cc6d123fc8ec970178e886e9a57d02c879a2ff748887572f29eeb27d",
    "article/references.bib": "781dd3503c00d9bbd9c1a7d551786fc4be393e883f7ac4c0b0fd712943a9e5c6",
    "supplement/certificate_appendix.tex": "1f7590b2930f8ac1536724763d0b30e330f817fd3127edae0df3ee520180c649",
    "supplement/compression_tables.tex": "22ff0534b79cf226c9041703ab9d87ab123914bbb55ec1d44c84041a8616be81",
    "supplement/supplement.tex": "d5f79a95a7ec0aff2ce4e8e3f818dcf930435dcde2265ed23dc6bacede1fea33",
    "templates/PRINTED_CERTIFICATE_APPENDIX.json": "9990bb807323e1ceda93cb520b58692129fbdc8f41ea8ca66a1684a48f18ce08"
  },
  "status": "PASS",
  "submission_metadata": {
    "author_contributions": "approved sole-author contribution statement",
    "code_license": "MIT",
    "competing_interests": "The author declares no competing interests.",
    "corresponding_email": "me@aleckriebel.com",
    "doi": null,
    "external_release_actions_performed": false,
    "funding": "No specific funding supported this work.",
    "paper_and_data_license": "CC BY 4.0",
    "versioned_annotated_source_tag": "k2p-same-biorxiv-v1.0.5"
  }
}
