{
  "assertions": 5527,
  "bridge_cases": 1428,
  "chain_cases": 33,
  "scope": "Finite exact controls for the phase/bridge proof and approximation barriers; no finite scan proves the general source method request.",
  "weak_limit_controls": [
    {
      "epsilon": "1/2",
      "ten_block_tv": "511/512"
    },
    {
      "epsilon": "1/4",
      "ten_block_tv": "242461/262144"
    },
    {
      "epsilon": "1/8",
      "ten_block_tv": "93864121/134217728"
    },
    {
      "epsilon": "1/16",
      "ten_block_tv": "30276117361/68719476736"
    },
    {
      "epsilon": "1/32",
      "ten_block_tv": "8744749928161/35184372088832"
    },
    {
      "epsilon": "1/64",
      "ten_block_tv": "2380584352628161/18014398509481984"
    },
    {
      "epsilon": "1/128",
      "ten_block_tv": "628617288245377921/9223372036854775808"
    }
  ]
}
