{
  "status": "exact rational checks and labeled numerical checks passed",
  "checks": {
    "switching_contact": {
      "exact_root_brackets_and_lower_bounds": true,
      "illustrative_float_rows": [
        {
          "delta": 0.125,
          "alpha": 0.0625,
          "generated_h": 0.03137303340311411,
          "h_over_alpha_delta": 4.0157482755986065,
          "rigorous_lower_bound_h_over_alpha_delta": 4.0
        },
        {
          "delta": 0.0625,
          "alpha": 0.03125,
          "generated_h": 0.015655637372693158,
          "h_over_alpha_delta": 8.015686334818897,
          "rigorous_lower_bound_h_over_alpha_delta": 8.0
        },
        {
          "delta": 0.03125,
          "alpha": 0.015625,
          "generated_h": 0.007820144332172,
          "h_over_alpha_delta": 16.015655592288255,
          "rigorous_lower_bound_h_over_alpha_delta": 16.0
        },
        {
          "delta": 0.015625,
          "alpha": 0.0078125,
          "generated_h": 0.003908159213554812,
          "h_over_alpha_delta": 32.01564027744102,
          "rigorous_lower_bound_h_over_alpha_delta": 32.0
        },
        {
          "delta": 0.0078125,
          "alpha": 0.00390625,
          "generated_h": 0.0019536020701310525,
          "h_over_alpha_delta": 64.01563263405433,
          "rigorous_lower_bound_h_over_alpha_delta": 64.0
        },
        {
          "delta": 0.00390625,
          "alpha": 0.001953125,
          "generated_h": 0.000976681738402266,
          "h_over_alpha_delta": 128.01562881586182,
          "rigorous_lower_bound_h_over_alpha_delta": 128.0
        },
        {
          "delta": 0.001953125,
          "alpha": 0.0009765625,
          "generated_h": 0.0004883110559609217,
          "h_over_alpha_delta": 256.0156269076397,
          "rigorous_lower_bound_h_over_alpha_delta": 256.0
        },
        {
          "delta": 0.0009765625,
          "alpha": 0.00048828125,
          "generated_h": 0.00024414807603537897,
          "h_over_alpha_delta": 512.0156259537471,
          "rigorous_lower_bound_h_over_alpha_delta": 512.0
        },
        {
          "delta": 0.00048828125,
          "alpha": 0.000244140625,
          "generated_h": 0.00012207217520199482,
          "h_over_alpha_delta": 1024.0156254768553,
          "rigorous_lower_bound_h_over_alpha_delta": 1024.0
        },
        {
          "delta": 0.000244140625,
          "alpha": 0.0001220703125,
          "generated_h": 6.103562191839287e-05,
          "h_over_alpha_delta": 2048.015625238423,
          "rigorous_lower_bound_h_over_alpha_delta": 2048.0
        }
      ]
    },
    "thin_pulse": {
      "epsilon": "1/8",
      "TV_u": "1/4",
      "TV_h": "1/8",
      "limit_u_jump": "0",
      "limit_h_jump": "1/8",
      "required_positive_jump_endpoint_h": "0"
    },
    "entropy_identity": "V_u * eta_uh = V_h * eta_uu",
    "flat_scanning": [
      {
        "number_of_pulses": 1,
        "initial_TV_h": "1/32",
        "spacing_TV_at_positive_time": "65/32",
        "spacing_L1_change_at_t_1": "1023/40960"
      },
      {
        "number_of_pulses": 2,
        "initial_TV_h": "3/64",
        "spacing_TV_at_positive_time": "259/64",
        "spacing_L1_change_at_t_1": "6139/163840"
      },
      {
        "number_of_pulses": 4,
        "initial_TV_h": "15/256",
        "spacing_TV_at_positive_time": "2063/256",
        "spacing_L1_change_at_t_1": "24559/524288"
      },
      {
        "number_of_pulses": 8,
        "initial_TV_h": "255/4096",
        "spacing_TV_at_positive_time": "65791/4096",
        "spacing_L1_change_at_t_1": "6680303/134217728"
      },
      {
        "number_of_pulses": 16,
        "initial_TV_h": "65535/1048576",
        "spacing_TV_at_positive_time": "33619967/1048576",
        "spacing_L1_change_at_t_1": "439511609071/8796093022208"
      }
    ]
  }
}
