{
  "after": {
    "audit_exact.py": {
      "bytes": 8805,
      "sha256": "e7c9e8736c8cd3e16ab30634e31f31b33415263f8db479968bc8de022485eb9e"
    },
    "check_calculations.py": {
      "bytes": 3839,
      "sha256": "7636a93ed70e5faa81405423894b8a725529ac371ed4d9f1c454e5d91e819bd2"
    },
    "doubled_H.py": {
      "bytes": 3839,
      "sha256": "9f764786238c350a10dc26e2838f3124f7b687936c35a7805e510c68ca2e8c76"
    },
    "float_increment.py": {
      "bytes": 8812,
      "sha256": "fc9381c28401f7f4c4fecfefeb55f2f632f1d946f96f1ded8a2bf9092d8f25ba"
    },
    "historical_float_contamination.py": {
      "bytes": 3830,
      "sha256": "db1e033afc96fcff3b90daccfa041430079297fe4ea9e419fb12d0ce882b4fbd"
    },
    "incoming_wave_exits_scanning.json": {
      "bytes": 27,
      "sha256": "30a2ddd940d984c97eb9ee1b86b98f5f049657ea7ff746a10a96e017bca45280"
    },
    "lost_pulse_memory.json": {
      "bytes": 27,
      "sha256": "58e48aaace6bfdf704789333d26239c73028600aa4443a190bde13255f8b53ac"
    },
    "reversed_upwind.json": {
      "bytes": 22,
      "sha256": "50daa70e9b01841e959f80acd374f886a322c595013007ff8636cad0607f0950"
    },
    "wrong_contact_excursion_sign.json": {
      "bytes": 31,
      "sha256": "1a5d700513c5d592d612d80294c478d6df2dd1bc3cdb0c0e676e7661922b83cc"
    },
    "wrong_decreasing_shock_speed.json": {
      "bytes": 28,
      "sha256": "6b451372d05ec09fe8ee11265197e6890cc5b2baed7421b3c775614f6fd76b2a"
    },
    "wrong_entropy_cross_sign.json": {
      "bytes": 29,
      "sha256": "e29e2a8a6d05221f2cf20191e9af26440a91e680f6c41cabd453f2c17fc36ef3"
    },
    "wrong_increasing_shock_direction.json": {
      "bytes": 23,
      "sha256": "210ea8acf2648f9fba87c92c84def852ccf1e889ddf9bc277561f4eea4936f23"
    },
    "wrong_transmission_polynomial.json": {
      "bytes": 30,
      "sha256": "f4011db57247844d61e7dd1a78cca20776a618b553413476e8c879877c8ee8a9"
    }
  },
  "before": {
    "audit_exact.py": {
      "bytes": 8805,
      "sha256": "e7c9e8736c8cd3e16ab30634e31f31b33415263f8db479968bc8de022485eb9e"
    },
    "check_calculations.py": {
      "bytes": 3839,
      "sha256": "7636a93ed70e5faa81405423894b8a725529ac371ed4d9f1c454e5d91e819bd2"
    },
    "doubled_H.py": {
      "bytes": 3839,
      "sha256": "9f764786238c350a10dc26e2838f3124f7b687936c35a7805e510c68ca2e8c76"
    },
    "float_increment.py": {
      "bytes": 8812,
      "sha256": "fc9381c28401f7f4c4fecfefeb55f2f632f1d946f96f1ded8a2bf9092d8f25ba"
    },
    "historical_float_contamination.py": {
      "bytes": 3830,
      "sha256": "db1e033afc96fcff3b90daccfa041430079297fe4ea9e419fb12d0ce882b4fbd"
    },
    "incoming_wave_exits_scanning.json": {
      "bytes": 27,
      "sha256": "30a2ddd940d984c97eb9ee1b86b98f5f049657ea7ff746a10a96e017bca45280"
    },
    "lost_pulse_memory.json": {
      "bytes": 27,
      "sha256": "58e48aaace6bfdf704789333d26239c73028600aa4443a190bde13255f8b53ac"
    },
    "reversed_upwind.json": {
      "bytes": 22,
      "sha256": "50daa70e9b01841e959f80acd374f886a322c595013007ff8636cad0607f0950"
    },
    "wrong_contact_excursion_sign.json": {
      "bytes": 31,
      "sha256": "1a5d700513c5d592d612d80294c478d6df2dd1bc3cdb0c0e676e7661922b83cc"
    },
    "wrong_decreasing_shock_speed.json": {
      "bytes": 28,
      "sha256": "6b451372d05ec09fe8ee11265197e6890cc5b2baed7421b3c775614f6fd76b2a"
    },
    "wrong_entropy_cross_sign.json": {
      "bytes": 29,
      "sha256": "e29e2a8a6d05221f2cf20191e9af26440a91e680f6c41cabd453f2c17fc36ef3"
    },
    "wrong_increasing_shock_direction.json": {
      "bytes": 23,
      "sha256": "210ea8acf2648f9fba87c92c84def852ccf1e889ddf9bc277561f4eea4936f23"
    },
    "wrong_transmission_polynomial.json": {
      "bytes": 30,
      "sha256": "f4011db57247844d61e7dd1a78cca20776a618b553413476e8c879877c8ee8a9"
    }
  },
  "euid": 1000,
  "fixture_unchanged": true,
  "historical_replay": "NOT_RUN",
  "mathematical_negative_controls": 11,
  "normalization": "NONE",
  "optimization": 2,
  "physical_denials": [
    {
      "denied": true,
      "errno": 13,
      "path": "."
    },
    {
      "denied": true,
      "errno": 13,
      "path": "audit_exact.py"
    },
    {
      "denied": true,
      "errno": 13,
      "path": "check_calculations.py"
    },
    {
      "denied": true,
      "errno": 13,
      "path": "doubled_H.py"
    },
    {
      "denied": true,
      "errno": 13,
      "path": "float_increment.py"
    },
    {
      "denied": true,
      "errno": 13,
      "path": "historical_float_contamination.py"
    },
    {
      "denied": true,
      "errno": 13,
      "path": "incoming_wave_exits_scanning.json"
    },
    {
      "denied": true,
      "errno": 13,
      "path": "lost_pulse_memory.json"
    },
    {
      "denied": true,
      "errno": 13,
      "path": "reversed_upwind.json"
    },
    {
      "denied": true,
      "errno": 13,
      "path": "wrong_contact_excursion_sign.json"
    },
    {
      "denied": true,
      "errno": 13,
      "path": "wrong_decreasing_shock_speed.json"
    },
    {
      "denied": true,
      "errno": 13,
      "path": "wrong_entropy_cross_sign.json"
    },
    {
      "denied": true,
      "errno": 13,
      "path": "wrong_increasing_shock_direction.json"
    },
    {
      "denied": true,
      "errno": 13,
      "path": "wrong_transmission_polynomial.json"
    }
  ],
  "positive_runs": 2,
  "problem_id": 30005735,
  "runs": [
    {
      "case": "baseline-check_calculations.py",
      "complete_reference_equality": true,
      "exit_code": 0,
      "recursive_exact_types": true,
      "script": "check_calculations.py",
      "stderr": "",
      "stderr_bytes": 0,
      "stderr_sha256": "e3b0c44298fc1c149afbf4c8996fb92427ae41e4649b934ca495991b7852b855",
      "stdout": "{\n  \"status\": \"exact rational checks and labeled numerical checks passed\",\n  \"checks\": {\n    \"switching_contact\": {\n      \"exact_root_brackets_and_lower_bounds\": true,\n      \"illustrative_float_rows\": [\n        {\n          \"delta\": 0.125,\n          \"alpha\": 0.0625,\n          \"generated_h\": 0.03137303340311411,\n          \"h_over_alpha_delta\": 4.0157482755986065,\n          \"rigorous_lower_bound_h_over_alpha_delta\": 4.0\n        },\n        {\n          \"delta\": 0.0625,\n          \"alpha\": 0.03125,\n          \"generated_h\": 0.015655637372693158,\n          \"h_over_alpha_delta\": 8.015686334818897,\n          \"rigorous_lower_bound_h_over_alpha_delta\": 8.0\n        },\n        {\n          \"delta\": 0.03125,\n          \"alpha\": 0.015625,\n          \"generated_h\": 0.007820144332172,\n          \"h_over_alpha_delta\": 16.015655592288255,\n          \"rigorous_lower_bound_h_over_alpha_delta\": 16.0\n        },\n        {\n          \"delta\": 0.015625,\n          \"alpha\": 0.0078125,\n          \"generated_h\": 0.003908159213554812,\n          \"h_over_alpha_delta\": 32.01564027744102,\n          \"rigorous_lower_bound_h_over_alpha_delta\": 32.0\n        },\n        {\n          \"delta\": 0.0078125,\n          \"alpha\": 0.00390625,\n          \"generated_h\": 0.0019536020701310525,\n          \"h_over_alpha_delta\": 64.01563263405433,\n          \"rigorous_lower_bound_h_over_alpha_delta\": 64.0\n        },\n        {\n          \"delta\": 0.00390625,\n          \"alpha\": 0.001953125,\n          \"generated_h\": 0.000976681738402266,\n          \"h_over_alpha_delta\": 128.01562881586182,\n          \"rigorous_lower_bound_h_over_alpha_delta\": 128.0\n        },\n        {\n          \"delta\": 0.001953125,\n          \"alpha\": 0.0009765625,\n          \"generated_h\": 0.0004883110559609217,\n          \"h_over_alpha_delta\": 256.0156269076397,\n          \"rigorous_lower_bound_h_over_alpha_delta\": 256.0\n        },\n        {\n          \"delta\": 0.0009765625,\n          \"alpha\": 0.00048828125,\n          \"generated_h\": 0.00024414807603537897,\n          \"h_over_alpha_delta\": 512.0156259537471,\n          \"rigorous_lower_bound_h_over_alpha_delta\": 512.0\n        },\n        {\n          \"delta\": 0.00048828125,\n          \"alpha\": 0.000244140625,\n          \"generated_h\": 0.00012207217520199482,\n          \"h_over_alpha_delta\": 1024.0156254768553,\n          \"rigorous_lower_bound_h_over_alpha_delta\": 1024.0\n        },\n        {\n          \"delta\": 0.000244140625,\n          \"alpha\": 0.0001220703125,\n          \"generated_h\": 6.103562191839287e-05,\n          \"h_over_alpha_delta\": 2048.015625238423,\n          \"rigorous_lower_bound_h_over_alpha_delta\": 2048.0\n        }\n      ]\n    },\n    \"thin_pulse\": {\n      \"epsilon\": \"1/8\",\n      \"TV_u\": \"1/4\",\n      \"TV_h\": \"1/8\",\n      \"limit_u_jump\": \"0\",\n      \"limit_h_jump\": \"1/8\",\n      \"required_positive_jump_endpoint_h\": \"0\"\n    },\n    \"entropy_identity\": \"V_u * eta_uh = V_h * eta_uu\",\n    \"flat_scanning\": [\n      {\n        \"number_of_pulses\": 1,\n        \"initial_TV_h\": \"1/32\",\n        \"spacing_TV_at_positive_time\": \"65/32\",\n        \"spacing_L1_change_at_t_1\": \"1023/40960\"\n      },\n      {\n        \"number_of_pulses\": 2,\n        \"initial_TV_h\": \"3/64\",\n        \"spacing_TV_at_positive_time\": \"259/64\",\n        \"spacing_L1_change_at_t_1\": \"6139/163840\"\n      },\n      {\n        \"number_of_pulses\": 4,\n        \"initial_TV_h\": \"15/256\",\n        \"spacing_TV_at_positive_time\": \"2063/256\",\n        \"spacing_L1_change_at_t_1\": \"24559/524288\"\n      },\n      {\n        \"number_of_pulses\": 8,\n        \"initial_TV_h\": \"255/4096\",\n        \"spacing_TV_at_positive_time\": \"65791/4096\",\n        \"spacing_L1_change_at_t_1\": \"6680303/134217728\"\n      },\n      {\n        \"number_of_pulses\": 16,\n        \"initial_TV_h\": \"65535/1048576\",\n        \"spacing_TV_at_positive_time\": \"33619967/1048576\",\n        \"spacing_L1_change_at_t_1\": \"439511609071/8796093022208\"\n      }\n    ]\n  }\n}\n",
      "stdout_bytes": 3851,
      "stdout_sha256": "5a533ab690c68bfa32fd06d7cd5ab273a288670dfb2d6c1bfa2d3e5c44d3ba54"
    },
    {
      "case": "baseline-audit_exact.py",
      "complete_reference_equality": true,
      "exit_code": 0,
      "recursive_exact_types": true,
      "script": "audit_exact.py",
      "stderr": "",
      "stderr_bytes": 0,
      "stderr_sha256": "e3b0c44298fc1c149afbf4c8996fb92427ae41e4649b934ca495991b7852b855",
      "stdout": "{\n  \"status\": \"all independent exact support checks passed\",\n  \"checks\": {\n    \"route1\": {\n      \"initial_velocity_TV\": \"37/128\",\n      \"updated_velocity_TV\": \"982462477/8388608000\",\n      \"cells\": 5\n    },\n    \"route2\": {\n      \"exact_rational_root_brackets\": [\n        {\n          \"delta\": \"1/16\",\n          \"alpha\": \"1/32\",\n          \"H_lower\": \"1155182143699493173/73786976294838206464\",\n          \"H_upper\": \"577591071849746587/36893488147419103232\",\n          \"ratio_lower_bound\": \"8\"\n        },\n        {\n          \"delta\": \"1/32\",\n          \"alpha\": \"1/64\",\n          \"H_lower\": \"288512402230094369/36893488147419103232\",\n          \"H_upper\": \"1154049608920377477/147573952589676412928\",\n          \"ratio_lower_bound\": \"16\"\n        },\n        {\n          \"delta\": \"1/64\",\n          \"alpha\": \"1/128\",\n          \"H_lower\": \"576742502494044833/147573952589676412928\",\n          \"H_upper\": \"1153485004988089667/295147905179352825856\",\n          \"ratio_lower_bound\": \"32\"\n        },\n        {\n          \"delta\": \"1/128\",\n          \"alpha\": \"1/256\",\n          \"H_lower\": \"576601558553227285/295147905179352825856\",\n          \"H_upper\": \"1153203117106454571/590295810358705651712\",\n          \"ratio_lower_bound\": \"64\"\n        },\n        {\n          \"delta\": \"1/256\",\n          \"alpha\": \"1/512\",\n          \"H_lower\": \"1153062276465430017/1180591620717411303424\",\n          \"H_upper\": \"576531138232715009/590295810358705651712\",\n          \"ratio_lower_bound\": \"128\"\n        },\n        {\n          \"delta\": \"1/512\",\n          \"alpha\": \"1/1024\",\n          \"H_lower\": \"36030996310695943/73786976294838206464\",\n          \"H_upper\": \"1152991881942270177/2361183241434822606848\",\n          \"ratio_lower_bound\": \"256\"\n        },\n        {\n          \"delta\": \"1/1024\",\n          \"alpha\": \"1/2048\",\n          \"H_lower\": \"576478345563291655/2361183241434822606848\",\n          \"H_upper\": \"1152956691126583311/4722366482869645213696\",\n          \"ratio_lower_bound\": \"512\"\n        },\n        {\n          \"delta\": \"1/2048\",\n          \"alpha\": \"1/4096\",\n          \"H_lower\": \"281479271809029/2305843009213693952\",\n          \"H_upper\": \"1152939097329782785/9444732965739290427392\",\n          \"ratio_lower_bound\": \"1024\"\n        },\n        {\n          \"delta\": \"1/4096\",\n          \"alpha\": \"1/8192\",\n          \"H_lower\": \"2251816993816581/36893488147419103232\",\n          \"H_upper\": \"1152930300834089473/18889465931478580854784\",\n          \"ratio_lower_bound\": \"2048\"\n        },\n        {\n          \"delta\": \"1/8192\",\n          \"alpha\": \"1/16384\",\n          \"H_lower\": \"18014467229483013/590295810358705651712\",\n          \"H_upper\": \"1152925902686912833/37778931862957161709568\",\n          \"ratio_lower_bound\": \"4096\"\n        },\n        {\n          \"delta\": \"1/16384\",\n          \"alpha\": \"1/32768\",\n          \"H_lower\": \"144115462954811397/9444732965739290427392\",\n          \"H_upper\": \"1152923703638491177/75557863725914323419136\",\n          \"ratio_lower_bound\": \"8192\"\n        },\n        {\n          \"delta\": \"1/32768\",\n          \"alpha\": \"1/65536\",\n          \"H_lower\": \"1152922604120571909/151115727451828646838272\",\n          \"H_upper\": \"576461302060285955/75557863725914323419136\",\n          \"ratio_lower_bound\": \"16384\"\n        },\n        {\n          \"delta\": \"1/65536\",\n          \"alpha\": \"1/131072\",\n          \"H_lower\": \"2199024304129/576460752303423488\",\n          \"H_upper\": \"1152922054363185153/302231454903657293676544\",\n          \"ratio_lower_bound\": \"32768\"\n        },\n        {\n          \"delta\": \"1/131072\",\n          \"alpha\": \"1/262144\",\n          \"H_lower\": \"8796095119361/4611686018427387904\",\n          \"H_upper\": \"1152921779484884993/604462909807314587353088\",\n          \"ratio_lower_bound\": \"65536\"\n        },\n        {\n          \"delta\": \"1/262144\",\n          \"alpha\": \"1/524288\",\n          \"H_lower\": \"35184376283137/36893488147419103232\",\n          \"H_upper\": \"1152921642045833217/1208925819614629174706176\",\n          \"ratio_lower_bound\": \"131072\"\n        },\n        {\n          \"delta\": \"1/524288\",\n          \"alpha\": \"1/1048576\",\n          \"H_lower\": \"140737496743937/295147905179352825856\",\n          \"H_upper\": \"1152921573326331905/2417851639229258349412352\",\n          \"ratio_lower_bound\": \"262144\"\n        }\n      ]\n    },\n    \"route3\": {\n      \"input_levels\": [\n        \"0\",\n        \"1/8\",\n        \"0\"\n      ],\n      \"memory_levels\": [\n        \"0\",\n        \"1/8\",\n        \"1/8\"\n      ],\n      \"PDE_solution_claim\": false\n    },\n    \"route4\": {\n      \"forced_positive_difference\": \"1\",\n      \"required_nonpositive_difference_incompatible\": true,\n      \"general_proof_location\": \"AUDIT_REPORT.md\"\n    },\n    \"route5\": {\n      \"finite_pulses\": [\n        {\n          \"N\": 1,\n          \"initial_TV\": \"1/32\",\n          \"spacing_TV\": \"65/32\",\n          \"spacing_L1_at_t1\": \"1023/40960\"\n        },\n        {\n          \"N\": 2,\n          \"initial_TV\": \"3/64\",\n          \"spacing_TV\": \"259/64\",\n          \"spacing_L1_at_t1\": \"6139/163840\"\n        },\n        {\n          \"N\": 4,\n          \"initial_TV\": \"15/256\",\n          \"spacing_TV\": \"2063/256\",\n          \"spacing_L1_at_t1\": \"24559/524288\"\n        },\n        {\n          \"N\": 8,\n          \"initial_TV\": \"255/4096\",\n          \"spacing_TV\": \"65791/4096\",\n          \"spacing_L1_at_t1\": \"6680303/134217728\"\n        },\n        {\n          \"N\": 16,\n          \"initial_TV\": \"65535/1048576\",\n          \"spacing_TV\": \"33619967/1048576\",\n          \"spacing_L1_at_t1\": \"439511609071/8796093022208\"\n        },\n        {\n          \"N\": 32,\n          \"initial_TV\": \"4294967295/68719476736\",\n          \"spacing_TV\": \"4402341478399/68719476736\",\n          \"spacing_L1_at_t1\": \"1887716809769806130927/37778931862957161709568\"\n        }\n      ],\n      \"countable_initial_TV\": \"1/16\",\n      \"countable_spacing_L1_at_t1\": \"307/6144\",\n      \"time_interval\": \"0<t<=1\",\n      \"full_source_counterexample\": false\n    },\n    \"stationary_contact\": {\n      \"exact_interior_equation_checks\": [\n        {\n          \"contact\": \"high\",\n          \"u\": \"353/128\",\n          \"h\": \"517/256\",\n          \"u_prime\": \"-4087/1310720\"\n        },\n        {\n          \"contact\": \"low\",\n          \"u\": \"9/4\",\n          \"h\": \"511/256\",\n          \"u_prime\": \"4097/1310720\"\n        }\n      ],\n      \"full_profile_proof\": \"AUDIT_REPORT.md\"\n    }\n  }\n}\n",
      "stdout_bytes": 6263,
      "stdout_sha256": "75690e1d32c2ae21304d8dd8b9ecdf4093c8432dca8a33475f45c11b9c7c54ae"
    },
    {
      "case": "reversed_upwind",
      "exit_code": 1,
      "intended_condition": "route1 velocity maximum principle",
      "rejected": true,
      "script": "audit_exact.py",
      "stderr": "verification failed: route1 velocity maximum principle\n",
      "stderr_bytes": 55,
      "stderr_sha256": "34dc4ebf8717e449bf115536bdeb2b6a6b713fba15bc94c6fb92ed3650bc46f4",
      "stdout": "",
      "stdout_bytes": 0,
      "stdout_sha256": "e3b0c44298fc1c149afbf4c8996fb92427ae41e4649b934ca495991b7852b855"
    },
    {
      "case": "wrong_transmission_polynomial",
      "exit_code": 1,
      "intended_condition": "route2 transmitted root bracket",
      "rejected": true,
      "script": "audit_exact.py",
      "stderr": "verification failed: route2 transmitted root bracket\n",
      "stderr_bytes": 53,
      "stderr_sha256": "806313f276da6977d166f80e4978e3d756e856cf2ab14e492e5b5591ab4741ea",
      "stdout": "",
      "stdout_bytes": 0,
      "stdout_sha256": "e3b0c44298fc1c149afbf4c8996fb92427ae41e4649b934ca495991b7852b855"
    },
    {
      "case": "incoming_wave_exits_scanning",
      "exit_code": 1,
      "intended_condition": "route2 right scanning feasibility",
      "rejected": true,
      "script": "audit_exact.py",
      "stderr": "verification failed: route2 right scanning feasibility\n",
      "stderr_bytes": 55,
      "stderr_sha256": "989d510f5424812037cfd006e3a71cf3cb3222354935bace0a80ac09e80596f9",
      "stdout": "",
      "stdout_bytes": 0,
      "stdout_sha256": "e3b0c44298fc1c149afbf4c8996fb92427ae41e4649b934ca495991b7852b855"
    },
    {
      "case": "lost_pulse_memory",
      "exit_code": 1,
      "intended_condition": "route3 retained memory at pulse return",
      "rejected": true,
      "script": "audit_exact.py",
      "stderr": "verification failed: route3 retained memory at pulse return\n",
      "stderr_bytes": 60,
      "stderr_sha256": "e68c87389ffee3f8b7bcf13252010a23fe61c9080add18226b6bd201a3ad958b",
      "stdout": "",
      "stdout_bytes": 0,
      "stdout_sha256": "e3b0c44298fc1c149afbf4c8996fb92427ae41e4649b934ca495991b7852b855"
    },
    {
      "case": "wrong_entropy_cross_sign",
      "exit_code": 1,
      "intended_condition": "route4 mixed-derivative identity",
      "rejected": true,
      "script": "audit_exact.py",
      "stderr": "verification failed: route4 mixed-derivative identity\n",
      "stderr_bytes": 54,
      "stderr_sha256": "3b366da128590a2990ea9969a618028e1ba927774a19817a5153f0dc7dfd8395",
      "stdout": "",
      "stdout_bytes": 0,
      "stdout_sha256": "e3b0c44298fc1c149afbf4c8996fb92427ae41e4649b934ca495991b7852b855"
    },
    {
      "case": "wrong_increasing_shock_direction",
      "exit_code": 1,
      "intended_condition": "route5 increasing-edge Rankine-Hugoniot",
      "rejected": true,
      "script": "audit_exact.py",
      "stderr": "verification failed: route5 increasing-edge Rankine-Hugoniot\n",
      "stderr_bytes": 61,
      "stderr_sha256": "943ee38b1a940acdba1749fe9161e2cba201c3c2bc54e93e32085fd86c53f0e7",
      "stdout": "",
      "stdout_bytes": 0,
      "stdout_sha256": "e3b0c44298fc1c149afbf4c8996fb92427ae41e4649b934ca495991b7852b855"
    },
    {
      "case": "wrong_decreasing_shock_speed",
      "exit_code": 1,
      "intended_condition": "route5 decreasing-edge Rankine-Hugoniot",
      "rejected": true,
      "script": "audit_exact.py",
      "stderr": "verification failed: route5 decreasing-edge Rankine-Hugoniot\n",
      "stderr_bytes": 61,
      "stderr_sha256": "6158aab4a54aaec9dd665a81573021cab3e8fb04e780003ef197f658300e7618",
      "stdout": "",
      "stdout_bytes": 0,
      "stdout_sha256": "e3b0c44298fc1c149afbf4c8996fb92427ae41e4649b934ca495991b7852b855"
    },
    {
      "case": "wrong_contact_excursion_sign",
      "exit_code": 1,
      "intended_condition": "stationary contact viscosity equation",
      "rejected": true,
      "script": "audit_exact.py",
      "stderr": "verification failed: stationary contact viscosity equation\n",
      "stderr_bytes": 59,
      "stderr_sha256": "077643b4a9e9fe420ba4106454c20e3457f2ded90f645682f6c9657c0ac01a4c",
      "stdout": "",
      "stdout_bytes": 0,
      "stdout_sha256": "e3b0c44298fc1c149afbf4c8996fb92427ae41e4649b934ca495991b7852b855"
    },
    {
      "case": "doubled_H",
      "exit_code": 1,
      "intended_condition": "check_5: abs(f_local(3+H)+H-(3+float(a)))<1e-13",
      "rejected": true,
      "script": "doubled_H.py",
      "stderr": "Traceback (most recent call last):\n  File \"<string>\", line 1, in <module>\n  File \"<traffic-doubled_H>\", line 31, in <module>\n  File \"<traffic-doubled_H>\", line 12, in require\nValueError: check_5: abs(f_local(3+H)+H-(3+float(a)))<1e-13\n",
      "stderr_bytes": 235,
      "stderr_sha256": "428890402233395b3a151d8cdebc14ae7d2e3ec74359c5b573308bbdeb95733c",
      "stdout": "",
      "stdout_bytes": 0,
      "stdout_sha256": "e3b0c44298fc1c149afbf4c8996fb92427ae41e4649b934ca495991b7852b855"
    },
    {
      "case": "float_increment",
      "exit_code": 1,
      "intended_condition": "route5 rational arithmetic type",
      "rejected": true,
      "script": "float_increment.py",
      "stderr": "verification failed: route5 rational arithmetic type\n",
      "stderr_bytes": 53,
      "stderr_sha256": "9faabca101a07816fdabac0e6d39186a20f3db7dcb84f974ded09060151c9b3f",
      "stdout": "",
      "stdout_bytes": 0,
      "stdout_sha256": "e3b0c44298fc1c149afbf4c8996fb92427ae41e4649b934ca495991b7852b855"
    },
    {
      "case": "historical_float_contamination",
      "exit_code": 0,
      "intended_condition": "flat-scanning exact rational result",
      "rejected": true,
      "rejection_layer": "independent semantic output guard; mutated small checker itself exited 0",
      "script": "historical_float_contamination.py",
      "stderr": "",
      "stderr_bytes": 0,
      "stderr_sha256": "e3b0c44298fc1c149afbf4c8996fb92427ae41e4649b934ca495991b7852b855",
      "stdout": "{\n  \"status\": \"exact rational checks and labeled numerical checks passed\",\n  \"checks\": {\n    \"switching_contact\": {\n      \"exact_root_brackets_and_lower_bounds\": true,\n      \"illustrative_float_rows\": [\n        {\n          \"delta\": 0.125,\n          \"alpha\": 0.0625,\n          \"generated_h\": 0.03137303340311411,\n          \"h_over_alpha_delta\": 4.0157482755986065,\n          \"rigorous_lower_bound_h_over_alpha_delta\": 4.0\n        },\n        {\n          \"delta\": 0.0625,\n          \"alpha\": 0.03125,\n          \"generated_h\": 0.015655637372693158,\n          \"h_over_alpha_delta\": 8.015686334818897,\n          \"rigorous_lower_bound_h_over_alpha_delta\": 8.0\n        },\n        {\n          \"delta\": 0.03125,\n          \"alpha\": 0.015625,\n          \"generated_h\": 0.007820144332172,\n          \"h_over_alpha_delta\": 16.015655592288255,\n          \"rigorous_lower_bound_h_over_alpha_delta\": 16.0\n        },\n        {\n          \"delta\": 0.015625,\n          \"alpha\": 0.0078125,\n          \"generated_h\": 0.003908159213554812,\n          \"h_over_alpha_delta\": 32.01564027744102,\n          \"rigorous_lower_bound_h_over_alpha_delta\": 32.0\n        },\n        {\n          \"delta\": 0.0078125,\n          \"alpha\": 0.00390625,\n          \"generated_h\": 0.0019536020701310525,\n          \"h_over_alpha_delta\": 64.01563263405433,\n          \"rigorous_lower_bound_h_over_alpha_delta\": 64.0\n        },\n        {\n          \"delta\": 0.00390625,\n          \"alpha\": 0.001953125,\n          \"generated_h\": 0.000976681738402266,\n          \"h_over_alpha_delta\": 128.01562881586182,\n          \"rigorous_lower_bound_h_over_alpha_delta\": 128.0\n        },\n        {\n          \"delta\": 0.001953125,\n          \"alpha\": 0.0009765625,\n          \"generated_h\": 0.0004883110559609217,\n          \"h_over_alpha_delta\": 256.0156269076397,\n          \"rigorous_lower_bound_h_over_alpha_delta\": 256.0\n        },\n        {\n          \"delta\": 0.0009765625,\n          \"alpha\": 0.00048828125,\n          \"generated_h\": 0.00024414807603537897,\n          \"h_over_alpha_delta\": 512.0156259537471,\n          \"rigorous_lower_bound_h_over_alpha_delta\": 512.0\n        },\n        {\n          \"delta\": 0.00048828125,\n          \"alpha\": 0.000244140625,\n          \"generated_h\": 0.00012207217520199482,\n          \"h_over_alpha_delta\": 1024.0156254768553,\n          \"rigorous_lower_bound_h_over_alpha_delta\": 1024.0\n        },\n        {\n          \"delta\": 0.000244140625,\n          \"alpha\": 0.0001220703125,\n          \"generated_h\": 6.103562191839287e-05,\n          \"h_over_alpha_delta\": 2048.015625238423,\n          \"rigorous_lower_bound_h_over_alpha_delta\": 2048.0\n        }\n      ]\n    },\n    \"thin_pulse\": {\n      \"epsilon\": \"1/8\",\n      \"TV_u\": \"1/4\",\n      \"TV_h\": \"1/8\",\n      \"limit_u_jump\": \"0\",\n      \"limit_h_jump\": \"1/8\",\n      \"required_positive_jump_endpoint_h\": \"0\"\n    },\n    \"entropy_identity\": \"V_u * eta_uh = V_h * eta_uu\",\n    \"flat_scanning\": [\n      {\n        \"number_of_pulses\": 1,\n        \"initial_TV_h\": \"1/32\",\n        \"spacing_TV_at_positive_time\": \"65/32\",\n        \"spacing_L1_change_at_t_1\": \"0.024975585937499822\"\n      },\n      {\n        \"number_of_pulses\": 2,\n        \"initial_TV_h\": \"3/64\",\n        \"spacing_TV_at_positive_time\": \"259/64\",\n        \"spacing_L1_change_at_t_1\": \"0.037469482421874645\"\n      },\n      {\n        \"number_of_pulses\": 4,\n        \"initial_TV_h\": \"15/256\",\n        \"spacing_TV_at_positive_time\": \"2063/256\",\n        \"spacing_L1_change_at_t_1\": \"0.04684257507324174\"\n      },\n      {\n        \"number_of_pulses\": 8,\n        \"initial_TV_h\": \"255/4096\",\n        \"spacing_TV_at_positive_time\": \"65791/4096\",\n        \"spacing_L1_change_at_t_1\": \"0.04977213591337115\"\n      },\n      {\n        \"number_of_pulses\": 16,\n        \"initial_TV_h\": \"65535/1048576\",\n        \"spacing_TV_at_positive_time\": \"33619967/1048576\",\n        \"spacing_L1_change_at_t_1\": \"0.049966684977219344\"\n      }\n    ]\n  }\n}\n",
      "stdout_bytes": 3873,
      "stdout_sha256": "d1ee3310b12cedeea03ef895d06985f296e2b9c33bdae475b9716540ac614bdf"
    }
  ],
  "schema": 1,
  "scope": "Current exact rational output and explicit mutated-input regressions; historical original checker excluded, analytic PDE proofs not certified.",
  "source_unchanged": true,
  "status": "PASS",
  "uid": 1000
}
