TREE SHAPE ['sha', 'url', 'tree', 'truncated']
COMMIT 5cc1602c05d79502defb07cec7027963149494d2
[
  {
    "path": "unsolved_math_prioritization/attempts/2305051/CANDIDATE.md",
    "tree_mode": "100644",
    "git_blob_expected": "7802cf06a9daa4b19e894e3b7a276740948bc37d",
    "git_blob_actual": "7802cf06a9daa4b19e894e3b7a276740948bc37d",
    "sha256": "0a15d03ab92cbd13f17042a4708f75c3d592f4884810c7ffadc6a5f34f1cb6c4",
    "bytes": 13491,
    "ok": true
  },
  {
    "path": "unsolved_math_prioritization/attempts/2305051/README.md",
    "tree_mode": "100644",
    "git_blob_expected": "50bf41f139c637b0c755eae2cc1a5a6ef3fb071b",
    "git_blob_actual": "50bf41f139c637b0c755eae2cc1a5a6ef3fb071b",
    "sha256": "6d31d85100529619d31704360c70207f974db8765d600f4d8ddb1ba1e9bcc4d3",
    "bytes": 1831,
    "ok": true
  },
  {
    "path": "unsolved_math_prioritization/attempts/2305051/RESEARCH_LOG.md",
    "tree_mode": "100644",
    "git_blob_expected": "6e24826a1cc1d07db5ddfbfb2edf4f4c6e46c760",
    "git_blob_actual": "6e24826a1cc1d07db5ddfbfb2edf4f4c6e46c760",
    "sha256": "7824ee8957e42ca93383c510188b191401ee8c3e72b277392f881503dcb1942f",
    "bytes": 2249,
    "ok": true
  },
  {
    "path": "unsolved_math_prioritization/attempts/2305051/SOURCES.md",
    "tree_mode": "100644",
    "git_blob_expected": "57a08f3fb0f2ee32fe4170e46f6c19ed1e76825b",
    "git_blob_actual": "57a08f3fb0f2ee32fe4170e46f6c19ed1e76825b",
    "sha256": "8ee7898b774df763082f8f2e2a4413a73724cf603b5566ccdcdbb29a0879c878",
    "bytes": 5046,
    "ok": true
  },
  {
    "path": "unsolved_math_prioritization/attempts/2305051/readiness.json",
    "tree_mode": "100644",
    "git_blob_expected": "90853a6569bcffd053c94d0c5b5b531927e0368d",
    "git_blob_actual": "90853a6569bcffd053c94d0c5b5b531927e0368d",
    "sha256": "b960df6992eaeb45412fd09b99de24291ffb3baa4734ed59ddf8d86bfaad08e3",
    "bytes": 997,
    "ok": true
  },
  {
    "path": "unsolved_math_prioritization/attempts/2305051/review/CANDIDATE.md",
    "tree_mode": "100644",
    "git_blob_expected": "7802cf06a9daa4b19e894e3b7a276740948bc37d",
    "git_blob_actual": "7802cf06a9daa4b19e894e3b7a276740948bc37d",
    "sha256": "0a15d03ab92cbd13f17042a4708f75c3d592f4884810c7ffadc6a5f34f1cb6c4",
    "bytes": 13491,
    "ok": true
  },
  {
    "path": "unsolved_math_prioritization/attempts/2305051/review/REVIEW.md",
    "tree_mode": "100644",
    "git_blob_expected": "6c66474cac55e95f92093cdda262688e77d6d60a",
    "git_blob_actual": "6c66474cac55e95f92093cdda262688e77d6d60a",
    "sha256": "da24952faf7a0934d6458b56132a03971c0cbb718adb3bd9f7d66910fe79832d",
    "bytes": 12820,
    "ok": true
  },
  {
    "path": "unsolved_math_prioritization/attempts/2305051/review/independent_checks.py",
    "tree_mode": "100644",
    "git_blob_expected": "944fd71a034c2a569909fb20188629022c9d87c0",
    "git_blob_actual": "944fd71a034c2a569909fb20188629022c9d87c0",
    "sha256": "24e1f4aa7c23bbd36691c5737bb059a5aedc6c115e6249145284be0c24a3c3b5",
    "bytes": 5177,
    "ok": true
  },
  {
    "path": "unsolved_math_prioritization/attempts/2305051/review/independent_results.json",
    "tree_mode": "100644",
    "git_blob_expected": "02a0b1b1cf2c8c06a60abc83ace2cb7efac5383d",
    "git_blob_actual": "02a0b1b1cf2c8c06a60abc83ace2cb7efac5383d",
    "sha256": "4e2dbd5cf61ddad37bce43bcc43339470d410f41da018d093aeb3548b2870da4",
    "bytes": 1041,
    "ok": true
  },
  {
    "path": "unsolved_math_prioritization/attempts/2305051/review/submitted_verify.py",
    "tree_mode": "100644",
    "git_blob_expected": "f74cfcc842337a64547ee90fc0ad1568ae5587cd",
    "git_blob_actual": "f74cfcc842337a64547ee90fc0ad1568ae5587cd",
    "sha256": "f7c373029005f3d1ba397aa849280f46ee4c599bca1358ff19ab168a172c473c",
    "bytes": 4956,
    "ok": true
  },
  {
    "path": "unsolved_math_prioritization/attempts/2305051/review/verdict.json",
    "tree_mode": "100644",
    "git_blob_expected": "140e23810011abb8f0af12484a6b1a17ff10928e",
    "git_blob_actual": "140e23810011abb8f0af12484a6b1a17ff10928e",
    "sha256": "5e9ed4d189a26e2da55ca8730cf54fba11c4c63363bae7d0a5f0fc2515781d08",
    "bytes": 1026,
    "ok": true
  },
  {
    "path": "unsolved_math_prioritization/attempts/2305051/review/verification.json",
    "tree_mode": "100644",
    "git_blob_expected": "709cd355ad4f7ccca74a466a1657f7763b4b42ff",
    "git_blob_actual": "709cd355ad4f7ccca74a466a1657f7763b4b42ff",
    "sha256": "7135367bf762b633784e8eab99bf0b80d9f6023b36b0b4405f38572279e4f2f0",
    "bytes": 2725,
    "ok": true
  },
  {
    "path": "unsolved_math_prioritization/attempts/2305051/source_manifest.json",
    "tree_mode": "100644",
    "git_blob_expected": "7ce7e7a43777edaf18b62e669757179ca52ccb9d",
    "git_blob_actual": "7ce7e7a43777edaf18b62e669757179ca52ccb9d",
    "sha256": "02169eb4e681dde00a5c1848c39e0fe7a2e697903388663366e6d52db240faef",
    "bytes": 1523,
    "ok": true
  },
  {
    "path": "unsolved_math_prioritization/attempts/2305051/source_record.json",
    "tree_mode": "100644",
    "git_blob_expected": "e233a2053a3d6c7f09f6ee6c28228db5b50ef649",
    "git_blob_actual": "e233a2053a3d6c7f09f6ee6c28228db5b50ef649",
    "sha256": "4ef9727ce13efd008b1b9aa51e5d4aac90f436992785d233afa5c086d4a526da",
    "bytes": 2984,
    "ok": true
  },
  {
    "path": "unsolved_math_prioritization/attempts/2305051/status.json",
    "tree_mode": "100644",
    "git_blob_expected": "55fab0fba62e7c72f0b1a6443a302fc66fd50c04",
    "git_blob_actual": "55fab0fba62e7c72f0b1a6443a302fc66fd50c04",
    "sha256": "90bf590baf1f364cae933ec80ea0c70ce91f60defa1341a2366bdcdb69b3d1ba",
    "bytes": 1504,
    "ok": true
  },
  {
    "path": "unsolved_math_prioritization/attempts/2305051/turns.jsonl",
    "tree_mode": "100644",
    "git_blob_expected": "c614647a4ca8dbc9c8495d04022ee189d6bd263a",
    "git_blob_actual": "c614647a4ca8dbc9c8495d04022ee189d6bd263a",
    "sha256": "55e5c0a71f1f021e1ae85cdc9db40d01d559f2e2e3e8957319e86920a53e056c",
    "bytes": 594,
    "ok": true
  },
  {
    "path": "unsolved_math_prioritization/attempts/2305051/verification.json",
    "tree_mode": "100644",
    "git_blob_expected": "709cd355ad4f7ccca74a466a1657f7763b4b42ff",
    "git_blob_actual": "709cd355ad4f7ccca74a466a1657f7763b4b42ff",
    "sha256": "7135367bf762b633784e8eab99bf0b80d9f6023b36b0b4405f38572279e4f2f0",
    "bytes": 2725,
    "ok": true
  },
  {
    "path": "unsolved_math_prioritization/attempts/2305051/verify_recursion.py",
    "tree_mode": "100644",
    "git_blob_expected": "f74cfcc842337a64547ee90fc0ad1568ae5587cd",
    "git_blob_actual": "f74cfcc842337a64547ee90fc0ad1568ae5587cd",
    "sha256": "f7c373029005f3d1ba397aa849280f46ee4c599bca1358ff19ab168a172c473c",
    "bytes": 4956,
    "ok": true
  }
]
