{
  "commit": "5cc1602c05d79502defb07cec7027963149494d2",
  "linked_tree": "1870fd8a628fef3ee14ba1ca917f2faf91bb823e",
  "truncated": false
}
[
  {
    "url": "https://msp.org/pjm/1999/191-2/pjm-v191-n2-p02-p.pdf",
    "final_url": "https://msp.org/pjm/1999/191-2/pjm-v191-n2-p02-p.pdf",
    "filename": "carmona_donaire_1999.pdf",
    "content_type": "application/pdf",
    "bytes": 232995,
    "sha256": "9a9e731d64add65796213d0096a659e998ac09d583ab93e489c78651ad524b74",
    "retrieved_utc": "2026-10-04T05:26:08.136431+00:00"
  },
  {
    "url": "https://arxiv.org/pdf/1809.07200v2",
    "final_url": "https://arxiv.org/pdf/1809.07200v2",
    "filename": "hayman_lingham_2018v2.pdf",
    "content_type": "application/pdf",
    "bytes": 1706228,
    "sha256": "8e28fd4403a07e4e19a9816b7efaafddf9f475d59cf8c34a8255cb03833ed4f0",
    "retrieved_utc": "2026-10-04T05:26:08.294520+00:00"
  }
]
