{
  "verdict": "PASS_NO_ESSENTIAL_GAP_IDENTIFIED_IN_ASSIGNED_FAMILY",
  "validation_completion_estimate_percent": 100,
  "exact_controls": 4534,
  "primary_sources": [
    {
      "url": "https://msp.org/pjm/1999/191-2/pjm-v191-n2-p02-p.pdf",
      "final_url": "https://msp.org/pjm/1999/191-2/pjm-v191-n2-p02-p.pdf",
      "filename": "carmona_donaire_1999.pdf",
      "content_type": "application/pdf",
      "bytes": 232995,
      "sha256": "9a9e731d64add65796213d0096a659e998ac09d583ab93e489c78651ad524b74",
      "retrieved_utc": "2026-10-04T05:26:08.136431+00:00"
    },
    {
      "url": "https://arxiv.org/pdf/1809.07200v2",
      "final_url": "https://arxiv.org/pdf/1809.07200v2",
      "filename": "hayman_lingham_2018v2.pdf",
      "content_type": "application/pdf",
      "bytes": 1706228,
      "sha256": "8e28fd4403a07e4e19a9816b7efaafddf9f475d59cf8c34a8255cb03833ed4f0",
      "retrieved_utc": "2026-10-04T05:26:08.294520+00:00"
    },
    {
      "url": "https://mat.uab.cat/~artur/data/innerfunctions,blochspacesand.pdf",
      "final_url": "https://mat.uab.cat/~artur/data/innerfunctions,blochspacesand.pdf",
      "filename": "aleksandrov_anderson_nicolau_1999.pdf",
      "content_type": "application/pdf",
      "bytes": 252348,
      "sha256": "479babf99aeaf1f58e6ee44590d29046bd54b98cfa9603d496812985bae6c7be",
      "retrieved_utc": "2026-10-04T05:31:37.130712+00:00"
    }
  ]
}
