command: python3 reviews/order12_k4_structural_split_hostile_probe.py
python: 3.14.6
source_sha256: a28a544325549972191f40e087131316f5cd1a52b4f27d9a9ea617a31a4f5e5f
probe_sha256: 2d36433e708c78b0cc9602daf6479417f12a478d14ead116ef551ff47c6e2eb2
EXHAUSTIVE_FIXED_INDUCED_C5
r variable_edges graphs p3 p3_with_hub p3_and_connected_complement
0 0 1 0 0 0
1 5 32 0 0 0
2 11 2048 1 1 0
3 18 262144 274 274 0
CONNECTEDNESS_BOUNDARY
K2_join_C5 p3=true complement_connected=false
K3_join_C5 p3=true complement_connected=false
ONE_GUARD_VALUES
order=5 cycle=3 complement_cycle=3
order=7 cycle=4 complement_cycle=3
order=9 cycle=5 complement_cycle=3
order=11 cycle=6 complement_cycle=3
two_isolates_union_complement_C9=5
VERDICT PASS
