order12_k4_hub_constraints hostile probe
date: 2026-07-26 America/Los_Angeles
cwd: /Users/alec/Documents/Math-kissing5
command: python3 gamma_theta_eternal_domination/reviews/order12_k4_hub_constraints_hostile_probe.py
exit: 0
wall: 2.22 s
maximum resident set size: 20,267,008 bytes

frozen source
  math/lemmas/order12_k4_hub_constraints.md
  sha256 aab7cc335fddc367375258b655cdf6a637e371adf1aeb731accf9186531ea00c

probe
  reviews/order12_k4_hub_constraints_hostile_probe.py
  sha256 f3317ee54a122062bdb34ee869d1eb6a0627d05931bc7990da7f34aea63ffe70

exact results
  labeled graphs through order 5: 1,099
  nonempty induced-subgraph pairs checked: 32,767
  component pairs of total order at most 6 checked: 121
  P3 / gamma>3 equivalence graphs checked: 1,096
  gamma_infinity(C7): 4
  gamma_infinity(complement(C5)): 3
  gamma_infinity(complement(C7)): 3
  gamma_infinity(complement(C9)): 3
  C5 extensions with r=2 checked: 2,048
  C5 extensions with r=3 checked: 262,144
  r=2 extensions satisfying P3 and hub independence: 0
  r=3 extensions satisfying P3 and hub independence: 120
  theorem-4 violations: 0

verdict signal: ACCEPT_WITHOUT_SCOPE_INFLATION
