COMMAND
python3 reviews/order12_k4_antihole_near_hubs_probe.py

FROZEN INPUTS
math/lemmas/order12_k4_antihole_near_hubs.md
  sha256 39182554433e413741f15d7c70e89d07389c8d1ebd658ab74c39bc596fc825c5
reviews/order12_k4_antihole_near_hubs_probe.py
  sha256 850e7973b5863b7beb8d6562149f4c08adf7a36af9df8bba22a99fd6c14fe0c2

STDOUT
{
  "attack_table": {
    "all_first_responses_exact": true,
    "all_forced_states_independent_and_dominating": true,
    "all_second_responses_nondominating": true,
    "dihedral_distance_cases_checked": 3
  },
  "cycle_sanity": {
    "gamma_infinity_C7": 4
  },
  "frozen_note_sha256": "39182554433e413741f15d7c70e89d07389c8d1ebd658ab74c39bc596fc825c5",
  "independent_five_sets": {
    "ordered_neighbor_pairs_checked": 49,
    "stable_triple_avoiding_each_pair": true
  },
  "one_guard_definition": {
    "attacks_only_unoccupied": true,
    "campaign_evaluator_imported": false,
    "exactly_one_guard_moves_along_one_edge": true,
    "live_family_operator": "greatest_fixed_point"
  },
  "p3_cap": {
    "five_near_hubs_fail_each_triple_immediately": true,
    "no_hub_patterns_witnessing_all_three_triples": 0,
    "remaining_neighborhood_patterns_checked": 896,
    "rotated_gap_cases": 7
  },
  "schema": "order12-k4-antihole-near-hubs-probe-v1",
  "single_extensions": {
    "extensions_checked": 128,
    "isolated_value": 5,
    "nonempty_value_four_count": 127
  },
  "two_spoke_extensions": {
    "gamma_infinity_counts": {
      "4": 7,
      "5": 91
    },
    "labeled_ordered_extensions_checked": 98,
    "value_four_iff_edge_and_common_neighbor": true
  },
  "verdict_signal": "PASS_PROPOSED_LEMMA_REGRESSION"
}

STDERR
<empty>

EXIT
0

RESOURCE SNAPSHOT
0.16 real seconds
0.14 user seconds
0.00 system seconds
20,398,080 bytes maximum resident set size
10,076,616 bytes peak memory footprint

CLAIM BOUNDARY
This clean-room finite probe is regression evidence for the handwritten
proof.  It imports no campaign evaluator, launches no solver, makes no
literature or novelty claim, and does not exclude the full anti-C7 branch.
