order12 k4 anti-C7 near-hub hostile review
date: 2026-07-26 America/Los_Angeles
cwd: /Users/alec/Documents/Math-kissing5/gamma_theta_eternal_domination

FROZEN INPUTS
  math/lemmas/order12_k4_antihole_near_hubs.md
    5db7b3970794ca3dd16fd612ae2d1b2111a68596a34ccd304c7a30fd1371688e
  predecessor math note
    39182554433e413741f15d7c70e89d07389c8d1ebd658ab74c39bc596fc825c5
  editorial-diff audit
    only the status label and the explicit gamma-infinity-equals-four
    transition changed; reversing those edits reconstructs the predecessor
    byte-for-byte
  reviews/order12_k4_antihole_near_hubs_probe.py
    850e7973b5863b7beb8d6562149f4c08adf7a36af9df8bba22a99fd6c14fe0c2

INDEPENDENT HOSTILE PROBE
  reviews/order12_k4_antihole_near_hubs_hostile_probe.py
    138a86a4c154b109eae4996f5030392d1d1f73814f7f307dd4b3229cbe30e381
  command:
    python3 reviews/order12_k4_antihole_near_hubs_hostile_probe.py
  exit: 0
  wall: 0.522 seconds
  stderr bytes: 0
  stdout sha256:
    432972c19920cae0482ea3abc2ea80f47d2ea58b7b4509d2f4ab4b80222431d3

RESULTS
  independent state representation:
    explicit frozenset configurations; no campaign evaluator import
  two-spoke labeled ordered graphs:
    98 checked; gamma-infinity histogram {4: 7, 5: 91}
  independent-five-set deleted rim pairs:
    49 checked; witness-table sha256
    ade937247c1b0a62cefbcf9cdf21b6a1d6a683b32497b795edff0a920cab7e42
  attack table:
    distance 1: first responses 2, dominating 1; second responses 2,
    dominating 0
    distance 2: first responses 3, dominating 1; second responses 1,
    dominating 0
    distance 3: first responses 3, dominating 1; second responses 1,
    dominating 0
  P3 cap:
    7 aligned gaps
    889 four-near-hub/nonhub remaining patterns
    7 five-near-hub cases
    0 surviving no-hub patterns
  author probe replay:
    exit 0; stderr empty; stdout sha256
    dd1029cd950199daa9e1eddd255f1125995465d8b55709a05e8ebf1a95458572
    source unchanged; only its expected note digest was rebound in memory

VERDICT
  ACCEPT_PROVED_LOCAL_LEMMAS_WITHOUT_SCOPE_INFLATION

CLAIM BOUNDARY
  The local at-most-three near-hub restriction is accepted relative to the
  previously accepted P3, no-hub, and induced-subgraph monotonicity inputs.
  No full anti-C7 exclusion, finite slice theorem, novelty claim, or
  gamma-theta resolution follows.
