{
  "alternation_tail_phase": [
    [
      0
    ],
    [
      1
    ]
  ],
  "four_cycle_0011_wordlength_one": [
    [
      0,
      1
    ],
    [
      2,
      3
    ]
  ],
  "four_cycle_0011_wordlength_two": [
    [
      0
    ],
    [
      1
    ],
    [
      2
    ],
    [
      3
    ]
  ],
  "hidden_period_two_constant_observation": [
    [
      0,
      1
    ]
  ],
  "reset_chain_exact_stream": [
    {
      "reset_mass": "1",
      "time": 0
    },
    {
      "reset_mass": "1/4",
      "time": 1
    },
    {
      "reset_mass": "5/32",
      "time": 2
    },
    {
      "reset_mass": "53/512",
      "time": 3
    },
    {
      "reset_mass": "1147/16384",
      "time": 4
    },
    {
      "reset_mass": "50053/1048576",
      "time": 5
    },
    {
      "reset_mass": "4383323/134217728",
      "time": 6
    },
    {
      "reset_mass": "768837605/34359738368",
      "time": 7
    },
    {
      "reset_mass": "269876649883/17592186044416",
      "time": 8
    },
    {
      "reset_mass": "189514426298725/18014398509481984",
      "time": 9
    },
    {
      "reset_mass": "266194759438838939/36893488147419103232",
      "time": 10
    },
    {
      "reset_mass": "747839628631548565349/151115727451828646838272",
      "time": 11
    },
    {
      "reset_mass": "4202007873620272591560859/1237940039285380274899124224",
      "time": 12
    },
    {
      "reset_mass": "47221450419441280803822808933/20282409603651670423947251286016",
      "time": 13
    },
    {
      "reset_mass": "1061337586784432719442413399781531/664613997892457936451903530140172288",
      "time": 14
    },
    {
      "reset_mass": "47708803824579303993220971114869100389/43556142965880123323311949751266331066368",
      "time": 15
    },
    {
      "reset_mass": "4289175710210909458882177479528644197904539/5708990770823839524233143877797980545530986496",
      "time": 16
    },
    {
      "reset_mass": "771221782020495368620000501075651247355776372581/1496577676626844588240573268701473812127674924007424",
      "time": 17
    },
    {
      "reset_mass": "277341457832395212433483013215838231170786132680732827/784637716923335095479473677900958302012794430558004314112",
      "time": 18
    },
    {
      "reset_mass": "199471256631204339814029520442534026440263578639718691671909/822752278660603021077484591278675252491367932816789931674304512",
      "time": 19
    },
    {
      "reset_mass": "286929935403514402676696866464299775193250033561088087715516215451/1725436586697640946858688965569256363112777243042596638790631055949824",
      "time": 20
    }
  ],
  "status": "PASS; finite exact controls only; no general tail theorem asserted",
  "summable_influence_union_bound": [
    {
      "bound_for_geometric_radius_P_R_ge_k_2_minus_k": "1",
      "n": 1
    },
    {
      "bound_for_geometric_radius_P_R_ge_k_2_minus_k": "1/2",
      "n": 2
    },
    {
      "bound_for_geometric_radius_P_R_ge_k_2_minus_k": "1/8",
      "n": 4
    },
    {
      "bound_for_geometric_radius_P_R_ge_k_2_minus_k": "1/128",
      "n": 8
    },
    {
      "bound_for_geometric_radius_P_R_ge_k_2_minus_k": "1/32768",
      "n": 16
    }
  ],
  "symmetric_markov_weak_limit": [
    {
      "epsilon": "1/2",
      "fixed_10_block_no_flip_probability": "1/512",
      "tail_at_zero": "constant_bit",
      "tail_for_each_positive_epsilon": "trivial"
    },
    {
      "epsilon": "1/10",
      "fixed_10_block_no_flip_probability": "387420489/1000000000",
      "tail_at_zero": "constant_bit",
      "tail_for_each_positive_epsilon": "trivial"
    },
    {
      "epsilon": "1/100",
      "fixed_10_block_no_flip_probability": "913517247483640899/1000000000000000000",
      "tail_at_zero": "constant_bit",
      "tail_for_each_positive_epsilon": "trivial"
    },
    {
      "epsilon": "1/1000",
      "fixed_10_block_no_flip_probability": "991035916125874083964008999/1000000000000000000000000000",
      "tail_at_zero": "constant_bit",
      "tail_for_each_positive_epsilon": "trivial"
    }
  ]
}
