{
  "assertions": 8624,
  "by_scope": {
    "jensen_second_moment": 1250,
    "bounded_factor_moments": 1250,
    "cauchy_moment_bridge": 1250,
    "rank_one_profile_bound": 1250,
    "reduced_moment_interval": 1240,
    "nonnegative_square_bound": 1240,
    "high_density_equality_condition": 20,
    "independent_kernel_factorization": 125,
    "low_density_optimizer_direct": 10,
    "high_density_optimizer_direct": 9,
    "vertical_family_formula": 100,
    "vertical_family_range": 100,
    "branch_junction": 1,
    "upper_branch_derivative_coefficients": 1,
    "restricted_inducibility_value": 1,
    "high_gap_constant": 1,
    "middle_gap_constant": 1,
    "low_gap_exact": 10,
    "strict_candidate_separation": 261,
    "middle_gap_bound": 18,
    "maximal_part_bound": 243,
    "high_gap_bound": 243
  },
  "arithmetic": "exact fractions; independent six-edge kernel integration",
  "rational_finite_support_cases": 1250,
  "independent_product_kernel_integrals": 125,
  "optimizer_kernel_controls": 19,
  "vertical_family_controls": 100,
  "explicit_gap_controls": 261,
  "scope": "The exact rank-one family profile is proved by moment inequalities; the source-wide profile remains unresolved."
}
