This is pdfTeX, Version 3.141592653-2.6-1.40.24 (TeX Live 2022) (preloaded format=pdflatex)
 restricted \write18 enabled.
entering extended mode
(./main.tex
LaTeX2e <2021-11-15> patch level 1
L3 programming layer <2022-02-24> (/private/tmp/exact-diffusion-tinytex.oRiOLW/TinyTeX/texmf-dist/tex/latex/base/article.cls
Document Class: article 2021/10/04 v1.4n Standard LaTeX document class
(/private/tmp/exact-diffusion-tinytex.oRiOLW/TinyTeX/texmf-dist/tex/latex/base/size11.clo)) (/private/tmp/exact-diffusion-tinytex.oRiOLW/TinyTeX/texmf-dist/tex/latex/geometry/geometry.sty (/private/tmp/exact-diffusion-tinytex.oRiOLW/TinyTeX/texmf-dist/tex/latex/graphics/keyval.sty) (/private/tmp/exact-diffusion-tinytex.oRiOLW/TinyTeX/texmf-dist/tex/generic/iftex/ifvtex.sty (/private/tmp/exact-diffusion-tinytex.oRiOLW/TinyTeX/texmf-dist/tex/generic/iftex/iftex.sty))) (/private/tmp/exact-diffusion-tinytex.oRiOLW/TinyTeX/texmf-dist/tex/latex/lineno/lineno.sty) (/private/tmp/exact-diffusion-tinytex.oRiOLW/TinyTeX/texmf-dist/tex/latex/base/fontenc.sty) (/private/tmp/exact-diffusion-tinytex.oRiOLW/TinyTeX/texmf-dist/tex/latex/lm/lmodern.sty) (/private/tmp/exact-diffusion-tinytex.oRiOLW/TinyTeX/texmf-dist/tex/latex/amsmath/amsmath.sty
For additional information on amsmath, use the `?' option.
(/private/tmp/exact-diffusion-tinytex.oRiOLW/TinyTeX/texmf-dist/tex/latex/amsmath/amstext.sty (/private/tmp/exact-diffusion-tinytex.oRiOLW/TinyTeX/texmf-dist/tex/latex/amsmath/amsgen.sty)) (/private/tmp/exact-diffusion-tinytex.oRiOLW/TinyTeX/texmf-dist/tex/latex/amsmath/amsbsy.sty) (/private/tmp/exact-diffusion-tinytex.oRiOLW/TinyTeX/texmf-dist/tex/latex/amsmath/amsopn.sty)) (/private/tmp/exact-diffusion-tinytex.oRiOLW/TinyTeX/texmf-dist/tex/latex/amsfonts/amssymb.sty (/private/tmp/exact-diffusion-tinytex.oRiOLW/TinyTeX/texmf-dist/tex/latex/amsfonts/amsfonts.sty)) (/private/tmp/exact-diffusion-tinytex.oRiOLW/TinyTeX/texmf-dist/tex/latex/amscls/amsthm.sty) (/private/tmp/exact-diffusion-tinytex.oRiOLW/TinyTeX/texmf-dist/tex/latex/mathtools/mathtools.sty (/private/tmp/exact-diffusion-tinytex.oRiOLW/TinyTeX/texmf-dist/tex/latex/tools/calc.sty) (/private/tmp/exact-diffusion-tinytex.oRiOLW/TinyTeX/texmf-dist/tex/latex/mathtools/mhsetup.sty)) (/private/tmp/exact-diffusion-tinytex.oRiOLW/TinyTeX/texmf-dist/tex/latex/booktabs/booktabs.sty) (/private/tmp/exact-diffusion-tinytex.oRiOLW/TinyTeX/texmf-dist/tex/latex/tools/array.sty) (/private/tmp/exact-diffusion-tinytex.oRiOLW/TinyTeX/texmf-dist/tex/latex/enumitem/enumitem.sty) (/private/tmp/exact-diffusion-tinytex.oRiOLW/TinyTeX/texmf-dist/tex/latex/microtype/microtype.sty (/private/tmp/exact-diffusion-tinytex.oRiOLW/TinyTeX/texmf-dist/tex/latex/etoolbox/etoolbox.sty) (/private/tmp/exact-diffusion-tinytex.oRiOLW/TinyTeX/texmf-dist/tex/latex/microtype/microtype-pdftex.def) (/private/tmp/exact-diffusion-tinytex.oRiOLW/TinyTeX/texmf-dist/tex/latex/microtype/microtype.cfg)) (/private/tmp/exact-diffusion-tinytex.oRiOLW/TinyTeX/texmf-dist/tex/latex/graphics/graphicx.sty (/private/tmp/exact-diffusion-tinytex.oRiOLW/TinyTeX/texmf-dist/tex/latex/graphics/graphics.sty (/private/tmp/exact-diffusion-tinytex.oRiOLW/TinyTeX/texmf-dist/tex/latex/graphics/trig.sty) (/private/tmp/exact-diffusion-tinytex.oRiOLW/TinyTeX/texmf-dist/tex/latex/graphics-cfg/graphics.cfg) (/private/tmp/exact-diffusion-tinytex.oRiOLW/TinyTeX/texmf-dist/tex/latex/graphics-def/pdftex.def))) (/private/tmp/exact-diffusion-tinytex.oRiOLW/TinyTeX/texmf-dist/tex/latex/tools/longtable.sty) (/private/tmp/exact-diffusion-tinytex.oRiOLW/TinyTeX/texmf-dist/tex/latex/float/float.sty) (/private/tmp/exact-diffusion-tinytex.oRiOLW/TinyTeX/texmf-dist/tex/latex/pgf/frontendlayer/tikz.sty (/private/tmp/exact-diffusion-tinytex.oRiOLW/TinyTeX/texmf-dist/tex/latex/pgf/basiclayer/pgf.sty (/private/tmp/exact-diffusion-tinytex.oRiOLW/TinyTeX/texmf-dist/tex/latex/pgf/utilities/pgfrcs.sty (/private/tmp/exact-diffusion-tinytex.oRiOLW/TinyTeX/texmf-dist/tex/generic/pgf/utilities/pgfutil-common.tex (/private/tmp/exact-diffusion-tinytex.oRiOLW/TinyTeX/texmf-dist/tex/generic/pgf/utilities/pgfutil-common-lists.tex)) (/private/tmp/exact-diffusion-tinytex.oRiOLW/TinyTeX/texmf-dist/tex/generic/pgf/utilities/pgfutil-latex.def) (/private/tmp/exact-diffusion-tinytex.oRiOLW/TinyTeX/texmf-dist/tex/generic/pgf/utilities/pgfrcs.code.tex (/private/tmp/exact-diffusion-tinytex.oRiOLW/TinyTeX/texmf-dist/tex/generic/pgf/pgf.revision.tex))) (/private/tmp/exact-diffusion-tinytex.oRiOLW/TinyTeX/texmf-dist/tex/latex/pgf/basiclayer/pgfcore.sty (/private/tmp/exact-diffusion-tinytex.oRiOLW/TinyTeX/texmf-dist/tex/latex/pgf/systemlayer/pgfsys.sty (/private/tmp/exact-diffusion-tinytex.oRiOLW/TinyTeX/texmf-dist/tex/generic/pgf/systemlayer/pgfsys.code.tex (/private/tmp/exact-diffusion-tinytex.oRiOLW/TinyTeX/texmf-dist/tex/generic/pgf/utilities/pgfkeys.code.tex (/private/tmp/exact-diffusion-tinytex.oRiOLW/TinyTeX/texmf-dist/tex/generic/pgf/utilities/pgfkeysfiltered.code.tex)) (/private/tmp/exact-diffusion-tinytex.oRiOLW/TinyTeX/texmf-dist/tex/generic/pgf/systemlayer/pgf.cfg) (/private/tmp/exact-diffusion-tinytex.oRiOLW/TinyTeX/texmf-dist/tex/generic/pgf/systemlayer/pgfsys-pdftex.def (/private/tmp/exact-diffusion-tinytex.oRiOLW/TinyTeX/texmf-dist/tex/generic/pgf/systemlayer/pgfsys-common-pdf.def))) (/private/tmp/exact-diffusion-tinytex.oRiOLW/TinyTeX/texmf-dist/tex/generic/pgf/systemlayer/pgfsyssoftpath.code.tex) (/private/tmp/exact-diffusion-tinytex.oRiOLW/TinyTeX/texmf-dist/tex/generic/pgf/systemlayer/pgfsysprotocol.code.tex)) (/private/tmp/exact-diffusion-tinytex.oRiOLW/TinyTeX/texmf-dist/tex/latex/xcolor/xcolor.sty (/private/tmp/exact-diffusion-tinytex.oRiOLW/TinyTeX/texmf-dist/tex/latex/graphics-cfg/color.cfg)) (/private/tmp/exact-diffusion-tinytex.oRiOLW/TinyTeX/texmf-dist/tex/generic/pgf/basiclayer/pgfcore.code.tex (/private/tmp/exact-diffusion-tinytex.oRiOLW/TinyTeX/texmf-dist/tex/generic/pgf/math/pgfmath.code.tex (/private/tmp/exact-diffusion-tinytex.oRiOLW/TinyTeX/texmf-dist/tex/generic/pgf/math/pgfmathcalc.code.tex (/private/tmp/exact-diffusion-tinytex.oRiOLW/TinyTeX/texmf-dist/tex/generic/pgf/math/pgfmathutil.code.tex) (/private/tmp/exact-diffusion-tinytex.oRiOLW/TinyTeX/texmf-dist/tex/generic/pgf/math/pgfmathparser.code.tex) (/private/tmp/exact-diffusion-tinytex.oRiOLW/TinyTeX/texmf-dist/tex/generic/pgf/math/pgfmathfunctions.code.tex (/private/tmp/exact-diffusion-tinytex.oRiOLW/TinyTeX/texmf-dist/tex/generic/pgf/math/pgfmathfunctions.basic.code.tex) (/private/tmp/exact-diffusion-tinytex.oRiOLW/TinyTeX/texmf-dist/tex/generic/pgf/math/pgfmathfunctions.trigonometric.code.tex) (/private/tmp/exact-diffusion-tinytex.oRiOLW/TinyTeX/texmf-dist/tex/generic/pgf/math/pgfmathfunctions.random.code.tex) (/private/tmp/exact-diffusion-tinytex.oRiOLW/TinyTeX/texmf-dist/tex/generic/pgf/math/pgfmathfunctions.comparison.code.tex) (/private/tmp/exact-diffusion-tinytex.oRiOLW/TinyTeX/texmf-dist/tex/generic/pgf/math/pgfmathfunctions.base.code.tex) (/private/tmp/exact-diffusion-tinytex.oRiOLW/TinyTeX/texmf-dist/tex/generic/pgf/math/pgfmathfunctions.round.code.tex) (/private/tmp/exact-diffusion-tinytex.oRiOLW/TinyTeX/texmf-dist/tex/generic/pgf/math/pgfmathfunctions.misc.code.tex) (/private/tmp/exact-diffusion-tinytex.oRiOLW/TinyTeX/texmf-dist/tex/generic/pgf/math/pgfmathfunctions.integerarithmetics.code.tex))) (/private/tmp/exact-diffusion-tinytex.oRiOLW/TinyTeX/texmf-dist/tex/generic/pgf/math/pgfmathfloat.code.tex)) (/private/tmp/exact-diffusion-tinytex.oRiOLW/TinyTeX/texmf-dist/tex/generic/pgf/math/pgfint.code.tex) (/private/tmp/exact-diffusion-tinytex.oRiOLW/TinyTeX/texmf-dist/tex/generic/pgf/basiclayer/pgfcorepoints.code.tex) (/private/tmp/exact-diffusion-tinytex.oRiOLW/TinyTeX/texmf-dist/tex/generic/pgf/basiclayer/pgfcorepathconstruct.code.tex) (/private/tmp/exact-diffusion-tinytex.oRiOLW/TinyTeX/texmf-dist/tex/generic/pgf/basiclayer/pgfcorepathusage.code.tex) (/private/tmp/exact-diffusion-tinytex.oRiOLW/TinyTeX/texmf-dist/tex/generic/pgf/basiclayer/pgfcorescopes.code.tex) (/private/tmp/exact-diffusion-tinytex.oRiOLW/TinyTeX/texmf-dist/tex/generic/pgf/basiclayer/pgfcoregraphicstate.code.tex) (/private/tmp/exact-diffusion-tinytex.oRiOLW/TinyTeX/texmf-dist/tex/generic/pgf/basiclayer/pgfcoretransformations.code.tex) (/private/tmp/exact-diffusion-tinytex.oRiOLW/TinyTeX/texmf-dist/tex/generic/pgf/basiclayer/pgfcorequick.code.tex) (/private/tmp/exact-diffusion-tinytex.oRiOLW/TinyTeX/texmf-dist/tex/generic/pgf/basiclayer/pgfcoreobjects.code.tex) (/private/tmp/exact-diffusion-tinytex.oRiOLW/TinyTeX/texmf-dist/tex/generic/pgf/basiclayer/pgfcorepathprocessing.code.tex) (/private/tmp/exact-diffusion-tinytex.oRiOLW/TinyTeX/texmf-dist/tex/generic/pgf/basiclayer/pgfcorearrows.code.tex) (/private/tmp/exact-diffusion-tinytex.oRiOLW/TinyTeX/texmf-dist/tex/generic/pgf/basiclayer/pgfcoreshade.code.tex) (/private/tmp/exact-diffusion-tinytex.oRiOLW/TinyTeX/texmf-dist/tex/generic/pgf/basiclayer/pgfcoreimage.code.tex (/private/tmp/exact-diffusion-tinytex.oRiOLW/TinyTeX/texmf-dist/tex/generic/pgf/basiclayer/pgfcoreexternal.code.tex)) (/private/tmp/exact-diffusion-tinytex.oRiOLW/TinyTeX/texmf-dist/tex/generic/pgf/basiclayer/pgfcorelayers.code.tex) (/private/tmp/exact-diffusion-tinytex.oRiOLW/TinyTeX/texmf-dist/tex/generic/pgf/basiclayer/pgfcoretransparency.code.tex) (/private/tmp/exact-diffusion-tinytex.oRiOLW/TinyTeX/texmf-dist/tex/generic/pgf/basiclayer/pgfcorepatterns.code.tex) (/private/tmp/exact-diffusion-tinytex.oRiOLW/TinyTeX/texmf-dist/tex/generic/pgf/basiclayer/pgfcorerdf.code.tex))) (/private/tmp/exact-diffusion-tinytex.oRiOLW/TinyTeX/texmf-dist/tex/generic/pgf/modules/pgfmoduleshapes.code.tex) (/private/tmp/exact-diffusion-tinytex.oRiOLW/TinyTeX/texmf-dist/tex/generic/pgf/modules/pgfmoduleplot.code.tex) (/private/tmp/exact-diffusion-tinytex.oRiOLW/TinyTeX/texmf-dist/tex/latex/pgf/compatibility/pgfcomp-version-0-65.sty) (/private/tmp/exact-diffusion-tinytex.oRiOLW/TinyTeX/texmf-dist/tex/latex/pgf/compatibility/pgfcomp-version-1-18.sty)) (/private/tmp/exact-diffusion-tinytex.oRiOLW/TinyTeX/texmf-dist/tex/latex/pgf/utilities/pgffor.sty (/private/tmp/exact-diffusion-tinytex.oRiOLW/TinyTeX/texmf-dist/tex/latex/pgf/utilities/pgfkeys.sty (/private/tmp/exact-diffusion-tinytex.oRiOLW/TinyTeX/texmf-dist/tex/generic/pgf/utilities/pgfkeys.code.tex)) (/private/tmp/exact-diffusion-tinytex.oRiOLW/TinyTeX/texmf-dist/tex/latex/pgf/math/pgfmath.sty (/private/tmp/exact-diffusion-tinytex.oRiOLW/TinyTeX/texmf-dist/tex/generic/pgf/math/pgfmath.code.tex)) (/private/tmp/exact-diffusion-tinytex.oRiOLW/TinyTeX/texmf-dist/tex/generic/pgf/utilities/pgffor.code.tex (/private/tmp/exact-diffusion-tinytex.oRiOLW/TinyTeX/texmf-dist/tex/generic/pgf/math/pgfmath.code.tex))) (/private/tmp/exact-diffusion-tinytex.oRiOLW/TinyTeX/texmf-dist/tex/generic/pgf/frontendlayer/tikz/tikz.code.tex (/private/tmp/exact-diffusion-tinytex.oRiOLW/TinyTeX/texmf-dist/tex/generic/pgf/libraries/pgflibraryplothandlers.code.tex) (/private/tmp/exact-diffusion-tinytex.oRiOLW/TinyTeX/texmf-dist/tex/generic/pgf/modules/pgfmodulematrix.code.tex) (/private/tmp/exact-diffusion-tinytex.oRiOLW/TinyTeX/texmf-dist/tex/generic/pgf/frontendlayer/tikz/libraries/tikzlibrarytopaths.code.tex)))
(/private/tmp/exact-diffusion-tinytex.oRiOLW/TinyTeX/texmf-dist/tex/generic/pgf/libraries/pgflibraryarrows.meta.code.tex) (/private/tmp/exact-diffusion-tinytex.oRiOLW/TinyTeX/texmf-dist/tex/generic/pgf/frontendlayer/tikz/libraries/tikzlibraryfit.code.tex) (/private/tmp/exact-diffusion-tinytex.oRiOLW/TinyTeX/texmf-dist/tex/generic/pgf/frontendlayer/tikz/libraries/tikzlibrarypositioning.code.tex) (/private/tmp/exact-diffusion-tinytex.oRiOLW/TinyTeX/texmf-dist/tex/latex/hyperref/hyperref.sty (/private/tmp/exact-diffusion-tinytex.oRiOLW/TinyTeX/texmf-dist/tex/generic/ltxcmds/ltxcmds.sty) (/private/tmp/exact-diffusion-tinytex.oRiOLW/TinyTeX/texmf-dist/tex/generic/pdftexcmds/pdftexcmds.sty (/private/tmp/exact-diffusion-tinytex.oRiOLW/TinyTeX/texmf-dist/tex/generic/infwarerr/infwarerr.sty)) (/private/tmp/exact-diffusion-tinytex.oRiOLW/TinyTeX/texmf-dist/tex/generic/kvsetkeys/kvsetkeys.sty) (/private/tmp/exact-diffusion-tinytex.oRiOLW/TinyTeX/texmf-dist/tex/generic/kvdefinekeys/kvdefinekeys.sty) (/private/tmp/exact-diffusion-tinytex.oRiOLW/TinyTeX/texmf-dist/tex/generic/pdfescape/pdfescape.sty) (/private/tmp/exact-diffusion-tinytex.oRiOLW/TinyTeX/texmf-dist/tex/latex/hycolor/hycolor.sty) (/private/tmp/exact-diffusion-tinytex.oRiOLW/TinyTeX/texmf-dist/tex/latex/letltxmacro/letltxmacro.sty) (/private/tmp/exact-diffusion-tinytex.oRiOLW/TinyTeX/texmf-dist/tex/latex/auxhook/auxhook.sty) (/private/tmp/exact-diffusion-tinytex.oRiOLW/TinyTeX/texmf-dist/tex/latex/kvoptions/kvoptions.sty) (/private/tmp/exact-diffusion-tinytex.oRiOLW/TinyTeX/texmf-dist/tex/latex/hyperref/pd1enc.def) (/private/tmp/exact-diffusion-tinytex.oRiOLW/TinyTeX/texmf-dist/tex/generic/intcalc/intcalc.sty) (/private/tmp/exact-diffusion-tinytex.oRiOLW/TinyTeX/texmf-dist/tex/generic/etexcmds/etexcmds.sty) (/private/tmp/exact-diffusion-tinytex.oRiOLW/TinyTeX/texmf-dist/tex/latex/hyperref/puenc.def) (/private/tmp/exact-diffusion-tinytex.oRiOLW/TinyTeX/texmf-dist/tex/latex/url/url.sty) (/private/tmp/exact-diffusion-tinytex.oRiOLW/TinyTeX/texmf-dist/tex/generic/bitset/bitset.sty (/private/tmp/exact-diffusion-tinytex.oRiOLW/TinyTeX/texmf-dist/tex/generic/bigintcalc/bigintcalc.sty)) (/private/tmp/exact-diffusion-tinytex.oRiOLW/TinyTeX/texmf-dist/tex/latex/base/atbegshi-ltx.sty)) (/private/tmp/exact-diffusion-tinytex.oRiOLW/TinyTeX/texmf-dist/tex/latex/hyperref/hpdftex.def (/private/tmp/exact-diffusion-tinytex.oRiOLW/TinyTeX/texmf-dist/tex/latex/base/atveryend-ltx.sty) (/private/tmp/exact-diffusion-tinytex.oRiOLW/TinyTeX/texmf-dist/tex/latex/rerunfilecheck/rerunfilecheck.sty (/private/tmp/exact-diffusion-tinytex.oRiOLW/TinyTeX/texmf-dist/tex/generic/uniquecounter/uniquecounter.sty))) (/private/tmp/exact-diffusion-tinytex.oRiOLW/TinyTeX/texmf-dist/tex/latex/cleveref/cleveref.sty) (/private/tmp/exact-diffusion-tinytex.oRiOLW/TinyTeX/texmf-dist/tex/latex/biblatex/biblatex.sty (/private/tmp/exact-diffusion-tinytex.oRiOLW/TinyTeX/texmf-dist/tex/latex/logreq/logreq.sty (/private/tmp/exact-diffusion-tinytex.oRiOLW/TinyTeX/texmf-dist/tex/latex/logreq/logreq.def)) (/private/tmp/exact-diffusion-tinytex.oRiOLW/TinyTeX/texmf-dist/tex/latex/base/ifthen.sty) (/private/tmp/exact-diffusion-tinytex.oRiOLW/TinyTeX/texmf-dist/tex/latex/biblatex/blx-dm.def) (/private/tmp/exact-diffusion-tinytex.oRiOLW/TinyTeX/texmf-dist/tex/latex/biblatex/blx-compat.def) (/private/tmp/exact-diffusion-tinytex.oRiOLW/TinyTeX/texmf-dist/tex/latex/biblatex/biblatex.def) (/private/tmp/exact-diffusion-tinytex.oRiOLW/TinyTeX/texmf-dist/tex/latex/biblatex/bbx/numeric.bbx (/private/tmp/exact-diffusion-tinytex.oRiOLW/TinyTeX/texmf-dist/tex/latex/biblatex/bbx/standard.bbx)) (/private/tmp/exact-diffusion-tinytex.oRiOLW/TinyTeX/texmf-dist/tex/latex/biblatex/cbx/numeric.cbx) (/private/tmp/exact-diffusion-tinytex.oRiOLW/TinyTeX/texmf-dist/tex/latex/biblatex/biblatex.cfg) (/private/tmp/exact-diffusion-tinytex.oRiOLW/TinyTeX/texmf-dist/tex/latex/l3kernel/expl3.sty (/private/tmp/exact-diffusion-tinytex.oRiOLW/TinyTeX/texmf-dist/tex/latex/l3backend/l3backend-pdftex.def)) (/private/tmp/exact-diffusion-tinytex.oRiOLW/TinyTeX/texmf-dist/tex/latex/biblatex/blx-case-expl3.sty (/private/tmp/exact-diffusion-tinytex.oRiOLW/TinyTeX/texmf-dist/tex/latex/l3packages/xparse/xparse.sty))) (/private/tmp/exact-diffusion-tinytex.oRiOLW/TinyTeX/texmf-dist/tex/latex/lm/t1lmr.fd)
No file main.aux.
*geometry* driver: auto-detecting
*geometry* detected driver: pdftex
(/private/tmp/exact-diffusion-tinytex.oRiOLW/TinyTeX/texmf-dist/tex/latex/microtype/mt-cmr.cfg) (/private/tmp/exact-diffusion-tinytex.oRiOLW/TinyTeX/texmf-dist/tex/latex/epstopdf-pkg/epstopdf-base.sty (/private/tmp/exact-diffusion-tinytex.oRiOLW/TinyTeX/texmf-dist/tex/latex/latexconfig/epstopdf-sys.cfg)) (/private/tmp/exact-diffusion-tinytex.oRiOLW/TinyTeX/texmf-dist/tex/latex/hyperref/nameref.sty (/private/tmp/exact-diffusion-tinytex.oRiOLW/TinyTeX/texmf-dist/tex/latex/refcount/refcount.sty) (/private/tmp/exact-diffusion-tinytex.oRiOLW/TinyTeX/texmf-dist/tex/generic/gettitlestring/gettitlestring.sty)) (/private/tmp/exact-diffusion-tinytex.oRiOLW/TinyTeX/texmf-dist/tex/latex/biblatex/lbx/english.lbx) (./main.bbl) (/private/tmp/exact-diffusion-tinytex.oRiOLW/TinyTeX/texmf-dist/tex/latex/lm/t1lmss.fd) (/private/tmp/exact-diffusion-tinytex.oRiOLW/TinyTeX/texmf-dist/tex/latex/lm/ot1lmr.fd) (/private/tmp/exact-diffusion-tinytex.oRiOLW/TinyTeX/texmf-dist/tex/latex/lm/omllmm.fd) (/private/tmp/exact-diffusion-tinytex.oRiOLW/TinyTeX/texmf-dist/tex/latex/lm/omslmsy.fd) (/private/tmp/exact-diffusion-tinytex.oRiOLW/TinyTeX/texmf-dist/tex/latex/lm/omxlmex.fd) (/private/tmp/exact-diffusion-tinytex.oRiOLW/TinyTeX/texmf-dist/tex/latex/amsfonts/umsa.fd) (/private/tmp/exact-diffusion-tinytex.oRiOLW/TinyTeX/texmf-dist/tex/latex/microtype/mt-msa.cfg) (/private/tmp/exact-diffusion-tinytex.oRiOLW/TinyTeX/texmf-dist/tex/latex/amsfonts/umsb.fd) (/private/tmp/exact-diffusion-tinytex.oRiOLW/TinyTeX/texmf-dist/tex/latex/microtype/mt-msb.cfg) (/private/tmp/exact-diffusion-tinytex.oRiOLW/TinyTeX/texmf-dist/tex/latex/lm/t1lmtt.fd)
Overfull \hbox (550.90533pt too wide) detected at line 81
 \T1/lmr/m/n/10.95 REFEREE OVERFLOW
[1{/private/tmp/exact-diffusion-tinytex.oRiOLW/TinyTeX/texmf-var/fonts/map/pdftex/updmap/pdftex.map}] [2]

LaTeX Warning: Reference `eq:binary' on page 3 undefined on input line 198.

[3] (./figures/network_family.tex) [4]

LaTeX Warning: Reference `eq:completeJ' on page 5 undefined on input line 264.


LaTeX Warning: Reference `eq:fluxcone' on page 1 undefined on input line 269.


LaTeX Warning: Reference `eq:jac-factor' on page 1 undefined on input line 269.

[5] [6]

LaTeX Warning: Reference `lem:scc' on page 7 undefined on input line 371.

[7]

LaTeX Warning: Reference `eq:betak' on page 1 undefined on input line 426.


LaTeX Warning: Reference `eq:pdbeta' on page 1 undefined on input line 426.


LaTeX Warning: Reference `eq:pdbeta' on page 8 undefined on input line 429.


LaTeX Warning: Reference `eq:pmhyp' on page 8 undefined on input line 441.


LaTeX Warning: Reference `eq:exactband' on page 8 undefined on input line 444.


LaTeX Warning: Reference `eq:pmhyp' on page 8 undefined on input line 450.


LaTeX Warning: Reference `thm:diffusionray' on page 8 undefined on input line 461.

[8]

LaTeX Warning: Reference `eq:coreminor' on page 9 undefined on input line 489.


LaTeX Warning: Reference `eq:omitZ' on page 9 undefined on input line 490.


LaTeX Warning: Reference `eq:triad' on page 9 undefined on input line 501.


LaTeX Warning: Reference `eq:omitj' on page 9 undefined on input line 502.


LaTeX Warning: Reference `eq:omitzero' on page 9 undefined on input line 506.


LaTeX Warning: Reference `eq:betaone' on page 9 undefined on input line 510.

(/private/tmp/exact-diffusion-tinytex.oRiOLW/TinyTeX/texmf-dist/tex/latex/amsfonts/ueuf.fd) (/private/tmp/exact-diffusion-tinytex.oRiOLW/TinyTeX/texmf-dist/tex/latex/microtype/mt-euf.cfg)

LaTeX Warning: Reference `eq:criterion' on page 9 undefined on input line 535.

[9]

LaTeX Warning: Reference `thm:diffusionray' on page 10 undefined on input line 551.


LaTeX Warning: Reference `prop:omissions' on page 10 undefined on input line 552.


LaTeX Warning: Reference `eq:criterion' on page 10 undefined on input line 569.


LaTeX Warning: Reference `eq:criterion' on page 10 undefined on input line 592.


LaTeX Warning: Reference `eq:criterion' on page 10 undefined on input line 608.


LaTeX Warning: Reference `eq:fixedHinf' on page 10 undefined on input line 611.


LaTeX Warning: Reference `eq:productlower' on page 10 undefined on input line 614.

[10]

LaTeX Warning: Reference `eq:Dimp' on page 11 undefined on input line 653.


LaTeX Warning: Reference `eq:rimp' on page 11 undefined on input line 658.

[11] [12]

LaTeX Warning: Reference `eq:selectedsimple' on page 13 undefined on input line 779.

[13]

LaTeX Warning: Reference `eq:Dimp' on page 14 undefined on input line 838.

(/private/tmp/exact-diffusion-tinytex.oRiOLW/TinyTeX/texmf-dist/tex/latex/lm/ot1lmss.fd) [14]

LaTeX Warning: Reference `eq:HL' on page 15 undefined on input line 867.


LaTeX Warning: Reference `eq:Dphys' on page 15 undefined on input line 867.

[15] [16]
Overfull \hbox (33.31522pt too wide) in paragraph at lines 1003--1010
\T1/lmr/m/n/10.95 (-20) from the repos-i-tory root by \T1/lmtt/m/n/10.95 python independent_verifier/verify_symbolic_certificates.py\T1/lmr/m/n/10.95 (-20) .

LaTeX Warning: Reference `eq:selectedsimple' on page 17 undefined on input line 1015.


LaTeX Warning: Reference `thm:unitstable' on page 17 undefined on input line 1043.


LaTeX Warning: Reference `eq:Lrange' on page 17 undefined on input line 1052.

[17]

LaTeX Warning: Reference `eq:minimaxlower' on page 18 undefined on input line 1065.


LaTeX Warning: Reference `eq:productlower' on page 18 undefined on input line 1066.

[18 <./figures/stable_tradeoff.pdf>] (./data/contrast_table.tex)
Overfull \hbox (22.83739pt too wide) in paragraph at lines 1--1110
 [][] 
[19] [20 <./figures/stable_profiles.pdf>]

LaTeX Warning: Reference `eq:criterion' on page 21 undefined on input line 1198.


LaTeX Warning: Reference `eq:productlower' on page 21 undefined on input line 1201.

[21] [22] [23] [24] (./main.aux)

LaTeX Warning: There were undefined references.


LaTeX Warning: Label(s) may have changed. Rerun to get cross-references right.


Package rerunfilecheck Warning: File `main.out' has changed.
(rerunfilecheck)                Rerun to get outlines right
(rerunfilecheck)                or use package `bookmark'.


Package biblatex Warning: Please (re)run Biber on the file:
(biblatex)                main
(biblatex)                and rerun LaTeX afterwards.

 )
(see the transcript file for additional information){/private/tmp/exact-diffusion-tinytex.oRiOLW/TinyTeX/texmf-dist/fonts/enc/dvips/lm/lm-ec.enc}{/private/tmp/exact-diffusion-tinytex.oRiOLW/TinyTeX/texmf-dist/fonts/enc/dvips/lm/lm-rm.enc}{/private/tmp/exact-diffusion-tinytex.oRiOLW/TinyTeX/texmf-dist/fonts/enc/dvips/lm/lm-mathsy.enc}{/private/tmp/exact-diffusion-tinytex.oRiOLW/TinyTeX/texmf-dist/fonts/enc/dvips/lm/lm-mathit.enc}{/private/tmp/exact-diffusion-tinytex.oRiOLW/TinyTeX/texmf-dist/fonts/enc/dvips/lm/lm-mathex.enc}</private/tmp/exact-diffusion-tinytex.oRiOLW/TinyTeX/texmf-dist/fonts/type1/public/amsfonts/euler/eufm10.pfb></private/tmp/exact-diffusion-tinytex.oRiOLW/TinyTeX/texmf-dist/fonts/type1/public/lm/lmbx10.pfb></private/tmp/exact-diffusion-tinytex.oRiOLW/TinyTeX/texmf-dist/fonts/type1/public/lm/lmbx12.pfb></private/tmp/exact-diffusion-tinytex.oRiOLW/TinyTeX/texmf-dist/fonts/type1/public/lm/lmcsc10.pfb></private/tmp/exact-diffusion-tinytex.oRiOLW/TinyTeX/texmf-dist/fonts/type1/public/lm/lmex10.pfb></private/tmp/exact-diffusion-tinytex.oRiOLW/TinyTeX/texmf-dist/fonts/type1/public/lm/lmmi10.pfb></private/tmp/exact-diffusion-tinytex.oRiOLW/TinyTeX/texmf-dist/fonts/type1/public/lm/lmmi6.pfb></private/tmp/exact-diffusion-tinytex.oRiOLW/TinyTeX/texmf-dist/fonts/type1/public/lm/lmmi7.pfb></private/tmp/exact-diffusion-tinytex.oRiOLW/TinyTeX/texmf-dist/fonts/type1/public/lm/lmmi8.pfb></private/tmp/exact-diffusion-tinytex.oRiOLW/TinyTeX/texmf-dist/fonts/type1/public/lm/lmr10.pfb></private/tmp/exact-diffusion-tinytex.oRiOLW/TinyTeX/texmf-dist/fonts/type1/public/lm/lmr12.pfb></private/tmp/exact-diffusion-tinytex.oRiOLW/TinyTeX/texmf-dist/fonts/type1/public/lm/lmr17.pfb></private/tmp/exact-diffusion-tinytex.oRiOLW/TinyTeX/texmf-dist/fonts/type1/public/lm/lmr6.pfb></private/tmp/exact-diffusion-tinytex.oRiOLW/TinyTeX/texmf-dist/fonts/type1/public/lm/lmr7.pfb></private/tmp/exact-diffusion-tinytex.oRiOLW/TinyTeX/texmf-dist/fonts/type1/public/lm/lmr8.pfb></private/tmp/exact-diffusion-tinytex.oRiOLW/TinyTeX/texmf-dist/fonts/type1/public/lm/lmr9.pfb></private/tmp/exact-diffusion-tinytex.oRiOLW/TinyTeX/texmf-dist/fonts/type1/public/lm/lmri10.pfb></private/tmp/exact-diffusion-tinytex.oRiOLW/TinyTeX/texmf-dist/fonts/type1/public/lm/lmri9.pfb></private/tmp/exact-diffusion-tinytex.oRiOLW/TinyTeX/texmf-dist/fonts/type1/public/lm/lmss10.pfb></private/tmp/exact-diffusion-tinytex.oRiOLW/TinyTeX/texmf-dist/fonts/type1/public/lm/lmss8.pfb></private/tmp/exact-diffusion-tinytex.oRiOLW/TinyTeX/texmf-dist/fonts/type1/public/lm/lmsy10.pfb></private/tmp/exact-diffusion-tinytex.oRiOLW/TinyTeX/texmf-dist/fonts/type1/public/lm/lmsy6.pfb></private/tmp/exact-diffusion-tinytex.oRiOLW/TinyTeX/texmf-dist/fonts/type1/public/lm/lmsy7.pfb></private/tmp/exact-diffusion-tinytex.oRiOLW/TinyTeX/texmf-dist/fonts/type1/public/lm/lmsy8.pfb></private/tmp/exact-diffusion-tinytex.oRiOLW/TinyTeX/texmf-dist/fonts/type1/public/lm/lmtt10.pfb></private/tmp/exact-diffusion-tinytex.oRiOLW/TinyTeX/texmf-dist/fonts/type1/public/lm/lmtt9.pfb></private/tmp/exact-diffusion-tinytex.oRiOLW/TinyTeX/texmf-dist/fonts/type1/public/amsfonts/symbols/msbm10.pfb>
Output written on main.pdf (24 pages, 619896 bytes).
Transcript written on main.log.
