{
  "utc": "2026-10-02T07:31:18.605942+00:00",
  "status": "PASS",
  "actual_controls": [
    {
      "case": "unchanged",
      "expected_accept": true,
      "actual_accept": true,
      "correct_result": true,
      "observed": {
        "status": "PASS",
        "authored_file_count": 18,
        "self_excluded_manifest_only": true,
        "foreign_root_excluded": true,
        "sha256_of_manifest": "f66e249bc5a60d619fedf3390b826f4e19640b5da5a7c1d4385f0180805c88bb"
      }
    },
    {
      "case": "hash_corruption",
      "expected_accept": false,
      "actual_accept": false,
      "correct_result": true,
      "observed": "Size/hash mismatch: REPORT.md"
    },
    {
      "case": "file_omitted",
      "expected_accept": false,
      "actual_accept": false,
      "correct_result": true,
      "observed": "Missing/unsafe file: REPORT.md"
    },
    {
      "case": "extra_authored",
      "expected_accept": false,
      "actual_accept": false,
      "correct_result": true,
      "observed": "Authored inventory mismatch"
    },
    {
      "case": "path_traversal",
      "expected_accept": false,
      "actual_accept": false,
      "correct_result": true,
      "observed": "Unsafe/duplicate/excluded path: ../REPORT.md"
    },
    {
      "case": "foreign_inclusion",
      "expected_accept": false,
      "actual_accept": false,
      "correct_result": true,
      "observed": "Unsafe/duplicate/excluded path: tmp/foreign_sources/silverman1995.pdf"
    },
    {
      "case": "ignored_foreign_positive",
      "expected_accept": true,
      "actual_accept": true,
      "correct_result": true,
      "observed": {
        "status": "PASS",
        "authored_file_count": 18,
        "self_excluded_manifest_only": true,
        "foreign_root_excluded": true,
        "sha256_of_manifest": "f66e249bc5a60d619fedf3390b826f4e19640b5da5a7c1d4385f0180805c88bb"
      }
    }
  ],
  "all_seven_controls_correct": true
}
