{
  "matrix_arithmetic": "exact rational stdlib; no candidate imports",
  "product": {
    "exact_mechanical_sample_word_counts": [
      2,
      3,
      4,
      5,
      6,
      7,
      8,
      9,
      10,
      11,
      12,
      13,
      14,
      15,
      16,
      17,
      18,
      19,
      20,
      21
    ],
    "Sturmian_product": [
      {
        "d": 1,
        "total_rational_rank": 3,
        "asymptotic_complexity_coefficient": 1,
        "sharp_ratio": 3
      },
      {
        "d": 2,
        "total_rational_rank": 9,
        "asymptotic_complexity_coefficient": 1,
        "sharp_ratio": 9
      },
      {
        "d": 3,
        "total_rational_rank": 27,
        "asymptotic_complexity_coefficient": 1,
        "sharp_ratio": 27
      },
      {
        "d": 4,
        "total_rational_rank": 81,
        "asymptotic_complexity_coefficient": 1,
        "sharp_ratio": 81
      },
      {
        "d": 5,
        "total_rational_rank": 243,
        "asymptotic_complexity_coefficient": 1,
        "sharp_ratio": 243
      },
      {
        "d": 6,
        "total_rational_rank": 729,
        "asymptotic_complexity_coefficient": 1,
        "sharp_ratio": 729
      }
    ],
    "finite_sample_is_not_universal_proof": true
  },
  "Thue_Morse_collared": {
    "vertices": [
      "00",
      "01",
      "10",
      "11"
    ],
    "collared_edges": [
      "001",
      "010",
      "011",
      "100",
      "101",
      "110"
    ],
    "boundary_matrix": [
      [
        -1,
        0,
        0,
        1,
        0,
        0
      ],
      [
        1,
        -1,
        -1,
        0,
        1,
        0
      ],
      [
        0,
        1,
        0,
        -1,
        -1,
        1
      ],
      [
        0,
        0,
        1,
        0,
        0,
        -1
      ]
    ],
    "edge_substitution_matrix": [
      [
        0,
        0,
        0,
        1,
        1,
        0
      ],
      [
        0,
        0,
        0,
        1,
        0,
        1
      ],
      [
        1,
        0,
        0,
        0,
        1,
        0
      ],
      [
        0,
        1,
        0,
        0,
        0,
        1
      ],
      [
        1,
        0,
        1,
        0,
        0,
        0
      ],
      [
        0,
        1,
        1,
        0,
        0,
        0
      ]
    ],
    "vertex_substitution_matrix": [
      [
        0,
        0,
        1,
        0
      ],
      [
        0,
        0,
        0,
        1
      ],
      [
        1,
        0,
        0,
        0
      ],
      [
        0,
        1,
        0,
        0
      ]
    ],
    "cycle_image_ranks": [
      3,
      2,
      2,
      2,
      2
    ],
    "chain_map_verified": true
  },
  "sheared_TM_Sturmian": [
    {
      "rectangle_sides": [
        3,
        4
      ],
      "TM_length_middle": 5,
      "TM_increment_pair": [
        2,
        4
      ],
      "cells_V_Eh_Ev_F": [
        40,
        48,
        60,
        80
      ],
      "Euler": 12,
      "H2_lower_bound": 11
    },
    {
      "rectangle_sides": [
        5,
        6
      ],
      "TM_length_middle": 9,
      "TM_increment_pair": [
        2,
        4
      ],
      "cells_V_Eh_Ev_F": [
        132,
        144,
        168,
        196
      ],
      "Euler": 16,
      "H2_lower_bound": 15
    },
    {
      "rectangle_sides": [
        9,
        10
      ],
      "TM_length_middle": 17,
      "TM_increment_pair": [
        2,
        4
      ],
      "cells_V_Eh_Ev_F": [
        460,
        480,
        528,
        572
      ],
      "Euler": 24,
      "H2_lower_bound": 23
    },
    {
      "rectangle_sides": [
        17,
        18
      ],
      "TM_length_middle": 33,
      "TM_increment_pair": [
        2,
        4
      ],
      "cells_V_Eh_Ev_F": [
        1692,
        1728,
        1824,
        1900
      ],
      "Euler": 40,
      "H2_lower_bound": 39
    },
    {
      "rectangle_sides": [
        33,
        34
      ],
      "TM_length_middle": 65,
      "TM_increment_pair": [
        2,
        4
      ],
      "cells_V_Eh_Ev_F": [
        6460,
        6528,
        6720,
        6860
      ],
      "Euler": 72,
      "H2_lower_bound": 71
    },
    {
      "rectangle_sides": [
        65,
        66
      ],
      "TM_length_middle": 129,
      "TM_increment_pair": [
        2,
        4
      ],
      "cells_V_Eh_Ev_F": [
        25212,
        25344,
        25728,
        25996
      ],
      "Euler": 136,
      "H2_lower_bound": 135
    },
    {
      "rectangle_sides": [
        129,
        130
      ],
      "TM_length_middle": 257,
      "TM_increment_pair": [
        2,
        4
      ],
      "cells_V_Eh_Ev_F": [
        99580,
        99840,
        100608,
        101132
      ],
      "Euler": 264,
      "H2_lower_bound": 263
    }
  ],
  "nonuniform_persistence": {
    "limit_rank_proved_symbolically": 1,
    "no_uniform_lag_proved_symbolically": true,
    "exact_examples": [
      {
        "lag": 1,
        "i": 5,
        "raw_rank": 4,
        "rank_after_lag": 4,
        "rank_at_2i_plus_1": 1
      },
      {
        "lag": 2,
        "i": 7,
        "raw_rank": 5,
        "rank_after_lag": 4,
        "rank_at_2i_plus_1": 1
      },
      {
        "lag": 7,
        "i": 17,
        "raw_rank": 10,
        "rank_after_lag": 7,
        "rank_at_2i_plus_1": 1
      },
      {
        "lag": 19,
        "i": 41,
        "raw_rank": 22,
        "rank_after_lag": 13,
        "rank_at_2i_plus_1": 1
      },
      {
        "lag": 51,
        "i": 105,
        "raw_rank": 54,
        "rank_after_lag": 29,
        "rank_at_2i_plus_1": 1
      }
    ]
  },
  "fixed_degree_changing_monodromy": [
    {
      "degree": 3,
      "changing_monodromy_lifts": [
        {
          "stage": 0,
          "monodromy": [
            1,
            0
          ],
          "next_monodromy": [
            0,
            1
          ],
          "vertices": 3,
          "edges": 6,
          "H1_rank": 4
        },
        {
          "stage": 1,
          "monodromy": [
            0,
            1
          ],
          "next_monodromy": [
            1,
            2
          ],
          "vertices": 3,
          "edges": 6,
          "H1_rank": 4
        },
        {
          "stage": 2,
          "monodromy": [
            1,
            2
          ],
          "next_monodromy": [
            2,
            2
          ],
          "vertices": 3,
          "edges": 6,
          "H1_rank": 4
        },
        {
          "stage": 3,
          "monodromy": [
            2,
            2
          ],
          "next_monodromy": [
            2,
            0
          ],
          "vertices": 3,
          "edges": 6,
          "H1_rank": 4
        },
        {
          "stage": 4,
          "monodromy": [
            2,
            0
          ],
          "next_monodromy": [
            0,
            2
          ],
          "vertices": 3,
          "edges": 6,
          "H1_rank": 4
        },
        {
          "stage": 5,
          "monodromy": [
            0,
            2
          ],
          "next_monodromy": [
            2,
            1
          ],
          "vertices": 3,
          "edges": 6,
          "H1_rank": 4
        },
        {
          "stage": 6,
          "monodromy": [
            2,
            1
          ],
          "next_monodromy": [
            1,
            1
          ],
          "vertices": 3,
          "edges": 6,
          "H1_rank": 4
        },
        {
          "stage": 7,
          "monodromy": [
            1,
            1
          ],
          "next_monodromy": [
            1,
            0
          ],
          "vertices": 3,
          "edges": 6,
          "H1_rank": 4
        }
      ]
    },
    {
      "degree": 5,
      "changing_monodromy_lifts": [
        {
          "stage": 0,
          "monodromy": [
            1,
            0
          ],
          "next_monodromy": [
            0,
            1
          ],
          "vertices": 5,
          "edges": 10,
          "H1_rank": 6
        },
        {
          "stage": 1,
          "monodromy": [
            0,
            1
          ],
          "next_monodromy": [
            1,
            4
          ],
          "vertices": 5,
          "edges": 10,
          "H1_rank": 6
        },
        {
          "stage": 2,
          "monodromy": [
            1,
            4
          ],
          "next_monodromy": [
            4,
            2
          ],
          "vertices": 5,
          "edges": 10,
          "H1_rank": 6
        },
        {
          "stage": 3,
          "monodromy": [
            4,
            2
          ],
          "next_monodromy": [
            2,
            2
          ],
          "vertices": 5,
          "edges": 10,
          "H1_rank": 6
        },
        {
          "stage": 4,
          "monodromy": [
            2,
            2
          ],
          "next_monodromy": [
            2,
            0
          ],
          "vertices": 5,
          "edges": 10,
          "H1_rank": 6
        },
        {
          "stage": 5,
          "monodromy": [
            2,
            0
          ],
          "next_monodromy": [
            0,
            2
          ],
          "vertices": 5,
          "edges": 10,
          "H1_rank": 6
        },
        {
          "stage": 6,
          "monodromy": [
            0,
            2
          ],
          "next_monodromy": [
            2,
            3
          ],
          "vertices": 5,
          "edges": 10,
          "H1_rank": 6
        },
        {
          "stage": 7,
          "monodromy": [
            2,
            3
          ],
          "next_monodromy": [
            3,
            4
          ],
          "vertices": 5,
          "edges": 10,
          "H1_rank": 6
        }
      ]
    },
    {
      "degree": 7,
      "changing_monodromy_lifts": [
        {
          "stage": 0,
          "monodromy": [
            1,
            0
          ],
          "next_monodromy": [
            0,
            1
          ],
          "vertices": 7,
          "edges": 14,
          "H1_rank": 8
        },
        {
          "stage": 1,
          "monodromy": [
            0,
            1
          ],
          "next_monodromy": [
            1,
            6
          ],
          "vertices": 7,
          "edges": 14,
          "H1_rank": 8
        },
        {
          "stage": 2,
          "monodromy": [
            1,
            6
          ],
          "next_monodromy": [
            6,
            2
          ],
          "vertices": 7,
          "edges": 14,
          "H1_rank": 8
        },
        {
          "stage": 3,
          "monodromy": [
            6,
            2
          ],
          "next_monodromy": [
            2,
            4
          ],
          "vertices": 7,
          "edges": 14,
          "H1_rank": 8
        },
        {
          "stage": 4,
          "monodromy": [
            2,
            4
          ],
          "next_monodromy": [
            4,
            5
          ],
          "vertices": 7,
          "edges": 14,
          "H1_rank": 8
        },
        {
          "stage": 5,
          "monodromy": [
            4,
            5
          ],
          "next_monodromy": [
            5,
            6
          ],
          "vertices": 7,
          "edges": 14,
          "H1_rank": 8
        },
        {
          "stage": 6,
          "monodromy": [
            5,
            6
          ],
          "next_monodromy": [
            6,
            6
          ],
          "vertices": 7,
          "edges": 14,
          "H1_rank": 8
        },
        {
          "stage": 7,
          "monodromy": [
            6,
            6
          ],
          "next_monodromy": [
            6,
            0
          ],
          "vertices": 7,
          "edges": 14,
          "H1_rank": 8
        }
      ]
    }
  ],
  "inverse_2adic_transfers": {
    "transfer_tower": [
      {
        "D": 1,
        "jump_coinvariant_rank": 1,
        "suspension_Sturmian_power_H1_rank": 2,
        "product_with_Sturmian_H2_rank": 4,
        "pullback_rank": 1,
        "trace_pullback_equals_2I": true
      },
      {
        "D": 2,
        "jump_coinvariant_rank": 2,
        "suspension_Sturmian_power_H1_rank": 3,
        "product_with_Sturmian_H2_rank": 6,
        "pullback_rank": 2,
        "trace_pullback_equals_2I": true
      },
      {
        "D": 4,
        "jump_coinvariant_rank": 4,
        "suspension_Sturmian_power_H1_rank": 5,
        "product_with_Sturmian_H2_rank": 10,
        "pullback_rank": 4,
        "trace_pullback_equals_2I": true
      },
      {
        "D": 8,
        "jump_coinvariant_rank": 8,
        "suspension_Sturmian_power_H1_rank": 9,
        "product_with_Sturmian_H2_rank": 18,
        "pullback_rank": 8,
        "trace_pullback_equals_2I": true
      },
      {
        "D": 16,
        "jump_coinvariant_rank": 16,
        "suspension_Sturmian_power_H1_rank": 17,
        "product_with_Sturmian_H2_rank": 34,
        "pullback_rank": 16,
        "trace_pullback_equals_2I": true
      },
      {
        "D": 32,
        "jump_coinvariant_rank": 32,
        "suspension_Sturmian_power_H1_rank": 33,
        "product_with_Sturmian_H2_rank": 66,
        "pullback_rank": 32,
        "trace_pullback_equals_2I": true
      }
    ],
    "finite_generator_obstruction": [
      {
        "partition_modulus": 2,
        "distinct_fibre_points": [
          0,
          2
        ],
        "all_time_equal_residues_proved_by_modular_identity": true
      },
      {
        "partition_modulus": 8,
        "distinct_fibre_points": [
          0,
          8
        ],
        "all_time_equal_residues_proved_by_modular_identity": true
      },
      {
        "partition_modulus": 64,
        "distinct_fibre_points": [
          0,
          64
        ],
        "all_time_equal_residues_proved_by_modular_identity": true
      },
      {
        "partition_modulus": 512,
        "distinct_fibre_points": [
          0,
          512
        ],
        "all_time_equal_residues_proved_by_modular_identity": true
      }
    ]
  },
  "roof_rescaling": {
    "rational_roof": "3/2",
    "time_increment": "1/8",
    "mapped_increment": "1/12",
    "seam_coordinates": [
      0,
      1
    ],
    "homeomorphism_does_not_imply_time_conjugacy": true
  }
}
