{
  "problem_id": 30004438,
  "problem_code": "OWR-17475-003",
  "verdict": "PASS_KNOWN_RESULT_EXACT_SCOPE",
  "recommended_status": "already_solved",
  "reviewed_at_utc": "2026-09-30T06:16:51.769646+00:00",
  "reviewer_model": "gpt-6-astra",
  "reviewer_reasoning_effort": "xhigh",
  "reviewed_artifact_sha256": "a0d374da6984537cd9902e2e790177791739bdc32ea820b74830a6b50241ea6c",
  "review_sha256": "5b7967fb26a229d1d86252114063e6097ab6c072acaeed2e7f14baf2e6c528b6",
  "mandatory_corrections": [],
  "author_artifact_modified": false,
  "full_target_verified": true,
  "all_periods_verified": true,
  "ambient_openness_verified": true,
  "scope": "For every d>=2 a nonempty Euclidean-open subset of the full real degree-d rational-map space has only real projective periodic points.",
  "existing_result_credit": [
    "Khazhgali Kozhasov",
    "Mario Kummer"
  ],
  "source_result_date": "2020-04-21",
  "publication_qualification": "Preprint result; no journal publication verified.",
  "new_campaign_discovery": false,
  "submitted_checks_passed": 51,
  "submitted_receipt_byte_identical": true,
  "independent_checks_passed": 848,
  "independent_checks_failed": 0,
  "source_identities": [
    {
      "name": "owr2020-12.pdf",
      "sha256": "aa7e1c6da8d3f04fcb48c8e4ca16ef93e718e88fb690e47855a4f481871774ec",
      "bytes": 672109,
      "url": "https://ems.press/content/serial-article-files/46848"
    },
    {
      "name": "kozhasov-kummer-v1.pdf",
      "sha256": "ace89da93222d9e9c26d937e22e7176291e866f08c79d9b5cd0fff501db2132c",
      "bytes": 718174,
      "url": "https://arxiv.org/pdf/2004.10003v1"
    },
    {
      "name": "kozhasov-kummer.pdf",
      "sha256": "e19b6fa372eee88705efb610b4892bd325ae609e62fc680cef392edf4220defb",
      "bytes": 164773,
      "url": "https://arxiv.org/pdf/2004.10003v2"
    }
  ],
  "publication_files": [
    "REVIEW.md",
    "review_summary.json",
    "independent_checks.py",
    "independent_results.json"
  ],
  "do_not_copy": [
    "sources",
    "author_replay"
  ],
  "limits": "Separate AI proof audit of the sufficient open-family construction, not external peer review or certification of all unrelated results in the cited papers."
}
