Updating 271595454..7d735d61e
Fast-forward
 .../ADDITIVE_CHAINING_CLARIFICATION.md             |   7 +
 .../30004656_robustness/ADDITIVE_MANIFEST.json     |  10 +
 .../30004656_robustness/FINAL_AUTHOR_MANIFEST.json | 177 ++++++++++
 .../30004656_robustness/FINAL_REVIEW_REQUEST.md    |  15 +
 problems/30004656_robustness/README.md             |  21 ++
 problems/30004656_robustness/REPLAY_ALL.py         |  22 ++
 problems/30004656_robustness/RESULT.md             |  17 +
 problems/30004656_robustness/SOURCE_GATE.md        |  13 +
 problems/30004656_robustness/SOURCE_MANIFEST.json  |  35 ++
 problems/30004656_robustness/STATE.json            |   6 +
 problems/30004656_robustness/STATE_T2.json         |   6 +
 problems/30004656_robustness/STATE_T3.json         |   6 +
 problems/30004656_robustness/STATE_T4.json         |   6 +
 problems/30004656_robustness/STATE_T5.json         |   6 +
 problems/30004656_robustness/TURN_1.md             |  81 +++++
 problems/30004656_robustness/TURN_1_CHECKS.json    |   7 +
 problems/30004656_robustness/TURN_1_MANIFEST.json  |  36 ++
 .../30004656_robustness/TURN_1_REMOTE_RECEIPT.json |  41 +++
 problems/30004656_robustness/TURN_2.md             |  92 +++++
 problems/30004656_robustness/TURN_2_CHECKS.json    |  12 +
 problems/30004656_robustness/TURN_2_MANIFEST.json  |  32 ++
 .../30004656_robustness/TURN_2_REMOTE_RECEIPT.json |  71 ++++
 problems/30004656_robustness/TURN_3.md             |  81 +++++
 problems/30004656_robustness/TURN_3_CHECKS.json    |  12 +
 problems/30004656_robustness/TURN_3_MANIFEST.json  |  32 ++
 .../30004656_robustness/TURN_3_REMOTE_RECEIPT.json | 101 ++++++
 problems/30004656_robustness/TURN_4.md             |  99 ++++++
 problems/30004656_robustness/TURN_4_CHECKS.json    |   4 +
 problems/30004656_robustness/TURN_4_MANIFEST.json  |  32 ++
 .../30004656_robustness/TURN_4_REMOTE_RECEIPT.json | 131 ++++++++
 problems/30004656_robustness/TURN_5.md             | 115 +++++++
 problems/30004656_robustness/TURN_5_CHECKS.json    |   4 +
 problems/30004656_robustness/TURN_5_MANIFEST.json  |  32 ++
 problems/30004656_robustness/check_turn_1.py       |  34 ++
 problems/30004656_robustness/check_turn_2.py       |  35 ++
 problems/30004656_robustness/check_turn_3.py       |  29 ++
 problems/30004656_robustness/check_turn_4.py       |  30 ++
 problems/30004656_robustness/check_turn_5.py       |  34 ++
 .../review/ADVERSARIAL_REVIEW.md                   |  86 +++++
 .../30004656_robustness/review/AUTHOR_REPLAY.json  |   6 +
 .../review/INDEPENDENT_CHECKS.json                 |  17 +
 problems/30004656_robustness/review/README.md      |   5 +
 .../30004656_robustness/review/REMOTE_BINDING.json | 373 +++++++++++++++++++++
 .../review/REVIEW_MANIFEST.json                    |  49 +++
 .../review/SOURCE_BINDINGS.json                    |  37 ++
 .../review/independent_checks.py                   | 127 +++++++
 .../30004656_robustness/review/verify_review.py    |  18 +
 unsolved_math_prioritization/QUEUE.md              |   2 +-
 48 files changed, 2243 insertions(+), 1 deletion(-)
 create mode 100644 problems/30004656_robustness/ADDITIVE_CHAINING_CLARIFICATION.md
 create mode 100644 problems/30004656_robustness/ADDITIVE_MANIFEST.json
 create mode 100644 problems/30004656_robustness/FINAL_AUTHOR_MANIFEST.json
 create mode 100644 problems/30004656_robustness/FINAL_REVIEW_REQUEST.md
 create mode 100644 problems/30004656_robustness/README.md
 create mode 100644 problems/30004656_robustness/REPLAY_ALL.py
 create mode 100644 problems/30004656_robustness/RESULT.md
 create mode 100644 problems/30004656_robustness/SOURCE_GATE.md
 create mode 100644 problems/30004656_robustness/SOURCE_MANIFEST.json
 create mode 100644 problems/30004656_robustness/STATE.json
 create mode 100644 problems/30004656_robustness/STATE_T2.json
 create mode 100644 problems/30004656_robustness/STATE_T3.json
 create mode 100644 problems/30004656_robustness/STATE_T4.json
 create mode 100644 problems/30004656_robustness/STATE_T5.json
 create mode 100644 problems/30004656_robustness/TURN_1.md
 create mode 100644 problems/30004656_robustness/TURN_1_CHECKS.json
 create mode 100644 problems/30004656_robustness/TURN_1_MANIFEST.json
 create mode 100644 problems/30004656_robustness/TURN_1_REMOTE_RECEIPT.json
 create mode 100644 problems/30004656_robustness/TURN_2.md
 create mode 100644 problems/30004656_robustness/TURN_2_CHECKS.json
 create mode 100644 problems/30004656_robustness/TURN_2_MANIFEST.json
 create mode 100644 problems/30004656_robustness/TURN_2_REMOTE_RECEIPT.json
 create mode 100644 problems/30004656_robustness/TURN_3.md
 create mode 100644 problems/30004656_robustness/TURN_3_CHECKS.json
 create mode 100644 problems/30004656_robustness/TURN_3_MANIFEST.json
 create mode 100644 problems/30004656_robustness/TURN_3_REMOTE_RECEIPT.json
 create mode 100644 problems/30004656_robustness/TURN_4.md
 create mode 100644 problems/30004656_robustness/TURN_4_CHECKS.json
 create mode 100644 problems/30004656_robustness/TURN_4_MANIFEST.json
 create mode 100644 problems/30004656_robustness/TURN_4_REMOTE_RECEIPT.json
 create mode 100644 problems/30004656_robustness/TURN_5.md
 create mode 100644 problems/30004656_robustness/TURN_5_CHECKS.json
 create mode 100644 problems/30004656_robustness/TURN_5_MANIFEST.json
 create mode 100644 problems/30004656_robustness/check_turn_1.py
 create mode 100644 problems/30004656_robustness/check_turn_2.py
 create mode 100644 problems/30004656_robustness/check_turn_3.py
 create mode 100644 problems/30004656_robustness/check_turn_4.py
 create mode 100644 problems/30004656_robustness/check_turn_5.py
 create mode 100644 problems/30004656_robustness/review/ADVERSARIAL_REVIEW.md
 create mode 100644 problems/30004656_robustness/review/AUTHOR_REPLAY.json
 create mode 100644 problems/30004656_robustness/review/INDEPENDENT_CHECKS.json
 create mode 100644 problems/30004656_robustness/review/README.md
 create mode 100644 problems/30004656_robustness/review/REMOTE_BINDING.json
 create mode 100644 problems/30004656_robustness/review/REVIEW_MANIFEST.json
 create mode 100644 problems/30004656_robustness/review/SOURCE_BINDINGS.json
 create mode 100644 problems/30004656_robustness/review/independent_checks.py
 create mode 100644 problems/30004656_robustness/review/verify_review.py
