note: Running TeX ...
warning: main.tex:1798: Overfull \hbox (16.60014pt too wide) in paragraph at lines 1784--1798
warning: appendices.tex:621: Overfull \hbox (36.68242pt too wide) in paragraph at lines 617--621
warning: appendices.tex:627: Underfull \hbox (badness 10000) in paragraph at lines 627--627
warning: appendices.tex:638: Underfull \hbox (badness 10000) in paragraph at lines 636--638
warning: appendices.tex:640: Underfull \hbox (badness 10000) in paragraph at lines 639--640
warning: appendices.tex:687: Overfull \hbox (5.97966pt too wide) in paragraph at lines 670--687
warning: appendices.tex:798: Overfull \hbox (62.57921pt too wide) in paragraph at lines 794--798
warning: appendices.tex:817: Overfull \hbox (29.18953pt too wide) in paragraph at lines 809--817
note: Running BibTeX on main.aux ...
note: Rerunning TeX because bibtex was run ...
warning: main.tex:1798: Overfull \hbox (16.60014pt too wide) in paragraph at lines 1784--1798
warning: appendices.tex:621: Overfull \hbox (36.68242pt too wide) in paragraph at lines 617--621
warning: appendices.tex:627: Underfull \hbox (badness 10000) in paragraph at lines 627--627
warning: appendices.tex:638: Underfull \hbox (badness 10000) in paragraph at lines 636--638
warning: appendices.tex:640: Underfull \hbox (badness 10000) in paragraph at lines 639--640
warning: appendices.tex:687: Overfull \hbox (5.97966pt too wide) in paragraph at lines 670--687
warning: appendices.tex:798: Overfull \hbox (62.57921pt too wide) in paragraph at lines 794--798
warning: appendices.tex:817: Overfull \hbox (29.18953pt too wide) in paragraph at lines 809--817
note: Rerunning TeX because "main.aux" changed ...
warning: main.tex:1798: Overfull \hbox (16.60014pt too wide) in paragraph at lines 1784--1798
warning: appendices.tex:621: Overfull \hbox (36.68242pt too wide) in paragraph at lines 617--621
warning: appendices.tex:627: Underfull \hbox (badness 10000) in paragraph at lines 627--627
warning: appendices.tex:638: Underfull \hbox (badness 10000) in paragraph at lines 636--638
warning: appendices.tex:640: Underfull \hbox (badness 10000) in paragraph at lines 639--640
warning: appendices.tex:687: Overfull \hbox (5.97966pt too wide) in paragraph at lines 670--687
warning: appendices.tex:798: Overfull \hbox (62.57921pt too wide) in paragraph at lines 794--798
warning: appendices.tex:817: Overfull \hbox (29.18953pt too wide) in paragraph at lines 809--817
warning: warnings were issued by the TeX engine; use --print and/or --keep-logs for details.
note: Running xdvipdfmx ...
note: Writing `main.pdf` (253.05859375 KiB)
note: Writing `main.log` (25.8828125 KiB)
note: Writing `main.blg` (194 B)
note: Skipped writing 3 intermediate files (use --keep-intermediates to keep them)
LaTeX warning found in main.log:
731:Overfull \hbox (16.60014pt too wide) in paragraph at lines 1784--1798
737:Overfull \hbox (36.68242pt too wide) in paragraph at lines 617--621
744:Underfull \hbox (badness 10000) in paragraph at lines 627--627
749:Underfull \hbox (badness 10000) in paragraph at lines 636--638
755:Underfull \hbox (badness 10000) in paragraph at lines 639--640
761:Overfull \hbox (5.97966pt too wide) in paragraph at lines 670--687
767:Overfull \hbox (62.57921pt too wide) in paragraph at lines 794--798
774:Overfull \hbox (29.18953pt too wide) in paragraph at lines 809--817
