{
  "controls": [
    {
      "displayed_bound_comparisons": 4992,
      "history_length": 3,
      "initial_pairs": 64,
      "last_bound": "1753/4096",
      "last_full_future_disagreement": "0",
      "maximum_observed_ratio": 0.3840789794921875,
      "nmax": 12
    },
    {
      "displayed_bound_comparisons": 528,
      "history_length": 4,
      "initial_pairs": 1,
      "last_bound": "1116788545/4294967296",
      "last_full_future_disagreement": "3758881018578518826346779667711843249076450941731/1532495540865888858358347027150309183618739122183602176",
      "maximum_observed_ratio": 0.46482405066490173,
      "nmax": 32
    }
  ],
  "infinite_memory_scope": "finite approximations only; see universal proof",
  "status": "pass"
}
