{
  "assertions_passed": 774,
  "counts": {
    "antisymmetry_witness_equivalence": 528,
    "preorder_mutual_quotient_is_partial_order": 33,
    "quotient_relation_representative_independent": 33,
    "known_finite_preorder_counts": 1,
    "nonsymmetric_relation_can_be_partial_order": 1,
    "mutual_distinct_pair_fails_antisymmetry": 1,
    "same_stabilizations_preserve_classical_equality": 64,
    "balanced_both_sign_values": 13,
    "opposite_single_sign_rotations_mismatch": 12,
    "two_way_connected_orientable_genus_constraint": 49,
    "wrong_tb_euler_sign_detected": 1,
    "glued_knot_end_constants_match": 9,
    "composite_action_difference_adds": 9,
    "one_shift_cannot_normalize_unequal_ends": 1,
    "connected_multicomponent_global_shift_mismatch": 1,
    "zero_boundary_periods_force_all_only_for_annulus": 5,
    "handle_period_countercontrol": 4,
    "SO2_in_U2_complex_determinant_one": 9
  },
  "finite_relation_counts": {
    "2": {
      "relations": 16,
      "preorders": 4,
      "partial_orders": 3
    },
    "3": {
      "relations": 512,
      "preorders": 29,
      "partial_orders": 19
    }
  },
  "source_sha256": "4c15c0774383548c321a25aee0b897f971abf2834558e68237bd2359069aa2d8",
  "scope": "Finite logic and exact classical/genus/end-constant/homology consistency. No Legendrian identification or Lagrangian cobordism construction; existence remains an attributed primary-theorem input."
}
