{
  "audit_version": "1.0.0",
  "status": "passed",
  "symbolic_certificate": {
    "identity": "2*(x^2*y^2+x^2*z^2+y^2*z^2-x*y*z*(x+y+z)) = (x-y)^2*z^2+(x-z)^2*y^2+(y-z)^2*x^2",
    "coefficient_domain": "integers",
    "normal_form_residual": [],
    "left_and_right_common_terms": [
      {
        "exponents_xyz": [
          0,
          2,
          2
        ],
        "coefficient": 2
      },
      {
        "exponents_xyz": [
          1,
          1,
          2
        ],
        "coefficient": -2
      },
      {
        "exponents_xyz": [
          1,
          2,
          1
        ],
        "coefficient": -2
      },
      {
        "exponents_xyz": [
          2,
          0,
          2
        ],
        "coefficient": 2
      },
      {
        "exponents_xyz": [
          2,
          1,
          1
        ],
        "coefficient": -2
      },
      {
        "exponents_xyz": [
          2,
          2,
          0
        ],
        "coefficient": 2
      }
    ],
    "verified": true,
    "scope": "An exact polynomial identity, not a finite evaluation test."
  },
  "independent_controls": {
    "source_row_sums": [
      840,
      840
    ],
    "source_column_products": [
      840,
      840,
      840,
      840,
      840,
      840,
      840,
      840,
      840,
      840
    ],
    "source_distinct_count": 20,
    "source_reciprocal_sum": "2",
    "repeated_3_by_4_total": "3",
    "repeated_3_by_4_inverse_square_sum": "3",
    "incorrect_two_row_inverse_square_bound_rejected_on_column": [
      2,
      420
    ],
    "independent_of_matrix_checker": true
  },
  "finite_regressions": {
    "ordered_triples": {
      "entry_range": [
        1,
        40
      ],
      "cases": 64000
    },
    "distinct_sets": {
      "universe": [
        1,
        12
      ],
      "nonempty_subsets": 4095
    },
    "telescoping": {
      "M_range": [
        1,
        512
      ],
      "cases": 512
    },
    "higher_row_array_audit": {
      "m_range": [
        3,
        12
      ],
      "n_range": [
        1,
        12
      ],
      "trials_per_shape": 3,
      "arrays": 360,
      "columns": 2340,
      "seed": 20260914,
      "random_entry_range": [
        1,
        10000
      ],
      "consecutive_entry_trials": true,
      "largest_normalized_sum": "1"
    },
    "large_integer_probe_digits": 101,
    "all_passed": true,
    "warning": "These finite checks are regression tests, not the proof of universal nonexistence."
  }
}
