{
  "checker_version": "1.0.0",
  "valid": false,
  "errors": [
    "column products do not all equal the row-sum N"
  ],
  "m": 2,
  "n": 10,
  "entry_count": 20,
  "distinct_entry_count": 20,
  "globally_distinct": true,
  "N": 1680,
  "row_sums": [
    1680,
    1680
  ],
  "column_products": [
    3360,
    3360,
    3360,
    3360,
    3360,
    3360,
    3360,
    3360,
    3360,
    3360
  ],
  "equal_row_sums": true,
  "equal_column_products": true,
  "all_sums_and_products_equal_N": false
}
