{
  "assertions_passed": 15026,
  "counts": {
    "rank_matches_full_vector_enumeration": 5058,
    "constructed_split_left_inverse": 2977,
    "complement_rank": 2977,
    "equal_finite_rank_gives_right_inverse": 176,
    "unequal_rank_split_is_not_iso": 2801,
    "square_counts": 1,
    "inverse_preserves_bigrading": 463,
    "equal_groups_singular_map": 1,
    "ungraded_iso_grading_shift_control": 1,
    "infinite_shift_prefix_not_finite_proof": 16,
    "Z_nonsplit_equal_rank": 11,
    "Z_split_torsion_complement": 11,
    "constant_functor_composition": 22,
    "iso_image_has_no_source_inverse": 38,
    "small_poset_count": 1,
    "constant_rank_strict_chain_conditional_bound_control": 1,
    "filtered_differentials_square_zero": 1,
    "same_total_homology_dimension": 1,
    "different_induced_homology_filtrations": 1,
    "no_filtered_chain_map_with_associated_graded_iso": 4,
    "filtered_chain_map_count": 1,
    "shift_total_dimension": 27,
    "finite_nonzero_shift_tables_distinct": 216,
    "equal_rank_shift_tables_no_graded_injection": 216,
    "zero_tail_distinctness_fails_control": 1,
    "Morse_reversal_involution": 3
  },
  "all_F2_matrices": 5058,
  "split_injections": 2977,
  "square_isomorphisms": {
    "0": 1,
    "1": 1,
    "2": 6,
    "3": 168
  },
  "rectangular_split_nonisomorphisms": 2801,
  "graded_isomorphism_pairs": 463,
  "small_posets": 22,
  "strict_poset_arrows": 38,
  "filtered_chain_maps_checked": 4,
  "source_sha256": "6a10a08720b5cbe90e55c3edb96f91a2ae492ed9c207cd795de66508d31d026c",
  "scope": "Exact finite algebra diagnostics and countercontrols only; no Floer computation, realized knot table, ribbon movie or isotopy proof."
}
