{
  "actual_pid": 28883,
  "assertions": 67,
  "audit_increment": 0,
  "corpus": {
    "problems.json": {
      "bytes": 68931837,
      "not_copied": true,
      "path": "/Users/alec/Documents/Math/unsolved_math_prioritization/cache/problems.json",
      "sha256": "04128381e42a5e312326d74adb0947ee02062ade70229e02d3060ac4ef9942cf"
    },
    "research_results.json": {
      "bytes": 80334822,
      "not_copied": true,
      "path": "/Users/alec/Documents/Math/unsolved_math_prioritization/cache/research_results.json",
      "sha256": "8da848d31c20eb4eecaa07702eced4724aa4a89f877c2a0774d9f3138389aa6b"
    }
  },
  "historical_bodies_hashed_not_interpreted": true,
  "new_substantive_attempts": 0,
  "no_Git_or_source_mutation": true,
  "original_budget": "unsolved1/5",
  "original_source_pin": {
    "bytes": 5323,
    "sha256": "c11d105cc1e702ea957d6f8d5be95c8c5a50ae1f5f7cd8e645b65bc403bdb3e1"
  },
  "original_turns_pin": {
    "bytes": 383,
    "sha256": "212f864e7a03b35ca04e110d6c706e04f4e1602959f4c362e3bedbd1b6b312cd"
  },
  "raw_prior": {
    "KP-1.56_key_present": false,
    "SQL_decoded_equals_raw": false,
    "SQL_literal": "{}",
    "SQL_typeof_report": "text",
    "selected_raw_value": null
  },
  "status": "PASS_SOURCE_CAPTURE_TYPED_ACCOUNTING_ONLY",
  "utc": "2026-10-03T19:50:14.854556+00:00"
}
