{
  "status": "all_assertions_passed",
  "timestamp_utc": "2026-09-22T04:06:34.420488+00:00",
  "runtime_seconds": 0.651,
  "arithmetic": "exact integers, standard-library Python",
  "complement_order": 120,
  "subgroups": 76,
  "subgroup_order_distribution": {
    "1": 1,
    "2": 1,
    "3": 10,
    "4": 15,
    "5": 6,
    "6": 10,
    "8": 5,
    "10": 6,
    "12": 10,
    "20": 6,
    "24": 5,
    "120": 1
  },
  "proper_subgroup_triples_checked": 67525,
  "irredundant_triples": 900,
  "faithful_irredundant_triples": 0,
  "normal_bottom_irredundant_triples": 900,
  "proper_subgroup_quadruples_checked": 1215450,
  "irredundant_quadruples": 0,
  "complement_invariants": {
    "mu_prime": 3,
    "b": 3,
    "b_faithful": 2
  },
  "pair_subgroup_orders": [
    8,
    12,
    20
  ],
  "line_stabilizer_order_distribution": {
    "4": 30
  },
  "sl2_5_isomorphism_all_products_checked": 14400,
  "a5_quotient_all_products_checked": 14400,
  "a5_quotient_kernel_order": 2,
  "pair_subgroup_core_orders": [
    2,
    2,
    2
  ],
  "complement_translation_conjugate_intersection_order": 1,
  "affine_group_order": 100920,
  "affine_independent_set_omission_orders": [
    120,
    6728,
    10092,
    16820
  ],
  "affine_independent_set_common_intersection_order": 2,
  "faithful_three_family_subgroup_orders": [
    58,
    58,
    58
  ],
  "faithful_three_family_pair_intersection_orders": [
    2,
    2,
    2
  ],
  "characteristic_11_group_order": 14520,
  "characteristic_11_family_orders": [
    110,
    110,
    242,
    605
  ],
  "characteristic_11_deletion_intersection_orders": [
    11,
    11,
    5,
    2
  ],
  "finite_verification_completion_percent": 100,
  "limitation": "General all-actions upper bound for G relies on manuscript structural proof; the subgroup lattice of G was not enumerated."
}
