{
  "id": 2303016,
  "turns_used": 1,
  "status": "credited full method candidate pending review",
  "files": [
    {
      "path": "FINAL_REVIEW_REQUEST.md",
      "bytes": 2041,
      "sha256": "cf43a35ce30ccfcd50394970fe6e9496d7b402a4bdb63a694beae413496f8f65"
    },
    {
      "path": "PRIOR_GATE.json",
      "bytes": 616,
      "sha256": "4badb1b47a6fe4199c03c934d720e77d4616a6b5d73415a5746442c5fa0dd913"
    },
    {
      "path": "READINESS.json",
      "bytes": 1379,
      "sha256": "4779b3cf3718b19e4ea175fc702614cae89b35deefe1cd2cf8742e7cb0f9b136"
    },
    {
      "path": "RESEARCH_LOG.md",
      "bytes": 975,
      "sha256": "331dd1eb932f2a6c8d4c8daf882f73995265ee00b8adbd5e6babf80a0ac498f9"
    },
    {
      "path": "RESULT.md",
      "bytes": 1579,
      "sha256": "0f79f68154b76497980120948252d094a7e94f3491cff9b5994015c602acfd98"
    },
    {
      "path": "SOURCE_MANIFEST.json",
      "bytes": 1007,
      "sha256": "e0f05a9e9fe63833d4dc5254065e9dffd232ffd496583dd033b88ef28f72b011"
    },
    {
      "path": "SOURCE_NORMALIZATION.md",
      "bytes": 1875,
      "sha256": "48a3b32d465ded74b254e32acaef960bc63034fa51471763b31639096833cc53"
    },
    {
      "path": "TURN_1.md",
      "bytes": 10140,
      "sha256": "057fcd315c9e7f6bdd12044adacda6ebbba8f8f66c2ac397fe6dd8f45d3c8356"
    },
    {
      "path": "TURN_1_CHECKS.json",
      "bytes": 246,
      "sha256": "0b54d1f575bc196649f1f583a797e03e28ae707b120f08fdc00e6e02c9b13800"
    },
    {
      "path": "TURN_1_LEDGER.jsonl",
      "bytes": 3973,
      "sha256": "b654ca6f18208d3be7b7e54326e35e35aaf7078b4341a6976db9f85c89b4ea15"
    },
    {
      "path": "TURN_1_MANIFEST.json",
      "bytes": 1929,
      "sha256": "fe7004b13d56da15f88759084696f42f616e535f847a709e6173138e48d0d9fb"
    },
    {
      "path": "TURN_1_STATE.json",
      "bytes": 2186,
      "sha256": "e6f2b935143102e537866e8a2de28a36f5a2b5a43b2a3e1d9312d98fb2def739"
    },
    {
      "path": "verify_turn1.py",
      "bytes": 1604,
      "sha256": "d0ca73dcef35a37bb7a798b8bd6dc7c6117361690494042f4f056d9c1f5c86d7"
    }
  ]
}
