Traceback (most recent call last):
  File "/Users/alec/Documents/Math/draft_pr_publication_program_20260930/audits/pr39_9500008/uniform_error_scaling_family/audit_controls.py", line 189, in <module>
    main()
  File "/Users/alec/Documents/Math/draft_pr_publication_program_20260930/audits/pr39_9500008/uniform_error_scaling_family/audit_controls.py", line 181, in main
    result['prose_checks'] = check_prose(args.candidate)
  File "/Users/alec/Documents/Math/draft_pr_publication_program_20260930/audits/pr39_9500008/uniform_error_scaling_family/audit_controls.py", line 149, in check_prose
    match = re.search(r'Take \\(r=(\d+)\\sqrt\{cm\}\\\)', doc)
  File "/Applications/Xcode.app/Contents/Developer/Library/Frameworks/Python3.framework/Versions/3.9/lib/python3.9/re.py", line 201, in search
    return _compile(pattern, flags).search(string)
  File "/Applications/Xcode.app/Contents/Developer/Library/Frameworks/Python3.framework/Versions/3.9/lib/python3.9/re.py", line 304, in _compile
    p = sre_compile.compile(pattern, flags)
  File "/Applications/Xcode.app/Contents/Developer/Library/Frameworks/Python3.framework/Versions/3.9/lib/python3.9/sre_compile.py", line 764, in compile
    p = sre_parse.parse(p, flags)
  File "/Applications/Xcode.app/Contents/Developer/Library/Frameworks/Python3.framework/Versions/3.9/lib/python3.9/sre_parse.py", line 948, in parse
    p = _parse_sub(source, state, flags & SRE_FLAG_VERBOSE, 0)
  File "/Applications/Xcode.app/Contents/Developer/Library/Frameworks/Python3.framework/Versions/3.9/lib/python3.9/sre_parse.py", line 443, in _parse_sub
    itemsappend(_parse(source, state, verbose, nested + 1,
  File "/Applications/Xcode.app/Contents/Developer/Library/Frameworks/Python3.framework/Versions/3.9/lib/python3.9/sre_parse.py", line 836, in _parse
    raise source.error("missing ), unterminated subpattern",
re.error: missing ), unterminated subpattern at position 7
