[1/7] pristine outer and inner integrity
./PACKET_CONTENTS.md: OK
./PROVENANCE.md: OK
./REFEREE_PROMPT.md: OK
./RUN_ALL_VERIFIERS.py: OK
./RUN_COMPLETE_AUDIT.sh: OK
./START_HERE.md: OK
./TESTED_ENVIRONMENT.md: OK
./minimal_verifier/README.md: OK
./minimal_verifier/certificate_schema.json: OK
./minimal_verifier/common.py: OK
./minimal_verifier/core.py: OK
./minimal_verifier/dd_verify_contrast_bounds.py: OK
./minimal_verifier/dd_verify_critical_profile.py: OK
./minimal_verifier/dd_verify_cubic_sign.py: OK
./minimal_verifier/dd_verify_diffusion_criterion.py: OK
./minimal_verifier/dd_verify_harmonic_corrections.py: OK
./minimal_verifier/dd_verify_mode_isolation.py: OK
./minimal_verifier/dd_verify_order_m_minors.py: OK
./minimal_verifier/dd_verify_stable_contrast.py: OK
./minimal_verifier/frontier_certificate.json: OK
./minimal_verifier/frontier_verify_cubic_bound.py: OK
./minimal_verifier/frontier_verify_determinant_identity.py: OK
./minimal_verifier/frontier_verify_exposition_identities.py: OK
./minimal_verifier/frontier_verify_family.py: OK
./minimal_verifier/frontier_verify_master_certificate.py: OK
./minimal_verifier/frontier_verify_mode_certificates.py: OK
./minimal_verifier/frontier_verify_near_threshold.py: OK
./minimal_verifier/frontier_verify_normal_form.py: OK
./minimal_verifier/frontier_verify_pareto.py: OK
./minimal_verifier/frontier_verify_pareto_curve.py: OK
./minimal_verifier/improved_modulus_certificate.json: OK
./minimal_verifier/pareto_all_m_certificate.json: OK
./minimal_verifier/pareto_core.py: OK
./minimal_verifier/replay.sh: OK
./minimal_verifier/stable_core.py: OK
./minimal_verifier/verify_all_spectrum.py: OK
./minimal_verifier/verify_branch_stability.py: OK
./minimal_verifier/verify_contrast_bounds.py: OK
./minimal_verifier/verify_critical_profile.py: OK
./minimal_verifier/verify_cubic_sign.py: OK
./minimal_verifier/verify_current_numerical_provenance.py: OK
./minimal_verifier/verify_diffusion_criterion.py: OK
./minimal_verifier/verify_exchange_of_stability.py: OK
./minimal_verifier/verify_family.py: OK
./minimal_verifier/verify_harmonic_corrections.py: OK
./minimal_verifier/verify_improved_profile.py: OK
./minimal_verifier/verify_mode_certificates.py: OK
./minimal_verifier/verify_mode_isolation.py: OK
./minimal_verifier/verify_network_one_bad_minor.py: OK
./minimal_verifier/verify_order_m_minors.py: OK
./minimal_verifier/verify_pareto_family.py: OK
./minimal_verifier/verify_principal_minor_diffusion_ray.py: OK
./minimal_verifier/verify_realization_space.py: OK
./minimal_verifier/verify_stable_contrast.py: OK
./minimal_verifier/verify_symbolic_certificates.py: OK
./paper/main.pdf: OK
./paper/supplement.pdf: OK
./repository/CERTIFICATES.md: OK
./repository/CITATION.cff: OK
./repository/LICENSE: OK
./repository/README.md: OK
./repository/RESEARCH_LOG.md: OK
./repository/computation/audit_manuscript.py: OK
./repository/computation/audit_numerical_provenance.py: OK
./repository/computation/audit_pdfs.py: OK
./repository/computation/audit_stale_claims.py: OK
./repository/computation/export_instance.py: OK
./repository/computation/export_pareto_instance.py: OK
./repository/computation/generate_current_profile_data.py: OK
./repository/computation/generate_sign_certificate_tables.py: OK
./repository/computation/generate_tables.py: OK
./repository/computation/simulations.py: OK
./repository/computation/tests/test_flagship.py: OK
./repository/data/README.md: OK
./repository/data/branch_amplitudes.csv: OK
./repository/data/certificate_tables.tex: OK
./repository/data/contrast_table.tex: OK
./repository/data/current_profile_exact.json: OK
./repository/data/exact_instances/pareto_m3_L0.json: OK
./repository/data/exact_instances/pareto_m4_L0.json: OK
./repository/data/network_instances/Nhat_m10.json: OK
./repository/data/network_instances/Nhat_m3.json: OK
./repository/data/network_instances/Nhat_m4.json: OK
./repository/data/network_instances/Nhat_m5.json: OK
./repository/data/network_instances/Nhat_m6.json: OK
./repository/data/network_instances/Nhat_m8.json: OK
./repository/data/refinement_checks.csv: OK
./repository/data/sign_certificate_tables.tex: OK
./repository/data/simulation_parameters.json: OK
./repository/data/simulations/amplitude_m3_mu0p01_K16_base.csv: OK
./repository/data/simulations/amplitude_m3_mu0p02_K16_base.csv: OK
./repository/data/simulations/amplitude_m3_mu0p02_K16_time-tight.csv: OK
./repository/data/simulations/amplitude_m3_mu0p02_K32_spatial-fine.csv: OK
./repository/data/simulations/amplitude_m3_mu0p04_K16_base.csv: OK
./repository/data/simulations/amplitude_m5_mu0p01_K16_base.csv: OK
./repository/data/simulations/amplitude_m5_mu0p02_K16_base.csv: OK
./repository/data/simulations/amplitude_m5_mu0p02_K16_time-tight.csv: OK
./repository/data/simulations/amplitude_m5_mu0p02_K32_spatial-fine.csv: OK
./repository/data/simulations/amplitude_m5_mu0p04_K16_base.csv: OK
./repository/data/simulations/amplitude_m8_mu0p01_K16_base.csv: OK
./repository/data/simulations/amplitude_m8_mu0p02_K16_base.csv: OK
./repository/data/simulations/amplitude_m8_mu0p02_K16_time-tight.csv: OK
./repository/data/simulations/amplitude_m8_mu0p02_K32_spatial-fine.csv: OK
./repository/data/simulations/amplitude_m8_mu0p04_K16_base.csv: OK
./repository/data/simulations/parameters_m3_mu0p01_K16_base.json: OK
./repository/data/simulations/parameters_m3_mu0p02_K16_base.json: OK
./repository/data/simulations/parameters_m3_mu0p02_K16_time-tight.json: OK
./repository/data/simulations/parameters_m3_mu0p02_K32_spatial-fine.json: OK
./repository/data/simulations/parameters_m3_mu0p04_K16_base.json: OK
./repository/data/simulations/parameters_m5_mu0p01_K16_base.json: OK
./repository/data/simulations/parameters_m5_mu0p02_K16_base.json: OK
./repository/data/simulations/parameters_m5_mu0p02_K16_time-tight.json: OK
./repository/data/simulations/parameters_m5_mu0p02_K32_spatial-fine.json: OK
./repository/data/simulations/parameters_m5_mu0p04_K16_base.json: OK
./repository/data/simulations/parameters_m8_mu0p01_K16_base.json: OK
./repository/data/simulations/parameters_m8_mu0p02_K16_base.json: OK
./repository/data/simulations/parameters_m8_mu0p02_K16_time-tight.json: OK
./repository/data/simulations/parameters_m8_mu0p02_K32_spatial-fine.json: OK
./repository/data/simulations/parameters_m8_mu0p04_K16_base.json: OK
./repository/data/simulations/profile_m3_modes32.csv: OK
./repository/data/simulations/profile_m3_mu0p01_K16_base.csv: OK
./repository/data/simulations/profile_m3_mu0p02_K16_base.csv: OK
./repository/data/simulations/profile_m3_mu0p02_K16_time-tight.csv: OK
./repository/data/simulations/profile_m3_mu0p02_K32_spatial-fine.csv: OK
./repository/data/simulations/profile_m3_mu0p04_K16_base.csv: OK
./repository/data/simulations/profile_m5_modes32.csv: OK
./repository/data/simulations/profile_m5_mu0p01_K16_base.csv: OK
./repository/data/simulations/profile_m5_mu0p02_K16_base.csv: OK
./repository/data/simulations/profile_m5_mu0p02_K16_time-tight.csv: OK
./repository/data/simulations/profile_m5_mu0p02_K32_spatial-fine.csv: OK
./repository/data/simulations/profile_m5_mu0p04_K16_base.csv: OK
./repository/data/simulations/profile_m8_modes32.csv: OK
./repository/data/simulations/profile_m8_mu0p01_K16_base.csv: OK
./repository/data/simulations/profile_m8_mu0p02_K16_base.csv: OK
./repository/data/simulations/profile_m8_mu0p02_K16_time-tight.csv: OK
./repository/data/simulations/profile_m8_mu0p02_K32_spatial-fine.csv: OK
./repository/data/simulations/profile_m8_mu0p04_K16_base.csv: OK
./repository/data/simulations/simulation_summary.json: OK
./repository/data/triad_routh_gap.tex: OK
./repository/external_audit/proof_skeleton.tex: OK
./repository/external_audit/theorem_summary.tex: OK
./repository/figures/amplitude_scaling.pdf: OK
./repository/figures/amplitude_scaling.py: OK
./repository/figures/network_family.pdf: OK
./repository/figures/network_family.tex: OK
./repository/figures/network_family_standalone.tex: OK
./repository/figures/stable_profiles.pdf: OK
./repository/figures/stable_profiles.py: OK
./repository/figures/stable_tradeoff.pdf: OK
./repository/figures/stable_tradeoff.py: OK
./repository/independent_verifier/README.md: OK
./repository/independent_verifier/certificate_schema.json: OK
./repository/independent_verifier/common.py: OK
./repository/independent_verifier/core.py: OK
./repository/independent_verifier/dd_verify_contrast_bounds.py: OK
./repository/independent_verifier/dd_verify_critical_profile.py: OK
./repository/independent_verifier/dd_verify_cubic_sign.py: OK
./repository/independent_verifier/dd_verify_diffusion_criterion.py: OK
./repository/independent_verifier/dd_verify_harmonic_corrections.py: OK
./repository/independent_verifier/dd_verify_mode_isolation.py: OK
./repository/independent_verifier/dd_verify_order_m_minors.py: OK
./repository/independent_verifier/dd_verify_stable_contrast.py: OK
./repository/independent_verifier/frontier_certificate.json: OK
./repository/independent_verifier/frontier_verify_cubic_bound.py: OK
./repository/independent_verifier/frontier_verify_determinant_identity.py: OK
./repository/independent_verifier/frontier_verify_exposition_identities.py: OK
./repository/independent_verifier/frontier_verify_family.py: OK
./repository/independent_verifier/frontier_verify_master_certificate.py: OK
./repository/independent_verifier/frontier_verify_mode_certificates.py: OK
./repository/independent_verifier/frontier_verify_near_threshold.py: OK
./repository/independent_verifier/frontier_verify_normal_form.py: OK
./repository/independent_verifier/frontier_verify_pareto.py: OK
./repository/independent_verifier/frontier_verify_pareto_curve.py: OK
./repository/independent_verifier/improved_modulus_certificate.json: OK
./repository/independent_verifier/pareto_all_m_certificate.json: OK
./repository/independent_verifier/pareto_core.py: OK
./repository/independent_verifier/stable_core.py: OK
./repository/independent_verifier/verify_all_spectrum.py: OK
./repository/independent_verifier/verify_branch_stability.py: OK
./repository/independent_verifier/verify_contrast_bounds.py: OK
./repository/independent_verifier/verify_critical_profile.py: OK
./repository/independent_verifier/verify_cubic_sign.py: OK
./repository/independent_verifier/verify_current_numerical_provenance.py: OK
./repository/independent_verifier/verify_diffusion_criterion.py: OK
./repository/independent_verifier/verify_exchange_of_stability.py: OK
./repository/independent_verifier/verify_family.py: OK
./repository/independent_verifier/verify_harmonic_corrections.py: OK
./repository/independent_verifier/verify_improved_profile.py: OK
./repository/independent_verifier/verify_mode_certificates.py: OK
./repository/independent_verifier/verify_mode_isolation.py: OK
./repository/independent_verifier/verify_network_one_bad_minor.py: OK
./repository/independent_verifier/verify_order_m_minors.py: OK
./repository/independent_verifier/verify_pareto_family.py: OK
./repository/independent_verifier/verify_principal_minor_diffusion_ray.py: OK
./repository/independent_verifier/verify_realization_space.py: OK
./repository/independent_verifier/verify_stable_contrast.py: OK
./repository/independent_verifier/verify_symbolic_certificates.py: OK
./repository/literature/citation_audit.csv: OK
./repository/literature/closest_results.md: OK
./repository/literature/priority_boundary.md: OK
./repository/literature/source_quotes.md: OK
./repository/literature/terminology_crosswalk.md: OK
./repository/literature/theorem_comparison.csv: OK
./repository/manuscript/main.bbl: OK
./repository/manuscript/main.pdf: OK
./repository/manuscript/main.tex: OK
./repository/manuscript/references.bib: OK
./repository/manuscript/supplement.pdf: OK
./repository/manuscript/supplement.tex: OK
./repository/proof_audit/all_spectrum_localization.tex: OK
./repository/proof_audit/asymptotics.tex: OK
./repository/proof_audit/bifurcation.tex: OK
./repository/proof_audit/branch_stability.tex: OK
./repository/proof_audit/conservation.tex: OK
./repository/proof_audit/contrast_optimum.tex: OK
./repository/proof_audit/critical_vectors.tex: OK
./repository/proof_audit/cubic_coefficient.tex: OK
./repository/proof_audit/cubic_sign.tex: OK
./repository/proof_audit/exact_diffusion_criterion.tex: OK
./repository/proof_audit/flux_and_realization_space.tex: OK
./repository/proof_audit/flux_cone.tex: OK
./repository/proof_audit/heterogeneity_tradeoff.tex: OK
./repository/proof_audit/homogeneous_stability.tex: OK
./repository/proof_audit/improved_unit_profile.tex: OK
./repository/proof_audit/mode_isolation.tex: OK
./repository/proof_audit/omission_minor_table.tex: OK
./repository/proof_audit/principal_minor_diffusion_ray.tex: OK
./repository/proof_audit/quadratic_tensor.tex: OK
./repository/proof_audit/reaction_family.tex: OK
./repository/proof_audit/realization_space.tex: OK
./repository/proof_audit/robustness.tex: OK
./repository/proof_audit/second_harmonic_correction.tex: OK
./repository/proof_audit/semipositive_conservation.tex: OK
./repository/proof_audit/stable_pareto_family.tex: OK
./repository/proof_audit/stationary_band.tex: OK
./repository/proof_audit/zero_mode_correction.tex: OK
./repository/replay.sh: OK
./repository/requirements.txt: OK
./repository/sha256_manifest.txt: OK
./repository/verification_outputs/detached_numerical_provenance.txt: OK
./repository/verification_outputs/integrated_designs.txt: OK
./repository/verification_outputs/manuscript_audit.txt: OK
./repository/verification_outputs/numerical_provenance.txt: OK
./repository/verification_outputs/pdf_preflight/SUMMARY.txt: OK
./repository/verification_outputs/pdf_preflight/figures_amplitude_scaling_pdf.txt: OK
./repository/verification_outputs/pdf_preflight/figures_network_family_pdf.txt: OK
./repository/verification_outputs/pdf_preflight/figures_stable_profiles_pdf.txt: OK
./repository/verification_outputs/pdf_preflight/figures_stable_tradeoff_pdf.txt: OK
./repository/verification_outputs/pdf_preflight/manuscript_main_pdf.txt: OK
./repository/verification_outputs/pdf_preflight/manuscript_supplement_pdf.txt: OK
./repository/verification_outputs/pdf_semantic_audit.txt: OK
./repository/verification_outputs/principal_minor_diffusion_ray.txt: OK
./repository/verification_outputs/pytest.txt: OK
./repository/verification_outputs/simulations.txt: OK
./repository/verification_outputs/stale_claim_audit.txt: OK
./repository/verification_outputs/symbolic_certificates.txt: OK
./review_maps/CLAIM_LEDGER.md: OK
./review_maps/DEPENDENCY_GRAPH.md: OK
./review_maps/proof_skeleton.pdf: OK
./review_maps/proof_skeleton.tex: OK
./review_maps/theorem_dependency_map.md: OK
./review_maps/theorem_summary.pdf: OK
./review_maps/theorem_summary.tex: OK
[2/7] disposable working trees
WORK_ROOT=/var/folders/cp/bbqcpp814bjd_6mfhk6lxf7r0000gn/T//exact-diffusion-referee.kZN2a2
[3/7] minimal exact replay
PRINCIPAL_MINOR_DIFFUSION_RAY_PASS
BOUNDARY_SYMBOLIC_PASS positive_gap_terms=14
CORE_DETERMINANT_RECURRENCE_REGRESSION_PASS m=3..8
ALL_SPECTRUM_FINITE_PASS m=3 a=3/2 b=5/3 categories={'negative-singleton': 6, 'long-cycle-X1-to-Xm-1': 1, 'boundary-triad-principal': 3, 'long-cycle-X2-to-Xm': 1}
ALL_SPECTRUM_FINITE_PASS m=3 a=1 b=2 categories={'negative-singleton': 8, 'long-cycle-X1-to-Xm-1': 1, 'boundary-triad-principal': 2, 'long-cycle-X2-to-Xm': 1}
ALL_SPECTRUM_FINITE_PASS m=4 a=3/2 b=5/3 categories={'negative-singleton': 28, 'boundary-triad-principal': 10, 'long-cycle-X1-to-Xm-1': 1, 'long-cycle-X2-to-Xm': 1}
ALL_SPECTRUM_FINITE_PASS m=4 a=1 b=2 categories={'negative-singleton': 34, 'boundary-triad-principal': 7, 'long-cycle-X1-to-Xm-1': 1, 'long-cycle-X2-to-Xm': 1}
ALL_SPECTRUM_FINITE_PASS m=5 a=3/2 b=5/3 categories={'negative-singleton': 94, 'boundary-triad-principal': 25, 'long-cycle-X1-to-Xm-1': 1, 'long-cycle-X2-to-Xm': 1}
ALL_SPECTRUM_FINITE_PASS m=5 a=1 b=2 categories={'negative-singleton': 108, 'boundary-triad-principal': 18, 'long-cycle-X1-to-Xm-1': 1, 'long-cycle-X2-to-Xm': 1}
ALL_SPECTRUM_FINITE_PASS m=6 a=3/2 b=5/3 categories={'negative-singleton': 266, 'boundary-triad-principal': 56, 'long-cycle-X1-to-Xm-1': 1, 'long-cycle-X2-to-Xm': 1}
ALL_SPECTRUM_FINITE_PASS m=6 a=1 b=2 categories={'negative-singleton': 296, 'boundary-triad-principal': 41, 'long-cycle-X1-to-Xm-1': 1, 'long-cycle-X2-to-Xm': 1}
ALL_SPECTRUM_FINITE_PASS m=8 a=3/2 b=5/3 categories={'negative-singleton': 1660, 'boundary-triad-principal': 246, 'long-cycle-X1-to-Xm-1': 1, 'long-cycle-X2-to-Xm': 1}
ALL_SPECTRUM_FINITE_PASS m=8 a=1 b=2 categories={'negative-singleton': 1786, 'boundary-triad-principal': 183, 'long-cycle-X1-to-Xm-1': 1, 'long-cycle-X2-to-Xm': 1}
PRINCIPAL_MINOR_DIFFUSION_RAY_PASS
NETWORK_ONE_BAD_MINOR_COROLLARY_PASS
ORDER_M_MINORS_PASS
DIFFUSION_CRITERION_PASS
CONTRAST_BOUNDS_PASS
MODE_ISOLATION_PASS
HARMONIC_CORRECTIONS_PASS
CUBIC_SIGN_PASS
{'m': 3, 'degree': 4}
{'m': 4, 'degree': 5}
{'m': 5, 'degree': 6}
VERIFY_DETERMINANT_IDENTITY_PASS
VERIFY_MODE_CERTIFICATES_PASS
VERIFY_MASTER_CERTIFICATE_PASS
VERIFY_NEAR_THRESHOLD_PASS
VERIFY_CUBIC_BOUND_PASS
PRINTED_TABLE_FRESHNESS_NOT_APPLICABLE_MINIMAL_PACKET
VERIFY_EXPOSITION_IDENTITIES_PASS
ALL_SYMBOLIC_CERTIFICATES_PASS
CRITICAL_PROFILE_PASS
MODE_ISOLATION_PASS
HARMONIC_CORRECTIONS_PASS
CUBIC_SIGN_PASS
STABLE_CONTRAST_PASS
IMPROVED_PROFILE_PASS
{'m': 3, 'rank': 3, 'reactions': 5, 'L': 'sqrt(3)/3'}
{'m': 4, 'rank': 4, 'reactions': 6, 'L': 'sqrt(10)/4'}
{'m': 5, 'rank': 5, 'reactions': 7, 'L': 'sqrt(15)/6'}
{'m': 6, 'rank': 6, 'reactions': 8, 'L': 'sqrt(5)/4'}
{'m': 8, 'rank': 8, 'reactions': 10, 'L': 'sqrt(30)/12'}
{'m': 10, 'rank': 10, 'reactions': 12, 'L': 'sqrt(10)/8'}
VERIFY_FAMILY_PASS
{'m': 3, 'tau': '-15167*(-270 + 91*sqrt(3))/(111132*(-135 + 364*sqrt(3)))', 'eta': '143636/(485873 + 2347800*sqrt(3))', 'cubic': '11*(-28351600945908353 + 3215417713698060*sqrt(3))/(15705386265114*(485873 + 2347800*sqrt(3)))'}
VERIFY_NORMAL_FORM_PASS
{'m': 3, 'chi_D': '299*sqrt(3)/27', 'chi_H': '90*sqrt(3)/91', 'product': '230/7'}
{'m': 4, 'chi_D': '299*sqrt(10)/18', 'chi_H': '181*sqrt(10)/455', 'product': '4163/63'}
{'m': 5, 'chi_D': '299*sqrt(15)/18', 'chi_H': '544*sqrt(15)/1365', 'product': '6256/63'}
{'m': 6, 'chi_D': '299*sqrt(5)/9', 'chi_H': '363*sqrt(5)/455', 'product': '2783/21'}
{'m': 8, 'chi_D': '299*sqrt(30)/18', 'chi_H': '109*sqrt(30)/273', 'product': '12535/63'}
{'m': 10, 'chi_D': '299*sqrt(10)/9', 'chi_H': '727*sqrt(10)/910', 'product': '16721/63'}
{'m': 149, 'chi_D': '2093*sqrt(15)/18', 'chi_H': '26752*sqrt(15)/9555', 'product': '307648/63'}
VERIFY_PARETO_PASS
EXCHANGE_OF_STABILITY_PASS
BRANCH_STABILITY_REGRESSION_PASS
MINIMAL_VERIFIER_PASS
[4/7] complete portable replay
PYTHON_PACKAGE=matplotlib==3.7.1
PYTHON_PACKAGE=numpy==1.24.3
PYTHON_PACKAGE=pandas==2.3.3
PYTHON_PACKAGE=pypdf==6.10.0
PYTHON_PACKAGE=pytest==8.4.2
PYTHON_PACKAGE=scipy==1.10.1
PYTHON_PACKAGE=sympy==1.14.0
[1/8] current exact source and tables
CURRENT_PROFILE_EXACT_DATA_PASS
data/current_profile_exact.json
TABLES_GENERATED_FROM_CURRENT_PROFILE
SIGN_CERTIFICATE_TABLES_GENERATED
[2/8] exact tests and source audits
[3/8] integrated exact designs
[4/8] finite regression instances
[5/8] current-profile numerical illustrations
[6/8] figures
[7/8] manuscript and supplement
[8/8] portability, PDF, and manifest
supplement PDF lacks unambiguous Latin near-threshold parameter
