{
  "public_file_bindings_checked": 72,
  "replays": [
    {
      "exact_assertions": 51690,
      "stdout_byte_exact": true,
      "turn": 1
    },
    {
      "exact_assertions": 4325,
      "stdout_byte_exact": true,
      "turn": 2
    },
    {
      "exact_assertions": 15690,
      "stdout_byte_exact": true,
      "turn": 3
    },
    {
      "exact_assertions": 10817,
      "stdout_byte_exact": true,
      "turn": 4
    },
    {
      "exact_assertions": 46172,
      "stdout_byte_exact": true,
      "turn": 5
    }
  ],
  "source_check": "verified",
  "source_pdfs_checked": 11,
  "status": "PASS",
  "total_exact_assertions": 128694
}
PASS: review hashes, frozen author/remote binding, and independent replay
PASS: all publication bytes, frozen author proofs and independent review; original unsolved 5/5
