{
  "status": "exact_interface_regressions_passed_NOT_LEAN",
  "kernel_checked": false,
  "universal_model_theorem_checked": false,
  "closure_or_supremum_checked": false,
  "arithmetic": "independent Gaussian rationals as pairs of fractions; no floating point",
  "checks": 9906,
  "negative_controls": 37,
  "cases": [
    {
      "name": "singleton",
      "alice_dimension": 1,
      "bob_dimension": 1,
      "outcomes": 4,
      "rank": 1,
      "density_dimension": 1,
      "purification_dimension": 1,
      "zero_effects_allowed": true
    },
    {
      "name": "one-by-four-full",
      "alice_dimension": 1,
      "bob_dimension": 4,
      "outcomes": 4,
      "rank": 4,
      "density_dimension": 4,
      "purification_dimension": 16,
      "zero_effects_allowed": true
    },
    {
      "name": "two-by-two-rank-one",
      "alice_dimension": 2,
      "bob_dimension": 2,
      "outcomes": 4,
      "rank": 1,
      "density_dimension": 4,
      "purification_dimension": 16,
      "zero_effects_allowed": true
    },
    {
      "name": "two-by-two-rank-two",
      "alice_dimension": 2,
      "bob_dimension": 2,
      "outcomes": 4,
      "rank": 2,
      "density_dimension": 4,
      "purification_dimension": 16,
      "zero_effects_allowed": true
    },
    {
      "name": "two-by-three-full",
      "alice_dimension": 2,
      "bob_dimension": 3,
      "outcomes": 4,
      "rank": 6,
      "density_dimension": 6,
      "purification_dimension": 36,
      "zero_effects_allowed": true
    }
  ],
  "right_one_input_hidden_dimension": 36,
  "scope": "finite interface/convention checks only; coefficients in second bridge are generic test data, not source lambda",
  "started_utc": "2026-09-14T23:30:00.983203+00:00",
  "finished_utc": "2026-09-14T23:30:06.496134+00:00",
  "script_sha256": "7651478c19dc24f5777426cb21c009cfc3d81a8aa2a23303362cefe82d596b24"
}
