{
  "problem_id": 2233,
  "problem_code": "EP-653",
  "review_date": "2026-09-30",
  "reviewer_model": "gpt-6-astra",
  "reasoning_effort": "xhigh",
  "verdict": "PASS_SCOPED_PARTIAL_OBSTRUCTIONS",
  "artifact": "PARTIAL.md",
  "artifact_sha256": "b51799d262ea7f633771128422708232c0522e7fddbaa5062a955911ed2e79f5",
  "full_target_resolved": false,
  "novelty_claimed": false,
  "mandatory_corrections": [],
  "author_assertions_passed": 18306,
  "author_receipt_byte_identical": true,
  "independent_assertions_passed": 1263,
  "source_files_edited": false,
  "scope_holds": [
    "The n-o(n) target remains unresolved",
    "Generic gluing only; nongeneric cross-block equalities excluded",
    "Line/circle support is exact rather than approximate geometric closeness",
    "1997 full source and some historical full papers not recovered",
    "2026 external preprint claims not independently certified"
  ],
  "review_sha256": "a018dfa1445e99cc3154391b02f78a79e0977118f2179c7e2349268d153f6cc7",
  "final_artifact_sha256": "0b116a4593d84d7e9d02f635a080eb0e2242aaba66acfc8efeae74462ad89898",
  "final_diff": "Only the pending-review header sentence changed; exact byte replacement verified."
}
