STC/JC FINAL CLEAN-CLONE TRANSCRIPT
command=bash reproducibility/verify_quick.sh
commit=7869486058ae4340689db0326161024349b5a9db
release_tag=stc-jc-sharp-boundary-v1.0.0
checkout=sparse fresh clone; all declared active proof and release roots
utc_start=2026-08-14T23:50:44Z
os=macOS 26.5.2 arm64
git=git version 2.38.2
python_bootstrap=Python 3.14.6
compiler=Apple clang version 21.0.0 (clang-2100.1.1.101)
tectonic=Tectonic 0.16.9
CLEAN_BEFORE=yes
{"main_pdf_sha256": "9a2761f9dc8224ca408d12caad6fd827cce752de601c8454b67c74998c354d16", "omega": "OMEGA-PASS-ALL-(n)", "outcome": "A", "source_commit": "7869486058ae4340689db0326161024349b5a9db", "status": "VERIFIED"}
VERIFIED: fixed already-simple rooting scope; hidden zippers rejected
{"certificate": "/private/tmp/stc-jc-final-seal.zgedgX/repo/s_tc_jc_landmark_closure/reviews/final_standard_convention/convention_certificate.json", "mutations_rejected": 8, "primitive_rootings": 100, "primitive_supports": 12, "verdict": "VERIFIED_AFTER_CORRECTION"}
final standard-convention audit: PASS
{"certificate_sha256": "d4b118fef3036829fe05c6b4176d0c4e637b39f45637b903eefba2b5ac5283fd", "claim_comparison": "VERIFIED", "mutation_suite": "VERIFIED", "mutations_sha256": "0fdfef6796299de0224a6277db733e6a28876662f0c6edcec05977348a80465e", "status": "VERIFIED"}
cleanroom_verify.py: OK
certificate.json: OK
mutation_results.json: OK
REVIEW.md: OK
REPRODUCTION.md: OK
verify_all.sh: OK
history/implementation_failures/initial_failure_certificate.json: OK
history/implementation_failures/initial_failure_mutations.json: OK
VERIFIED: clean-room ordinary JC triangle-redirection certificate
{
  "endpoint_counts": {
    "F_positive": 67,
    "F_zero_G_positive": 9,
    "F_zero_G_zero_ordinary": 1
  },
  "one_active_strict_minors": 204,
  "output": "/private/tmp/stc-jc-final-seal.zgedgX/repo/s_tc_jc_landmark_closure/reviews/global_bridge/exact_audit_certificate.json",
  "output_sha256": "c046e20ebf5dd8ed0ac85984a4596e83d418c3ee133b9b1eaeb22f7905ee1167",
  "status": "VERIFIED",
  "two_active_minors": 20
}
{
  "mutation_count": 15,
  "output": "/private/tmp/stc-jc-final-seal.zgedgX/repo/s_tc_jc_landmark_closure/reviews/global_bridge/mutation_certificate.json",
  "output_sha256": "4c842b9922d9439025b342a5dfa0f4557fea9d0f53b6a8f7bb7d949c623b848d",
  "status": "VERIFIED"
}
6b17dac9c06d429ca3cf983d7f50a0c63d5b5d4057a584e3315d476d4d8852fa  /private/tmp/stc-jc-final-seal.zgedgX/repo/s_tc_jc_landmark_closure/reviews/global_bridge/exact_audit.py
6c12110090d2e90c5b8a1f59fe650457f9877796adedcf5438474ab0b682182d  /private/tmp/stc-jc-final-seal.zgedgX/repo/s_tc_jc_landmark_closure/reviews/global_bridge/mutation_tests.py
c046e20ebf5dd8ed0ac85984a4596e83d418c3ee133b9b1eaeb22f7905ee1167  /private/tmp/stc-jc-final-seal.zgedgX/repo/s_tc_jc_landmark_closure/reviews/global_bridge/exact_audit_certificate.json
4c842b9922d9439025b342a5dfa0f4557fea9d0f53b6a8f7bb7d949c623b848d  /private/tmp/stc-jc-final-seal.zgedgX/repo/s_tc_jc_landmark_closure/reviews/global_bridge/mutation_certificate.json
da47733278a74690f6a55bccb1aec2771cc14960a286f45e526461f45aca41b5  /private/tmp/stc-jc-final-seal.zgedgX/repo/s_tc_jc_landmark_closure/independent/bridge_cut/cut_certificate.json
{"merged": 10466, "merged_multiset_sha256": "389d574c6fc238c7cd89360e8ef3766a1a9121e53e9d1dfab394af0c9c7bf0dd", "raw": 10826, "raw_multiset_sha256": "73835cd5212046fb3a41f7fd36259bd3165a184a9cf36321b0ba0d13d794c3b5", "status": "VERIFIED"}
{"external_inputs": 4, "files": 17, "status": "VERIFIED"}
./REPRODUCTION.md: OK
./REVIEW.md: OK
./THEOREM_AND_PROOF.md: OK
./certificates/anchors.jsonl.gz: OK
./certificates/graphs.jsonl.gz: OK
./certificates/mutation_results.json: OK
./certificates/p_relations.jsonl.gz: OK
./certificates/q_relations.jsonl.gz: OK
./certificates/summary.json: OK
./certificates/witnesses.jsonl.gz: OK
./compile_direct_anchor_probes.py: OK
./exact_engine.py: OK
./mutation_tests.py: OK
./verify.sh: OK
./verify_direct_anchor_probes.py: OK
./verify_regenerate.sh: OK
{"forbidden_verbose_inputs": [], "git_not_required": true, "inputs": 50, "status": "VERIFIED"}
{"manifest_rows": 16, "mutations_rejected": 9, "paths": 276, "relations": 269730, "status": "VERIFIED"}
VERIFIED manifest (288 files)
VERIFIED manuscript scope and submission-PDF contract
[EXACTLY COMPUTED] PASS: both rooted DAGs are LSA-valid, binary, tree-child, and level 2
[EXACTLY COMPUTED] PASS: the two leaf-labelled semi-directed topologies are not triangle-equivalent
[EXACTLY COMPUTED] PASS: the 14 listed nontrivial coordinates represent all JC Fourier orbits
[EXACTLY COMPUTED] PASS: all six polynomial invariants vanish identically on both full models
[EXACTLY COMPUTED] PASS: both eight-coordinate gauge maps and both factored Jacobians are exact
[EXACTLY COMPUTED] PASS: the algebraic target point is strictly stochastic and matches all 14 orbit coordinates
[EXACTLY COMPUTED] PASS: all 256 Fourier entries, hence all 256 leaf-pattern probabilities, agree exactly
[EXACTLY COMPUTED] PASS: both first-eight-coordinate Jacobians are nonzero at the common distribution

[PROVED] CERTIFICATE COMPLETE
Common model-image dimension: 8
Common orbit vector:
  A = 277/8000
  B = 3/40
  C = 67/2400
  D = 127/16000
  E = 27/5000
  F = 81/5000
  G = 153/160000
  H = 9/500
  J = 27/16000
  K = 261/320000
  L = 27/10000
  M = 27/20000
  N = 153/320000
  O = 183/80000
beta ≈ 0.3528381457674103 (decimal shown only for readability)
Conclusion: the specified non-triangle-equivalent pair has an 8-dimensional
relatively open stochastic model overlap in the open JC parameter domain.
VERIFIED primary symbolic implementation
PASS final_verdict=PROVED
certificate_sha256=38266537a7966d83bdb94c6fb90fa68f93fbd227b82579f1bf311005925366d7
output=/private/var/folders/cp/bbqcpp814bjd_6mfhk6lxf7r0000gn/T/stc-jc-independent-1m1896cz/certificate.json
VERIFIED independent sharpness implementation
VERIFIED: all sharpness-release gates passed
{
  "complete_Fourier_coordinates": 256,
  "complete_pattern_probabilities": 256,
  "local_dimensions": {
    "M_Omega": 9,
    "M_Omega_prime": 9,
    "intersection_at_common_point": 9
  },
  "mutations_rejected": 12,
  "networks": {
    "N16_source": {
      "cycles": [
        4,
        4,
        6
      ],
      "rootings": 7,
      "tree_child_rootings": 2
    },
    "N16_target": {
      "cycles": [
        4,
        4,
        6
      ],
      "rootings": 7,
      "tree_child_rootings": 2
    },
    "N26_source": {
      "cycles": [
        4,
        4,
        6
      ],
      "rootings": 7,
      "tree_child_rootings": 2
    },
    "N26_target": {
      "cycles": [
        4,
        4,
        6
      ],
      "rootings": 7,
      "tree_child_rootings": 2
    }
  },
  "output": "omega_audit/independent/output/omega_release_audit.json",
  "status": "OMEGA-PASS-ALL-(n)"
}
{
  "complete_rank_upper_bound": 9,
  "core_jacobian_shape": [
    14,
    10
  ],
  "core_parameter_order": [
    "x0",
    "x1",
    "x2",
    "x3",
    "x4",
    "x5",
    "x6",
    "x7",
    "x12",
    "x13"
  ],
  "euler_identities_checked": 14,
  "euler_identity": "x4*d(c_g)/dx4+x7*d(c_g)/dx7=1[g4!=0]*c_g",
  "generic_core_rank": 6,
  "implementation": "independent direct displayed-tree enumeration",
  "status": "EXACTLY COMPUTED",
  "strict_point_minor": {
    "determinant": "-723/8589934592",
    "orbit_assignments": [
      [
        0,
        0,
        1,
        1
      ],
      [
        0,
        1,
        0,
        1
      ],
      [
        0,
        1,
        1,
        0
      ],
      [
        0,
        1,
        2,
        3
      ],
      [
        1,
        0,
        0,
        1
      ],
      [
        1,
        0,
        1,
        0
      ]
    ],
    "orbit_rows_zero_based": [
      0,
      1,
      2,
      3,
      4,
      5
    ],
    "parameter_columns_zero_based": [
      0,
      1,
      2,
      3,
      4,
      7
    ],
    "parameters": [
      "x0",
      "x1",
      "x2",
      "x3",
      "x4",
      "x7"
    ]
  }
}
VERIFIED: quick Outcome-A bioRxiv release gates
       47.59 real        46.04 user         0.73 sys
            88555520  maximum resident set size
                   0  average shared memory size
                   0  average unshared data size
                   0  average unshared stack size
               83004  page reclaims
                1257  page faults
                   0  swaps
                   0  block input operations
                   0  block output operations
                   0  messages sent
                   0  messages received
                   5  signals received
                3674  voluntary context switches
               15926  involuntary context switches
            53362450  instructions retired
            32299426  cycles elapsed
             1409336  peak memory footprint
exit_status=0
CLEAN_AFTER=yes
utc_end=2026-08-14T23:51:32Z
