{
  "retrieved_date": "2026-09-30",
  "dataset_revision": "37e53eabe540fb458758e198be61634bd02ee008",
  "dataset_join": "unique AMR-096-0035 problem-code match",
  "sources": [
    {
      "name": "aldous2012",
      "url": "https://www.stat.berkeley.edu/~aldous/206-SNET/Papers/aldous_SIRSN_long.pdf",
      "sha256": "708c3d0161e6f3929f9bb57f07a838781a1f2efc3b94ca6c7c4665dbff478433"
    },
    {
      "name": "aldous2014",
      "url": "https://www.maths.tcd.ie/EMIS/journals/EJP-ECP/article/download/2920/2920-16115-1-PB.pdf",
      "sha256": "fd5b785da34c7ca81c6165b11f85f2bd521c728aeb6fb8bbb3af9b6ead455298"
    },
    {
      "name": "kahn2016",
      "url": "https://arxiv.org/pdf/1503.03976v3",
      "sha256": "84af8a3084755d70c20a16f5de08e06129542058a88ff7d2f16399e5bfafe18c"
    },
    {
      "name": "blanc2025",
      "url": "https://arxiv.org/pdf/2407.07887v1",
      "sha256": "957ef6f9bc3fd16859bb4cf6dc71ba8165696b25f6bff9b66d648e34ae719c9a"
    }
  ],
  "pdf_redistribution": false
}
