{
  "assertions_passed": 45547,
  "counts": {
    "strict_forward_inverse_endpoint_inclusions": 232,
    "complete_compact_cell_certificate": 8,
    "all_shell_cell_vertices_annular_bounds": 550,
    "all_shell_cell_vertices_orientation": 550,
    "all_shell_cell_vertices_displacement": 550,
    "complete_shell_cell_certificate": 200,
    "signed_error_exact_two_point_reduction": 42632,
    "global_envelope_inverse_cell_certificate": 59,
    "global_arrangement_envelope_values": 59,
    "global_arrangement_positive_drift": 59,
    "symmetric_generator_global_sandwich_cell_vertices": 590,
    "inverse_omission_cuberoot_countercontrol": 5,
    "reversal_requires_signed_identity": 3,
    "nonsymmetric_lower_sandwich_fails": 1,
    "finite_truncation_fails_global_dilation": 1,
    "log_coordinate_dilation_ratio": 44,
    "fixed_pair_powers_no_group_uniform_bound": 4
  },
  "interval_certificates": 208,
  "countercontrols": [
    "inverse_omission",
    "orientation",
    "nonsymmetric_set",
    "finite_prefix",
    "uniform_group_bound"
  ],
  "max_radius_decimal_digits": 136
}
