{
  "utc": "2026-10-04T23:08:04.869280+00:00",
  "python": "3.9.6 (default, May 22 2026, 11:13:45) \n[Clang 21.0.0 (clang-2100.1.1.101)]",
  "sympy_version": "1.14.0",
  "mpmath_version": "1.3.0",
  "dps": 100,
  "interpretation": "Exact controls are algebraic certificates; mpmath outputs are non-interval diagnostics only.",
  "isosceles_reflection_identity": "0",
  "exact": [
    {
      "a2": "8",
      "b2": "5",
      "t": "2/3",
      "reverse": false,
      "repeat": 1,
      "areas": [
        "8*sqrt(3)/81 + 64*sqrt(2)/81",
        "-8*sqrt(3)/81 + 64*sqrt(2)/81",
        "2*sqrt(3)/3 + 16*sqrt(2)/3",
        "-2*sqrt(3)/3 + 16*sqrt(2)/3"
      ],
      "C": "27/4",
      "ratio": "(sqrt(3) + 8*sqrt(2))/(-sqrt(3) + 8*sqrt(2))"
    },
    {
      "a2": "8",
      "b2": "5",
      "t": "2/3",
      "reverse": false,
      "repeat": 2,
      "areas": [
        "16*sqrt(3)/81 + 128*sqrt(2)/81",
        "-16*sqrt(3)/81 + 128*sqrt(2)/81",
        "4*sqrt(3)/3 + 32*sqrt(2)/3",
        "-4*sqrt(3)/3 + 32*sqrt(2)/3"
      ],
      "C": "27/4",
      "ratio": "(sqrt(3) + 8*sqrt(2))/(-sqrt(3) + 8*sqrt(2))"
    },
    {
      "a2": "8",
      "b2": "5",
      "t": "2/3",
      "reverse": false,
      "repeat": 3,
      "areas": [
        "8*sqrt(3)/27 + 64*sqrt(2)/27",
        "-8*sqrt(3)/27 + 64*sqrt(2)/27",
        "2*sqrt(3) + 16*sqrt(2)",
        "-2*sqrt(3) + 16*sqrt(2)"
      ],
      "C": "27/4",
      "ratio": "(sqrt(3) + 8*sqrt(2))/(-sqrt(3) + 8*sqrt(2))"
    },
    {
      "a2": "8",
      "b2": "5",
      "t": "2/3",
      "reverse": true,
      "repeat": 1,
      "areas": [
        "-64*sqrt(2)/81 - 8*sqrt(3)/81",
        "-64*sqrt(2)/81 + 8*sqrt(3)/81",
        "-16*sqrt(2)/3 - 2*sqrt(3)/3",
        "-16*sqrt(2)/3 + 2*sqrt(3)/3"
      ],
      "C": "27/4",
      "ratio": "(sqrt(3) + 8*sqrt(2))/(-sqrt(3) + 8*sqrt(2))"
    },
    {
      "a2": "8",
      "b2": "5",
      "t": "2/3",
      "reverse": true,
      "repeat": 2,
      "areas": [
        "-128*sqrt(2)/81 - 16*sqrt(3)/81",
        "-128*sqrt(2)/81 + 16*sqrt(3)/81",
        "-32*sqrt(2)/3 - 4*sqrt(3)/3",
        "-32*sqrt(2)/3 + 4*sqrt(3)/3"
      ],
      "C": "27/4",
      "ratio": "(sqrt(3) + 8*sqrt(2))/(-sqrt(3) + 8*sqrt(2))"
    },
    {
      "a2": "8",
      "b2": "5",
      "t": "2/3",
      "reverse": true,
      "repeat": 3,
      "areas": [
        "-64*sqrt(2)/27 - 8*sqrt(3)/27",
        "-64*sqrt(2)/27 + 8*sqrt(3)/27",
        "-16*sqrt(2) - 2*sqrt(3)",
        "-16*sqrt(2) + 2*sqrt(3)"
      ],
      "C": "27/4",
      "ratio": "(sqrt(3) + 8*sqrt(2))/(-sqrt(3) + 8*sqrt(2))"
    },
    {
      "a2": "21",
      "b2": "16",
      "t": "3/5",
      "reverse": false,
      "repeat": 1,
      "areas": [
        "84*sqrt(5)/625 + 588*sqrt(21)/625",
        "-84*sqrt(5)/625 + 588*sqrt(21)/625",
        "7*sqrt(5)/10 + 49*sqrt(21)/10",
        "-7*sqrt(5)/10 + 49*sqrt(21)/10"
      ],
      "C": "125/24",
      "ratio": "(sqrt(5) + 7*sqrt(21))/(-sqrt(5) + 7*sqrt(21))"
    },
    {
      "a2": "21",
      "b2": "16",
      "t": "3/5",
      "reverse": false,
      "repeat": 2,
      "areas": [
        "168*sqrt(5)/625 + 1176*sqrt(21)/625",
        "-168*sqrt(5)/625 + 1176*sqrt(21)/625",
        "7*sqrt(5)/5 + 49*sqrt(21)/5",
        "-7*sqrt(5)/5 + 49*sqrt(21)/5"
      ],
      "C": "125/24",
      "ratio": "(sqrt(5) + 7*sqrt(21))/(-sqrt(5) + 7*sqrt(21))"
    },
    {
      "a2": "21",
      "b2": "16",
      "t": "3/5",
      "reverse": false,
      "repeat": 3,
      "areas": [
        "252*sqrt(5)/625 + 1764*sqrt(21)/625",
        "-252*sqrt(5)/625 + 1764*sqrt(21)/625",
        "21*sqrt(5)/10 + 147*sqrt(21)/10",
        "-21*sqrt(5)/10 + 147*sqrt(21)/10"
      ],
      "C": "125/24",
      "ratio": "(sqrt(5) + 7*sqrt(21))/(-sqrt(5) + 7*sqrt(21))"
    },
    {
      "a2": "21",
      "b2": "16",
      "t": "3/5",
      "reverse": true,
      "repeat": 1,
      "areas": [
        "-588*sqrt(21)/625 - 84*sqrt(5)/625",
        "-588*sqrt(21)/625 + 84*sqrt(5)/625",
        "-49*sqrt(21)/10 - 7*sqrt(5)/10",
        "-49*sqrt(21)/10 + 7*sqrt(5)/10"
      ],
      "C": "125/24",
      "ratio": "(sqrt(5) + 7*sqrt(21))/(-sqrt(5) + 7*sqrt(21))"
    },
    {
      "a2": "21",
      "b2": "16",
      "t": "3/5",
      "reverse": true,
      "repeat": 2,
      "areas": [
        "-1176*sqrt(21)/625 - 168*sqrt(5)/625",
        "-1176*sqrt(21)/625 + 168*sqrt(5)/625",
        "-49*sqrt(21)/5 - 7*sqrt(5)/5",
        "-49*sqrt(21)/5 + 7*sqrt(5)/5"
      ],
      "C": "125/24",
      "ratio": "(sqrt(5) + 7*sqrt(21))/(-sqrt(5) + 7*sqrt(21))"
    },
    {
      "a2": "21",
      "b2": "16",
      "t": "3/5",
      "reverse": true,
      "repeat": 3,
      "areas": [
        "-1764*sqrt(21)/625 - 252*sqrt(5)/625",
        "-1764*sqrt(21)/625 + 252*sqrt(5)/625",
        "-147*sqrt(21)/10 - 21*sqrt(5)/10",
        "-147*sqrt(21)/10 + 21*sqrt(5)/10"
      ],
      "C": "125/24",
      "ratio": "(sqrt(5) + 7*sqrt(21))/(-sqrt(5) + 7*sqrt(21))"
    }
  ],
  "numeric": [
    {
      "N": 3,
      "tau": 1,
      "k": "0.05",
      "C": "4.0018791105549204853043885121127088",
      "minimum_real_area": "1.29659416491266",
      "errors": {
        "geometry_and_target": "1.1429874e-100",
        "periodL": "1.439853e-101",
        "anti2iKp": "1.439853e-101",
        "complex_proportion": "5.9595051e-101"
      },
      "residues": [
        {
          "eps": "1e-8",
          "q_germ_error": "3.3416667e-16",
          "outer_residue_error": "1.3304164e-7",
          "trace_residue_A": "(6.39262898961001439457617924533e-95 - 0.864942046425916743838156451644j)",
          "trace_residue_B": "(-1.95612659139760773699280469222e-95 - 3.46139350743250043992798018338j)",
          "residue_proportion_error": "2.7492788e-85",
          "z2_trace_norm": "3.4613935e-8"
        },
        {
          "eps": "1e-12",
          "q_germ_error": "3.3416667e-24",
          "outer_residue_error": "1.3304164e-11",
          "trace_residue_A": "(1.28392978801797211048575343983e-90 - 0.864942046425916808627682917058j)",
          "trace_residue_B": "(3.17665594560939320453156090349e-90 - 3.46139350743250069920783272807j)",
          "residue_proportion_error": "1.1134008e-77",
          "z2_trace_norm": "3.4613935e-12"
        },
        {
          "eps": "1e-16",
          "q_germ_error": "3.3416667e-32",
          "outer_residue_error": "1.3304164e-15",
          "trace_residue_A": "(2.0974479743853631706882467039e-87 - 0.864942046425916808627683564953j)",
          "trace_residue_B": "(2.97513383473205195096944545464e-86 - 3.46139350743250069920783532087j)",
          "residue_proportion_error": "2.566816e-69",
          "z2_trace_norm": "3.4613935e-16"
        }
      ]
    },
    {
      "N": 3,
      "tau": 1,
      "k": "0.6",
      "C": "4.3948663762703109827772289489020757",
      "minimum_real_area": "0.914880212166464",
      "errors": {
        "geometry_and_target": "1.1429874e-100",
        "periodL": "6.1685301e-101",
        "anti2iKp": "5.732351e-101",
        "complex_proportion": "6.1354789e-101"
      },
      "residues": [
        {
          "eps": "1e-8",
          "q_germ_error": "3.7777778e-17",
          "outer_residue_error": "7.5486596e-9",
          "trace_residue_A": "(5.43084392384567748803199715333e-97 - 0.689123753326146982991194903035j)",
          "trace_residue_B": "(9.49416438572832186788896260915e-97 - 3.02860681258227925619856987112j)",
          "residue_proportion_error": "3.9637701e-85",
          "z2_trace_norm": "3.0286068e-8"
        },
        {
          "eps": "1e-12",
          "q_germ_error": "3.7777778e-25",
          "outer_residue_error": "7.5486595e-13",
          "trace_residue_A": "(-5.44242228338270951861355211106e-93 - 0.689123753326147024618041612961j)",
          "trace_residue_B": "(2.58943519772271479777865243751e-92 - 3.02860681258227943914299882673j)",
          "residue_proportion_error": "1.451496e-77",
          "z2_trace_norm": "3.0286068e-12"
        },
        {
          "eps": "1e-16",
          "q_germ_error": "3.7777778e-33",
          "outer_residue_error": "7.5486595e-17",
          "trace_residue_A": "(7.2251190461826481435700479539e-87 - 0.68912375332614702461804202923j)",
          "trace_residue_B": "(-2.50544560786150968301880387562e-89 - 3.02860681258227943914300065618j)",
          "residue_proportion_error": "9.4967204e-69",
          "z2_trace_norm": "3.0286068e-16"
        }
      ]
    },
    {
      "N": 3,
      "tau": 1,
      "k": "0.95",
      "C": "8.1139124040706068231748394430508475",
      "minimum_real_area": "0.182784367924992",
      "errors": {
        "geometry_and_target": "4.2862027e-101",
        "periodL": "9.0361087e-101",
        "anti2iKp": "1.5667294e-100",
        "complex_proportion": "4.0233521e-100"
      },
      "residues": [
        {
          "eps": "1e-8",
          "q_germ_error": "3.3377193e-17",
          "outer_residue_error": "1.0179057e-9",
          "trace_residue_A": "(4.39960492935567839860070671542e-97 - 0.237419801243868317819789212063j)",
          "trace_residue_B": "(-7.02101276044711316505129761793e-98 - 1.92640347028460123082523326039j)",
          "residue_proportion_error": "1.5552566e-84",
          "z2_trace_norm": "1.9264035e-8"
        },
        {
          "eps": "1e-12",
          "q_germ_error": "3.3377193e-25",
          "outer_residue_error": "1.0179057e-13",
          "trace_residue_A": "(7.08578111774449161939105860994e-93 - 0.237419801243868324817297638214j)",
          "trace_residue_B": "(-8.55552191578564468814679377454e-93 - 1.92640347028460128760240367693j)",
          "residue_proportion_error": "4.4483246e-77",
          "z2_trace_norm": "1.9264035e-12"
        },
        {
          "eps": "1e-16",
          "q_germ_error": "3.3377193e-33",
          "outer_residue_error": "1.0179057e-17",
          "trace_residue_A": "(-3.27929639507621975637894664047e-89 - 0.237419801243868324817297708189j)",
          "trace_residue_B": "(4.68593539339398754371516902135e-90 - 1.9264034702846012876024042447j)",
          "residue_proportion_error": "4.2129562e-68",
          "z2_trace_norm": "1.9264035e-16"
        }
      ]
    },
    {
      "N": 4,
      "tau": 1,
      "k": "0.05",
      "C": "2.0000007832077133429641933258219656",
      "minimum_real_area": "1.99749814902331",
      "errors": {
        "geometry_and_target": "4.2862027e-101",
        "periodL": "2.8797059e-101",
        "anti2iKp": "3.7969133e-101",
        "complex_proportion": "8.7284005e-101"
      },
      "residues": [
        {
          "eps": "1e-8",
          "q_germ_error": "3.3416667e-16",
          "outer_residue_error": "1.9962492e-7",
          "trace_residue_A": "(-3.75838571671394204524066365713e-97 - 0.99937421752715649813203799549j)",
          "trace_residue_B": "(4.17607877483660841369479921618e-95 - 1.99874921777190867962240463089j)",
          "residue_proportion_error": "1.5875699e-85",
          "z2_trace_norm": "1.9987492e-8"
        },
        {
          "eps": "1e-12",
          "q_germ_error": "3.3416667e-24",
          "outer_residue_error": "1.9962492e-11",
          "trace_residue_A": "(-2.25767729267602938747382890794e-93 - 0.999374217527156631215291791499j)",
          "trace_residue_B": "(-1.16847763278676486058524303374e-90 - 1.99874921777190894578901645474j)",
          "residue_proportion_error": "6.4292288e-78",
          "z2_trace_norm": "1.9987492e-12"
        },
        {
          "eps": "1e-16",
          "q_germ_error": "3.3416667e-32",
          "outer_residue_error": "1.9962492e-15",
          "trace_residue_A": "(7.16332734620969422640717302228e-89 - 0.999374217527156631215293122331j)",
          "trace_residue_B": "(-1.57804989974082532119221109773e-86 - 1.9987492177719089457890191164j)",
          "residue_proportion_error": "1.4821838e-69",
          "z2_trace_norm": "1.9987492e-16"
        }
      ]
    },
    {
      "N": 4,
      "tau": 1,
      "k": "0.6",
      "C": "2.025",
      "minimum_real_area": "1.59273619250859",
      "errors": {
        "geometry_and_target": "5.714937e-101",
        "periodL": "5.7711679e-101",
        "anti2iKp": "2.9937438e-101",
        "complex_proportion": "5.859777e-101"
      },
      "residues": [
        {
          "eps": "1e-8",
          "q_germ_error": "3.7777778e-17",
          "outer_residue_error": "1.2e-8",
          "trace_residue_A": "(3.22812138999892976277567999747e-97 - 0.888888888888888793481481481481j)",
          "trace_residue_B": "(-1.98820736192938210893469887979e-96 - 1.7999999999999998068j)",
          "residue_proportion_error": "2.355798e-85",
          "z2_trace_norm": "1.8e-8"
        },
        {
          "eps": "1e-12",
          "q_germ_error": "3.7777778e-25",
          "outer_residue_error": "1.2e-12",
          "trace_residue_A": "(5.50688227596514395127606267882e-94 - 0.888888888888888888888887934815j)",
          "trace_residue_B": "(1.73057658713070844159368283879e-92 - 1.799999999999999999999998068j)",
          "residue_proportion_error": "8.6267154e-78",
          "z2_trace_norm": "1.8e-12"
        },
        {
          "eps": "1e-16",
          "q_germ_error": "3.7777778e-33",
          "outer_residue_error": "1.2e-16",
          "trace_residue_A": "(9.27870371146836544952628551923e-87 - 0.888888888888888888888888888889j)",
          "trace_residue_B": "(1.78753348176590644483274843405e-88 - 1.8j)",
          "residue_proportion_error": "5.6442113e-69",
          "z2_trace_norm": "1.8e-16"
        }
      ]
    },
    {
      "N": 4,
      "tau": 1,
      "k": "0.95",
      "C": "2.7574064880108312899787090257003652",
      "minimum_real_area": "0.555204109432483",
      "errors": {
        "geometry_and_target": "5.714937e-101",
        "periodL": "5.1513746e-101",
        "anti2iKp": "9.4248417e-101",
        "complex_proportion": "1.6615755e-100"
      },
      "residues": [
        {
          "eps": "1e-8",
          "q_germ_error": "3.3377193e-17",
          "outer_residue_error": "2.1565785e-9",
          "trace_residue_A": "(9.04339679648254990408721542638e-97 - 0.475900055224199223620271676966j)",
          "trace_residue_B": "(-1.40867018305059602707389881026e-96 - 1.31224989991991984531411691135j)",
          "residue_proportion_error": "1.0594277e-84",
          "z2_trace_norm": "1.3122499e-8"
        },
        {
          "eps": "1e-12",
          "q_germ_error": "3.3377193e-25",
          "outer_residue_error": "2.1565784e-13",
          "trace_residue_A": "(1.39592159171624801164081936901e-92 - 0.47590005522419924718525107969j)",
          "trace_residue_B": "(-1.57850398555615608159784832752e-92 - 1.31224989991991991029234400626j)",
          "residue_proportion_error": "3.0301614e-77",
          "z2_trace_norm": "1.3122499e-12"
        },
        {
          "eps": "1e-16",
          "q_germ_error": "3.3377193e-33",
          "outer_residue_error": "2.1565784e-17",
          "trace_residue_A": "(-6.16876464857445807664072714639e-89 - 0.47590005522419924718525131534j)",
          "trace_residue_B": "(-1.15667580446611809832969224268e-88 - 1.31224989991991991029234465605j)",
          "residue_proportion_error": "2.8698304e-68",
          "z2_trace_norm": "1.3122499e-16"
        }
      ]
    },
    {
      "N": 5,
      "tau": 1,
      "k": "0.05",
      "C": "1.5276603879931385959414087333575899",
      "minimum_real_area": "2.37558575787272",
      "errors": {
        "geometry_and_target": "5.714937e-101",
        "periodL": "2.8574685e-101",
        "anti2iKp": "3.0517777e-101",
        "complex_proportion": "1.0466886e-102"
      },
      "residues": [
        {
          "eps": "1e-8",
          "q_germ_error": "3.3416667e-16",
          "outer_residue_error": "2.8895578e-7",
          "trace_residue_A": "(-3.57596675892662763859381124262e-97 - 0.950829037346381587145051738081j)",
          "trace_residue_B": "(-6.32255804347706669689307258425e-95 - 1.45254385610771576359819066081j)",
          "residue_proportion_error": "1.1537192e-85",
          "z2_trace_norm": "1.4525439e-8"
        },
        {
          "eps": "1e-12",
          "q_germ_error": "3.3416667e-24",
          "outer_residue_error": "2.8895578e-11",
          "trace_residue_A": "(1.76287519876949960281304844555e-90 - 0.950829037346381784986704598372j)",
          "trace_residue_B": "(1.36429275710808207209783916538e-90 - 1.45254385610771606583304683057j)",
          "residue_proportion_error": "4.6722904e-78",
          "z2_trace_norm": "1.4525439e-12"
        },
        {
          "eps": "1e-16",
          "q_germ_error": "3.3416667e-32",
          "outer_residue_error": "2.8895578e-15",
          "trace_residue_A": "(5.96999552041502255368719302616e-87 - 0.950829037346381784986706576789j)",
          "trace_residue_B": "(4.82336011999310622195137393169e-102 - 1.45254385610771606583304985292j)",
          "residue_proportion_error": "1.0771421e-69",
          "z2_trace_norm": "1.4525439e-16"
        }
      ]
    },
    {
      "N": 5,
      "tau": 1,
      "k": "0.6",
      "C": "1.5070174799159792875964900248287351",
      "minimum_real_area": "2.0310276413944",
      "errors": {
        "geometry_and_target": "5.714937e-101",
        "periodL": "3.1189713e-101",
        "anti2iKp": "3.369663e-101",
        "complex_proportion": "6.3246837e-101"
      },
      "residues": [
        {
          "eps": "1e-8",
          "q_germ_error": "3.7777778e-17",
          "outer_residue_error": "1.7987131e-8",
          "trace_residue_A": "(4.78136453340465273183407925268e-97 - 0.905943585664604129727286041437j)",
          "trace_residue_B": "(-2.39312308119732575603972617088e-96 - 1.36527281941431781531427739147j)",
          "residue_proportion_error": "1.7868374e-85",
          "z2_trace_norm": "1.3652728e-8"
        },
        {
          "eps": "1e-12",
          "q_germ_error": "3.7777778e-25",
          "outer_residue_error": "1.7987131e-12",
          "trace_residue_A": "(1.34215252256680727145921236983e-92 - 0.905943585664604281659436553746j)",
          "trace_residue_B": "(-7.42677992299698615811630798693e-93 - 1.36527281941431804427868397474j)",
          "residue_proportion_error": "6.5432333e-78",
          "z2_trace_norm": "1.3652728e-12"
        },
        {
          "eps": "1e-16",
          "q_germ_error": "3.7777778e-33",
          "outer_residue_error": "1.7987131e-16",
          "trace_residue_A": "(9.37972330887538339545062266128e-87 - 0.905943585664604281659438073068j)",
          "trace_residue_B": "(7.42677990057429171745527059131e-89 - 1.36527281941431804427868626439j)",
          "residue_proportion_error": "4.281049e-69",
          "z2_trace_norm": "1.3652728e-16"
        }
      ]
    },
    {
      "N": 5,
      "tau": 1,
      "k": "0.95",
      "C": "1.7604170431731657782395800786405963",
      "minimum_real_area": "0.95336370970062",
      "errors": {
        "geometry_and_target": "1.1429874e-100",
        "periodL": "7.9473342e-101",
        "anti2iKp": "3.7291058e-101",
        "complex_proportion": "2.3734919e-100"
      },
      "residues": [
        {
          "eps": "1e-8",
          "q_germ_error": "3.3377193e-17",
          "outer_residue_error": "3.7880564e-9",
          "trace_residue_A": "(1.33009169058376726456845232176e-96 - 0.647771451074300496790960190136j)",
          "trace_residue_B": "(-1.30424396163393673638519679178e-96 - 1.14034790255221110130083644357j)",
          "residue_proportion_error": "9.2064492e-85",
          "z2_trace_norm": "1.1403479e-8"
        },
        {
          "eps": "1e-12",
          "q_germ_error": "3.3377193e-25",
          "outer_residue_error": "3.7880563e-13",
          "trace_residue_A": "(1.90005894135032895647560267229e-92 - 0.647771451074300546497181646389j)",
          "trace_residue_B": "(-3.4427158982118726934118399078e-93 - 1.1403479025522111888045158469j)",
          "residue_proportion_error": "2.6332166e-77",
          "z2_trace_norm": "1.1403479e-12"
        },
        {
          "eps": "1e-16",
          "q_germ_error": "3.3377193e-33",
          "outer_residue_error": "3.7880563e-17",
          "trace_residue_A": "(-7.30157489768819395802389058301e-89 - 0.647771451074300546497182143451j)",
          "trace_residue_B": "(1.1185636013749448201040832005e-88 - 1.14034790255221118880451672194j)",
          "residue_proportion_error": "2.4938886e-68",
          "z2_trace_norm": "1.1403479e-16"
        }
      ]
    },
    {
      "N": 5,
      "tau": 2,
      "k": "0.05",
      "C": "10.481733696343797906518864553853255",
      "minimum_real_area": "1.466139827689",
      "errors": {
        "geometry_and_target": "4.5719496e-100",
        "periodL": "2.3258108e-100",
        "anti2iKp": "8.5724054e-101",
        "complex_proportion": "3.5567027e-100"
      },
      "residues": [
        {
          "eps": "1e-8",
          "q_germ_error": "3.3416667e-16",
          "outer_residue_error": "1.1029408e-7",
          "trace_residue_A": "(-2.28121758291012912063036222838e-95 - 0.586822983071365816193321662756j)",
          "trace_residue_B": "(3.24918689007987296346562723393e-94 - 6.15092223544812116141317278414j)",
          "residue_proportion_error": "4.8855709e-85",
          "z2_trace_norm": "6.1509222e-8"
        },
        {
          "eps": "1e-12",
          "q_germ_error": "3.3416667e-24",
          "outer_residue_error": "1.1029407e-11",
          "trace_residue_A": "(1.306430761067314257576703661e-90 - 0.586822983071365938295218373081j)",
          "trace_residue_B": "(-9.86255336295870656330987774627e-91 - 6.15092223544812244125273792025j)",
          "residue_proportion_error": "1.9785217e-77",
          "z2_trace_norm": "6.1509222e-12"
        },
        {
          "eps": "1e-16",
          "q_germ_error": "3.3416667e-32",
          "outer_residue_error": "1.1029407e-15",
          "trace_residue_A": "(-8.04935806686565854612542710717e-87 - 0.5868229830713659382952195941j)",
          "trace_residue_B": "(-7.872249353086288202345478895e-86 - 6.15092223544812244125275071864j)",
          "residue_proportion_error": "4.5612513e-69",
          "z2_trace_norm": "6.1509222e-16"
        }
      ]
    },
    {
      "N": 5,
      "tau": 2,
      "k": "0.6",
      "C": "12.42110269803885611059702892045753",
      "minimum_real_area": "0.979915534160016",
      "errors": {
        "geometry_and_target": "2.2859748e-100",
        "periodL": "1.2207111e-100",
        "anti2iKp": "1.233706e-100",
        "complex_proportion": "2.1602297e-100"
      },
      "residues": [
        {
          "eps": "1e-8",
          "q_germ_error": "3.7777778e-17",
          "outer_residue_error": "6.0336216e-9",
          "trace_residue_A": "(2.09658501378759473127414810647e-97 - 0.43709311216261417058540684088j)",
          "trace_residue_B": "(5.23489383159463778099345662905e-97 - 5.42917843477724722729881925368j)",
          "residue_proportion_error": "7.1055822e-85",
          "z2_trace_norm": "5.4291784e-8"
        },
        {
          "eps": "1e-12",
          "q_germ_error": "3.7777778e-25",
          "outer_residue_error": "6.0336215e-13",
          "trace_residue_A": "(2.37612480873192603049063693333e-93 - 0.43709311216261424388853250545j)",
          "trace_residue_B": "(-3.18726724115718293790287806489e-92 - 5.42917843477724813780447122055j)",
          "residue_proportion_error": "2.6019987e-77",
          "z2_trace_norm": "5.4291784e-12"
        },
        {
          "eps": "1e-16",
          "q_germ_error": "3.7777778e-33",
          "outer_residue_error": "6.0336215e-17",
          "trace_residue_A": "(4.57381270028032271444729979217e-87 - 0.437093112162614243888533238482j)",
          "trace_residue_B": "(1.58473802961190824182097809728e-90 - 5.42917843477724813780448032561j)",
          "residue_proportion_error": "1.7024128e-68",
          "z2_trace_norm": "5.4291784e-16"
        }
      ]
    },
    {
      "N": 5,
      "tau": 2,
      "k": "0.95",
      "C": "29.683364481581149304428681108110494",
      "minimum_real_area": "0.170377051445369",
      "errors": {
        "geometry_and_target": "2.5717216e-100",
        "periodL": "2.4951771e-100",
        "anti2iKp": "1.7352836e-100",
        "complex_proportion": "4.8557263e-100"
      },
      "residues": [
        {
          "eps": "1e-8",
          "q_germ_error": "3.3377193e-17",
          "outer_residue_error": "6.6512959e-10",
          "trace_residue_A": "(2.34006748911253739441993849231e-97 - 0.115764202813200226893105603233j)",
          "trace_residue_B": "(-9.2334276921434090063985673313e-98 - 3.43627102602390417884258392741j)",
          "residue_proportion_error": "2.7742283e-84",
          "z2_trace_norm": "3.436271e-8"
        },
        {
          "eps": "1e-12",
          "q_germ_error": "3.3377193e-25",
          "outer_residue_error": "6.6512952e-14",
          "trace_residue_A": "(3.44022997781352352244011160685e-93 - 0.115764202813200235776178625665j)",
          "trace_residue_B": "(-7.07392130080382494162921296518e-93 - 3.43627102602390444252207816875j)",
          "residue_proportion_error": "7.9348118e-77",
          "z2_trace_norm": "3.436271e-12"
        },
        {
          "eps": "1e-16",
          "q_germ_error": "3.3377193e-33",
          "outer_residue_error": "6.6512952e-18",
          "trace_residue_A": "(-1.42512126292950617955414164516e-89 - 0.115764202813200235776178714496j)",
          "trace_residue_B": "(-1.13116596542185033931420918739e-88 - 3.43627102602390444252208080554j)",
          "residue_proportion_error": "7.5149674e-68",
          "z2_trace_norm": "3.436271e-16"
        }
      ]
    },
    {
      "N": 6,
      "tau": 1,
      "k": "0.05",
      "C": "1.3331250654509782365787095665998793",
      "minimum_real_area": "2.5964506984987",
      "errors": {
        "geometry_and_target": "5.714937e-101",
        "periodL": "2.934902e-101",
        "anti2iKp": "2.980731e-101",
        "complex_proportion": "2.9484128e-101"
      },
      "residues": [
        {
          "eps": "1e-8",
          "q_germ_error": "3.3416667e-16",
          "outer_residue_error": "3.993748e-7",
          "trace_residue_A": "(-1.32568203800178656979851853052e-94 - 0.866025255397951114914299185112j)",
          "trace_residue_B": "(-2.58870784757923048797654338576e-94 - 1.15451997528459372344894214262j)",
          "residue_proportion_error": "9.170265e-86",
          "z2_trace_norm": "1.15452e-8"
        },
        {
          "eps": "1e-12",
          "q_germ_error": "3.3416667e-24",
          "outer_residue_error": "3.9937479e-11",
          "trace_residue_A": "(-4.16473564686079208136722131045e-90 - 0.866025255397951374396961317304j)",
          "trace_residue_B": "(-2.98649545465718894390946995285e-90 - 1.15451997528459406937178308099j)",
          "residue_proportion_error": "3.713659e-78",
          "z2_trace_norm": "1.15452e-12"
        },
        {
          "eps": "1e-16",
          "q_germ_error": "3.3416667e-32",
          "outer_residue_error": "3.9937479e-15",
          "trace_residue_A": "(-1.93714624613165990992378801467e-86 - 0.866025255397951374396963912131j)",
          "trace_residue_B": "(5.95771947901727879250290979558e-86 - 1.15451997528459406937178654022j)",
          "residue_proportion_error": "8.5614084e-70",
          "z2_trace_norm": "1.15452e-16"
        }
      ]
    },
    {
      "N": 6,
      "tau": 1,
      "k": "0.6",
      "C": "1.3063429065849512718621501096287467",
      "minimum_real_area": "2.31817319461361",
      "errors": {
        "geometry_and_target": "8.5724054e-101",
        "periodL": "5.732351e-101",
        "anti2iKp": "4.1692671e-101",
        "complex_proportion": "3.0091077e-101"
      },
      "residues": [
        {
          "eps": "1e-8",
          "q_germ_error": "3.7777778e-17",
          "outer_residue_error": "2.5395591e-8",
          "trace_residue_A": "(9.07277131949246544056459292812e-98 - 0.861255620474652307205699179579j)",
          "trace_residue_B": "(1.52109960255118271708982896063e-96 - 1.12509517056348296492977092401j)",
          "residue_proportion_error": "1.4724984e-85",
          "z2_trace_norm": "1.1250952e-8"
        },
        {
          "eps": "1e-12",
          "q_germ_error": "3.7777778e-25",
          "outer_residue_error": "2.5395591e-12",
          "trace_residue_A": "(-5.11641951682867820341501771014e-93 - 0.861255620474652515195922704478j)",
          "trace_residue_B": "(8.4316088386299600414430434756e-93 - 1.12509517056348323663632406478j)",
          "residue_proportion_error": "5.3921532e-78",
          "z2_trace_norm": "1.1250952e-12"
        },
        {
          "eps": "1e-16",
          "q_germ_error": "3.7777778e-33",
          "outer_residue_error": "2.5395591e-16",
          "trace_residue_A": "(9.1454423235158223606393078999e-87 - 0.86125562047465251519592478438j)",
          "trace_residue_B": "(-8.43160882895288246788178863618e-89 - 1.12509517056348323663632678184j)",
          "residue_proportion_error": "3.5279305e-69",
          "z2_trace_norm": "1.1250952e-16"
        }
      ]
    },
    {
      "N": 6,
      "tau": 1,
      "k": "0.95",
      "C": "1.4084553378900306493713800525280513",
      "minimum_real_area": "1.35136854647203",
      "errors": {
        "geometry_and_target": "1.000114e-100",
        "periodL": "5.2006711e-101",
        "anti2iKp": "3.5720142e-100",
        "complex_proportion": "2.7342629e-100"
      },
      "residues": [
        {
          "eps": "1e-8",
          "q_germ_error": "3.3377193e-17",
          "outer_residue_error": "5.8640109e-9",
          "trace_residue_A": "(2.24754120402627623892447500767e-96 - 0.743263480070025369568485733117j)",
          "trace_residue_B": "(5.26413043543700644257260652556e-101 - 1.04685341596334764331488759321j)",
          "residue_proportion_error": "8.4516337e-85",
          "z2_trace_norm": "1.0468534e-8"
        },
        {
          "eps": "1e-12",
          "q_germ_error": "3.3377193e-25",
          "outer_residue_error": "5.8640108e-13",
          "trace_residue_A": "(2.6240247616332161411062651296e-92 - 0.743263480070025451600739356671j)",
          "trace_residue_B": "(-1.77057512724096685738940370406e-92 - 1.04685341596334775885365308845j)",
          "residue_proportion_error": "2.4173253e-77",
          "z2_trace_norm": "1.0468534e-12"
        },
        {
          "eps": "1e-16",
          "q_germ_error": "3.3377193e-33",
          "outer_residue_error": "5.8640108e-17",
          "trace_residue_A": "(7.96445179547982776246381142673e-89 - 0.743263480070025451600740176993j)",
          "trace_residue_B": "(2.30651206052663511421401419565e-89 - 1.04685341596334775885365424384j)",
          "residue_proportion_error": "2.2894205e-68",
          "z2_trace_norm": "1.0468534e-16"
        }
      ]
    },
    {
      "N": 7,
      "tau": 2,
      "k": "0.05",
      "C": "2.572855485282465032851777652245901",
      "minimum_real_area": "3.40703040857884",
      "errors": {
        "geometry_and_target": "1.1429874e-100",
        "periodL": "1.15332e-100",
        "anti2iKp": "6.451628e-101",
        "complex_proportion": "1.2267246e-100"
      },
      "residues": [
        {
          "eps": "1e-8",
          "q_germ_error": "3.3416667e-16",
          "outer_residue_error": "1.6326683e-7",
          "trace_residue_A": "(-4.48632803297394361966495916852e-95 - 0.974046514929664276084468761432j)",
          "trace_residue_B": "(-1.81003244278840036263369518472e-94 - 2.50608091885705520277124692732j)",
          "residue_proportion_error": "1.9905244e-85",
          "z2_trace_norm": "2.5060809e-8"
        },
        {
          "eps": "1e-12",
          "q_germ_error": "3.3416667e-24",
          "outer_residue_error": "1.6326683e-11",
          "trace_residue_A": "(-4.3004415353616860322131802883e-91 - 0.974046514929664673322722136657j)",
          "trace_residue_B": "(2.17770552138037348891062625357e-90 - 2.50608091885705622480786608779j)",
          "residue_proportion_error": "8.0611251e-78",
          "z2_trace_norm": "2.5060809e-12"
        },
        {
          "eps": "1e-16",
          "q_germ_error": "3.3416667e-32",
          "outer_residue_error": "1.6326683e-15",
          "trace_residue_A": "(-6.87410233163298550351584180208e-87 - 0.974046514929664673322726109039j)",
          "trace_residue_B": "(-1.83865798846304910434308531317e-86 - 2.50608091885705622480787630816j)",
          "residue_proportion_error": "1.8583985e-69",
          "z2_trace_norm": "2.5060809e-16"
        }
      ]
    },
    {
      "N": 7,
      "tau": 2,
      "k": "0.6",
      "C": "2.6846319310126690915422504117374267",
      "minimum_real_area": "2.59000265408672",
      "errors": {
        "geometry_and_target": "2.2859748e-100",
        "periodL": "6.4505079e-101",
        "anti2iKp": "5.7234765e-101",
        "complex_proportion": "2.8951402e-101"
      },
      "residues": [
        {
          "eps": "1e-8",
          "q_germ_error": "3.7777778e-17",
          "outer_residue_error": "9.5672317e-9",
          "trace_residue_A": "(-6.8138814148093492702624319229e-98 - 0.824789831529613895247082884154j)",
          "trace_residue_B": "(-9.05095431952356230284366577623e-98 - 2.21425711809896137316037381878j)",
          "residue_proportion_error": "2.8979681e-85",
          "z2_trace_norm": "2.2142571e-8"
        },
        {
          "eps": "1e-12",
          "q_germ_error": "3.7777778e-25",
          "outer_residue_error": "9.5672316e-13",
          "trace_residue_A": "(2.46914870469885576553720168658e-93 - 0.824789831529614166358448855827j)",
          "trace_residue_B": "(1.57744752732613597814583535707e-92 - 2.2142571180989621009946037668j)",
          "residue_proportion_error": "1.0612092e-77",
          "z2_trace_norm": "2.2142571e-12"
        },
        {
          "eps": "1e-16",
          "q_germ_error": "3.7777778e-33",
          "outer_residue_error": "9.5672316e-17",
          "trace_residue_A": "(8.58700138666253925745938470125e-87 - 0.824789831529614166358451566941j)",
          "trace_residue_B": "(1.9937513181569635289036129066e-88 - 2.21425711809896210099461104514j)",
          "residue_proportion_error": "6.9431861e-69",
          "z2_trace_norm": "2.2142571e-16"
        }
      ]
    },
    {
      "N": 7,
      "tau": 2,
      "k": "0.95",
      "C": "4.1431566322583919590151799721488206",
      "minimum_real_area": "0.764746622557404",
      "errors": {
        "geometry_and_target": "1.4287342e-100",
        "periodL": "1.7178264e-100",
        "anti2iKp": "2.8574685e-101",
        "complex_proportion": "2.6306393e-100"
      },
      "residues": [
        {
          "eps": "1e-8",
          "q_germ_error": "3.3377193e-17",
          "outer_residue_error": "1.520925e-9",
          "trace_residue_A": "(6.87141244784059149259888064682e-97 - 0.361734368314601230075632267091j)",
          "trace_residue_B": "(5.73622861736495529127702837037e-97 - 1.49872214719844000089514214677j)",
          "residue_proportion_error": "1.2099737e-84",
          "z2_trace_norm": "1.4987221e-8"
        },
        {
          "eps": "1e-12",
          "q_germ_error": "3.3377193e-25",
          "outer_residue_error": "1.520925e-13",
          "trace_residue_A": "(1.12497644957766424063907753849e-92 - 0.361734368314601284407292985897j)",
          "trace_residue_B": "(-7.20089600483158734405759579424e-93 - 1.49872214719844022599972259551j)",
          "residue_proportion_error": "3.4607509e-77",
          "z2_trace_norm": "1.4987221e-12"
        },
        {
          "eps": "1e-16",
          "q_germ_error": "3.3377193e-33",
          "outer_residue_error": "1.520925e-17",
          "trace_residue_A": "(-4.96272748312540112927777184878e-89 - 0.361734368314601284407293529214j)",
          "trace_residue_B": "(8.10387425487247363152455970713e-89 - 1.49872214719844022599972484655j)",
          "residue_proportion_error": "3.2776367e-68",
          "z2_trace_norm": "1.4987221e-16"
        }
      ]
    },
    {
      "N": 7,
      "tau": 3,
      "k": "0.05",
      "C": "20.217330680921213959622587813157415",
      "minimum_real_area": "1.51498433773184",
      "errors": {
        "geometry_and_target": "9.1438991e-100",
        "periodL": "2.3097276e-100",
        "anti2iKp": "4.3754986e-101",
        "complex_proportion": "4.9414426e-100"
      },
      "residues": [
        {
          "eps": "1e-8",
          "q_germ_error": "3.3416667e-16",
          "outer_residue_error": "1.0495299e-7",
          "trace_residue_A": "(6.42691243447189936920471212568e-95 - 0.433123581939576756605516070144j)",
          "trace_residue_B": "(3.42889565324496628496593721647e-94 - 8.7566026817774985574600685686j)",
          "residue_proportion_error": "6.9552257e-85",
          "z2_trace_norm": "8.7566027e-8"
        },
        {
          "eps": "1e-12",
          "q_germ_error": "3.3416667e-24",
          "outer_residue_error": "1.0495299e-11",
          "trace_residue_A": "(1.80967278221726863585251743366e-91 - 0.433123581939576933243133009539j)",
          "trace_residue_B": "(1.59258651544724826703941813936e-89 - 8.75660268177750212860118092224j)",
          "residue_proportion_error": "2.8166716e-77",
          "z2_trace_norm": "8.7566027e-12"
        },
        {
          "eps": "1e-16",
          "q_germ_error": "3.3416667e-32",
          "outer_residue_error": "1.0495299e-15",
          "trace_residue_A": "(-7.07237308882832855117679882758e-87 - 0.433123581939576933243134775915j)",
          "trace_residue_B": "(-1.80794635294288329195448554984e-86 - 8.75660268177750212860121663365j)",
          "residue_proportion_error": "6.4935084e-69",
          "z2_trace_norm": "8.7566027e-16"
        }
      ]
    },
    {
      "N": 7,
      "tau": 3,
      "k": "0.6",
      "C": "24.611932324808311747110569262345268",
      "minimum_real_area": "0.993060142029393",
      "errors": {
        "geometry_and_target": "6.8579243e-100",
        "periodL": "2.4951771e-100",
        "anti2iKp": "8.929589e-102",
        "complex_proportion": "6.2059906e-100"
      },
      "residues": [
        {
          "eps": "1e-8",
          "q_germ_error": "3.7777778e-17",
          "outer_residue_error": "5.6786944e-9",
          "trace_residue_A": "(5.12893450363231971260309132632e-97 - 0.316241338961876166935892394901j)",
          "trace_residue_B": "(-5.42213315872282726579425964002e-97 - 7.7833104328364622258995699323j)",
          "residue_proportion_error": "1.0186615e-84",
          "z2_trace_norm": "7.7833104e-8"
        },
        {
          "eps": "1e-12",
          "q_germ_error": "3.7777778e-25",
          "outer_residue_error": "5.6786943e-13",
          "trace_residue_A": "(-1.1114641039137424966219503866e-93 - 0.316241338961876270885550968725j)",
          "trace_residue_B": "(1.11647681156751993788353014379e-92 - 7.78331043283646478430153193819j)",
          "residue_proportion_error": "3.7302446e-77",
          "z2_trace_norm": "7.7833104e-12"
        },
        {
          "eps": "1e-16",
          "q_germ_error": "3.7777778e-33",
          "outer_residue_error": "5.6786943e-17",
          "trace_residue_A": "(3.31202121763251765947163000233e-87 - 0.316241338961876270885552008221j)",
          "trace_residue_B": "(1.87305108686408727614436626469e-89 - 7.78331043283646478430155752221j)",
          "residue_proportion_error": "2.4405916e-68",
          "z2_trace_norm": "7.7833104e-16"
        }
      ]
    },
    {
      "N": 7,
      "tau": 3,
      "k": "0.95",
      "C": "64.973228268971366799942803402573507",
      "minimum_real_area": "0.163829447733002",
      "errors": {
        "geometry_and_target": "1.7960249e-99",
        "periodL": "6.4657131e-100",
        "anti2iKp": "7.8580383e-101",
        "complex_proportion": "3.1820705e-99"
      },
      "residues": [
        {
          "eps": "1e-8",
          "q_germ_error": "3.3377193e-17",
          "outer_residue_error": "5.8702698e-10",
          "trace_residue_A": "(1.59841984829620043245211335762e-97 - 0.0774933030614059156097965942224j)",
          "trace_residue_B": "(7.22400917864292876746091723305e-97 - 5.03499006912530419773261424795j)",
          "residue_proportion_error": "4.0649331e-84",
          "z2_trace_norm": "5.0349901e-8"
        },
        {
          "eps": "1e-12",
          "q_germ_error": "3.3377193e-25",
          "outer_residue_error": "5.8702688e-14",
          "trace_residue_A": "(2.27055703191496827476182170303e-93 - 0.0774933030614059272491104629289j)",
          "trace_residue_B": "(-3.94983337921014322342675631946e-93 - 5.03499006912530495397641113362j)",
          "residue_proportion_error": "1.1626469e-76",
          "z2_trace_norm": "5.0349901e-12"
        },
        {
          "eps": "1e-16",
          "q_germ_error": "3.3377193e-33",
          "outer_residue_error": "5.8702688e-18",
          "trace_residue_A": "(-1.25623915140322375406153793521e-89 - 0.0774933030614059272491105793221j)",
          "trace_residue_B": "(3.41387122926695717300722429316e-89 - 5.03499006912530495397641869606j)",
          "residue_proportion_error": "1.1011293e-67",
          "z2_trace_norm": "5.0349901e-16"
        }
      ]
    },
    {
      "N": 8,
      "tau": 3,
      "k": "0.05",
      "C": "6.8335889852065866441457761149520824",
      "minimum_real_area": "2.82239034681236",
      "errors": {
        "geometry_and_target": "4.5719496e-100",
        "periodL": "2.2877182e-100",
        "anti2iKp": "2.8797059e-101",
        "complex_proportion": "2.3042212e-100"
      },
      "residues": [
        {
          "eps": "1e-8",
          "q_germ_error": "3.3416667e-16",
          "outer_residue_error": "1.1688583e-7",
          "trace_residue_A": "(-2.65644413717784543982810220276e-97 - 0.706039206427628913491399737648j)",
          "trace_residue_B": "(-1.38575266143373383396399656859e-94 - 4.82478174416784441319357787806j)",
          "residue_proportion_error": "3.8321986e-85",
          "z2_trace_norm": "4.8247817e-8"
        },
        {
          "eps": "1e-12",
          "q_germ_error": "3.3416667e-24",
          "outer_residue_error": "1.1688583e-11",
          "trace_residue_A": "(-1.5657369587846042555264407782e-92 - 0.706039206427629289574725687113j)",
          "trace_residue_B": "(1.01644328915090025896467117709e-90 - 4.82478174416784698319245160618j)",
          "residue_proportion_error": "1.5519519e-77",
          "z2_trace_norm": "4.8247817e-12"
        },
        {
          "eps": "1e-16",
          "q_germ_error": "3.3416667e-32",
          "outer_residue_error": "1.1688583e-15",
          "trace_residue_A": "(3.96116443020137728956485561029e-87 - 0.706039206427629289574729447947j)",
          "trace_residue_B": "(3.75724500365004817140443871124e-86 - 4.82478174416784698319247730617j)",
          "residue_proportion_error": "3.5778443e-69",
          "z2_trace_norm": "4.8247817e-16"
        }
      ]
    },
    {
      "N": 8,
      "tau": 3,
      "k": "0.6",
      "C": "7.8785698103433793399211685911388744",
      "minimum_real_area": "1.92961611394312",
      "errors": {
        "geometry_and_target": "4.5719496e-100",
        "periodL": "3.4556471e-100",
        "anti2iKp": "1.1518824e-100",
        "complex_proportion": "3.3409805e-100"
      },
      "residues": [
        {
          "eps": "1e-8",
          "q_germ_error": "3.7777778e-17",
          "outer_residue_error": "6.4721361e-9",
          "trace_residue_A": "(3.74492598845344064582416494569e-97 - 0.537669663336417555162616994842j)",
          "trace_residue_B": "(1.24567520910899385026129091284e-96 - 4.23606797749978787775029989715j)",
          "residue_proportion_error": "5.5440671e-85",
          "z2_trace_norm": "4.236068e-8"
        },
        {
          "eps": "1e-12",
          "q_germ_error": "3.7777778e-25",
          "outer_residue_error": "6.472136e-13",
          "trace_residue_A": "(-5.62976726847463674547697475791e-93 - 0.53766966333641778599878388358j)",
          "trace_residue_B": "(-2.96299211098533565342129722161e-92 - 4.23606797749978969640915548214j)",
          "residue_proportion_error": "2.0301863e-77",
          "z2_trace_norm": "4.236068e-12"
        },
        {
          "eps": "1e-16",
          "q_germ_error": "3.7777778e-33",
          "outer_residue_error": "6.472136e-17",
          "trace_residue_A": "(5.61844218315762121699464196557e-87 - 0.537669663336417785998786191941j)",
          "trace_residue_B": "(1.70061670647857957216034987864e-90 - 4.23606797749978969640917366873j)",
          "residue_proportion_error": "1.3282924e-68",
          "z2_trace_norm": "4.236068e-16"
        }
      ]
    },
    {
      "N": 8,
      "tau": 3,
      "k": "0.95",
      "C": "17.113443593597035994644879375778202",
      "minimum_real_area": "0.376945712771087",
      "errors": {
        "geometry_and_target": "3.4289622e-100",
        "periodL": "6.0721205e-100",
        "anti2iKp": "5.7594118e-101",
        "complex_proportion": "9.1891502e-100"
      },
      "residues": [
        {
          "eps": "1e-8",
          "q_germ_error": "3.3377193e-17",
          "outer_residue_error": "7.642952e-10",
          "trace_residue_A": "(3.02160766943084486985192951069e-97 - 0.155240235735871728623354682268j)",
          "trace_residue_B": "(8.25886930466614956416548499647e-97 - 2.65669501772254768303065562269j)",
          "residue_proportion_error": "2.1448479e-84",
          "z2_trace_norm": "2.656695e-8"
        },
        {
          "eps": "1e-12",
          "q_germ_error": "3.3377193e-25",
          "outer_residue_error": "7.6429514e-14",
          "trace_residue_A": "(4.54858361312874198276031618676e-93 - 0.155240235735871759077131780722j)",
          "trace_residue_B": "(7.5505081267645706370233059176e-94 - 2.65669501772254820419965220907j)",
          "residue_proportion_error": "6.134666e-77",
          "z2_trace_norm": "2.656695e-12"
        },
        {
          "eps": "1e-16",
          "q_germ_error": "3.3377193e-33",
          "outer_residue_error": "7.6429514e-18",
          "trace_residue_A": "(-1.4872248941641586331290012958e-89 - 0.15524023573587175907713208526j)",
          "trace_residue_B": "(4.41903545302649419737622082834e-89 - 2.65669501772254820419965742076j)",
          "residue_proportion_error": "5.8100704e-68",
          "z2_trace_norm": "2.656695e-16"
        }
      ]
    },
    {
      "N": 9,
      "tau": 4,
      "k": "0.05",
      "C": "33.201292817279758298661573909490725",
      "minimum_real_area": "1.53535878315398",
      "errors": {
        "geometry_and_target": "9.1438991e-100",
        "periodL": "5.714937e-101",
        "anti2iKp": "2.4288482e-100",
        "complex_proportion": "9.1674031e-100"
      },
      "residues": [
        {
          "eps": "1e-8",
          "q_germ_error": "3.3416667e-16",
          "outer_residue_error": "1.0285523e-7",
          "trace_residue_A": "(-2.05831899711304790671752988881e-95 - 0.341404385372698205162423156879j)",
          "trace_residue_B": "(2.39267678457371321378193378271e-94 - 11.3350669678623754969754186563j)",
          "residue_proportion_error": "9.0030872e-85",
          "z2_trace_norm": "1.1335067e-7"
        },
        {
          "eps": "1e-12",
          "q_germ_error": "3.3416667e-24",
          "outer_residue_error": "1.0285523e-11",
          "trace_residue_A": "(1.179255680979285024126212536e-91 - 0.34140438537269843532218583454j)",
          "trace_residue_B": "(3.31287713831515859715755167451e-90 - 11.3350669678623831385770940729j)",
          "residue_proportion_error": "3.6460672e-77",
          "z2_trace_norm": "1.1335067e-11"
        },
        {
          "eps": "1e-16",
          "q_germ_error": "3.3416667e-32",
          "outer_residue_error": "1.0285523e-15",
          "trace_residue_A": "(1.60026413066299302340159837733e-87 - 0.341404385372698435322188136138j)",
          "trace_residue_B": "(-6.61609952650977269512569071951e-86 - 11.335066967862383138577170489j)",
          "residue_proportion_error": "8.4055833e-69",
          "z2_trace_norm": "1.1335067e-15"
        }
      ]
    },
    {
      "N": 9,
      "tau": 4,
      "k": "0.6",
      "C": "40.905237340405993148791283553778233",
      "minimum_real_area": "0.998025327578882",
      "errors": {
        "geometry_and_target": "1.8287798e-99",
        "periodL": "4.9348241e-100",
        "anti2iKp": "1.7144811e-100",
        "complex_proportion": "1.8388821e-99"
      },
      "residues": [
        {
          "eps": "1e-8",
          "q_germ_error": "3.7777778e-17",
          "outer_residue_error": "5.539401e-9",
          "trace_residue_A": "(1.88253930005282542554366165335e-97 - 0.247191998933987036750112430767j)",
          "trace_residue_B": "(2.1968149987904162413422329077e-96 - 10.1114473850441249887498722568j)",
          "residue_proportion_error": "1.3233626e-84",
          "z2_trace_norm": "1.0111447e-7"
        },
        {
          "eps": "1e-12",
          "q_germ_error": "3.7777778e-25",
          "outer_residue_error": "5.5394008e-13",
          "trace_residue_A": "(2.58895644053732846526882785036e-93 - 0.247191998933987171066120306037j)",
          "trace_residue_B": "(2.00913935747954034391904732023e-92 - 10.1114473850441304829780530106j)",
          "residue_proportion_error": "4.8460321e-77",
          "z2_trace_norm": "1.0111447e-11"
        },
        {
          "eps": "1e-16",
          "q_germ_error": "3.7777778e-33",
          "outer_residue_error": "5.5394008e-17",
          "trace_residue_A": "(2.59904881603642560721548630377e-87 - 0.247191998933987171066121649197j)",
          "trace_residue_B": "(-1.30378421739110082898818466706e-88 - 10.1114473850441304829781079529j)",
          "residue_proportion_error": "3.1706192e-68",
          "z2_trace_norm": "1.0111447e-15"
        }
      ]
    },
    {
      "N": 9,
      "tau": 4,
      "k": "0.95",
      "C": "113.17603730764247387428044617387725",
      "minimum_real_area": "0.159905046865781",
      "errors": {
        "geometry_and_target": "2.6631001e-99",
        "periodL": "7.7323435e-100",
        "anti2iKp": "2.2859748e-100",
        "complex_proportion": "2.6865927e-99"
      },
      "residues": [
        {
          "eps": "1e-8",
          "q_germ_error": "3.3377193e-17",
          "outer_residue_error": "5.5696528e-10",
          "trace_residue_A": "(8.95654240675013350185389602029e-98 - 0.0586233884551711566086293989944j)",
          "trace_residue_B": "(8.42741694742686610942739185957e-97 - 6.63476279890286791291282185204j)",
          "residue_proportion_error": "5.3564887e-84",
          "z2_trace_norm": "6.6347628e-8"
        },
        {
          "eps": "1e-12",
          "q_germ_error": "3.3377193e-25",
          "outer_residue_error": "5.5696516e-14",
          "trace_residue_A": "(1.67413729986414799961222618803e-93 - 0.0586233884551711711636017334884j)",
          "trace_residue_B": "(6.4663764678673615267272224828e-93 - 6.63476279890286956018691379243j)",
          "residue_proportion_error": "1.5320559e-76",
          "z2_trace_norm": "6.6347628e-12"
        },
        {
          "eps": "1e-16",
          "q_germ_error": "3.3377193e-33",
          "outer_residue_error": "5.5696516e-18",
          "trace_residue_A": "(-7.50255064700126446835786757569e-90 - 0.0586233884551711711636018790381j)",
          "trace_residue_B": "(4.01644935645399257177391331616e-89 - 6.63476279890286956018693026517j)",
          "residue_proportion_error": "1.4509922e-67",
          "z2_trace_norm": "6.6347628e-16"
        }
      ]
    },
    {
      "N": 10,
      "tau": 3,
      "k": "0.05",
      "C": "2.8951610538915215036150136641547444",
      "minimum_real_area": "4.74749786490747",
      "errors": {
        "geometry_and_target": "1.1429874e-100",
        "periodL": "1.1542336e-100",
        "anti2iKp": "1.1518824e-100",
        "complex_proportion": "1.1486689e-100"
      },
      "residues": [
        {
          "eps": "1e-8",
          "q_germ_error": "3.3416667e-16",
          "outer_residue_error": "1.5247038e-7",
          "trace_residue_A": "(4.0142030732499890735583670673e-95 - 0.950093846187314955508567324836j)",
          "trace_residue_B": "(2.36246359402631281423572700529e-94 - 2.750674701023515896161118473j)",
          "residue_proportion_error": "2.1847889e-85",
          "z2_trace_norm": "2.7506747e-8"
        },
        {
          "eps": "1e-12",
          "q_germ_error": "3.3416667e-24",
          "outer_residue_error": "1.5247038e-11",
          "trace_residue_A": "(8.07366363515968247100280557868e-91 - 0.950093846187315746263285656453j)",
          "trace_residue_B": "(1.63398648004403424378919116051e-90 - 2.75067470102351818552338216765j)",
          "residue_proportion_error": "8.8478919e-78",
          "z2_trace_norm": "2.7506747e-12"
        },
        {
          "eps": "1e-16",
          "q_germ_error": "3.3416667e-32",
          "outer_residue_error": "1.5247038e-15",
          "trace_residue_A": "(-8.49219225791785666576408738195e-87 - 0.950093846187315746263293564j)",
          "trace_residue_B": "(5.80183893277208674188468297326e-86 - 2.75067470102351818552340506128j)",
          "residue_proportion_error": "2.0397784e-69",
          "z2_trace_norm": "2.7506747e-16"
        }
      ]
    },
    {
      "N": 10,
      "tau": 3,
      "k": "0.6",
      "C": "3.0644269304628801194208790806132543",
      "minimum_real_area": "3.54101899585208",
      "errors": {
        "geometry_and_target": "1.1429874e-100",
        "periodL": "4.3085267e-101",
        "anti2iKp": "1.15332e-100",
        "complex_proportion": "2.2902575e-100"
      },
      "residues": [
        {
          "eps": "1e-8",
          "q_germ_error": "3.7777778e-17",
          "outer_residue_error": "8.8456738e-9",
          "trace_residue_A": "(4.5680046224626248795770358826e-97 - 0.789338852791056653699192055194j)",
          "trace_residue_B": "(-1.54017892513713413365539924757e-96 - 2.41887123775358893519495224983j)",
          "residue_proportion_error": "3.1657622e-85",
          "z2_trace_norm": "2.4188712e-8"
        },
        {
          "eps": "1e-12",
          "q_germ_error": "3.7777778e-25",
          "outer_residue_error": "8.8456737e-13",
          "trace_residue_A": "(2.32953233404066736938453123909e-93 - 0.789338852791057183206339919905j)",
          "trace_residue_B": "(5.71382379233586266204150387727e-93 - 2.41887123775359055783091603905j)",
          "residue_proportion_error": "1.159273e-77",
          "z2_trace_norm": "2.4188712e-12"
        },
        {
          "eps": "1e-16",
          "q_germ_error": "3.7777778e-33",
          "outer_residue_error": "8.8456737e-17",
          "trace_residue_A": "(8.23327548715389280005772351048e-87 - 0.789338852791057183206345214977j)",
          "trace_residue_B": "(1.0358326929960011450581574208e-88 - 2.41887123775359055783093226541j)",
          "residue_proportion_error": "7.5847891e-69",
          "z2_trace_norm": "2.4188712e-16"
        }
      ]
    },
    {
      "N": 10,
      "tau": 3,
      "k": "0.95",
      "C": "4.9844793141371782862659394294875539",
      "minimum_real_area": "0.972768677300056",
      "errors": {
        "geometry_and_target": "1.7144811e-100",
        "periodL": "5.8908222e-101",
        "anti2iKp": "6.2026907e-101",
        "complex_proportion": "7.2646203e-100"
      },
      "residues": [
        {
          "eps": "1e-8",
          "q_germ_error": "3.3377193e-17",
          "outer_residue_error": "1.3378647e-9",
          "trace_residue_A": "(5.82883978024679591586234691201e-97 - 0.320857055688775604926527451018j)",
          "trace_residue_B": "(-1.72174999131360514703120579644e-96 - 1.59930535687566264577983389871j)",
          "residue_proportion_error": "1.2911782e-84",
          "z2_trace_norm": "1.5993054e-8"
        },
        {
          "eps": "1e-12",
          "q_germ_error": "3.3377193e-25",
          "outer_residue_error": "1.3378647e-13",
          "trace_residue_A": "(9.1100340756233635573445499893e-93 - 0.320857055688775703274822824037j)",
          "trace_residue_B": "(-6.59623497593861214588602340179e-93 - 1.59930535687566313599487776618j)",
          "residue_proportion_error": "3.6930111e-77",
          "z2_trace_norm": "1.5993054e-12"
        },
        {
          "eps": "1e-16",
          "q_germ_error": "3.3377193e-33",
          "outer_residue_error": "1.3378647e-17",
          "trace_residue_A": "(-3.54718340559932108911909692715e-89 - 0.32085705568877570327482380752j)",
          "trace_residue_B": "(-1.23294702864430288538387237914e-89 - 1.59930535687566313599488266833j)",
          "residue_proportion_error": "3.4976076e-68",
          "z2_trace_norm": "1.5993054e-16"
        }
      ]
    },
    {
      "N": 11,
      "tau": 5,
      "k": "0.05",
      "C": "49.432285158649615560087484764377143",
      "minimum_real_area": "1.54573359031431",
      "errors": {
        "geometry_and_target": "1.8287798e-99",
        "periodL": "1.000114e-100",
        "anti2iKp": "3.0717786e-100",
        "complex_proportion": "9.2881345e-100"
      },
      "residues": [
        {
          "eps": "1e-8",
          "q_germ_error": "3.3416667e-16",
          "outer_residue_error": "1.0181464e-7",
          "trace_residue_A": "(-3.18905472324814931226542665085e-95 - 0.281218369950235063944616040844j)",
          "trace_residue_B": "(2.4131771058364193048866071754e-94 - 13.9012666552306417789427358959j)",
          "residue_proportion_error": "1.104134e-84",
          "z2_trace_norm": "1.3901267e-7"
        },
        {
          "eps": "1e-12",
          "q_germ_error": "3.3416667e-24",
          "outer_residue_error": "1.0181463e-11",
          "trace_residue_A": "(3.06892358106710025209924025943e-91 - 0.28121836995023534715185089726j)",
          "trace_residue_B": "(-1.1636076267565936035181743036e-89 - 13.9012666552306557785235283109j)",
          "residue_proportion_error": "4.4715176e-77",
          "z2_trace_norm": "1.3901267e-11"
        },
        {
          "eps": "1e-16",
          "q_germ_error": "3.3416667e-32",
          "outer_residue_error": "1.0181463e-15",
          "trace_residue_A": "(1.68955372119377967536909525487e-87 - 0.281218369950235347151853729332j)",
          "trace_residue_B": "(9.10782285635292640936044757606e-87 - 13.9012666552306557785236683067j)",
          "residue_proportion_error": "1.0308563e-68",
          "z2_trace_norm": "1.3901267e-15"
        }
      ]
    },
    {
      "N": 11,
      "tau": 5,
      "k": "0.6",
      "C": "61.285820285553480814611260139745176",
      "minimum_real_area": "1.00047386559144",
      "errors": {
        "geometry_and_target": "9.1438991e-100",
        "periodL": "4.6516217e-100",
        "anti2iKp": "4.7126577e-100",
        "complex_proportion": "1.5148108e-99"
      },
      "residues": [
        {
          "eps": "1e-8",
          "q_germ_error": "3.7777778e-17",
          "outer_residue_error": "5.4703287e-9",
          "trace_residue_A": "(-6.47492811968706164320654794252e-98 - 0.202744118828523487601138052374j)",
          "trace_residue_B": "(-3.80767668733444132566313258491e-96 - 12.425339630477790173071625744j)",
          "residue_proportion_error": "1.6261993e-84",
          "z2_trace_norm": "1.242534e-7"
        },
        {
          "eps": "1e-12",
          "q_germ_error": "3.7777778e-25",
          "outer_residue_error": "5.4703285e-13",
          "trace_residue_A": "(1.67235537167433500866446178405e-93 - 0.202744118828523652167846343039j)",
          "trace_residue_B": "(6.05726479707599119805862954397e-92 - 12.4253396304778002586773350308j)",
          "residue_proportion_error": "5.9549927e-77",
          "z2_trace_norm": "1.242534e-11"
        },
        {
          "eps": "1e-16",
          "q_germ_error": "3.7777778e-33",
          "outer_residue_error": "5.4703285e-17",
          "trace_residue_A": "(2.10915922765539451363137763639e-87 - 0.202744118828523652167847988706j)",
          "trace_residue_B": "(-1.65487574788604540269216663197e-88 - 12.4253396304778002586774358869j)",
          "residue_proportion_error": "3.8961801e-68",
          "z2_trace_norm": "1.242534e-15"
        }
      ]
    },
    {
      "N": 11,
      "tau": 5,
      "k": "0.95",
      "C": "173.92558100329099097502253043801029",
      "minimum_real_area": "0.157711335229411",
      "errors": {
        "geometry_and_target": "3.1435889e-99",
        "periodL": "1.1430097e-99",
        "anti2iKp": "2.4172646e-100",
        "complex_proportion": "3.3749896e-99"
      },
      "residues": [
        {
          "eps": "1e-8",
          "q_germ_error": "3.3377193e-17",
          "outer_residue_error": "5.4219061e-10",
          "trace_residue_A": "(9.3006570763142595980246936267e-98 - 0.0472844867670699010191301372311j)",
          "trace_residue_B": "(2.14924332539080584647096392273e-97 - 8.22398183340505702157370054418j)",
          "residue_proportion_error": "6.6395242e-84",
          "z2_trace_norm": "8.2239818e-8"
        },
        {
          "eps": "1e-12",
          "q_germ_error": "3.3377193e-25",
          "outer_residue_error": "5.4219047e-14",
          "trace_residue_A": "(1.37274389511059445032220422294e-93 - 0.0472844867670699185562901145447j)",
          "trace_residue_B": "(1.43584470675753805589145550074e-92 - 8.22398183340506007173443874611j)",
          "residue_proportion_error": "1.899028e-76",
          "z2_trace_norm": "8.2239818e-12"
        },
        {
          "eps": "1e-16",
          "q_germ_error": "3.3377193e-33",
          "outer_residue_error": "5.4219047e-18",
          "trace_residue_A": "(-5.52428333444212249176737118037e-90 - 0.0472844867670699185562902899163j)",
          "trace_residue_B": "(1.18759401981644968280047959017e-89 - 8.22398183340506007173446924772j)",
          "residue_proportion_error": "1.7985472e-67",
          "z2_trace_norm": "8.2239818e-16"
        }
      ]
    },
    {
      "N": 5,
      "tau": 2,
      "k": "0.9999",
      "C": "1574.4280629024236183545595682233879",
      "minimum_real_area": "0.000399756601334407",
      "errors": {
        "geometry_and_target": "2.4288482e-100",
        "periodL": "4.8695321e-99",
        "anti2iKp": "3.0775877e-100",
        "complex_proportion": "1.1236497e-95"
      },
      "residues": [
        {
          "eps": "1e-8",
          "q_germ_error": "3.3333334e-17",
          "outer_residue_error": "2.9177449e-12",
          "trace_residue_A": "(3.18889808215699527645620320758e-97 - 0.000945523848460132096287209065466j)",
          "trace_residue_B": "(1.79919012181789234014121482743e-97 - 1.48865928115913051318938862687j)",
          "residue_proportion_error": "3.8774735e-83",
          "z2_trace_norm": "1.4886593e-8"
        },
        {
          "eps": "1e-12",
          "q_germ_error": "3.3333334e-25",
          "outer_residue_error": "2.9177038e-16",
          "trace_residue_A": "(-2.69491578172302941024174347795e-93 - 0.000945523848460132116226425698084j)",
          "trace_residue_B": "(-1.22102098010748015190718665372e-93 - 1.48865928115913054458225084556j)",
          "residue_proportion_error": "1.3325203e-73",
          "z2_trace_norm": "1.4886593e-12"
        },
        {
          "eps": "1e-16",
          "q_germ_error": "3.3333334e-33",
          "outer_residue_error": "2.9177038e-20",
          "trace_residue_A": "(7.1838102219867987533097361407e-89 - 0.000945523848460132116226425897476j)",
          "trace_residue_B": "(-1.2582373807715460636801197204e-88 - 1.48865928115913054458225115949j)",
          "residue_proportion_error": "1.1003901e-65",
          "z2_trace_norm": "1.4886593e-16"
        }
      ]
    }
  ]
}
