{
  "categories": {
    "boundary_squared": 6,
    "chain_map_1": 6,
    "chain_map_2": 6,
    "connectedness": 6,
    "cropping_composite": 6,
    "euler_betti": 6,
    "published_image": 3,
    "rank_control": 3,
    "rectangle_complexity": 6,
    "stationary_H1_rank": 5,
    "stationary_chain": 1,
    "sturmian_count": 9,
    "thue_morse_increment": 9
  },
  "checks": 72,
  "elapsed_seconds": 8.442380958003923,
  "homology_image_ranks": [
    {
      "H1": 4,
      "H2": 4,
      "from": 1,
      "to": 3
    },
    {
      "H1": 4,
      "H2": 6,
      "from": 2,
      "to": 4
    },
    {
      "H1": 4,
      "H2": 4,
      "from": 2,
      "to": 6
    },
    {
      "H1": 4,
      "H2": 4,
      "from": 1,
      "to": 5
    },
    {
      "H1": 5,
      "H2": 6,
      "from": 3,
      "to": 5
    },
    {
      "H1": 5,
      "H2": 6,
      "from": 4,
      "to": 6
    }
  ],
  "method": "independently assembled integer chains; primitive sparse integer row elimination computes exact rational ranks; homology block-rank images avoid candidate cochain cocycle-basis routine",
  "pattern_betti": [
    {
      "betti": [
        1,
        5,
        12
      ],
      "cells": [
        8,
        30,
        30
      ],
      "scale": 1
    },
    {
      "betti": [
        1,
        5,
        14
      ],
      "cells": [
        30,
        84,
        64
      ],
      "scale": 2
    },
    {
      "betti": [
        1,
        13,
        6
      ],
      "cells": [
        64,
        180,
        110
      ],
      "scale": 3
    },
    {
      "betti": [
        1,
        5,
        18
      ],
      "cells": [
        110,
        264,
        168
      ],
      "scale": 4
    },
    {
      "betti": [
        1,
        7,
        10
      ],
      "cells": [
        168,
        416,
        252
      ],
      "scale": 5
    },
    {
      "betti": [
        1,
        19,
        6
      ],
      "cells": [
        252,
        600,
        336
      ],
      "scale": 6
    }
  ],
  "stationary_H1_image_ranks": [
    2,
    2,
    2,
    2,
    2
  ]
}
