{
  "assertions": 1077,
  "cyclic_cover_betti": [
    {
      "betti": [
        1,
        4,
        4
      ],
      "degree": 1
    },
    {
      "betti": [
        1,
        4,
        5
      ],
      "degree": 2
    },
    {
      "betti": [
        1,
        4,
        6
      ],
      "degree": 3
    },
    {
      "betti": [
        1,
        4,
        7
      ],
      "degree": 4
    },
    {
      "betti": [
        1,
        4,
        8
      ],
      "degree": 5
    },
    {
      "betti": [
        1,
        4,
        9
      ],
      "degree": 6
    },
    {
      "betti": [
        1,
        4,
        10
      ],
      "degree": 7
    },
    {
      "betti": [
        1,
        4,
        11
      ],
      "degree": 8
    },
    {
      "betti": [
        1,
        4,
        12
      ],
      "degree": 9
    },
    {
      "betti": [
        1,
        4,
        13
      ],
      "degree": 10
    },
    {
      "betti": [
        1,
        4,
        14
      ],
      "degree": 11
    },
    {
      "betti": [
        1,
        4,
        15
      ],
      "degree": 12
    }
  ],
  "scope": "Exact finite cover and proper-substitution controls; each constructed tiling has finite rank and covering-degree-dependent complexity."
}
