{
  "assertions": 836992,
  "augmentation_matrix_controls": [
    {
      "augmentation_rank": 1,
      "determinant_abs": 2,
      "p": 2,
      "unit_B": true
    },
    {
      "augmentation_rank": 2,
      "determinant_abs": 3,
      "p": 3,
      "unit_B": true
    },
    {
      "augmentation_rank": 4,
      "determinant_abs": 5,
      "p": 5,
      "unit_B": true
    },
    {
      "augmentation_rank": 6,
      "determinant_abs": 7,
      "p": 7,
      "unit_B": true
    },
    {
      "augmentation_rank": 10,
      "determinant_abs": 11,
      "p": 11,
      "unit_B": true
    },
    {
      "augmentation_rank": 16,
      "determinant_abs": 17,
      "p": 17,
      "unit_B": true
    },
    {
      "augmentation_rank": 22,
      "determinant_abs": 23,
      "p": 23,
      "unit_B": true
    }
  ],
  "finite_extra_center_controls": [
    {
      "e": 1,
      "finite_U_center_order": 4,
      "p": 2,
      "p_adic_center_image_order": 2,
      "quotient_order": 8
    },
    {
      "e": 2,
      "finite_U_center_order": 8,
      "p": 2,
      "p_adic_center_image_order": 4,
      "quotient_order": 64
    },
    {
      "e": 3,
      "finite_U_center_order": 16,
      "p": 2,
      "p_adic_center_image_order": 8,
      "quotient_order": 512
    },
    {
      "e": 1,
      "finite_U_center_order": 9,
      "p": 3,
      "p_adic_center_image_order": 3,
      "quotient_order": 27
    },
    {
      "e": 2,
      "finite_U_center_order": 27,
      "p": 3,
      "p_adic_center_image_order": 9,
      "quotient_order": 729
    },
    {
      "e": 1,
      "finite_U_center_order": 25,
      "p": 5,
      "p_adic_center_image_order": 5,
      "quotient_order": 125
    }
  ],
  "module_enumerations": [
    {
      "additive_subgroups": 5,
      "e": 1,
      "p": 2,
      "stable_scalar_subgroups": 2
    },
    {
      "additive_subgroups": 15,
      "e": 2,
      "p": 2,
      "stable_scalar_subgroups": 3
    },
    {
      "additive_subgroups": 37,
      "e": 3,
      "p": 2,
      "stable_scalar_subgroups": 4
    },
    {
      "additive_subgroups": 6,
      "e": 1,
      "p": 3,
      "stable_scalar_subgroups": 2
    },
    {
      "additive_subgroups": 23,
      "e": 2,
      "p": 3,
      "stable_scalar_subgroups": 3
    }
  ],
  "nonabelian_wreath_controls": [
    {
      "Heisenberg_lamp_modulus": 4,
      "cyclic_top_order": 2,
      "lamp_order": 64
    },
    {
      "Heisenberg_lamp_modulus": 4,
      "cyclic_top_order": 4,
      "lamp_order": 64
    },
    {
      "Heisenberg_lamp_modulus": 3,
      "cyclic_top_order": 3,
      "lamp_order": 27
    }
  ],
  "result": "PASS",
  "scope": "New exact finite boundary controls only; no author imports; no infinite solution claim",
  "three_family_core_controls": [
    {
      "group": "C2^3",
      "subgroups": 16,
      "three_group_families": 225,
      "whole_automorphisms": 168
    },
    {
      "group": "D8",
      "subgroups": 10,
      "three_group_families": 81,
      "whole_automorphisms": 8
    }
  ]
}
