{
  "status": "PASS",
  "exact_assertions": 29933,
  "categories": {
    "permutation_group": 2,
    "quotient_representation": 2646,
    "primitive_diagonal_kernel": 2187,
    "quotient_coinvariant_control": 4374,
    "semidirect_normal_form": 19710,
    "T_coinvariant_labels": 243,
    "C_invariant_shift": 21,
    "restriction_diagonal": 264,
    "restriction_injectivity_control": 243,
    "Laurent_difference": 243
  },
  "limits": [
    "Finite and finite-support arithmetic only",
    "No computational proof of group cohomology or Poincare duality",
    "No exterior realization or complete 2-type comparison"
  ]
}
