2026-07-26T06:41:00-07:00
scope=order12-k4-doublelex-publication-package-v2-only
command=nice -n 10 python3 reviews/order12_k4_doublelex_publication_hostile_v2/hostile_publication_audit_v2.py --output reviews/order12_k4_doublelex_publication_hostile_v2/hostile-evidence.json
exit_code=0
sat_solver_invoked=false
target_file_count=4
target_total_size_bytes=64302187
target_inventory_sha256=31640d4d7557e852798fd763becc1e2ba78fdb630a7439d4e796bdf043666f2e
v1_review_unchanged=true
v1_review_inventory_sha256=5dac746f1b514732f711bb3e82260202ed4f3b3cec7a49a024e7b4fbd1543817
review_sha256=ef48e4d3ca9357001483d9c522f817a9e337d6fd881f645c66750ee2f84ebd9b
review_size_bytes=8257
reviewer_source_sha256=2791d8ef8fb8876f388a76f53dc9d80af6e30c9213568240dad59ae6e6db2103
reviewer_source_size_bytes=40709
evidence_sha256=6cd5a32ed23d38f24243cf2e63ec27cb3669a8d42300e97dcf87d12b64958189
evidence_size_bytes=18220
recovered_lrat_sha256=0e04eb639a3f7f7d335126d56040abb4ef11e8548770262c316a608390659263
recovered_lrat_size_bytes=228381671
private_verifier_exit_code=0
private_verifier_wall_seconds=3.9613847919972613
private_verifier_verdict=VERIFIED_EXACT_DOUBLELEX_CNF_UNSAT_ONLY
prior_decisive_mutation_rejections=11/11
manifest_readme_mutation_rejections=2/2
defect_count=0
verdict=ACCEPT_EXACT_DOUBLELEX_CNF_UNSAT_PUBLICATION_PACKAGE_V2_ONLY
