[main 8c901f70b] Accept PR384 repaired Green-ring partials after fresh adversarial review
 65 files changed, 17591 insertions(+), 3 deletions(-)
 create mode 100644 draft_pr_descending_audit_20261002/audits/pr382_6600013/root_initial_checkpoint_commit.stderr
 create mode 100644 draft_pr_descending_audit_20261002/audits/pr382_6600013/root_initial_checkpoint_commit.stdout
 create mode 100644 draft_pr_descending_audit_20261002/audits/pr382_6600013/root_initial_checkpoint_push.stderr
 create mode 100644 draft_pr_descending_audit_20261002/audits/pr382_6600013/root_initial_checkpoint_push.stdout
 create mode 100644 draft_pr_descending_audit_20261002/audits/pr384_30004106/ACCEPTANCE_CRITERIA.json
 create mode 100644 draft_pr_descending_audit_20261002/audits/pr384_30004106/ACCEPTANCE_DECISION.md
 create mode 100644 draft_pr_descending_audit_20261002/audits/pr384_30004106/accepted_pr_body.txt
 create mode 100644 draft_pr_descending_audit_20261002/audits/pr384_30004106/merge_body.txt
 create mode 100644 draft_pr_descending_audit_20261002/audits/pr384_30004106/repaired_final_adversary/.gitignore
 create mode 100644 draft_pr_descending_audit_20261002/audits/pr384_30004106/repaired_final_adversary/BS1_FRESH_FETCH.json
 create mode 100644 draft_pr_descending_audit_20261002/audits/pr384_30004106/repaired_final_adversary/COMPARISON_BINDINGS.json
 create mode 100644 draft_pr_descending_audit_20261002/audits/pr384_30004106/repaired_final_adversary/COMPARISON_SUMMARY.json
 create mode 100644 draft_pr_descending_audit_20261002/audits/pr384_30004106/repaired_final_adversary/CURRENT_MAIN_QUEUE_REFRESH.json
 create mode 100644 draft_pr_descending_audit_20261002/audits/pr384_30004106/repaired_final_adversary/EXACT_DIFF_SET.json
 create mode 100644 draft_pr_descending_audit_20261002/audits/pr384_30004106/repaired_final_adversary/FINAL_STATE_AFTER.json
 create mode 100644 draft_pr_descending_audit_20261002/audits/pr384_30004106/repaired_final_adversary/FINAL_STATE_BEFORE.json
 create mode 100644 draft_pr_descending_audit_20261002/audits/pr384_30004106/repaired_final_adversary/FINAL_VERIFY.stderr
 create mode 100644 draft_pr_descending_audit_20261002/audits/pr384_30004106/repaired_final_adversary/FINAL_VERIFY.stdout
 create mode 100644 draft_pr_descending_audit_20261002/audits/pr384_30004106/repaired_final_adversary/FRESH_CONTROLS.json
 create mode 100644 draft_pr_descending_audit_20261002/audits/pr384_30004106/repaired_final_adversary/FRESH_CONTROL_SEAL.json
 create mode 100644 draft_pr_descending_audit_20261002/audits/pr384_30004106/repaired_final_adversary/INPUT_MANIFEST.json
 create mode 100644 draft_pr_descending_audit_20261002/audits/pr384_30004106/repaired_final_adversary/INTEGRITY.json
 create mode 100644 draft_pr_descending_audit_20261002/audits/pr384_30004106/repaired_final_adversary/INTEGRITY_REPLAY_SUMMARY.json
 create mode 100644 draft_pr_descending_audit_20261002/audits/pr384_30004106/repaired_final_adversary/LANGER_FETCH.json
 create mode 100644 draft_pr_descending_audit_20261002/audits/pr384_30004106/repaired_final_adversary/ORIGINAL_FINAL_FRESH.stderr
 create mode 100644 draft_pr_descending_audit_20261002/audits/pr384_30004106/repaired_final_adversary/ORIGINAL_FINAL_FRESH.stdout
 create mode 100644 draft_pr_descending_audit_20261002/audits/pr384_30004106/repaired_final_adversary/OUTPUT_MANIFEST.json
 create mode 100644 draft_pr_descending_audit_20261002/audits/pr384_30004106/repaired_final_adversary/PR384_READONLY_REMOTE.json
 create mode 100644 draft_pr_descending_audit_20261002/audits/pr384_30004106/repaired_final_adversary/PR384_READONLY_REMOTE_FINAL.json
 create mode 100644 draft_pr_descending_audit_20261002/audits/pr384_30004106/repaired_final_adversary/PR385_READONLY_REMOTE.json
 create mode 100644 draft_pr_descending_audit_20261002/audits/pr384_30004106/repaired_final_adversary/PRECOMPARISON_RECONSTRUCTION.md
 create mode 100644 draft_pr_descending_audit_20261002/audits/pr384_30004106/repaired_final_adversary/PRECOMPARISON_SEAL.json
 create mode 100644 draft_pr_descending_audit_20261002/audits/pr384_30004106/repaired_final_adversary/QUEUE_ACTUAL_DIFF.patch
 create mode 100644 draft_pr_descending_audit_20261002/audits/pr384_30004106/repaired_final_adversary/REPLAY_BINDINGS.json
 create mode 100644 draft_pr_descending_audit_20261002/audits/pr384_30004106/repaired_final_adversary/REPORT.md
 create mode 100644 draft_pr_descending_audit_20261002/audits/pr384_30004106/repaired_final_adversary/RESEARCH_LOG.md
 create mode 100644 draft_pr_descending_audit_20261002/audits/pr384_30004106/repaired_final_adversary/SOURCE_FETCH.json
 create mode 100644 draft_pr_descending_audit_20261002/audits/pr384_30004106/repaired_final_adversary/VERDICT.json
 create mode 100644 draft_pr_descending_audit_20261002/audits/pr384_30004106/repaired_final_adversary/VISUAL_SOURCE_CHECKS.json
 create mode 100644 draft_pr_descending_audit_20261002/audits/pr384_30004106/repaired_final_adversary/check_integrity_and_replay.py
 create mode 100644 draft_pr_descending_audit_20261002/audits/pr384_30004106/repaired_final_adversary/compare_prior_evidence.py
 create mode 100644 draft_pr_descending_audit_20261002/audits/pr384_30004106/repaired_final_adversary/fresh_controls.py
 create mode 100644 draft_pr_descending_audit_20261002/audits/pr384_30004106/repaired_final_adversary/independent_check.stderr
 create mode 100644 draft_pr_descending_audit_20261002/audits/pr384_30004106/repaired_final_adversary/independent_check.stdout
 create mode 100644 draft_pr_descending_audit_20261002/audits/pr384_30004106/repaired_final_adversary/replay_author.stderr
 create mode 100644 draft_pr_descending_audit_20261002/audits/pr384_30004106/repaired_final_adversary/replay_author.stdout
 create mode 100644 draft_pr_descending_audit_20261002/audits/pr384_30004106/repaired_final_adversary/verify_audit.py
 create mode 100644 draft_pr_descending_audit_20261002/audits/pr384_30004106/repaired_final_adversary/verify_publication.stderr
 create mode 100644 draft_pr_descending_audit_20261002/audits/pr384_30004106/repaired_final_adversary/verify_publication.stdout
 create mode 100644 draft_pr_descending_audit_20261002/audits/pr384_30004106/repaired_final_adversary/verify_turn1.stderr
 create mode 100644 draft_pr_descending_audit_20261002/audits/pr384_30004106/repaired_final_adversary/verify_turn1.stdout
 create mode 100644 draft_pr_descending_audit_20261002/audits/pr384_30004106/repaired_final_adversary/verify_turn2.stderr
 create mode 100644 draft_pr_descending_audit_20261002/audits/pr384_30004106/repaired_final_adversary/verify_turn2.stdout
 create mode 100644 draft_pr_descending_audit_20261002/audits/pr384_30004106/repaired_final_adversary/verify_turn3.stderr
 create mode 100644 draft_pr_descending_audit_20261002/audits/pr384_30004106/repaired_final_adversary/verify_turn3.stdout
 create mode 100644 draft_pr_descending_audit_20261002/audits/pr384_30004106/repaired_final_adversary/verify_turn4.stderr
 create mode 100644 draft_pr_descending_audit_20261002/audits/pr384_30004106/repaired_final_adversary/verify_turn4.stdout
 create mode 100644 draft_pr_descending_audit_20261002/audits/pr384_30004106/repaired_final_adversary/verify_turn5.stderr
 create mode 100644 draft_pr_descending_audit_20261002/audits/pr384_30004106/repaired_final_adversary/verify_turn5.stdout
 create mode 100644 draft_pr_descending_audit_20261002/audits/pr384_30004106/root_repaired_final_controls.stderr
 create mode 100644 draft_pr_descending_audit_20261002/audits/pr384_30004106/root_repaired_final_controls.stdout
 create mode 100644 draft_pr_descending_audit_20261002/audits/pr384_30004106/root_repaired_final_controls_receipt.json
