[main 86a2c300c] Record actual verified merge of PR384 partial results
 33 files changed, 245 insertions(+), 7 deletions(-)
 create mode 100644 draft_pr_descending_audit_20261002/audits/pr384_30004106/ACTUAL_MERGE_VERIFICATION.json
 create mode 100644 draft_pr_descending_audit_20261002/audits/pr384_30004106/acceptance_checkpoint_commit.stderr
 create mode 100644 draft_pr_descending_audit_20261002/audits/pr384_30004106/acceptance_checkpoint_commit.stdout
 create mode 100644 draft_pr_descending_audit_20261002/audits/pr384_30004106/acceptance_checkpoint_push.stderr
 create mode 100644 draft_pr_descending_audit_20261002/audits/pr384_30004106/acceptance_checkpoint_push.stdout
 create mode 100644 draft_pr_descending_audit_20261002/audits/pr384_30004106/accepted_body_edit.stderr
 create mode 100644 draft_pr_descending_audit_20261002/audits/pr384_30004106/accepted_body_edit.stdout
 create mode 100644 draft_pr_descending_audit_20261002/audits/pr384_30004106/actual_merge_execution.stderr
 create mode 100644 draft_pr_descending_audit_20261002/audits/pr384_30004106/actual_merge_execution.stdout
 create mode 100644 draft_pr_descending_audit_20261002/audits/pr384_30004106/actual_pre_merge_remote.stderr
 create mode 100644 draft_pr_descending_audit_20261002/audits/pr384_30004106/actual_pre_merge_remote.stdout
 create mode 100644 draft_pr_descending_audit_20261002/audits/pr384_30004106/before_ready.stderr
 create mode 100644 draft_pr_descending_audit_20261002/audits/pr384_30004106/before_ready.stdout
 create mode 100644 draft_pr_descending_audit_20261002/audits/pr384_30004106/post_merge_fetch.stderr
 create mode 100644 draft_pr_descending_audit_20261002/audits/pr384_30004106/post_merge_fetch.stdout
 create mode 100644 draft_pr_descending_audit_20261002/audits/pr384_30004106/post_merge_main_sync.stderr
 create mode 100644 draft_pr_descending_audit_20261002/audits/pr384_30004106/post_merge_main_sync.stdout
 create mode 100644 draft_pr_descending_audit_20261002/audits/pr384_30004106/post_merge_remote.stderr
 create mode 100644 draft_pr_descending_audit_20261002/audits/pr384_30004106/post_merge_remote.stdout
 create mode 100644 draft_pr_descending_audit_20261002/audits/pr384_30004106/pre_merge_main_fetch.stderr
 create mode 100644 draft_pr_descending_audit_20261002/audits/pr384_30004106/pre_merge_main_fetch.stdout
 create mode 100644 draft_pr_descending_audit_20261002/audits/pr384_30004106/ready.stderr
 create mode 100644 draft_pr_descending_audit_20261002/audits/pr384_30004106/ready.stdout
 create mode 100644 draft_pr_descending_audit_20261002/audits/pr384_30004106/ready_remote.stderr
 create mode 100644 draft_pr_descending_audit_20261002/audits/pr384_30004106/ready_remote.stdout
 create mode 100644 draft_pr_descending_audit_20261002/audits/pr384_30004106/virtual_integration_receipt.json
 create mode 100644 draft_pr_descending_audit_20261002/audits/pr384_30004106/virtual_merge.stderr
 create mode 100644 draft_pr_descending_audit_20261002/audits/pr384_30004106/virtual_merge.stdout
