Updating 8c901f70b..3f18fa7b3
Fast-forward
 unsolved_math_prioritization/QUEUE.md              |   2 +-
 .../attempts/30004106/AUTHOR_REPLAY.json           |  34 +++
 .../attempts/30004106/CURRENT_STATE.json           |  10 +
 .../attempts/30004106/CURRENT_STATE_T1.json        |  14 ++
 .../attempts/30004106/CURRENT_STATE_T2.json        |  15 ++
 .../attempts/30004106/CURRENT_STATE_T3.json        |  13 ++
 .../attempts/30004106/CURRENT_STATE_T4.json        |  14 ++
 .../attempts/30004106/CURRENT_STATE_T5.json        |  14 ++
 .../attempts/30004106/FINAL_AUTHOR_MANIFEST.json   | 213 +++++++++++++++++
 .../attempts/30004106/FINAL_README.md              |  15 ++
 .../attempts/30004106/FINAL_REVIEW_REQUEST.md      |  14 ++
 .../attempts/30004106/PRIOR_GATE.json              |  20 ++
 .../attempts/30004106/PUBLICATION_MANIFEST.json    | 260 +++++++++++++++++++++
 .../attempts/30004106/RESULT.md                    |  31 +++
 .../attempts/30004106/SOURCE_ADDITION_T3.json      |  13 ++
 .../attempts/30004106/SOURCE_GATE_MANIFEST.json    |  26 +++
 .../attempts/30004106/SOURCE_MANIFEST.json         |  37 +++
 .../attempts/30004106/SOURCE_SCOPE.md              |  52 +++++
 .../attempts/30004106/STATUS.md                    |  13 ++
 .../attempts/30004106/TURN_1.md                    | 113 +++++++++
 .../attempts/30004106/TURN_1_CHECKS.json           |   6 +
 .../attempts/30004106/TURN_1_LOG.md                |   5 +
 .../attempts/30004106/TURN_1_MANIFEST.json         |  56 +++++
 .../attempts/30004106/TURN_2.md                    | 113 +++++++++
 .../attempts/30004106/TURN_2_CHECKS.json           |   6 +
 .../attempts/30004106/TURN_2_LOG.md                |   5 +
 .../attempts/30004106/TURN_2_MANIFEST.json         |  86 +++++++
 .../attempts/30004106/TURN_3.md                    | 120 ++++++++++
 .../attempts/30004106/TURN_3_CHECKS.json           | 112 +++++++++
 .../attempts/30004106/TURN_3_LOG.md                |   5 +
 .../attempts/30004106/TURN_3_MANIFEST.json         | 121 ++++++++++
 .../attempts/30004106/TURN_4.md                    | 129 ++++++++++
 .../attempts/30004106/TURN_4_CHECKS.json           |   7 +
 .../attempts/30004106/TURN_4_LOG.md                |   5 +
 .../attempts/30004106/TURN_4_MANIFEST.json         | 151 ++++++++++++
 .../attempts/30004106/TURN_5.md                    | 174 ++++++++++++++
 .../attempts/30004106/TURN_5_CHECKS.json           |  40 ++++
 .../attempts/30004106/TURN_5_LOG.md                |   7 +
 .../attempts/30004106/TURN_5_MANIFEST.json         | 181 ++++++++++++++
 .../attempts/30004106/replay_author.py             |  18 ++
 .../attempts/30004106/review/AUTHOR_REPLAY.json    |  34 +++
 .../30004106/review/INDEPENDENT_CHECKS.json        |   5 +
 .../attempts/30004106/review/REVIEW.md             |  55 +++++
 .../attempts/30004106/review/REVIEW_MANIFEST.json  |  33 +++
 .../30004106/review/SOURCE_AND_BINDING_CHECKS.json |  31 +++
 .../attempts/30004106/review/independent_check.py  |  59 +++++
 .../attempts/30004106/verify_publication.py        |  16 ++
 .../attempts/30004106/verify_turn1.py              |  59 +++++
 .../attempts/30004106/verify_turn2.py              |  43 ++++
 .../attempts/30004106/verify_turn3.py              |  89 +++++++
 .../attempts/30004106/verify_turn4.py              |  54 +++++
 .../attempts/30004106/verify_turn5.py              | 139 +++++++++++
 52 files changed, 2886 insertions(+), 1 deletion(-)
 create mode 100644 unsolved_math_prioritization/attempts/30004106/AUTHOR_REPLAY.json
 create mode 100644 unsolved_math_prioritization/attempts/30004106/CURRENT_STATE.json
 create mode 100644 unsolved_math_prioritization/attempts/30004106/CURRENT_STATE_T1.json
 create mode 100644 unsolved_math_prioritization/attempts/30004106/CURRENT_STATE_T2.json
 create mode 100644 unsolved_math_prioritization/attempts/30004106/CURRENT_STATE_T3.json
 create mode 100644 unsolved_math_prioritization/attempts/30004106/CURRENT_STATE_T4.json
 create mode 100644 unsolved_math_prioritization/attempts/30004106/CURRENT_STATE_T5.json
 create mode 100644 unsolved_math_prioritization/attempts/30004106/FINAL_AUTHOR_MANIFEST.json
 create mode 100644 unsolved_math_prioritization/attempts/30004106/FINAL_README.md
 create mode 100644 unsolved_math_prioritization/attempts/30004106/FINAL_REVIEW_REQUEST.md
 create mode 100644 unsolved_math_prioritization/attempts/30004106/PRIOR_GATE.json
 create mode 100644 unsolved_math_prioritization/attempts/30004106/PUBLICATION_MANIFEST.json
 create mode 100644 unsolved_math_prioritization/attempts/30004106/RESULT.md
 create mode 100644 unsolved_math_prioritization/attempts/30004106/SOURCE_ADDITION_T3.json
 create mode 100644 unsolved_math_prioritization/attempts/30004106/SOURCE_GATE_MANIFEST.json
 create mode 100644 unsolved_math_prioritization/attempts/30004106/SOURCE_MANIFEST.json
 create mode 100644 unsolved_math_prioritization/attempts/30004106/SOURCE_SCOPE.md
 create mode 100644 unsolved_math_prioritization/attempts/30004106/STATUS.md
 create mode 100644 unsolved_math_prioritization/attempts/30004106/TURN_1.md
 create mode 100644 unsolved_math_prioritization/attempts/30004106/TURN_1_CHECKS.json
 create mode 100644 unsolved_math_prioritization/attempts/30004106/TURN_1_LOG.md
 create mode 100644 unsolved_math_prioritization/attempts/30004106/TURN_1_MANIFEST.json
 create mode 100644 unsolved_math_prioritization/attempts/30004106/TURN_2.md
 create mode 100644 unsolved_math_prioritization/attempts/30004106/TURN_2_CHECKS.json
 create mode 100644 unsolved_math_prioritization/attempts/30004106/TURN_2_LOG.md
 create mode 100644 unsolved_math_prioritization/attempts/30004106/TURN_2_MANIFEST.json
 create mode 100644 unsolved_math_prioritization/attempts/30004106/TURN_3.md
 create mode 100644 unsolved_math_prioritization/attempts/30004106/TURN_3_CHECKS.json
 create mode 100644 unsolved_math_prioritization/attempts/30004106/TURN_3_LOG.md
 create mode 100644 unsolved_math_prioritization/attempts/30004106/TURN_3_MANIFEST.json
 create mode 100644 unsolved_math_prioritization/attempts/30004106/TURN_4.md
 create mode 100644 unsolved_math_prioritization/attempts/30004106/TURN_4_CHECKS.json
 create mode 100644 unsolved_math_prioritization/attempts/30004106/TURN_4_LOG.md
 create mode 100644 unsolved_math_prioritization/attempts/30004106/TURN_4_MANIFEST.json
 create mode 100644 unsolved_math_prioritization/attempts/30004106/TURN_5.md
 create mode 100644 unsolved_math_prioritization/attempts/30004106/TURN_5_CHECKS.json
 create mode 100644 unsolved_math_prioritization/attempts/30004106/TURN_5_LOG.md
 create mode 100644 unsolved_math_prioritization/attempts/30004106/TURN_5_MANIFEST.json
 create mode 100644 unsolved_math_prioritization/attempts/30004106/replay_author.py
 create mode 100644 unsolved_math_prioritization/attempts/30004106/review/AUTHOR_REPLAY.json
 create mode 100644 unsolved_math_prioritization/attempts/30004106/review/INDEPENDENT_CHECKS.json
 create mode 100644 unsolved_math_prioritization/attempts/30004106/review/REVIEW.md
 create mode 100644 unsolved_math_prioritization/attempts/30004106/review/REVIEW_MANIFEST.json
 create mode 100644 unsolved_math_prioritization/attempts/30004106/review/SOURCE_AND_BINDING_CHECKS.json
 create mode 100644 unsolved_math_prioritization/attempts/30004106/review/independent_check.py
 create mode 100644 unsolved_math_prioritization/attempts/30004106/verify_publication.py
 create mode 100644 unsolved_math_prioritization/attempts/30004106/verify_turn1.py
 create mode 100644 unsolved_math_prioritization/attempts/30004106/verify_turn2.py
 create mode 100644 unsolved_math_prioritization/attempts/30004106/verify_turn3.py
 create mode 100644 unsolved_math_prioritization/attempts/30004106/verify_turn4.py
 create mode 100644 unsolved_math_prioritization/attempts/30004106/verify_turn5.py
