{
  "total_exact_assertions": 176934,
  "families": {
    "mobius_closed_formula": 770,
    "mackey_normalization": 5706,
    "trivial_group_excluded_edge": 1,
    "actual_syzygy_restriction_weights": 12046,
    "orthogonal_blocks": 5451,
    "actual_syzygy_tensor_multiplicity": 28575,
    "collapsing_restrictions_and_projections": 38101,
    "weighted_completed_block_bounds": 1143,
    "weighted_completed_inverse": 50988,
    "full_stable_norm": 48,
    "exact_unitary_species": 19050,
    "unnormalized_dimension_bounded_species": 9525,
    "actual_induction_actions": 46,
    "actual_cyclic_recovery_of_H": 113,
    "actual_induced_nonprojective_dimension": 23,
    "actual_cyclic_tensor_core": 7,
    "actual_cyclic_tensor_multiplicities": 3,
    "stable_dimension_not_multiplicative": 2,
    "extension_field_arithmetic": 1031,
    "F8_ordinary_cyclic_restrictions": 9,
    "F8_shifted_nonprojectivity": 2,
    "F8_actual_endomorphism_locality": 4160,
    "F8_to_F64_base_change": 134
  },
  "lattices": [
    {
      "p": 2,
      "rank": 0,
      "subgroups": 1,
      "functor": "actual syzygy classes (credited Dade input)",
      "maximum_mobius_bound": 0
    },
    {
      "p": 2,
      "rank": 1,
      "subgroups": 2,
      "functor": "actual syzygy classes (credited Dade input)",
      "maximum_mobius_bound": 1
    },
    {
      "p": 3,
      "rank": 1,
      "subgroups": 2,
      "functor": "actual syzygy classes (credited Dade input)",
      "maximum_mobius_bound": 1
    },
    {
      "p": 5,
      "rank": 1,
      "subgroups": 2,
      "functor": "actual syzygy classes (credited Dade input)",
      "maximum_mobius_bound": 1
    },
    {
      "p": 2,
      "rank": 3,
      "subgroups": 16,
      "functor": "actual syzygy classes (credited Dade input)",
      "maximum_mobius_bound": 22
    },
    {
      "p": 2,
      "rank": 4,
      "subgroups": 67,
      "functor": "actual syzygy classes (credited Dade input)",
      "maximum_mobius_bound": 206
    },
    {
      "p": 3,
      "rank": 3,
      "subgroups": 28,
      "functor": "actual syzygy classes (credited Dade input)",
      "maximum_mobius_bound": 53
    },
    {
      "p": 5,
      "rank": 2,
      "subgroups": 8,
      "functor": "actual syzygy classes (credited Dade input)",
      "maximum_mobius_bound": 7
    },
    {
      "p": 7,
      "rank": 2,
      "subgroups": 10,
      "functor": "actual syzygy classes (credited Dade input)",
      "maximum_mobius_bound": 9
    }
  ],
  "actual_induced_matrix_cases": 23,
  "proper_F8_example_independent_cubic": "x^3+x^2+1",
  "field_extension": "F8 subset F64=F8[y]/(y^2+y+1)",
  "infinite_completion_claim_proved_in_writing": true,
  "universal_symmetry_claimed": false
}
