{
  "exact_assertions": 23293,
  "actual_induction_controls": [
    {
      "p": 2,
      "core_j": 1,
      "induced_dimension": 2,
      "actual_monomial_basis_dimension": 2,
      "cyclic_restrictions": [
        {
          "line": [
            1,
            0
          ],
          "jordan_blocks_at_least_k": [
            2,
            0
          ],
          "free": false
        },
        {
          "line": [
            0,
            1
          ],
          "jordan_blocks_at_least_k": [
            1,
            1
          ],
          "free": true
        },
        {
          "line": [
            1,
            1
          ],
          "jordan_blocks_at_least_k": [
            1,
            1
          ],
          "free": true
        }
      ],
      "enumerated_centralizer_idempotents": 2
    },
    {
      "p": 3,
      "core_j": 2,
      "induced_dimension": 6,
      "actual_monomial_basis_dimension": 6,
      "cyclic_restrictions": [
        {
          "line": [
            1,
            0
          ],
          "jordan_blocks_at_least_k": [
            3,
            3,
            0
          ],
          "free": false
        },
        {
          "line": [
            0,
            1
          ],
          "jordan_blocks_at_least_k": [
            2,
            2,
            2
          ],
          "free": true
        },
        {
          "line": [
            1,
            1
          ],
          "jordan_blocks_at_least_k": [
            2,
            2,
            2
          ],
          "free": true
        },
        {
          "line": [
            2,
            1
          ],
          "jordan_blocks_at_least_k": [
            2,
            2,
            2
          ],
          "free": true
        }
      ],
      "enumerated_centralizer_idempotents": 2
    },
    {
      "p": 5,
      "core_j": 4,
      "induced_dimension": 20,
      "actual_monomial_basis_dimension": 20,
      "cyclic_restrictions": [
        {
          "line": [
            1,
            0
          ],
          "jordan_blocks_at_least_k": [
            5,
            5,
            5,
            5,
            0
          ],
          "free": false
        },
        {
          "line": [
            0,
            1
          ],
          "jordan_blocks_at_least_k": [
            4,
            4,
            4,
            4,
            4
          ],
          "free": true
        },
        {
          "line": [
            1,
            1
          ],
          "jordan_blocks_at_least_k": [
            4,
            4,
            4,
            4,
            4
          ],
          "free": true
        },
        {
          "line": [
            2,
            1
          ],
          "jordan_blocks_at_least_k": [
            4,
            4,
            4,
            4,
            4
          ],
          "free": true
        },
        {
          "line": [
            3,
            1
          ],
          "jordan_blocks_at_least_k": [
            4,
            4,
            4,
            4,
            4
          ],
          "free": true
        },
        {
          "line": [
            4,
            1
          ],
          "jordan_blocks_at_least_k": [
            4,
            4,
            4,
            4,
            4
          ],
          "free": true
        }
      ],
      "enumerated_centralizer_idempotents": null
    }
  ],
  "actual_coset_and_full_mobius_controls": [
    {
      "p": 2,
      "subgroups": 5,
      "actual_tensor_pair_orbits_checked": 25,
      "idempotent_weighted_norms": [
        1,
        2,
        2,
        2,
        6
      ],
      "forward_sum_norm": 6,
      "inverse_sum_norm": 5
    },
    {
      "p": 3,
      "subgroups": 6,
      "actual_tensor_pair_orbits_checked": 36,
      "idempotent_weighted_norms": [
        1,
        2,
        2,
        2,
        2,
        8
      ],
      "forward_sum_norm": 8,
      "inverse_sum_norm": 6
    },
    {
      "p": 5,
      "subgroups": 8,
      "actual_tensor_pair_orbits_checked": 64,
      "idempotent_weighted_norms": [
        1,
        2,
        2,
        2,
        2,
        2,
        2,
        12
      ],
      "forward_sum_norm": 12,
      "inverse_sum_norm": 8
    }
  ],
  "inseparable_radical_equality_countercontrol": true,
  "Q8_actual_full_signed_element": [
    "-2",
    "1",
    "0",
    "1",
    "-3/2"
  ],
  "Q8_ambient_spectrum": [
    0,
    -2,
    -4
  ],
  "Q8_nonzero_polynomial_spectral_idempotents": [
    [
      "1/4",
      "1/4",
      "1/4",
      "1/4",
      "-5/8"
    ],
    [
      "1/2",
      "0",
      "-1/2",
      "0",
      "1/2"
    ],
    [
      "1/4",
      "-1/4",
      "1/4",
      "-1/4",
      "1/8"
    ]
  ],
  "universal_question_answered": false,
  "fresh_code_imports_no_candidate_or_previous_audit_code": true
}
