{
  "actual_groups": [
    "C3 in characteristic3",
    "C3 x C4 in characteristic3"
  ],
  "arbitrary_extension_proved_by_finite_tests": false,
  "author_imports": false,
  "exact_assertions": 85360,
  "families": {
    "F3_C4_irreducible_quadratic": 1,
    "F9_splitting_eigenlines": 4,
    "actual_C3_character_products": 343,
    "actual_C3_character_star": 343,
    "actual_C3_endotrivial_relation": 1,
    "actual_C3_exact_lift_norm": 441,
    "actual_C3_explicit_complex_inverse": 294,
    "actual_C3_factor_units": 1,
    "actual_C3_free_tensor": 1,
    "actual_C3_jordan_dimensions": 9,
    "actual_C3_jordan_multiplicities": 9,
    "actual_C3_jordan_nilpotence": 9,
    "actual_C3_lift_zero_scalar_component": 441,
    "actual_C4_V_square": 1,
    "actual_C4_primary_dimensions": 9,
    "actual_F3C12_to_F9C12_tensor": 81,
    "actual_modular_complex_extension_isometry": 625,
    "actual_modular_complex_norm_exact": 3000,
    "actual_modular_complex_restriction": 625,
    "actual_modular_extension_duality": 625,
    "actual_modular_extension_isometry": 625,
    "actual_modular_extension_restriction": 625,
    "collision_negative_boundary": 1,
    "exponential_weight_growth_not_subexponential": 1,
    "exponential_weight_nonhermitian_character": 42,
    "finite_feasibility_no_infinite_claim": 40,
    "finite_polynomial_weight_disk": 1680,
    "finite_polynomial_weight_multiplication": 68920,
    "stable_dimension_not_multiplicative": 1,
    "two_selfadjoint_witness_defect_norm": 6561,
    "wrong_unit_inverse_negative_boundary": 1
  },
  "full_symmetry_claimed": false,
  "infinite_compactness_proved_by_finite_tests": false,
  "original_status": "unsolved5/5"
}
