{
  "complex_species_control": {
    "field": "exact Q(sqrt(3),i)",
    "y": "(x1-x2)/sqrt(3)",
    "a": "1+i*y",
    "y_species": [
      "0",
      "0",
      "i",
      "-i"
    ],
    "a_species": [
      "1",
      "1",
      "0",
      "2"
    ],
    "a_star_a_species": [
      "1",
      "1",
      "0",
      "0"
    ],
    "rho_a_squared": 4,
    "rho_a_star_a": 1,
    "full_symmetry_radius_identity_fails": true,
    "all_positive_element_radius_identities_still_hold": "written all-element real-positive deduction"
  },
  "odd_characteristic_negative_control": "d3*d4 contains 2N and is nonzero over F3,F5,F7",
  "utc": "2026-10-03T02:11:09.162626+00:00",
  "implementation": "independent Hamilton-unit matrices and rational abstract coordinates; no author imports",
  "Q8": {
    "group_associativity": true,
    "ranks_F2": [
      7,
      9,
      7,
      1
    ],
    "ranks_F4_same": true,
    "composites_zero": true,
    "exact_syzygy_C2_restrictions": [
      {
        "syzygy": 1,
        "dimension": 7,
        "C2_nilpotent_rank": 3,
        "trivial_blocks": 1,
        "free_blocks": 3
      },
      {
        "syzygy": 2,
        "dimension": 9,
        "C2_nilpotent_rank": 4,
        "trivial_blocks": 1,
        "free_blocks": 4
      },
      {
        "syzygy": 3,
        "dimension": 7,
        "C2_nilpotent_rank": 3,
        "trivial_blocks": 1,
        "free_blocks": 3
      },
      {
        "syzygy": 4,
        "dimension": 1,
        "C2_nilpotent_rank": 0,
        "trivial_blocks": 1,
        "free_blocks": 0
      }
    ],
    "independent_nonzero_minors": [
      {
        "rows": [
          0,
          1,
          2,
          3,
          4,
          5,
          6
        ],
        "columns": [
          0,
          1,
          2,
          4,
          5,
          6,
          8
        ],
        "size": 7,
        "determinant_mod2": 1
      },
      {
        "rows": [
          0,
          1,
          2,
          3,
          4,
          5,
          6,
          8,
          9
        ],
        "columns": [
          0,
          1,
          2,
          3,
          4,
          5,
          6,
          8,
          9
        ],
        "size": 9,
        "determinant_mod2": 1
      },
      {
        "rows": [
          0,
          1,
          2,
          4,
          5,
          6,
          8
        ],
        "columns": [
          0,
          1,
          2,
          3,
          4,
          5,
          6
        ],
        "size": 7,
        "determinant_mod2": 1
      },
      {
        "rows": [
          0
        ],
        "columns": [
          0
        ],
        "size": 1,
        "determinant_mod2": 1
      }
    ],
    "radical_power_dimensions": [
      8,
      7,
      5,
      3,
      1,
      0
    ],
    "minimal_period": "4: dimensions 1,7,9,7,1 with projective-free cancellation; divisors 1 and 2 excluded; proof in PRE_REPLAY_PROOF.md"
  },
  "abstract_controls": [
    {
      "H_moduli": [
        3
      ],
      "q": 2,
      "basis_rank": 4,
      "dimension_d": 4,
      "minimum_cubic_coefficient": 5,
      "det_multiplication_P": "4",
      "semisimple_over_C": true,
      "char_polynomial_C3_x1_control": [
        {
          "t": -4,
          "det_tI_minus_x1": "416"
        },
        {
          "t": -3,
          "det_tI_minus_x1": "147"
        },
        {
          "t": -2,
          "det_tI_minus_x1": "36"
        },
        {
          "t": -1,
          "det_tI_minus_x1": "5"
        },
        {
          "t": 0,
          "det_tI_minus_x1": "0"
        },
        {
          "t": 1,
          "det_tI_minus_x1": "-9"
        },
        {
          "t": 2,
          "det_tI_minus_x1": "-28"
        },
        {
          "t": 3,
          "det_tI_minus_x1": "-39"
        },
        {
          "t": 4,
          "det_tI_minus_x1": "0"
        },
        {
          "t": 5,
          "det_tI_minus_x1": "155"
        },
        {
          "t": 6,
          "det_tI_minus_x1": "516"
        }
      ]
    },
    {
      "H_moduli": [
        4
      ],
      "q": 2,
      "basis_rank": 5,
      "dimension_d": 5,
      "minimum_cubic_coefficient": 6,
      "det_multiplication_P": "5",
      "semisimple_over_C": true,
      "char_polynomial_C3_x1_control": []
    },
    {
      "H_moduli": [
        5
      ],
      "q": 3,
      "basis_rank": 6,
      "dimension_d": 7,
      "minimum_cubic_coefficient": 9,
      "det_multiplication_P": "112",
      "semisimple_over_C": true,
      "char_polynomial_C3_x1_control": []
    },
    {
      "H_moduli": [
        3,
        2
      ],
      "q": 2,
      "basis_rank": 7,
      "dimension_d": 7,
      "minimum_cubic_coefficient": 8,
      "det_multiplication_P": "7",
      "semisimple_over_C": true,
      "char_polynomial_C3_x1_control": []
    },
    {
      "H_moduli": [
        2
      ],
      "q": 2,
      "basis_rank": 3,
      "dimension_d": 3,
      "minimum_cubic_coefficient": 5,
      "det_multiplication_P": "3",
      "semisimple_over_C": true,
      "char_polynomial_C3_x1_control": []
    },
    {
      "H_moduli": [
        2,
        2
      ],
      "q": 2,
      "basis_rank": 5,
      "dimension_d": 5,
      "minimum_cubic_coefficient": 7,
      "det_multiplication_P": "5",
      "semisimple_over_C": true,
      "char_polynomial_C3_x1_control": []
    },
    {
      "H_moduli": [
        3
      ],
      "q": 1,
      "basis_rank": 4,
      "dimension_d": 3,
      "minimum_cubic_coefficient": 3,
      "det_multiplication_P": "0",
      "semisimple_over_C": false,
      "char_polynomial_C3_x1_control": []
    }
  ]
}
