error: supplement.tex:308: ! LaTeX Error: File `compression_tables.tex' not found.
error: halted on potentially-recoverable error as specified
        2.48 real         0.30 user         0.06 sys
           216776704  maximum resident set size
                   0  average shared memory size
                   0  average unshared data size
                   0  average unshared stack size
               13438  page reclaims
                 211  page faults
                   0  swaps
                   0  block input operations
                   0  block output operations
                  45  messages sent
                 415  messages received
                   0  signals received
                  34  voluntary context switches
                1053  involuntary context switches
          4089893762  instructions retired
          1110429555  cycles elapsed
           201573192  peak memory footprint
