error: supplement.tex:442: ! LaTeX Error: File `certificate_appendix.tex' not found.
error: halted on potentially-recoverable error as specified
        0.91 real         0.29 user         0.06 sys
           216547328  maximum resident set size
                   0  average shared memory size
                   0  average unshared data size
                   0  average unshared stack size
               13461  page reclaims
                 170  page faults
                   0  swaps
                   0  block input operations
                   0  block output operations
                  23  messages sent
                  43  messages received
                   0  signals received
                 190  voluntary context switches
                 333  involuntary context switches
          4129139663  instructions retired
          1090143679  cycles elapsed
           201442168  peak memory footprint
