Traceback (most recent call last):
  File "/Users/alec/Documents/Math/k2p_same_neutral_referee_rereview_2026-08-25/independent_checks/provenance/quartet_path_reproducer/extraction_alpha/work/quartet_separation_closure/verify_quartet_logic.py", line 525, in <module>
    main()
    ~~~~^^
  File "/Users/alec/Documents/Math/k2p_same_neutral_referee_rereview_2026-08-25/independent_checks/provenance/quartet_path_reproducer/extraction_alpha/work/quartet_separation_closure/verify_quartet_logic.py", line 465, in main
    spec = load_spec(spec_path)
  File "/Users/alec/Documents/Math/k2p_same_neutral_referee_rereview_2026-08-25/independent_checks/provenance/quartet_path_reproducer/extraction_alpha/work/quartet_separation_closure/verify_quartet_logic.py", line 78, in load_spec
    require(
    ~~~~~~~^
        spectrum["C"] == spectrum["T"],
        ^^^^^^^^^^^^^^^^^^^^^^^^^^^^^^^
        "EQUAL_SECTOR_SPECTRUM_FAIL",
        ^^^^^^^^^^^^^^^^^^^^^^^^^^^^^
        spectrum,
        ^^^^^^^^^
    )
    ^
  File "/Users/alec/Documents/Math/k2p_same_neutral_referee_rereview_2026-08-25/independent_checks/provenance/quartet_path_reproducer/extraction_alpha/work/quartet_separation_closure/verify_quartet_logic.py", line 47, in require
    raise QuartetFailure(f"{code}{suffix}")
QuartetFailure: EQUAL_SECTOR_SPECTRUM_FAIL:{'0': '1', 'C': 's', 'G': 's', 'T': 'g'}
