Traceback (most recent call last):
  File "/Users/alec/Documents/Math/k2p_same_fresh_referee_2026-08-27_r4/independent_checks/computation/entrypoint_optimized/driver_semantic_mutation/portable/resumable_four_port_driver.py", line 877, in <module>
    main()
    ~~~~^^
  File "/Users/alec/Documents/Math/k2p_same_fresh_referee_2026-08-27_r4/independent_checks/computation/entrypoint_optimized/driver_semantic_mutation/portable/resumable_four_port_driver.py", line 869, in main
    run_source(
    ~~~~~~~~~~^
        args, source_index, atlas, sources, targets, rows, source_descriptors, cache, ranks,
        ^^^^^^^^^^^^^^^^^^^^^^^^^^^^^^^^^^^^^^^^^^^^^^^^^^^^^^^^^^^^^^^^^^^^^^^^^^^^^^^^^^^^
        compiler_sha, canonicalizer_sha, descriptor_pickle_sha, rank_pickle_sha,
        ^^^^^^^^^^^^^^^^^^^^^^^^^^^^^^^^^^^^^^^^^^^^^^^^^^^^^^^^^^^^^^^^^^^^^^^^
        schema_sha, input_lock_sha, hard_hash,
        ^^^^^^^^^^^^^^^^^^^^^^^^^^^^^^^^^^^^^^
    )
    ^
  File "/Users/alec/Documents/Math/k2p_same_fresh_referee_2026-08-27_r4/independent_checks/computation/entrypoint_optimized/driver_semantic_mutation/portable/resumable_four_port_driver.py", line 675, in run_source
    status, certificate, stratum, member_rows, child_requests, elapsed = classify_one(
                                                                         ~~~~~~~~~~~~^
        atlas, source_index, class_id, source_descriptor, descriptor,
        ^^^^^^^^^^^^^^^^^^^^^^^^^^^^^^^^^^^^^^^^^^^^^^^^^^^^^^^^^^^^^
        members[class_id], sources, targets, hard_hash,
        ^^^^^^^^^^^^^^^^^^^^^^^^^^^^^^^^^^^^^^^^^^^^^^^
        prepared_mixed_source, source_insertions,
        ^^^^^^^^^^^^^^^^^^^^^^^^^^^^^^^^^^^^^^^^^
    )
    ^
  File "/Users/alec/Documents/Math/k2p_same_fresh_referee_2026-08-27_r4/independent_checks/computation/entrypoint_optimized/driver_semantic_mutation/portable/resumable_four_port_driver.py", line 316, in classify_one
    separator = atlas.quadratic_separator_fast(source_descriptor, target_descriptor, max_block_size=16)
  File "/Users/alec/Documents/Math/k2p_same_fresh_referee_2026-08-27_r4/independent_checks/computation/entrypoint_optimized/driver_semantic_mutation/portable/atlas/k2p_atlas_core.py", line 826, in quadratic_separator_fast
    assert not sparse_lincomb(tc,ivec)
           ^^^^^^^^^^^^^^^^^^^^^^^^^^^
AssertionError
