Updating fe5f86c29..4600b719b
Fast-forward
 .../FINAL_AUTHOR_MANIFEST.json                     | 182 +++++++++++
 .../30004322_arrangement_seshadri/FINAL_RESULT.md  |  11 +
 .../FINAL_REVIEW_REQUEST.md                        |   9 +
 .../PUBLICATION_SCOPE.json                         |  12 +
 .../README_PUBLICATION.md                          |  18 ++
 .../30004322_arrangement_seshadri/REPLAY_ALL.py    |  16 +
 .../SOURCE_ADDITION_FINAL.json                     |  15 +
 .../30004322_arrangement_seshadri/SOURCE_GATE.md   |  13 +
 .../SOURCE_MANIFEST.json                           |  25 ++
 problems/30004322_arrangement_seshadri/STATE.json  |   8 +
 .../30004322_arrangement_seshadri/STATE_T2.json    |   7 +
 .../30004322_arrangement_seshadri/STATE_T3.json    |   7 +
 .../30004322_arrangement_seshadri/STATE_T4.json    |   6 +
 .../30004322_arrangement_seshadri/STATE_T5.json    |   6 +
 problems/30004322_arrangement_seshadri/TURN_1.md   |  84 ++++++
 .../TURN_1_CHECKS.json                             |  30 ++
 .../TURN_1_MANIFEST.json                           |  36 +++
 .../TURN_1_REMOTE_RECEIPT.json                     |  41 +++
 problems/30004322_arrangement_seshadri/TURN_2.md   |  84 ++++++
 .../TURN_2_CHECKS.json                             |  15 +
 .../TURN_2_MANIFEST.json                           |  32 ++
 .../TURN_2_REMOTE_RECEIPT.json                     |  71 +++++
 problems/30004322_arrangement_seshadri/TURN_3.md   |  73 +++++
 .../TURN_3_CHECKS.json                             |  11 +
 .../TURN_3_MANIFEST.json                           |  32 ++
 .../TURN_3_REMOTE_RECEIPT.json                     | 101 +++++++
 problems/30004322_arrangement_seshadri/TURN_4.md   |  83 +++++
 .../TURN_4_CHECKS.json                             |   7 +
 .../TURN_4_MANIFEST.json                           |  32 ++
 .../TURN_4_REMOTE_RECEIPT.json                     | 131 ++++++++
 problems/30004322_arrangement_seshadri/TURN_5.md   |  63 ++++
 .../TURN_5_CHECKS.json                             |  24 ++
 .../TURN_5_MANIFEST.json                           |  37 +++
 .../30004322_arrangement_seshadri/check_turn_1.py  |  41 +++
 .../30004322_arrangement_seshadri/check_turn_2.py  |  55 ++++
 .../30004322_arrangement_seshadri/check_turn_3.py  |  41 +++
 .../30004322_arrangement_seshadri/check_turn_4.py  |  32 ++
 .../30004322_arrangement_seshadri/check_turn_5.py  |  39 +++
 .../review/ADVERSARIAL_REVIEW.md                   |  67 +++++
 .../review/AUTHOR_REPLAY.json                      |   1 +
 .../review/INDEPENDENT_CHECKS.json                 |  76 +++++
 .../review/REMOTE_BINDING.json                     | 333 +++++++++++++++++++++
 .../review/REVIEW_MANIFEST.json                    |  43 +++
 .../review/SOURCE_REVIEW.json                      |  50 ++++
 .../review/independent_checks.py                   | 196 ++++++++++++
 .../review/verify_review.py                        |  15 +
 unsolved_math_prioritization/QUEUE.md              |   2 +-
 47 files changed, 2312 insertions(+), 1 deletion(-)
 create mode 100644 problems/30004322_arrangement_seshadri/FINAL_AUTHOR_MANIFEST.json
 create mode 100644 problems/30004322_arrangement_seshadri/FINAL_RESULT.md
 create mode 100644 problems/30004322_arrangement_seshadri/FINAL_REVIEW_REQUEST.md
 create mode 100644 problems/30004322_arrangement_seshadri/PUBLICATION_SCOPE.json
 create mode 100644 problems/30004322_arrangement_seshadri/README_PUBLICATION.md
 create mode 100644 problems/30004322_arrangement_seshadri/REPLAY_ALL.py
 create mode 100644 problems/30004322_arrangement_seshadri/SOURCE_ADDITION_FINAL.json
 create mode 100644 problems/30004322_arrangement_seshadri/SOURCE_GATE.md
 create mode 100644 problems/30004322_arrangement_seshadri/SOURCE_MANIFEST.json
 create mode 100644 problems/30004322_arrangement_seshadri/STATE.json
 create mode 100644 problems/30004322_arrangement_seshadri/STATE_T2.json
 create mode 100644 problems/30004322_arrangement_seshadri/STATE_T3.json
 create mode 100644 problems/30004322_arrangement_seshadri/STATE_T4.json
 create mode 100644 problems/30004322_arrangement_seshadri/STATE_T5.json
 create mode 100644 problems/30004322_arrangement_seshadri/TURN_1.md
 create mode 100644 problems/30004322_arrangement_seshadri/TURN_1_CHECKS.json
 create mode 100644 problems/30004322_arrangement_seshadri/TURN_1_MANIFEST.json
 create mode 100644 problems/30004322_arrangement_seshadri/TURN_1_REMOTE_RECEIPT.json
 create mode 100644 problems/30004322_arrangement_seshadri/TURN_2.md
 create mode 100644 problems/30004322_arrangement_seshadri/TURN_2_CHECKS.json
 create mode 100644 problems/30004322_arrangement_seshadri/TURN_2_MANIFEST.json
 create mode 100644 problems/30004322_arrangement_seshadri/TURN_2_REMOTE_RECEIPT.json
 create mode 100644 problems/30004322_arrangement_seshadri/TURN_3.md
 create mode 100644 problems/30004322_arrangement_seshadri/TURN_3_CHECKS.json
 create mode 100644 problems/30004322_arrangement_seshadri/TURN_3_MANIFEST.json
 create mode 100644 problems/30004322_arrangement_seshadri/TURN_3_REMOTE_RECEIPT.json
 create mode 100644 problems/30004322_arrangement_seshadri/TURN_4.md
 create mode 100644 problems/30004322_arrangement_seshadri/TURN_4_CHECKS.json
 create mode 100644 problems/30004322_arrangement_seshadri/TURN_4_MANIFEST.json
 create mode 100644 problems/30004322_arrangement_seshadri/TURN_4_REMOTE_RECEIPT.json
 create mode 100644 problems/30004322_arrangement_seshadri/TURN_5.md
 create mode 100644 problems/30004322_arrangement_seshadri/TURN_5_CHECKS.json
 create mode 100644 problems/30004322_arrangement_seshadri/TURN_5_MANIFEST.json
 create mode 100644 problems/30004322_arrangement_seshadri/check_turn_1.py
 create mode 100644 problems/30004322_arrangement_seshadri/check_turn_2.py
 create mode 100644 problems/30004322_arrangement_seshadri/check_turn_3.py
 create mode 100644 problems/30004322_arrangement_seshadri/check_turn_4.py
 create mode 100644 problems/30004322_arrangement_seshadri/check_turn_5.py
 create mode 100644 problems/30004322_arrangement_seshadri/review/ADVERSARIAL_REVIEW.md
 create mode 100644 problems/30004322_arrangement_seshadri/review/AUTHOR_REPLAY.json
 create mode 100644 problems/30004322_arrangement_seshadri/review/INDEPENDENT_CHECKS.json
 create mode 100644 problems/30004322_arrangement_seshadri/review/REMOTE_BINDING.json
 create mode 100644 problems/30004322_arrangement_seshadri/review/REVIEW_MANIFEST.json
 create mode 100644 problems/30004322_arrangement_seshadri/review/SOURCE_REVIEW.json
 create mode 100644 problems/30004322_arrangement_seshadri/review/independent_checks.py
 create mode 100644 problems/30004322_arrangement_seshadri/review/verify_review.py
