{
  "actual_379_merge": "3ef0b0f3fa8cdaf3561c0a38408bb29719ecac6d",
  "actual_main": "e491808c3544ff44e8526d9b24857b5c9ca64208",
  "all_ancestry_checks_pass": true,
  "author_manifest_entries_bound_to_repaired_head": {
    "FINAL_AUTHOR_MANIFEST.json": 35,
    "TURN_1_MANIFEST.json": 6,
    "TURN_2_MANIFEST.json": 5,
    "TURN_3_MANIFEST.json": 5,
    "TURN_4_MANIFEST.json": 5,
    "TURN_5_MANIFEST.json": 6
  },
  "author_turns": "5/5",
  "current_packet_state": {
    "author_search_stopped": true,
    "author_turns": 5,
    "problem_id": 30004322,
    "status": "original unresolved"
  },
  "current_publication_scope": {
    "author_commit": "dd1736df47b536de489f8e5a651f22a1ebca6205",
    "author_files_preserved": 36,
    "author_turns": 5,
    "novelty_certified": false,
    "problem_id": 30004322,
    "raw_sources_included": false,
    "review_files_preserved": 8,
    "review_verdict": "PASS_SCOPED_ORIGINAL_UNSOLVED_5_OF_5",
    "source_publication_date": "2020-11-19",
    "status": "unsolved"
  },
  "historical_receipts_bound_to_repaired_head": [
    {
      "all_match_repaired_and_historical_objects": true,
      "entries": 7,
      "head": "ea8215a07e18462da8c0e4b568654cab28cbec4b",
      "turn": 1
    },
    {
      "all_match_repaired_and_historical_objects": true,
      "entries": 13,
      "head": "147c369e6308381ffe471e218224c6faffdd5150",
      "turn": 2
    },
    {
      "all_match_repaired_and_historical_objects": true,
      "entries": 19,
      "head": "6427103ac32142baa19a08c8e688be5074e36dd5",
      "turn": 3
    },
    {
      "all_match_repaired_and_historical_objects": true,
      "entries": 25,
      "head": "a34226cad5a30ac024a9d06e7a74d868f49e11bb",
      "turn": 4
    }
  ],
  "live_github_metadata": {
    "base_ref": "main",
    "base_sha": "e491808c3544ff44e8526d9b24857b5c9ca64208",
    "changed_files": 47,
    "draft": true,
    "head_ref": "math/30004322-arrangement-seshadri-wip",
    "head_sha": "de6889b0ca34ceba9a08b85637272afe0b14af77",
    "html_url": "https://github.com/AlecKriebel/Math/pull/378",
    "merge_commit_sha": "fd3654f6fae22e55fc48b30517ee1f387edd99bc",
    "merged": false,
    "number": 378,
    "state": "open",
    "title": "30004322: reviewed Seshadri partials; original unsolved (5/5)"
  },
  "mandatory_math_repairs": [],
  "math_files_identical_original_repaired_freeze_and_git": 46,
  "merge_base": "e491808c3544ff44e8526d9b24857b5c9ca64208",
  "mutations": "own audit evidence files only; no candidate/index/Git/remote/service/paper/DOI mutation",
  "old_author_freeze_entries_bound_to_repaired_head": 36,
  "old_review_manifest_entries": 7,
  "original_conjecture_status": "unsolved",
  "original_head": "5da73632ab7a621de7b62edb5f70dfb8017e4a50",
  "original_problem_resolution_percent": 0,
  "original_snapshot_manifest_sha256": "cbc37df7cf062c444f42f5c81f600505dc7bcb1b662190a06a920196b4fa3c1f",
  "packet_file_count": 46,
  "parents": [
    "5da73632ab7a621de7b62edb5f70dfb8017e4a50",
    "e491808c3544ff44e8526d9b24857b5c9ca64208"
  ],
  "pr_diff_paths": 47,
  "queue": {
    "after_row": "| 402 | 30004322 / OWR-17296-003 | Seshadri Constants of Line Arrangement Singularities | 0.1409 | 5.0 | 3 | 2019 | unsolved | 5/5 |  |  |  |\n",
    "all_other_queue_bytes_identical": true,
    "all_prior_queue_outcomes_preserved": true,
    "base_bytes": 382073,
    "base_sha256": "a1210bbc36ebd6cd4ced6480edb0fe5e01d28bac59ebd2cf4910312853e396be",
    "before_row": "| 402 | 30004322 / OWR-17296-003 | Seshadri Constants of Line Arrangement Singularities | 0.1409 | 5.0 | 3 | 2019 | queued | 0/5 |  |  |  |\n",
    "changed_pipe_cells": [
      8,
      9
    ],
    "displayed_rank": 402,
    "head_bytes": 382075,
    "head_sha256": "78ed3d11ae95cf6b72550ce1df5dc6143ad2bc6b21a9d817cdc149314e3d3513",
    "physical_line": 413
  },
  "raw_source_files_in_packet": 0,
  "remaining_audit_gates": [],
  "remaining_mathematical_gap": "arbitrary realizable complex line arrangements outside proved subclasses/certified range",
  "repaired_freeze_bindings": [
    {
      "bytes": 5396,
      "git_blob": "231755e040066926cc997b4091228078dd5e8311",
      "original_unchanged": true,
      "path": "problems/30004322_arrangement_seshadri/FINAL_AUTHOR_MANIFEST.json",
      "repaired_freeze_matches": true,
      "sha256": "7df340e34bab39476fcafb29c1f980617c477f698d06ed9fb18f931367ccb101"
    },
    {
      "bytes": 1589,
      "git_blob": "a7580fadcaf60e72609f40fba595bd80ed4d36b0",
      "original_unchanged": true,
      "path": "problems/30004322_arrangement_seshadri/FINAL_RESULT.md",
      "repaired_freeze_matches": true,
      "sha256": "001ef8f6e1dbdb21529b6ef9f3d5283dc9486135849a405cda7613a3fd94e11c"
    },
    {
      "bytes": 1995,
      "git_blob": "5537c5b5556e86620d927e1dd069d2131dea20d3",
      "original_unchanged": true,
      "path": "problems/30004322_arrangement_seshadri/FINAL_REVIEW_REQUEST.md",
      "repaired_freeze_matches": true,
      "sha256": "6599925845ac310382d57792b12ff11f7a4d7b7ea7ef725e673da8b78aeff6c4"
    },
    {
      "bytes": 366,
      "git_blob": "84031d8829e2628e73aa7446d760cd238aa51087",
      "original_unchanged": true,
      "path": "problems/30004322_arrangement_seshadri/PUBLICATION_SCOPE.json",
      "repaired_freeze_matches": true,
      "sha256": "3a08217be1ecdb9adc94dbee2096a19b245dae5c787662548d5335701c5ff681"
    },
    {
      "bytes": 2157,
      "git_blob": "0adcd99c3f135286f37ded5ff1c88b48ae74a33f",
      "original_unchanged": true,
      "path": "problems/30004322_arrangement_seshadri/README_PUBLICATION.md",
      "repaired_freeze_matches": true,
      "sha256": "7b42f4ec5231f06a4ebdda3df807a7bd45120386090908000b5f7c7f675ca7e6"
    },
    {
      "bytes": 983,
      "git_blob": "babf66b82144927bcc0d98a0138510da2b925152",
      "original_unchanged": true,
      "path": "problems/30004322_arrangement_seshadri/REPLAY_ALL.py",
      "repaired_freeze_matches": true,
      "sha256": "e71103d84e6e39f472fb7444b11e299b6777e8aa20c65aa2c79e66d5db15375d"
    },
    {
      "bytes": 393,
      "git_blob": "fee30b44d5f19af3ccdc921b65bb47f3aacf461f",
      "original_unchanged": true,
      "path": "problems/30004322_arrangement_seshadri/SOURCE_ADDITION_FINAL.json",
      "repaired_freeze_matches": true,
      "sha256": "0308cfcd6c08d7a4feb357250f2e532e66f4e6625f54a2fa7b21a3378c5e26c6"
    },
    {
      "bytes": 2444,
      "git_blob": "3f91b4523ebe05dc526342bbb0fac16418c4b3f0",
      "original_unchanged": true,
      "path": "problems/30004322_arrangement_seshadri/SOURCE_GATE.md",
      "repaired_freeze_matches": true,
      "sha256": "4ac8137c485c0858d989e1d52ffb80a7320e0a983a2fe923ae8ea7c8d74a32b8"
    },
    {
      "bytes": 693,
      "git_blob": "f459a930a99f3d8f2633f0f5b4c8f43876ad1b1c",
      "original_unchanged": true,
      "path": "problems/30004322_arrangement_seshadri/SOURCE_MANIFEST.json",
      "repaired_freeze_matches": true,
      "sha256": "859a111b15ca0cf41a851a0107dee49f624d1065330f420d872619b73eb221a0"
    },
    {
      "bytes": 257,
      "git_blob": "0df45ab934d35443355eee8b71961f246804ad9a",
      "original_unchanged": true,
      "path": "problems/30004322_arrangement_seshadri/STATE.json",
      "repaired_freeze_matches": true,
      "sha256": "3215e598df476f036ccbf8fea17b0854910cfa2dc442aef5fdfd212735c2e391"
    },
    {
      "bytes": 261,
      "git_blob": "d7ddb4e2afb9f3d67945978188e04e59281f096c",
      "original_unchanged": true,
      "path": "problems/30004322_arrangement_seshadri/STATE_T2.json",
      "repaired_freeze_matches": true,
      "sha256": "f96bfa68080c483a93adebdb8abf95310ce9ac48d4f3e36d12ec03dd1c6fdbcb"
    },
    {
      "bytes": 249,
      "git_blob": "55c825b0d4d165b6701460238d26786365ee98c5",
      "original_unchanged": true,
      "path": "problems/30004322_arrangement_seshadri/STATE_T3.json",
      "repaired_freeze_matches": true,
      "sha256": "81362b780d8780ea3f6cb5f39bd4916e3e8de4c6f112ac7e4a9753e49f98bd63"
    },
    {
      "bytes": 185,
      "git_blob": "2a46ba84f39aa53e802615285a343c5dd119fdd2",
      "original_unchanged": true,
      "path": "problems/30004322_arrangement_seshadri/STATE_T4.json",
      "repaired_freeze_matches": true,
      "sha256": "4c2598ac743412fd3b3f584a7ae9b7a7410c57f9bdfb118f9c0d1b2358d557a6"
    },
    {
      "bytes": 118,
      "git_blob": "3c192ca477470d6e34dfc7c3c722985f3aef5543",
      "original_unchanged": true,
      "path": "problems/30004322_arrangement_seshadri/STATE_T5.json",
      "repaired_freeze_matches": true,
      "sha256": "317ac55bc5e4d6c62dd14073bdd74987388759d6980c5c7ee18fa75b0458a2ab"
    },
    {
      "bytes": 7234,
      "git_blob": "cf4edd6e58b918abdde160d01e05938f5f2f012e",
      "original_unchanged": true,
      "path": "problems/30004322_arrangement_seshadri/TURN_1.md",
      "repaired_freeze_matches": true,
      "sha256": "6a435ca05b48794a217eaf86fafee1ec4a2080af064fb3fa9d4afd9f0b8c5bdc"
    },
    {
      "bytes": 502,
      "git_blob": "b8de28aa67d2e6714274f18cf11317b72d75ec15",
      "original_unchanged": true,
      "path": "problems/30004322_arrangement_seshadri/TURN_1_CHECKS.json",
      "repaired_freeze_matches": true,
      "sha256": "57dd22a0b3cbbdfbbb3f1159f298c8b421a80c40cb1a92563ba7492b703d1526"
    },
    {
      "bytes": 960,
      "git_blob": "76a4a8fad64ee5c29b9fd7e79a22bdcf13b5b5cc",
      "original_unchanged": true,
      "path": "problems/30004322_arrangement_seshadri/TURN_1_MANIFEST.json",
      "repaired_freeze_matches": true,
      "sha256": "36c7e4259e74c131f9e7f0f7d1cdd12443142e0f2208be9b73b1dc23c4fb93e3"
    },
    {
      "bytes": 959,
      "git_blob": "b22651935c9e33ed3ab715578cd8ca00a8835f37",
      "original_unchanged": true,
      "path": "problems/30004322_arrangement_seshadri/TURN_1_REMOTE_RECEIPT.json",
      "repaired_freeze_matches": true,
      "sha256": "40a0dfdd4165212bb5ca62dec3c3d5cca6485af0e921b27e6e989caa5d52d6e1"
    },
    {
      "bytes": 5827,
      "git_blob": "e60a37c05abd0d950f432f18daa62dae6ea70b13",
      "original_unchanged": true,
      "path": "problems/30004322_arrangement_seshadri/TURN_2.md",
      "repaired_freeze_matches": true,
      "sha256": "9eea517b5c4e059cd6f39c01daaf79c0060ea68bc0b3d700d4ab6233c0f4678c"
    },
    {
      "bytes": 449,
      "git_blob": "5ac4d1ffaa80e1b9e8e0fc755f9970b559c2d210",
      "original_unchanged": true,
      "path": "problems/30004322_arrangement_seshadri/TURN_2_CHECKS.json",
      "repaired_freeze_matches": true,
      "sha256": "ac112d827fe36f4b193c118854203541b50ceccee170a822eae3cb876d9ed14c"
    },
    {
      "bytes": 918,
      "git_blob": "87adc955171ffc0be900734b145b89692779f99b",
      "original_unchanged": true,
      "path": "problems/30004322_arrangement_seshadri/TURN_2_MANIFEST.json",
      "repaired_freeze_matches": true,
      "sha256": "aaf5bd4ce941577a7346c4fb7877bdb77e51243d6dd2bdb71644d57e5ab6e578"
    },
    {
      "bytes": 1698,
      "git_blob": "de5e521291081789857187cf1db1f0e387595f18",
      "original_unchanged": true,
      "path": "problems/30004322_arrangement_seshadri/TURN_2_REMOTE_RECEIPT.json",
      "repaired_freeze_matches": true,
      "sha256": "a34587f7a723bcbbc51b8d702e7bd7119be6bf32d5f5dab807710931c691f262"
    },
    {
      "bytes": 6218,
      "git_blob": "2a2a7f7ad8cf825d0f9589c703031ac5bbae0de7",
      "original_unchanged": true,
      "path": "problems/30004322_arrangement_seshadri/TURN_3.md",
      "repaired_freeze_matches": true,
      "sha256": "54b9d6a587da4e9941a0ffe5a54deff06707197deb2bdbda7a63ee9f0e72226c"
    },
    {
      "bytes": 304,
      "git_blob": "8958266a34af3dd464900c198a8fce8f155b31e4",
      "original_unchanged": true,
      "path": "problems/30004322_arrangement_seshadri/TURN_3_CHECKS.json",
      "repaired_freeze_matches": true,
      "sha256": "45cabfbdc2e638a785fed66d34b9e66b63a6f6b31a448a2227a32fd010eacb38"
    },
    {
      "bytes": 919,
      "git_blob": "3bfb14a5687adc55d172127ef8df3639622f93f1",
      "original_unchanged": true,
      "path": "problems/30004322_arrangement_seshadri/TURN_3_MANIFEST.json",
      "repaired_freeze_matches": true,
      "sha256": "d200da8ede97d1b3a1ad9674cd3218d870f7fbf7613c5d2cf020f76107203eac"
    },
    {
      "bytes": 2438,
      "git_blob": "b12e2b53478ad2b2a8d71ce01d7d9ca2fbc8b86b",
      "original_unchanged": true,
      "path": "problems/30004322_arrangement_seshadri/TURN_3_REMOTE_RECEIPT.json",
      "repaired_freeze_matches": true,
      "sha256": "9b9eed69a9ff4ff0b12853745bc84e50f7150c72e40efef75d1f0250cb54b4c2"
    },
    {
      "bytes": 5482,
      "git_blob": "32e233799f80239c7e19cf2594055f612ef5f601",
      "original_unchanged": true,
      "path": "problems/30004322_arrangement_seshadri/TURN_4.md",
      "repaired_freeze_matches": true,
      "sha256": "ef67a4add82358d19ea0fac30077a217691f3134378318058f30cf0e3a380300"
    },
    {
      "bytes": 214,
      "git_blob": "23a35f1e03755456833ed775c1ecc78594e3bcbf",
      "original_unchanged": true,
      "path": "problems/30004322_arrangement_seshadri/TURN_4_CHECKS.json",
      "repaired_freeze_matches": true,
      "sha256": "3be991395bc4f0646e7179a373e4788e5120c30a5aa8ae3e76fb3340a7dfc2c7"
    },
    {
      "bytes": 919,
      "git_blob": "0f5555829d1109ebc4ad711b14d92e4df1116c78",
      "original_unchanged": true,
      "path": "problems/30004322_arrangement_seshadri/TURN_4_MANIFEST.json",
      "repaired_freeze_matches": true,
      "sha256": "956be587943619a244a4626adac8eeab65bc181aaf05d069084144f6688f12c1"
    },
    {
      "bytes": 3178,
      "git_blob": "d541f5d608ecc494855dbbbcad3e812b01713f37",
      "original_unchanged": true,
      "path": "problems/30004322_arrangement_seshadri/TURN_4_REMOTE_RECEIPT.json",
      "repaired_freeze_matches": true,
      "sha256": "b38daf79dd869d0919763fb75620bfe7c618080b05056ea062c320e5c3953583"
    },
    {
      "bytes": 6169,
      "git_blob": "4e016f752a3a6f86357ac5f610367e022a06712c",
      "original_unchanged": true,
      "path": "problems/30004322_arrangement_seshadri/TURN_5.md",
      "repaired_freeze_matches": true,
      "sha256": "f37581e2db636c9dcedd5e003b5984ee93c38cbb4f2cc8847711b33e6fb80b8e"
    },
    {
      "bytes": 386,
      "git_blob": "977703d85e46548ff547038b0ce42cb5604c0d23",
      "original_unchanged": true,
      "path": "problems/30004322_arrangement_seshadri/TURN_5_CHECKS.json",
      "repaired_freeze_matches": true,
      "sha256": "938f046bbc7db56ed39f78284ad56f9d92fda90d97bef1f5059f8b0da658fab7"
    },
    {
      "bytes": 1079,
      "git_blob": "0467c4cfcfbdf02ae7a7232f049448e05314c43a",
      "original_unchanged": true,
      "path": "problems/30004322_arrangement_seshadri/TURN_5_MANIFEST.json",
      "repaired_freeze_matches": true,
      "sha256": "a3cbc51235a2c74371a0ef6a0b7363d9785db89f7ec2755d473b24499e31ba64"
    },
    {
      "bytes": 1997,
      "git_blob": "529848fe53953265b23dac0cf75983cb7934db5a",
      "original_unchanged": true,
      "path": "problems/30004322_arrangement_seshadri/check_turn_1.py",
      "repaired_freeze_matches": true,
      "sha256": "369555ac64841faa7f3ed5477b60dec73e537246a925466b716e6f00e9526a31"
    },
    {
      "bytes": 2808,
      "git_blob": "908859cf2c71e7becf72cc7a9b7b4c84450a44df",
      "original_unchanged": true,
      "path": "problems/30004322_arrangement_seshadri/check_turn_2.py",
      "repaired_freeze_matches": true,
      "sha256": "00483a0229b5f6c590857dc704db9a8f37ef5b2df05a6ed8eb4b9c034984e666"
    },
    {
      "bytes": 1999,
      "git_blob": "78531a1b5bf507194991b5519f70dacb626a94e7",
      "original_unchanged": true,
      "path": "problems/30004322_arrangement_seshadri/check_turn_3.py",
      "repaired_freeze_matches": true,
      "sha256": "db375cbf1e22a87bd89bf2f4947d413a195ad0fbfd769977c3da648e6a70840c"
    },
    {
      "bytes": 1673,
      "git_blob": "783c1e80bfdb615b0f1e633974dce4d7ad32dd40",
      "original_unchanged": true,
      "path": "problems/30004322_arrangement_seshadri/check_turn_4.py",
      "repaired_freeze_matches": true,
      "sha256": "e885f98ff9f7323b4f9d769dfb3cf7d795917524c46715057fd8452704ca8a3f"
    },
    {
      "bytes": 1481,
      "git_blob": "ab2a0eb30642cd012489abc8b6a2c01c133fffb9",
      "original_unchanged": true,
      "path": "problems/30004322_arrangement_seshadri/check_turn_5.py",
      "repaired_freeze_matches": true,
      "sha256": "1d82f334b7bd83a92f8b741e015952742c52ae6d546cfd0b349d5acae6ea8ce4"
    },
    {
      "bytes": 10770,
      "git_blob": "7a335c7490a4ccc29d209b111a2504288fada934",
      "original_unchanged": true,
      "path": "problems/30004322_arrangement_seshadri/review/ADVERSARIAL_REVIEW.md",
      "repaired_freeze_matches": true,
      "sha256": "216838b3f2c92aea5bc7ec8823dc69ff68b80951aa6df7e59d21cc5be6cec046"
    },
    {
      "bytes": 107,
      "git_blob": "2d6054639f05ec370ccbd9b29a0d4576aef8a217",
      "original_unchanged": true,
      "path": "problems/30004322_arrangement_seshadri/review/AUTHOR_REPLAY.json",
      "repaired_freeze_matches": true,
      "sha256": "73eb477221022f1fea87f5bed91786991cffed78d7174796b1ff1f8370dfc96f"
    },
    {
      "bytes": 2348,
      "git_blob": "11e798c91955aa7283995923416be2e5b822dac1",
      "original_unchanged": true,
      "path": "problems/30004322_arrangement_seshadri/review/INDEPENDENT_CHECKS.json",
      "repaired_freeze_matches": true,
      "sha256": "d480446bb0d9d49d452a8250aee47c7571f4d442f445427356cc8d85f4bf40f1"
    },
    {
      "bytes": 12473,
      "git_blob": "56b8385581b2716cccd10f14bf226dd52a536939",
      "original_unchanged": true,
      "path": "problems/30004322_arrangement_seshadri/review/REMOTE_BINDING.json",
      "repaired_freeze_matches": true,
      "sha256": "3ad651ca2af631b36e6d46b1899f6647af4066db39774214f0a2fe003a3ad53b"
    },
    {
      "bytes": 1340,
      "git_blob": "ee84b256c1380757c3a40e01f63b830663f8a9e9",
      "original_unchanged": true,
      "path": "problems/30004322_arrangement_seshadri/review/REVIEW_MANIFEST.json",
      "repaired_freeze_matches": true,
      "sha256": "aae25f622f23ed4185c95bc389a47dd153a3e17ef6ae4bbc8a21d6f76afd6e94"
    },
    {
      "bytes": 2368,
      "git_blob": "80bde31e83bec69a5e260d4786ea918c380534c3",
      "original_unchanged": true,
      "path": "problems/30004322_arrangement_seshadri/review/SOURCE_REVIEW.json",
      "repaired_freeze_matches": true,
      "sha256": "4556f451a2feeae9d2f3d623539e53d84dcf8f9216a5043220eb4954d9514401"
    },
    {
      "bytes": 9632,
      "git_blob": "f40adec43fa6b9e75ac82007d89611226f302f76",
      "original_unchanged": true,
      "path": "problems/30004322_arrangement_seshadri/review/independent_checks.py",
      "repaired_freeze_matches": true,
      "sha256": "965d3ccae74c60fd4296db5aa3b4f1e18e010d21fa355ea7e31ac344e2c723ff"
    },
    {
      "bytes": 1659,
      "git_blob": "54beb9c5bfd5d616984263ae89bf75d97eb42180",
      "original_unchanged": true,
      "path": "problems/30004322_arrangement_seshadri/review/verify_review.py",
      "repaired_freeze_matches": true,
      "sha256": "c96efa659be3a8da5542f56ef5b408b484b5881b803a946705e0812683e5ce9a"
    },
    {
      "bytes": 382075,
      "git_blob": "52e6def5c217147c52d783c1e016278f19488039",
      "original_unchanged": false,
      "path": "unsolved_math_prioritization/QUEUE.md",
      "repaired_freeze_matches": true,
      "sha256": "78ed3d11ae95cf6b72550ce1df5dc6143ad2bc6b21a9d817cdc149314e3d3513"
    }
  ],
  "repaired_head": "de6889b0ca34ceba9a08b85637272afe0b14af77",
  "repaired_snapshot_manifest_sha256": "0a54e5025f467453e63b6a3c036fabd64e7cf19a7fd03a962a327bcd4def9060",
  "scope_completion_percent": 100,
  "status": "PASS_SCOPED_FINAL_REPAIRED_PACKAGE",
  "tree": "c810b51c5d552bc0ce745ccfeddcf4e64074b85b",
  "utc": "2026-10-03T06:31:33.242564+00:00"
}
