[main fe5f86c29] Accept arrangement partials after final repaired-head audit
 172 files changed, 14296 insertions(+), 16 deletions(-)
 create mode 100644 draft_pr_descending_audit_20261002/audits/pr377_30002200/clean_corrected_final_adversary/.gitignore
 create mode 100644 draft_pr_descending_audit_20261002/audits/pr377_30002200/clean_corrected_final_adversary/CURRENT_AUDIT_STATUS.md
 create mode 100644 draft_pr_descending_audit_20261002/audits/pr377_30002200/clean_corrected_final_adversary/OWN_AUDIT_ERRATUM.md
 create mode 100644 draft_pr_descending_audit_20261002/audits/pr377_30002200/clean_corrected_final_adversary/binding_mutation_receipt.json
 create mode 100644 draft_pr_descending_audit_20261002/audits/pr377_30002200/clean_corrected_final_adversary/correction_falsification.py
 create mode 100644 draft_pr_descending_audit_20261002/audits/pr377_30002200/clean_corrected_final_adversary/correction_falsification.stderr
 create mode 100644 draft_pr_descending_audit_20261002/audits/pr377_30002200/clean_corrected_final_adversary/correction_falsification.stdout
 create mode 100644 draft_pr_descending_audit_20261002/audits/pr377_30002200/clean_corrected_final_adversary/family_geometry_morse_review_independent_local_controls.stderr
 create mode 100644 draft_pr_descending_audit_20261002/audits/pr377_30002200/clean_corrected_final_adversary/family_geometry_morse_review_independent_local_controls.stdout
 create mode 100644 draft_pr_descending_audit_20261002/audits/pr377_30002200/clean_corrected_final_adversary/family_koszul_depth_review_frozen_comparison_controls.stderr
 create mode 100644 draft_pr_descending_audit_20261002/audits/pr377_30002200/clean_corrected_final_adversary/family_koszul_depth_review_frozen_comparison_controls.stdout
 create mode 100644 draft_pr_descending_audit_20261002/audits/pr377_30002200/clean_corrected_final_adversary/family_koszul_depth_review_independent_koszul_controls.stderr
 create mode 100644 draft_pr_descending_audit_20261002/audits/pr377_30002200/clean_corrected_final_adversary/family_koszul_depth_review_independent_koszul_controls.stdout
 create mode 100644 draft_pr_descending_audit_20261002/audits/pr377_30002200/clean_corrected_final_adversary/family_priority_sources_review_independent_source_controls.stderr
 create mode 100644 draft_pr_descending_audit_20261002/audits/pr377_30002200/clean_corrected_final_adversary/family_priority_sources_review_independent_source_controls.stdout
 create mode 100644 draft_pr_descending_audit_20261002/audits/pr377_30002200/clean_corrected_final_adversary/independent.stderr
 create mode 100644 draft_pr_descending_audit_20261002/audits/pr377_30002200/clean_corrected_final_adversary/independent.stdout
 create mode 100644 draft_pr_descending_audit_20261002/audits/pr377_30002200/clean_corrected_final_adversary/independent_claim_and_proof.md
 create mode 100644 draft_pr_descending_audit_20261002/audits/pr377_30002200/clean_corrected_final_adversary/independent_mechanism_checks.py
 create mode 100644 draft_pr_descending_audit_20261002/audits/pr377_30002200/clean_corrected_final_adversary/independent_pre_candidate_seal.json
 create mode 100644 draft_pr_descending_audit_20261002/audits/pr377_30002200/clean_corrected_final_adversary/mathematical_packet_audit.md
 create mode 100644 draft_pr_descending_audit_20261002/audits/pr377_30002200/clean_corrected_final_adversary/mathematical_verdict_seal.json
 create mode 100644 draft_pr_descending_audit_20261002/audits/pr377_30002200/clean_corrected_final_adversary/mutation_0.stderr
 create mode 100644 draft_pr_descending_audit_20261002/audits/pr377_30002200/clean_corrected_final_adversary/mutation_0.stdout
 create mode 100644 draft_pr_descending_audit_20261002/audits/pr377_30002200/clean_corrected_final_adversary/mutation_1.stderr
 create mode 100644 draft_pr_descending_audit_20261002/audits/pr377_30002200/clean_corrected_final_adversary/mutation_1.stdout
 create mode 100644 draft_pr_descending_audit_20261002/audits/pr377_30002200/clean_corrected_final_adversary/mutation_2.stderr
 create mode 100644 draft_pr_descending_audit_20261002/audits/pr377_30002200/clean_corrected_final_adversary/mutation_2.stdout
 create mode 100644 draft_pr_descending_audit_20261002/audits/pr377_30002200/clean_corrected_final_adversary/mutation_3.stderr
 create mode 100644 draft_pr_descending_audit_20261002/audits/pr377_30002200/clean_corrected_final_adversary/mutation_3.stdout
 create mode 100644 draft_pr_descending_audit_20261002/audits/pr377_30002200/clean_corrected_final_adversary/original_verify_publication.stderr
 create mode 100644 draft_pr_descending_audit_20261002/audits/pr377_30002200/clean_corrected_final_adversary/original_verify_publication.stdout
 create mode 100644 draft_pr_descending_audit_20261002/audits/pr377_30002200/clean_corrected_final_adversary/packet_reproduction.json
 create mode 100644 draft_pr_descending_audit_20261002/audits/pr377_30002200/clean_corrected_final_adversary/postseal_comparison_reproduction.json
 create mode 100644 draft_pr_descending_audit_20261002/audits/pr377_30002200/clean_corrected_final_adversary/postseal_family_comparison.md
 create mode 100644 draft_pr_descending_audit_20261002/audits/pr377_30002200/clean_corrected_final_adversary/postseal_reproduce.py
 create mode 100644 draft_pr_descending_audit_20261002/audits/pr377_30002200/clean_corrected_final_adversary/postseal_reproduce.stderr
 create mode 100644 draft_pr_descending_audit_20261002/audits/pr377_30002200/clean_corrected_final_adversary/postseal_reproduce.stdout
 create mode 100644 draft_pr_descending_audit_20261002/audits/pr377_30002200/clean_corrected_final_adversary/prior_pin.stderr
 create mode 100644 draft_pr_descending_audit_20261002/audits/pr377_30002200/clean_corrected_final_adversary/prior_pin.stdout
 create mode 100644 draft_pr_descending_audit_20261002/audits/pr377_30002200/clean_corrected_final_adversary/private_source_evidence_manifest.json
 create mode 100644 draft_pr_descending_audit_20261002/audits/pr377_30002200/clean_corrected_final_adversary/public_evidence_manifest.json
 create mode 100644 draft_pr_descending_audit_20261002/audits/pr377_30002200/clean_corrected_final_adversary/research_log.md
 create mode 100644 draft_pr_descending_audit_20261002/audits/pr377_30002200/clean_corrected_final_adversary/research_log_postseal.md
 create mode 100644 draft_pr_descending_audit_20261002/audits/pr377_30002200/clean_corrected_final_adversary/review_independent_check.stderr
 create mode 100644 draft_pr_descending_audit_20261002/audits/pr377_30002200/clean_corrected_final_adversary/review_independent_check.stdout
 create mode 100644 draft_pr_descending_audit_20261002/audits/pr377_30002200/clean_corrected_final_adversary/review_independent_check_corrected.stderr
 create mode 100644 draft_pr_descending_audit_20261002/audits/pr377_30002200/clean_corrected_final_adversary/review_independent_check_corrected.stdout
 create mode 100644 draft_pr_descending_audit_20261002/audits/pr377_30002200/clean_corrected_final_adversary/source_priority_supplement.json
 create mode 100644 draft_pr_descending_audit_20261002/audits/pr377_30002200/clean_corrected_final_adversary/verify_corrected_source_cases.stderr
 create mode 100644 draft_pr_descending_audit_20261002/audits/pr377_30002200/clean_corrected_final_adversary/verify_corrected_source_cases.stdout
 create mode 100644 draft_pr_descending_audit_20261002/audits/pr377_30002200/clean_corrected_final_adversary/verify_publication.stderr
 create mode 100644 draft_pr_descending_audit_20261002/audits/pr377_30002200/clean_corrected_final_adversary/verify_publication.stdout
 create mode 100644 draft_pr_descending_audit_20261002/audits/pr377_30002200/clean_corrected_final_adversary/verify_source_cases.stderr
 create mode 100644 draft_pr_descending_audit_20261002/audits/pr377_30002200/clean_corrected_final_adversary/verify_source_cases.stdout
 create mode 100644 draft_pr_descending_audit_20261002/audits/pr377_30002200/root_clean_mathematical_reproduction.py
 create mode 100644 draft_pr_descending_audit_20261002/audits/pr377_30002200/root_clean_mathematical_reproduction_receipt.json
 create mode 100644 draft_pr_descending_audit_20261002/audits/pr377_30002200/root_clean_mutation_0.stderr
 create mode 100644 draft_pr_descending_audit_20261002/audits/pr377_30002200/root_clean_mutation_0.stdout
 create mode 100644 draft_pr_descending_audit_20261002/audits/pr377_30002200/root_clean_mutation_1.stderr
 create mode 100644 draft_pr_descending_audit_20261002/audits/pr377_30002200/root_clean_mutation_1.stdout
 create mode 100644 draft_pr_descending_audit_20261002/audits/pr377_30002200/root_clean_mutation_2.stderr
 create mode 100644 draft_pr_descending_audit_20261002/audits/pr377_30002200/root_clean_mutation_2.stdout
 create mode 100644 draft_pr_descending_audit_20261002/audits/pr377_30002200/root_clean_mutation_3.stderr
 create mode 100644 draft_pr_descending_audit_20261002/audits/pr377_30002200/root_clean_mutation_3.stdout
 create mode 100644 draft_pr_descending_audit_20261002/audits/pr377_30002200/root_clean_new_falsification.stderr
 create mode 100644 draft_pr_descending_audit_20261002/audits/pr377_30002200/root_clean_new_falsification.stdout
 create mode 100644 draft_pr_descending_audit_20261002/audits/pr377_30002200/root_clean_new_mechanism.stderr
 create mode 100644 draft_pr_descending_audit_20261002/audits/pr377_30002200/root_clean_new_mechanism.stdout
 create mode 100644 draft_pr_descending_audit_20261002/audits/pr377_30002200/root_clean_old_publication.stderr
 create mode 100644 draft_pr_descending_audit_20261002/audits/pr377_30002200/root_clean_old_publication.stdout
 create mode 100644 draft_pr_descending_audit_20261002/audits/pr377_30002200/root_clean_review_independent_check.stderr
 create mode 100644 draft_pr_descending_audit_20261002/audits/pr377_30002200/root_clean_review_independent_check.stdout
 create mode 100644 draft_pr_descending_audit_20261002/audits/pr377_30002200/root_clean_review_independent_check_corrected.stderr
 create mode 100644 draft_pr_descending_audit_20261002/audits/pr377_30002200/root_clean_review_independent_check_corrected.stdout
 create mode 100644 draft_pr_descending_audit_20261002/audits/pr377_30002200/root_clean_verify_corrected_source_cases.stderr
 create mode 100644 draft_pr_descending_audit_20261002/audits/pr377_30002200/root_clean_verify_corrected_source_cases.stdout
 create mode 100644 draft_pr_descending_audit_20261002/audits/pr377_30002200/root_clean_verify_publication.stderr
 create mode 100644 draft_pr_descending_audit_20261002/audits/pr377_30002200/root_clean_verify_publication.stdout
 create mode 100644 draft_pr_descending_audit_20261002/audits/pr377_30002200/root_clean_verify_source_cases.stderr
 create mode 100644 draft_pr_descending_audit_20261002/audits/pr377_30002200/root_clean_verify_source_cases.stdout
 create mode 100644 draft_pr_descending_audit_20261002/audits/pr378_30004322/ACCEPTANCE_DECISION.md
 create mode 100644 draft_pr_descending_audit_20261002/audits/pr378_30004322/acceptance_criteria.json
 create mode 100644 draft_pr_descending_audit_20261002/audits/pr378_30004322/accepted_pr_body.txt
 create mode 100644 draft_pr_descending_audit_20261002/audits/pr378_30004322/clean_final_adversary/final_initial_seal_readback.json
 create mode 100644 draft_pr_descending_audit_20261002/audits/pr378_30004322/clean_final_adversary/final_repaired_package_gate.json
 create mode 100644 draft_pr_descending_audit_20261002/audits/pr378_30004322/clean_final_adversary/finalize_audit_record.py
 create mode 100644 draft_pr_descending_audit_20261002/audits/pr378_30004322/clean_final_adversary/incidence_label_reproducibility.json
 create mode 100644 draft_pr_descending_audit_20261002/audits/pr378_30004322/clean_final_adversary/pending_head_evidence_preservation.json
 create mode 100644 draft_pr_descending_audit_20261002/audits/pr378_30004322/clean_final_adversary/pending_head_record/FINAL_AUDIT_MANIFEST.json
 create mode 100644 draft_pr_descending_audit_20261002/audits/pr378_30004322/clean_final_adversary/pending_head_record/audit_report.md
 create mode 100644 draft_pr_descending_audit_20261002/audits/pr378_30004322/clean_final_adversary/pending_head_record/post_seal_corrections.md
 create mode 100644 draft_pr_descending_audit_20261002/audits/pr378_30004322/clean_final_adversary/pending_head_record/post_seal_research_log.md
 create mode 100644 draft_pr_descending_audit_20261002/audits/pr378_30004322/clean_final_adversary/repaired_head_gate.json
 create mode 100644 draft_pr_descending_audit_20261002/audits/pr378_30004322/clean_final_adversary/streams/final_github_pr_metadata.stderr.txt
 create mode 100644 draft_pr_descending_audit_20261002/audits/pr378_30004322/clean_final_adversary/streams/final_github_pr_metadata.stdout.txt
 create mode 100644 draft_pr_descending_audit_20261002/audits/pr378_30004322/clean_final_adversary/streams/final_pr_diff.stderr.txt
 create mode 100644 draft_pr_descending_audit_20261002/audits/pr378_30004322/clean_final_adversary/streams/final_pr_diff.stdout.txt
 create mode 100644 draft_pr_descending_audit_20261002/audits/pr378_30004322/clean_final_adversary/streams/final_repaired_commit.stderr.txt
 create mode 100644 draft_pr_descending_audit_20261002/audits/pr378_30004322/clean_final_adversary/streams/final_repaired_commit.stdout.txt
 create mode 100644 draft_pr_descending_audit_20261002/audits/pr378_30004322/clean_final_adversary/streams/final_repaired_package_gate.stderr.txt
 create mode 100644 draft_pr_descending_audit_20261002/audits/pr378_30004322/clean_final_adversary/streams/incidence_label_reproducibility.stderr.txt
 create mode 100644 draft_pr_descending_audit_20261002/audits/pr378_30004322/clean_final_adversary/streams/incidence_label_reproducibility_first_attempt.stderr.txt
 create mode 100644 draft_pr_descending_audit_20261002/audits/pr378_30004322/clean_final_adversary/streams/incidence_label_reproducibility_first_attempt.stdout.txt
 create mode 100644 draft_pr_descending_audit_20261002/audits/pr378_30004322/clean_final_adversary/streams/repaired_head_gate.stderr.txt
 create mode 100644 draft_pr_descending_audit_20261002/audits/pr378_30004322/clean_final_adversary/streams/repaired_queue_head.txt
 create mode 100644 draft_pr_descending_audit_20261002/audits/pr378_30004322/clean_final_adversary/streams/repaired_queue_main.txt
 create mode 100644 draft_pr_descending_audit_20261002/audits/pr378_30004322/clean_final_adversary/verify_final_repaired_package.py
 create mode 100644 draft_pr_descending_audit_20261002/audits/pr378_30004322/clean_final_adversary/verify_incidence_label_reproducibility.py
 create mode 100644 draft_pr_descending_audit_20261002/audits/pr378_30004322/clean_final_adversary/verify_incidence_label_reproducibility_first_attempt.py
 create mode 100644 draft_pr_descending_audit_20261002/audits/pr378_30004322/merge_body.txt
 create mode 100644 draft_pr_descending_audit_20261002/audits/pr378_30004322/queue_repair_receipt.json
 create mode 100644 draft_pr_descending_audit_20261002/audits/pr378_30004322/repaired_snapshot/problems/30004322_arrangement_seshadri/FINAL_AUTHOR_MANIFEST.json
 create mode 100644 draft_pr_descending_audit_20261002/audits/pr378_30004322/repaired_snapshot/problems/30004322_arrangement_seshadri/FINAL_RESULT.md
 create mode 100644 draft_pr_descending_audit_20261002/audits/pr378_30004322/repaired_snapshot/problems/30004322_arrangement_seshadri/FINAL_REVIEW_REQUEST.md
 create mode 100644 draft_pr_descending_audit_20261002/audits/pr378_30004322/repaired_snapshot/problems/30004322_arrangement_seshadri/PUBLICATION_SCOPE.json
 create mode 100644 draft_pr_descending_audit_20261002/audits/pr378_30004322/repaired_snapshot/problems/30004322_arrangement_seshadri/README_PUBLICATION.md
 create mode 100644 draft_pr_descending_audit_20261002/audits/pr378_30004322/repaired_snapshot/problems/30004322_arrangement_seshadri/REPLAY_ALL.py
 create mode 100644 draft_pr_descending_audit_20261002/audits/pr378_30004322/repaired_snapshot/problems/30004322_arrangement_seshadri/SOURCE_ADDITION_FINAL.json
 create mode 100644 draft_pr_descending_audit_20261002/audits/pr378_30004322/repaired_snapshot/problems/30004322_arrangement_seshadri/SOURCE_GATE.md
 create mode 100644 draft_pr_descending_audit_20261002/audits/pr378_30004322/repaired_snapshot/problems/30004322_arrangement_seshadri/SOURCE_MANIFEST.json
 create mode 100644 draft_pr_descending_audit_20261002/audits/pr378_30004322/repaired_snapshot/problems/30004322_arrangement_seshadri/STATE.json
 create mode 100644 draft_pr_descending_audit_20261002/audits/pr378_30004322/repaired_snapshot/problems/30004322_arrangement_seshadri/STATE_T2.json
 create mode 100644 draft_pr_descending_audit_20261002/audits/pr378_30004322/repaired_snapshot/problems/30004322_arrangement_seshadri/STATE_T3.json
 create mode 100644 draft_pr_descending_audit_20261002/audits/pr378_30004322/repaired_snapshot/problems/30004322_arrangement_seshadri/STATE_T4.json
 create mode 100644 draft_pr_descending_audit_20261002/audits/pr378_30004322/repaired_snapshot/problems/30004322_arrangement_seshadri/STATE_T5.json
 create mode 100644 draft_pr_descending_audit_20261002/audits/pr378_30004322/repaired_snapshot/problems/30004322_arrangement_seshadri/TURN_1.md
 create mode 100644 draft_pr_descending_audit_20261002/audits/pr378_30004322/repaired_snapshot/problems/30004322_arrangement_seshadri/TURN_1_CHECKS.json
 create mode 100644 draft_pr_descending_audit_20261002/audits/pr378_30004322/repaired_snapshot/problems/30004322_arrangement_seshadri/TURN_1_MANIFEST.json
 create mode 100644 draft_pr_descending_audit_20261002/audits/pr378_30004322/repaired_snapshot/problems/30004322_arrangement_seshadri/TURN_1_REMOTE_RECEIPT.json
 create mode 100644 draft_pr_descending_audit_20261002/audits/pr378_30004322/repaired_snapshot/problems/30004322_arrangement_seshadri/TURN_2.md
 create mode 100644 draft_pr_descending_audit_20261002/audits/pr378_30004322/repaired_snapshot/problems/30004322_arrangement_seshadri/TURN_2_CHECKS.json
 create mode 100644 draft_pr_descending_audit_20261002/audits/pr378_30004322/repaired_snapshot/problems/30004322_arrangement_seshadri/TURN_2_MANIFEST.json
 create mode 100644 draft_pr_descending_audit_20261002/audits/pr378_30004322/repaired_snapshot/problems/30004322_arrangement_seshadri/TURN_2_REMOTE_RECEIPT.json
 create mode 100644 draft_pr_descending_audit_20261002/audits/pr378_30004322/repaired_snapshot/problems/30004322_arrangement_seshadri/TURN_3.md
 create mode 100644 draft_pr_descending_audit_20261002/audits/pr378_30004322/repaired_snapshot/problems/30004322_arrangement_seshadri/TURN_3_CHECKS.json
 create mode 100644 draft_pr_descending_audit_20261002/audits/pr378_30004322/repaired_snapshot/problems/30004322_arrangement_seshadri/TURN_3_MANIFEST.json
 create mode 100644 draft_pr_descending_audit_20261002/audits/pr378_30004322/repaired_snapshot/problems/30004322_arrangement_seshadri/TURN_3_REMOTE_RECEIPT.json
 create mode 100644 draft_pr_descending_audit_20261002/audits/pr378_30004322/repaired_snapshot/problems/30004322_arrangement_seshadri/TURN_4.md
 create mode 100644 draft_pr_descending_audit_20261002/audits/pr378_30004322/repaired_snapshot/problems/30004322_arrangement_seshadri/TURN_4_CHECKS.json
 create mode 100644 draft_pr_descending_audit_20261002/audits/pr378_30004322/repaired_snapshot/problems/30004322_arrangement_seshadri/TURN_4_MANIFEST.json
 create mode 100644 draft_pr_descending_audit_20261002/audits/pr378_30004322/repaired_snapshot/problems/30004322_arrangement_seshadri/TURN_4_REMOTE_RECEIPT.json
 create mode 100644 draft_pr_descending_audit_20261002/audits/pr378_30004322/repaired_snapshot/problems/30004322_arrangement_seshadri/TURN_5.md
 create mode 100644 draft_pr_descending_audit_20261002/audits/pr378_30004322/repaired_snapshot/problems/30004322_arrangement_seshadri/TURN_5_CHECKS.json
 create mode 100644 draft_pr_descending_audit_20261002/audits/pr378_30004322/repaired_snapshot/problems/30004322_arrangement_seshadri/TURN_5_MANIFEST.json
 create mode 100644 draft_pr_descending_audit_20261002/audits/pr378_30004322/repaired_snapshot/problems/30004322_arrangement_seshadri/check_turn_1.py
 create mode 100644 draft_pr_descending_audit_20261002/audits/pr378_30004322/repaired_snapshot/problems/30004322_arrangement_seshadri/check_turn_2.py
 create mode 100644 draft_pr_descending_audit_20261002/audits/pr378_30004322/repaired_snapshot/problems/30004322_arrangement_seshadri/check_turn_3.py
 create mode 100644 draft_pr_descending_audit_20261002/audits/pr378_30004322/repaired_snapshot/problems/30004322_arrangement_seshadri/check_turn_4.py
 create mode 100644 draft_pr_descending_audit_20261002/audits/pr378_30004322/repaired_snapshot/problems/30004322_arrangement_seshadri/check_turn_5.py
 create mode 100644 draft_pr_descending_audit_20261002/audits/pr378_30004322/repaired_snapshot/problems/30004322_arrangement_seshadri/review/ADVERSARIAL_REVIEW.md
 create mode 100644 draft_pr_descending_audit_20261002/audits/pr378_30004322/repaired_snapshot/problems/30004322_arrangement_seshadri/review/AUTHOR_REPLAY.json
 create mode 100644 draft_pr_descending_audit_20261002/audits/pr378_30004322/repaired_snapshot/problems/30004322_arrangement_seshadri/review/INDEPENDENT_CHECKS.json
 create mode 100644 draft_pr_descending_audit_20261002/audits/pr378_30004322/repaired_snapshot/problems/30004322_arrangement_seshadri/review/REMOTE_BINDING.json
 create mode 100644 draft_pr_descending_audit_20261002/audits/pr378_30004322/repaired_snapshot/problems/30004322_arrangement_seshadri/review/REVIEW_MANIFEST.json
 create mode 100644 draft_pr_descending_audit_20261002/audits/pr378_30004322/repaired_snapshot/problems/30004322_arrangement_seshadri/review/SOURCE_REVIEW.json
 create mode 100644 draft_pr_descending_audit_20261002/audits/pr378_30004322/repaired_snapshot/problems/30004322_arrangement_seshadri/review/independent_checks.py
 create mode 100644 draft_pr_descending_audit_20261002/audits/pr378_30004322/repaired_snapshot/problems/30004322_arrangement_seshadri/review/verify_review.py
 create mode 100644 draft_pr_descending_audit_20261002/audits/pr378_30004322/repaired_snapshot/unsolved_math_prioritization/QUEUE.md
 create mode 100644 draft_pr_descending_audit_20261002/audits/pr378_30004322/repaired_snapshot_manifest.json
 create mode 100644 draft_pr_descending_audit_20261002/audits/pr378_30004322/root_clean_final_exact_gate.stderr
 create mode 100644 draft_pr_descending_audit_20261002/audits/pr378_30004322/root_clean_final_exact_gate.stdout
 create mode 100644 draft_pr_descending_audit_20261002/audits/pr378_30004322/root_clean_final_exact_gate_receipt.json
 create mode 100644 draft_pr_descending_audit_20261002/audits/pr378_30004322/root_clean_final_gate_receipt.json
 create mode 100644 draft_pr_descending_audit_20261002/audits/pr378_30004322/root_clean_incidence_final.stderr
 create mode 100644 draft_pr_descending_audit_20261002/audits/pr378_30004322/root_clean_incidence_final.stdout
