{
  "balanced_genus_controls": [
    {
      "budget": 0,
      "d": 1,
      "maxM": 1,
      "n": 1
    },
    {
      "budget": 0,
      "d": 2,
      "maxM": 1,
      "n": 1
    },
    {
      "budget": 2,
      "d": 3,
      "maxM": 2,
      "n": 1
    },
    {
      "budget": 6,
      "d": 4,
      "maxM": 3,
      "n": 1
    },
    {
      "budget": 12,
      "d": 5,
      "maxM": 4,
      "n": 1
    },
    {
      "budget": 20,
      "d": 6,
      "maxM": 5,
      "n": 1
    },
    {
      "budget": 30,
      "d": 7,
      "maxM": 6,
      "n": 1
    },
    {
      "budget": 42,
      "d": 8,
      "maxM": 7,
      "n": 1
    },
    {
      "budget": 56,
      "d": 9,
      "maxM": 8,
      "n": 1
    },
    {
      "budget": 72,
      "d": 10,
      "maxM": 9,
      "n": 1
    },
    {
      "budget": 90,
      "d": 11,
      "maxM": 10,
      "n": 1
    },
    {
      "budget": 110,
      "d": 12,
      "maxM": 11,
      "n": 1
    },
    {
      "budget": 0,
      "d": 1,
      "maxM": 2,
      "n": 2
    },
    {
      "budget": 0,
      "d": 2,
      "maxM": 2,
      "n": 2
    },
    {
      "budget": 2,
      "d": 3,
      "maxM": 3,
      "n": 2
    },
    {
      "budget": 6,
      "d": 4,
      "maxM": 4,
      "n": 2
    },
    {
      "budget": 12,
      "d": 5,
      "maxM": 6,
      "n": 2
    },
    {
      "budget": 20,
      "d": 6,
      "maxM": 7,
      "n": 2
    },
    {
      "budget": 30,
      "d": 7,
      "maxM": 8,
      "n": 2
    },
    {
      "budget": 42,
      "d": 8,
      "maxM": 10,
      "n": 2
    },
    {
      "budget": 56,
      "d": 9,
      "maxM": 11,
      "n": 2
    },
    {
      "budget": 72,
      "d": 10,
      "maxM": 13,
      "n": 2
    },
    {
      "budget": 90,
      "d": 11,
      "maxM": 14,
      "n": 2
    },
    {
      "budget": 110,
      "d": 12,
      "maxM": 15,
      "n": 2
    },
    {
      "budget": 0,
      "d": 1,
      "maxM": 3,
      "n": 3
    },
    {
      "budget": 0,
      "d": 2,
      "maxM": 3,
      "n": 3
    },
    {
      "budget": 2,
      "d": 3,
      "maxM": 4,
      "n": 3
    },
    {
      "budget": 6,
      "d": 4,
      "maxM": 6,
      "n": 3
    },
    {
      "budget": 12,
      "d": 5,
      "maxM": 7,
      "n": 3
    },
    {
      "budget": 20,
      "d": 6,
      "maxM": 9,
      "n": 3
    },
    {
      "budget": 30,
      "d": 7,
      "maxM": 11,
      "n": 3
    },
    {
      "budget": 42,
      "d": 8,
      "maxM": 12,
      "n": 3
    },
    {
      "budget": 56,
      "d": 9,
      "maxM": 14,
      "n": 3
    },
    {
      "budget": 72,
      "d": 10,
      "maxM": 16,
      "n": 3
    },
    {
      "budget": 90,
      "d": 11,
      "maxM": 18,
      "n": 3
    },
    {
      "budget": 110,
      "d": 12,
      "maxM": 19,
      "n": 3
    },
    {
      "budget": 0,
      "d": 1,
      "maxM": 4,
      "n": 4
    },
    {
      "budget": 0,
      "d": 2,
      "maxM": 4,
      "n": 4
    },
    {
      "budget": 2,
      "d": 3,
      "maxM": 5,
      "n": 4
    },
    {
      "budget": 6,
      "d": 4,
      "maxM": 7,
      "n": 4
    },
    {
      "budget": 12,
      "d": 5,
      "maxM": 9,
      "n": 4
    },
    {
      "budget": 20,
      "d": 6,
      "maxM": 11,
      "n": 4
    },
    {
      "budget": 30,
      "d": 7,
      "maxM": 13,
      "n": 4
    },
    {
      "budget": 42,
      "d": 8,
      "maxM": 15,
      "n": 4
    },
    {
      "budget": 56,
      "d": 9,
      "maxM": 17,
      "n": 4
    },
    {
      "budget": 72,
      "d": 10,
      "maxM": 19,
      "n": 4
    },
    {
      "budget": 90,
      "d": 11,
      "maxM": 21,
      "n": 4
    },
    {
      "budget": 110,
      "d": 12,
      "maxM": 23,
      "n": 4
    },
    {
      "budget": 0,
      "d": 1,
      "maxM": 5,
      "n": 5
    },
    {
      "budget": 0,
      "d": 2,
      "maxM": 5,
      "n": 5
    },
    {
      "budget": 2,
      "d": 3,
      "maxM": 6,
      "n": 5
    },
    {
      "budget": 6,
      "d": 4,
      "maxM": 8,
      "n": 5
    },
    {
      "budget": 12,
      "d": 5,
      "maxM": 10,
      "n": 5
    },
    {
      "budget": 20,
      "d": 6,
      "maxM": 12,
      "n": 5
    },
    {
      "budget": 30,
      "d": 7,
      "maxM": 15,
      "n": 5
    },
    {
      "budget": 42,
      "d": 8,
      "maxM": 17,
      "n": 5
    },
    {
      "budget": 56,
      "d": 9,
      "maxM": 19,
      "n": 5
    },
    {
      "budget": 72,
      "d": 10,
      "maxM": 21,
      "n": 5
    },
    {
      "budget": 90,
      "d": 11,
      "maxM": 23,
      "n": 5
    },
    {
      "budget": 110,
      "d": 12,
      "maxM": 26,
      "n": 5
    },
    {
      "budget": 0,
      "d": 1,
      "maxM": 6,
      "n": 6
    },
    {
      "budget": 0,
      "d": 2,
      "maxM": 6,
      "n": 6
    },
    {
      "budget": 2,
      "d": 3,
      "maxM": 7,
      "n": 6
    },
    {
      "budget": 6,
      "d": 4,
      "maxM": 9,
      "n": 6
    },
    {
      "budget": 12,
      "d": 5,
      "maxM": 12,
      "n": 6
    },
    {
      "budget": 20,
      "d": 6,
      "maxM": 14,
      "n": 6
    },
    {
      "budget": 30,
      "d": 7,
      "maxM": 16,
      "n": 6
    },
    {
      "budget": 42,
      "d": 8,
      "maxM": 19,
      "n": 6
    },
    {
      "budget": 56,
      "d": 9,
      "maxM": 21,
      "n": 6
    },
    {
      "budget": 72,
      "d": 10,
      "maxM": 24,
      "n": 6
    },
    {
      "budget": 90,
      "d": 11,
      "maxM": 26,
      "n": 6
    },
    {
      "budget": 110,
      "d": 12,
      "maxM": 28,
      "n": 6
    },
    {
      "budget": 0,
      "d": 1,
      "maxM": 7,
      "n": 7
    },
    {
      "budget": 0,
      "d": 2,
      "maxM": 7,
      "n": 7
    },
    {
      "budget": 2,
      "d": 3,
      "maxM": 8,
      "n": 7
    },
    {
      "budget": 6,
      "d": 4,
      "maxM": 10,
      "n": 7
    },
    {
      "budget": 12,
      "d": 5,
      "maxM": 13,
      "n": 7
    },
    {
      "budget": 20,
      "d": 6,
      "maxM": 15,
      "n": 7
    },
    {
      "budget": 30,
      "d": 7,
      "maxM": 18,
      "n": 7
    },
    {
      "budget": 42,
      "d": 8,
      "maxM": 21,
      "n": 7
    },
    {
      "budget": 56,
      "d": 9,
      "maxM": 23,
      "n": 7
    },
    {
      "budget": 72,
      "d": 10,
      "maxM": 26,
      "n": 7
    },
    {
      "budget": 90,
      "d": 11,
      "maxM": 28,
      "n": 7
    },
    {
      "budget": 110,
      "d": 12,
      "maxM": 31,
      "n": 7
    },
    {
      "budget": 0,
      "d": 1,
      "maxM": 8,
      "n": 8
    },
    {
      "budget": 0,
      "d": 2,
      "maxM": 8,
      "n": 8
    },
    {
      "budget": 2,
      "d": 3,
      "maxM": 9,
      "n": 8
    },
    {
      "budget": 6,
      "d": 4,
      "maxM": 11,
      "n": 8
    },
    {
      "budget": 12,
      "d": 5,
      "maxM": 14,
      "n": 8
    },
    {
      "budget": 20,
      "d": 6,
      "maxM": 17,
      "n": 8
    },
    {
      "budget": 30,
      "d": 7,
      "maxM": 19,
      "n": 8
    },
    {
      "budget": 42,
      "d": 8,
      "maxM": 22,
      "n": 8
    },
    {
      "budget": 56,
      "d": 9,
      "maxM": 25,
      "n": 8
    },
    {
      "budget": 72,
      "d": 10,
      "maxM": 28,
      "n": 8
    },
    {
      "budget": 90,
      "d": 11,
      "maxM": 31,
      "n": 8
    },
    {
      "budget": 110,
      "d": 12,
      "maxM": 33,
      "n": 8
    },
    {
      "budget": 0,
      "d": 1,
      "maxM": 9,
      "n": 9
    },
    {
      "budget": 0,
      "d": 2,
      "maxM": 9,
      "n": 9
    },
    {
      "budget": 2,
      "d": 3,
      "maxM": 10,
      "n": 9
    },
    {
      "budget": 6,
      "d": 4,
      "maxM": 12,
      "n": 9
    },
    {
      "budget": 12,
      "d": 5,
      "maxM": 15,
      "n": 9
    },
    {
      "budget": 20,
      "d": 6,
      "maxM": 18,
      "n": 9
    },
    {
      "budget": 30,
      "d": 7,
      "maxM": 21,
      "n": 9
    },
    {
      "budget": 42,
      "d": 8,
      "maxM": 24,
      "n": 9
    },
    {
      "budget": 56,
      "d": 9,
      "maxM": 27,
      "n": 9
    },
    {
      "budget": 72,
      "d": 10,
      "maxM": 30,
      "n": 9
    },
    {
      "budget": 90,
      "d": 11,
      "maxM": 33,
      "n": 9
    },
    {
      "budget": 110,
      "d": 12,
      "maxM": 36,
      "n": 9
    }
  ],
  "fermat2": {
    "arrangement_only_uniform_cost": "3",
    "certificate": {
      "coverage": [
        "1",
        "1",
        "1",
        "1",
        "1",
        "1",
        "1"
      ],
      "dual": "5/2",
      "point_dual": [
        "1/2",
        "1/2",
        "1/4",
        "1/4",
        "1/2",
        "1/4",
        "1/4"
      ],
      "primal": "5/2",
      "weights": {
        "(0, 0, 1)": "1/6",
        "(0, 1, -1)": "1/3",
        "(0, 1, 0)": "1/6",
        "(0, 1, 1)": "1/3",
        "(1, -1, 0)": "1/3",
        "(1, 0, -1)": "1/3",
        "(1, 0, 0)": "1/6",
        "(1, 0, 1)": "1/3",
        "(1, 1, 0)": "1/3"
      }
    },
    "k_all": 3,
    "k_arr": 3,
    "n": 7,
    "points": [
      [
        0,
        0,
        1
      ],
      [
        0,
        1,
        0
      ],
      [
        1,
        -1,
        -1
      ],
      [
        1,
        -1,
        1
      ],
      [
        1,
        0,
        0
      ],
      [
        1,
        1,
        -1
      ],
      [
        1,
        1,
        1
      ]
    ]
  },
  "genus_vector_checks": 3905,
  "strict_genus_polynomials": [
    {
      "a": 1,
      "allowed_degrees_through_100": [],
      "b": 7,
      "c": -8,
      "finite_from_positive_a": true,
      "k": 2,
      "n": 3
    },
    {
      "a": 2,
      "allowed_degrees_through_100": [
        2
      ],
      "b": 6,
      "c": -20,
      "finite_from_positive_a": true,
      "k": 3,
      "n": 7
    },
    {
      "a": 4,
      "allowed_degrees_through_100": [
        2,
        3
      ],
      "b": -4,
      "c": -35,
      "finite_from_positive_a": true,
      "k": 4,
      "n": 12
    },
    {
      "a": 0,
      "allowed_degrees_through_100": [
        2,
        3,
        4,
        5,
        6,
        7,
        8,
        9,
        10,
        11,
        12,
        13,
        14,
        15,
        16,
        17,
        18,
        19,
        20,
        21,
        22,
        23,
        24,
        25,
        26,
        27,
        28,
        29,
        30,
        31,
        32,
        33,
        34,
        35,
        36,
        37,
        38,
        39,
        40,
        41,
        42,
        43,
        44,
        45,
        46,
        47,
        48,
        49,
        50,
        51,
        52,
        53,
        54,
        55,
        56,
        57,
        58,
        59,
        60,
        61,
        62,
        63,
        64,
        65,
        66,
        67,
        68,
        69,
        70,
        71,
        72,
        73,
        74,
        75,
        76,
        77,
        78,
        79,
        80,
        81,
        82,
        83,
        84,
        85,
        86,
        87,
        88,
        89,
        90,
        91,
        92,
        93,
        94,
        95,
        96,
        97,
        98,
        99,
        100
      ],
      "b": -8,
      "c": -47,
      "finite_from_positive_a": false,
      "k": 4,
      "n": 16
    },
    {
      "a": 0,
      "allowed_degrees_through_100": [
        2,
        3,
        4
      ],
      "b": 6,
      "c": -26,
      "finite_from_positive_a": false,
      "k": 3,
      "n": 9
    },
    {
      "a": 0,
      "allowed_degrees_through_100": [
        2,
        3,
        4,
        5,
        6,
        7,
        8,
        9,
        10,
        11,
        12,
        13,
        14,
        15,
        16,
        17,
        18,
        19,
        20,
        21,
        22,
        23,
        24,
        25,
        26,
        27,
        28,
        29,
        30,
        31,
        32,
        33,
        34,
        35,
        36,
        37,
        38,
        39,
        40,
        41,
        42,
        43,
        44,
        45,
        46,
        47,
        48,
        49,
        50,
        51,
        52,
        53,
        54,
        55,
        56,
        57,
        58,
        59,
        60,
        61,
        62,
        63,
        64,
        65,
        66,
        67,
        68,
        69,
        70,
        71,
        72,
        73,
        74,
        75,
        76,
        77,
        78,
        79,
        80,
        81,
        82,
        83,
        84,
        85,
        86,
        87,
        88,
        89,
        90,
        91,
        92,
        93,
        94,
        95,
        96,
        97,
        98,
        99,
        100
      ],
      "b": -40,
      "c": -74,
      "finite_from_positive_a": false,
      "k": 5,
      "n": 25
    },
    {
      "a": -1,
      "allowed_degrees_through_100": [
        2,
        3,
        4,
        5,
        6,
        7,
        8,
        9,
        10,
        11,
        12,
        13,
        14,
        15,
        16,
        17,
        18,
        19,
        20,
        21,
        22,
        23,
        24,
        25,
        26,
        27,
        28,
        29,
        30,
        31,
        32,
        33,
        34,
        35,
        36,
        37,
        38,
        39,
        40,
        41,
        42,
        43,
        44,
        45,
        46,
        47,
        48,
        49,
        50,
        51,
        52,
        53,
        54,
        55,
        56,
        57,
        58,
        59,
        60,
        61,
        62,
        63,
        64,
        65,
        66,
        67,
        68,
        69,
        70,
        71,
        72,
        73,
        74,
        75,
        76,
        77,
        78,
        79,
        80,
        81,
        82,
        83,
        84,
        85,
        86,
        87,
        88,
        89,
        90,
        91,
        92,
        93,
        94,
        95,
        96,
        97,
        98,
        99,
        100
      ],
      "b": -9,
      "c": -50,
      "finite_from_positive_a": false,
      "k": 4,
      "n": 17
    }
  ]
}
