{
  "all_ancestry_checks_pass": true,
  "exact_existing_git_objects": [
    {
      "files": 7,
      "head": "ea8215a07e18462da8c0e4b568654cab28cbec4b",
      "local_git_bytes_match_frozen_receipts": true
    },
    {
      "files": 13,
      "head": "147c369e6308381ffe471e218224c6faffdd5150",
      "local_git_bytes_match_frozen_receipts": true
    },
    {
      "files": 19,
      "head": "6427103ac32142baa19a08c8e688be5074e36dd5",
      "local_git_bytes_match_frozen_receipts": true
    },
    {
      "files": 25,
      "head": "a34226cad5a30ac024a9d06e7a74d868f49e11bb",
      "local_git_bytes_match_frozen_receipts": true
    },
    {
      "files": 36,
      "head": "dd1736df47b536de489f8e5a651f22a1ebca6205",
      "local_git_bytes_match_frozen_receipts": true
    },
    {
      "files": 47,
      "head": "5da73632ab7a621de7b62edb5f70dfb8017e4a50",
      "local_git_bytes_match_snapshot": true
    }
  ],
  "mutation": "none; only show and merge-base --is-ancestor",
  "ordered_ancestry": [
    "ea8215a07e18462da8c0e4b568654cab28cbec4b",
    "147c369e6308381ffe471e218224c6faffdd5150",
    "6427103ac32142baa19a08c8e688be5074e36dd5",
    "a34226cad5a30ac024a9d06e7a74d868f49e11bb",
    "dd1736df47b536de489f8e5a651f22a1ebca6205",
    "5da73632ab7a621de7b62edb5f70dfb8017e4a50"
  ],
  "qualification": "These are independent reads of existing local Git objects, not fresh network raw-blob fetches. Frozen receipts include historical remote claims; final repaired head/queue comparison remains pending.",
  "utc": "2026-10-03T06:18:59.606253+00:00"
}
