EXACT_FIELD Q(w), w^2+w+1=0; fractions only, no floating point arithmetic.
ARRANGEMENT Hesse_12 lines 12 points 21 t {2: 12, 4: 9}
ALL_PAIR_JOINED_LINES 57 collinearity_histogram {2: 36, 4: 9, 5: 12}
mpl_ALL_LINES 5 mpl_COMPONENTS 5
ALL_PROJECTIVE_LINES_JUSTIFICATION: a line containing >=2 points is a pair join; all others have <=1.
COVER_COST_mpl 5 COMPONENT_ONLY_COVER_COST_mpl None
POINT 0 [0:0:1] arrangement_multiplicity 2
POINT 1 [0:1:(0+-1*w)] arrangement_multiplicity 4
POINT 2 [0:1:(1+1*w)] arrangement_multiplicity 4
POINT 3 [0:1:-1] arrangement_multiplicity 4
POINT 4 [0:1:0] arrangement_multiplicity 2
POINT 5 [1:(-1+-1*w):(-1+-1*w)] arrangement_multiplicity 2
POINT 6 [1:(-1+-1*w):(0+1*w)] arrangement_multiplicity 2
POINT 7 [1:(-1+-1*w):1] arrangement_multiplicity 2
POINT 8 [1:(0+-1*w):0] arrangement_multiplicity 4
POINT 9 [1:(0+1*w):(-1+-1*w)] arrangement_multiplicity 2
POINT 10 [1:(0+1*w):(0+1*w)] arrangement_multiplicity 2
POINT 11 [1:(0+1*w):1] arrangement_multiplicity 2
POINT 12 [1:(1+1*w):0] arrangement_multiplicity 4
POINT 13 [1:-1:0] arrangement_multiplicity 4
POINT 14 [1:0:(0+-1*w)] arrangement_multiplicity 4
POINT 15 [1:0:(1+1*w)] arrangement_multiplicity 4
POINT 16 [1:0:-1] arrangement_multiplicity 4
POINT 17 [1:0:0] arrangement_multiplicity 2
POINT 18 [1:1:(-1+-1*w)] arrangement_multiplicity 2
POINT 19 [1:1:(0+1*w)] arrangement_multiplicity 2
POINT 20 [1:1:1] arrangement_multiplicity 2
JOIN_LINE 0 [0:0:1] component True point_ids [4, 8, 12, 13, 17]
JOIN_LINE 1 [0:1:(-1+-1*w)] component False point_ids [1, 17]
JOIN_LINE 2 [0:1:(0+-1*w)] component False point_ids [6, 11, 17, 18]
JOIN_LINE 3 [0:1:(0+1*w)] component False point_ids [2, 17]
JOIN_LINE 4 [0:1:(1+1*w)] component False point_ids [7, 9, 17, 19]
JOIN_LINE 5 [0:1:-1] component False point_ids [5, 10, 17, 20]
JOIN_LINE 6 [0:1:0] component True point_ids [0, 14, 15, 16, 17]
JOIN_LINE 7 [0:1:1] component False point_ids [3, 17]
JOIN_LINE 8 [1:(-1+-1*w):(-1+-1*w)] component True point_ids [3, 7, 8, 14, 18]
JOIN_LINE 9 [1:(-1+-1*w):(0+-2*w)] component False point_ids [8, 9]
JOIN_LINE 10 [1:(-1+-1*w):(0+1*w)] component True point_ids [1, 6, 8, 15, 20]
JOIN_LINE 11 [1:(-1+-1*w):(2+2*w)] component False point_ids [8, 10]
JOIN_LINE 12 [1:(-1+-1*w):-2] component False point_ids [8, 11]
JOIN_LINE 13 [1:(-1+-1*w):0] component False point_ids [0, 8]
JOIN_LINE 14 [1:(-1+-1*w):1] component True point_ids [2, 5, 8, 16, 19]
JOIN_LINE 15 [1:(0+-1*w):0] component False point_ids [0, 5, 6, 7]
JOIN_LINE 16 [1:(0+-1/2*w):(0+-1/2*w)] component False point_ids [3, 5]
JOIN_LINE 17 [1:(0+-1/2*w):(1/2+1/2*w)] component False point_ids [2, 6]
JOIN_LINE 18 [1:(0+-1/2*w):-1/2] component False point_ids [1, 7]
JOIN_LINE 19 [1:(0+-2*w):(-1+-1*w)] component False point_ids [6, 14]
JOIN_LINE 20 [1:(0+-2*w):(0+1*w)] component False point_ids [5, 15]
JOIN_LINE 21 [1:(0+-2*w):1] component False point_ids [7, 16]
JOIN_LINE 22 [1:(0+1*w):(-1+-1*w)] component True point_ids [2, 9, 12, 14, 20]
JOIN_LINE 23 [1:(0+1*w):(0+-2*w)] component False point_ids [5, 12]
JOIN_LINE 24 [1:(0+1*w):(0+1*w)] component True point_ids [3, 11, 12, 15, 19]
JOIN_LINE 25 [1:(0+1*w):(2+2*w)] component False point_ids [6, 12]
JOIN_LINE 26 [1:(0+1*w):-2] component False point_ids [7, 12]
JOIN_LINE 27 [1:(0+1*w):0] component False point_ids [0, 12]
JOIN_LINE 28 [1:(0+1*w):1] component True point_ids [1, 10, 12, 16, 18]
JOIN_LINE 29 [1:(1+1*w):0] component False point_ids [0, 9, 10, 11]
JOIN_LINE 30 [1:(1/2+1/2*w):(0+-1/2*w)] component False point_ids [1, 9]
JOIN_LINE 31 [1:(1/2+1/2*w):(1/2+1/2*w)] component False point_ids [3, 10]
JOIN_LINE 32 [1:(1/2+1/2*w):-1/2] component False point_ids [2, 11]
JOIN_LINE 33 [1:(2+2*w):(-1+-1*w)] component False point_ids [10, 14]
JOIN_LINE 34 [1:(2+2*w):(0+1*w)] component False point_ids [9, 15]
JOIN_LINE 35 [1:(2+2*w):1] component False point_ids [11, 16]
JOIN_LINE 36 [1:-1/2:(0+-1/2*w)] component False point_ids [2, 18]
JOIN_LINE 37 [1:-1/2:(1/2+1/2*w)] component False point_ids [1, 19]
JOIN_LINE 38 [1:-1/2:-1/2] component False point_ids [3, 20]
JOIN_LINE 39 [1:-1:0] component False point_ids [0, 18, 19, 20]
JOIN_LINE 40 [1:-2:(-1+-1*w)] component False point_ids [14, 19]
JOIN_LINE 41 [1:-2:(0+1*w)] component False point_ids [15, 18]
JOIN_LINE 42 [1:-2:1] component False point_ids [16, 20]
JOIN_LINE 43 [1:0:(-1+-1*w)] component False point_ids [4, 14]
JOIN_LINE 44 [1:0:(0+-1*w)] component False point_ids [4, 5, 9, 18]
JOIN_LINE 45 [1:0:(0+1*w)] component False point_ids [4, 15]
JOIN_LINE 46 [1:0:(1+1*w)] component False point_ids [4, 6, 10, 19]
JOIN_LINE 47 [1:0:-1] component False point_ids [4, 7, 11, 20]
JOIN_LINE 48 [1:0:0] component True point_ids [0, 1, 2, 3, 4]
JOIN_LINE 49 [1:0:1] component False point_ids [4, 16]
JOIN_LINE 50 [1:1:(-1+-1*w)] component True point_ids [1, 5, 11, 13, 14]
JOIN_LINE 51 [1:1:(0+-2*w)] component False point_ids [13, 18]
JOIN_LINE 52 [1:1:(0+1*w)] component True point_ids [2, 7, 10, 13, 15]
JOIN_LINE 53 [1:1:(2+2*w)] component False point_ids [13, 19]
JOIN_LINE 54 [1:1:-2] component False point_ids [13, 20]
JOIN_LINE 55 [1:1:0] component False point_ids [0, 13]
JOIN_LINE 56 [1:1:1] component True point_ids [3, 6, 9, 13, 16]
COVER_LINE [0:1:0] component True point_ids [0, 14, 15, 16, 17]
COVER_LINE [1:(-1+-1*w):(0+1*w)] component True point_ids [1, 6, 8, 15, 20]
COVER_LINE [1:1:(0+1*w)] component True point_ids [2, 7, 10, 13, 15]
COVER_LINE [1:(0+1*w):(0+1*w)] component True point_ids [3, 11, 12, 15, 19]
COVER_LINE [1:0:(0+-1*w)] component False point_ids [4, 5, 9, 18]
COVER_CURVE_DEGREE 5 CURVE_MULTIPLICITIES [1, 1, 1, 1, 1, 1, 1, 1, 1, 1, 1, 1, 1, 1, 1, 4, 1, 1, 1, 1, 1] SUM 24 RATIO 5/24
SHARED_COMPONENT_FALSE_BEZOUT_SENTINEL cover_degree 5 curve_degree 1 point_count_on_curve 5 line [0:1:0] intersection_is_NOT_proper
ARRANGEMENT Fermat_n3 lines 9 points 12 t {3: 12}
ALL_PAIR_JOINED_LINES 21 collinearity_histogram {2: 12, 4: 9}
mpl_ALL_LINES 4 mpl_COMPONENTS 4
ALL_PROJECTIVE_LINES_JUSTIFICATION: a line containing >=2 points is a pair join; all others have <=1.
COVER_COST_mpl 4 COMPONENT_ONLY_COVER_COST_mpl None
COVER_LINE [1:(0+-1*w):0] component True point_ids [0, 2, 3, 4]
COVER_LINE [1:0:(0+-1*w)] component True point_ids [1, 2, 5, 9]
COVER_LINE [0:1:-1] component True point_ids [2, 6, 8, 11]
COVER_LINE [1:(0+1*w):(0+1*w)] component False point_ids [7, 10]
FERMAT_DELETION (0,) points 12 t {2: 4, 3: 8} mpl_ALL 4 mpl_COMPONENT 4 cover_at_mpl True
FERMAT_DELETION (1,) points 12 t {2: 4, 3: 8} mpl_ALL 4 mpl_COMPONENT 4 cover_at_mpl True
FERMAT_DELETION (2,) points 12 t {2: 4, 3: 8} mpl_ALL 4 mpl_COMPONENT 4 cover_at_mpl True
FERMAT_DELETION (3,) points 12 t {2: 4, 3: 8} mpl_ALL 4 mpl_COMPONENT 4 cover_at_mpl True
FERMAT_DELETION (4,) points 12 t {2: 4, 3: 8} mpl_ALL 4 mpl_COMPONENT 4 cover_at_mpl True
FERMAT_DELETION (5,) points 12 t {2: 4, 3: 8} mpl_ALL 4 mpl_COMPONENT 4 cover_at_mpl True
FERMAT_DELETION (6,) points 12 t {2: 4, 3: 8} mpl_ALL 4 mpl_COMPONENT 4 cover_at_mpl True
FERMAT_DELETION (7,) points 12 t {2: 4, 3: 8} mpl_ALL 4 mpl_COMPONENT 4 cover_at_mpl True
FERMAT_DELETION (8,) points 12 t {2: 4, 3: 8} mpl_ALL 4 mpl_COMPONENT 4 cover_at_mpl True
FERMAT_DELETION (0, 1) points 11 t {2: 6, 3: 5} mpl_ALL 4 mpl_COMPONENT 4 cover_at_mpl True
FERMAT_DELETION (0, 2) points 11 t {2: 6, 3: 5} mpl_ALL 4 mpl_COMPONENT 4 cover_at_mpl True
FERMAT_DELETION (0, 3) points 11 t {2: 6, 3: 5} mpl_ALL 4 mpl_COMPONENT 4 cover_at_mpl True
FERMAT_DELETION (0, 4) points 11 t {2: 6, 3: 5} mpl_ALL 4 mpl_COMPONENT 4 cover_at_mpl True
FERMAT_DELETION (0, 5) points 11 t {2: 6, 3: 5} mpl_ALL 4 mpl_COMPONENT 4 cover_at_mpl True
FERMAT_DELETION (0, 6) points 11 t {2: 6, 3: 5} mpl_ALL 4 mpl_COMPONENT 4 cover_at_mpl True
FERMAT_DELETION (0, 7) points 11 t {2: 6, 3: 5} mpl_ALL 4 mpl_COMPONENT 4 cover_at_mpl True
FERMAT_DELETION (0, 8) points 11 t {2: 6, 3: 5} mpl_ALL 4 mpl_COMPONENT 4 cover_at_mpl True
FERMAT_DELETION (1, 2) points 11 t {2: 6, 3: 5} mpl_ALL 4 mpl_COMPONENT 4 cover_at_mpl True
FERMAT_DELETION (1, 3) points 11 t {2: 6, 3: 5} mpl_ALL 4 mpl_COMPONENT 4 cover_at_mpl True
FERMAT_DELETION (1, 4) points 11 t {2: 6, 3: 5} mpl_ALL 4 mpl_COMPONENT 4 cover_at_mpl True
FERMAT_DELETION (1, 5) points 11 t {2: 6, 3: 5} mpl_ALL 4 mpl_COMPONENT 4 cover_at_mpl True
FERMAT_DELETION (1, 6) points 11 t {2: 6, 3: 5} mpl_ALL 4 mpl_COMPONENT 4 cover_at_mpl True
FERMAT_DELETION (1, 7) points 11 t {2: 6, 3: 5} mpl_ALL 4 mpl_COMPONENT 4 cover_at_mpl True
FERMAT_DELETION (1, 8) points 11 t {2: 6, 3: 5} mpl_ALL 4 mpl_COMPONENT 4 cover_at_mpl True
FERMAT_DELETION (2, 3) points 11 t {2: 6, 3: 5} mpl_ALL 4 mpl_COMPONENT 4 cover_at_mpl True
FERMAT_DELETION (2, 4) points 11 t {2: 6, 3: 5} mpl_ALL 4 mpl_COMPONENT 4 cover_at_mpl True
FERMAT_DELETION (2, 5) points 11 t {2: 6, 3: 5} mpl_ALL 4 mpl_COMPONENT 4 cover_at_mpl True
FERMAT_DELETION (2, 6) points 11 t {2: 6, 3: 5} mpl_ALL 4 mpl_COMPONENT 4 cover_at_mpl True
FERMAT_DELETION (2, 7) points 11 t {2: 6, 3: 5} mpl_ALL 4 mpl_COMPONENT 4 cover_at_mpl True
FERMAT_DELETION (2, 8) points 11 t {2: 6, 3: 5} mpl_ALL 4 mpl_COMPONENT 4 cover_at_mpl True
FERMAT_DELETION (3, 4) points 11 t {2: 6, 3: 5} mpl_ALL 4 mpl_COMPONENT 4 cover_at_mpl True
FERMAT_DELETION (3, 5) points 11 t {2: 6, 3: 5} mpl_ALL 4 mpl_COMPONENT 4 cover_at_mpl True
FERMAT_DELETION (3, 6) points 11 t {2: 6, 3: 5} mpl_ALL 4 mpl_COMPONENT 4 cover_at_mpl True
FERMAT_DELETION (3, 7) points 11 t {2: 6, 3: 5} mpl_ALL 4 mpl_COMPONENT 4 cover_at_mpl True
FERMAT_DELETION (3, 8) points 11 t {2: 6, 3: 5} mpl_ALL 4 mpl_COMPONENT 4 cover_at_mpl True
FERMAT_DELETION (4, 5) points 11 t {2: 6, 3: 5} mpl_ALL 4 mpl_COMPONENT 4 cover_at_mpl True
FERMAT_DELETION (4, 6) points 11 t {2: 6, 3: 5} mpl_ALL 4 mpl_COMPONENT 4 cover_at_mpl True
FERMAT_DELETION (4, 7) points 11 t {2: 6, 3: 5} mpl_ALL 4 mpl_COMPONENT 4 cover_at_mpl True
FERMAT_DELETION (4, 8) points 11 t {2: 6, 3: 5} mpl_ALL 4 mpl_COMPONENT 4 cover_at_mpl True
FERMAT_DELETION (5, 6) points 11 t {2: 6, 3: 5} mpl_ALL 4 mpl_COMPONENT 4 cover_at_mpl True
FERMAT_DELETION (5, 7) points 11 t {2: 6, 3: 5} mpl_ALL 4 mpl_COMPONENT 4 cover_at_mpl True
FERMAT_DELETION (5, 8) points 11 t {2: 6, 3: 5} mpl_ALL 4 mpl_COMPONENT 4 cover_at_mpl True
FERMAT_DELETION (6, 7) points 11 t {2: 6, 3: 5} mpl_ALL 4 mpl_COMPONENT 4 cover_at_mpl True
FERMAT_DELETION (6, 8) points 11 t {2: 6, 3: 5} mpl_ALL 4 mpl_COMPONENT 4 cover_at_mpl True
FERMAT_DELETION (7, 8) points 11 t {2: 6, 3: 5} mpl_ALL 4 mpl_COMPONENT 4 cover_at_mpl True
FERMAT_DELETION (0, 1, 2) points 11 t {2: 9, 3: 2} mpl_ALL 4 mpl_COMPONENT 4 cover_at_mpl True
FERMAT_DELETION (0, 1, 3) points 9 t {2: 6, 3: 3} mpl_ALL 4 mpl_COMPONENT 4 cover_at_mpl True
FERMAT_DELETION (0, 1, 4) points 9 t {2: 6, 3: 3} mpl_ALL 4 mpl_COMPONENT 4 cover_at_mpl True
FERMAT_DELETION (0, 1, 5) points 9 t {2: 6, 3: 3} mpl_ALL 4 mpl_COMPONENT 4 cover_at_mpl True
FERMAT_DELETION (0, 1, 6) points 9 t {2: 6, 3: 3} mpl_ALL 4 mpl_COMPONENT 4 cover_at_mpl True
FERMAT_DELETION (0, 1, 7) points 9 t {2: 6, 3: 3} mpl_ALL 4 mpl_COMPONENT 4 cover_at_mpl True
FERMAT_DELETION (0, 1, 8) points 9 t {2: 6, 3: 3} mpl_ALL 4 mpl_COMPONENT 4 cover_at_mpl True
FERMAT_DELETION (0, 2, 3) points 9 t {2: 6, 3: 3} mpl_ALL 4 mpl_COMPONENT 4 cover_at_mpl True
FERMAT_DELETION (0, 2, 4) points 9 t {2: 6, 3: 3} mpl_ALL 4 mpl_COMPONENT 4 cover_at_mpl True
FERMAT_DELETION (0, 2, 5) points 9 t {2: 6, 3: 3} mpl_ALL 4 mpl_COMPONENT 4 cover_at_mpl True
FERMAT_DELETION (0, 2, 6) points 9 t {2: 6, 3: 3} mpl_ALL 4 mpl_COMPONENT 4 cover_at_mpl True
FERMAT_DELETION (0, 2, 7) points 9 t {2: 6, 3: 3} mpl_ALL 4 mpl_COMPONENT 4 cover_at_mpl True
FERMAT_DELETION (0, 2, 8) points 9 t {2: 6, 3: 3} mpl_ALL 4 mpl_COMPONENT 4 cover_at_mpl True
FERMAT_DELETION (0, 3, 4) points 9 t {2: 6, 3: 3} mpl_ALL 4 mpl_COMPONENT 4 cover_at_mpl True
FERMAT_DELETION (0, 3, 5) points 9 t {2: 6, 3: 3} mpl_ALL 4 mpl_COMPONENT 4 cover_at_mpl True
FERMAT_DELETION (0, 3, 6) points 11 t {2: 9, 3: 2} mpl_ALL 4 mpl_COMPONENT 4 cover_at_mpl True
FERMAT_DELETION (0, 3, 7) points 9 t {2: 6, 3: 3} mpl_ALL 4 mpl_COMPONENT 4 cover_at_mpl True
FERMAT_DELETION (0, 3, 8) points 9 t {2: 6, 3: 3} mpl_ALL 4 mpl_COMPONENT 4 cover_at_mpl True
FERMAT_DELETION (0, 4, 5) points 9 t {2: 6, 3: 3} mpl_ALL 4 mpl_COMPONENT 4 cover_at_mpl True
FERMAT_DELETION (0, 4, 6) points 9 t {2: 6, 3: 3} mpl_ALL 4 mpl_COMPONENT 4 cover_at_mpl True
FERMAT_DELETION (0, 4, 7) points 9 t {2: 6, 3: 3} mpl_ALL 4 mpl_COMPONENT 4 cover_at_mpl True
FERMAT_DELETION (0, 4, 8) points 11 t {2: 9, 3: 2} mpl_ALL 4 mpl_COMPONENT 4 cover_at_mpl True
FERMAT_DELETION (0, 5, 6) points 9 t {2: 6, 3: 3} mpl_ALL 4 mpl_COMPONENT 4 cover_at_mpl True
FERMAT_DELETION (0, 5, 7) points 11 t {2: 9, 3: 2} mpl_ALL 4 mpl_COMPONENT 4 cover_at_mpl True
FERMAT_DELETION (0, 5, 8) points 9 t {2: 6, 3: 3} mpl_ALL 4 mpl_COMPONENT 4 cover_at_mpl True
FERMAT_DELETION (0, 6, 7) points 9 t {2: 6, 3: 3} mpl_ALL 4 mpl_COMPONENT 4 cover_at_mpl True
FERMAT_DELETION (0, 6, 8) points 9 t {2: 6, 3: 3} mpl_ALL 4 mpl_COMPONENT 4 cover_at_mpl True
FERMAT_DELETION (0, 7, 8) points 9 t {2: 6, 3: 3} mpl_ALL 4 mpl_COMPONENT 4 cover_at_mpl True
FERMAT_DELETION (1, 2, 3) points 9 t {2: 6, 3: 3} mpl_ALL 4 mpl_COMPONENT 4 cover_at_mpl True
FERMAT_DELETION (1, 2, 4) points 9 t {2: 6, 3: 3} mpl_ALL 4 mpl_COMPONENT 4 cover_at_mpl True
FERMAT_DELETION (1, 2, 5) points 9 t {2: 6, 3: 3} mpl_ALL 4 mpl_COMPONENT 4 cover_at_mpl True
FERMAT_DELETION (1, 2, 6) points 9 t {2: 6, 3: 3} mpl_ALL 4 mpl_COMPONENT 4 cover_at_mpl True
FERMAT_DELETION (1, 2, 7) points 9 t {2: 6, 3: 3} mpl_ALL 4 mpl_COMPONENT 4 cover_at_mpl True
FERMAT_DELETION (1, 2, 8) points 9 t {2: 6, 3: 3} mpl_ALL 4 mpl_COMPONENT 4 cover_at_mpl True
FERMAT_DELETION (1, 3, 4) points 9 t {2: 6, 3: 3} mpl_ALL 4 mpl_COMPONENT 4 cover_at_mpl True
FERMAT_DELETION (1, 3, 5) points 9 t {2: 6, 3: 3} mpl_ALL 4 mpl_COMPONENT 4 cover_at_mpl True
FERMAT_DELETION (1, 3, 6) points 9 t {2: 6, 3: 3} mpl_ALL 4 mpl_COMPONENT 4 cover_at_mpl True
FERMAT_DELETION (1, 3, 7) points 9 t {2: 6, 3: 3} mpl_ALL 4 mpl_COMPONENT 4 cover_at_mpl True
FERMAT_DELETION (1, 3, 8) points 11 t {2: 9, 3: 2} mpl_ALL 4 mpl_COMPONENT 4 cover_at_mpl True
FERMAT_DELETION (1, 4, 5) points 9 t {2: 6, 3: 3} mpl_ALL 4 mpl_COMPONENT 4 cover_at_mpl True
FERMAT_DELETION (1, 4, 6) points 9 t {2: 6, 3: 3} mpl_ALL 4 mpl_COMPONENT 4 cover_at_mpl True
FERMAT_DELETION (1, 4, 7) points 11 t {2: 9, 3: 2} mpl_ALL 4 mpl_COMPONENT 4 cover_at_mpl True
FERMAT_DELETION (1, 4, 8) points 9 t {2: 6, 3: 3} mpl_ALL 4 mpl_COMPONENT 4 cover_at_mpl True
FERMAT_DELETION (1, 5, 6) points 11 t {2: 9, 3: 2} mpl_ALL 4 mpl_COMPONENT 4 cover_at_mpl True
FERMAT_DELETION (1, 5, 7) points 9 t {2: 6, 3: 3} mpl_ALL 4 mpl_COMPONENT 4 cover_at_mpl True
FERMAT_DELETION (1, 5, 8) points 9 t {2: 6, 3: 3} mpl_ALL 4 mpl_COMPONENT 4 cover_at_mpl True
FERMAT_DELETION (1, 6, 7) points 9 t {2: 6, 3: 3} mpl_ALL 4 mpl_COMPONENT 4 cover_at_mpl True
FERMAT_DELETION (1, 6, 8) points 9 t {2: 6, 3: 3} mpl_ALL 4 mpl_COMPONENT 4 cover_at_mpl True
FERMAT_DELETION (1, 7, 8) points 9 t {2: 6, 3: 3} mpl_ALL 4 mpl_COMPONENT 4 cover_at_mpl True
FERMAT_DELETION (2, 3, 4) points 9 t {2: 6, 3: 3} mpl_ALL 4 mpl_COMPONENT 4 cover_at_mpl True
FERMAT_DELETION (2, 3, 5) points 9 t {2: 6, 3: 3} mpl_ALL 4 mpl_COMPONENT 4 cover_at_mpl True
FERMAT_DELETION (2, 3, 6) points 9 t {2: 6, 3: 3} mpl_ALL 4 mpl_COMPONENT 4 cover_at_mpl True
FERMAT_DELETION (2, 3, 7) points 11 t {2: 9, 3: 2} mpl_ALL 4 mpl_COMPONENT 4 cover_at_mpl True
FERMAT_DELETION (2, 3, 8) points 9 t {2: 6, 3: 3} mpl_ALL 4 mpl_COMPONENT 4 cover_at_mpl True
FERMAT_DELETION (2, 4, 5) points 9 t {2: 6, 3: 3} mpl_ALL 4 mpl_COMPONENT 4 cover_at_mpl True
FERMAT_DELETION (2, 4, 6) points 11 t {2: 9, 3: 2} mpl_ALL 4 mpl_COMPONENT 4 cover_at_mpl True
FERMAT_DELETION (2, 4, 7) points 9 t {2: 6, 3: 3} mpl_ALL 4 mpl_COMPONENT 4 cover_at_mpl True
FERMAT_DELETION (2, 4, 8) points 9 t {2: 6, 3: 3} mpl_ALL 4 mpl_COMPONENT 4 cover_at_mpl True
FERMAT_DELETION (2, 5, 6) points 9 t {2: 6, 3: 3} mpl_ALL 4 mpl_COMPONENT 4 cover_at_mpl True
FERMAT_DELETION (2, 5, 7) points 9 t {2: 6, 3: 3} mpl_ALL 4 mpl_COMPONENT 4 cover_at_mpl True
FERMAT_DELETION (2, 5, 8) points 11 t {2: 9, 3: 2} mpl_ALL 4 mpl_COMPONENT 4 cover_at_mpl True
FERMAT_DELETION (2, 6, 7) points 9 t {2: 6, 3: 3} mpl_ALL 4 mpl_COMPONENT 4 cover_at_mpl True
FERMAT_DELETION (2, 6, 8) points 9 t {2: 6, 3: 3} mpl_ALL 4 mpl_COMPONENT 4 cover_at_mpl True
FERMAT_DELETION (2, 7, 8) points 9 t {2: 6, 3: 3} mpl_ALL 4 mpl_COMPONENT 4 cover_at_mpl True
FERMAT_DELETION (3, 4, 5) points 11 t {2: 9, 3: 2} mpl_ALL 4 mpl_COMPONENT 4 cover_at_mpl True
FERMAT_DELETION (3, 4, 6) points 9 t {2: 6, 3: 3} mpl_ALL 4 mpl_COMPONENT 4 cover_at_mpl True
FERMAT_DELETION (3, 4, 7) points 9 t {2: 6, 3: 3} mpl_ALL 4 mpl_COMPONENT 4 cover_at_mpl True
FERMAT_DELETION (3, 4, 8) points 9 t {2: 6, 3: 3} mpl_ALL 4 mpl_COMPONENT 4 cover_at_mpl True
FERMAT_DELETION (3, 5, 6) points 9 t {2: 6, 3: 3} mpl_ALL 4 mpl_COMPONENT 4 cover_at_mpl True
FERMAT_DELETION (3, 5, 7) points 9 t {2: 6, 3: 3} mpl_ALL 4 mpl_COMPONENT 4 cover_at_mpl True
FERMAT_DELETION (3, 5, 8) points 9 t {2: 6, 3: 3} mpl_ALL 4 mpl_COMPONENT 4 cover_at_mpl True
FERMAT_DELETION (3, 6, 7) points 9 t {2: 6, 3: 3} mpl_ALL 4 mpl_COMPONENT 4 cover_at_mpl True
FERMAT_DELETION (3, 6, 8) points 9 t {2: 6, 3: 3} mpl_ALL 4 mpl_COMPONENT 4 cover_at_mpl True
FERMAT_DELETION (3, 7, 8) points 9 t {2: 6, 3: 3} mpl_ALL 4 mpl_COMPONENT 4 cover_at_mpl True
FERMAT_DELETION (4, 5, 6) points 9 t {2: 6, 3: 3} mpl_ALL 4 mpl_COMPONENT 4 cover_at_mpl True
FERMAT_DELETION (4, 5, 7) points 9 t {2: 6, 3: 3} mpl_ALL 4 mpl_COMPONENT 4 cover_at_mpl True
FERMAT_DELETION (4, 5, 8) points 9 t {2: 6, 3: 3} mpl_ALL 4 mpl_COMPONENT 4 cover_at_mpl True
FERMAT_DELETION (4, 6, 7) points 9 t {2: 6, 3: 3} mpl_ALL 4 mpl_COMPONENT 4 cover_at_mpl True
FERMAT_DELETION (4, 6, 8) points 9 t {2: 6, 3: 3} mpl_ALL 4 mpl_COMPONENT 4 cover_at_mpl True
FERMAT_DELETION (4, 7, 8) points 9 t {2: 6, 3: 3} mpl_ALL 4 mpl_COMPONENT 4 cover_at_mpl True
FERMAT_DELETION (5, 6, 7) points 9 t {2: 6, 3: 3} mpl_ALL 4 mpl_COMPONENT 4 cover_at_mpl True
FERMAT_DELETION (5, 6, 8) points 9 t {2: 6, 3: 3} mpl_ALL 4 mpl_COMPONENT 4 cover_at_mpl True
FERMAT_DELETION (5, 7, 8) points 9 t {2: 6, 3: 3} mpl_ALL 4 mpl_COMPONENT 4 cover_at_mpl True
FERMAT_DELETION (6, 7, 8) points 11 t {2: 9, 3: 2} mpl_ALL 4 mpl_COMPONENT 4 cover_at_mpl True
FERMAT_DELETION_CLASS_HISTOGRAM {(1, 12, 4, 4, True): 9, (2, 11, 4, 4, True): 36, (3, 9, 4, 4, True): 72, (3, 11, 4, 4, True): 12}
ARRANGEMENT rational_pencil4_plus2_modular lines 6 points 8 t {2: 6, 3: 1, 4: 1}
ALL_PAIR_JOINED_LINES 12 collinearity_histogram {2: 7, 3: 3, 4: 2}
mpl_ALL_LINES 4 mpl_COMPONENTS 4
ALL_PROJECTIVE_LINES_JUSTIFICATION: a line containing >=2 points is a pair join; all others have <=1.
COVER_COST_mpl 3 COMPONENT_ONLY_COVER_COST_mpl 3
COVER_LINE [0:1:-1] component True point_ids [2, 3, 5, 7]
COVER_LINE [1:-2:0] component True point_ids [0, 5, 6]
COVER_LINE [1:0:-1] component True point_ids [1, 4, 6, 7]
ARRANGEMENT rational_pencil4_plus2_nonmodular lines 6 points 10 t {2: 9, 4: 1}
ALL_PAIR_JOINED_LINES 19 collinearity_histogram {2: 13, 3: 4, 5: 2}
mpl_ALL_LINES 5 mpl_COMPONENTS 5
ALL_PROJECTIVE_LINES_JUSTIFICATION: a line containing >=2 points is a pair join; all others have <=1.
COVER_COST_mpl 3 COMPONENT_ONLY_COVER_COST_mpl 3
COVER_LINE [0:1:-1] component True point_ids [2, 3, 5, 7, 9]
COVER_LINE [1:-1:0] component True point_ids [0, 8, 9]
COVER_LINE [1:0:-3] component True point_ids [1, 4, 6, 7, 8]
NODAL_CUBIC f=y^2*z-x^3-x^2*z; irreducible since x+1 is nonsquare in C(x); node [0:0:1].
CURVE_VS_ARRANGEMENT_MULTIPLICITY [0:0:1] r 4 m_C 2
CURVE_VS_ARRANGEMENT_MULTIPLICITY [0:1:0] r 3 m_C 1
CURVE_VS_ARRANGEMENT_MULTIPLICITY [1:-1:0] r 2 m_C 0
CURVE_VS_ARRANGEMENT_MULTIPLICITY [1:-1:1] r 2 m_C 0
CURVE_VS_ARRANGEMENT_MULTIPLICITY [1:0:0] r 2 m_C 0
CURVE_VS_ARRANGEMENT_MULTIPLICITY [1:0:1] r 2 m_C 0
CURVE_VS_ARRANGEMENT_MULTIPLICITY [1:1:0] r 2 m_C 0
CURVE_VS_ARRANGEMENT_MULTIPLICITY [1:1:1] r 2 m_C 0
NODAL_CUBIC_SUM 3 DEGREE 3 GENUS_SUM 2 GENUS_BOUND 2
GENUS_ALONE_LIMITATION degree 5 S 26 genus_cost 0 bound 12 k=5 threshold 25 REALIZATION_NOT_ASSERTED
DONE all exact assertions passed.
