POST_CANDIDATE_EXPOSURE: these checks do not alter the independent seal.
HESSE_PRIMAL [0:0:1] r 2 coverage 1
HESSE_PRIMAL [0:1:(0+-1*w)] r 4 coverage 1
HESSE_PRIMAL [0:1:(1+1*w)] r 4 coverage 1
HESSE_PRIMAL [0:1:-1] r 4 coverage 1
HESSE_PRIMAL [0:1:0] r 2 coverage 1
HESSE_PRIMAL [1:(-1+-1*w):(-1+-1*w)] r 2 coverage 1
HESSE_PRIMAL [1:(-1+-1*w):(0+1*w)] r 2 coverage 1
HESSE_PRIMAL [1:(-1+-1*w):1] r 2 coverage 1
HESSE_PRIMAL [1:(0+-1*w):0] r 4 coverage 1
HESSE_PRIMAL [1:(0+1*w):(-1+-1*w)] r 2 coverage 1
HESSE_PRIMAL [1:(0+1*w):(0+1*w)] r 2 coverage 1
HESSE_PRIMAL [1:(0+1*w):1] r 2 coverage 1
HESSE_PRIMAL [1:(1+1*w):0] r 4 coverage 1
HESSE_PRIMAL [1:-1:0] r 4 coverage 1
HESSE_PRIMAL [1:0:(0+-1*w)] r 4 coverage 1
HESSE_PRIMAL [1:0:(1+1*w)] r 4 coverage 1
HESSE_PRIMAL [1:0:-1] r 4 coverage 1
HESSE_PRIMAL [1:0:0] r 2 coverage 1
HESSE_PRIMAL [1:1:(-1+-1*w)] r 2 coverage 1
HESSE_PRIMAL [1:1:(0+1*w)] r 2 coverage 1
HESSE_PRIMAL [1:1:1] r 2 coverage 1
HESSE_GLOBAL_DUAL [0:0:1] points 5 load 1
HESSE_GLOBAL_DUAL [0:1:(-1+-1*w)] points 2 load 5/12
HESSE_GLOBAL_DUAL [0:1:(0+-1*w)] points 4 load 1
HESSE_GLOBAL_DUAL [0:1:(0+1*w)] points 2 load 5/12
HESSE_GLOBAL_DUAL [0:1:(1+1*w)] points 4 load 1
HESSE_GLOBAL_DUAL [0:1:-1] points 4 load 1
HESSE_GLOBAL_DUAL [0:1:0] points 5 load 1
HESSE_GLOBAL_DUAL [0:1:1] points 2 load 5/12
HESSE_GLOBAL_DUAL [1:(-1+-1*w):(-1+-1*w)] points 5 load 1
HESSE_GLOBAL_DUAL [1:(-1+-1*w):(0+-2*w)] points 2 load 5/12
HESSE_GLOBAL_DUAL [1:(-1+-1*w):(0+1*w)] points 5 load 1
HESSE_GLOBAL_DUAL [1:(-1+-1*w):(2+2*w)] points 2 load 5/12
HESSE_GLOBAL_DUAL [1:(-1+-1*w):-2] points 2 load 5/12
HESSE_GLOBAL_DUAL [1:(-1+-1*w):0] points 2 load 5/12
HESSE_GLOBAL_DUAL [1:(-1+-1*w):1] points 5 load 1
HESSE_GLOBAL_DUAL [1:(0+-1*w):0] points 4 load 1
HESSE_GLOBAL_DUAL [1:(0+-1/2*w):(0+-1/2*w)] points 2 load 5/12
HESSE_GLOBAL_DUAL [1:(0+-1/2*w):(1/2+1/2*w)] points 2 load 5/12
HESSE_GLOBAL_DUAL [1:(0+-1/2*w):-1/2] points 2 load 5/12
HESSE_GLOBAL_DUAL [1:(0+-2*w):(-1+-1*w)] points 2 load 5/12
HESSE_GLOBAL_DUAL [1:(0+-2*w):(0+1*w)] points 2 load 5/12
HESSE_GLOBAL_DUAL [1:(0+-2*w):1] points 2 load 5/12
HESSE_GLOBAL_DUAL [1:(0+1*w):(-1+-1*w)] points 5 load 1
HESSE_GLOBAL_DUAL [1:(0+1*w):(0+-2*w)] points 2 load 5/12
HESSE_GLOBAL_DUAL [1:(0+1*w):(0+1*w)] points 5 load 1
HESSE_GLOBAL_DUAL [1:(0+1*w):(2+2*w)] points 2 load 5/12
HESSE_GLOBAL_DUAL [1:(0+1*w):-2] points 2 load 5/12
HESSE_GLOBAL_DUAL [1:(0+1*w):0] points 2 load 5/12
HESSE_GLOBAL_DUAL [1:(0+1*w):1] points 5 load 1
HESSE_GLOBAL_DUAL [1:(1+1*w):0] points 4 load 1
HESSE_GLOBAL_DUAL [1:(1/2+1/2*w):(0+-1/2*w)] points 2 load 5/12
HESSE_GLOBAL_DUAL [1:(1/2+1/2*w):(1/2+1/2*w)] points 2 load 5/12
HESSE_GLOBAL_DUAL [1:(1/2+1/2*w):-1/2] points 2 load 5/12
HESSE_GLOBAL_DUAL [1:(2+2*w):(-1+-1*w)] points 2 load 5/12
HESSE_GLOBAL_DUAL [1:(2+2*w):(0+1*w)] points 2 load 5/12
HESSE_GLOBAL_DUAL [1:(2+2*w):1] points 2 load 5/12
HESSE_GLOBAL_DUAL [1:-1/2:(0+-1/2*w)] points 2 load 5/12
HESSE_GLOBAL_DUAL [1:-1/2:(1/2+1/2*w)] points 2 load 5/12
HESSE_GLOBAL_DUAL [1:-1/2:-1/2] points 2 load 5/12
HESSE_GLOBAL_DUAL [1:-1:0] points 4 load 1
HESSE_GLOBAL_DUAL [1:-2:(-1+-1*w)] points 2 load 5/12
HESSE_GLOBAL_DUAL [1:-2:(0+1*w)] points 2 load 5/12
HESSE_GLOBAL_DUAL [1:-2:1] points 2 load 5/12
HESSE_GLOBAL_DUAL [1:0:(-1+-1*w)] points 2 load 5/12
HESSE_GLOBAL_DUAL [1:0:(0+-1*w)] points 4 load 1
HESSE_GLOBAL_DUAL [1:0:(0+1*w)] points 2 load 5/12
HESSE_GLOBAL_DUAL [1:0:(1+1*w)] points 4 load 1
HESSE_GLOBAL_DUAL [1:0:-1] points 4 load 1
HESSE_GLOBAL_DUAL [1:0:0] points 5 load 1
HESSE_GLOBAL_DUAL [1:0:1] points 2 load 5/12
HESSE_GLOBAL_DUAL [1:1:(-1+-1*w)] points 5 load 1
HESSE_GLOBAL_DUAL [1:1:(0+-2*w)] points 2 load 5/12
HESSE_GLOBAL_DUAL [1:1:(0+1*w)] points 5 load 1
HESSE_GLOBAL_DUAL [1:1:(2+2*w)] points 2 load 5/12
HESSE_GLOBAL_DUAL [1:1:-2] points 2 load 5/12
HESSE_GLOBAL_DUAL [1:1:0] points 2 load 5/12
HESSE_GLOBAL_DUAL [1:1:1] points 5 load 1
HESSE_COST 9/2 GLOBAL_DUAL_LOAD_HISTOGRAM {Fraction(1, 1): 21, Fraction(5, 12): 36} NONLINEAR_RATIO 2/9
GLOBAL_DUAL_COMPLETENESS: all >=2-point lines enumerated; any other line has load <=1/4.
TWO_EXTENSION_COORDINATE_CONTROL 0 added [] pencil_m 3 outside [] kA 3 mpl_ALL 3 cover_lines ['[0:1:0]', '[1:-1:0]', '[1:0:0]'] branch pencil
TWO_EXTENSION_COORDINATE_CONTROL 1 added ['[1:3/2:5/2]'] pencil_m 3 outside ['[1:-1/4:-1/4]', '[1:-2/3:0]', '[1:-7/3:1]'] kA 6 mpl_ALL 6 cover_lines ['[0:1:0]', '[1:-1:0]', '[1:0:0]', '[1:3/2:5/2]'] branch full_added
TWO_EXTENSION_COORDINATE_CONTROL 2 added ['[1:-2/3:7/3]'] pencil_m 3 outside ['[1:-3/5:-3/5]', '[1:3/2:0]', '[1:5:1]'] kA 6 mpl_ALL 6 cover_lines ['[0:1:0]', '[1:-1:0]', '[1:-2/3:7/3]', '[1:0:0]'] branch full_added
TWO_EXTENSION_COORDINATE_CONTROL 3 added ['[1:1/5:-4/5]'] pencil_m 3 outside ['[1:-1:1]', '[1:-5:0]', '[1:5/3:5/3]'] kA 6 mpl_ALL 6 cover_lines ['[0:1:0]', '[1:-1:0]', '[1:0:0]', '[1:1/5:-4/5]'] branch full_added
TWO_EXTENSION_COORDINATE_CONTROL 4 added ['[1:1:-2]'] pencil_m 3 outside ['[1:-1:0]'] kA 4 mpl_ALL 4 cover_lines ['[0:1:0]', '[1:-1:0]', '[1:0:0]', '[1:1:-2]'] branch full_added
TWO_EXTENSION_COORDINATE_CONTROL 5 added ['[1:-1/2:0]'] pencil_m 4 outside [] kA 4 mpl_ALL 4 cover_lines ['[0:1:0]', '[1:-1/2:0]', '[1:-1:0]', '[1:0:0]'] branch pencil
TWO_EXTENSION_COORDINATE_CONTROL 6 added ['[0:1:-2]'] pencil_m 3 outside ['[1:2:1]'] kA 4 mpl_ALL 4 cover_lines ['[0:1:-2]', '[0:1:0]', '[1:-1:0]', '[1:0:0]'] branch full_added
TWO_EXTENSION_COORDINATE_CONTROL 7 added ['[1:0:-3]'] pencil_m 3 outside ['[1:1/3:1/3]'] kA 4 mpl_ALL 4 cover_lines ['[0:1:0]', '[1:-1:0]', '[1:0:-3]', '[1:0:0]'] branch full_added
TWO_EXTENSION_COORDINATE_CONTROL 8 added ['[1:-1:1]'] pencil_m 3 outside ['[1:2:1]'] kA 4 mpl_ALL 4 cover_lines ['[0:1:0]', '[1:-1:0]', '[1:-1:1]', '[1:0:0]'] branch full_added
TWO_EXTENSION_COORDINATE_CONTROL 9 added ['[1:3/2:5/2]', '[1:-2/3:7/3]'] pencil_m 3 outside ['[1:-1/4:-1/4]', '[1:-2/3:0]', '[1:-3/5:-3/5]', '[1:-7/3:1]', '[1:1/31:-13/31]', '[1:3/2:0]', '[1:5:1]'] kA 7 mpl_ALL 7 cover_lines ['[0:1:0]', '[1:-1:0]', '[1:-2/3:7/3]', '[1:0:0]', '[1:3/2:5/2]'] branch full_added
TWO_EXTENSION_COORDINATE_CONTROL 10 added ['[1:3/2:5/2]', '[1:1/5:-4/5]'] pencil_m 3 outside ['[1:-1/4:-1/4]', '[1:-1:1]', '[1:-2/3:0]', '[1:-33/17:13/17]', '[1:-5:0]', '[1:-7/3:1]', '[1:5/3:5/3]'] kA 7 mpl_ALL 7 cover_lines ['[0:1:0]', '[1:-1:0]', '[1:0:0]', '[1:1/5:-4/5]', '[1:3/2:5/2]'] branch full_added
TWO_EXTENSION_COORDINATE_CONTROL 11 added ['[1:3/2:5/2]', '[1:1:-2]'] pencil_m 3 outside ['[1:-1/4:-1/4]', '[1:-1:0]', '[1:-2/3:0]', '[1:-7/3:1]', '[1:-9/11:1/11]'] kA 7 mpl_ALL 7 cover_lines ['[0:1:0]', '[1:-1:0]', '[1:0:0]', '[1:1:-2]', '[1:3/2:5/2]'] branch full_added
TWO_EXTENSION_COORDINATE_CONTROL 12 added ['[1:3/2:5/2]', '[1:-1/2:0]'] pencil_m 4 outside ['[1:-1/4:-1/4]', '[1:-2/3:0]', '[1:-7/3:1]'] kA 7 mpl_ALL 7 cover_lines ['[0:1:0]', '[1:-1/2:0]', '[1:-1:0]', '[1:0:0]', '[1:3/2:5/2]'] branch full_added
TWO_EXTENSION_COORDINATE_CONTROL 13 added ['[1:3/2:5/2]', '[0:1:-2]'] pencil_m 3 outside ['[1:-1/4:-1/4]', '[1:-2/3:0]', '[1:-4/11:-2/11]', '[1:-7/3:1]', '[1:2:1]'] kA 7 mpl_ALL 7 cover_lines ['[0:1:-2]', '[0:1:0]', '[1:-1:0]', '[1:0:0]', '[1:3/2:5/2]'] branch full_added
TWO_EXTENSION_COORDINATE_CONTROL 14 added ['[1:3/2:5/2]', '[1:0:-3]'] pencil_m 3 outside ['[1:-1/4:-1/4]', '[1:-11/9:1/3]', '[1:-2/3:0]', '[1:-7/3:1]', '[1:1/3:1/3]'] kA 7 mpl_ALL 7 cover_lines ['[0:1:0]', '[1:-1:0]', '[1:0:-3]', '[1:0:0]', '[1:3/2:5/2]'] branch full_added
TWO_EXTENSION_COORDINATE_CONTROL 15 added ['[1:3/2:5/2]', '[1:-1:1]'] pencil_m 3 outside ['[1:-1/4:-1/4]', '[1:-2/3:0]', '[1:-7/3:1]', '[1:2:1]', '[1:3/8:-5/8]'] kA 7 mpl_ALL 7 cover_lines ['[0:1:0]', '[1:-1:0]', '[1:-1:1]', '[1:0:0]', '[1:3/2:5/2]'] branch full_added
TWO_EXTENSION_COORDINATE_CONTROL 16 added ['[1:-2/3:7/3]', '[1:1/5:-4/5]'] pencil_m 3 outside ['[1:-1:1]', '[1:-3/5:-3/5]', '[1:-5:0]', '[1:3/2:0]', '[1:47:13]', '[1:5/3:5/3]', '[1:5:1]'] kA 7 mpl_ALL 7 cover_lines ['[0:1:0]', '[1:-1:0]', '[1:-2/3:7/3]', '[1:0:0]', '[1:1/5:-4/5]'] branch full_added
TWO_EXTENSION_COORDINATE_CONTROL 17 added ['[1:-2/3:7/3]', '[1:1:-2]'] pencil_m 3 outside ['[1:-13/3:-5/3]', '[1:-1:0]', '[1:-3/5:-3/5]', '[1:3/2:0]', '[1:5:1]'] kA 7 mpl_ALL 7 cover_lines ['[0:1:0]', '[1:-1:0]', '[1:-2/3:7/3]', '[1:0:0]', '[1:1:-2]'] branch full_added
TWO_EXTENSION_COORDINATE_CONTROL 18 added ['[1:-2/3:7/3]', '[1:-1/2:0]'] pencil_m 4 outside ['[1:-3/5:-3/5]', '[1:3/2:0]', '[1:5:1]'] kA 7 mpl_ALL 7 cover_lines ['[0:1:0]', '[1:-1/2:0]', '[1:-1:0]', '[1:-2/3:7/3]', '[1:0:0]'] branch full_added
TWO_EXTENSION_COORDINATE_CONTROL 19 added ['[1:-2/3:7/3]', '[0:1:-2]'] pencil_m 3 outside ['[1:-2:-1]', '[1:-3/5:-3/5]', '[1:2:1]', '[1:3/2:0]', '[1:5:1]'] kA 7 mpl_ALL 7 cover_lines ['[0:1:-2]', '[0:1:0]', '[1:-1:0]', '[1:-2/3:7/3]', '[1:0:0]'] branch full_added
TWO_EXTENSION_COORDINATE_CONTROL 20 added ['[1:-2/3:7/3]', '[1:0:-3]'] pencil_m 3 outside ['[1:-3/5:-3/5]', '[1:1/3:1/3]', '[1:3/2:0]', '[1:5:1]', '[1:8/3:1/3]'] kA 7 mpl_ALL 7 cover_lines ['[0:1:0]', '[1:-1:0]', '[1:-2/3:7/3]', '[1:0:-3]', '[1:0:0]'] branch full_added
TWO_EXTENSION_COORDINATE_CONTROL 21 added ['[1:-2/3:7/3]', '[1:-1:1]'] pencil_m 3 outside ['[1:-3/5:-3/5]', '[1:2:1]', '[1:3/2:0]', '[1:4/5:-1/5]', '[1:5:1]'] kA 7 mpl_ALL 7 cover_lines ['[0:1:0]', '[1:-1:0]', '[1:-1:1]', '[1:-2/3:7/3]', '[1:0:0]'] branch full_added
TWO_EXTENSION_COORDINATE_CONTROL 22 added ['[1:1/5:-4/5]', '[1:1:-2]'] pencil_m 3 outside ['[1:-1:0]', '[1:-1:1]', '[1:-5:0]', '[1:3:2]', '[1:5/3:5/3]'] kA 7 mpl_ALL 7 cover_lines ['[0:1:0]', '[1:-1:0]', '[1:0:0]', '[1:1/5:-4/5]', '[1:1:-2]'] branch full_added
TWO_EXTENSION_COORDINATE_CONTROL 23 added ['[1:1/5:-4/5]', '[1:-1/2:0]'] pencil_m 4 outside ['[1:-1:1]', '[1:-5:0]', '[1:5/3:5/3]'] kA 7 mpl_ALL 7 cover_lines ['[0:1:0]', '[1:-1/2:0]', '[1:-1:0]', '[1:0:0]', '[1:1/5:-4/5]'] branch full_added
TWO_EXTENSION_COORDINATE_CONTROL 24 added ['[1:1/5:-4/5]', '[0:1:-2]'] pencil_m 3 outside ['[1:-1:1]', '[1:-5:0]', '[1:2:1]', '[1:5/3:5/3]', '[1:5:5/2]'] kA 7 mpl_ALL 7 cover_lines ['[0:1:-2]', '[0:1:0]', '[1:-1:0]', '[1:0:0]', '[1:1/5:-4/5]'] branch full_added
TWO_EXTENSION_COORDINATE_CONTROL 25 added ['[1:1/5:-4/5]', '[1:0:-3]'] pencil_m 3 outside ['[1:-11/3:1/3]', '[1:-1:1]', '[1:-5:0]', '[1:1/3:1/3]', '[1:5/3:5/3]'] kA 7 mpl_ALL 7 cover_lines ['[0:1:0]', '[1:-1:0]', '[1:0:-3]', '[1:0:0]', '[1:1/5:-4/5]'] branch full_added
TWO_EXTENSION_COORDINATE_CONTROL 26 added ['[1:1/5:-4/5]', '[1:-1:1]'] pencil_m 3 outside ['[1:-1:1]', '[1:-5:0]', '[1:2:1]', '[1:3:2]', '[1:5/3:5/3]'] kA 7 mpl_ALL 7 cover_lines ['[0:1:0]', '[1:-1:0]', '[1:-1:1]', '[1:0:0]', '[1:1/5:-4/5]'] branch full_added
TWO_EXTENSION_COORDINATE_CONTROL 27 added ['[1:1:-2]', '[1:-1/2:0]'] pencil_m 4 outside ['[1:-1:0]'] kA 5 mpl_ALL 5 cover_lines ['[0:1:0]', '[1:-1/2:0]', '[1:-1:0]', '[1:0:0]', '[1:1:-2]'] branch full_added
TWO_EXTENSION_COORDINATE_CONTROL 28 added ['[1:1:-2]', '[0:1:-2]'] pencil_m 3 outside ['[1:-1:0]', '[1:2:1]'] kA 4 mpl_ALL 4 cover_lines ['[0:1:0]', '[1:-1:0]', '[1:0:0]', '[1:1:-3]'] branch join
TWO_EXTENSION_COORDINATE_CONTROL 29 added ['[1:1:-2]', '[1:0:-3]'] pencil_m 3 outside ['[1:-1/3:1/3]', '[1:-1:0]', '[1:1/3:1/3]'] kA 5 mpl_ALL 5 cover_lines ['[0:1:0]', '[1:-1:0]', '[1:0:-3]', '[1:0:0]', '[1:1:-2]'] branch full_added
TWO_EXTENSION_COORDINATE_CONTROL 30 added ['[1:1:-2]', '[1:-1:1]'] pencil_m 3 outside ['[1:-1:0]', '[1:2:1]', '[1:3:2]'] kA 5 mpl_ALL 5 cover_lines ['[0:1:0]', '[1:-1:0]', '[1:-1:1]', '[1:0:0]', '[1:1:-2]'] branch full_added
TWO_EXTENSION_COORDINATE_CONTROL 31 added ['[1:-1/2:0]', '[0:1:-2]'] pencil_m 4 outside [] kA 4 mpl_ALL 4 cover_lines ['[0:1:0]', '[1:-1/2:0]', '[1:-1:0]', '[1:0:0]'] branch pencil
TWO_EXTENSION_COORDINATE_CONTROL 32 added ['[1:-1/2:0]', '[1:0:-3]'] pencil_m 4 outside ['[1:1/3:1/3]'] kA 5 mpl_ALL 5 cover_lines ['[0:1:0]', '[1:-1/2:0]', '[1:-1:0]', '[1:0:-3]', '[1:0:0]'] branch full_added
TWO_EXTENSION_COORDINATE_CONTROL 33 added ['[1:-1/2:0]', '[1:-1:1]'] pencil_m 4 outside [] kA 4 mpl_ALL 4 cover_lines ['[0:1:0]', '[1:-1/2:0]', '[1:-1:0]', '[1:0:0]'] branch pencil
TWO_EXTENSION_COORDINATE_CONTROL 34 added ['[0:1:-2]', '[1:0:-3]'] pencil_m 3 outside ['[1:1/3:1/3]', '[1:2/3:1/3]', '[1:2:1]'] kA 5 mpl_ALL 5 cover_lines ['[0:1:-2]', '[0:1:0]', '[1:-1:0]', '[1:0:-3]', '[1:0:0]'] branch full_added
TWO_EXTENSION_COORDINATE_CONTROL 35 added ['[0:1:-2]', '[1:-1:1]'] pencil_m 3 outside ['[1:2:1]'] kA 4 mpl_ALL 4 cover_lines ['[0:1:-2]', '[0:1:0]', '[1:-1:0]', '[1:0:0]'] branch join
TWO_EXTENSION_COORDINATE_CONTROL 36 added ['[1:0:-3]', '[1:-1:1]'] pencil_m 3 outside ['[1:1/3:1/3]', '[1:2:1]', '[1:4/3:1/3]'] kA 5 mpl_ALL 5 cover_lines ['[0:1:0]', '[1:-1:0]', '[1:-1:1]', '[1:0:-3]', '[1:0:0]'] branch full_added
TWO_EXTENSION_TOTAL 37 BRANCHES {'pencil': 4, 'full_added': 31, 'join': 2}
DONE exact candidate-focused checks passed.
