Updating eb3c6dbe6..ced99fb2f
Fast-forward
 .../FINAL_AUTHOR_MANIFEST.json                     | 220 +++++++++++++++++
 .../FINAL_PUBLIC_SCOPE.json                        |  44 ++++
 .../FINAL_REPLAY_RECEIPT.json                      |  40 +++
 .../FINAL_RESULT.md                                |  29 +++
 .../FINAL_REVIEW_REQUEST.md                        |  30 +++
 .../PRIOR_GATE.json                                |  78 ++++++
 .../PUBLICATION_MANIFEST.json                      | 275 +++++++++++++++++++++
 .../PUBLIC_SCOPE.json                              |  15 ++
 .../REVIEWED_RESULT.md                             |  23 ++
 .../SOURCE_ADDENDUM_TURN_2.json                    |  34 +++
 .../SOURCE_ADDENDUM_TURN_4.json                    |  29 +++
 .../SOURCE_GATE.md                                 |  29 +++
 .../SOURCE_HASHES.json                             |  55 +++++
 .../30005116_induced_four_cycle_profile/TURN_1.md  | 129 ++++++++++
 .../TURN_1_CHECKS.json                             |  26 ++
 .../TURN_1_MANIFEST.json                           |  48 ++++
 .../TURN_1_STATE.json                              |  11 +
 .../30005116_induced_four_cycle_profile/TURN_2.md  | 128 ++++++++++
 .../TURN_2_CHECKS.json                             |  38 +++
 .../TURN_2_MANIFEST.json                           |  37 +++
 .../TURN_2_STATE.json                              |  11 +
 .../30005116_induced_four_cycle_profile/TURN_3.md  | 126 ++++++++++
 .../TURN_3_CHECKS.json                             |  27 ++
 .../TURN_3_MANIFEST.json                           |  31 +++
 .../TURN_3_STATE.json                              |  11 +
 .../30005116_induced_four_cycle_profile/TURN_4.md  | 117 +++++++++
 .../TURN_4_CHECKS.json                             |  55 +++++
 .../TURN_4_MANIFEST.json                           |  37 +++
 .../TURN_4_STATE.json                              |  12 +
 .../30005116_induced_four_cycle_profile/TURN_5.md  | 115 +++++++++
 .../TURN_5_CHECKS.json                             |  34 +++
 .../TURN_5_MANIFEST.json                           |  31 +++
 .../TURN_5_STATE.json                              |  12 +
 .../independent_review/AUTHOR_REPLAY.json          | 187 ++++++++++++++
 .../independent_review/INDEPENDENT_CHECKS.json     |   5 +
 .../independent_review/REVIEW.md                   |  47 ++++
 .../independent_review/REVIEW_MANIFEST.json        |  32 +++
 .../independent_review/independent_check.py        |  55 +++++
 .../independent_review/replay_author.py            |  11 +
 .../verify_publication.py                          |  21 ++
 .../verify_turn1.py                                |  78 ++++++
 .../verify_turn2.py                                | 118 +++++++++
 .../verify_turn3.py                                | 101 ++++++++
 .../verify_turn4.py                                | 115 +++++++++
 .../verify_turn5.py                                |  78 ++++++
 unsolved_math_prioritization/QUEUE.md              |   2 +-
 46 files changed, 2786 insertions(+), 1 deletion(-)
 create mode 100644 problems/30005116_induced_four_cycle_profile/FINAL_AUTHOR_MANIFEST.json
 create mode 100644 problems/30005116_induced_four_cycle_profile/FINAL_PUBLIC_SCOPE.json
 create mode 100644 problems/30005116_induced_four_cycle_profile/FINAL_REPLAY_RECEIPT.json
 create mode 100644 problems/30005116_induced_four_cycle_profile/FINAL_RESULT.md
 create mode 100644 problems/30005116_induced_four_cycle_profile/FINAL_REVIEW_REQUEST.md
 create mode 100644 problems/30005116_induced_four_cycle_profile/PRIOR_GATE.json
 create mode 100644 problems/30005116_induced_four_cycle_profile/PUBLICATION_MANIFEST.json
 create mode 100644 problems/30005116_induced_four_cycle_profile/PUBLIC_SCOPE.json
 create mode 100644 problems/30005116_induced_four_cycle_profile/REVIEWED_RESULT.md
 create mode 100644 problems/30005116_induced_four_cycle_profile/SOURCE_ADDENDUM_TURN_2.json
 create mode 100644 problems/30005116_induced_four_cycle_profile/SOURCE_ADDENDUM_TURN_4.json
 create mode 100644 problems/30005116_induced_four_cycle_profile/SOURCE_GATE.md
 create mode 100644 problems/30005116_induced_four_cycle_profile/SOURCE_HASHES.json
 create mode 100644 problems/30005116_induced_four_cycle_profile/TURN_1.md
 create mode 100644 problems/30005116_induced_four_cycle_profile/TURN_1_CHECKS.json
 create mode 100644 problems/30005116_induced_four_cycle_profile/TURN_1_MANIFEST.json
 create mode 100644 problems/30005116_induced_four_cycle_profile/TURN_1_STATE.json
 create mode 100644 problems/30005116_induced_four_cycle_profile/TURN_2.md
 create mode 100644 problems/30005116_induced_four_cycle_profile/TURN_2_CHECKS.json
 create mode 100644 problems/30005116_induced_four_cycle_profile/TURN_2_MANIFEST.json
 create mode 100644 problems/30005116_induced_four_cycle_profile/TURN_2_STATE.json
 create mode 100644 problems/30005116_induced_four_cycle_profile/TURN_3.md
 create mode 100644 problems/30005116_induced_four_cycle_profile/TURN_3_CHECKS.json
 create mode 100644 problems/30005116_induced_four_cycle_profile/TURN_3_MANIFEST.json
 create mode 100644 problems/30005116_induced_four_cycle_profile/TURN_3_STATE.json
 create mode 100644 problems/30005116_induced_four_cycle_profile/TURN_4.md
 create mode 100644 problems/30005116_induced_four_cycle_profile/TURN_4_CHECKS.json
 create mode 100644 problems/30005116_induced_four_cycle_profile/TURN_4_MANIFEST.json
 create mode 100644 problems/30005116_induced_four_cycle_profile/TURN_4_STATE.json
 create mode 100644 problems/30005116_induced_four_cycle_profile/TURN_5.md
 create mode 100644 problems/30005116_induced_four_cycle_profile/TURN_5_CHECKS.json
 create mode 100644 problems/30005116_induced_four_cycle_profile/TURN_5_MANIFEST.json
 create mode 100644 problems/30005116_induced_four_cycle_profile/TURN_5_STATE.json
 create mode 100644 problems/30005116_induced_four_cycle_profile/independent_review/AUTHOR_REPLAY.json
 create mode 100644 problems/30005116_induced_four_cycle_profile/independent_review/INDEPENDENT_CHECKS.json
 create mode 100644 problems/30005116_induced_four_cycle_profile/independent_review/REVIEW.md
 create mode 100644 problems/30005116_induced_four_cycle_profile/independent_review/REVIEW_MANIFEST.json
 create mode 100644 problems/30005116_induced_four_cycle_profile/independent_review/independent_check.py
 create mode 100644 problems/30005116_induced_four_cycle_profile/independent_review/replay_author.py
 create mode 100644 problems/30005116_induced_four_cycle_profile/verify_publication.py
 create mode 100644 problems/30005116_induced_four_cycle_profile/verify_turn1.py
 create mode 100644 problems/30005116_induced_four_cycle_profile/verify_turn2.py
 create mode 100644 problems/30005116_induced_four_cycle_profile/verify_turn3.py
 create mode 100644 problems/30005116_induced_four_cycle_profile/verify_turn4.py
 create mode 100644 problems/30005116_induced_four_cycle_profile/verify_turn5.py
