[main ceada3999] Checkpoint PR374 fresh sources and independent root mathematical baseline
 33 files changed, 369 insertions(+)
 create mode 100644 draft_pr_descending_audit_20261002/audits/pr374_30005116/ROOT_SOURCE_FIRST_BASELINE.md
 create mode 100644 draft_pr_descending_audit_20261002/audits/pr374_30005116/lmr-feasible.pdf.page10.render.stderr
 create mode 100644 draft_pr_descending_audit_20261002/audits/pr374_30005116/lmr-feasible.pdf.page10.render.stdout
 create mode 100644 draft_pr_descending_audit_20261002/audits/pr374_30005116/owr2022-22.pdf.page63.render.stderr
 create mode 100644 draft_pr_descending_audit_20261002/audits/pr374_30005116/owr2022-22.pdf.page63.render.stdout
 create mode 100644 draft_pr_descending_audit_20261002/audits/pr374_30005116/pikhurko-razborov2017.pdf.page3.render.stderr
 create mode 100644 draft_pr_descending_audit_20261002/audits/pr374_30005116/pikhurko-razborov2017.pdf.page3.render.stdout
 create mode 100644 draft_pr_descending_audit_20261002/audits/pr374_30005116/root_cograph-terminology2024.pdf.download.stderr
 create mode 100644 draft_pr_descending_audit_20261002/audits/pr374_30005116/root_cograph-terminology2024.pdf.download.stdout
 create mode 100644 draft_pr_descending_audit_20261002/audits/pr374_30005116/root_cograph-terminology2024.pdf.extract.stderr
 create mode 100644 draft_pr_descending_audit_20261002/audits/pr374_30005116/root_cograph-terminology2024.pdf.extract.stdout
 create mode 100644 draft_pr_descending_audit_20261002/audits/pr374_30005116/root_lmr-feasible.pdf.download.stderr
 create mode 100644 draft_pr_descending_audit_20261002/audits/pr374_30005116/root_lmr-feasible.pdf.download.stdout
 create mode 100644 draft_pr_descending_audit_20261002/audits/pr374_30005116/root_lmr-feasible.pdf.extract.stderr
 create mode 100644 draft_pr_descending_audit_20261002/audits/pr374_30005116/root_lmr-feasible.pdf.extract.stdout
 create mode 100644 draft_pr_descending_audit_20261002/audits/pr374_30005116/root_owr2022-22.pdf.download.stderr
 create mode 100644 draft_pr_descending_audit_20261002/audits/pr374_30005116/root_owr2022-22.pdf.download.stdout
 create mode 100644 draft_pr_descending_audit_20261002/audits/pr374_30005116/root_owr2022-22.pdf.extract.stderr
 create mode 100644 draft_pr_descending_audit_20261002/audits/pr374_30005116/root_owr2022-22.pdf.extract.stdout
 create mode 100644 draft_pr_descending_audit_20261002/audits/pr374_30005116/root_pikhurko-razborov2017.pdf.download.stderr
 create mode 100644 draft_pr_descending_audit_20261002/audits/pr374_30005116/root_pikhurko-razborov2017.pdf.download.stdout
 create mode 100644 draft_pr_descending_audit_20261002/audits/pr374_30005116/root_pikhurko-razborov2017.pdf.extract.stderr
 create mode 100644 draft_pr_descending_audit_20261002/audits/pr374_30005116/root_pikhurko-razborov2017.pdf.extract.stdout
 create mode 100644 draft_pr_descending_audit_20261002/audits/pr374_30005116/root_primary_source_receipt.json
 create mode 100644 draft_pr_descending_audit_20261002/audits/pr374_30005116/root_render_receipt.json
 create mode 100644 draft_pr_descending_audit_20261002/audits/pr374_30005116/root_semi2026.pdf.download.stderr
 create mode 100644 draft_pr_descending_audit_20261002/audits/pr374_30005116/root_semi2026.pdf.download.stdout
 create mode 100644 draft_pr_descending_audit_20261002/audits/pr374_30005116/root_semi2026.pdf.extract.stderr
 create mode 100644 draft_pr_descending_audit_20261002/audits/pr374_30005116/root_semi2026.pdf.extract.stdout
 create mode 100644 draft_pr_descending_audit_20261002/audits/pr374_30005116/root_source_first_seal.json
 create mode 100644 draft_pr_descending_audit_20261002/audits/pr374_30005116/semi2026.pdf.page4.render.stderr
 create mode 100644 draft_pr_descending_audit_20261002/audits/pr374_30005116/semi2026.pdf.page4.render.stdout
