tree 1464f6e71c9db2ab696db9e75373413267030156
parent 4afe89d1439e0d0d2a28a55f27709192cd56738e
parent eb3c6dbe6a1d978e39c30518137264bdc69ec30b
author Alec Kriebel <me@aleckriebel.com> 1791017998 -0700
committer GitHub <noreply@github.com> 1791017998 -0700
gpgsig -----BEGIN PGP SIGNATURE-----
 
 wsFcBAABCAAQBQJqwMQOCRC1aQ7uu5UhlAAAEzwQAIMoSi8NwSaS4E3lqCqA9Ds5
 FlUWTqJSGJDItx6Qg6lr0ehIduxX6pYFzAiJMp4+fYcPcCYeXnIBK8pUKxKhy2o4
 +AKJ/rqR+Xsy2aJEI7+DPyPpDPfFPtjTIaKNMUbMxOqsEoJA8MP0qEgS0NYcHQTS
 PHAZMdnf+CcRTA5ftpeEFV3C1wW8hPiZGzu5rFaqNG1LJjwYHRlxAu40SB2aLhv0
 wmXWX735N8BkQNAtCNS/8hKatHKT+0l3I1qGX7yYJXaHU8Bg6dCwzzCYOgk8WD0W
 sUENOG0z3PeAdGQHNhPhODS7XMsz2P5extLkKd/7zO2rwDtPY2xogVSLAr14YUkx
 XDQCjyMx8J518l9XNbsRluCpM8707Ff6UWHayt8t3IEQlNKvs37yRlDooOZwUToy
 G9fDWMsv2av52Ny4yTn2xQskQbzJslbdBNo4hJl5mc+xYFf5QIxK0ex8VoaDexgU
 JytoCE8TsaXNeOJAps8KO7HKoPf99AFHdkb0Xrk4HTeJiUaRvEcXfdq9gaF7Qetw
 jDDOWs3wJtfZmwKdD+lNG0jRdf8rYquYv6KU1ITjAQVZC4luXmba0jJvJf1R7ZQ1
 9Qh/H4YkEVOjPEoVvq1T2vGTAB+RYLFZIbD59yRFWX1K6FHENu4rJdlG7gm4tcR3
 KriDhUkGK0s1W2Jg7r3C
 =CqtC
 -----END PGP SIGNATURE-----
 

Merge branch 'main' into math/30005116-induced-four-cycle-wip