tree 9b4c96e230fc3aecca24760e6804ea671d559ca4
parent 26df33899c95d860403ab311c568e0328bc87eeb
parent 8e04757bff6e5c6c25d2dbf23ce10f736da8c5c8
author Alec Kriebel <me@aleckriebel.com> 1791017076 -0700
committer GitHub <noreply@github.com> 1791017076 -0700
gpgsig -----BEGIN PGP SIGNATURE-----
 
 wsFcBAABCAAQBQJqwMB0CRC1aQ7uu5UhlAAAlnkQAE6Y7S5YPELAhe9PEwFB5fTX
 XkMXLy3HXzCYuX2S6nDSPGyK/rozjo/OTE3ewScy4k3IkcMuUN6F6Y7ofgc90XVQ
 QJK5Zek0A864HMmog1i2wNauItwneGHRhD3B/bOYBrFrJpO/CmSpGIcWLfPrm8nJ
 aoH6HblgHxt6ajau6SCTBy7WWeJr1H8necNn3qZaraZHsBkPfFYY1qn+kx3NLxmR
 pNCepLUOzbWhIeaHrDTAFwTIpweNlz3GxAQE5Q238B1+p2Lm3NYo49Ca4cCLpmE0
 HYiyK43j1M1lH/qX+2QgEvMYKDalgYEykc00RLG91F/BEnymKiAsXnsVMrxLhvLc
 xkWSnthfp/LtpEIpj1D2ThELL6cUteXPBhji/OI65Adsdpcbi/5dFyMUjRdDQGs5
 scg3oU9eTvWOR0SawMbWF//lEY3vjFd7Ruy4JBEU+NU71BBgSoz1y7nCQDxfzGp0
 TlKzrylSsNpk+4xx8tKScM+UQBA4YWqKxJmOkGyHWFhGVnqgS4fwhY4DfPB9uFnS
 dSCKH1t68bGOAbWa8QhmeUqgxLgJQGzn0i9mcEDzjyjbI0C0RTCklqhkgXVR8JUX
 D8cxwiX4gjrGRaMNBR+GmKOCg2rmY05+i2yOxgdGHJ9cn1HnDr7vxnb5MMh/piOH
 49w58UJjd2k0xDoA+Vvz
 =M0Kc
 -----END PGP SIGNATURE-----
 

Merge branch 'main' into math/30005116-induced-four-cycle-wip