[main 8e04757bf] Checkpoint PR374 full independent partial-result audit and freeze PR373
 192 files changed, 11769 insertions(+), 4 deletions(-)
 create mode 100644 draft_pr_descending_audit_20261002/audits/pr373_30004435/README.md
 create mode 100644 draft_pr_descending_audit_20261002/audits/pr373_30004435/RESEARCH_LOG.md
 create mode 100644 draft_pr_descending_audit_20261002/audits/pr373_30004435/freeze_fetch.stderr
 create mode 100644 draft_pr_descending_audit_20261002/audits/pr373_30004435/freeze_fetch.stdout
 create mode 100644 draft_pr_descending_audit_20261002/audits/pr373_30004435/freeze_files.stderr
 create mode 100644 draft_pr_descending_audit_20261002/audits/pr373_30004435/freeze_files.stdout
 create mode 100644 draft_pr_descending_audit_20261002/audits/pr373_30004435/freeze_metadata.stderr
 create mode 100644 draft_pr_descending_audit_20261002/audits/pr373_30004435/freeze_metadata.stdout
 create mode 100644 draft_pr_descending_audit_20261002/audits/pr373_30004435/remote_original.json
 create mode 100644 draft_pr_descending_audit_20261002/audits/pr373_30004435/root_alnajjar_shmaya_2014.pdf.download.stderr
 create mode 100644 draft_pr_descending_audit_20261002/audits/pr373_30004435/root_alnajjar_shmaya_2014.pdf.download.stdout
 create mode 100644 draft_pr_descending_audit_20261002/audits/pr373_30004435/root_alnajjar_shmaya_2014.pdf.extract.stderr
 create mode 100644 draft_pr_descending_audit_20261002/audits/pr373_30004435/root_alnajjar_shmaya_2014.pdf.extract.stdout
 create mode 100644 draft_pr_descending_audit_20261002/audits/pr373_30004435/root_bressaud_fernandez_galves_1999.pdf.download.stderr
 create mode 100644 draft_pr_descending_audit_20261002/audits/pr373_30004435/root_bressaud_fernandez_galves_1999.pdf.download.stdout
 create mode 100644 draft_pr_descending_audit_20261002/audits/pr373_30004435/root_bressaud_fernandez_galves_1999.pdf.extract.stderr
 create mode 100644 draft_pr_descending_audit_20261002/audits/pr373_30004435/root_bressaud_fernandez_galves_1999.pdf.extract.stdout
 create mode 100644 draft_pr_descending_audit_20261002/audits/pr373_30004435/root_fetch_primary.py
 create mode 100644 draft_pr_descending_audit_20261002/audits/pr373_30004435/root_freeze_cli_limitation.json
 create mode 100644 draft_pr_descending_audit_20261002/audits/pr373_30004435/root_lemanczyk_thesis.pdf.download.stderr
 create mode 100644 draft_pr_descending_audit_20261002/audits/pr373_30004435/root_lemanczyk_thesis.pdf.download.stdout
 create mode 100644 draft_pr_descending_audit_20261002/audits/pr373_30004435/root_lemanczyk_thesis.pdf.extract.stderr
 create mode 100644 draft_pr_descending_audit_20261002/audits/pr373_30004435/root_lemanczyk_thesis.pdf.extract.stdout
 create mode 100644 draft_pr_descending_audit_20261002/audits/pr373_30004435/root_owr_2020_11.pdf.download.stderr
 create mode 100644 draft_pr_descending_audit_20261002/audits/pr373_30004435/root_owr_2020_11.pdf.download.stdout
 create mode 100644 draft_pr_descending_audit_20261002/audits/pr373_30004435/root_owr_2020_11.pdf.extract.stderr
 create mode 100644 draft_pr_descending_audit_20261002/audits/pr373_30004435/root_owr_2020_11.pdf.extract.stdout
 create mode 100644 draft_pr_descending_audit_20261002/audits/pr373_30004435/root_primary_source_receipt.json
 create mode 100644 draft_pr_descending_audit_20261002/audits/pr373_30004435/snapshot/unsolved_math_prioritization/QUEUE.md
 create mode 100644 draft_pr_descending_audit_20261002/audits/pr373_30004435/snapshot/unsolved_math_prioritization/attempts/30004435/FINAL_FROZEN_MANIFEST.json
 create mode 100644 draft_pr_descending_audit_20261002/audits/pr373_30004435/snapshot/unsolved_math_prioritization/attempts/30004435/FINAL_REVIEW_REQUEST.md
 create mode 100644 draft_pr_descending_audit_20261002/audits/pr373_30004435/snapshot/unsolved_math_prioritization/attempts/30004435/PRIOR_GATE.json
 create mode 100644 draft_pr_descending_audit_20261002/audits/pr373_30004435/snapshot/unsolved_math_prioritization/attempts/30004435/PR_BODY.md
 create mode 100644 draft_pr_descending_audit_20261002/audits/pr373_30004435/snapshot/unsolved_math_prioritization/attempts/30004435/PUBLICATION_MANIFEST.json
 create mode 100644 draft_pr_descending_audit_20261002/audits/pr373_30004435/snapshot/unsolved_math_prioritization/attempts/30004435/READINESS.json
 create mode 100644 draft_pr_descending_audit_20261002/audits/pr373_30004435/snapshot/unsolved_math_prioritization/attempts/30004435/README.md
 create mode 100644 draft_pr_descending_audit_20261002/audits/pr373_30004435/snapshot/unsolved_math_prioritization/attempts/30004435/REPLAY_ALL.py
 create mode 100644 draft_pr_descending_audit_20261002/audits/pr373_30004435/snapshot/unsolved_math_prioritization/attempts/30004435/RESEARCH_LOG.md
 create mode 100644 draft_pr_descending_audit_20261002/audits/pr373_30004435/snapshot/unsolved_math_prioritization/attempts/30004435/RESULT.md
 create mode 100644 draft_pr_descending_audit_20261002/audits/pr373_30004435/snapshot/unsolved_math_prioritization/attempts/30004435/SOURCE_MANIFEST.json
 create mode 100644 draft_pr_descending_audit_20261002/audits/pr373_30004435/snapshot/unsolved_math_prioritization/attempts/30004435/SOURCE_NORMALIZATION.md
 create mode 100644 draft_pr_descending_audit_20261002/audits/pr373_30004435/snapshot/unsolved_math_prioritization/attempts/30004435/TURN_1.md
 create mode 100644 draft_pr_descending_audit_20261002/audits/pr373_30004435/snapshot/unsolved_math_prioritization/attempts/30004435/TURN_1_CHECKS.json
 create mode 100644 draft_pr_descending_audit_20261002/audits/pr373_30004435/snapshot/unsolved_math_prioritization/attempts/30004435/TURN_1_LEDGER.jsonl
 create mode 100644 draft_pr_descending_audit_20261002/audits/pr373_30004435/snapshot/unsolved_math_prioritization/attempts/30004435/TURN_1_MANIFEST.json
 create mode 100644 draft_pr_descending_audit_20261002/audits/pr373_30004435/snapshot/unsolved_math_prioritization/attempts/30004435/TURN_1_STATE.json
 create mode 100644 draft_pr_descending_audit_20261002/audits/pr373_30004435/snapshot/unsolved_math_prioritization/attempts/30004435/TURN_2.md
 create mode 100644 draft_pr_descending_audit_20261002/audits/pr373_30004435/snapshot/unsolved_math_prioritization/attempts/30004435/TURN_2_CHECKS.json
 create mode 100644 draft_pr_descending_audit_20261002/audits/pr373_30004435/snapshot/unsolved_math_prioritization/attempts/30004435/TURN_2_LEDGER.jsonl
 create mode 100644 draft_pr_descending_audit_20261002/audits/pr373_30004435/snapshot/unsolved_math_prioritization/attempts/30004435/TURN_2_MANIFEST.json
 create mode 100644 draft_pr_descending_audit_20261002/audits/pr373_30004435/snapshot/unsolved_math_prioritization/attempts/30004435/TURN_2_STATE.json
 create mode 100644 draft_pr_descending_audit_20261002/audits/pr373_30004435/snapshot/unsolved_math_prioritization/attempts/30004435/TURN_3.md
 create mode 100644 draft_pr_descending_audit_20261002/audits/pr373_30004435/snapshot/unsolved_math_prioritization/attempts/30004435/TURN_3_CHECKS.json
 create mode 100644 draft_pr_descending_audit_20261002/audits/pr373_30004435/snapshot/unsolved_math_prioritization/attempts/30004435/TURN_3_LEDGER.jsonl
 create mode 100644 draft_pr_descending_audit_20261002/audits/pr373_30004435/snapshot/unsolved_math_prioritization/attempts/30004435/TURN_3_MANIFEST.json
 create mode 100644 draft_pr_descending_audit_20261002/audits/pr373_30004435/snapshot/unsolved_math_prioritization/attempts/30004435/TURN_3_SOURCE.json
 create mode 100644 draft_pr_descending_audit_20261002/audits/pr373_30004435/snapshot/unsolved_math_prioritization/attempts/30004435/TURN_3_STATE.json
 create mode 100644 draft_pr_descending_audit_20261002/audits/pr373_30004435/snapshot/unsolved_math_prioritization/attempts/30004435/TURN_4.md
 create mode 100644 draft_pr_descending_audit_20261002/audits/pr373_30004435/snapshot/unsolved_math_prioritization/attempts/30004435/TURN_4_CHECKS.json
 create mode 100644 draft_pr_descending_audit_20261002/audits/pr373_30004435/snapshot/unsolved_math_prioritization/attempts/30004435/TURN_4_LEDGER.jsonl
 create mode 100644 draft_pr_descending_audit_20261002/audits/pr373_30004435/snapshot/unsolved_math_prioritization/attempts/30004435/TURN_4_MANIFEST.json
 create mode 100644 draft_pr_descending_audit_20261002/audits/pr373_30004435/snapshot/unsolved_math_prioritization/attempts/30004435/TURN_4_STATE.json
 create mode 100644 draft_pr_descending_audit_20261002/audits/pr373_30004435/snapshot/unsolved_math_prioritization/attempts/30004435/TURN_5.md
 create mode 100644 draft_pr_descending_audit_20261002/audits/pr373_30004435/snapshot/unsolved_math_prioritization/attempts/30004435/TURN_5_CHECKS.json
 create mode 100644 draft_pr_descending_audit_20261002/audits/pr373_30004435/snapshot/unsolved_math_prioritization/attempts/30004435/TURN_5_LEDGER.jsonl
 create mode 100644 draft_pr_descending_audit_20261002/audits/pr373_30004435/snapshot/unsolved_math_prioritization/attempts/30004435/TURN_5_MANIFEST.json
 create mode 100644 draft_pr_descending_audit_20261002/audits/pr373_30004435/snapshot/unsolved_math_prioritization/attempts/30004435/TURN_5_STATE.json
 create mode 100644 draft_pr_descending_audit_20261002/audits/pr373_30004435/snapshot/unsolved_math_prioritization/attempts/30004435/final_review/ADVERSARIAL_REVIEW.md
 create mode 100644 draft_pr_descending_audit_20261002/audits/pr373_30004435/snapshot/unsolved_math_prioritization/attempts/30004435/final_review/AUTHOR_REPLAY.json
 create mode 100644 draft_pr_descending_audit_20261002/audits/pr373_30004435/snapshot/unsolved_math_prioritization/attempts/30004435/final_review/INDEPENDENT_CHECKS.json
 create mode 100644 draft_pr_descending_audit_20261002/audits/pr373_30004435/snapshot/unsolved_math_prioritization/attempts/30004435/final_review/REMOTE_BINDING.json
 create mode 100644 draft_pr_descending_audit_20261002/audits/pr373_30004435/snapshot/unsolved_math_prioritization/attempts/30004435/final_review/REVIEW_MANIFEST.json
 create mode 100644 draft_pr_descending_audit_20261002/audits/pr373_30004435/snapshot/unsolved_math_prioritization/attempts/30004435/final_review/independent_checks.py
 create mode 100644 draft_pr_descending_audit_20261002/audits/pr373_30004435/snapshot/unsolved_math_prioritization/attempts/30004435/final_review/verify_review.py
 create mode 100644 draft_pr_descending_audit_20261002/audits/pr373_30004435/snapshot/unsolved_math_prioritization/attempts/30004435/finite_markov.py
 create mode 100644 draft_pr_descending_audit_20261002/audits/pr373_30004435/snapshot/unsolved_math_prioritization/attempts/30004435/observable_space.py
 create mode 100644 draft_pr_descending_audit_20261002/audits/pr373_30004435/snapshot/unsolved_math_prioritization/attempts/30004435/verify_turn1.py
 create mode 100644 draft_pr_descending_audit_20261002/audits/pr373_30004435/snapshot/unsolved_math_prioritization/attempts/30004435/verify_turn2.py
 create mode 100644 draft_pr_descending_audit_20261002/audits/pr373_30004435/snapshot/unsolved_math_prioritization/attempts/30004435/verify_turn3.py
 create mode 100644 draft_pr_descending_audit_20261002/audits/pr373_30004435/snapshot/unsolved_math_prioritization/attempts/30004435/verify_turn4.py
 create mode 100644 draft_pr_descending_audit_20261002/audits/pr373_30004435/snapshot/unsolved_math_prioritization/attempts/30004435/verify_turn5.py
 create mode 100644 draft_pr_descending_audit_20261002/audits/pr373_30004435/snapshot_manifest.json
 create mode 100644 draft_pr_descending_audit_20261002/audits/pr374_30005116/ACCEPTANCE_DECISION.md
 create mode 100644 draft_pr_descending_audit_20261002/audits/pr374_30005116/clean_final_adversary/.gitignore
 create mode 100644 draft_pr_descending_audit_20261002/audits/pr374_30005116/clean_final_adversary/public/FINAL_REPORT.md
 create mode 100644 draft_pr_descending_audit_20261002/audits/pr374_30005116/clean_final_adversary/public/PUBLIC_MANIFEST.json
 create mode 100644 draft_pr_descending_audit_20261002/audits/pr374_30005116/clean_final_adversary/public/README.md
 create mode 100644 draft_pr_descending_audit_20261002/audits/pr374_30005116/clean_final_adversary/public/controls/fetch_sources.py
 create mode 100644 draft_pr_descending_audit_20261002/audits/pr374_30005116/clean_final_adversary/public/controls/final_gate.failure1.py
 create mode 100644 draft_pr_descending_audit_20261002/audits/pr374_30005116/clean_final_adversary/public/controls/final_gate.failure2.py
 create mode 100644 draft_pr_descending_audit_20261002/audits/pr374_30005116/clean_final_adversary/public/controls/final_gate.py
 create mode 100644 draft_pr_descending_audit_20261002/audits/pr374_30005116/clean_final_adversary/public/controls/fresh_adversarial.py
 create mode 100644 draft_pr_descending_audit_20261002/audits/pr374_30005116/clean_final_adversary/public/controls/fresh_moments.py
 create mode 100644 draft_pr_descending_audit_20261002/audits/pr374_30005116/clean_final_adversary/public/controls/fresh_symbolic.py
 create mode 100644 draft_pr_descending_audit_20261002/audits/pr374_30005116/clean_final_adversary/public/controls/replay_package.failure1.py
 create mode 100644 draft_pr_descending_audit_20261002/audits/pr374_30005116/clean_final_adversary/public/controls/replay_package.py
 create mode 100644 draft_pr_descending_audit_20261002/audits/pr374_30005116/clean_final_adversary/public/controls/source_first_counts.py
 create mode 100644 draft_pr_descending_audit_20261002/audits/pr374_30005116/clean_final_adversary/public/failure_receipt.json
 create mode 100644 draft_pr_descending_audit_20261002/audits/pr374_30005116/clean_final_adversary/public/final_gate_prepared_receipt.json
 create mode 100644 draft_pr_descending_audit_20261002/audits/pr374_30005116/clean_final_adversary/public/logs/author_turn1.stderr
 create mode 100644 draft_pr_descending_audit_20261002/audits/pr374_30005116/clean_final_adversary/public/logs/author_turn1.stdout
 create mode 100644 draft_pr_descending_audit_20261002/audits/pr374_30005116/clean_final_adversary/public/logs/author_turn2.stderr
 create mode 100644 draft_pr_descending_audit_20261002/audits/pr374_30005116/clean_final_adversary/public/logs/author_turn2.stdout
 create mode 100644 draft_pr_descending_audit_20261002/audits/pr374_30005116/clean_final_adversary/public/logs/author_turn3.stderr
 create mode 100644 draft_pr_descending_audit_20261002/audits/pr374_30005116/clean_final_adversary/public/logs/author_turn3.stdout
 create mode 100644 draft_pr_descending_audit_20261002/audits/pr374_30005116/clean_final_adversary/public/logs/author_turn4.stderr
 create mode 100644 draft_pr_descending_audit_20261002/audits/pr374_30005116/clean_final_adversary/public/logs/author_turn4.stdout
 create mode 100644 draft_pr_descending_audit_20261002/audits/pr374_30005116/clean_final_adversary/public/logs/author_turn5.stderr
 create mode 100644 draft_pr_descending_audit_20261002/audits/pr374_30005116/clean_final_adversary/public/logs/author_turn5.stdout
 create mode 100644 draft_pr_descending_audit_20261002/audits/pr374_30005116/clean_final_adversary/public/logs/final_gate_prepared.failure1.stderr
 create mode 100644 draft_pr_descending_audit_20261002/audits/pr374_30005116/clean_final_adversary/public/logs/final_gate_prepared.failure1.stdout
 create mode 100644 draft_pr_descending_audit_20261002/audits/pr374_30005116/clean_final_adversary/public/logs/final_gate_prepared.failure2.stderr
 create mode 100644 draft_pr_descending_audit_20261002/audits/pr374_30005116/clean_final_adversary/public/logs/final_gate_prepared.failure2.stdout
 create mode 100644 draft_pr_descending_audit_20261002/audits/pr374_30005116/clean_final_adversary/public/logs/final_gate_prepared.stderr
 create mode 100644 draft_pr_descending_audit_20261002/audits/pr374_30005116/clean_final_adversary/public/logs/final_gate_prepared.stdout
 create mode 100644 draft_pr_descending_audit_20261002/audits/pr374_30005116/clean_final_adversary/public/logs/fresh_adversarial.initial.stderr
 create mode 100644 draft_pr_descending_audit_20261002/audits/pr374_30005116/clean_final_adversary/public/logs/fresh_adversarial.initial.stdout
 create mode 100644 draft_pr_descending_audit_20261002/audits/pr374_30005116/clean_final_adversary/public/logs/fresh_adversarial.stderr
 create mode 100644 draft_pr_descending_audit_20261002/audits/pr374_30005116/clean_final_adversary/public/logs/fresh_adversarial.stdout
 create mode 100644 draft_pr_descending_audit_20261002/audits/pr374_30005116/clean_final_adversary/public/logs/fresh_moments.stderr
 create mode 100644 draft_pr_descending_audit_20261002/audits/pr374_30005116/clean_final_adversary/public/logs/fresh_moments.stdout
 create mode 100644 draft_pr_descending_audit_20261002/audits/pr374_30005116/clean_final_adversary/public/logs/fresh_symbolic.stderr
 create mode 100644 draft_pr_descending_audit_20261002/audits/pr374_30005116/clean_final_adversary/public/logs/fresh_symbolic.stdout
 create mode 100644 draft_pr_descending_audit_20261002/audits/pr374_30005116/clean_final_adversary/public/logs/historical_author_replay.failure1.stderr
 create mode 100644 draft_pr_descending_audit_20261002/audits/pr374_30005116/clean_final_adversary/public/logs/historical_author_replay.failure1.stdout
 create mode 100644 draft_pr_descending_audit_20261002/audits/pr374_30005116/clean_final_adversary/public/logs/historical_author_replay.stderr
 create mode 100644 draft_pr_descending_audit_20261002/audits/pr374_30005116/clean_final_adversary/public/logs/historical_author_replay.stdout
 create mode 100644 draft_pr_descending_audit_20261002/audits/pr374_30005116/clean_final_adversary/public/logs/historical_independent.stderr
 create mode 100644 draft_pr_descending_audit_20261002/audits/pr374_30005116/clean_final_adversary/public/logs/historical_independent.stdout
 create mode 100644 draft_pr_descending_audit_20261002/audits/pr374_30005116/clean_final_adversary/public/logs/lmr_page5_render.stderr
 create mode 100644 draft_pr_descending_audit_20261002/audits/pr374_30005116/clean_final_adversary/public/logs/lmr_page5_render.stdout
 create mode 100644 draft_pr_descending_audit_20261002/audits/pr374_30005116/clean_final_adversary/public/logs/package_replay.failure1.stderr
 create mode 100644 draft_pr_descending_audit_20261002/audits/pr374_30005116/clean_final_adversary/public/logs/package_replay.failure1.stdout
 create mode 100644 draft_pr_descending_audit_20261002/audits/pr374_30005116/clean_final_adversary/public/logs/package_replay.stderr
 create mode 100644 draft_pr_descending_audit_20261002/audits/pr374_30005116/clean_final_adversary/public/logs/package_replay.stdout
 create mode 100644 draft_pr_descending_audit_20261002/audits/pr374_30005116/clean_final_adversary/public/logs/portable_publication.stderr
 create mode 100644 draft_pr_descending_audit_20261002/audits/pr374_30005116/clean_final_adversary/public/logs/portable_publication.stdout
 create mode 100644 draft_pr_descending_audit_20261002/audits/pr374_30005116/clean_final_adversary/public/logs/pr_followup_api.stderr
 create mode 100644 draft_pr_descending_audit_20261002/audits/pr374_30005116/clean_final_adversary/public/logs/pr_initial_api.stderr
 create mode 100644 draft_pr_descending_audit_20261002/audits/pr374_30005116/clean_final_adversary/public/logs/refreshed_commit.stderr
 create mode 100644 draft_pr_descending_audit_20261002/audits/pr374_30005116/clean_final_adversary/public/logs/refreshed_commit.stdout
 create mode 100644 draft_pr_descending_audit_20261002/audits/pr374_30005116/clean_final_adversary/public/logs/remote_main.stderr
 create mode 100644 draft_pr_descending_audit_20261002/audits/pr374_30005116/clean_final_adversary/public/logs/source_fetch.stderr
 create mode 100644 draft_pr_descending_audit_20261002/audits/pr374_30005116/clean_final_adversary/public/logs/source_fetch.stdout
 create mode 100644 draft_pr_descending_audit_20261002/audits/pr374_30005116/clean_final_adversary/public/logs/source_first_counts.stderr
 create mode 100644 draft_pr_descending_audit_20261002/audits/pr374_30005116/clean_final_adversary/public/logs/source_first_counts.stdout
 create mode 100644 draft_pr_descending_audit_20261002/audits/pr374_30005116/clean_final_adversary/public/mathematical_verdict.md
 create mode 100644 draft_pr_descending_audit_20261002/audits/pr374_30005116/clean_final_adversary/public/mathematical_verdict_seal.json
 create mode 100644 draft_pr_descending_audit_20261002/audits/pr374_30005116/clean_final_adversary/public/package_replay_receipt.json
 create mode 100644 draft_pr_descending_audit_20261002/audits/pr374_30005116/clean_final_adversary/public/research_log.md
 create mode 100644 draft_pr_descending_audit_20261002/audits/pr374_30005116/clean_final_adversary/public/source_first_baseline.md
 create mode 100644 draft_pr_descending_audit_20261002/audits/pr374_30005116/clean_final_adversary/public/source_first_seal.json
 create mode 100644 draft_pr_descending_audit_20261002/audits/pr374_30005116/root_bibliographic_verification.json
 create mode 100644 draft_pr_descending_audit_20261002/audits/pr374_30005116/root_clean_math_streams/fresh_adversarial.stderr
 create mode 100644 draft_pr_descending_audit_20261002/audits/pr374_30005116/root_clean_math_streams/fresh_adversarial.stdout
 create mode 100644 draft_pr_descending_audit_20261002/audits/pr374_30005116/root_clean_math_streams/fresh_moments.stderr
 create mode 100644 draft_pr_descending_audit_20261002/audits/pr374_30005116/root_clean_math_streams/fresh_moments.stdout
 create mode 100644 draft_pr_descending_audit_20261002/audits/pr374_30005116/root_clean_math_streams/fresh_symbolic.stderr
 create mode 100644 draft_pr_descending_audit_20261002/audits/pr374_30005116/root_clean_math_streams/fresh_symbolic.stdout
 create mode 100644 draft_pr_descending_audit_20261002/audits/pr374_30005116/root_clean_math_streams/source_first_counts.stderr
 create mode 100644 draft_pr_descending_audit_20261002/audits/pr374_30005116/root_clean_math_streams/source_first_counts.stdout
 create mode 100644 draft_pr_descending_audit_20261002/audits/pr374_30005116/root_clean_mathematical_reproduction.py
 create mode 100644 draft_pr_descending_audit_20261002/audits/pr374_30005116/root_clean_mathematical_reproduction_receipt.json
 create mode 100644 draft_pr_descending_audit_20261002/audits/pr374_30005116/root_clean_package_reproduction.py
 create mode 100644 draft_pr_descending_audit_20261002/audits/pr374_30005116/root_clean_package_reproduction_receipt.json
 create mode 100644 draft_pr_descending_audit_20261002/audits/pr374_30005116/root_clean_package_streams/author_turn1.stderr
 create mode 100644 draft_pr_descending_audit_20261002/audits/pr374_30005116/root_clean_package_streams/author_turn1.stdout
 create mode 100644 draft_pr_descending_audit_20261002/audits/pr374_30005116/root_clean_package_streams/author_turn2.stderr
 create mode 100644 draft_pr_descending_audit_20261002/audits/pr374_30005116/root_clean_package_streams/author_turn2.stdout
 create mode 100644 draft_pr_descending_audit_20261002/audits/pr374_30005116/root_clean_package_streams/author_turn3.stderr
 create mode 100644 draft_pr_descending_audit_20261002/audits/pr374_30005116/root_clean_package_streams/author_turn3.stdout
 create mode 100644 draft_pr_descending_audit_20261002/audits/pr374_30005116/root_clean_package_streams/author_turn4.stderr
 create mode 100644 draft_pr_descending_audit_20261002/audits/pr374_30005116/root_clean_package_streams/author_turn4.stdout
 create mode 100644 draft_pr_descending_audit_20261002/audits/pr374_30005116/root_clean_package_streams/author_turn5.stderr
 create mode 100644 draft_pr_descending_audit_20261002/audits/pr374_30005116/root_clean_package_streams/author_turn5.stdout
 create mode 100644 draft_pr_descending_audit_20261002/audits/pr374_30005116/root_clean_package_streams/final_gate_prepared.stderr
 create mode 100644 draft_pr_descending_audit_20261002/audits/pr374_30005116/root_clean_package_streams/final_gate_prepared.stdout
 create mode 100644 draft_pr_descending_audit_20261002/audits/pr374_30005116/root_clean_package_streams/historical_author_replay.stderr
 create mode 100644 draft_pr_descending_audit_20261002/audits/pr374_30005116/root_clean_package_streams/historical_author_replay.stdout
 create mode 100644 draft_pr_descending_audit_20261002/audits/pr374_30005116/root_clean_package_streams/historical_independent.stderr
 create mode 100644 draft_pr_descending_audit_20261002/audits/pr374_30005116/root_clean_package_streams/historical_independent.stdout
 create mode 100644 draft_pr_descending_audit_20261002/audits/pr374_30005116/root_clean_package_streams/package_replay.stderr
 create mode 100644 draft_pr_descending_audit_20261002/audits/pr374_30005116/root_clean_package_streams/package_replay.stdout
 create mode 100644 draft_pr_descending_audit_20261002/audits/pr374_30005116/root_clean_package_streams/portable_publication.stderr
 create mode 100644 draft_pr_descending_audit_20261002/audits/pr374_30005116/root_clean_package_streams/portable_publication.stdout
 create mode 100644 draft_pr_descending_audit_20261002/audits/pr374_30005116/root_clean_public_bindings_receipt.json
 create mode 100644 draft_pr_descending_audit_20261002/audits/pr374_30005116/root_prepare_acceptance_checkpoint.py
 create mode 100644 draft_pr_descending_audit_20261002/audits/pr374_30005116/root_prepared_checkpoint_allowlist.json
 create mode 100644 draft_pr_descending_audit_20261002/root_freeze_pr.py
