[main 1800f3603] Audit PR374 five scoped proofs and independent reproductions; prepare partial acceptance
 172 files changed, 10104 insertions(+), 3 deletions(-)
 create mode 100644 draft_pr_descending_audit_20261002/audits/pr374_30005116/ROOT_MATHEMATICAL_RECONSTRUCTION.md
 create mode 100644 draft_pr_descending_audit_20261002/audits/pr374_30005116/acceptance_criteria.json
 create mode 100644 draft_pr_descending_audit_20261002/audits/pr374_30005116/accepted_pr_body.txt
 create mode 100644 draft_pr_descending_audit_20261002/audits/pr374_30005116/cograph_review/FINAL_REPORT.md
 create mode 100644 draft_pr_descending_audit_20261002/audits/pr374_30005116/cograph_review/PROOF_AND_VERDICT.md
 create mode 100644 draft_pr_descending_audit_20261002/audits/pr374_30005116/cograph_review/PUBLIC_MANIFEST.json
 create mode 100644 draft_pr_descending_audit_20261002/audits/pr374_30005116/cograph_review/author_replay_summary.json
 create mode 100644 draft_pr_descending_audit_20261002/audits/pr374_30005116/cograph_review/baseline.md
 create mode 100644 draft_pr_descending_audit_20261002/audits/pr374_30005116/cograph_review/baseline_seal.sha256
 create mode 100644 draft_pr_descending_audit_20261002/audits/pr374_30005116/cograph_review/envelope_probe_checkpoint.md
 create mode 100644 draft_pr_descending_audit_20261002/audits/pr374_30005116/cograph_review/independent_controls.py
 create mode 100644 draft_pr_descending_audit_20261002/audits/pr374_30005116/cograph_review/independent_controls_result.json
 create mode 100644 draft_pr_descending_audit_20261002/audits/pr374_30005116/cograph_review/independent_envelope_probe.py
 create mode 100644 draft_pr_descending_audit_20261002/audits/pr374_30005116/cograph_review/independent_envelope_probe_result.json
 create mode 100644 draft_pr_descending_audit_20261002/audits/pr374_30005116/cograph_review/independent_union_gap_controls.py
 create mode 100644 draft_pr_descending_audit_20261002/audits/pr374_30005116/cograph_review/independent_union_gap_result.json
 create mode 100644 draft_pr_descending_audit_20261002/audits/pr374_30005116/cograph_review/postseal_bindings.json
 create mode 100644 draft_pr_descending_audit_20261002/audits/pr374_30005116/cograph_review/research_log.md
 create mode 100644 draft_pr_descending_audit_20261002/audits/pr374_30005116/cograph_review/timestamp_metadata_correction.md
 create mode 100644 draft_pr_descending_audit_20261002/audits/pr374_30005116/cograph_review/verdict_seal.sha256
 create mode 100644 draft_pr_descending_audit_20261002/audits/pr374_30005116/local_rankone_review/PUBLIC_MANIFEST.json
 create mode 100644 draft_pr_descending_audit_20261002/audits/pr374_30005116/local_rankone_review/author_replay_results.json
 create mode 100644 draft_pr_descending_audit_20261002/audits/pr374_30005116/local_rankone_review/author_replay_results_initial.json
 create mode 100644 draft_pr_descending_audit_20261002/audits/pr374_30005116/local_rankone_review/author_turn2.stderr.fullstream.txt
 create mode 100644 draft_pr_descending_audit_20261002/audits/pr374_30005116/local_rankone_review/author_turn2.stdout.fullstream.txt
 create mode 100644 draft_pr_descending_audit_20261002/audits/pr374_30005116/local_rankone_review/author_turn3.stderr.fullstream.txt
 create mode 100644 draft_pr_descending_audit_20261002/audits/pr374_30005116/local_rankone_review/author_turn3.stdout.fullstream.txt
 create mode 100644 draft_pr_descending_audit_20261002/audits/pr374_30005116/local_rankone_review/author_turn5.stderr.fullstream.txt
 create mode 100644 draft_pr_descending_audit_20261002/audits/pr374_30005116/local_rankone_review/author_turn5.stdout.fullstream.txt
 create mode 100644 draft_pr_descending_audit_20261002/audits/pr374_30005116/local_rankone_review/independent_addendum.md
 create mode 100644 draft_pr_descending_audit_20261002/audits/pr374_30005116/local_rankone_review/independent_controls.fullstream.txt
 create mode 100644 draft_pr_descending_audit_20261002/audits/pr374_30005116/local_rankone_review/independent_controls.py
 create mode 100644 draft_pr_descending_audit_20261002/audits/pr374_30005116/local_rankone_review/independent_post_candidate_controls.fullstream.txt
 create mode 100644 draft_pr_descending_audit_20261002/audits/pr374_30005116/local_rankone_review/independent_post_candidate_controls.py
 create mode 100644 draft_pr_descending_audit_20261002/audits/pr374_30005116/local_rankone_review/independent_post_candidate_controls_attempt1.fullstream.txt
 create mode 100644 draft_pr_descending_audit_20261002/audits/pr374_30005116/local_rankone_review/independent_post_candidate_controls_attempt1.py
 create mode 100644 draft_pr_descending_audit_20261002/audits/pr374_30005116/local_rankone_review/independent_seal.md
 create mode 100644 draft_pr_descending_audit_20261002/audits/pr374_30005116/local_rankone_review/pre_candidate_seal_manifest.md
 create mode 100644 draft_pr_descending_audit_20261002/audits/pr374_30005116/local_rankone_review/replay_relevant_author_controls.fullstream.txt
 create mode 100644 draft_pr_descending_audit_20261002/audits/pr374_30005116/local_rankone_review/replay_relevant_author_controls.py
 create mode 100644 draft_pr_descending_audit_20261002/audits/pr374_30005116/local_rankone_review/replay_relevant_author_controls_attempt1.fullstream.txt
 create mode 100644 draft_pr_descending_audit_20261002/audits/pr374_30005116/local_rankone_review/replay_relevant_author_controls_attempt1.py
 create mode 100644 draft_pr_descending_audit_20261002/audits/pr374_30005116/local_rankone_review/replay_relevant_author_controls_initial.fullstream.txt
 create mode 100644 draft_pr_descending_audit_20261002/audits/pr374_30005116/local_rankone_review/research_log.md
 create mode 100644 draft_pr_descending_audit_20261002/audits/pr374_30005116/local_rankone_review/runtime_metadata.json
 create mode 100644 draft_pr_descending_audit_20261002/audits/pr374_30005116/local_rankone_review/source_bindings.md
 create mode 100644 draft_pr_descending_audit_20261002/audits/pr374_30005116/local_rankone_review/universal_report.md
 create mode 100644 draft_pr_descending_audit_20261002/audits/pr374_30005116/local_rankone_review/verdict_seal.md
 create mode 100644 draft_pr_descending_audit_20261002/audits/pr374_30005116/local_rankone_review/verify_owned_manifest.py
 create mode 100644 draft_pr_descending_audit_20261002/audits/pr374_30005116/merge_body.txt
 create mode 100644 draft_pr_descending_audit_20261002/audits/pr374_30005116/multipartite_triangle_review/EVIDENCE_REPORT.md
 create mode 100644 draft_pr_descending_audit_20261002/audits/pr374_30005116/multipartite_triangle_review/MATHEMATICAL_VERDICT.md
 create mode 100644 draft_pr_descending_audit_20261002/audits/pr374_30005116/multipartite_triangle_review/PUBLIC_MANIFEST.json
 create mode 100644 draft_pr_descending_audit_20261002/audits/pr374_30005116/multipartite_triangle_review/independent_controls.py
 create mode 100644 draft_pr_descending_audit_20261002/audits/pr374_30005116/multipartite_triangle_review/manifest_ancestry_receipt.json
 create mode 100644 draft_pr_descending_audit_20261002/audits/pr374_30005116/multipartite_triangle_review/mathematical_verdict_seal.json
 create mode 100644 draft_pr_descending_audit_20261002/audits/pr374_30005116/multipartite_triangle_review/portable_publication_receipt.json
 create mode 100644 draft_pr_descending_audit_20261002/audits/pr374_30005116/multipartite_triangle_review/post_candidate_controls.py
 create mode 100644 draft_pr_descending_audit_20261002/audits/pr374_30005116/multipartite_triangle_review/queue_scope_receipt.json
 create mode 100644 draft_pr_descending_audit_20261002/audits/pr374_30005116/multipartite_triangle_review/replay_turns_1_2.json
 create mode 100644 draft_pr_descending_audit_20261002/audits/pr374_30005116/multipartite_triangle_review/reproduce_owned_audit.py
 create mode 100644 draft_pr_descending_audit_20261002/audits/pr374_30005116/multipartite_triangle_review/research_log.md
 create mode 100644 draft_pr_descending_audit_20261002/audits/pr374_30005116/multipartite_triangle_review/research_log_continued.md
 create mode 100644 draft_pr_descending_audit_20261002/audits/pr374_30005116/multipartite_triangle_review/snapshot_bindings.json
 create mode 100644 draft_pr_descending_audit_20261002/audits/pr374_30005116/multipartite_triangle_review/source_binding_receipt.json
 create mode 100644 draft_pr_descending_audit_20261002/audits/pr374_30005116/multipartite_triangle_review/source_first_formulation.md
 create mode 100644 draft_pr_descending_audit_20261002/audits/pr374_30005116/multipartite_triangle_review/source_first_seal.json
 create mode 100644 draft_pr_descending_audit_20261002/audits/pr374_30005116/multipartite_triangle_review/source_metadata.json
 create mode 100644 draft_pr_descending_audit_20261002/audits/pr374_30005116/queue_repair_receipt.json
 create mode 100644 draft_pr_descending_audit_20261002/audits/pr374_30005116/repair_main_fetch.stderr
 create mode 100644 draft_pr_descending_audit_20261002/audits/pr374_30005116/repair_main_fetch.stdout
 create mode 100644 draft_pr_descending_audit_20261002/audits/pr374_30005116/repair_merge_tree.stderr
 create mode 100644 draft_pr_descending_audit_20261002/audits/pr374_30005116/repair_merge_tree.stdout
 create mode 100644 draft_pr_descending_audit_20261002/audits/pr374_30005116/repair_push.stderr
 create mode 100644 draft_pr_descending_audit_20261002/audits/pr374_30005116/repair_push.stdout
 create mode 100644 draft_pr_descending_audit_20261002/audits/pr374_30005116/repair_remote.stderr
 create mode 100644 draft_pr_descending_audit_20261002/audits/pr374_30005116/repair_remote.stdout
 create mode 100644 draft_pr_descending_audit_20261002/audits/pr374_30005116/repaired_snapshot/problems/30005116_induced_four_cycle_profile/FINAL_AUTHOR_MANIFEST.json
 create mode 100644 draft_pr_descending_audit_20261002/audits/pr374_30005116/repaired_snapshot/problems/30005116_induced_four_cycle_profile/FINAL_PUBLIC_SCOPE.json
 create mode 100644 draft_pr_descending_audit_20261002/audits/pr374_30005116/repaired_snapshot/problems/30005116_induced_four_cycle_profile/FINAL_REPLAY_RECEIPT.json
 create mode 100644 draft_pr_descending_audit_20261002/audits/pr374_30005116/repaired_snapshot/problems/30005116_induced_four_cycle_profile/FINAL_RESULT.md
 create mode 100644 draft_pr_descending_audit_20261002/audits/pr374_30005116/repaired_snapshot/problems/30005116_induced_four_cycle_profile/FINAL_REVIEW_REQUEST.md
 create mode 100644 draft_pr_descending_audit_20261002/audits/pr374_30005116/repaired_snapshot/problems/30005116_induced_four_cycle_profile/PRIOR_GATE.json
 create mode 100644 draft_pr_descending_audit_20261002/audits/pr374_30005116/repaired_snapshot/problems/30005116_induced_four_cycle_profile/PUBLICATION_MANIFEST.json
 create mode 100644 draft_pr_descending_audit_20261002/audits/pr374_30005116/repaired_snapshot/problems/30005116_induced_four_cycle_profile/PUBLIC_SCOPE.json
 create mode 100644 draft_pr_descending_audit_20261002/audits/pr374_30005116/repaired_snapshot/problems/30005116_induced_four_cycle_profile/REVIEWED_RESULT.md
 create mode 100644 draft_pr_descending_audit_20261002/audits/pr374_30005116/repaired_snapshot/problems/30005116_induced_four_cycle_profile/SOURCE_ADDENDUM_TURN_2.json
 create mode 100644 draft_pr_descending_audit_20261002/audits/pr374_30005116/repaired_snapshot/problems/30005116_induced_four_cycle_profile/SOURCE_ADDENDUM_TURN_4.json
 create mode 100644 draft_pr_descending_audit_20261002/audits/pr374_30005116/repaired_snapshot/problems/30005116_induced_four_cycle_profile/SOURCE_GATE.md
 create mode 100644 draft_pr_descending_audit_20261002/audits/pr374_30005116/repaired_snapshot/problems/30005116_induced_four_cycle_profile/SOURCE_HASHES.json
 create mode 100644 draft_pr_descending_audit_20261002/audits/pr374_30005116/repaired_snapshot/problems/30005116_induced_four_cycle_profile/TURN_1.md
 create mode 100644 draft_pr_descending_audit_20261002/audits/pr374_30005116/repaired_snapshot/problems/30005116_induced_four_cycle_profile/TURN_1_CHECKS.json
 create mode 100644 draft_pr_descending_audit_20261002/audits/pr374_30005116/repaired_snapshot/problems/30005116_induced_four_cycle_profile/TURN_1_MANIFEST.json
 create mode 100644 draft_pr_descending_audit_20261002/audits/pr374_30005116/repaired_snapshot/problems/30005116_induced_four_cycle_profile/TURN_1_STATE.json
 create mode 100644 draft_pr_descending_audit_20261002/audits/pr374_30005116/repaired_snapshot/problems/30005116_induced_four_cycle_profile/TURN_2.md
 create mode 100644 draft_pr_descending_audit_20261002/audits/pr374_30005116/repaired_snapshot/problems/30005116_induced_four_cycle_profile/TURN_2_CHECKS.json
 create mode 100644 draft_pr_descending_audit_20261002/audits/pr374_30005116/repaired_snapshot/problems/30005116_induced_four_cycle_profile/TURN_2_MANIFEST.json
 create mode 100644 draft_pr_descending_audit_20261002/audits/pr374_30005116/repaired_snapshot/problems/30005116_induced_four_cycle_profile/TURN_2_STATE.json
 create mode 100644 draft_pr_descending_audit_20261002/audits/pr374_30005116/repaired_snapshot/problems/30005116_induced_four_cycle_profile/TURN_3.md
 create mode 100644 draft_pr_descending_audit_20261002/audits/pr374_30005116/repaired_snapshot/problems/30005116_induced_four_cycle_profile/TURN_3_CHECKS.json
 create mode 100644 draft_pr_descending_audit_20261002/audits/pr374_30005116/repaired_snapshot/problems/30005116_induced_four_cycle_profile/TURN_3_MANIFEST.json
 create mode 100644 draft_pr_descending_audit_20261002/audits/pr374_30005116/repaired_snapshot/problems/30005116_induced_four_cycle_profile/TURN_3_STATE.json
 create mode 100644 draft_pr_descending_audit_20261002/audits/pr374_30005116/repaired_snapshot/problems/30005116_induced_four_cycle_profile/TURN_4.md
 create mode 100644 draft_pr_descending_audit_20261002/audits/pr374_30005116/repaired_snapshot/problems/30005116_induced_four_cycle_profile/TURN_4_CHECKS.json
 create mode 100644 draft_pr_descending_audit_20261002/audits/pr374_30005116/repaired_snapshot/problems/30005116_induced_four_cycle_profile/TURN_4_MANIFEST.json
 create mode 100644 draft_pr_descending_audit_20261002/audits/pr374_30005116/repaired_snapshot/problems/30005116_induced_four_cycle_profile/TURN_4_STATE.json
 create mode 100644 draft_pr_descending_audit_20261002/audits/pr374_30005116/repaired_snapshot/problems/30005116_induced_four_cycle_profile/TURN_5.md
 create mode 100644 draft_pr_descending_audit_20261002/audits/pr374_30005116/repaired_snapshot/problems/30005116_induced_four_cycle_profile/TURN_5_CHECKS.json
 create mode 100644 draft_pr_descending_audit_20261002/audits/pr374_30005116/repaired_snapshot/problems/30005116_induced_four_cycle_profile/TURN_5_MANIFEST.json
 create mode 100644 draft_pr_descending_audit_20261002/audits/pr374_30005116/repaired_snapshot/problems/30005116_induced_four_cycle_profile/TURN_5_STATE.json
 create mode 100644 draft_pr_descending_audit_20261002/audits/pr374_30005116/repaired_snapshot/problems/30005116_induced_four_cycle_profile/independent_review/AUTHOR_REPLAY.json
 create mode 100644 draft_pr_descending_audit_20261002/audits/pr374_30005116/repaired_snapshot/problems/30005116_induced_four_cycle_profile/independent_review/INDEPENDENT_CHECKS.json
 create mode 100644 draft_pr_descending_audit_20261002/audits/pr374_30005116/repaired_snapshot/problems/30005116_induced_four_cycle_profile/independent_review/REVIEW.md
 create mode 100644 draft_pr_descending_audit_20261002/audits/pr374_30005116/repaired_snapshot/problems/30005116_induced_four_cycle_profile/independent_review/REVIEW_MANIFEST.json
 create mode 100644 draft_pr_descending_audit_20261002/audits/pr374_30005116/repaired_snapshot/problems/30005116_induced_four_cycle_profile/independent_review/independent_check.py
 create mode 100644 draft_pr_descending_audit_20261002/audits/pr374_30005116/repaired_snapshot/problems/30005116_induced_four_cycle_profile/independent_review/replay_author.py
 create mode 100644 draft_pr_descending_audit_20261002/audits/pr374_30005116/repaired_snapshot/problems/30005116_induced_four_cycle_profile/verify_publication.py
 create mode 100644 draft_pr_descending_audit_20261002/audits/pr374_30005116/repaired_snapshot/problems/30005116_induced_four_cycle_profile/verify_turn1.py
 create mode 100644 draft_pr_descending_audit_20261002/audits/pr374_30005116/repaired_snapshot/problems/30005116_induced_four_cycle_profile/verify_turn2.py
 create mode 100644 draft_pr_descending_audit_20261002/audits/pr374_30005116/repaired_snapshot/problems/30005116_induced_four_cycle_profile/verify_turn3.py
 create mode 100644 draft_pr_descending_audit_20261002/audits/pr374_30005116/repaired_snapshot/problems/30005116_induced_four_cycle_profile/verify_turn4.py
 create mode 100644 draft_pr_descending_audit_20261002/audits/pr374_30005116/repaired_snapshot/problems/30005116_induced_four_cycle_profile/verify_turn5.py
 create mode 100644 draft_pr_descending_audit_20261002/audits/pr374_30005116/repaired_snapshot/unsolved_math_prioritization/QUEUE.md
 create mode 100644 draft_pr_descending_audit_20261002/audits/pr374_30005116/repaired_snapshot_manifest.json
 create mode 100644 draft_pr_descending_audit_20261002/audits/pr374_30005116/root_baseline_checkpoint_commit.stderr
 create mode 100644 draft_pr_descending_audit_20261002/audits/pr374_30005116/root_baseline_checkpoint_commit.stdout
 create mode 100644 draft_pr_descending_audit_20261002/audits/pr374_30005116/root_baseline_checkpoint_push.stderr
 create mode 100644 draft_pr_descending_audit_20261002/audits/pr374_30005116/root_baseline_checkpoint_push.stdout
 create mode 100644 draft_pr_descending_audit_20261002/audits/pr374_30005116/root_baseline_checkpoint_stage.stderr
 create mode 100644 draft_pr_descending_audit_20261002/audits/pr374_30005116/root_baseline_checkpoint_stage.stdout
 create mode 100644 draft_pr_descending_audit_20261002/audits/pr374_30005116/root_family_reproduction.py
 create mode 100644 draft_pr_descending_audit_20261002/audits/pr374_30005116/root_family_reproduction_receipt.json
 create mode 100644 draft_pr_descending_audit_20261002/audits/pr374_30005116/root_family_streams/cograph_review_independent_controls.py.stderr
 create mode 100644 draft_pr_descending_audit_20261002/audits/pr374_30005116/root_family_streams/cograph_review_independent_controls.py.stdout
 create mode 100644 draft_pr_descending_audit_20261002/audits/pr374_30005116/root_family_streams/cograph_review_independent_envelope_probe.py.stderr
 create mode 100644 draft_pr_descending_audit_20261002/audits/pr374_30005116/root_family_streams/cograph_review_independent_envelope_probe.py.stdout
 create mode 100644 draft_pr_descending_audit_20261002/audits/pr374_30005116/root_family_streams/cograph_review_independent_union_gap_controls.py.stderr
 create mode 100644 draft_pr_descending_audit_20261002/audits/pr374_30005116/root_family_streams/cograph_review_independent_union_gap_controls.py.stdout
 create mode 100644 draft_pr_descending_audit_20261002/audits/pr374_30005116/root_family_streams/local_rankone_review_independent_controls.py.stderr
 create mode 100644 draft_pr_descending_audit_20261002/audits/pr374_30005116/root_family_streams/local_rankone_review_independent_controls.py.stdout
 create mode 100644 draft_pr_descending_audit_20261002/audits/pr374_30005116/root_family_streams/local_rankone_review_independent_post_candidate_controls.py.stderr
 create mode 100644 draft_pr_descending_audit_20261002/audits/pr374_30005116/root_family_streams/local_rankone_review_independent_post_candidate_controls.py.stdout
 create mode 100644 draft_pr_descending_audit_20261002/audits/pr374_30005116/root_family_streams/local_rankone_review_replay_relevant_author_controls.py.stderr
 create mode 100644 draft_pr_descending_audit_20261002/audits/pr374_30005116/root_family_streams/local_rankone_review_replay_relevant_author_controls.py.stdout
 create mode 100644 draft_pr_descending_audit_20261002/audits/pr374_30005116/root_family_streams/multipartite_triangle_review_independent_controls.py.stderr
 create mode 100644 draft_pr_descending_audit_20261002/audits/pr374_30005116/root_family_streams/multipartite_triangle_review_independent_controls.py.stdout
 create mode 100644 draft_pr_descending_audit_20261002/audits/pr374_30005116/root_family_streams/multipartite_triangle_review_post_candidate_controls.py.stderr
 create mode 100644 draft_pr_descending_audit_20261002/audits/pr374_30005116/root_family_streams/multipartite_triangle_review_post_candidate_controls.py.stdout
 create mode 100644 draft_pr_descending_audit_20261002/audits/pr374_30005116/root_math_checkpoint_allowlist.json
 create mode 100644 draft_pr_descending_audit_20261002/audits/pr374_30005116/root_mathematical_verdict_seal.json
 create mode 100644 draft_pr_descending_audit_20261002/audits/pr374_30005116/root_original_replay.py
 create mode 100644 draft_pr_descending_audit_20261002/audits/pr374_30005116/root_original_replay_receipt.json
 create mode 100644 draft_pr_descending_audit_20261002/audits/pr374_30005116/root_original_streams/frozen_author_replay.stderr
 create mode 100644 draft_pr_descending_audit_20261002/audits/pr374_30005116/root_original_streams/frozen_author_replay.stdout
 create mode 100644 draft_pr_descending_audit_20261002/audits/pr374_30005116/root_original_streams/historical_independent.stderr
 create mode 100644 draft_pr_descending_audit_20261002/audits/pr374_30005116/root_original_streams/historical_independent.stdout
 create mode 100644 draft_pr_descending_audit_20261002/audits/pr374_30005116/root_original_streams/publication.stderr
 create mode 100644 draft_pr_descending_audit_20261002/audits/pr374_30005116/root_original_streams/publication.stdout
 create mode 100644 draft_pr_descending_audit_20261002/audits/pr374_30005116/root_original_streams/turn1.stderr
 create mode 100644 draft_pr_descending_audit_20261002/audits/pr374_30005116/root_original_streams/turn1.stdout
 create mode 100644 draft_pr_descending_audit_20261002/audits/pr374_30005116/root_original_streams/turn2.stderr
 create mode 100644 draft_pr_descending_audit_20261002/audits/pr374_30005116/root_original_streams/turn2.stdout
 create mode 100644 draft_pr_descending_audit_20261002/audits/pr374_30005116/root_original_streams/turn3.stderr
 create mode 100644 draft_pr_descending_audit_20261002/audits/pr374_30005116/root_original_streams/turn3.stdout
 create mode 100644 draft_pr_descending_audit_20261002/audits/pr374_30005116/root_original_streams/turn4.stderr
 create mode 100644 draft_pr_descending_audit_20261002/audits/pr374_30005116/root_original_streams/turn4.stdout
 create mode 100644 draft_pr_descending_audit_20261002/audits/pr374_30005116/root_original_streams/turn5.stderr
 create mode 100644 draft_pr_descending_audit_20261002/audits/pr374_30005116/root_original_streams/turn5.stdout
