warning: supplement.tex:856: Underfull \hbox (badness 1817) in paragraph at lines 843--856
warning: supplement.tex:856: Underfull \hbox (badness 1817) in paragraph at lines 843--856
warning: supplement.tex:856: Underfull \hbox (badness 1817) in paragraph at lines 843--856
warning: warnings were issued by the TeX engine; use --print and/or --keep-logs for details.
        2.46 real         1.20 user         0.14 sys
           250003456  maximum resident set size
                   0  average shared memory size
                   0  average unshared data size
                   0  average unshared stack size
               16286  page reclaims
                  45  page faults
                   0  swaps
                   0  block input operations
                   0  block output operations
                  47  messages sent
                 483  messages received
                   0  signals received
                  77  voluntary context switches
                1426  involuntary context switches
         16597079273  instructions retired
          4091050486  cycles elapsed
           235733904  peak memory footprint
