warning: supplement.tex:856: Underfull \hbox (badness 1817) in paragraph at lines 843--856
warning: supplement.tex:856: Underfull \hbox (badness 1817) in paragraph at lines 843--856
warning: supplement.tex:856: Underfull \hbox (badness 1817) in paragraph at lines 843--856
warning: warnings were issued by the TeX engine; use --print and/or --keep-logs for details.
        2.51 real         1.20 user         0.14 sys
           245596160  maximum resident set size
                   0  average shared memory size
                   0  average unshared data size
                   0  average unshared stack size
               16281  page reclaims
                  59  page faults
                   0  swaps
                   0  block input operations
                   0  block output operations
                  47  messages sent
                 440  messages received
                   0  signals received
                 182  voluntary context switches
                1422  involuntary context switches
         16618745400  instructions retired
          4103576848  cycles elapsed
           234668896  peak memory footprint
