error: supplement.tex:319: ! LaTeX Error: File `compression_tables.tex' not found.
error: halted on potentially-recoverable error as specified
        1.43 real         0.32 user         0.07 sys
           217006080  maximum resident set size
                   0  average shared memory size
                   0  average unshared data size
                   0  average unshared stack size
               13273  page reclaims
                 392  page faults
                   0  swaps
                   0  block input operations
                   0  block output operations
                  47  messages sent
                 401  messages received
                   0  signals received
                 129  voluntary context switches
                1166  involuntary context switches
          4129099554  instructions retired
          1191939709  cycles elapsed
           201835360  peak memory footprint
