error: supplement.tex:453: ! LaTeX Error: File `certificate_appendix.tex' not found.
error: halted on potentially-recoverable error as specified
        1.39 real         0.33 user         0.06 sys
           217317376  maximum resident set size
                   0  average shared memory size
                   0  average unshared data size
                   0  average unshared stack size
               13649  page reclaims
                  27  page faults
                   0  swaps
                   0  block input operations
                   0  block output operations
                  47  messages sent
                 417  messages received
                   0  signals received
                  49  voluntary context switches
                 865  involuntary context switches
          4255746856  instructions retired
          1171650720  cycles elapsed
           202195808  peak memory footprint
