[01] lean --version
[02] lean --githash
[03] git rev-parse HEAD
[04] git status --porcelain --untracked-files=no
[05] git rev-parse HEAD
[06] git status --porcelain --untracked-files=no
[07] git rev-parse HEAD
[08] git status --porcelain --untracked-files=no
[09] git rev-parse HEAD
[10] git status --porcelain --untracked-files=no
[11] git rev-parse HEAD
[12] git status --porcelain --untracked-files=no
[13] git rev-parse HEAD
[14] git status --porcelain --untracked-files=no
[15] git rev-parse HEAD
[16] git status --porcelain --untracked-files=no
[17] git rev-parse HEAD
[18] git status --porcelain --untracked-files=no
[19] git rev-parse HEAD
[20] git status --porcelain --untracked-files=no
[21] lake env lean --githash
[22] lake build Cache.Main
[23] lake env lean --run .lake/packages/mathlib/Cache/Main.lean get
Clean build, including all declaration axiom queries. This stage can take several minutes.
[24] lake build
[25] lake env lean validation/AcceptPhysical.lean
[26] lake env lean validation/AcceptGeneral.lean
[27] lake env lean validation/AcceptModels.lean
[28] lake env lean validation/AcceptAdversarial.lean
[29] lake env lean validation/AcceptSettings.lean
[30] lake env lean validation/RejectUniform.lean
[31] lake env lean validation/RejectNormalization.lean
[32] lake env lean validation/RejectFirstNormalization.lean
[33] lake env lean validation/RejectConjugation.lean
[34] lake env lean validation/RejectAlteredWitness.lean
[35] lake env lean validation/RejectGeneralNormalization.lean
[36] lake env lean validation/RejectGeneralCoefficients.lean
[37] lake env lean validation/RejectGeneralSwap.lean
[38] lake env lean validation/RejectModelValue.lean
[39] lake env lean validation/RejectClosureValue.lean
[40] lake env lean validation/RejectPurificationNorm.lean
[41] lake env lean validation/RejectCycleCharpoly.lean
[42] lake env lean validation/RejectAdversarialUniformBound.lean
[43] lake env lean validation/RejectEveProjectivity.lean
[44] lake env lean validation/RejectEveNormalization.lean
[45] lake env lean validation/RejectClosureSliceOrder.lean
[46] lake env lean validation/RejectSourceQutritSign.lean
[47] lake env lean validation/RejectSettingsUniform.lean
[48] lake env lean validation/RejectSettingsNormalization.lean
[49] lake env lean validation/RejectAnchorQubitGap.lean
[50] lake env lean CyclicBell/Statements.lean
[51] git rev-parse HEAD
[52] git status --porcelain --untracked-files=no
[53] git rev-parse HEAD
[54] git status --porcelain --untracked-files=no
[55] git rev-parse HEAD
[56] git status --porcelain --untracked-files=no
[57] git rev-parse HEAD
[58] git status --porcelain --untracked-files=no
[59] git rev-parse HEAD
[60] git status --porcelain --untracked-files=no
[61] git rev-parse HEAD
[62] git status --porcelain --untracked-files=no
[63] git rev-parse HEAD
[64] git status --porcelain --untracked-files=no
[65] git rev-parse HEAD
[66] git status --porcelain --untracked-files=no
[67] git rev-parse HEAD
[68] git status --porcelain --untracked-files=no
passed
Clean build, complete axiom audit, controls and integrity checks passed.
Receipt: verification/runs/20260917T034140936866Z/run.json
Manuscript correspondence and proof boundaries: COVERAGE.md and REVIEWER_GUIDE.md.
