{
  "clean_full_replay": {
    "layers": 35,
    "maximum_resident_set_size_bytes": 1960001536,
    "peak_memory_footprint_bytes": 491504408,
    "report_sha256": "7939b389880de80b7d8abd69022e0b69d2dc4188815854b294d3384fa24c9e18",
    "status": "PASS",
    "telemetry_sha256": "8779854633d9a52ba3d7bc9278ccbcc3918e51987bb4c30204c0adcd9771ce16",
    "wall_seconds": 5172.89
  },
  "findings": [
    {
      "code": "AUTHOR_CONTRIBUTION_AND_SUBMISSION_METADATA_REQUIRE_HUMAN_SIGNOFF",
      "lines": [
        1824,
        1856
      ],
      "severity": "human_confirmation"
    }
  ],
  "frozen_counts": {
    "cycle": 13440,
    "probe": 574535,
    "raw4": 405216,
    "restoration": 2540,
    "theta2": 2946240
  },
  "frozen_release_sha256": "58e32bd29f7a039e3da4e47398e32ee8277ad46cf62271a7ed80bf41688b18fb",
  "source_sha256": {
    "analysis/WEAK_SHARPNESS_COLUMN_CROSSWALK.json": "827fc4a81b27da05916040e76e4de5b512c7a71e38577e495860a2cf63ee1af5",
    "article/main.tex": "1107e5395a0e2ad4da0333cda066ae587d9a9854e61aeba3d2aadcf62e23e45b",
    "article/references.bib": "14dbb4901d924b068c8cc2d050e73bae3cf996a72863a22ade90d6f8e6b4057c",
    "supplement/certificate_appendix.tex": "ef878c24ff3f6b28d70b6c3dbf90c6d1e7d3c85a2bece621c96f47c409ca0ffa",
    "supplement/compression_tables.tex": "c96e994e64f7767f9583bd68d6d0f07af936bb227858c33bb1553e5db23644b8",
    "supplement/supplement.tex": "fcb9df1f2ac3d31354e7a67ccb94700f1b67c8ef13db985bef34e327c58d58de",
    "templates/PRINTED_CERTIFICATE_APPENDIX.json": "7a24443f1583f1fc2ef57734c7845bc8377dc7da124265d1588f2d41e9555afa"
  },
  "status": "PASS_WITH_REVIEW_FINDINGS"
}
