K2P_FINAL_MUTATION_REJECTED name=optimized_mode
K2P_FINAL_MUTATION_REJECTED name=omitted_raw_row
K2P_FINAL_MUTATION_REJECTED name=false_rank_exclusion
K2P_FINAL_MUTATION_REJECTED name=corrected_raw4_overlay_mutations
K2P_FINAL_MUTATION_REJECTED name=theta2_full_map_mutations
K2P_FINAL_MUTATION_REJECTED name=reassigned_quadratic_certificate
K2P_FINAL_MUTATION_REJECTED name=missing_theta2_seven_port_child
K2P_FINAL_MUTATION_REJECTED name=corrected_primitive_composite_mutations
K2P_FINAL_MUTATION_REJECTED name=corrected_restoration_v3_mutations
K2P_FINAL_MUTATION_REJECTED name=corrected_two_stage_probe_mutations
K2P_FINAL_MUTATION_REJECTED name=promotion_theorem_status
K2P_FINAL_MUTATION_REJECTED name=promotion_quantifier_checklist
K2P_FINAL_MUTATION_REJECTED name=promotion_pass_gate
K2P_FINAL_MUTATION_REJECTED name=promotion_zero_gate
K2P_FINAL_MUTATION_REJECTED name=promotion_ledger_path
K2P_FINAL_MUTATION_REJECTED name=promotion_combined_root
K2P_FINAL_MUTATION_REJECTED name=historical_artifact_promoted
K2P_FINAL_MUTATION_REJECTED name=historical_authoritative_replacement_removed
K2P_FINAL_MUTATION_REJECTED name=historical_scanner_record_omitted
K2P_FINAL_MUTATION_REJECTED name=reassigned_cubic_certificate
K2P_FINAL_MUTATION_REJECTED name=reassigned_quartic_certificate
K2P_FINAL_MUTATION_REJECTED name=reassigned_quintic_certificate
K2P_FINAL_MUTATION_REJECTED name=raw4424_false_tree_sunlet_reintroduction
K2P_FINAL_RELEASE_MUTATIONS_PASS
{"blockers": [], "elapsed_seconds": 258.130585, "mutations": [{"name": "optimized_mode", "output_sha256": "51f9b4de729c94515cafaa6cdef35ddaba11273a9ece2ca0169c0f2d050778a8", "returncode": 1, "status": "REJECTED"}, {"name": "omitted_raw_row", "source": "raw-ledger suite", "status": "REJECTED"}, {"name": "false_rank_exclusion", "source": "raw-ledger suite", "status": "REJECTED"}, {"mutation_payload_sha256": "c5f92d08182e6e3a83ff165939c0fb3efd4846a9e385a598f81dcd99ed9c2507", "name": "corrected_raw4_overlay_mutations", "source": "authoritative v2 full-map overlay, 9/9 mutations", "status": "REJECTED"}, {"mutation_payload_sha256": "e06d4ab53b7fd6f16a1c8779d958c9623211fa066976f3763bc3ae16df919bb3", "name": "theta2_full_map_mutations", "source": "independent whole-map theta2 suite, 10/10 mutations", "status": "REJECTED"}, {"name": "reassigned_quadratic_certificate", "source": "theta2 retained-class reassignment", "status": "REJECTED"}, {"name": "missing_theta2_seven_port_child", "source": "theta2 restoration suite", "status": "REJECTED"}, {"name": "corrected_primitive_composite_mutations", "producer_mutation_count": 26, "raw4_mutation_payload_sha256": "88bd552f75c87d0b084ab6a9fa09421ef16867b274a2be25b513ff9fdf9f010d", "source": "frozen raw4 14/14 and theta2 12/12 suites: omitted raw row, false rank, missing child, wrong parent, broken transport, and reassigned quadratic/cubic/quartic/quintic certificates", "status": "REJECTED", "theta2_mutation_payload_sha256": "5fce45398dc5f3ad948078ec5b66583d28e3af2cf3991f4f0931c0bfaf332e77"}, {"mutation_payload_sha256": "5d2733443767fbd1fecbe6cd2723f3f463e0afdb0404f970994dcf9b968d6348", "name": "corrected_restoration_v3_mutations", "source": "frozen clean-forest suite, 13/13: omitted child, wrong parent, broken transport, reassigned quartet/T_i/quartic", "status": "REJECTED"}, {"mutation_payload_sha256": "2bca431e031decb62cb0ef0d9ecc3629cc87a4be5ec39f6f422a6f0b3c104c5c", "name": "corrected_two_stage_probe_mutations", "producer_mutation_count": 15, "site_partition_payload_sha256": "a1f80d5ed090a1c6e31067123f0739392384d5124e75296cc76035430710497c", "source": "frozen 15/15 suite plus nondefault hash-seed replay: omitted one-/two-port rows and parent, wrong parents, reversed order, global triangle, exact transport/restriction, T_i/Bernstein, classifier precedence, and optimized mode", "status": "REJECTED"}, {"name": "promotion_theorem_status", "source": "promotion package byte and semantic gate", "status": "REJECTED"}, {"name": "promotion_quantifier_checklist", "source": "promotion package byte and semantic gate", "status": "REJECTED"}, {"name": "promotion_pass_gate", "source": "promotion package byte and semantic gate", "status": "REJECTED"}, {"name": "promotion_zero_gate", "source": "promotion package byte and semantic gate", "status": "REJECTED"}, {"name": "promotion_ledger_path", "source": "promotion package byte and semantic gate", "status": "REJECTED"}, {"name": "promotion_combined_root", "source": "promotion package byte and semantic gate", "status": "REJECTED"}, {"name": "historical_artifact_promoted", "source": "historical artifact quarantine registry", "status": "REJECTED"}, {"name": "historical_authoritative_replacement_removed", "source": "historical artifact quarantine registry", "status": "REJECTED"}, {"name": "historical_scanner_record_omitted", "source": "historical artifact quarantine registry", "status": "REJECTED"}, {"name": "reassigned_cubic_certificate", "output_sha256": "88b21ce0be106f333ffa49a85403d54eb308bc6372f63e84ea9188d1e039e684", "returncode": 1, "status": "REJECTED"}, {"name": "reassigned_quartic_certificate", "output_sha256": "5945d5b6da3809c0d6977d0289dfb1d897cbe560d41018d45fe0d681d9d8918c", "returncode": 1, "status": "REJECTED"}, {"name": "reassigned_quintic_certificate", "output_sha256": "d8abc6373f43538bb18beefd61adc714055aaed55ba5b10ecbdc5df0f6c6feed", "returncode": 1, "status": "REJECTED"}, {"name": "raw4424_false_tree_sunlet_reintroduction", "source": "frozen unified corrected-universe mutation suite", "status": "REJECTED"}], "observed_mutation_count": 23, "required_mutation_count": 23, "schema": "k2p-principal-d-plus-final-release-mutations-v1", "status": "PASS", "survivors": 0}
