{
  "additional_each_nonedge_checks": 205,
  "all_unordered_distinct_graph_pairs": {
    "1": 0,
    "2": 1,
    "3": 28,
    "4": 2016
  },
  "arithmetic": "fractions.Fraction; exact, no tolerance",
  "equal_dimension_triangle_stress_nullities": [
    1,
    1
  ],
  "negative_controls_rejected": [
    "zero ambient dimension",
    "out-of-range path",
    "non-distinguishing edge",
    "zero comparison parameter",
    "negative factor",
    "wrong factor",
    "singular factor",
    "duplicate edge",
    "loop edge",
    "identical graph pair"
  ],
  "optimization": 0,
  "pair_witness_and_selected_family_checks": 25116,
  "scope": "Formula regression only; proof and source intent require separate review",
  "selected_larger_families": [
    {
      "edge": [
        0,
        1
      ],
      "family": "dense",
      "n": 5
    },
    {
      "edge": [
        0,
        1
      ],
      "family": "forest",
      "n": 5
    },
    {
      "edge": [
        0,
        1
      ],
      "family": "disconnected",
      "n": 5
    },
    {
      "edge": [
        0,
        1
      ],
      "family": "empty",
      "n": 5
    },
    {
      "edge": [
        0,
        4
      ],
      "family": "dense",
      "n": 5
    },
    {
      "edge": [
        0,
        4
      ],
      "family": "forest",
      "n": 5
    },
    {
      "edge": [
        0,
        4
      ],
      "family": "disconnected",
      "n": 5
    },
    {
      "edge": [
        0,
        4
      ],
      "family": "empty",
      "n": 5
    },
    {
      "edge": [
        3,
        4
      ],
      "family": "dense",
      "n": 5
    },
    {
      "edge": [
        3,
        4
      ],
      "family": "forest",
      "n": 5
    },
    {
      "edge": [
        3,
        4
      ],
      "family": "disconnected",
      "n": 5
    },
    {
      "edge": [
        3,
        4
      ],
      "family": "empty",
      "n": 5
    },
    {
      "edge": [
        0,
        1
      ],
      "family": "dense",
      "n": 8
    },
    {
      "edge": [
        0,
        1
      ],
      "family": "forest",
      "n": 8
    },
    {
      "edge": [
        0,
        1
      ],
      "family": "disconnected",
      "n": 8
    },
    {
      "edge": [
        0,
        1
      ],
      "family": "empty",
      "n": 8
    },
    {
      "edge": [
        0,
        7
      ],
      "family": "dense",
      "n": 8
    },
    {
      "edge": [
        0,
        7
      ],
      "family": "forest",
      "n": 8
    },
    {
      "edge": [
        0,
        7
      ],
      "family": "disconnected",
      "n": 8
    },
    {
      "edge": [
        0,
        7
      ],
      "family": "empty",
      "n": 8
    },
    {
      "edge": [
        6,
        7
      ],
      "family": "dense",
      "n": 8
    },
    {
      "edge": [
        6,
        7
      ],
      "family": "forest",
      "n": 8
    },
    {
      "edge": [
        6,
        7
      ],
      "family": "disconnected",
      "n": 8
    },
    {
      "edge": [
        6,
        7
      ],
      "family": "empty",
      "n": 8
    },
    {
      "edge": [
        0,
        1
      ],
      "family": "dense",
      "n": 12
    },
    {
      "edge": [
        0,
        1
      ],
      "family": "forest",
      "n": 12
    },
    {
      "edge": [
        0,
        1
      ],
      "family": "disconnected",
      "n": 12
    },
    {
      "edge": [
        0,
        1
      ],
      "family": "empty",
      "n": 12
    },
    {
      "edge": [
        0,
        11
      ],
      "family": "dense",
      "n": 12
    },
    {
      "edge": [
        0,
        11
      ],
      "family": "forest",
      "n": 12
    },
    {
      "edge": [
        0,
        11
      ],
      "family": "disconnected",
      "n": 12
    },
    {
      "edge": [
        0,
        11
      ],
      "family": "empty",
      "n": 12
    },
    {
      "edge": [
        10,
        11
      ],
      "family": "dense",
      "n": 12
    },
    {
      "edge": [
        10,
        11
      ],
      "family": "forest",
      "n": 12
    },
    {
      "edge": [
        10,
        11
      ],
      "family": "disconnected",
      "n": 12
    },
    {
      "edge": [
        10,
        11
      ],
      "family": "empty",
      "n": 12
    }
  ],
  "status": "PASS",
  "uid": 1000
}
