{
  "arithmetic": "exact fractions.Fraction",
  "connected_component_warning_checked": true,
  "distinct_graph_pairs": {
    "1": 0,
    "2": 1,
    "3": 28,
    "4": 2016
  },
  "independence": "incremental kernel intersection; no candidate import",
  "larger_checks": [
    {
      "d": 1,
      "edge": [
        0,
        1
      ],
      "family": "dense",
      "n": 5,
      "nullity": 5
    },
    {
      "d": 3,
      "edge": [
        0,
        1
      ],
      "family": "dense",
      "n": 5,
      "nullity": 5
    },
    {
      "d": 5,
      "edge": [
        0,
        1
      ],
      "family": "dense",
      "n": 5,
      "nullity": 5
    },
    {
      "d": 1,
      "edge": [
        0,
        1
      ],
      "family": "disconnected",
      "n": 5,
      "nullity": 0
    },
    {
      "d": 3,
      "edge": [
        0,
        1
      ],
      "family": "disconnected",
      "n": 5,
      "nullity": 0
    },
    {
      "d": 5,
      "edge": [
        0,
        1
      ],
      "family": "disconnected",
      "n": 5,
      "nullity": 0
    },
    {
      "d": 1,
      "edge": [
        0,
        1
      ],
      "family": "forest",
      "n": 5,
      "nullity": 0
    },
    {
      "d": 3,
      "edge": [
        0,
        1
      ],
      "family": "forest",
      "n": 5,
      "nullity": 0
    },
    {
      "d": 5,
      "edge": [
        0,
        1
      ],
      "family": "forest",
      "n": 5,
      "nullity": 0
    },
    {
      "d": 1,
      "edge": [
        0,
        1
      ],
      "family": "empty",
      "n": 5,
      "nullity": 0
    },
    {
      "d": 3,
      "edge": [
        0,
        1
      ],
      "family": "empty",
      "n": 5,
      "nullity": 0
    },
    {
      "d": 5,
      "edge": [
        0,
        1
      ],
      "family": "empty",
      "n": 5,
      "nullity": 0
    },
    {
      "d": 1,
      "edge": [
        0,
        4
      ],
      "family": "dense",
      "n": 5,
      "nullity": 5
    },
    {
      "d": 3,
      "edge": [
        0,
        4
      ],
      "family": "dense",
      "n": 5,
      "nullity": 5
    },
    {
      "d": 5,
      "edge": [
        0,
        4
      ],
      "family": "dense",
      "n": 5,
      "nullity": 5
    },
    {
      "d": 1,
      "edge": [
        0,
        4
      ],
      "family": "disconnected",
      "n": 5,
      "nullity": 1
    },
    {
      "d": 3,
      "edge": [
        0,
        4
      ],
      "family": "disconnected",
      "n": 5,
      "nullity": 1
    },
    {
      "d": 5,
      "edge": [
        0,
        4
      ],
      "family": "disconnected",
      "n": 5,
      "nullity": 1
    },
    {
      "d": 1,
      "edge": [
        0,
        4
      ],
      "family": "forest",
      "n": 5,
      "nullity": 0
    },
    {
      "d": 3,
      "edge": [
        0,
        4
      ],
      "family": "forest",
      "n": 5,
      "nullity": 0
    },
    {
      "d": 5,
      "edge": [
        0,
        4
      ],
      "family": "forest",
      "n": 5,
      "nullity": 0
    },
    {
      "d": 1,
      "edge": [
        0,
        4
      ],
      "family": "empty",
      "n": 5,
      "nullity": 0
    },
    {
      "d": 3,
      "edge": [
        0,
        4
      ],
      "family": "empty",
      "n": 5,
      "nullity": 0
    },
    {
      "d": 5,
      "edge": [
        0,
        4
      ],
      "family": "empty",
      "n": 5,
      "nullity": 0
    },
    {
      "d": 1,
      "edge": [
        3,
        4
      ],
      "family": "dense",
      "n": 5,
      "nullity": 5
    },
    {
      "d": 3,
      "edge": [
        3,
        4
      ],
      "family": "dense",
      "n": 5,
      "nullity": 5
    },
    {
      "d": 5,
      "edge": [
        3,
        4
      ],
      "family": "dense",
      "n": 5,
      "nullity": 5
    },
    {
      "d": 1,
      "edge": [
        3,
        4
      ],
      "family": "disconnected",
      "n": 5,
      "nullity": 1
    },
    {
      "d": 3,
      "edge": [
        3,
        4
      ],
      "family": "disconnected",
      "n": 5,
      "nullity": 1
    },
    {
      "d": 5,
      "edge": [
        3,
        4
      ],
      "family": "disconnected",
      "n": 5,
      "nullity": 1
    },
    {
      "d": 1,
      "edge": [
        3,
        4
      ],
      "family": "forest",
      "n": 5,
      "nullity": 0
    },
    {
      "d": 3,
      "edge": [
        3,
        4
      ],
      "family": "forest",
      "n": 5,
      "nullity": 0
    },
    {
      "d": 5,
      "edge": [
        3,
        4
      ],
      "family": "forest",
      "n": 5,
      "nullity": 0
    },
    {
      "d": 1,
      "edge": [
        3,
        4
      ],
      "family": "empty",
      "n": 5,
      "nullity": 0
    },
    {
      "d": 3,
      "edge": [
        3,
        4
      ],
      "family": "empty",
      "n": 5,
      "nullity": 0
    },
    {
      "d": 5,
      "edge": [
        3,
        4
      ],
      "family": "empty",
      "n": 5,
      "nullity": 0
    },
    {
      "d": 1,
      "edge": [
        0,
        1
      ],
      "family": "dense",
      "n": 7,
      "nullity": 14
    },
    {
      "d": 3,
      "edge": [
        0,
        1
      ],
      "family": "dense",
      "n": 7,
      "nullity": 14
    },
    {
      "d": 5,
      "edge": [
        0,
        1
      ],
      "family": "dense",
      "n": 7,
      "nullity": 14
    },
    {
      "d": 1,
      "edge": [
        0,
        1
      ],
      "family": "disconnected",
      "n": 7,
      "nullity": 1
    },
    {
      "d": 3,
      "edge": [
        0,
        1
      ],
      "family": "disconnected",
      "n": 7,
      "nullity": 1
    },
    {
      "d": 5,
      "edge": [
        0,
        1
      ],
      "family": "disconnected",
      "n": 7,
      "nullity": 1
    },
    {
      "d": 1,
      "edge": [
        0,
        1
      ],
      "family": "forest",
      "n": 7,
      "nullity": 0
    },
    {
      "d": 3,
      "edge": [
        0,
        1
      ],
      "family": "forest",
      "n": 7,
      "nullity": 0
    },
    {
      "d": 5,
      "edge": [
        0,
        1
      ],
      "family": "forest",
      "n": 7,
      "nullity": 0
    },
    {
      "d": 1,
      "edge": [
        0,
        1
      ],
      "family": "empty",
      "n": 7,
      "nullity": 0
    },
    {
      "d": 3,
      "edge": [
        0,
        1
      ],
      "family": "empty",
      "n": 7,
      "nullity": 0
    },
    {
      "d": 5,
      "edge": [
        0,
        1
      ],
      "family": "empty",
      "n": 7,
      "nullity": 0
    },
    {
      "d": 1,
      "edge": [
        0,
        6
      ],
      "family": "dense",
      "n": 7,
      "nullity": 14
    },
    {
      "d": 3,
      "edge": [
        0,
        6
      ],
      "family": "dense",
      "n": 7,
      "nullity": 14
    },
    {
      "d": 5,
      "edge": [
        0,
        6
      ],
      "family": "dense",
      "n": 7,
      "nullity": 14
    },
    {
      "d": 1,
      "edge": [
        0,
        6
      ],
      "family": "disconnected",
      "n": 7,
      "nullity": 2
    },
    {
      "d": 3,
      "edge": [
        0,
        6
      ],
      "family": "disconnected",
      "n": 7,
      "nullity": 2
    },
    {
      "d": 5,
      "edge": [
        0,
        6
      ],
      "family": "disconnected",
      "n": 7,
      "nullity": 2
    },
    {
      "d": 1,
      "edge": [
        0,
        6
      ],
      "family": "forest",
      "n": 7,
      "nullity": 0
    },
    {
      "d": 3,
      "edge": [
        0,
        6
      ],
      "family": "forest",
      "n": 7,
      "nullity": 0
    },
    {
      "d": 5,
      "edge": [
        0,
        6
      ],
      "family": "forest",
      "n": 7,
      "nullity": 0
    },
    {
      "d": 1,
      "edge": [
        0,
        6
      ],
      "family": "empty",
      "n": 7,
      "nullity": 0
    },
    {
      "d": 3,
      "edge": [
        0,
        6
      ],
      "family": "empty",
      "n": 7,
      "nullity": 0
    },
    {
      "d": 5,
      "edge": [
        0,
        6
      ],
      "family": "empty",
      "n": 7,
      "nullity": 0
    },
    {
      "d": 1,
      "edge": [
        5,
        6
      ],
      "family": "dense",
      "n": 7,
      "nullity": 14
    },
    {
      "d": 3,
      "edge": [
        5,
        6
      ],
      "family": "dense",
      "n": 7,
      "nullity": 14
    },
    {
      "d": 5,
      "edge": [
        5,
        6
      ],
      "family": "dense",
      "n": 7,
      "nullity": 14
    },
    {
      "d": 1,
      "edge": [
        5,
        6
      ],
      "family": "disconnected",
      "n": 7,
      "nullity": 2
    },
    {
      "d": 3,
      "edge": [
        5,
        6
      ],
      "family": "disconnected",
      "n": 7,
      "nullity": 2
    },
    {
      "d": 5,
      "edge": [
        5,
        6
      ],
      "family": "disconnected",
      "n": 7,
      "nullity": 2
    },
    {
      "d": 1,
      "edge": [
        5,
        6
      ],
      "family": "forest",
      "n": 7,
      "nullity": 0
    },
    {
      "d": 3,
      "edge": [
        5,
        6
      ],
      "family": "forest",
      "n": 7,
      "nullity": 0
    },
    {
      "d": 5,
      "edge": [
        5,
        6
      ],
      "family": "forest",
      "n": 7,
      "nullity": 0
    },
    {
      "d": 1,
      "edge": [
        5,
        6
      ],
      "family": "empty",
      "n": 7,
      "nullity": 0
    },
    {
      "d": 3,
      "edge": [
        5,
        6
      ],
      "family": "empty",
      "n": 7,
      "nullity": 0
    },
    {
      "d": 5,
      "edge": [
        5,
        6
      ],
      "family": "empty",
      "n": 7,
      "nullity": 0
    },
    {
      "d": 1,
      "edge": [
        0,
        1
      ],
      "family": "dense",
      "n": 10,
      "nullity": 35
    },
    {
      "d": 3,
      "edge": [
        0,
        1
      ],
      "family": "dense",
      "n": 10,
      "nullity": 35
    },
    {
      "d": 5,
      "edge": [
        0,
        1
      ],
      "family": "dense",
      "n": 10,
      "nullity": 35
    },
    {
      "d": 1,
      "edge": [
        0,
        1
      ],
      "family": "disconnected",
      "n": 10,
      "nullity": 2
    },
    {
      "d": 3,
      "edge": [
        0,
        1
      ],
      "family": "disconnected",
      "n": 10,
      "nullity": 2
    },
    {
      "d": 5,
      "edge": [
        0,
        1
      ],
      "family": "disconnected",
      "n": 10,
      "nullity": 2
    },
    {
      "d": 1,
      "edge": [
        0,
        1
      ],
      "family": "forest",
      "n": 10,
      "nullity": 0
    },
    {
      "d": 3,
      "edge": [
        0,
        1
      ],
      "family": "forest",
      "n": 10,
      "nullity": 0
    },
    {
      "d": 5,
      "edge": [
        0,
        1
      ],
      "family": "forest",
      "n": 10,
      "nullity": 0
    },
    {
      "d": 1,
      "edge": [
        0,
        1
      ],
      "family": "empty",
      "n": 10,
      "nullity": 0
    },
    {
      "d": 3,
      "edge": [
        0,
        1
      ],
      "family": "empty",
      "n": 10,
      "nullity": 0
    },
    {
      "d": 5,
      "edge": [
        0,
        1
      ],
      "family": "empty",
      "n": 10,
      "nullity": 0
    },
    {
      "d": 1,
      "edge": [
        0,
        9
      ],
      "family": "dense",
      "n": 10,
      "nullity": 35
    },
    {
      "d": 3,
      "edge": [
        0,
        9
      ],
      "family": "dense",
      "n": 10,
      "nullity": 35
    },
    {
      "d": 5,
      "edge": [
        0,
        9
      ],
      "family": "dense",
      "n": 10,
      "nullity": 35
    },
    {
      "d": 1,
      "edge": [
        0,
        9
      ],
      "family": "disconnected",
      "n": 10,
      "nullity": 3
    },
    {
      "d": 3,
      "edge": [
        0,
        9
      ],
      "family": "disconnected",
      "n": 10,
      "nullity": 3
    },
    {
      "d": 5,
      "edge": [
        0,
        9
      ],
      "family": "disconnected",
      "n": 10,
      "nullity": 3
    },
    {
      "d": 1,
      "edge": [
        0,
        9
      ],
      "family": "forest",
      "n": 10,
      "nullity": 0
    },
    {
      "d": 3,
      "edge": [
        0,
        9
      ],
      "family": "forest",
      "n": 10,
      "nullity": 0
    },
    {
      "d": 5,
      "edge": [
        0,
        9
      ],
      "family": "forest",
      "n": 10,
      "nullity": 0
    },
    {
      "d": 1,
      "edge": [
        0,
        9
      ],
      "family": "empty",
      "n": 10,
      "nullity": 0
    },
    {
      "d": 3,
      "edge": [
        0,
        9
      ],
      "family": "empty",
      "n": 10,
      "nullity": 0
    },
    {
      "d": 5,
      "edge": [
        0,
        9
      ],
      "family": "empty",
      "n": 10,
      "nullity": 0
    },
    {
      "d": 1,
      "edge": [
        8,
        9
      ],
      "family": "dense",
      "n": 10,
      "nullity": 35
    },
    {
      "d": 3,
      "edge": [
        8,
        9
      ],
      "family": "dense",
      "n": 10,
      "nullity": 35
    },
    {
      "d": 5,
      "edge": [
        8,
        9
      ],
      "family": "dense",
      "n": 10,
      "nullity": 35
    },
    {
      "d": 1,
      "edge": [
        8,
        9
      ],
      "family": "disconnected",
      "n": 10,
      "nullity": 3
    },
    {
      "d": 3,
      "edge": [
        8,
        9
      ],
      "family": "disconnected",
      "n": 10,
      "nullity": 3
    },
    {
      "d": 5,
      "edge": [
        8,
        9
      ],
      "family": "disconnected",
      "n": 10,
      "nullity": 3
    },
    {
      "d": 1,
      "edge": [
        8,
        9
      ],
      "family": "forest",
      "n": 10,
      "nullity": 0
    },
    {
      "d": 3,
      "edge": [
        8,
        9
      ],
      "family": "forest",
      "n": 10,
      "nullity": 0
    },
    {
      "d": 5,
      "edge": [
        8,
        9
      ],
      "family": "forest",
      "n": 10,
      "nullity": 0
    },
    {
      "d": 1,
      "edge": [
        8,
        9
      ],
      "family": "empty",
      "n": 10,
      "nullity": 0
    },
    {
      "d": 3,
      "edge": [
        8,
        9
      ],
      "family": "empty",
      "n": 10,
      "nullity": 0
    },
    {
      "d": 5,
      "edge": [
        8,
        9
      ],
      "family": "empty",
      "n": 10,
      "nullity": 0
    }
  ],
  "limits": [
    "finite regression only",
    "no source-intent decision",
    "no novelty certification"
  ],
  "nonedge_instances": {
    "1": 0,
    "2": 1,
    "3": 12,
    "4": 192
  },
  "nonedge_transport_checks": 1845,
  "optimization": 0,
  "pair_kernel_checks": 2045,
  "parameters": [
    "-1/3",
    "1/7",
    "2/5"
  ],
  "semantic_mutants": [
    {
      "mutant": "invert length ratio",
      "reason": "transported vector not equilibrium",
      "rejected": true
    },
    {
      "mutant": "omit length ratio",
      "reason": "transported vector not equilibrium",
      "rejected": true
    },
    {
      "mutant": "negate diagonal (kernel map, wrong signs)",
      "reason": "sign-preserving invertibility",
      "rejected": true
    },
    {
      "mutant": "singular diagonal",
      "reason": "sign-preserving invertibility",
      "rejected": true
    },
    {
      "mutant": "allow zero-to-positive coordinate",
      "reason": "zero and nonzero signs must match",
      "rejected": true
    },
    {
      "mutant": "replace sign equivalence by dimension",
      "reason": "equal dimensions do not give equal sign supports",
      "rejected": true
    },
    {
      "mutant": "claim pair-collision K3 nullity two",
      "reason": "actual pair-collision nullity is one",
      "rejected": true
    },
    {
      "mutant": "permit zero ambient dimension",
      "reason": "positive n,d required",
      "rejected": true
    },
    {
      "mutant": "use separated realization as collision",
      "reason": "collision singleton missing",
      "rejected": true
    }
  ],
  "small_dimensions": [
    1,
    2,
    4
  ],
  "status": "PASS",
  "triangle_basis_at_collision": [
    [
      "1",
      "0",
      "0"
    ]
  ],
  "triangle_basis_separated": [
    [
      "1",
      "1/111",
      "-1/112"
    ]
  ],
  "triangle_nullities": [
    1,
    1
  ],
  "uid": 1000
}
