{
  "pass": true,
  "exact_checks": 12,
  "controls": [
    {
      "control": "normalized degree-11 critically fixed Newton conjugate",
      "resultant": "-544451787073501541541399371890829138329600000000000",
      "W_degree": 20,
      "H_degree": 12,
      "passes_power_20": true,
      "passes_power_1": false,
      "quotient_degree": 220,
      "scope": "equation control, not the candidate class"
    },
    {
      "control": "common-factor degree-one translation represented at degree 11",
      "resultant": "0",
      "weak_equations_accept": true,
      "guarded_equations_accept": false
    },
    {
      "control": "z^11+1",
      "critical_fixed_equations_accept": false
    }
  ],
  "scope": "Supplemental algebraic equation bookkeeping only; finiteness, realization and arithmetic descent require proof."
}
