{
  "artifact_sha256": "dcd4ba441c5655526a20a2ddd474e6c4477fab2c74978b907125f8d797b41087",
  "assertions": 61,
  "checks": {
    "averaging_identity_mode": "PASS",
    "chart_X_divergence_0": "PASS",
    "chart_X_divergence_1": "PASS",
    "chart_X_divergence_2": "PASS",
    "chart_X_tangent_0": "PASS",
    "chart_X_tangent_1": "PASS",
    "chart_X_tangent_2": "PASS",
    "chart_Y_divergence_0": "PASS",
    "chart_Y_divergence_1": "PASS",
    "chart_Y_divergence_2": "PASS",
    "chart_Y_tangent_0": "PASS",
    "chart_Y_tangent_1": "PASS",
    "chart_Y_tangent_2": "PASS",
    "chart_integrability_0": "PASS",
    "chart_integrability_1": "PASS",
    "chart_integrability_2": "PASS",
    "chart_rescaled_integrability_0": "PASS",
    "chart_rescaled_integrability_1": "PASS",
    "chart_rescaled_integrability_2": "PASS",
    "chart_transgression_0": "PASS",
    "chart_transgression_1": "PASS",
    "chart_transgression_2": "PASS",
    "constant_h_has_no_pointwise_effect": "PASS",
    "derivative_summability_exponent_2_0": "PASS",
    "derivative_summability_exponent_3_0": "PASS",
    "derivative_summability_exponent_4_0": "PASS",
    "derivative_summability_exponent_4_1": "PASS",
    "derivative_summability_exponent_5_0": "PASS",
    "derivative_summability_exponent_5_1": "PASS",
    "derivative_summability_exponent_6_0": "PASS",
    "derivative_summability_exponent_6_1": "PASS",
    "derivative_summability_exponent_6_2": "PASS",
    "fourier_coefficient_blowup_exponent_2": "PASS",
    "fourier_coefficient_blowup_exponent_3": "PASS",
    "fourier_coefficient_blowup_exponent_4": "PASS",
    "fourier_coefficient_blowup_exponent_5": "PASS",
    "fourier_coefficient_blowup_exponent_6": "PASS",
    "full_gauge_transgression": "PASS",
    "integer_numerator_2": "PASS",
    "integer_numerator_3": "PASS",
    "integer_numerator_4": "PASS",
    "integer_numerator_5": "PASS",
    "integer_numerator_6": "PASS",
    "integrability_identity": "PASS",
    "leading_small_divisor_exponent_2": "PASS",
    "leading_small_divisor_exponent_3": "PASS",
    "leading_small_divisor_exponent_4": "PASS",
    "leading_small_divisor_exponent_5": "PASS",
    "leading_small_divisor_exponent_6": "PASS",
    "leading_tail_exact_2": "PASS",
    "leading_tail_exact_3": "PASS",
    "leading_tail_exact_4": "PASS",
    "leading_tail_exact_5": "PASS",
    "leading_tail_exact_6": "PASS",
    "positive_global_average_not_orbit_average": "PASS",
    "rescaled_defining_equation": "PASS",
    "tail_successive_ratio_bound_2": "PASS",
    "tail_successive_ratio_bound_3": "PASS",
    "tail_successive_ratio_bound_4": "PASS",
    "tail_successive_ratio_bound_5": "PASS",
    "tail_successive_ratio_bound_6": "PASS"
  },
  "scope": "Exact gauge algebra and bounded transport controls only; no manifold counterexample or resolution of Calegari Question13.1.",
  "status": "PASS",
  "sympy_version": "1.14.0"
}
