{
  "assertions": 168007,
  "completed_at_utc": "2026-10-03T00:53:39.080660+00:00",
  "groups": {
    "activation_orthants": 2044,
    "antipodal_even": 15125,
    "balanced_trace": 250,
    "bernstein_regime": 13,
    "chaining_cardinality": 2000,
    "chaining_constants": 1,
    "chaining_series": 384,
    "chaining_union": 2000,
    "dependent_row_negative_control": 6,
    "ill_conditioned_orthants": 72,
    "independent_copy": 588,
    "label_parity_balance": 45119,
    "linear_final_constant": 5225,
    "low_rank_gain": 1739,
    "low_rank_nuclear_norm": 600,
    "low_rank_operator_norm": 600,
    "matrix_concentration_domain": 1162,
    "net_log_constants": 3,
    "quadratic_centered_moment": 504,
    "quadratic_core_lipschitz": 625,
    "quadratic_core_scaling": 201,
    "quadratic_final_constant": 5225,
    "quadratic_mgf_radius": 5,
    "quadratic_raw_moment": 512,
    "rademacher_energy": 192,
    "radial_bridge": 9430,
    "radial_constant_negative_control": 12,
    "rational_sphere": 11,
    "relu_final_constant": 1,
    "relu_mgf_coefficient": 512,
    "scalar_shift_pairing": 250,
    "selected_error_correlation": 45119,
    "shifted_nuclear_norm": 600,
    "spectral_spread_chord": 15125,
    "sphere_moment": 512,
    "subset_identity": 12240
  },
  "scope": "Exact finite independent controls; stochastic theorems, infinite chaining and all-parameter quantifiers are verified analytically in INDEPENDENT_DERIVATION.md.",
  "script_sha256": "60ba257b18e4f0ae278401e4c6c07604ed24029a9d6abc6706ce1444ab55e00f",
  "status": "PASS"
}
