{
  "verdict": "PASS_SOURCE_AND_SCOPE",
  "candidate_pdf_bindings_reproduced": [
    {
      "candidate_path": "sources/bln2020.pdf",
      "matched": true,
      "sha256": "b745d68e5614af6eb0fcb57223829a465cb5775828f585bc12fd83a0da26f248"
    },
    {
      "candidate_path": "sources/bln2021-published.pdf",
      "matched": true,
      "sha256": "5b0f9f36c71eb2bc29fbf029e9d63447b312879d5a10319d141bd0d49d8eadc1"
    },
    {
      "candidate_path": "sources/owr2021-15.pdf",
      "matched": true,
      "sha256": "debce92073567ab20aa8f019dc635c8baf5e09291b8076b7759454dbb2e4610c"
    },
    {
      "candidate_path": "sources/shmalo2026.pdf",
      "matched": true,
      "sha256": "2bd4930430b851298717540a8a6cde0cff0f2bb883d7a62ecb53489f126bfa25"
    },
    {
      "candidate_path": "sources/wu2023.pdf",
      "matched": true,
      "sha256": "51100211cf9ea607f4f01e4b5d8915e75c9071c5fea60f9f879ad42fab225e62"
    }
  ],
  "official_wu_pdf_bytes": 345162,
  "official_wu_pdf_sha256": "d78924eb42898db89ee0a3e59c1a761d3e4d699ad5f2933d90b2f73c4cfcba53",
  "candidate_wu_endpoint": "https://arxiv.org/pdf/2202.11592v2",
  "historical_rendered_png_byte_binding_checked": false,
  "original_status": "unsolved",
  "full_literature_or_priority_certification": false,
  "full_shmalo_proof_recertification": false
}

