{
  "utc": "2026-10-03T13:53:08.231224+00:00",
  "manifest_checks": [
    {
      "path": "TURN_1_MANIFEST.json",
      "bound_files": 6,
      "mismatches": []
    },
    {
      "path": "TURN_2_MANIFEST.json",
      "bound_files": 6,
      "mismatches": []
    },
    {
      "path": "TURN_3_MANIFEST.json",
      "bound_files": 6,
      "mismatches": []
    },
    {
      "path": "TURN_4_MANIFEST.json",
      "bound_files": 8,
      "mismatches": []
    },
    {
      "path": "FINAL_AUTHOR_MANIFEST.json",
      "bound_files": 33,
      "mismatches": []
    },
    {
      "path": "review/REVIEW_MANIFEST.json",
      "bound_files": 5,
      "mismatches": []
    },
    {
      "path": "PUBLICATION_MANIFEST.json",
      "bound_files": 42,
      "mismatches": []
    }
  ],
  "remote_receipt_blob_checks": [
    {
      "turn": 1,
      "blob_files": 7,
      "mismatches": []
    },
    {
      "turn": 2,
      "blob_files": 14,
      "mismatches": []
    },
    {
      "turn": 3,
      "blob_files": 21,
      "mismatches": []
    }
  ],
  "checkpoint_commit_checks": [
    {
      "turn": 1,
      "commit": "4a0d60738ffc0fe06668c5a85156717501196aa5",
      "failures": []
    },
    {
      "turn": 2,
      "commit": "87962a85c66ca2b3448f2fe54c526443b25e72f4",
      "failures": []
    },
    {
      "turn": 3,
      "commit": "52d0f255942d882f60e1fc1a23256cff7f886431",
      "failures": []
    }
  ],
  "head_file_checks": [
    {
      "path": "FINAL_AUTHOR_MANIFEST.json",
      "exact": true,
      "returncode": 0
    },
    {
      "path": "FINAL_README.md",
      "exact": true,
      "returncode": 0
    },
    {
      "path": "FINAL_RESULT.md",
      "exact": true,
      "returncode": 0
    },
    {
      "path": "FINAL_REVIEW_REQUEST.md",
      "exact": true,
      "returncode": 0
    },
    {
      "path": "PUBLICATION_MANIFEST.json",
      "exact": true,
      "returncode": 0
    },
    {
      "path": "PUBLICATION_README.md",
      "exact": true,
      "returncode": 0
    },
    {
      "path": "SOURCE_ADDITION_T2.json",
      "exact": true,
      "returncode": 0
    },
    {
      "path": "SOURCE_GATE.md",
      "exact": true,
      "returncode": 0
    },
    {
      "path": "SOURCE_MANIFEST.json",
      "exact": true,
      "returncode": 0
    },
    {
      "path": "STATE.json",
      "exact": true,
      "returncode": 0
    },
    {
      "path": "STATE_T2.json",
      "exact": true,
      "returncode": 0
    },
    {
      "path": "STATE_T3.json",
      "exact": true,
      "returncode": 0
    },
    {
      "path": "STATE_T4.json",
      "exact": true,
      "returncode": 0
    },
    {
      "path": "TURN_1.md",
      "exact": true,
      "returncode": 0
    },
    {
      "path": "TURN_1_CHECKS.json",
      "exact": true,
      "returncode": 0
    },
    {
      "path": "TURN_1_MANIFEST.json",
      "exact": true,
      "returncode": 0
    },
    {
      "path": "TURN_1_REMOTE_RECEIPT.json",
      "exact": true,
      "returncode": 0
    },
    {
      "path": "TURN_2.md",
      "exact": true,
      "returncode": 0
    },
    {
      "path": "TURN_2_CHECKS.json",
      "exact": true,
      "returncode": 0
    },
    {
      "path": "TURN_2_MANIFEST.json",
      "exact": true,
      "returncode": 0
    },
    {
      "path": "TURN_2_REMOTE_RECEIPT.json",
      "exact": true,
      "returncode": 0
    },
    {
      "path": "TURN_3.md",
      "exact": true,
      "returncode": 0
    },
    {
      "path": "TURN_3_CHECKS.json",
      "exact": true,
      "returncode": 0
    },
    {
      "path": "TURN_3_MANIFEST.json",
      "exact": true,
      "returncode": 0
    },
    {
      "path": "TURN_3_REMOTE_RECEIPT.json",
      "exact": true,
      "returncode": 0
    },
    {
      "path": "TURN_3_SURVIVORS.txt",
      "exact": true,
      "returncode": 0
    },
    {
      "path": "TURN_4.md",
      "exact": true,
      "returncode": 0
    },
    {
      "path": "TURN_4_CHECKS.json",
      "exact": true,
      "returncode": 0
    },
    {
      "path": "TURN_4_CPP_CHECKS.json",
      "exact": true,
      "returncode": 0
    },
    {
      "path": "TURN_4_MANIFEST.json",
      "exact": true,
      "returncode": 0
    },
    {
      "path": "check_turn_1.py",
      "exact": true,
      "returncode": 0
    },
    {
      "path": "check_turn_2.py",
      "exact": true,
      "returncode": 0
    },
    {
      "path": "check_turn_3.py",
      "exact": true,
      "returncode": 0
    },
    {
      "path": "check_turn_4.cpp",
      "exact": true,
      "returncode": 0
    },
    {
      "path": "check_turn_4.py",
      "exact": true,
      "returncode": 0
    },
    {
      "path": "review/AUTHOR_REPLAY.json",
      "exact": true,
      "returncode": 0
    },
    {
      "path": "review/INDEPENDENT_CHECKS.json",
      "exact": true,
      "returncode": 0
    },
    {
      "path": "review/REVIEW.md",
      "exact": true,
      "returncode": 0
    },
    {
      "path": "review/REVIEW_MANIFEST.json",
      "exact": true,
      "returncode": 0
    },
    {
      "path": "review/independent_check.py",
      "exact": true,
      "returncode": 0
    },
    {
      "path": "review/replay_author.py",
      "exact": true,
      "returncode": 0
    },
    {
      "path": "verify_publication.py",
      "exact": true,
      "returncode": 0
    },
    {
      "path": "verify_turn_4_cpp.py",
      "exact": true,
      "returncode": 0
    }
  ],
  "diff_returncode": 0,
  "metadata_returncode": 0,
  "all_pass": true
}
