A	problems/11000151_artin_a5_quotient/FINAL_AUTHOR_MANIFEST.json
A	problems/11000151_artin_a5_quotient/FINAL_README.md
A	problems/11000151_artin_a5_quotient/FINAL_RESULT.md
A	problems/11000151_artin_a5_quotient/FINAL_REVIEW_REQUEST.md
A	problems/11000151_artin_a5_quotient/PUBLICATION_MANIFEST.json
A	problems/11000151_artin_a5_quotient/PUBLICATION_README.md
A	problems/11000151_artin_a5_quotient/SOURCE_ADDITION_T2.json
A	problems/11000151_artin_a5_quotient/SOURCE_GATE.md
A	problems/11000151_artin_a5_quotient/SOURCE_MANIFEST.json
A	problems/11000151_artin_a5_quotient/STATE.json
A	problems/11000151_artin_a5_quotient/STATE_T2.json
A	problems/11000151_artin_a5_quotient/STATE_T3.json
A	problems/11000151_artin_a5_quotient/STATE_T4.json
A	problems/11000151_artin_a5_quotient/TURN_1.md
A	problems/11000151_artin_a5_quotient/TURN_1_CHECKS.json
A	problems/11000151_artin_a5_quotient/TURN_1_MANIFEST.json
A	problems/11000151_artin_a5_quotient/TURN_1_REMOTE_RECEIPT.json
A	problems/11000151_artin_a5_quotient/TURN_2.md
A	problems/11000151_artin_a5_quotient/TURN_2_CHECKS.json
A	problems/11000151_artin_a5_quotient/TURN_2_MANIFEST.json
A	problems/11000151_artin_a5_quotient/TURN_2_REMOTE_RECEIPT.json
A	problems/11000151_artin_a5_quotient/TURN_3.md
A	problems/11000151_artin_a5_quotient/TURN_3_CHECKS.json
A	problems/11000151_artin_a5_quotient/TURN_3_MANIFEST.json
A	problems/11000151_artin_a5_quotient/TURN_3_REMOTE_RECEIPT.json
A	problems/11000151_artin_a5_quotient/TURN_3_SURVIVORS.txt
A	problems/11000151_artin_a5_quotient/TURN_4.md
A	problems/11000151_artin_a5_quotient/TURN_4_CHECKS.json
A	problems/11000151_artin_a5_quotient/TURN_4_CPP_CHECKS.json
A	problems/11000151_artin_a5_quotient/TURN_4_MANIFEST.json
A	problems/11000151_artin_a5_quotient/check_turn_1.py
A	problems/11000151_artin_a5_quotient/check_turn_2.py
A	problems/11000151_artin_a5_quotient/check_turn_3.py
A	problems/11000151_artin_a5_quotient/check_turn_4.cpp
A	problems/11000151_artin_a5_quotient/check_turn_4.py
A	problems/11000151_artin_a5_quotient/review/AUTHOR_REPLAY.json
A	problems/11000151_artin_a5_quotient/review/INDEPENDENT_CHECKS.json
A	problems/11000151_artin_a5_quotient/review/REVIEW.md
A	problems/11000151_artin_a5_quotient/review/REVIEW_MANIFEST.json
A	problems/11000151_artin_a5_quotient/review/independent_check.py
A	problems/11000151_artin_a5_quotient/review/replay_author.py
A	problems/11000151_artin_a5_quotient/verify_publication.py
A	problems/11000151_artin_a5_quotient/verify_turn_4_cpp.py
M	unsolved_math_prioritization/QUEUE.md
