⚠ [2825/2830] Replayed Bell.Witness
warning: ././././Bell/Witness.lean:137:2: Used `tac1 <;> tac2` where `(tac1; tac2)` would suffice
note: this linter can be disabled with `set_option linter.unnecessarySeqFocus false`
warning: ././././Bell/Witness.lean:224:2: Used `tac1 <;> tac2` where `(tac1; tac2)` would suffice
note: this linter can be disabled with `set_option linter.unnecessarySeqFocus false`
warning: ././././Bell/Witness.lean:224:14: Used `tac1 <;> tac2` where `(tac1; tac2)` would suffice
note: this linter can be disabled with `set_option linter.unnecessarySeqFocus false`
⚠ [2827/2830] Replayed Bell.Transportation
warning: ././././Bell/Transportation.lean:75:28: Used `tac1 <;> tac2` where `(tac1; tac2)` would suffice
note: this linter can be disabled with `set_option linter.unnecessarySeqFocus false`
⚠ [2828/2830] Replayed Bell.Lorentz
warning: ././././Bell/Lorentz.lean:63:71: this tactic is never executed
note: this linter can be disabled with `set_option linter.unreachableTactic false`
warning: ././././Bell/Lorentz.lean:63:71: 'ring' tactic does nothing
note: this linter can be disabled with `set_option linter.unusedTactic false`
warning: ././././Bell/Lorentz.lean:114:2: Used `tac1 <;> tac2` where `(tac1; tac2)` would suffice
note: this linter can be disabled with `set_option linter.unnecessarySeqFocus false`
warning: ././././Bell/Lorentz.lean:118:62: Used `tac1 <;> tac2` where `(tac1; tac2)` would suffice
note: this linter can be disabled with `set_option linter.unnecessarySeqFocus false`
warning: ././././Bell/Lorentz.lean:146:2: Used `tac1 <;> tac2` where `(tac1; tac2)` would suffice
note: this linter can be disabled with `set_option linter.unnecessarySeqFocus false`
warning: ././././Bell/Lorentz.lean:212:47: this tactic is never executed
note: this linter can be disabled with `set_option linter.unreachableTactic false`
warning: ././././Bell/Lorentz.lean:212:47: 'ring' tactic does nothing
note: this linter can be disabled with `set_option linter.unusedTactic false`
warning: ././././Bell/Lorentz.lean:218:2: Used `tac1 <;> tac2` where `(tac1; tac2)` would suffice
note: this linter can be disabled with `set_option linter.unnecessarySeqFocus false`
warning: ././././Bell/Lorentz.lean:223:2: Used `tac1 <;> tac2` where `(tac1; tac2)` would suffice
note: this linter can be disabled with `set_option linter.unnecessarySeqFocus false`
⚠ [2830/2830] Built Bell.Targets
warning: ././././Bell/Targets.lean:26:2: Used `tac1 <;> tac2` where `(tac1; tac2)` would suffice
note: this linter can be disabled with `set_option linter.unnecessarySeqFocus false`
warning: ././././Bell/Targets.lean:27:2: Used `tac1 <;> tac2` where `(tac1; tac2)` would suffice
note: this linter can be disabled with `set_option linter.unnecessarySeqFocus false`
warning: ././././Bell/Targets.lean:28:2: Used `tac1 <;> tac2` where `(tac1; tac2)` would suffice
note: this linter can be disabled with `set_option linter.unnecessarySeqFocus false`
warning: ././././Bell/Targets.lean:34:2: Used `tac1 <;> tac2` where `(tac1; tac2)` would suffice
note: this linter can be disabled with `set_option linter.unnecessarySeqFocus false`
warning: ././././Bell/Targets.lean:35:2: Used `tac1 <;> tac2` where `(tac1; tac2)` would suffice
note: this linter can be disabled with `set_option linter.unnecessarySeqFocus false`
warning: ././././Bell/Targets.lean:36:2: Used `tac1 <;> tac2` where `(tac1; tac2)` would suffice
note: this linter can be disabled with `set_option linter.unnecessarySeqFocus false`
Build completed successfully.
