⚠ [2825/2848] Replayed Bell.Lorentz
warning: ././././Bell/Lorentz.lean:63:71: this tactic is never executed
note: this linter can be disabled with `set_option linter.unreachableTactic false`
warning: ././././Bell/Lorentz.lean:63:71: 'ring' tactic does nothing
note: this linter can be disabled with `set_option linter.unusedTactic false`
warning: ././././Bell/Lorentz.lean:114:2: Used `tac1 <;> tac2` where `(tac1; tac2)` would suffice
note: this linter can be disabled with `set_option linter.unnecessarySeqFocus false`
warning: ././././Bell/Lorentz.lean:118:62: Used `tac1 <;> tac2` where `(tac1; tac2)` would suffice
note: this linter can be disabled with `set_option linter.unnecessarySeqFocus false`
warning: ././././Bell/Lorentz.lean:146:2: Used `tac1 <;> tac2` where `(tac1; tac2)` would suffice
note: this linter can be disabled with `set_option linter.unnecessarySeqFocus false`
warning: ././././Bell/Lorentz.lean:212:47: this tactic is never executed
note: this linter can be disabled with `set_option linter.unreachableTactic false`
warning: ././././Bell/Lorentz.lean:212:47: 'ring' tactic does nothing
note: this linter can be disabled with `set_option linter.unusedTactic false`
warning: ././././Bell/Lorentz.lean:218:2: Used `tac1 <;> tac2` where `(tac1; tac2)` would suffice
note: this linter can be disabled with `set_option linter.unnecessarySeqFocus false`
warning: ././././Bell/Lorentz.lean:223:2: Used `tac1 <;> tac2` where `(tac1; tac2)` would suffice
note: this linter can be disabled with `set_option linter.unnecessarySeqFocus false`
⚠ [2831/2848] Replayed Bell.MeasurementGeometry
warning: ././././Bell/MeasurementGeometry.lean:123:52: unused variable `hA`
note: this linter can be disabled with `set_option linter.unusedVariables false`
warning: ././././Bell/MeasurementGeometry.lean:124:5: unused variable `hB`
note: this linter can be disabled with `set_option linter.unusedVariables false`
⚠ [2832/2848] Replayed Bell.ClassicalProduct
warning: ././././Bell/ClassicalProduct.lean:27:0: automatically included section variable(s) unused in theorem 'Bell.ClassicalProduct.total_mass':
  [(x : X) → DecidableEq (O x)]
consider restructuring your `variable` declarations so that the variables are not in scope or explicitly omit them:
  omit [(x : X) → DecidableEq (O x)] in theorem ...
note: this linter can be disabled with `set_option linter.unusedSectionVars false`
warning: ././././Bell/ClassicalProduct.lean:42:0: automatically included section variable(s) unused in theorem 'Bell.ClassicalProduct.pin_mass':
  [(x : X) → Fintype (O x)]
consider restructuring your `variable` declarations so that the variables are not in scope or explicitly omit them:
  omit [(x : X) → Fintype (O x)] in theorem ...
note: this linter can be disabled with `set_option linter.unusedSectionVars false`
warning: ././././Bell/ClassicalProduct.lean:89:0: automatically included section variable(s) unused in theorem 'Bell.ClassicalProduct.conditional_normalized':
  [Fintype X]
  [DecidableEq X]
  [(x : X) → DecidableEq (O x)]
  [Fintype B]
  [DecidableEq B]
consider restructuring your `variable` declarations so that the variables are not in scope or explicitly omit them:
  omit [Fintype X] [DecidableEq X] [(x : X) → DecidableEq (O x)] [Fintype B] [DecidableEq B] in theorem ...
note: this linter can be disabled with `set_option linter.unusedSectionVars false`
warning: ././././Bell/ClassicalProduct.lean:95:0: automatically included section variable(s) unused in theorem 'Bell.ClassicalProduct.weight_nonnegative':
  [DecidableEq X]
  [(x : X) → Fintype (O x)]
  [(x : X) → DecidableEq (O x)]
  [Fintype B]
  [DecidableEq B]
consider restructuring your `variable` declarations so that the variables are not in scope or explicitly omit them:
  omit [DecidableEq
  X] [(x : X) → Fintype (O x)] [(x : X) → DecidableEq (O x)] [Fintype B] [DecidableEq B] in theorem ...
note: this linter can be disabled with `set_option linter.unusedSectionVars false`
warning: ././././Bell/ClassicalProduct.lean:119:0: automatically included section variable(s) unused in theorem 'Bell.ClassicalProduct.entry_zero_of_marginal_zero':
  [Fintype X]
  [DecidableEq X]
  [(x : X) → DecidableEq (O x)]
  [Fintype B]
  [DecidableEq B]
consider restructuring your `variable` declarations so that the variables are not in scope or explicitly omit them:
  omit [Fintype X] [DecidableEq X] [(x : X) → DecidableEq (O x)] [Fintype B] [DecidableEq B] in theorem ...
note: this linter can be disabled with `set_option linter.unusedSectionVars false`
⚠ [2834/2848] Replayed Bell.Witness
warning: ././././Bell/Witness.lean:137:2: Used `tac1 <;> tac2` where `(tac1; tac2)` would suffice
note: this linter can be disabled with `set_option linter.unnecessarySeqFocus false`
warning: ././././Bell/Witness.lean:224:2: Used `tac1 <;> tac2` where `(tac1; tac2)` would suffice
note: this linter can be disabled with `set_option linter.unnecessarySeqFocus false`
warning: ././././Bell/Witness.lean:224:14: Used `tac1 <;> tac2` where `(tac1; tac2)` would suffice
note: this linter can be disabled with `set_option linter.unnecessarySeqFocus false`
⚠ [2835/2848] Replayed Bell.Transportation
warning: ././././Bell/Transportation.lean:75:28: Used `tac1 <;> tac2` where `(tac1; tac2)` would suffice
note: this linter can be disabled with `set_option linter.unnecessarySeqFocus false`
✔ [2848/2848] Built Bell.StochasticProcessing
Build completed successfully.
