⚠ [2824/2824] Built Bell.HilbertCoordinates
warning: ././././Bell/HilbertCoordinates.lean:20:8: automatically included section variable(s) unused in theorem 'Bell.Hilbert.basisInner_zero_left':
  [DecidableEq ι]
consider restructuring your `variable` declarations so that the variables are not in scope or explicitly omit them:
  omit [DecidableEq ι] in theorem ...
note: this linter can be disabled with `set_option linter.unusedSectionVars false`
warning: ././././Bell/HilbertCoordinates.lean:22:8: automatically included section variable(s) unused in theorem 'Bell.Hilbert.basisInner_zero_right':
  [DecidableEq ι]
consider restructuring your `variable` declarations so that the variables are not in scope or explicitly omit them:
  omit [DecidableEq ι] in theorem ...
note: this linter can be disabled with `set_option linter.unusedSectionVars false`
warning: ././././Bell/HilbertCoordinates.lean:24:8: automatically included section variable(s) unused in theorem 'Bell.Hilbert.basisInner_add_left':
  [DecidableEq ι]
consider restructuring your `variable` declarations so that the variables are not in scope or explicitly omit them:
  omit [DecidableEq ι] in theorem ...
note: this linter can be disabled with `set_option linter.unusedSectionVars false`
warning: ././././Bell/HilbertCoordinates.lean:27:8: automatically included section variable(s) unused in theorem 'Bell.Hilbert.basisInner_add_right':
  [DecidableEq ι]
consider restructuring your `variable` declarations so that the variables are not in scope or explicitly omit them:
  omit [DecidableEq ι] in theorem ...
note: this linter can be disabled with `set_option linter.unusedSectionVars false`
warning: ././././Bell/HilbertCoordinates.lean:65:0: automatically included section variable(s) unused in theorem 'Bell.Hilbert.basisInner_self_nonneg':
  [DecidableEq ι]
consider restructuring your `variable` declarations so that the variables are not in scope or explicitly omit them:
  omit [DecidableEq ι] in theorem ...
note: this linter can be disabled with `set_option linter.unusedSectionVars false`
warning: ././././Bell/HilbertCoordinates.lean:68:0: automatically included section variable(s) unused in theorem 'Bell.Hilbert.basisInner_self_eq_zero_iff':
  [DecidableEq ι]
consider restructuring your `variable` declarations so that the variables are not in scope or explicitly omit them:
  omit [DecidableEq ι] in theorem ...
note: this linter can be disabled with `set_option linter.unusedSectionVars false`
warning: ././././Bell/HilbertCoordinates.lean:73:8: automatically included section variable(s) unused in theorem 'Bell.Hilbert.basisInner_smul_left':
  [DecidableEq ι]
consider restructuring your `variable` declarations so that the variables are not in scope or explicitly omit them:
  omit [DecidableEq ι] in theorem ...
note: this linter can be disabled with `set_option linter.unusedSectionVars false`
warning: ././././Bell/HilbertCoordinates.lean:76:8: automatically included section variable(s) unused in theorem 'Bell.Hilbert.basisInner_smul_right':
  [DecidableEq ι]
consider restructuring your `variable` declarations so that the variables are not in scope or explicitly omit them:
  omit [DecidableEq ι] in theorem ...
note: this linter can be disabled with `set_option linter.unusedSectionVars false`
warning: ././././Bell/HilbertCoordinates.lean:80:0: automatically included section variable(s) unused in theorem 'Bell.Hilbert.basisInner_conj_symm':
  [DecidableEq ι]
consider restructuring your `variable` declarations so that the variables are not in scope or explicitly omit them:
  omit [DecidableEq ι] in theorem ...
note: this linter can be disabled with `set_option linter.unusedSectionVars false`
warning: ././././Bell/HilbertCoordinates.lean:88:0: automatically included section variable(s) unused in theorem 'Bell.Hilbert.orthonormal_basisInner':
  [DecidableEq ι]
consider restructuring your `variable` declarations so that the variables are not in scope or explicitly omit them:
  omit [DecidableEq ι] in theorem ...
note: this linter can be disabled with `set_option linter.unusedSectionVars false`
Build completed successfully.
