⚠ [2823/2824] Replayed Bell.IsometricCompression
warning: ././././Bell/IsometricCompression.lean:19:1: automatically included section variable(s) unused in theorem 'Bell.IsometricCompression.embed_positive':
  [DecidableEq m]
  [DecidableEq n]
consider restructuring your `variable` declarations so that the variables are not in scope or explicitly omit them:
  omit [DecidableEq m] [DecidableEq n] in theorem ...
note: this linter can be disabled with `set_option linter.unusedSectionVars false`
warning: ././././Bell/IsometricCompression.lean:23:0: automatically included section variable(s) unused in theorem 'Bell.IsometricCompression.embed_trace':
  [DecidableEq m]
consider restructuring your `variable` declarations so that the variables are not in scope or explicitly omit them:
  omit [DecidableEq m] in theorem ...
note: this linter can be disabled with `set_option linter.unusedSectionVars false`
warning: ././././Bell/IsometricCompression.lean:28:0: automatically included section variable(s) unused in theorem 'Bell.IsometricCompression.embed_mul':
  [DecidableEq m]
consider restructuring your `variable` declarations so that the variables are not in scope or explicitly omit them:
  omit [DecidableEq m] in theorem ...
note: this linter can be disabled with `set_option linter.unusedSectionVars false`
warning: ././././Bell/IsometricCompression.lean:36:0: automatically included section variable(s) unused in theorem 'Bell.IsometricCompression.support_idempotent':
  [DecidableEq m]
consider restructuring your `variable` declarations so that the variables are not in scope or explicitly omit them:
  omit [DecidableEq m] in theorem ...
note: this linter can be disabled with `set_option linter.unusedSectionVars false`
warning: ././././Bell/IsometricCompression.lean:42:1: automatically included section variable(s) unused in theorem 'Bell.IsometricCompression.complement_hermitian':
  [Fintype m]
  [DecidableEq n]
consider restructuring your `variable` declarations so that the variables are not in scope or explicitly omit them:
  omit [Fintype m] [DecidableEq n] in theorem ...
note: this linter can be disabled with `set_option linter.unusedSectionVars false`
warning: ././././Bell/IsometricCompression.lean:76:1: automatically included section variable(s) unused in theorem 'Bell.IsometricCompression.embed_zero':
  [Fintype m]
  [DecidableEq m]
  [DecidableEq n]
consider restructuring your `variable` declarations so that the variables are not in scope or explicitly omit them:
  omit [Fintype m] [DecidableEq m] [DecidableEq n] in theorem ...
note: this linter can be disabled with `set_option linter.unusedSectionVars false`
warning: ././././Bell/IsometricCompression.lean:78:1: automatically included section variable(s) unused in theorem 'Bell.IsometricCompression.embed_one_add_complement':
  [Fintype m]
consider restructuring your `variable` declarations so that the variables are not in scope or explicitly omit them:
  omit [Fintype m] in theorem ...
note: this linter can be disabled with `set_option linter.unusedSectionVars false`
warning: ././././Bell/IsometricCompression.lean:87:0: automatically included section variable(s) unused in theorem 'Bell.IsometricCompression.paddedEffect_positive':
  [Fintype α]
consider restructuring your `variable` declarations so that the variables are not in scope or explicitly omit them:
  omit [Fintype α] in theorem ...
note: this linter can be disabled with `set_option linter.unusedSectionVars false`
warning: ././././Bell/IsometricCompression.lean:103:0: automatically included section variable(s) unused in theorem 'Bell.IsometricCompression.paddedEffect_idempotent':
  [Fintype α]
consider restructuring your `variable` declarations so that the variables are not in scope or explicitly omit them:
  omit [Fintype α] in theorem ...
note: this linter can be disabled with `set_option linter.unusedSectionVars false`
warning: ././././Bell/IsometricCompression.lean:114:0: automatically included section variable(s) unused in theorem 'Bell.IsometricCompression.paddedEffect_orthogonal':
  [Fintype α]
consider restructuring your `variable` declarations so that the variables are not in scope or explicitly omit them:
  omit [Fintype α] in theorem ...
note: this linter can be disabled with `set_option linter.unusedSectionVars false`
warning: ././././Bell/IsometricCompression.lean:127:0: automatically included section variable(s) unused in theorem 'Bell.IsometricCompression.compress_paddedEffect':
  [Fintype α]
consider restructuring your `variable` declarations so that the variables are not in scope or explicitly omit them:
  omit [Fintype α] in theorem ...
note: this linter can be disabled with `set_option linter.unusedSectionVars false`
warning: ././././Bell/IsometricCompression.lean:147:0: automatically included section variable(s) unused in theorem 'Bell.IsometricCompression.kronecker_conjTranspose':
  [Fintype m]
  [Fintype n]
  [Fintype p]
  [Fintype q]
  [DecidableEq m]
  [DecidableEq n]
  [DecidableEq p]
  [DecidableEq q]
consider restructuring your `variable` declarations so that the variables are not in scope or explicitly omit them:
  omit [Fintype
  m] [Fintype n] [Fintype p] [Fintype q] [DecidableEq m] [DecidableEq n] [DecidableEq p] [DecidableEq q] in theorem ...
note: this linter can be disabled with `set_option linter.unusedSectionVars false`
warning: ././././Bell/IsometricCompression.lean:164:0: automatically included section variable(s) unused in theorem 'Bell.IsometricCompression.trace_embed_pairing':
  [DecidableEq m]
  [DecidableEq n]
consider restructuring your `variable` declarations so that the variables are not in scope or explicitly omit them:
  omit [DecidableEq m] [DecidableEq n] in theorem ...
note: this linter can be disabled with `set_option linter.unusedSectionVars false`
⚠ [2824/2824] Built Bell.HilbertIsometry
warning: ././././Bell/HilbertIsometry.lean:13:0: automatically included section variable(s) unused in theorem 'Bell.Hilbert.matrix_inner_preservation':
  [DecidableEq m]
consider restructuring your `variable` declarations so that the variables are not in scope or explicitly omit them:
  omit [DecidableEq m] in theorem ...
note: this linter can be disabled with `set_option linter.unusedSectionVars false`
Build completed successfully.
