{
  "problem_id": 2912,
  "code": "KP-4.36",
  "reviewed_utc": "2026-09-30T06:11:17.598461+00:00",
  "reviewer_model": "gpt-6-astra",
  "reasoning": "xhigh",
  "verdict": "PASS_SCOPED_PARTIAL_DEDUCTIONS",
  "mandatory_corrections": [],
  "full_target_solved": false,
  "novelty_claim": false,
  "reviewed_artifact_sha256": "69a3ffb7b6c2ba3bf1a4df8d7d83960d66095db9d175d78cfe49e2324aac1a71",
  "submitted_verifier_sha256": "e50f23514f54249f1bb87bef5939ab79a91a5a9e214adb95608ed1ba38c21607",
  "author_checks": 507,
  "independent_checks": 29933,
  "author_receipt_byte_exact": true,
  "cached_source_hashes_verified": 5,
  "publication_scope": "Unsolved/stalled report only; retain both actual-exterior realization gaps and limited 1983 source retrieval",
  "human_peer_review": false,
  "files": {
    "REVIEW.md": "f6538ead97f1425b349c6e8e5fc07a9ab5736e3d9d71b009c096de8854e11ac3",
    "independent_checks.py": "d85193699830ef1ca071f55cea05696cb0ad7e0f9bd2c5aebc880d330876d64f",
    "independent_results.json": "69cbcb7f91c7aa3ae3309aedd70f5417cbbf05cbb1c4c921831c07509a2a6f7a",
    "reviewed_obstruction.md": "69a3ffb7b6c2ba3bf1a4df8d7d83960d66095db9d175d78cfe49e2324aac1a71",
    "submitted_results.json": "651a56372219f9987354bb2f4802723f8170a479daa02482650244216eb02ccb",
    "submitted_verifier.py": "e50f23514f54249f1bb87bef5939ab79a91a5a9e214adb95608ed1ba38c21607"
  }
}
