original_integer_jacobi_checks=4495
adapted_integer_jacobi_checks=4495
inner_rank=30 centre_dimension=1 perfect_rank=31 infinitesimal_flag_stabilizer_dimension=0 first_congruence_stabilizer_dimension=0 generated_dimension=31
H1 highest_weight=0 cocycle_dimension=0 coboundary_dimension=0 H1_dimension=0
H1 highest_weight=2 cocycle_dimension=3 coboundary_dimension=3 H1_dimension=0
H1 highest_weight=4 cocycle_dimension=5 coboundary_dimension=5 H1_dimension=0
H1 highest_weight=6 cocycle_dimension=7 coboundary_dimension=7 H1_dimension=0
unscaled_derivation_rank_mod_p=931 derivation_dimension=30
verified_pivots=100 valuation=1
verified_pivots=200 valuation=2
verified_pivots=300 valuation=2
verified_pivots=400 valuation=2
verified_pivots=500 valuation=2
verified_pivots=600 valuation=2
verified_pivots=700 valuation=2
verified_pivots=800 valuation=2
verified_pivots=900 valuation=2
smith_valuation=0 multiplicity=87
smith_valuation=1 multiplicity=55
smith_valuation=2 multiplicity=758
smith_valuation=3 multiplicity=6
smith_valuation=4 multiplicity=25
prime=1009 precision=6 modulus=1055229678769825441 derivation_rank=931 nullity=30 sum_smith_valuations=1689
candidate_quotient_depth=1689 candidate_group_order_exponent=52359 predicted_aut_order_exponent=52359
elapsed_seconds=0.454336
ALL_CHECKS_PASSED
