{
  "status": "PASS",
  "timestamp_utc": "2026-09-08T04:27:03.978265+00:00",
  "target": "137ffa9f1a340f621651395ad0236cf1bdadb51c",
  "defining_coefficient_x10": "1",
  "records": [
    {
      "input": "1",
      "input_type": "str",
      "reader_rational_value": "1",
      "emitted_TeX_row": "10 & 0 & $1$\\\\"
    },
    {
      "input": true,
      "input_type": "bool",
      "reader_rational_value": "1",
      "emitted_TeX_row": "10 & 0 & $True$\\\\"
    },
    {
      "input": "1e0",
      "input_type": "str",
      "reader_rational_value": "1",
      "emitted_TeX_row": "10 & 0 & $1e0$\\\\"
    }
  ],
  "scope": "The defining leading coefficient is independently derived; actual rendering routine is observed. Full aggregate and PDF controls belong to certificate reviewer."
}
