ℹ [2793/2882] Replayed SymmetricSector.Phase
info: ././././SymmetricSector/Phase.lean:416:0: 'SymmetricSector.Phase.isUnit_one_sub_of_abs_row_sum_lt_one' depends on axioms: [propext, Classical.choice, Quot.sound]
info: ././././SymmetricSector/Phase.lean:417:0: 'SymmetricSector.Phase.witness_eq_inverse_mulVec' depends on axioms: [propext, Classical.choice, Quot.sound]
info: ././././SymmetricSector/Phase.lean:418:0: 'SymmetricSector.Phase.inverse_entrywise_nonneg' depends on axioms: [propext, Classical.choice, Quot.sound]
info: ././././SymmetricSector/Phase.lean:419:0: 'SymmetricSector.Phase.inverse_mulVec_le_supersolution' depends on axioms: [propext, Classical.choice, Quot.sound]
info: ././././SymmetricSector/Phase.lean:420:0: 'SymmetricSector.Phase.isUnit_one_add_of_weighted_contraction' depends on axioms: [propext,
 Classical.choice,
 Quot.sound]
info: ././././SymmetricSector/Phase.lean:421:0: 'SymmetricSector.Phase.alternating_error_bound' depends on axioms: [propext, Classical.choice, Quot.sound]
info: ././././SymmetricSector/Phase.lean:422:0: 'SymmetricSector.Phase.phase_scalar_lower_bound' depends on axioms: [propext, Classical.choice, Quot.sound]
info: ././././SymmetricSector/Phase.lean:423:0: 'SymmetricSector.Phase.phase_scalar_pos' depends on axioms: [propext, Classical.choice, Quot.sound]
info: ././././SymmetricSector/Phase.lean:424:0: 'SymmetricSector.Phase.schur_good_equation' depends on axioms: [propext, Classical.choice, Quot.sound]
info: ././././SymmetricSector/Phase.lean:425:0: 'SymmetricSector.Phase.schur_scalar_identity' depends on axioms: [propext, Classical.choice, Quot.sound]
ℹ [2794/2882] Replayed SymmetricSector.RowBounds
info: ././././SymmetricSector/RowBounds.lean:194:0: 'SymmetricSector.coefficient_system_isUnit' depends on axioms: [propext, Classical.choice, Quot.sound]
⚠ [2795/2882] Replayed SymmetricSector.Small03
warning: ././././SymmetricSector/Small03.lean:38:16: Used `tac1 <;> tac2` where `(tac1; tac2)` would suffice
note: this linter can be disabled with `set_option linter.unnecessarySeqFocus false`
⚠ [6658/6661] Replayed SymmetricSector.Analytic
warning: ././././SymmetricSector/Analytic.lean:94:4: Used `tac1 <;> tac2` where `(tac1; tac2)` would suffice
note: this linter can be disabled with `set_option linter.unnecessarySeqFocus false`
info: ././././SymmetricSector/Analytic.lean:154:0: 'SymmetricSector.tailPolynomial_pos' depends on axioms: [propext, Classical.choice, Quot.sound]
info: ././././SymmetricSector/Analytic.lean:155:0: 'SymmetricSector.barrierPolynomial_pos' depends on axioms: [propext, Classical.choice, Quot.sound]
info: ././././SymmetricSector/Analytic.lean:156:0: 'SymmetricSector.barrierPolynomial_24_min' depends on axioms: [propext, Classical.choice, Quot.sound]
info: ././././SymmetricSector/Analytic.lean:157:0: 'SymmetricSector.phaseContraction_denominator_pos' depends on axioms: [propext, Classical.choice, Quot.sound]
info: ././././SymmetricSector/Analytic.lean:158:0: 'SymmetricSector.phaseEpsilon_lt_one_twentieth' depends on axioms: [propext, Classical.choice, Quot.sound]
⚠ [6660/6661] Replayed SymmetricSector.AnalyticTail
warning: ././././SymmetricSector/AnalyticTail.lean:84:4: Used `tac1 <;> tac2` where `(tac1; tac2)` would suffice
note: this linter can be disabled with `set_option linter.unnecessarySeqFocus false`
info: ././././SymmetricSector/AnalyticTail.lean:118:0: 'SymmetricSector.rational_subsolution_step' depends on axioms: [propext, Classical.choice, Quot.sound]
info: ././././SymmetricSector/AnalyticTail.lean:119:0: 'SymmetricSector.t_lower_analytic' depends on axioms: [propext, Classical.choice, Quot.sound]
info: ././././SymmetricSector/AnalyticTail.lean:120:0: 'SymmetricSector.epsilon_lt_one_twentieth' depends on axioms: [propext, Classical.choice, Quot.sound]
info: ././././SymmetricSector/AnalyticTail.lean:121:0: 'SymmetricSector.betaTerm_lt_nineteen_twentieths' depends on axioms: [propext, Classical.choice, Quot.sound]
info: ././././SymmetricSector/AnalyticTail.lean:122:0: 'SymmetricSector.analytic_phase_margin' depends on axioms: [propext, Classical.choice, Quot.sound]
✔ [6661/6661] Built SymmetricSector
Build completed successfully.
