ℹ [2793/2801] Replayed SymmetricSector.Phase
info: ././././SymmetricSector/Phase.lean:416:0: 'SymmetricSector.Phase.isUnit_one_sub_of_abs_row_sum_lt_one' depends on axioms: [propext, Classical.choice, Quot.sound]
info: ././././SymmetricSector/Phase.lean:417:0: 'SymmetricSector.Phase.witness_eq_inverse_mulVec' depends on axioms: [propext, Classical.choice, Quot.sound]
info: ././././SymmetricSector/Phase.lean:418:0: 'SymmetricSector.Phase.inverse_entrywise_nonneg' depends on axioms: [propext, Classical.choice, Quot.sound]
info: ././././SymmetricSector/Phase.lean:419:0: 'SymmetricSector.Phase.inverse_mulVec_le_supersolution' depends on axioms: [propext, Classical.choice, Quot.sound]
info: ././././SymmetricSector/Phase.lean:420:0: 'SymmetricSector.Phase.isUnit_one_add_of_weighted_contraction' depends on axioms: [propext,
 Classical.choice,
 Quot.sound]
info: ././././SymmetricSector/Phase.lean:421:0: 'SymmetricSector.Phase.alternating_error_bound' depends on axioms: [propext, Classical.choice, Quot.sound]
info: ././././SymmetricSector/Phase.lean:422:0: 'SymmetricSector.Phase.phase_scalar_lower_bound' depends on axioms: [propext, Classical.choice, Quot.sound]
info: ././././SymmetricSector/Phase.lean:423:0: 'SymmetricSector.Phase.phase_scalar_pos' depends on axioms: [propext, Classical.choice, Quot.sound]
info: ././././SymmetricSector/Phase.lean:424:0: 'SymmetricSector.Phase.schur_good_equation' depends on axioms: [propext, Classical.choice, Quot.sound]
info: ././././SymmetricSector/Phase.lean:425:0: 'SymmetricSector.Phase.schur_scalar_identity' depends on axioms: [propext, Classical.choice, Quot.sound]
ℹ [2794/2801] Replayed SymmetricSector.RowBounds
info: ././././SymmetricSector/RowBounds.lean:194:0: 'SymmetricSector.coefficient_system_isUnit' depends on axioms: [propext, Classical.choice, Quot.sound]
ℹ [2795/2801] Replayed SymmetricSector.PhaseConnection
info: ././././SymmetricSector/PhaseConnection.lean:203:0: 'SymmetricSector.phaseS_isUnit' depends on axioms: [propext, Classical.choice, Quot.sound]
info: ././././SymmetricSector/PhaseConnection.lean:204:0: 'SymmetricSector.phaseQ_isUnit' depends on axioms: [propext, Classical.choice, Quot.sound]
info: ././././SymmetricSector/PhaseConnection.lean:205:0: 'SymmetricSector.dualGood_schur' depends on axioms: [propext, Classical.choice, Quot.sound]
info: ././././SymmetricSector/PhaseConnection.lean:206:0: 'SymmetricSector.reducedScalar_eq_schur_pairing' depends on axioms: [propext, Classical.choice, Quot.sound]
info: ././././SymmetricSector/PhaseConnection.lean:207:0: 'SymmetricSector.phaseA_isUnit' depends on axioms: [propext, Classical.choice, Quot.sound]
info: ././././SymmetricSector/PhaseConnection.lean:208:0: 'SymmetricSector.reducedScalar_schur_identity' depends on axioms: [propext, Classical.choice, Quot.sound]
ℹ [2796/2801] Replayed SymmetricSector.BlockBounds
info: ././././SymmetricSector/BlockBounds.lean:125:0: 'SymmetricSector.phaseS_inverse_nonneg' depends on axioms: [propext, Classical.choice, Quot.sound]
info: ././././SymmetricSector/BlockBounds.lean:126:0: 'SymmetricSector.phaseQ_inverse_nonneg' depends on axioms: [propext, Classical.choice, Quot.sound]
info: ././././SymmetricSector/BlockBounds.lean:127:0: 'SymmetricSector.phaseA_nonneg' depends on axioms: [propext, Classical.choice, Quot.sound]
⚠ [2797/2801] Replayed SymmetricSector.BlockActions
warning: ././././SymmetricSector/BlockActions.lean:116:20: 'congr 1' tactic does nothing
note: this linter can be disabled with `set_option linter.unusedTactic false`
warning: ././././SymmetricSector/BlockActions.lean:116:29: 'congr 1' tactic does nothing
note: this linter can be disabled with `set_option linter.unusedTactic false`
warning: ././././SymmetricSector/BlockActions.lean:116:37: Used `tac1 <;> tac2` where `(tac1; tac2)` would suffice
note: this linter can be disabled with `set_option linter.unnecessarySeqFocus false`
warning: ././././SymmetricSector/BlockActions.lean:143:32: Used `tac1 <;> tac2` where `(tac1; tac2)` would suffice
note: this linter can be disabled with `set_option linter.unnecessarySeqFocus false`
warning: ././././SymmetricSector/BlockActions.lean:148:32: Used `tac1 <;> tac2` where `(tac1; tac2)` would suffice
note: this linter can be disabled with `set_option linter.unnecessarySeqFocus false`
warning: ././././SymmetricSector/BlockActions.lean:170:32: Used `tac1 <;> tac2` where `(tac1; tac2)` would suffice
note: this linter can be disabled with `set_option linter.unnecessarySeqFocus false`
info: ././././SymmetricSector/BlockActions.lean:212:0: 'SymmetricSector.phaseS_mulVec' depends on axioms: [propext, Classical.choice, Quot.sound]
info: ././././SymmetricSector/BlockActions.lean:213:0: 'SymmetricSector.phaseC_mulVec' depends on axioms: [propext, Classical.choice, Quot.sound]
info: ././././SymmetricSector/BlockActions.lean:214:0: 'SymmetricSector.phaseD_mulVec' depends on axioms: [propext, Classical.choice, Quot.sound]
info: ././././SymmetricSector/BlockActions.lean:215:0: 'SymmetricSector.phaseQ_mulVec' depends on axioms: [propext, Classical.choice, Quot.sound]
info: ././././SymmetricSector/BlockActions.lean:216:0: 'SymmetricSector.phaseQ_transpose_mulVec' depends on axioms: [propext, Classical.choice, Quot.sound]
info: ././././SymmetricSector/BlockActions.lean:217:0: 'SymmetricSector.phaseD_transpose_mulVec' depends on axioms: [propext, Classical.choice, Quot.sound]
⚠ [2798/2801] Replayed SymmetricSector.Gradients
warning: ././././SymmetricSector/Gradients.lean:112:8: 'ring' tactic does nothing
note: this linter can be disabled with `set_option linter.unusedTactic false`
warning: ././././SymmetricSector/Gradients.lean:112:8: this tactic is never executed
note: this linter can be disabled with `set_option linter.unreachableTactic false`
warning: ././././SymmetricSector/Gradients.lean:176:4: Used `tac1 <;> tac2` where `(tac1; tac2)` would suffice
note: this linter can be disabled with `set_option linter.unnecessarySeqFocus false`
info: ././././SymmetricSector/Gradients.lean:234:0: 'SymmetricSector.gradient_recurrence' depends on axioms: [propext, Classical.choice, Quot.sound]
info: ././././SymmetricSector/Gradients.lean:235:0: 'SymmetricSector.gradient_terminal' depends on axioms: [propext, Classical.choice, Quot.sound]
info: ././././SymmetricSector/Gradients.lean:236:0: 'SymmetricSector.gradient_second_order' depends on axioms: [propext, Classical.choice, Quot.sound]
info: ././././SymmetricSector/Gradients.lean:237:0: 'SymmetricSector.rank_maximum_principle' depends on axioms: [propext, Classical.choice, Quot.sound]
info: ././././SymmetricSector/Gradients.lean:238:0: 'SymmetricSector.gradient_bounds' depends on axioms: [propext, Classical.choice, Quot.sound]
info: ././././SymmetricSector/Gradients.lean:252:0: 'SymmetricSector.gradient_pos' depends on axioms: [propext, Classical.choice, Quot.sound]
⚠ [6662/6665] Replayed SymmetricSector.Analytic
warning: ././././SymmetricSector/Analytic.lean:94:4: Used `tac1 <;> tac2` where `(tac1; tac2)` would suffice
note: this linter can be disabled with `set_option linter.unnecessarySeqFocus false`
info: ././././SymmetricSector/Analytic.lean:154:0: 'SymmetricSector.tailPolynomial_pos' depends on axioms: [propext, Classical.choice, Quot.sound]
info: ././././SymmetricSector/Analytic.lean:155:0: 'SymmetricSector.barrierPolynomial_pos' depends on axioms: [propext, Classical.choice, Quot.sound]
info: ././././SymmetricSector/Analytic.lean:156:0: 'SymmetricSector.barrierPolynomial_24_min' depends on axioms: [propext, Classical.choice, Quot.sound]
info: ././././SymmetricSector/Analytic.lean:157:0: 'SymmetricSector.phaseContraction_denominator_pos' depends on axioms: [propext, Classical.choice, Quot.sound]
info: ././././SymmetricSector/Analytic.lean:158:0: 'SymmetricSector.phaseEpsilon_lt_one_twentieth' depends on axioms: [propext, Classical.choice, Quot.sound]
ℹ [6663/6665] Replayed SymmetricSector.GoodPhase
info: ././././SymmetricSector/GoodPhase.lean:97:0: 'SymmetricSector.phaseV_eq_radialVector' depends on axioms: [propext, Classical.choice, Quot.sound]
info: ././././SymmetricSector/GoodPhase.lean:98:0: 'SymmetricSector.phaseV_pos' depends on axioms: [propext, Classical.choice, Quot.sound]
⚠ [6664/6665] Replayed SymmetricSector.BadBarriers
warning: ././././SymmetricSector/BadBarriers.lean:25:2: Used `tac1 <;> tac2` where `(tac1; tac2)` would suffice
note: this linter can be disabled with `set_option linter.unnecessarySeqFocus false`
warning: ././././SymmetricSector/BadBarriers.lean:51:2: Used `tac1 <;> tac2` where `(tac1; tac2)` would suffice
note: this linter can be disabled with `set_option linter.unnecessarySeqFocus false`
warning: ././././SymmetricSector/BadBarriers.lean:165:4: Used `tac1 <;> tac2` where `(tac1; tac2)` would suffice
note: this linter can be disabled with `set_option linter.unnecessarySeqFocus false`
warning: ././././SymmetricSector/BadBarriers.lean:196:4: Used `tac1 <;> tac2` where `(tac1; tac2)` would suffice
note: this linter can be disabled with `set_option linter.unnecessarySeqFocus false`
warning: ././././SymmetricSector/BadBarriers.lean:213:2: Used `tac1 <;> tac2` where `(tac1; tac2)` would suffice
note: this linter can be disabled with `set_option linter.unnecessarySeqFocus false`
warning: ././././SymmetricSector/BadBarriers.lean:245:2: Used `tac1 <;> tac2` where `(tac1; tac2)` would suffice
note: this linter can be disabled with `set_option linter.unnecessarySeqFocus false`
info: ././././SymmetricSector/BadBarriers.lean:259:0: 'SymmetricSector.phaseWbar_supersolution' depends on axioms: [propext, Classical.choice, Quot.sound]
info: ././././SymmetricSector/BadBarriers.lean:260:0: 'SymmetricSector.phaseC_Wbar_le' depends on axioms: [propext, Classical.choice, Quot.sound]
info: ././././SymmetricSector/BadBarriers.lean:321:0: 'SymmetricSector.phaseW_le_Wbar' depends on axioms: [propext, Classical.choice, Quot.sound]
info: ././././SymmetricSector/BadBarriers.lean:322:0: 'SymmetricSector.phaseF0_bounds' depends on axioms: [propext, Classical.choice, Quot.sound]
info: ././././SymmetricSector/BadBarriers.lean:323:0: 'SymmetricSector.phaseF0_pos' depends on axioms: [propext, Classical.choice, Quot.sound]
⚠ [6665/6665] Replayed SymmetricSector.LeftDebt
warning: ././././SymmetricSector/LeftDebt.lean:73:8: Used `tac1 <;> tac2` where `(tac1; tac2)` would suffice
note: this linter can be disabled with `set_option linter.unnecessarySeqFocus false`
warning: ././././SymmetricSector/LeftDebt.lean:87:8: Used `tac1 <;> tac2` where `(tac1; tac2)` would suffice
note: this linter can be disabled with `set_option linter.unnecessarySeqFocus false`
warning: ././././SymmetricSector/LeftDebt.lean:101:2: Used `tac1 <;> tac2` where `(tac1; tac2)` would suffice
note: this linter can be disabled with `set_option linter.unnecessarySeqFocus false`
warning: ././././SymmetricSector/LeftDebt.lean:162:4: Used `tac1 <;> tac2` where `(tac1; tac2)` would suffice
note: this linter can be disabled with `set_option linter.unnecessarySeqFocus false`
warning: ././././SymmetricSector/LeftDebt.lean:191:2: Used `tac1 <;> tac2` where `(tac1; tac2)` would suffice
note: this linter can be disabled with `set_option linter.unnecessarySeqFocus false`
info: ././././SymmetricSector/LeftDebt.lean:243:0: 'SymmetricSector.leftBarrier_supersolution' depends on axioms: [propext, Classical.choice, Quot.sound]
info: ././././SymmetricSector/LeftDebt.lean:244:0: 'SymmetricSector.leftOccupation_le_barrier' depends on axioms: [propext, Classical.choice, Quot.sound]
info: ././././SymmetricSector/LeftDebt.lean:245:0: 'SymmetricSector.phaseEll_lower' depends on axioms: [propext, Classical.choice, Quot.sound]
info: ././././SymmetricSector/LeftDebt.lean:246:0: 'SymmetricSector.phaseDebt_le_printed' depends on axioms: [propext, Classical.choice, Quot.sound]
Build completed successfully.
