SymmetricSector.GeneratedMargins.cert40 :
  SymmetricSector.MarginCertificate 40 SymmetricSector.GeneratedMargins.w40 (1 / 200)
'SymmetricSector.GeneratedMargins.cert40' depends on axioms: [propext]
SymmetricSector.GeneratedMargins.cert287 :
  SymmetricSector.MarginCertificate 287 SymmetricSector.GeneratedMargins.w287 (1 / 100)
'SymmetricSector.GeneratedMargins.cert287' depends on axioms: [propext]
SymmetricSector.gridValue_le_t {N : ℕ} (hN : 3 ≤ N) {w : List ℕ} {m : ℚ}
  (cert : SymmetricSector.MarginCertificate N w m) {j : ℕ} (hj : j ≤ N - 1) :
  SymmetricSector.gridValue w j ≤ SymmetricSector.t N j
'SymmetricSector.gridValue_le_t' depends on axioms: [propext, Classical.choice, Quot.sound]
SymmetricSector.betaTerm_le_grid {N j : ℕ} (hN : 3 ≤ N) (hj : 1 ≤ j) (hjN : j ≤ N - 2) {w : List ℕ} {m : ℚ}
  (cert : SymmetricSector.MarginCertificate N w m) : SymmetricSector.betaTerm N j + SymmetricSector.epsilon N ≤ 1 - m
'SymmetricSector.betaTerm_le_grid' depends on axioms: [propext, Classical.choice, Quot.sound]
SymmetricSector.beta_add_epsilon_le_of_certificate {N : ℕ} (hN : 3 ≤ N) {w : List ℕ} {m : ℚ}
  (cert : SymmetricSector.MarginCertificate N w m) : SymmetricSector.beta N + SymmetricSector.epsilon N ≤ 1 - m
'SymmetricSector.beta_add_epsilon_le_of_certificate' depends on axioms: [propext, Classical.choice, Quot.sound]
SymmetricSector.exact_margin_40 :
  1 - SymmetricSector.beta 40 - SymmetricSector.epsilon 40 = 639304267467075678841 / 115369588296792467144716
'SymmetricSector.exact_margin_40' depends on axioms: [propext, Classical.choice, Quot.sound]
SymmetricSector.finite_phase_positive {N : ℕ} (hlo : 40 ≤ N) (hhi : N ≤ 287) :
  SymmetricSector.beta N + SymmetricSector.epsilon N < 1
'SymmetricSector.finite_phase_positive' depends on axioms: [propext, Classical.choice, Quot.sound]
SymmetricSector.finite_minimum_margin {N : ℕ} (hlo : 40 ≤ N) (hhi : N ≤ 287) :
  639304267467075678841 / 115369588296792467144716 ≤ 1 - SymmetricSector.beta N - SymmetricSector.epsilon N
'SymmetricSector.finite_minimum_margin' depends on axioms: [propext, Classical.choice, Quot.sound]
SymmetricSector.finite_minimum_margin_strict {N : ℕ} (hlo : 41 ≤ N) (hhi : N ≤ 287) :
  639304267467075678841 / 115369588296792467144716 < 1 - SymmetricSector.beta N - SymmetricSector.epsilon N
'SymmetricSector.finite_minimum_margin_strict' depends on axioms: [propext, Classical.choice, Quot.sound]
SymmetricSector.all_phase_margin (N : ℕ) (hN : 40 ≤ N) : SymmetricSector.beta N + SymmetricSector.epsilon N < 1
'SymmetricSector.all_phase_margin' depends on axioms: [propext, Classical.choice, Quot.sound]
SymmetricSector.beta_den_pos {N j : ℕ} (hN : 4 ≤ N) (hj : 1 ≤ j) (hjN : j ≤ N - 2) :
  0 < 11 / 25 * SymmetricSector.lowerEll N j * SymmetricSector.t N j
'SymmetricSector.beta_den_pos' depends on axioms: [propext, Classical.choice, Quot.sound]
SymmetricSector.lowerEll_three_one : SymmetricSector.lowerEll 3 1 = 0
'SymmetricSector.lowerEll_three_one' depends on axioms: [propext, Classical.choice, Quot.sound]
