ℹ [2794/2833] Replayed SymmetricSector.Phase
info: ././././SymmetricSector/Phase.lean:416:0: 'SymmetricSector.Phase.isUnit_one_sub_of_abs_row_sum_lt_one' depends on axioms: [propext, Classical.choice, Quot.sound]
info: ././././SymmetricSector/Phase.lean:417:0: 'SymmetricSector.Phase.witness_eq_inverse_mulVec' depends on axioms: [propext, Classical.choice, Quot.sound]
info: ././././SymmetricSector/Phase.lean:418:0: 'SymmetricSector.Phase.inverse_entrywise_nonneg' depends on axioms: [propext, Classical.choice, Quot.sound]
info: ././././SymmetricSector/Phase.lean:419:0: 'SymmetricSector.Phase.inverse_mulVec_le_supersolution' depends on axioms: [propext, Classical.choice, Quot.sound]
info: ././././SymmetricSector/Phase.lean:420:0: 'SymmetricSector.Phase.isUnit_one_add_of_weighted_contraction' depends on axioms: [propext,
 Classical.choice,
 Quot.sound]
info: ././././SymmetricSector/Phase.lean:421:0: 'SymmetricSector.Phase.alternating_error_bound' depends on axioms: [propext, Classical.choice, Quot.sound]
info: ././././SymmetricSector/Phase.lean:422:0: 'SymmetricSector.Phase.phase_scalar_lower_bound' depends on axioms: [propext, Classical.choice, Quot.sound]
info: ././././SymmetricSector/Phase.lean:423:0: 'SymmetricSector.Phase.phase_scalar_pos' depends on axioms: [propext, Classical.choice, Quot.sound]
info: ././././SymmetricSector/Phase.lean:424:0: 'SymmetricSector.Phase.schur_good_equation' depends on axioms: [propext, Classical.choice, Quot.sound]
info: ././././SymmetricSector/Phase.lean:425:0: 'SymmetricSector.Phase.schur_scalar_identity' depends on axioms: [propext, Classical.choice, Quot.sound]
ℹ [2795/2833] Replayed SymmetricSector.RowBounds
info: ././././SymmetricSector/RowBounds.lean:194:0: 'SymmetricSector.coefficient_system_isUnit' depends on axioms: [propext, Classical.choice, Quot.sound]
✔ [2797/2833] Built SymmetricSector.Small04
✔ [2798/2833] Built SymmetricSector.Small05
✔ [2799/2833] Built SymmetricSector.Small06
✔ [2800/2833] Built SymmetricSector.Small07
✔ [2801/2833] Built SymmetricSector.Small08
✔ [2802/2833] Built SymmetricSector.Small09
✔ [2803/2833] Built SymmetricSector.Small10
✔ [2804/2833] Built SymmetricSector.Small11
✔ [2805/2833] Built SymmetricSector.Small12
✔ [2806/2833] Built SymmetricSector.Small13
✔ [2807/2833] Built SymmetricSector.Small14
✔ [2808/2833] Built SymmetricSector.Small15
✔ [2809/2833] Built SymmetricSector.Small16
✔ [2810/2833] Built SymmetricSector.Small17
✔ [2811/2833] Built SymmetricSector.Small18
✔ [2812/2833] Built SymmetricSector.Small19
✔ [2813/2833] Built SymmetricSector.Small20
✔ [2814/2833] Built SymmetricSector.Small21
✔ [2815/2833] Built SymmetricSector.Small22
✔ [2816/2833] Built SymmetricSector.Small23
✔ [2817/2833] Built SymmetricSector.Small24
✔ [2818/2833] Built SymmetricSector.Small25
✔ [2819/2833] Built SymmetricSector.Small26
✔ [2820/2833] Built SymmetricSector.Small27
✔ [2821/2833] Built SymmetricSector.Small28
✔ [2822/2833] Built SymmetricSector.Small29
✔ [2823/2833] Built SymmetricSector.Small30
✔ [2824/2833] Built SymmetricSector.Small31
✔ [2825/2833] Built SymmetricSector.Small32
✔ [2826/2833] Built SymmetricSector.Small33
✔ [2827/2833] Built SymmetricSector.Small34
✔ [2828/2833] Built SymmetricSector.Small35
✔ [2829/2833] Built SymmetricSector.Small36
✔ [2830/2833] Built SymmetricSector.Small37
✔ [2831/2833] Built SymmetricSector.Small38
✔ [2832/2833] Built SymmetricSector.Small39
ℹ [2833/2833] Built SymmetricSector.SmallFinite
info: ././././SymmetricSector/SmallFinite.lean:84:0: 'SymmetricSector.finite_small_scalar_pos' depends on axioms: [propext, Classical.choice, Quot.sound]
Build completed successfully.
