ℹ [2793/2892] Replayed SymmetricSector.Phase
info: ././././SymmetricSector/Phase.lean:416:0: 'SymmetricSector.Phase.isUnit_one_sub_of_abs_row_sum_lt_one' depends on axioms: [propext, Classical.choice, Quot.sound]
info: ././././SymmetricSector/Phase.lean:417:0: 'SymmetricSector.Phase.witness_eq_inverse_mulVec' depends on axioms: [propext, Classical.choice, Quot.sound]
info: ././././SymmetricSector/Phase.lean:418:0: 'SymmetricSector.Phase.inverse_entrywise_nonneg' depends on axioms: [propext, Classical.choice, Quot.sound]
info: ././././SymmetricSector/Phase.lean:419:0: 'SymmetricSector.Phase.inverse_mulVec_le_supersolution' depends on axioms: [propext, Classical.choice, Quot.sound]
info: ././././SymmetricSector/Phase.lean:420:0: 'SymmetricSector.Phase.isUnit_one_add_of_weighted_contraction' depends on axioms: [propext,
 Classical.choice,
 Quot.sound]
info: ././././SymmetricSector/Phase.lean:421:0: 'SymmetricSector.Phase.alternating_error_bound' depends on axioms: [propext, Classical.choice, Quot.sound]
info: ././././SymmetricSector/Phase.lean:422:0: 'SymmetricSector.Phase.phase_scalar_lower_bound' depends on axioms: [propext, Classical.choice, Quot.sound]
info: ././././SymmetricSector/Phase.lean:423:0: 'SymmetricSector.Phase.phase_scalar_pos' depends on axioms: [propext, Classical.choice, Quot.sound]
info: ././././SymmetricSector/Phase.lean:424:0: 'SymmetricSector.Phase.schur_good_equation' depends on axioms: [propext, Classical.choice, Quot.sound]
info: ././././SymmetricSector/Phase.lean:425:0: 'SymmetricSector.Phase.schur_scalar_identity' depends on axioms: [propext, Classical.choice, Quot.sound]
ℹ [2794/2892] Replayed SymmetricSector.RowBounds
info: ././././SymmetricSector/RowBounds.lean:194:0: 'SymmetricSector.coefficient_system_isUnit' depends on axioms: [propext, Classical.choice, Quot.sound]
ℹ [2795/2892] Replayed SymmetricSector.PhaseConnection
info: ././././SymmetricSector/PhaseConnection.lean:203:0: 'SymmetricSector.phaseS_isUnit' depends on axioms: [propext, Classical.choice, Quot.sound]
info: ././././SymmetricSector/PhaseConnection.lean:204:0: 'SymmetricSector.phaseQ_isUnit' depends on axioms: [propext, Classical.choice, Quot.sound]
info: ././././SymmetricSector/PhaseConnection.lean:205:0: 'SymmetricSector.dualGood_schur' depends on axioms: [propext, Classical.choice, Quot.sound]
info: ././././SymmetricSector/PhaseConnection.lean:206:0: 'SymmetricSector.reducedScalar_eq_schur_pairing' depends on axioms: [propext, Classical.choice, Quot.sound]
info: ././././SymmetricSector/PhaseConnection.lean:207:0: 'SymmetricSector.phaseA_isUnit' depends on axioms: [propext, Classical.choice, Quot.sound]
info: ././././SymmetricSector/PhaseConnection.lean:208:0: 'SymmetricSector.reducedScalar_schur_identity' depends on axioms: [propext, Classical.choice, Quot.sound]
ℹ [2796/2892] Replayed SymmetricSector.BlockBounds
info: ././././SymmetricSector/BlockBounds.lean:125:0: 'SymmetricSector.phaseS_inverse_nonneg' depends on axioms: [propext, Classical.choice, Quot.sound]
info: ././././SymmetricSector/BlockBounds.lean:126:0: 'SymmetricSector.phaseQ_inverse_nonneg' depends on axioms: [propext, Classical.choice, Quot.sound]
info: ././././SymmetricSector/BlockBounds.lean:127:0: 'SymmetricSector.phaseA_nonneg' depends on axioms: [propext, Classical.choice, Quot.sound]
⚠ [2799/2892] Replayed SymmetricSector.BlockActions
warning: ././././SymmetricSector/BlockActions.lean:116:20: 'congr 1' tactic does nothing
note: this linter can be disabled with `set_option linter.unusedTactic false`
warning: ././././SymmetricSector/BlockActions.lean:116:29: 'congr 1' tactic does nothing
note: this linter can be disabled with `set_option linter.unusedTactic false`
warning: ././././SymmetricSector/BlockActions.lean:116:37: Used `tac1 <;> tac2` where `(tac1; tac2)` would suffice
note: this linter can be disabled with `set_option linter.unnecessarySeqFocus false`
warning: ././././SymmetricSector/BlockActions.lean:143:32: Used `tac1 <;> tac2` where `(tac1; tac2)` would suffice
note: this linter can be disabled with `set_option linter.unnecessarySeqFocus false`
warning: ././././SymmetricSector/BlockActions.lean:148:32: Used `tac1 <;> tac2` where `(tac1; tac2)` would suffice
note: this linter can be disabled with `set_option linter.unnecessarySeqFocus false`
warning: ././././SymmetricSector/BlockActions.lean:170:32: Used `tac1 <;> tac2` where `(tac1; tac2)` would suffice
note: this linter can be disabled with `set_option linter.unnecessarySeqFocus false`
info: ././././SymmetricSector/BlockActions.lean:212:0: 'SymmetricSector.phaseS_mulVec' depends on axioms: [propext, Classical.choice, Quot.sound]
info: ././././SymmetricSector/BlockActions.lean:213:0: 'SymmetricSector.phaseC_mulVec' depends on axioms: [propext, Classical.choice, Quot.sound]
info: ././././SymmetricSector/BlockActions.lean:214:0: 'SymmetricSector.phaseD_mulVec' depends on axioms: [propext, Classical.choice, Quot.sound]
info: ././././SymmetricSector/BlockActions.lean:215:0: 'SymmetricSector.phaseQ_mulVec' depends on axioms: [propext, Classical.choice, Quot.sound]
info: ././././SymmetricSector/BlockActions.lean:216:0: 'SymmetricSector.phaseQ_transpose_mulVec' depends on axioms: [propext, Classical.choice, Quot.sound]
info: ././././SymmetricSector/BlockActions.lean:217:0: 'SymmetricSector.phaseD_transpose_mulVec' depends on axioms: [propext, Classical.choice, Quot.sound]
ℹ [2800/2892] Replayed SymmetricSector.GoodPhase
info: ././././SymmetricSector/GoodPhase.lean:97:0: 'SymmetricSector.phaseV_eq_radialVector' depends on axioms: [propext, Classical.choice, Quot.sound]
info: ././././SymmetricSector/GoodPhase.lean:98:0: 'SymmetricSector.phaseV_pos' depends on axioms: [propext, Classical.choice, Quot.sound]
⚠ [2802/2892] Replayed SymmetricSector.Gradients
warning: ././././SymmetricSector/Gradients.lean:112:8: 'ring' tactic does nothing
note: this linter can be disabled with `set_option linter.unusedTactic false`
warning: ././././SymmetricSector/Gradients.lean:112:8: this tactic is never executed
note: this linter can be disabled with `set_option linter.unreachableTactic false`
warning: ././././SymmetricSector/Gradients.lean:176:4: Used `tac1 <;> tac2` where `(tac1; tac2)` would suffice
note: this linter can be disabled with `set_option linter.unnecessarySeqFocus false`
info: ././././SymmetricSector/Gradients.lean:234:0: 'SymmetricSector.gradient_recurrence' depends on axioms: [propext, Classical.choice, Quot.sound]
info: ././././SymmetricSector/Gradients.lean:235:0: 'SymmetricSector.gradient_terminal' depends on axioms: [propext, Classical.choice, Quot.sound]
info: ././././SymmetricSector/Gradients.lean:236:0: 'SymmetricSector.gradient_second_order' depends on axioms: [propext, Classical.choice, Quot.sound]
info: ././././SymmetricSector/Gradients.lean:237:0: 'SymmetricSector.rank_maximum_principle' depends on axioms: [propext, Classical.choice, Quot.sound]
info: ././././SymmetricSector/Gradients.lean:238:0: 'SymmetricSector.gradient_bounds' depends on axioms: [propext, Classical.choice, Quot.sound]
info: ././././SymmetricSector/Gradients.lean:252:0: 'SymmetricSector.gradient_pos' depends on axioms: [propext, Classical.choice, Quot.sound]
⚠ [6664/6971] Replayed SymmetricSector.Analytic
warning: ././././SymmetricSector/Analytic.lean:94:4: Used `tac1 <;> tac2` where `(tac1; tac2)` would suffice
note: this linter can be disabled with `set_option linter.unnecessarySeqFocus false`
info: ././././SymmetricSector/Analytic.lean:154:0: 'SymmetricSector.tailPolynomial_pos' depends on axioms: [propext, Classical.choice, Quot.sound]
info: ././././SymmetricSector/Analytic.lean:155:0: 'SymmetricSector.barrierPolynomial_pos' depends on axioms: [propext, Classical.choice, Quot.sound]
info: ././././SymmetricSector/Analytic.lean:156:0: 'SymmetricSector.barrierPolynomial_24_min' depends on axioms: [propext, Classical.choice, Quot.sound]
info: ././././SymmetricSector/Analytic.lean:157:0: 'SymmetricSector.phaseContraction_denominator_pos' depends on axioms: [propext, Classical.choice, Quot.sound]
info: ././././SymmetricSector/Analytic.lean:158:0: 'SymmetricSector.phaseEpsilon_lt_one_twentieth' depends on axioms: [propext, Classical.choice, Quot.sound]
⚠ [6665/6971] Replayed SymmetricSector.BadBarriers
warning: ././././SymmetricSector/BadBarriers.lean:25:2: Used `tac1 <;> tac2` where `(tac1; tac2)` would suffice
note: this linter can be disabled with `set_option linter.unnecessarySeqFocus false`
warning: ././././SymmetricSector/BadBarriers.lean:51:2: Used `tac1 <;> tac2` where `(tac1; tac2)` would suffice
note: this linter can be disabled with `set_option linter.unnecessarySeqFocus false`
warning: ././././SymmetricSector/BadBarriers.lean:165:4: Used `tac1 <;> tac2` where `(tac1; tac2)` would suffice
note: this linter can be disabled with `set_option linter.unnecessarySeqFocus false`
warning: ././././SymmetricSector/BadBarriers.lean:196:4: Used `tac1 <;> tac2` where `(tac1; tac2)` would suffice
note: this linter can be disabled with `set_option linter.unnecessarySeqFocus false`
warning: ././././SymmetricSector/BadBarriers.lean:213:2: Used `tac1 <;> tac2` where `(tac1; tac2)` would suffice
note: this linter can be disabled with `set_option linter.unnecessarySeqFocus false`
warning: ././././SymmetricSector/BadBarriers.lean:245:2: Used `tac1 <;> tac2` where `(tac1; tac2)` would suffice
note: this linter can be disabled with `set_option linter.unnecessarySeqFocus false`
info: ././././SymmetricSector/BadBarriers.lean:259:0: 'SymmetricSector.phaseWbar_supersolution' depends on axioms: [propext, Classical.choice, Quot.sound]
info: ././././SymmetricSector/BadBarriers.lean:260:0: 'SymmetricSector.phaseC_Wbar_le' depends on axioms: [propext, Classical.choice, Quot.sound]
info: ././././SymmetricSector/BadBarriers.lean:321:0: 'SymmetricSector.phaseW_le_Wbar' depends on axioms: [propext, Classical.choice, Quot.sound]
info: ././././SymmetricSector/BadBarriers.lean:322:0: 'SymmetricSector.phaseF0_bounds' depends on axioms: [propext, Classical.choice, Quot.sound]
info: ././././SymmetricSector/BadBarriers.lean:323:0: 'SymmetricSector.phaseF0_pos' depends on axioms: [propext, Classical.choice, Quot.sound]
⚠ [6666/6971] Replayed SymmetricSector.LeftDebt
warning: ././././SymmetricSector/LeftDebt.lean:73:8: Used `tac1 <;> tac2` where `(tac1; tac2)` would suffice
note: this linter can be disabled with `set_option linter.unnecessarySeqFocus false`
warning: ././././SymmetricSector/LeftDebt.lean:87:8: Used `tac1 <;> tac2` where `(tac1; tac2)` would suffice
note: this linter can be disabled with `set_option linter.unnecessarySeqFocus false`
warning: ././././SymmetricSector/LeftDebt.lean:101:2: Used `tac1 <;> tac2` where `(tac1; tac2)` would suffice
note: this linter can be disabled with `set_option linter.unnecessarySeqFocus false`
warning: ././././SymmetricSector/LeftDebt.lean:162:4: Used `tac1 <;> tac2` where `(tac1; tac2)` would suffice
note: this linter can be disabled with `set_option linter.unnecessarySeqFocus false`
warning: ././././SymmetricSector/LeftDebt.lean:191:2: Used `tac1 <;> tac2` where `(tac1; tac2)` would suffice
note: this linter can be disabled with `set_option linter.unnecessarySeqFocus false`
info: ././././SymmetricSector/LeftDebt.lean:243:0: 'SymmetricSector.leftBarrier_supersolution' depends on axioms: [propext, Classical.choice, Quot.sound]
info: ././././SymmetricSector/LeftDebt.lean:244:0: 'SymmetricSector.leftOccupation_le_barrier' depends on axioms: [propext, Classical.choice, Quot.sound]
info: ././././SymmetricSector/LeftDebt.lean:245:0: 'SymmetricSector.phaseEll_lower' depends on axioms: [propext, Classical.choice, Quot.sound]
info: ././././SymmetricSector/LeftDebt.lean:246:0: 'SymmetricSector.phaseDebt_le_printed' depends on axioms: [propext, Classical.choice, Quot.sound]
ℹ [6667/6971] Replayed SymmetricSector.DebtBudget
info: ././././SymmetricSector/DebtBudget.lean:49:0: 'SymmetricSector.phaseDebt_le_beta_first' depends on axioms: [propext, Classical.choice, Quot.sound]
info: ././././SymmetricSector/DebtBudget.lean:50:0: 'SymmetricSector.phase_first_pos' depends on axioms: [propext, Classical.choice, Quot.sound]
⚠ [6668/6971] Replayed SymmetricSector.Contraction
warning: ././././SymmetricSector/Contraction.lean:142:22: Used `tac1 <;> tac2` where `(tac1; tac2)` would suffice
note: this linter can be disabled with `set_option linter.unnecessarySeqFocus false`
info: ././././SymmetricSector/Contraction.lean:234:0: 'SymmetricSector.phaseHhat_supersolution' depends on axioms: [propext, Classical.choice, Quot.sound]
info: ././././SymmetricSector/Contraction.lean:235:0: 'SymmetricSector.phaseC_hhat_le' depends on axioms: [propext, Classical.choice, Quot.sound]
info: ././././SymmetricSector/Contraction.lean:236:0: 'SymmetricSector.phaseA_phaseV_le' depends on axioms: [propext, Classical.choice, Quot.sound]
⚠ [6832/6971] Replayed SymmetricSector.AnalyticTail
warning: ././././SymmetricSector/AnalyticTail.lean:84:4: Used `tac1 <;> tac2` where `(tac1; tac2)` would suffice
note: this linter can be disabled with `set_option linter.unnecessarySeqFocus false`
info: ././././SymmetricSector/AnalyticTail.lean:118:0: 'SymmetricSector.rational_subsolution_step' depends on axioms: [propext, Classical.choice, Quot.sound]
info: ././././SymmetricSector/AnalyticTail.lean:119:0: 'SymmetricSector.t_lower_analytic' depends on axioms: [propext, Classical.choice, Quot.sound]
info: ././././SymmetricSector/AnalyticTail.lean:120:0: 'SymmetricSector.epsilon_lt_one_twentieth' depends on axioms: [propext, Classical.choice, Quot.sound]
info: ././././SymmetricSector/AnalyticTail.lean:121:0: 'SymmetricSector.betaTerm_lt_nineteen_twentieths' depends on axioms: [propext, Classical.choice, Quot.sound]
info: ././././SymmetricSector/AnalyticTail.lean:122:0: 'SymmetricSector.analytic_phase_margin' depends on axioms: [propext, Classical.choice, Quot.sound]
ℹ [6870/6971] Replayed SymmetricSector.SmallFinite
info: ././././SymmetricSector/SmallFinite.lean:84:0: 'SymmetricSector.finite_small_scalar_pos' depends on axioms: [propext, Classical.choice, Quot.sound]
ℹ [6871/6971] Replayed SymmetricSector.Active
info: ././././SymmetricSector/Active.lean:466:0: 'SymmetricSector.Active.kernel_affine' depends on axioms: [propext, Classical.choice, Quot.sound]
info: ././././SymmetricSector/Active.lean:467:0: 'SymmetricSector.Active.symmetricBalanced_three_eq_zero' depends on axioms: [propext, Classical.choice, Quot.sound]
info: ././././SymmetricSector/Active.lean:468:0: 'SymmetricSector.Active.R2_symmetricBalanced_three' depends on axioms: [propext, Classical.choice, Quot.sound]
⚠ [6873/6971] Replayed SymmetricSector.Incoming
warning: ././././SymmetricSector/Incoming.lean:254:44: Used `tac1 <;> tac2` where `(tac1; tac2)` would suffice
note: this linter can be disabled with `set_option linter.unnecessarySeqFocus false`
info: ././././SymmetricSector/Incoming.lean:297:0: 'SymmetricSector.Active.incoming_rank_kernel' depends on axioms: [propext, Classical.choice, Quot.sound]
info: ././././SymmetricSector/Incoming.lean:298:0: 'SymmetricSector.Active.nu0_stationary' depends on axioms: [propext, Classical.choice, Quot.sound]
info: ././././SymmetricSector/Incoming.lean:299:0: 'SymmetricSector.Active.nu0_perturbation' depends on axioms: [propext, Classical.choice, Quot.sound]
warning: ././././SymmetricSector/Incoming.lean:373:30: Used `tac1 <;> tac2` where `(tac1; tac2)` would suffice
note: this linter can be disabled with `set_option linter.unnecessarySeqFocus false`
info: ././././SymmetricSector/Incoming.lean:375:0: 'SymmetricSector.Active.nu0_sum' depends on axioms: [propext, Classical.choice, Quot.sound]
warning: ././././SymmetricSector/Incoming.lean:388:2: try 'simp' instead of 'simpa'
note: this linter can be disabled with `set_option linter.unnecessarySimpa false`
info: ././././SymmetricSector/Incoming.lean:463:0: 'SymmetricSector.Active.nu0_perturbation_feature_orbits' depends on axioms: [propext, Classical.choice, Quot.sound]
info: ././././SymmetricSector/Incoming.lean:518:0: 'SymmetricSector.Active.nu0_feature_zero' depends on axioms: [propext, Classical.choice, Quot.sound]
ℹ [6875/6971] Replayed SymmetricSector.ActiveInverse
info: ././././SymmetricSector/ActiveInverse.lean:180:0: 'SymmetricSector.Active.K0_row_sum' depends on axioms: [propext, Classical.choice, Quot.sound]
info: ././././SymmetricSector/ActiveInverse.lean:181:0: 'SymmetricSector.Active.K0_continue_pos' depends on axioms: [propext, Classical.choice, Quot.sound]
info: ././././SymmetricSector/ActiveInverse.lean:182:0: 'SymmetricSector.Active.K0_stop_pos' depends on axioms: [propext, Classical.choice, Quot.sound]
info: ././././SymmetricSector/ActiveInverse.lean:183:0: 'SymmetricSector.Active.constant_of_positive_moves' depends on axioms: [propext, Classical.choice, Quot.sound]
info: ././././SymmetricSector/ActiveInverse.lean:200:0: 'SymmetricSector.Active.K0_harmonic_constant' depends on axioms: [propext, Classical.choice, Quot.sound]
info: ././././SymmetricSector/ActiveInverse.lean:214:0: 'SymmetricSector.Active.centeredMatrix_isUnit' depends on axioms: [propext, Classical.choice, Quot.sound]
info: ././././SymmetricSector/ActiveInverse.lean:215:0: 'SymmetricSector.Active.centeredMatrix_det_isUnit' depends on axioms: [propext, Classical.choice, Quot.sound]
⚠ [6876/6971] Replayed SymmetricSector.PhysicalBridge
warning: ././././SymmetricSector/PhysicalBridge.lean:119:4: try 'simp' instead of 'simpa'
note: this linter can be disabled with `set_option linter.unnecessarySimpa false`
warning: ././././SymmetricSector/PhysicalBridge.lean:215:6: 'change _ = _' tactic does nothing
note: this linter can be disabled with `set_option linter.unusedTactic false`
warning: ././././SymmetricSector/PhysicalBridge.lean:228:2: 'change _ = _' tactic does nothing
note: this linter can be disabled with `set_option linter.unusedTactic false`
info: ././././SymmetricSector/PhysicalBridge.lean:279:0: 'SymmetricSector.Active.feature_sample_complete' depends on axioms: [propext, Classical.choice, Quot.sound]
info: ././././SymmetricSector/PhysicalBridge.lean:280:0: 'SymmetricSector.Active.K0_feature' depends on axioms: [propext, Classical.choice, Quot.sound]
info: ././././SymmetricSector/PhysicalBridge.lean:281:0: 'SymmetricSector.Active.rankPotential_poisson' depends on axioms: [propext, Classical.choice, Quot.sound]
info: ././././SymmetricSector/PhysicalBridge.lean:282:0: 'SymmetricSector.Active.perturbation_rankPotential' depends on axioms: [propext, Classical.choice, Quot.sound]
info: ././././SymmetricSector/PhysicalBridge.lean:356:0: 'SymmetricSector.Active.center_eq_c₀' depends on axioms: [propext, Classical.choice, Quot.sound]
info: ././././SymmetricSector/PhysicalBridge.lean:357:0: 'SymmetricSector.Active.green_q' depends on axioms: [propext, Classical.choice, Quot.sound]
info: ././././SymmetricSector/PhysicalBridge.lean:358:0: 'SymmetricSector.Active.perturbation_green_q' depends on axioms: [propext, Classical.choice, Quot.sound]
⚠ [6877/6971] Replayed SymmetricSector.ChannelFeatures
warning: ././././SymmetricSector/ChannelFeatures.lean:20:20: 'congr 1' tactic does nothing
note: this linter can be disabled with `set_option linter.unusedTactic false`
warning: ././././SymmetricSector/ChannelFeatures.lean:20:29: 'congr 1' tactic does nothing
note: this linter can be disabled with `set_option linter.unusedTactic false`
warning: ././././SymmetricSector/ChannelFeatures.lean:20:37: Used `tac1 <;> tac2` where `(tac1; tac2)` would suffice
note: this linter can be disabled with `set_option linter.unnecessarySeqFocus false`
warning: ././././SymmetricSector/ChannelFeatures.lean:39:20: 'congr 1' tactic does nothing
note: this linter can be disabled with `set_option linter.unusedTactic false`
warning: ././././SymmetricSector/ChannelFeatures.lean:39:29: 'congr 1' tactic does nothing
note: this linter can be disabled with `set_option linter.unusedTactic false`
warning: ././././SymmetricSector/ChannelFeatures.lean:39:37: Used `tac1 <;> tac2` where `(tac1; tac2)` would suffice
note: this linter can be disabled with `set_option linter.unnecessarySeqFocus false`
info: ././././SymmetricSector/ChannelFeatures.lean:115:6: Try this: ring_nf
warning: ././././SymmetricSector/ChannelFeatures.lean:115:2: Used `tac1 <;> tac2` where `(tac1; tac2)` would suffice
note: this linter can be disabled with `set_option linter.unnecessarySeqFocus false`
info: ././././SymmetricSector/ChannelFeatures.lean:236:0: 'SymmetricSector.Active.featureCoeffA_coefficientK' depends on axioms: [propext, Classical.choice, Quot.sound]
info: ././././SymmetricSector/ChannelFeatures.lean:237:0: 'SymmetricSector.Active.featureCoeffB_coefficientK' depends on axioms: [propext, Classical.choice, Quot.sound]
info: ././././SymmetricSector/ChannelFeatures.lean:238:0: 'SymmetricSector.Active.K0_coefficientFeature' depends on axioms: [propext, Classical.choice, Quot.sound]
info: ././././SymmetricSector/ChannelFeatures.lean:239:0: 'SymmetricSector.Active.coefficientFeature_source' depends on axioms: [propext, Classical.choice, Quot.sound]
info: ././././SymmetricSector/ChannelFeatures.lean:240:0: 'SymmetricSector.Active.coefficientFeature_poisson' depends on axioms: [propext, Classical.choice, Quot.sound]
ℹ [6878/6971] Replayed SymmetricSector.Reward
info: ././././SymmetricSector/Reward.lean:43:0: 'SymmetricSector.Active.nu0_perturbation_feature' depends on axioms: [propext, Classical.choice, Quot.sound]
info: ././././SymmetricSector/Reward.lean:83:0: 'SymmetricSector.Active.nu0_perturbation_coeff_feature' depends on axioms: [propext, Classical.choice, Quot.sound]
info: ././././SymmetricSector/Reward.lean:84:0: 'SymmetricSector.Active.frobeniusSq_pos' depends on axioms: [propext, Classical.choice, Quot.sound]
ℹ [6879/6971] Replayed SymmetricSector.PhysicalIdentity
info: ././././SymmetricSector/PhysicalIdentity.lean:57:0: 'SymmetricSector.Active.coefficientFeature_reward' depends on axioms: [propext, Classical.choice, Quot.sound]
info: ././././SymmetricSector/PhysicalIdentity.lean:58:0: 'SymmetricSector.Active.green_perturbation_green_q' depends on axioms: [propext, Classical.choice, Quot.sound]
info: ././././SymmetricSector/PhysicalIdentity.lean:59:0: 'SymmetricSector.Active.R2_eq_frobeniusSq_mul_reducedScalar' depends on axioms: [propext, Classical.choice, Quot.sound]
⚠ [6969/6971] Replayed SymmetricSector.AllOrder
warning: ././././SymmetricSector/AllOrder.lean:23:42: Used `tac1 <;> tac2` where `(tac1; tac2)` would suffice
note: this linter can be disabled with `set_option linter.unnecessarySeqFocus false`
warning: ././././SymmetricSector/AllOrder.lean:23:61: Used `tac1 <;> tac2` where `(tac1; tac2)` would suffice
note: this linter can be disabled with `set_option linter.unnecessarySeqFocus false`
info: ././././SymmetricSector/AllOrder.lean:40:0: 'SymmetricSector.reducedScalar_pos_of_forty' depends on axioms: [propext, Classical.choice, Quot.sound]
info: ././././SymmetricSector/AllOrder.lean:41:0: 'SymmetricSector.reducedScalar_pos' depends on axioms: [propext, Classical.choice, Quot.sound]
ℹ [6971/6971] Built SymmetricSector.PhysicalChecks
info: ././././SymmetricSector/PhysicalChecks.lean:29:0: 'SymmetricSector.Active.R2_four_normalization' depends on axioms: [propext, Classical.choice, Quot.sound]
info: ././././SymmetricSector/PhysicalChecks.lean:30:0: 'SymmetricSector.Active.R2_five_normalization' depends on axioms: [propext, Classical.choice, Quot.sound]
Build completed successfully.
