[ok] field basis product verify_exact
[ok] field basis product verify_exact
[ok] field basis product verify_exact
[ok] field basis product verify_exact
[ok] field basis product verify_exact
[ok] field basis product verify_exact
[ok] field basis product verify_exact
[ok] field basis product verify_exact
[ok] field basis product verify_exact
[ok] field basis product verify_exact
[ok] field basis product verify_exact
[ok] field basis product verify_exact
[ok] field basis product verify_exact
[ok] field basis product verify_exact
[ok] field basis product verify_exact
[ok] field basis product verify_exact
[ok] field basis product verify_exact
[ok] field basis product verify_exact
[ok] field basis product verify_exact
[ok] field basis product verify_exact
[ok] field basis product verify_exact
[ok] field basis product verify_exact
[ok] field basis product verify_exact
[ok] field basis product verify_exact
[ok] field basis product verify_exact
[ok] field basis product verify_exact
[ok] field basis product verify_exact
[ok] field basis product verify_exact
[ok] field basis product verify_exact
[ok] field basis product verify_exact
[ok] field basis product verify_exact
[ok] field basis product verify_exact
[ok] field basis product verify_exact
[ok] field basis product verify_exact
[ok] field basis product verify_exact
[ok] field basis product verify_exact
[ok] field basis product verify_exact
[ok] field basis product verify_exact
[ok] field basis product verify_exact
[ok] field basis product verify_exact
[ok] field basis product verify_exact
[ok] field basis product verify_exact
[ok] field basis product verify_exact
[ok] field basis product verify_exact
[ok] field basis product verify_exact
[ok] field basis product verify_exact
[ok] field basis product verify_exact
[ok] field basis product verify_exact
[ok] field basis product verify_exact
[ok] field basis product verify_exact
[ok] field basis product verify_exact
[ok] field basis product verify_exact
[ok] field basis product verify_exact
[ok] field basis product verify_exact
[ok] field basis product verify_exact
[ok] field basis product verify_exact
[ok] field basis product verify_exact
[ok] field basis product verify_exact
[ok] field basis product verify_exact
[ok] field basis product verify_exact
[ok] field basis product verify_exact
[ok] field basis product verify_exact
[ok] field basis product verify_exact
[ok] field basis product verify_exact
[ok] field conjugation verify_exact
[ok] field nonzero basis verify_exact
[ok] field conjugation verify_exact
[ok] field nonzero basis verify_exact
[ok] field conjugation verify_exact
[ok] field nonzero basis verify_exact
[ok] field conjugation verify_exact
[ok] field nonzero basis verify_exact
[ok] field conjugation verify_exact
[ok] field nonzero basis verify_exact
[ok] field conjugation verify_exact
[ok] field nonzero basis verify_exact
[ok] field conjugation verify_exact
[ok] field nonzero basis verify_exact
[ok] field conjugation verify_exact
[ok] field nonzero basis verify_exact
[ok] field zero verify_exact
[ok] distinct exact field basis verify_exact
[ok] rational linear-combination multiplication verify_exact
[ok] cancellation verify_exact
[ok] field basis product verify_concurrent_equivalence
[ok] field basis product verify_concurrent_equivalence
[ok] field basis product verify_concurrent_equivalence
[ok] field basis product verify_concurrent_equivalence
[ok] field basis product verify_concurrent_equivalence
[ok] field basis product verify_concurrent_equivalence
[ok] field basis product verify_concurrent_equivalence
[ok] field basis product verify_concurrent_equivalence
[ok] field basis product verify_concurrent_equivalence
[ok] field basis product verify_concurrent_equivalence
[ok] field basis product verify_concurrent_equivalence
[ok] field basis product verify_concurrent_equivalence
[ok] field basis product verify_concurrent_equivalence
[ok] field basis product verify_concurrent_equivalence
[ok] field basis product verify_concurrent_equivalence
[ok] field basis product verify_concurrent_equivalence
[ok] field basis product verify_concurrent_equivalence
[ok] field basis product verify_concurrent_equivalence
[ok] field basis product verify_concurrent_equivalence
[ok] field basis product verify_concurrent_equivalence
[ok] field basis product verify_concurrent_equivalence
[ok] field basis product verify_concurrent_equivalence
[ok] field basis product verify_concurrent_equivalence
[ok] field basis product verify_concurrent_equivalence
[ok] field basis product verify_concurrent_equivalence
[ok] field basis product verify_concurrent_equivalence
[ok] field basis product verify_concurrent_equivalence
[ok] field basis product verify_concurrent_equivalence
[ok] field basis product verify_concurrent_equivalence
[ok] field basis product verify_concurrent_equivalence
[ok] field basis product verify_concurrent_equivalence
[ok] field basis product verify_concurrent_equivalence
[ok] field basis product verify_concurrent_equivalence
[ok] field basis product verify_concurrent_equivalence
[ok] field basis product verify_concurrent_equivalence
[ok] field basis product verify_concurrent_equivalence
[ok] field basis product verify_concurrent_equivalence
[ok] field basis product verify_concurrent_equivalence
[ok] field basis product verify_concurrent_equivalence
[ok] field basis product verify_concurrent_equivalence
[ok] field basis product verify_concurrent_equivalence
[ok] field basis product verify_concurrent_equivalence
[ok] field basis product verify_concurrent_equivalence
[ok] field basis product verify_concurrent_equivalence
[ok] field basis product verify_concurrent_equivalence
[ok] field basis product verify_concurrent_equivalence
[ok] field basis product verify_concurrent_equivalence
[ok] field basis product verify_concurrent_equivalence
[ok] field basis product verify_concurrent_equivalence
[ok] field basis product verify_concurrent_equivalence
[ok] field basis product verify_concurrent_equivalence
[ok] field basis product verify_concurrent_equivalence
[ok] field basis product verify_concurrent_equivalence
[ok] field basis product verify_concurrent_equivalence
[ok] field basis product verify_concurrent_equivalence
[ok] field basis product verify_concurrent_equivalence
[ok] field basis product verify_concurrent_equivalence
[ok] field basis product verify_concurrent_equivalence
[ok] field basis product verify_concurrent_equivalence
[ok] field basis product verify_concurrent_equivalence
[ok] field basis product verify_concurrent_equivalence
[ok] field basis product verify_concurrent_equivalence
[ok] field basis product verify_concurrent_equivalence
[ok] field basis product verify_concurrent_equivalence
[ok] field conjugation verify_concurrent_equivalence
[ok] field nonzero basis verify_concurrent_equivalence
[ok] field conjugation verify_concurrent_equivalence
[ok] field nonzero basis verify_concurrent_equivalence
[ok] field conjugation verify_concurrent_equivalence
[ok] field nonzero basis verify_concurrent_equivalence
[ok] field conjugation verify_concurrent_equivalence
[ok] field nonzero basis verify_concurrent_equivalence
[ok] field conjugation verify_concurrent_equivalence
[ok] field nonzero basis verify_concurrent_equivalence
[ok] field conjugation verify_concurrent_equivalence
[ok] field nonzero basis verify_concurrent_equivalence
[ok] field conjugation verify_concurrent_equivalence
[ok] field nonzero basis verify_concurrent_equivalence
[ok] field conjugation verify_concurrent_equivalence
[ok] field nonzero basis verify_concurrent_equivalence
[ok] field zero verify_concurrent_equivalence
[ok] distinct exact field basis verify_concurrent_equivalence
[ok] rational linear-combination multiplication verify_concurrent_equivalence
[ok] cancellation verify_concurrent_equivalence
[ok] real Pauli multiplication II
[ok] real Pauli multiplication IX
[ok] real Pauli multiplication XI
[ok] real Pauli multiplication IZ
[ok] real Pauli multiplication ZI
[ok] real Pauli multiplication IJ
[ok] real Pauli multiplication JI
[ok] real Pauli multiplication XX
[ok] real Pauli multiplication ZZ
[ok] real Pauli multiplication JJ
[ok] real Pauli multiplication XZ
[ok] real Pauli multiplication ZX
[ok] real Pauli multiplication XJ
[ok] real Pauli multiplication JX
[ok] real Pauli multiplication JZ
[ok] real Pauli multiplication ZJ
[ok] complex Pauli multiplication II
[ok] complex Pauli multiplication IX
[ok] complex Pauli multiplication IY
[ok] complex Pauli multiplication IZ
[ok] complex Pauli multiplication XI
[ok] complex Pauli multiplication YI
[ok] complex Pauli multiplication ZI
[ok] complex Pauli multiplication XX
[ok] complex Pauli multiplication YY
[ok] complex Pauli multiplication ZZ
[ok] complex Pauli multiplication XY
[ok] complex Pauli multiplication YX
[ok] complex Pauli multiplication YZ
[ok] complex Pauli multiplication ZY
[ok] complex Pauli multiplication ZX
[ok] complex Pauli multiplication XZ
[ok] quarter-turn conjugation IIFalse
[ok] quarter-turn conjugation IITrue
[ok] quarter-turn conjugation IXFalse
[ok] quarter-turn conjugation IXTrue
[ok] quarter-turn conjugation IYFalse
[ok] quarter-turn conjugation IYTrue
[ok] quarter-turn conjugation IZFalse
[ok] quarter-turn conjugation IZTrue
[ok] quarter-turn conjugation XIFalse
[ok] quarter-turn conjugation XITrue
[ok] quarter-turn conjugation XXFalse
[ok] quarter-turn conjugation XXTrue
[ok] quarter-turn conjugation XYFalse
[ok] quarter-turn conjugation XYTrue
[ok] quarter-turn conjugation XZFalse
[ok] quarter-turn conjugation XZTrue
[ok] quarter-turn conjugation YIFalse
[ok] quarter-turn conjugation YITrue
[ok] quarter-turn conjugation YXFalse
[ok] quarter-turn conjugation YXTrue
[ok] quarter-turn conjugation YYFalse
[ok] quarter-turn conjugation YYTrue
[ok] quarter-turn conjugation YZFalse
[ok] quarter-turn conjugation YZTrue
[ok] quarter-turn conjugation ZIFalse
[ok] quarter-turn conjugation ZITrue
[ok] quarter-turn conjugation ZXFalse
[ok] quarter-turn conjugation ZXTrue
[ok] quarter-turn conjugation ZYFalse
[ok] quarter-turn conjugation ZYTrue
[ok] quarter-turn conjugation ZZFalse
[ok] quarter-turn conjugation ZZTrue
[ok] literal Pauli R agrees with dense five-word R
[ok] literal Pauli R inverse agrees with dense R inverse
[ok] verify_exact.py has no binary float/complex literals
[ok] verify_tensor_words.py has no binary float/complex literals
[ok] verify_supplied.py has no binary float/complex literals
[ok] verify_concurrent_equivalence.py has no binary float/complex literals
[ok] verify_braid_link.py has no binary float/complex literals
[ok] source ZIP CRC checks
[ok] source ZIP has no duplicate member paths
[ok] source ZIP is exactly manifest allowlist plus manifest
[ok] archive member hash SHA256SUMS
[ok] archive member hash .python-version
[ok] archive member hash CHANGELOG_v1.2.0.md
[ok] archive member hash CITATION.cff
[ok] archive member hash CONCURRENT_WORK_AND_CHRONOLOGY_v1.2.0.md
[ok] archive member hash CORRECTION_AUDIT_v1.1.3.md
[ok] archive member hash GLOBAL_BRAID_SOURCE_AUDIT_v1.2.0.md
[ok] archive member hash GLOBAL_STRENGTHENING_ADJUDICATION_v1.2.0.md
[ok] archive member hash HIGHLIGHTS.txt
[ok] archive member hash LICENSE
[ok] archive member hash LICENSE-CODE.txt
[ok] archive member hash LICENSE-MANUSCRIPT.txt
[ok] archive member hash MANIFEST.md
[ok] archive member hash PRIORITY_AUDIT.md
[ok] archive member hash README.md
[ok] archive member hash RELEASE_NOTES_v1.1.0.md
[ok] archive member hash RELEASE_NOTES_v1.1.1.md
[ok] archive member hash RELEASE_NOTES_v1.1.2.md
[ok] archive member hash RELEASE_NOTES_v1.1.3.md
[ok] archive member hash RELEASE_NOTES_v1.2.0.md
[ok] archive member hash RESEARCH_LOG.md
[ok] archive member hash REVIEW_ADJUDICATION_v1.1.2.md
[ok] archive member hash REVISION_AUDIT.md
[ok] archive member hash SECTION9_HARDENING_ADJUDICATION_v1.2.0.md
[ok] archive member hash SOURCE_SNAPSHOT.md
[ok] archive member hash TOPOLOGICAL_NORMALIZATION_AUDIT_v1.2.0.md
[ok] archive member hash VERIFICATION_ENVIRONMENT.md
[ok] archive member hash braid_link_output.txt
[ok] archive member hash build_paper.sh
[ok] archive member hash concurrent_equivalence_output.txt
[ok] archive member hash main.tex
[ok] archive member hash output/pdf/exceptional_ybe_d4.pdf
[ok] archive member hash package_submission.py
[ok] archive member hash requirements.txt
[ok] archive member hash run_all.sh
[ok] archive member hash test_failure_modes.py
[ok] archive member hash verification_output.txt
[ok] archive member hash verify_braid_link.py
[ok] archive member hash verify_checksums.py
[ok] archive member hash verify_concurrent_equivalence.py
[ok] archive member hash verify_exact.py
[ok] archive member hash verify_supplied.py
[ok] archive member hash verify_supplied_original.py
[ok] archive member hash verify_tensor_words.py
[ok] arXiv ZIP contains only main.tex
[ok] arXiv main.tex agrees byte-for-byte
[ok] submission hash exceptional-ybe-d4-v1.2.0.pdf
[ok] submission hash exceptional-ybe-d4-v1.2.0-source.zip
[ok] submission hash exceptional-ybe-d4-v1.2.0-arxiv.zip
[ok] isolated unchanged-release package rebuild
[ok] deterministic rebuilt artifact exceptional-ybe-d4-v1.2.0-source.zip
[ok] deterministic rebuilt artifact exceptional-ybe-d4-v1.2.0.pdf
[ok] deterministic rebuilt artifact exceptional-ybe-d4-v1.2.0-arxiv.zip
[ok] deterministic rebuilt artifact SHA256SUMS
[ok] deterministic rebuilt artifact ARXIV_SHA256SUMS
All review-only reproducibility checks passed at 2026-09-26T04:52:05.207698+00:00
