.python-version: OK
CHANGELOG_v1.2.0.md: OK
CITATION.cff: OK
CONCURRENT_WORK_AND_CHRONOLOGY_v1.2.0.md: OK
CORRECTION_AUDIT_v1.1.3.md: OK
GLOBAL_BRAID_SOURCE_AUDIT_v1.2.0.md: OK
GLOBAL_STRENGTHENING_ADJUDICATION_v1.2.0.md: OK
HIGHLIGHTS.txt: OK
LICENSE: OK
LICENSE-CODE.txt: OK
LICENSE-MANUSCRIPT.txt: OK
MANIFEST.md: OK
PRIORITY_AUDIT.md: OK
README.md: OK
RELEASE_NOTES_v1.1.0.md: OK
RELEASE_NOTES_v1.1.1.md: OK
RELEASE_NOTES_v1.1.2.md: OK
RELEASE_NOTES_v1.1.3.md: OK
RELEASE_NOTES_v1.2.0.md: OK
RESEARCH_LOG.md: OK
REVIEW_ADJUDICATION_v1.1.2.md: OK
REVISION_AUDIT.md: OK
SECTION9_HARDENING_ADJUDICATION_v1.2.0.md: OK
SOURCE_SNAPSHOT.md: OK
TOPOLOGICAL_NORMALIZATION_AUDIT_v1.2.0.md: OK
VERIFICATION_ENVIRONMENT.md: OK
braid_link_output.txt: OK
build_paper.sh: OK
concurrent_equivalence_output.txt: OK
main.tex: OK
output/pdf/exceptional_ybe_d4.pdf: OK
package_submission.py: OK
requirements.txt: OK
run_all.sh: OK
test_failure_modes.py: OK
verification_output.txt: OK
verify_braid_link.py: OK
verify_checksums.py: OK
verify_concurrent_equivalence.py: OK
verify_exact.py: OK
verify_supplied.py: OK
verify_supplied_original.py: OK
verify_tensor_words.py: OK
Verified 43 package-local SHA-256 digests.
created submission/exceptional-ybe-d4-v1.2.0.pdf
created submission/exceptional-ybe-d4-v1.2.0-source.zip
created submission/exceptional-ybe-d4-v1.2.0-arxiv.zip
created submission/SHA256SUMS
created submission/ARXIV_SHA256SUMS
