test_braid_link_garside_word_mutation_fails (__main__.FailureModeTests.test_braid_link_garside_word_mutation_fails) ... ok
test_braid_link_homflypt_sign_mutation_fails (__main__.FailureModeTests.test_braid_link_homflypt_sign_mutation_fails) ... ok
test_braid_link_kappa_replacement_fails (__main__.FailureModeTests.test_braid_link_kappa_replacement_fails) ... ok
test_braid_link_quarter_turn_order_mutation_fails (__main__.FailureModeTests.test_braid_link_quarter_turn_order_mutation_fails) ... ok
test_braid_link_reversal_index_mutation_fails (__main__.FailureModeTests.test_braid_link_reversal_index_mutation_fails) ... ok
test_braid_link_standard_frame_witness_sign_mutation_fails (__main__.FailureModeTests.test_braid_link_standard_frame_witness_sign_mutation_fails) ... ok
test_braid_link_wrong_writhe_factor_fails (__main__.FailureModeTests.test_braid_link_wrong_writhe_factor_fails) ... ok
test_checksum_verifier_rejects_malformed_unsafe_and_mismatched_entries (__main__.FailureModeTests.test_checksum_verifier_rejects_malformed_unsafe_and_mismatched_entries) ... ok
test_concurrent_minus_i_omission_fails (__main__.FailureModeTests.test_concurrent_minus_i_omission_fails) ... ok
test_concurrent_site_swap_omission_fails (__main__.FailureModeTests.test_concurrent_site_swap_omission_fails) ... ok
test_concurrent_tensor_placement_mutation_fails (__main__.FailureModeTests.test_concurrent_tensor_placement_mutation_fails) ... ok
test_concurrent_unitary_sign_mutation_fails (__main__.FailureModeTests.test_concurrent_unitary_sign_mutation_fails) ... ok
test_concurrent_zeta_conjugation_fails (__main__.FailureModeTests.test_concurrent_zeta_conjugation_fails) ... ok
test_exact_common_block_swap_mutation_fails (__main__.FailureModeTests.test_exact_common_block_swap_mutation_fails) ... ok
test_exact_common_matrix_sign_mutation_fails (__main__.FailureModeTests.test_exact_common_matrix_sign_mutation_fails) ... ok
test_exact_common_zeta_conjugation_mutation_fails (__main__.FailureModeTests.test_exact_common_zeta_conjugation_mutation_fails) ... ok
test_exact_obstruction_norm_mutation_fails (__main__.FailureModeTests.test_exact_obstruction_norm_mutation_fails) ... ok
test_exact_q_conjugation_mutation_fails (__main__.FailureModeTests.test_exact_q_conjugation_mutation_fails) ... ok
test_exact_witness_coefficient_mutation_fails (__main__.FailureModeTests.test_exact_witness_coefficient_mutation_fails) ... ok
test_generic_converse_branches_are_exercised (__main__.FailureModeTests.test_generic_converse_branches_are_exercised) ... ok
test_supported_paths_reject_optimized_python (__main__.FailureModeTests.test_supported_paths_reject_optimized_python) ... ok
test_supported_verifiers_have_no_assert_statements (__main__.FailureModeTests.test_supported_verifiers_have_no_assert_statements) ... ok
test_sympy_beta_sign_mutation_fails (__main__.FailureModeTests.test_sympy_beta_sign_mutation_fails) ... ok
test_sympy_q_conjugation_mutation_fails (__main__.FailureModeTests.test_sympy_q_conjugation_mutation_fails) ... ok
test_sympy_witness_coefficient_mutation_fails (__main__.FailureModeTests.test_sympy_witness_coefficient_mutation_fails) ... ok
test_tensor_multiplication_mutation_fails (__main__.FailureModeTests.test_tensor_multiplication_mutation_fails) ... ok

----------------------------------------------------------------------
Ran 26 tests in 155.158s

OK
