{
  "passed": true,
  "arithmetic": "fractions.Fraction only",
  "lean_kernel_checked": false,
  "gram_shape": [
    12,
    12
  ],
  "positive_ldl_pivots": 12,
  "exact_ldl_entry_equalities": 144,
  "exact_unreversed_word_coefficients": 50,
  "weighted_square_expansion": "passed",
  "all_three_auxiliary_support_pairs": "exact algebra passed",
  "certified_rational_bound": "289/10",
  "rational_sqrt2_lower": "707/500",
  "witness_margin_lower_bound": "1/50",
  "paper_U_minus_bound_lower_bound": "1621/125000",
  "scope": "A finite universal noncommutative identity with positive rational square weights; the state, qubit PVM support, and Born-rule bridges are separate mathematical proofs.",
  "rejected_corrupted_certificates": 5,
  "certificate_sha256": "2dd1ecf2e51447fb765da64a80593389319616ef9adcf13eb47be44e57621bdd",
  "checker_sha256": "d2a264f785415f1e246a385486f0b9c9725a94c39f22565527a4386e06f7b531"
}
