{
  "status": "passed",
  "lean_kernel_checked": false,
  "arithmetic": "fraction-free integer Bareiss elimination",
  "ldl_factors_used_to_compute_determinants": false,
  "positive_leading_principal_minors": [
    5127,
    8561514,
    14708674207,
    395923632520,
    317938046777,
    331213725184,
    139091716422844,
    73212467673772676,
    1777124200780697392,
    44864434554956614060,
    26211598440355917568,
    29164077512661700532
  ],
  "independent_ldl_pivot_comparisons": 12,
  "small_algorithm_regressions": 4,
  "certificate_sha256": "2dd1ecf2e51447fb765da64a80593389319616ef9adcf13eb47be44e57621bdd",
  "checker_sha256": "f4b04a25321874c9d730139139ce3927e019eedd3d0abdd43bba964d14d14b4a",
  "scope": "Gram positivity only; sos_checks.py checks the separate word identity."
}
