{
  "Q_F_Poincare": [
    1,
    23,
    167,
    385
  ],
  "Q_H_Poincare": [
    1,
    59,
    1079,
    6061
  ],
  "pure_chi": [
    -240,
    -5040
  ],
  "G_chi": [
    "-5/12",
    "-7/10"
  ],
  "G_common_index_ratio": "42/25",
  "torsion_free_G_indices": [
    252,
    150
  ],
  "K_indices": [
    12,
    60
  ],
  "K_chi": [
    -5,
    -42
  ],
  "K_common_indices": [
    42,
    5
  ],
  "common_top_L2_for_s_1": 210,
  "basis_cycle_order": 15,
  "scope": "Arithmetic conditional on credited group and arrangement theorems; no full resolution."
}
F4 {'index': 12, 'weights': [1, 1, 0, 0], 'c0': 12, 'c1': 48, 'c2': 84, 'rank_d1_Q': 11, 'rank_d2_Q': 34, 'b1_Q': 3, 'd1_d2_zero': True}
H4 {'index': 60, 'weights': [1, 1, 1, 1], 'c0': 60, 'c1': 240, 'c2': 420, 'rank_d1_Q': 59, 'rank_d2_Q': 181, 'b1_Q': 0, 'd1_d2_zero': True}
{
  "A5_elements": [
    [
      0,
      1,
      2,
      3,
      4
    ],
    [
      1,
      2,
      3,
      4,
      0
    ],
    [
      0,
      2,
      1,
      4,
      3
    ],
    [
      2,
      1,
      0,
      4,
      3
    ]
  ],
  "degree": 300,
  "relative_degree_in_K_H": 5,
  "connected": true,
  "relators_close": true,
  "boundary_squared_zero": true,
  "field_prime": 101,
  "rank_d2_mod_p": 901,
  "rank_d1": 299,
  "b1_Q_upper_bound": 0,
  "b1_Q_exact": 0,
  "scope": "One explicitly specified cover only; no exhaustive index-five subgroup classification."
}
{
  "F4": {
    "assignments_tested": 1296,
    "image_order_counts": {
      "1": 1,
      "2": 9,
      "3": 8,
      "6": 12
    },
    "surjection_witness": [
      [
        0,
        1,
        2
      ],
      [
        0,
        1,
        2
      ],
      [
        0,
        2,
        1
      ],
      [
        1,
        0,
        2
      ]
    ]
  },
  "H4": {
    "assignments_tested": 1296,
    "image_order_counts": {
      "1": 1,
      "2": 3,
      "3": 2
    },
    "surjection_witness": null
  }
}
{
  "all_author_checks_passed": true,
  "scripts": 4,
  "s3_assignments_total": 2592,
  "rational_cover_betti": [
    3,
    0
  ],
  "degree_300_cover_b1_Q": 0,
  "full_problem_resolved": false,
  "independent_audit": "pending"
}
