{
  "candidate_sha256": "bef5e07176455fca6f8bc49b8d5ab20e755053e15e788fa213f2f03ce93f5646",
  "euid": 1000,
  "mathematical_results": {
    "block_hilbert": [
      1,
      20,
      175,
      980,
      4116
    ],
    "block_minimum_uniqueness_gap": 1,
    "candidate_rational_comparisons": 125,
    "exchange_polynomial": "zero by independent recursive Laplace expansion",
    "hex_hilbert": [
      1,
      20,
      174,
      968,
      4040
    ],
    "hex_minimum_uniqueness_gap": 2,
    "intersection_dimension": 8,
    "max_image_midpoint": [
      "3/2",
      "1/2",
      "1/2",
      "1/2",
      "1",
      "3/2",
      "1/2",
      "3/2",
      "2"
    ],
    "ranks": [
      10,
      10,
      10,
      10,
      10,
      10,
      10
    ],
    "rectangle_GT_binary_patterns": 20,
    "scope": "Independent checks of five existing partial results, not a global solution",
    "semistandard_tableau_dimensions": [
      1,
      20,
      175,
      980,
      4116
    ],
    "stacked_rank": 12,
    "status": "PASS",
    "target_relation_difference": [
      0,
      0,
      1,
      -1,
      0,
      0,
      0,
      0,
      -1,
      1,
      0,
      0,
      0,
      0,
      0,
      0,
      0,
      0
    ],
    "unique_inverse": [
      "-1/2",
      "1/2",
      "1/2",
      "1/2",
      "1",
      "3/2",
      "1/2",
      "3/2",
      "2"
    ],
    "universal_chamber_coefficient_identities": 12
  },
  "optimization": 1,
  "problem_id": 30005082,
  "schema": 1,
  "scope": "Fresh independent finite exact controls; no global solution",
  "script_sha256": "24629c1075be4b8fbb777d8ede737d229f43a51f4dbce87b3e843a9e38dfb6a2",
  "status": "PASS",
  "uid": 1000
}
