{
  "euid": 1000,
  "mathematical_results": {
    "B0_B1_stacked_rank": 12,
    "adjacent_prime_cones_need_common_dimension": 9,
    "arxiv_v2_formula_left_coordinate": 1,
    "arxiv_v2_formula_right_coordinate": 0,
    "block_coherence_cases": 140,
    "block_hilbert_degrees_0_to_4": [
      1,
      20,
      175,
      980,
      4116
    ],
    "block_ranks": [
      10,
      10,
      10,
      10,
      10,
      10,
      10
    ],
    "corrected_formula_exact_rational_samples": 2401,
    "hexagonal_hilbert_degrees_0_to_4": [
      1,
      20,
      174,
      968,
      4040
    ],
    "max_image_midpoint": [
      "3/2",
      "1/2",
      "1/2",
      "1/2",
      "1",
      "3/2",
      "1/2",
      "3/2",
      "2"
    ],
    "nonconvexity_Plucker_labels": [
      "145",
      "356"
    ],
    "rectangle_coordinate_order": [
      [
        1,
        1
      ],
      [
        1,
        2
      ],
      [
        1,
        3
      ],
      [
        2,
        1
      ],
      [
        2,
        2
      ],
      [
        2,
        3
      ],
      [
        3,
        1
      ],
      [
        3,
        2
      ],
      [
        3,
        3
      ]
    ],
    "rejected_false_controls": 3,
    "scope": "Exact finite controls and counterexamples; not a proof of the global characterization",
    "source_label_relation": [
      "134+245",
      "145+234"
    ],
    "source_relation_equal": true,
    "span_intersection_dimension": 8,
    "square_exchange_symbolic_polynomial_identity": true,
    "status": "PASS",
    "target_relation_equal": false,
    "unique_max_preimage": [
      "-1/2",
      "1/2",
      "1/2",
      "1/2",
      "1",
      "3/2",
      "1/2",
      "3/2",
      "2"
    ]
  },
  "optimization": 2,
  "problem_id": 30005082,
  "schema": 1,
  "scope": "Fresh finite exact controls supporting five partial results; global target unfinished",
  "script_sha256": "bef5e07176455fca6f8bc49b8d5ab20e755053e15e788fa213f2f03ce93f5646",
  "status": "PASS",
  "uid": 1000
}
