{
  "euid": 1000,
  "mutation_count": 10,
  "mutations": [
    {
      "actual_permission_denials": [
        {
          "denied": true,
          "errno": 13,
          "operation": "create"
        },
        {
          "denied": true,
          "errno": 13,
          "operation": "append"
        }
      ],
      "command": [
        "python",
        "-I",
        "-S",
        "-B",
        "run_independent.py",
        "--candidate",
        "mutant_max_replaced_with_min.py"
      ],
      "exit_code": 1,
      "expected_reason": "candidate tropical maps",
      "mutant_bytes": 7837,
      "mutant_sha256": "6862544857bbd40a721bd65d136d686694e8b80f4017a763014d9af87c2e5eb9",
      "mutation": "max_replaced_with_min",
      "stderr": "",
      "stdout": "{\"error_type\": \"AuditFailure\", \"reason\": \"candidate tropical maps\", \"status\": \"FAIL\"}\n"
    },
    {
      "actual_permission_denials": [
        {
          "denied": true,
          "errno": 13,
          "operation": "create"
        },
        {
          "denied": true,
          "errno": 13,
          "operation": "append"
        }
      ],
      "command": [
        "python",
        "-I",
        "-S",
        "-B",
        "run_independent.py",
        "--candidate",
        "mutant_drop_factor_negation.py"
      ],
      "exit_code": 1,
      "expected_reason": "candidate factor signs",
      "mutant_bytes": 7811,
      "mutant_sha256": "48d7567f8f8b6b0c7bf723518944a95244c7dabe533af7127bbdd69802bf6a16",
      "mutation": "drop_factor_negation",
      "stderr": "",
      "stdout": "{\"error_type\": \"AuditFailure\", \"reason\": \"candidate factor signs\", \"status\": \"FAIL\"}\n"
    },
    {
      "actual_permission_denials": [
        {
          "denied": true,
          "errno": 13,
          "operation": "create"
        },
        {
          "denied": true,
          "errno": 13,
          "operation": "append"
        }
      ],
      "command": [
        "python",
        "-I",
        "-S",
        "-B",
        "run_independent.py",
        "--candidate",
        "mutant_reverse_direction_sign.py"
      ],
      "exit_code": 1,
      "expected_reason": "candidate factor signs",
      "mutant_bytes": 7837,
      "mutant_sha256": "524706b58a16b977464f25db34b1ba69a6126a2f24ffac06fea5cf20e14dbf23",
      "mutation": "reverse_direction_sign",
      "stderr": "",
      "stdout": "{\"error_type\": \"AuditFailure\", \"reason\": \"candidate factor signs\", \"status\": \"FAIL\"}\n"
    },
    {
      "actual_permission_denials": [
        {
          "denied": true,
          "errno": 13,
          "operation": "create"
        },
        {
          "denied": true,
          "errno": 13,
          "operation": "append"
        }
      ],
      "command": [
        "python",
        "-I",
        "-S",
        "-B",
        "run_independent.py",
        "--candidate",
        "mutant_remove_difference_factor.py"
      ],
      "exit_code": 1,
      "expected_reason": "candidate difference factor",
      "mutant_bytes": 7827,
      "mutant_sha256": "ab926e6dbd5d34949a3e704bffd4a1fc14b099ac9eb5728ef4fc2fd370a64435",
      "mutation": "remove_difference_factor",
      "stderr": "",
      "stdout": "{\"error_type\": \"AuditFailure\", \"reason\": \"candidate difference factor\", \"status\": \"FAIL\"}\n"
    },
    {
      "actual_permission_denials": [
        {
          "denied": true,
          "errno": 13,
          "operation": "create"
        },
        {
          "denied": true,
          "errno": 13,
          "operation": "append"
        }
      ],
      "command": [
        "python",
        "-I",
        "-S",
        "-B",
        "run_independent.py",
        "--candidate",
        "mutant_swap_wrong_cardinality.py"
      ],
      "exit_code": 1,
      "expected_reason": "candidate block exponents",
      "mutant_bytes": 7837,
      "mutant_sha256": "4fab7a32eaac35b44827d9af7f544866d25b18407ec15149973b0956f151cba8",
      "mutation": "swap_wrong_cardinality",
      "stderr": "",
      "stdout": "{\"error_type\": \"AuditFailure\", \"reason\": \"candidate block exponents\", \"status\": \"FAIL\"}\n"
    },
    {
      "actual_permission_denials": [
        {
          "denied": true,
          "errno": 13,
          "operation": "create"
        },
        {
          "denied": true,
          "errno": 13,
          "operation": "append"
        }
      ],
      "command": [
        "python",
        "-I",
        "-S",
        "-B",
        "run_independent.py",
        "--candidate",
        "mutant_misorient_diagonals.py"
      ],
      "exit_code": 1,
      "expected_reason": "candidate rectangle rule",
      "mutant_bytes": 7837,
      "mutant_sha256": "0385ba5111ca0923d4992afdfda9ff5cc5f4058631cd3bfad49d98e9368dbeff",
      "mutation": "misorient_diagonals",
      "stderr": "",
      "stdout": "{\"error_type\": \"AuditFailure\", \"reason\": \"candidate rectangle rule\", \"status\": \"FAIL\"}\n"
    },
    {
      "actual_permission_denials": [
        {
          "denied": true,
          "errno": 13,
          "operation": "create"
        },
        {
          "denied": true,
          "errno": 13,
          "operation": "append"
        }
      ],
      "command": [
        "python",
        "-I",
        "-S",
        "-B",
        "run_independent.py",
        "--candidate",
        "mutant_miscount_semigroup.py"
      ],
      "exit_code": 1,
      "expected_reason": "candidate Hilbert",
      "mutant_bytes": 7839,
      "mutant_sha256": "f0649c91e650bbee37c8503c36d1996a76aca72ff51bea34034b60e9ee63a028",
      "mutation": "miscount_semigroup",
      "stderr": "",
      "stdout": "{\"error_type\": \"AuditFailure\", \"reason\": \"candidate Hilbert\", \"status\": \"FAIL\"}\n"
    },
    {
      "actual_permission_denials": [
        {
          "denied": true,
          "errno": 13,
          "operation": "create"
        },
        {
          "denied": true,
          "errno": 13,
          "operation": "append"
        }
      ],
      "command": [
        "python",
        "-I",
        "-S",
        "-B",
        "run_independent.py",
        "--candidate",
        "mutant_lower_all_nonzero_ranks.py"
      ],
      "exit_code": 1,
      "expected_reason": "candidate block ranks",
      "mutant_bytes": 7846,
      "mutant_sha256": "06a67feeb9f30ad4a86751be1e319d783d13667b8405589ada50087808fc28f6",
      "mutation": "lower_all_nonzero_ranks",
      "stderr": "",
      "stdout": "{\"error_type\": \"AuditFailure\", \"reason\": \"candidate block ranks\", \"status\": \"FAIL\"}\n"
    },
    {
      "actual_permission_denials": [
        {
          "denied": true,
          "errno": 13,
          "operation": "create"
        },
        {
          "denied": true,
          "errno": 13,
          "operation": "append"
        }
      ],
      "command": [
        "python",
        "-I",
        "-S",
        "-B",
        "run_independent.py",
        "--candidate",
        "mutant_incorrect_exchange_sign.py"
      ],
      "exit_code": 1,
      "expected_reason": "Square exchange polynomial identity failed",
      "mutant_bytes": 7838,
      "mutant_sha256": "46a1f0b13ce0e102fb5592cd0f9409f2e47458a55c2241b1710221912f811a9f",
      "mutation": "incorrect_exchange_sign",
      "stderr": "",
      "stdout": "{\"error_type\": \"CheckFailure\", \"reason\": \"Square exchange polynomial identity failed\", \"status\": \"FAIL\"}\n"
    },
    {
      "actual_permission_denials": [
        {
          "denied": true,
          "errno": 13,
          "operation": "create"
        },
        {
          "denied": true,
          "errno": 13,
          "operation": "append"
        }
      ],
      "command": [
        "python",
        "-I",
        "-S",
        "-B",
        "run_independent.py",
        "--candidate",
        "mutant_choose_maximum_determinant.py"
      ],
      "exit_code": 1,
      "expected_reason": "candidate coherent minima",
      "mutant_bytes": 7838,
      "mutant_sha256": "6ff79183dfa3c13c945fb2b7da02574766907714dcd0a43cf1a56b0cbeb7ef5b",
      "mutation": "choose_maximum_determinant",
      "stderr": "",
      "stdout": "{\"error_type\": \"AuditFailure\", \"reason\": \"candidate coherent minima\", \"status\": \"FAIL\"}\n"
    }
  ],
  "optimization": 0,
  "originals_unchanged": true,
  "problem_id": 30005082,
  "schema": 1,
  "scope": "Actual code mutation guards, not stale-hash failures or a global proof",
  "source_sha256": "bef5e07176455fca6f8bc49b8d5ab20e755053e15e788fa213f2f03ce93f5646",
  "status": "PASS",
  "uid": 1000
}
