A5_2 {"vertices": 15, "colors": [1, 2, 3, 5], "stabilizer_size": 8, "group_order": 120, "nodes": 11, "seconds": 0.016, "all_stabilizer_automorphisms_extend": true}
A6_2 {"vertices": 45, "colors": [1, 2, 3, 4, 5], "stabilizer_size": 32, "group_order": 1440, "nodes": 61, "seconds": 0.778, "all_stabilizer_automorphisms_extend": true}
PSL2_7 {"vertices": 21, "colors": [1, 2, 3, 4], "stabilizer_size": 16, "group_order": 336, "nodes": 29, "seconds": 0.071, "all_stabilizer_automorphisms_extend": true}
PSL2_11 {"vertices": 55, "colors": [1, 2, 3, 5, 6], "stabilizer_size": 24, "group_order": 1320, "nodes": 43, "seconds": 0.763, "all_stabilizer_automorphisms_extend": true}
A7_2 {"vertices": 105, "colors": [1, 2, 3, 4, 5, 6], "stabilizer_size": 48, "group_order": 5040, "nodes": 87, "seconds": 6.24, "all_stabilizer_automorphisms_extend": true}
A8_4 {"vertices": 105, "colors": [1, 2, 3, 4], "stabilizer_size": 384, "group_order": 40320, "nodes": 709, "seconds": 44.321, "all_stabilizer_automorphisms_extend": true}
A5_2 {'vertices': 15, 'commuting_vertices': 3, 'raw_fiber_sizes': {4: 3}, 'refinement_rounds': 0, 'stable_cell_sizes': {4: 3}, 'two_point_criterion_pass': False}
A6_2 {'vertices': 45, 'commuting_vertices': 5, 'raw_fiber_sizes': {4: 8, 2: 4}, 'refinement_rounds': 0, 'stable_cell_sizes': {4: 8, 2: 4}, 'two_point_criterion_pass': False}
PSL2_7 {'vertices': 21, 'commuting_vertices': 5, 'raw_fiber_sizes': {2: 8}, 'refinement_rounds': 0, 'stable_cell_sizes': {2: 8}, 'two_point_criterion_pass': True}
PSL2_11 {'vertices': 55, 'commuting_vertices': 7, 'raw_fiber_sizes': {2: 24}, 'refinement_rounds': 0, 'stable_cell_sizes': {2: 24}, 'two_point_criterion_pass': True}
A7_2 {'vertices': 105, 'commuting_vertices': 9, 'raw_fiber_sizes': {2: 42, 6: 2}, 'refinement_rounds': 1, 'stable_cell_sizes': {2: 48}, 'two_point_criterion_pass': True}
A8_4 {'vertices': 105, 'commuting_vertices': 25, 'raw_fiber_sizes': {2: 40}, 'refinement_rounds': 0, 'stable_cell_sizes': {2: 40}, 'two_point_criterion_pass': True}
8 {'degree': 8, 'class_size': 210, 'commuting_vertices': 18, 'signature_fiber_sizes': {2: 96}, 'all_noncommuting_fibers_are_conjugate_pairs': True, 'seconds': 0.006}
9 {'degree': 9, 'class_size': 378, 'commuting_vertices': 38, 'signature_fiber_sizes': {2: 170}, 'all_noncommuting_fibers_are_conjugate_pairs': True, 'seconds': 0.022}
10 {'degree': 10, 'class_size': 630, 'commuting_vertices': 78, 'signature_fiber_sizes': {2: 276}, 'all_noncommuting_fibers_are_conjugate_pairs': True, 'seconds': 0.081}
11 {'degree': 11, 'class_size': 990, 'commuting_vertices': 150, 'signature_fiber_sizes': {2: 420}, 'all_noncommuting_fibers_are_conjugate_pairs': True, 'seconds': 0.25}
12 {'degree': 12, 'class_size': 1485, 'commuting_vertices': 269, 'signature_fiber_sizes': {2: 608}, 'all_noncommuting_fibers_are_conjugate_pairs': True, 'seconds': 0.716}
9 {'vertices': 945, 'commuting': 25, 'fiber_sizes': {2: 68, 4: 196}, 'two_point_criterion_pass': False}
10 {'vertices': 4725, 'commuting': 53, 'fiber_sizes': {2: 272, 4: 1032}, 'two_point_criterion_pass': False}
{"q": 2, "dimension": 4, "vertices": 15, "colors": [1, 2, 3], "all_pair_order_and_hyperplane_tests_pass": true}
{"q": 2, "dimension": 6, "vertices": 63, "colors": [1, 2, 3], "all_pair_order_and_hyperplane_tests_pass": true}
{"q": 4, "dimension": 2, "vertices": 15, "colors": [1, 2, 3, 5], "all_pair_order_and_hyperplane_tests_pass": true, "full_colored_graph": {"vertices": 15, "colors": [1, 2, 3, 5], "stabilizer_size": 8, "group_order": 120, "nodes": 11, "seconds": 0.012, "all_stabilizer_automorphisms_extend": true}}
{"q": 8, "dimension": 2, "vertices": 63, "colors": [1, 2, 3, 7, 9], "all_pair_order_and_hyperplane_tests_pass": true, "full_colored_graph": {"vertices": 63, "colors": [1, 2, 3, 7, 9], "stabilizer_size": 24, "group_order": 1512, "nodes": 28, "seconds": 0.509, "all_stabilizer_automorphisms_extend": true}}
{"all_positive_checks_pass": true, "commuting_only_negative_control_rejected": true, "new_proof_attempts": 5, "full_problem_resolved": false, "formal_proof_assistant_certificate": false}
