[
  {
    "canonical_class_count": 536,
    "core": "theta0",
    "repair_index": 0,
    "source_index": 0,
    "source_rank": 13
  },
  {
    "canonical_class_count": 747,
    "core": "theta0",
    "repair_index": 1,
    "source_index": 1,
    "source_rank": 14
  },
  {
    "canonical_class_count": 276,
    "core": "theta1",
    "repair_index": 0,
    "source_index": 2,
    "source_rank": 14
  },
  {
    "canonical_class_count": 276,
    "core": "theta1",
    "repair_index": 1,
    "source_index": 3,
    "source_rank": 14
  },
  {
    "canonical_class_count": 64,
    "core": "theta3",
    "repair_index": 0,
    "source_index": 4,
    "source_rank": 15
  },
  {
    "canonical_class_count": 32,
    "core": "theta3",
    "repair_index": 1,
    "source_index": 5,
    "source_rank": 16
  }
]
