{"core_member_bytes": 159918762, "core_member_count": 595, "core_member_modes_checked": true, "package_builder_commit": "738b662aa9c4e6201277f60b249afd4de9bcd9d6", "payload_bytes": 160624411, "payload_file_count": 624, "proof_source_commit": "738b662aa9c4e6201277f60b249afd4de9bcd9d6", "seal_scope": {"compressed_archive_container_checked": false, "delivered_payload_bytes_and_modes": true, "excluded_runtime_roots": [".venv", "review_runs"], "inner_manifest_checks_declared_members": true}, "status": "PASS"}
K3P_REFEREE_PACKAGE_INTEGRITY_PASS
{"command": "cut_topology_graph_regeneration", "elapsed_seconds": 282.7102952920832, "status": "PASS"}
{"command": "cut_topology_graph_compare", "elapsed_seconds": 0.3861054580193013, "status": "PASS"}
{"command": "cut_topology_graph_mutations", "elapsed_seconds": 1.0926327081397176, "status": "PASS"}
{"command": "cut_single_minor_search", "elapsed_seconds": 42.55884004198015, "status": "PASS"}
{"command": "cut_signed_pair_build", "elapsed_seconds": 0.5659913329873234, "status": "PASS"}
{"command": "cut_signed_pair_verify", "elapsed_seconds": 0.5675704581663013, "status": "PASS"}
{"command": "cut_signed_pair_mutations", "elapsed_seconds": 14.219197875121608, "status": "PASS"}
{"command": "cut_record39_audit", "elapsed_seconds": 0.6220795421395451, "status": "PASS"}
{"command": "cut_cyclic_build", "elapsed_seconds": 14.76484924997203, "status": "PASS"}
{"command": "cut_cyclic_verify", "elapsed_seconds": 13.907017542049289, "status": "PASS"}
{"command": "cut_cyclic_verify_optimized", "elapsed_seconds": 14.246042000129819, "status": "PASS"}
{"command": "cut_cyclic_manifest", "elapsed_seconds": 0.048388333059847355, "status": "PASS"}
{"command": "cut_record43_audit", "elapsed_seconds": 0.6184149580076337, "status": "PASS"}
{"command": "cut_record60_audit", "elapsed_seconds": 0.5623204170260578, "status": "PASS"}
{"command": "cut_final_build", "elapsed_seconds": 1.7954979999922216, "status": "PASS"}
{"command": "cut_final_verify", "elapsed_seconds": 1.7028197918552905, "status": "PASS"}
{"command": "cut_final_mutations", "elapsed_seconds": 45.504810417070985, "status": "PASS"}
{"command": "cut_k3p_directed_inclusion_evidence_build", "elapsed_seconds": 0.09022450004704297, "status": "PASS"}
{"command": "cut_global_transfer_build", "elapsed_seconds": 0.08919358300045133, "status": "PASS"}
{"command": "cut_global_transfer_verify", "elapsed_seconds": 0.6846190830692649, "status": "PASS"}
{"command": "cut_global_transfer_verify_optimized", "elapsed_seconds": 0.6777860410511494, "status": "PASS"}
{"command": "cut_global_transfer_adversarial", "elapsed_seconds": 0.504131417023018, "status": "PASS"}
{"command": "cut_global_transfer_adversarial_mutations", "elapsed_seconds": 10.274435291998088, "status": "PASS"}
{"command": "cut_global_transfer_adversarial_manifest_check", "elapsed_seconds": 0.49479374988004565, "status": "PASS"}
{"command": "cut_global_transfer_release", "elapsed_seconds": 0.09028295800089836, "status": "PASS"}
{"command": "cut_global_transfer_release_optimized", "elapsed_seconds": 0.08720341697335243, "status": "PASS"}
{"command": "cut_global_transfer_manifest", "elapsed_seconds": 0.048041417030617595, "status": "PASS"}
{"command": "tree_sunlet_literal_v2_build", "elapsed_seconds": 0.09027770790271461, "status": "PASS"}
{"command": "tree_sunlet_literal_v2_verify", "elapsed_seconds": 0.09015083406120539, "status": "PASS"}
{"command": "tree_sunlet_literal_v2_mutations", "elapsed_seconds": 0.2627530419267714, "status": "PASS"}
{"command": "four_port_full_universe_producer", "elapsed_seconds": 764.2780042910017, "status": "PASS"}
{"command": "non_four_anchor_universe_producer", "elapsed_seconds": 178.92336716712452, "status": "PASS"}
{"command": "restoration_full_producer", "elapsed_seconds": 603.5288305841386, "status": "PASS"}
{"command": "restoration_independent_replay", "elapsed_seconds": 75.66240120818838, "status": "PASS"}
{"command": "restoration_mutations", "elapsed_seconds": 36.38701087492518, "status": "PASS"}
{"command": "restoration_report_portability", "elapsed_seconds": 0.04862570809200406, "status": "PASS"}
{"command": "four_port_full_universe_structure_compare", "elapsed_seconds": 2.175716541009024, "status": "PASS"}
{"command": "four_port_full_universe_mutations", "elapsed_seconds": 25.860442334087566, "status": "PASS"}
{"command": "probe_hour_scale_producer", "elapsed_seconds": 2842.7430541671347, "status": "PASS"}
{"command": "probe_independent_replay", "elapsed_seconds": 16.69436416705139, "status": "PASS"}
{"command": "probe_full_semantic_replay", "elapsed_seconds": 369.945356459124, "status": "PASS"}
{"command": "probe_mutations", "elapsed_seconds": 180.9049532909412, "status": "PASS"}
{"command": "probe_manifest_seal", "elapsed_seconds": 0.20784933306276798, "status": "PASS"}
{"command": "sharpness_krawczyk_producer", "elapsed_seconds": 10.311704624909908, "status": "PASS"}
{"command": "sharpness_topology_alln_producer", "elapsed_seconds": 20.954100750153884, "status": "PASS"}
{"command": "sharpness_build", "elapsed_seconds": 0.1502710001077503, "status": "PASS"}
{"command": "sharpness_adversarial", "elapsed_seconds": 11.669320875080302, "status": "PASS"}
{"command": "global_infrastructure_build", "elapsed_seconds": 0.14328829105943441, "status": "PASS"}
{"command": "global_infrastructure_verify", "elapsed_seconds": 0.325582625111565, "status": "PASS"}
{"command": "global_infrastructure_mutations", "elapsed_seconds": 3.088536415947601, "status": "PASS"}
{"command": "clean_room_hardened_adversarial", "elapsed_seconds": 5.105373875005171, "status": "PASS"}
{"command": "primary_rebind", "elapsed_seconds": 37.23591162497178, "status": "PASS"}
{"command": "release_inputs", "elapsed_seconds": 0.20686420914717019, "status": "PASS"}
{"command": "integrated_fresh_independent_replay", "elapsed_seconds": 2997.874639790971, "status": "PASS"}
{"command": "integrated_classification_mutations", "elapsed_seconds": 14.731246166164055, "status": "PASS"}
K3P_REFEREE_ACTIVE_VERIFIERS_FAIL: ('unexpected workspace drift', {'added': [], 'removed': [], 'changed': [{'path': 'bridge_fibre/primary_exact_evidence.json', 'before': {'mode': '0644', 'type': 'file', 'bytes': 1198, 'sha256': 'a7d3fcda3b36ff915c9190bae0b70feef9e546b131095742b81b5bceecf9fe2c'}, 'after': {'mode': '0600', 'type': 'file', 'bytes': 1198, 'sha256': 'a7d3fcda3b36ff915c9190bae0b70feef9e546b131095742b81b5bceecf9fe2c'}}, {'path': 'cut_recovery/strong_crossbridge/topology_regeneration/CUT_TOPOLOGY_REGENERATION_REPORT.json', 'before': {'mode': '0644', 'type': 'file', 'bytes': 1670, 'sha256': '1e281437881cec0e1e44ed22be8376e1e22148d3bcb0a469afb872bb1515610f'}, 'after': {'mode': '0600', 'type': 'file', 'bytes': 1670, 'sha256': '1e281437881cec0e1e44ed22be8376e1e22148d3bcb0a469afb872bb1515610f'}}, {'path': 'four_port_atlas/primary_exact_evidence.json', 'before': {'mode': '0644', 'type': 'file', 'bytes': 55379, 'sha256': 'f4e02c74e4b4f9fbb063b13da65033a46ef45f2eecaad2b9efc1895b63afadab'}, 'after': {'mode': '0600', 'type': 'file', 'bytes': 55379, 'sha256': 'f4e02c74e4b4f9fbb063b13da65033a46ef45f2eecaad2b9efc1895b63afadab'}}, {'path': 'marginals/primary_exact_evidence.json', 'before': {'mode': '0644', 'type': 'file', 'bytes': 275, 'sha256': '48aa7e475be8b2d81e4c283d6446dbdef5533af2c190e92cb2dc0c7f743b0516'}, 'after': {'mode': '0600', 'type': 'file', 'bytes': 275, 'sha256': '48aa7e475be8b2d81e4c283d6446dbdef5533af2c190e92cb2dc0c7f743b0516'}}, {'path': 'model_domain/primary_exact_evidence.json', 'before': {'mode': '0644', 'type': 'file', 'bytes': 6780, 'sha256': 'ac21e4f795537f251377411841d670c1bad4ce06a69ed24f596252c11cb7afb6'}, 'after': {'mode': '0600', 'type': 'file', 'bytes': 6780, 'sha256': 'ac21e4f795537f251377411841d670c1bad4ce06a69ed24f596252c11cb7afb6'}}, {'path': 'reproducibility/primary_gate_report.json', 'before': {'mode': '0644', 'type': 'file', 'bytes': 34557, 'sha256': '0e0155ef77a88cd846faaaf555e68f715c61f824048907b9df5568e4a43b7842'}, 'after': {'mode': '0600', 'type': 'file', 'bytes': 34557, 'sha256': '0e0155ef77a88cd846faaaf555e68f715c61f824048907b9df5568e4a43b7842'}}, {'path': 'reproducibility/strong_class_cut_transfer_gate_report.json', 'before': {'mode': '0644', 'type': 'file', 'bytes': 3686, 'sha256': 'f2a47ffa1e1c589de06e17d0bad0ade6df0c2617049241bf8b6b2485dcaf2582'}, 'after': {'mode': '0600', 'type': 'file', 'bytes': 3686, 'sha256': 'f2a47ffa1e1c589de06e17d0bad0ade6df0c2617049241bf8b6b2485dcaf2582'}}, {'path': 'three_port/primary_exact_evidence.json', 'before': {'mode': '0644', 'type': 'file', 'bytes': 7069, 'sha256': '152e7fa25d3c81fc7c27e46e93dbb6ee11e1c96be570d5fe7a6b61eae2cc513d'}, 'after': {'mode': '0600', 'type': 'file', 'bytes': 7069, 'sha256': '152e7fa25d3c81fc7c27e46e93dbb6ee11e1c96be570d5fe7a6b61eae2cc513d'}}, {'path': 'topology/primary_cherry_evidence.json', 'before': {'mode': '0644', 'type': 'file', 'bytes': 582, 'sha256': '66858f72cfc7d14e097c1e9dacfdbedaa57307d3e9abd63f26239e9e637a450d'}, 'after': {'mode': '0600', 'type': 'file', 'bytes': 582, 'sha256': '66858f72cfc7d14e097c1e9dacfdbedaa57307d3e9abd63f26239e9e637a450d'}}, {'path': 'topology/primary_double_theta_evidence.json', 'before': {'mode': '0644', 'type': 'file', 'bytes': 886, 'sha256': '1b08b2ae0c8f8746b32e1dc6857e378aac5cd5a7f4f6489c6cc867c7770512a0'}, 'after': {'mode': '0600', 'type': 'file', 'bytes': 886, 'sha256': '1b08b2ae0c8f8746b32e1dc6857e378aac5cd5a7f4f6489c6cc867c7770512a0'}}, {'path': 'topology/primary_rooting_census_evidence.json', 'before': {'mode': '0644', 'type': 'file', 'bytes': 1402, 'sha256': '413c6777e8fcea2d3fec4fa94e0d64022419db23f13e797a00db209e25ba3d55'}, 'after': {'mode': '0600', 'type': 'file', 'bytes': 1402, 'sha256': '413c6777e8fcea2d3fec4fa94e0d64022419db23f13e797a00db209e25ba3d55'}}]})
