{
  "errors": 0,
  "euid": 1000,
  "failures": 0,
  "optimization": 2,
  "problem_id": 30005199,
  "schema": 1,
  "scope": "Finite exact algebra and scope controls only; not analytic theorem certification",
  "script_sha256": "8bdb37c7169438951166ca9a18ae9cbddd17a2e9e9399964d9e2d2461c83950a",
  "skipped": 0,
  "status": "PASS",
  "test_outcomes": [
    {
      "status": "PASS",
      "test": "test_01_noncommutative_error_and_missing_term_negative"
    },
    {
      "status": "PASS",
      "test": "test_02_nonessential_error_norm_is_preserved_inside_ideal"
    },
    {
      "status": "PASS",
      "test": "test_03_multiplier_equality_without_ideal_difference_negative"
    },
    {
      "status": "PASS",
      "test": "test_04_corner_lift_and_omitted_complement_negative"
    },
    {
      "status": "PASS",
      "test": "test_05_compression_does_not_destabilize"
    },
    {
      "status": "PASS",
      "test": "test_06_range_projection_typo_is_genuinely_false"
    },
    {
      "status": "PASS",
      "test": "test_07_forcing_initial_unitary_one_changes_conjugacy"
    },
    {
      "status": "PASS",
      "test": "test_08_reverse_path_by_adjoint"
    },
    {
      "status": "PASS",
      "test": "test_09_technical_rotation_and_swap"
    },
    {
      "status": "PASS",
      "test": "test_10_wrong_rotation_sign_is_not_unitary"
    },
    {
      "status": "PASS",
      "test": "test_11_quotient_unitary_lift_is_only_contractive_upstairs"
    },
    {
      "status": "PASS",
      "test": "test_12_delayed_telescoping_indices"
    },
    {
      "status": "PASS",
      "test": "test_13_fixed_dyadic_margin"
    },
    {
      "status": "PASS",
      "test": "test_14_small_terms_without_summability_negative"
    },
    {
      "status": "PASS",
      "test": "test_15_projection_defect_obstructs_absorbing_zero"
    },
    {
      "status": "PASS",
      "test": "test_16_actual_unprivileged_read_only_execution"
    }
  ],
  "tests_run": 16,
  "uid": 1000
}
