{
  "errors": 0,
  "euid": 1000,
  "failures": 0,
  "optimization": 0,
  "problem_id": 30005199,
  "schema": 1,
  "scope": "Finite exact algebra and scope controls only; not analytic theorem certification",
  "script_sha256": "61a1df21a3a6c11288a5a785605bb6cd033b558a9a909b71e28d83820d28fb92",
  "skipped": 0,
  "status": "PASS",
  "test_outcomes": [
    {
      "status": "PASS",
      "test": "test_ambient_error_identity"
    },
    {
      "status": "PASS",
      "test": "test_arbitrary_compression_not_unitary"
    },
    {
      "status": "PASS",
      "test": "test_corner_lift_unitary"
    },
    {
      "status": "PASS",
      "test": "test_dimension_guards"
    },
    {
      "status": "PASS",
      "test": "test_execution_is_unprivileged_and_read_only"
    },
    {
      "status": "PASS",
      "test": "test_finite_dyadic_rectangle"
    },
    {
      "status": "PASS",
      "test": "test_fixed_strict_margin"
    },
    {
      "status": "PASS",
      "test": "test_no_inexact_or_boolean_inputs"
    },
    {
      "status": "PASS",
      "test": "test_nonessential_direct_sum_error"
    }
  ],
  "tests_run": 9,
  "uid": 1000
}
