{
  "turns": [
    {
      "turn": 1,
      "receipt_byte_exact": true,
      "exact_assertions": 57418
    },
    {
      "turn": 2,
      "receipt_byte_exact": true,
      "exact_assertions": 41951
    },
    {
      "turn": 3,
      "receipt_byte_exact": true,
      "exact_assertions": 26536
    },
    {
      "turn": 4,
      "receipt_byte_exact": true,
      "exact_assertions": 8202
    },
    {
      "turn": 5,
      "receipt_byte_exact": true,
      "exact_assertions": 16818
    }
  ],
  "total_exact_assertions": 150925,
  "historical_manifest_entries": 172,
  "sources": [
    {
      "file": "OWR_2019_50.pdf",
      "byte_exact": true
    },
    {
      "file": "FGK_2022_arxiv.pdf",
      "byte_exact": true
    },
    {
      "file": "FGK_2023_published.pdf",
      "byte_exact": true
    },
    {
      "file": "Mao_Song_2026.pdf",
      "byte_exact": true
    },
    {
      "file": "de_la_Breteche_Tenenbaum_2026.pdf",
      "byte_exact": true
    }
  ]
}
