{
  "passed": 28,
  "failed": 0,
  "sympy_version": "1.14.0",
  "checks": {
    "path_left_on_union": "PASS",
    "path_right_on_union": "PASS",
    "path_continuous_at_node": "PASS",
    "different_components": "PASS",
    "node_is_singular": "PASS",
    "off_node_left_regular": "PASS",
    "off_node_right_regular": "PASS",
    "fold_derivative_zero": "PASS",
    "fold_second_derivative_nonzero": "PASS",
    "real_fold_increases_angle": "PASS",
    "imaginary_fold_decreases_angle": "PASS",
    "rational_family_unitary": "PASS",
    "rational_family_det1": "PASS",
    "character_varies": "PASS",
    "projected_character_varies": "PASS",
    "finite_sign_not_collapsed": "PASS",
    "conjugation_preserves_unitary": "PASS",
    "elliptic_pair_det1": "PASS",
    "elliptic_pair_real_trace": "PASS",
    "product_noncompact": "PASS",
    "embedded_o2_orthogonal": "PASS",
    "embedded_o2_orientation": "PASS",
    "embedded_o2_half_turn": "PASS",
    "half_turn_not_oriented_axis_rotation": "PASS",
    "hyperbolic_schlafli_sign": "PASS",
    "spherical_schlafli_identity": "PASS",
    "printed_final_sign_not_identity": "PASS",
    "nonfinite_projection_collapse": "PASS"
  },
  "scope": "Exact diagnostics and source-typo qualification only. Universal component continuation and cone analytic existence are proved/cited in PROOF.md, not inferred from finite cases; no new knot proof or counterexample."
}
