{
  "passed": 21,
  "failed": 0,
  "sympy_version": "1.14.0",
  "checks": {
    "isolated_point_on_curve": "PASS",
    "point_singular": "PASS",
    "isolation_remainder": "PASS",
    "quadratic_discriminant": "PASS",
    "simple_factor_in_discriminant": "PASS",
    "genuine_other_real_arc": "PASS",
    "elliptic_generators": "PASS",
    "noncompact_product": "PASS",
    "generators_conjugate": "PASS",
    "unitary_0": "PASS",
    "sign_quotient_trace_square_0": "PASS",
    "sign_quotient_adjoint_0": "PASS",
    "unitary_1": "PASS",
    "sign_quotient_trace_square_1": "PASS",
    "sign_quotient_adjoint_1": "PASS",
    "unitary_2": "PASS",
    "sign_quotient_trace_square_2": "PASS",
    "sign_quotient_adjoint_2": "PASS",
    "unitary_3": "PASS",
    "sign_quotient_trace_square_3": "PASS",
    "sign_quotient_adjoint_3": "PASS"
  },
  "scope": "Algebraic shortcut controls only; no theorem about a new knot, and no solution of KP-1.85."
}
