{
  "assertions": 18432,
  "euler_extremes": [
    {
      "chi": 10,
      "n": 2
    },
    {
      "chi": -6,
      "n": 3
    },
    {
      "chi": 14,
      "n": 4
    },
    {
      "chi": -12,
      "n": 6
    },
    {
      "chi": 22,
      "n": 8
    },
    {
      "chi": -24,
      "n": 12
    },
    {
      "chi": 38,
      "n": 16
    },
    {
      "chi": -48,
      "n": 24
    },
    {
      "chi": 70,
      "n": 32
    },
    {
      "chi": -96,
      "n": 48
    },
    {
      "chi": 134,
      "n": 64
    },
    {
      "chi": -192,
      "n": 96
    }
  ],
  "exact_shear_complexes": [
    {
      "betti": [
        1,
        5,
        12
      ],
      "cells": [
        8,
        30,
        30
      ],
      "chi": 8,
      "m": 1,
      "n": 1
    },
    {
      "betti": [
        1,
        5,
        14
      ],
      "cells": [
        30,
        84,
        64
      ],
      "chi": 10,
      "m": 2,
      "n": 2
    },
    {
      "betti": [
        1,
        13,
        6
      ],
      "cells": [
        64,
        180,
        110
      ],
      "chi": -6,
      "m": 3,
      "n": 3
    },
    {
      "betti": [
        1,
        7,
        10
      ],
      "cells": [
        48,
        144,
        100
      ],
      "chi": 4,
      "m": 3,
      "n": 2
    },
    {
      "betti": [
        1,
        7,
        10
      ],
      "cells": [
        36,
        112,
        80
      ],
      "chi": 4,
      "m": 2,
      "n": 3
    },
    {
      "betti": [
        1,
        7,
        10
      ],
      "cells": [
        60,
        176,
        120
      ],
      "chi": 4,
      "m": 4,
      "n": 1
    },
    {
      "betti": [
        1,
        7,
        10
      ],
      "cells": [
        24,
        80,
        60
      ],
      "chi": 4,
      "m": 1,
      "n": 4
    },
    {
      "betti": [
        1,
        5,
        18
      ],
      "cells": [
        110,
        264,
        168
      ],
      "chi": 14,
      "m": 4,
      "n": 4
    }
  ],
  "limitation": "Finite controls do not prove the arbitrary tiling implication.",
  "rotation_method": "rational enclosure and all cut-order certificates",
  "tm_complete_lengths": 257,
  "tm_method": "binary digit parity with nine aligned blocks"
}
