test_coordinate_face_is_closed_under_reachable_transitions (test_boundary_lattice.BoundaryLatticeTests.test_coordinate_face_is_closed_under_reachable_transitions) ... ok
test_parity_restricted_path (test_boundary_lattice.BoundaryLatticeTests.test_parity_restricted_path) ... ok
test_singleton_absorbing_class_is_separate (test_boundary_lattice.BoundaryLatticeTests.test_singleton_absorbing_class_is_separate) ... ok
test_two_state_finite_irreducible_class (test_boundary_lattice.BoundaryLatticeTests.test_two_state_finite_irreducible_class) ... ok
test_entropy_identity_aggregates_parallel_source_rates (test_episode.EpisodeTests.test_entropy_identity_aggregates_parallel_source_rates) ... ok
test_exact_entropy_identity_with_zero_source (test_episode.EpisodeTests.test_exact_entropy_identity_with_zero_source) ... ok
test_invalid_episode_probability_is_rejected (test_episode.EpisodeTests.test_invalid_episode_probability_is_rejected) ... ok
test_scalar_envelope_all_branches_and_boundary (test_episode.EpisodeTests.test_scalar_envelope_all_branches_and_boundary) ... ok
test_scalar_envelope_is_pointwise_nondecreasing_in_M (test_episode.EpisodeTests.test_scalar_envelope_is_pointwise_nondecreasing_in_M) ... ok
test_target_following_path_probability (test_episode.EpisodeTests.test_target_following_path_probability) ... ok
test_zero_length_path_probability (test_episode.EpisodeTests.test_zero_length_path_probability) ... ok
test_disabled_falling_factorial_and_successor (test_network.NetworkTests.test_disabled_falling_factorial_and_successor) ... ok
test_mark_actual_channel_not_displacement (test_network.NetworkTests.test_mark_actual_channel_not_displacement) ... ok
test_null_self_channel_is_removed_on_combination (test_network.NetworkTests.test_null_self_channel_is_removed_on_combination) ... ok
test_parallel_and_same_displacement_channels (test_network.NetworkTests.test_parallel_and_same_displacement_channels) ... ok
test_residual_identity_for_distinct_outcome (test_network.NetworkTests.test_residual_identity_for_distinct_outcome) ... ok
test_residual_identity_with_zero_carried_target (test_network.NetworkTests.test_residual_identity_with_zero_carried_target) ... ok
test_strong_connectivity (test_network.NetworkTests.test_strong_connectivity) ... ok
test_target_following_cycle_has_zero_increment (test_network.NetworkTests.test_target_following_cycle_has_zero_increment) ... ok
test_zero_pure_binary_and_mixed_falling_factorials (test_network.NetworkTests.test_zero_pure_binary_and_mixed_falling_factorials) ... ok
test_absorbing_singleton_has_point_mass_stationary_law (test_publication_v1.PublicationV1CalibrationTests.test_absorbing_singleton_has_point_mass_stationary_law) ... ok
test_rate_degeneration_asymptotic_coefficient (test_publication_v1.PublicationV1CalibrationTests.test_rate_degeneration_asymptotic_coefficient) ... ok
test_rate_degeneration_exact_finite_recursion (test_publication_v1.PublicationV1CalibrationTests.test_rate_degeneration_exact_finite_recursion) ... ok
test_stopped_random_time_foster_increment (test_publication_v1.PublicationV1CalibrationTests.test_stopped_random_time_foster_increment) ... ok
test_two_state_return_cycle_occupation_is_stationary (test_publication_v1.PublicationV1CalibrationTests.test_two_state_return_cycle_occupation_is_stationary) ... ok
test_ack_carried_target_A_is_explicitly_reachable (test_publication_v1_1.PublicationV11AlgebraTests.test_ack_carried_target_A_is_explicitly_reachable) ... ok
test_ack_complete_episode_formula_matches_generic_factorial_identity (test_publication_v1_1.PublicationV11AlgebraTests.test_ack_complete_episode_formula_matches_generic_factorial_identity) ... ok
test_ack_episode_has_strict_negative_logarithmic_coefficient (test_publication_v1_1.PublicationV11AlgebraTests.test_ack_episode_has_strict_negative_logarithmic_coefficient) ... ok
test_ack_example_unshifted_drift (test_publication_v1_1.PublicationV11AlgebraTests.test_ack_example_unshifted_drift) ... ok
test_corrected_fixed_m_rate_limit_is_a_times_one_plus_p (test_publication_v1_1.PublicationV11AlgebraTests.test_corrected_fixed_m_rate_limit_is_a_times_one_plus_p) ... ok
test_rate_example_log_coefficient_is_exact (test_publication_v1_1.PublicationV11AlgebraTests.test_rate_example_log_coefficient_is_exact) ... ok
test_scalar_envelope_monotonicity_on_exact_grid (test_publication_v1_1.PublicationV11AlgebraTests.test_scalar_envelope_monotonicity_on_exact_grid) ... ok
test_three_state_stationary_return_cycle_normalization (test_publication_v1_1.PublicationV11AlgebraTests.test_three_state_stationary_return_cycle_normalization) ... ok
test_absorbing_singleton_is_closed_reachability_class (test_publication_v1_1.PublicationV11StateCycleTests.test_absorbing_singleton_is_closed_reachability_class) ... ok
test_finite_reachability_is_symmetric_with_boundary_and_parity_classes (test_publication_v1_1.PublicationV11StateCycleTests.test_finite_reachability_is_symmetric_with_boundary_and_parity_classes) ... ok
test_lifted_cycles_allow_multiple_linkages_parallel_channels_and_same_displacement (test_publication_v1_1.PublicationV11StateCycleTests.test_lifted_cycles_allow_multiple_linkages_parallel_channels_and_same_displacement) ... ok
test_lifted_return_cycle_handles_zero_complex_and_boundary (test_publication_v1_1.PublicationV11StateCycleTests.test_lifted_return_cycle_handles_zero_complex_and_boundary) ... ok
test_all_qJ_one_is_already_the_all_top_case (test_top_complex.TopComplexTests.test_all_qJ_one_is_already_the_all_top_case) ... ok
test_all_top_nonnegative_invariant (test_top_complex.TopComplexTests.test_all_top_nonnegative_invariant) ... ok
test_service_availability (test_top_complex.TopComplexTests.test_service_availability) ... ok
test_shared_service_species (test_top_complex.TopComplexTests.test_shared_service_species) ... ok
test_slower_divergent_weight_zero_is_retained (test_top_complex.TopComplexTests.test_slower_divergent_weight_zero_is_retained) ... ok
test_species_absent_from_complexes (test_top_complex.TopComplexTests.test_species_absent_from_complexes) ... ok
test_two_divergent_particles (test_top_complex.TopComplexTests.test_two_divergent_particles) ... ok
test_unary_top (test_top_complex.TopComplexTests.test_unary_top) ... ok
test_validator_rejects_constant_invariant_with_wrong_divergent_sign (test_top_complex.TopComplexTests.test_validator_rejects_constant_invariant_with_wrong_divergent_sign) ... ok
test_validator_rejects_false_availability_witness (test_top_complex.TopComplexTests.test_validator_rejects_false_availability_witness) ... ok
test_validator_rejects_false_invariant (test_top_complex.TopComplexTests.test_validator_rejects_false_invariant) ... ok
test_validator_rejects_removed_redundant_case (test_top_complex.TopComplexTests.test_validator_rejects_removed_redundant_case) ... ok
test_validator_rejects_weight_support_outside_divergent_set (test_top_complex.TopComplexTests.test_validator_rejects_weight_support_outside_divergent_set) ... ok
test_zero_weight_divergent_species_still_counts_for_availability (test_top_complex.TopComplexTests.test_zero_weight_divergent_species_still_counts_for_availability) ... ok
test_built_wheel_carries_the_mit_license (test_verification.VerificationTests.test_built_wheel_carries_the_mit_license) ... ok
test_canonical_json_is_independent_of_mapping_insertion_order (test_verification.VerificationTests.test_canonical_json_is_independent_of_mapping_insertion_order) ... ok
test_entropy_verifier_executes_substantive_cases (test_verification.VerificationTests.test_entropy_verifier_executes_substantive_cases) ... ok
test_exhaustive_three_species_atlas_matches_fixed_result (test_verification.VerificationTests.test_exhaustive_three_species_atlas_matches_fixed_result) ... ok
test_seeded_random_stress_matches_fixed_result (test_verification.VerificationTests.test_seeded_random_stress_matches_fixed_result) ... ok
test_source_hashes_use_closed_allowlist (test_verification.VerificationTests.test_source_hashes_use_closed_allowlist) ... ok

----------------------------------------------------------------------
Ran 57 tests in 6.833s

OK
{"python": "3.12.14", "sha256": "dc14127494eaa6ccf3b36a91f5d714ba6f79e76476f8d199760bd3b5faeed586", "status": "pass"}
{"python": "3.12.14", "sha256": "dc14127494eaa6ccf3b36a91f5d714ba6f79e76476f8d199760bd3b5faeed586", "status": "pass"}
verification_report.json sha256: dc14127494eaa6ccf3b36a91f5d714ba6f79e76476f8d199760bd3b5faeed586
environment (not part of the canonical report): CPython 3.12.14 on macOS-26.6.2-arm64-arm-64bit
PASS: tests, repeated generation, and committed golden comparison all agree.
