{
  "status": "PASS",
  "rows": [
    {
      "n": 2,
      "all_unlabelled_matchings": 3,
      "irreducible": 1,
      "already_peelable": 1,
      "max_swaps": 0,
      "vertex_partition_cases": 3
    },
    {
      "n": 3,
      "all_unlabelled_matchings": 15,
      "irreducible": 4,
      "already_peelable": 3,
      "max_swaps": 1,
      "vertex_partition_cases": 12
    },
    {
      "n": 4,
      "all_unlabelled_matchings": 105,
      "irreducible": 27,
      "already_peelable": 15,
      "max_swaps": 2,
      "vertex_partition_cases": 81
    },
    {
      "n": 5,
      "all_unlabelled_matchings": 945,
      "irreducible": 248,
      "already_peelable": 105,
      "max_swaps": 3,
      "vertex_partition_cases": 744
    },
    {
      "n": 6,
      "all_unlabelled_matchings": 10395,
      "irreducible": 2830,
      "already_peelable": 945,
      "max_swaps": 4,
      "vertex_partition_cases": 8490
    },
    {
      "n": 7,
      "all_unlabelled_matchings": 135135,
      "irreducible": 38232,
      "already_peelable": 10395,
      "max_swaps": 5,
      "vertex_partition_cases": 0
    }
  ],
  "elapsed_seconds": 13.689,
  "limitations": "Finite matching enumeration and vertex incidence only; no continuous dynamics, diagram-group isomorphism, or all-n theorem is certified by this computation."
}
