{
  "status": "PASS",
  "rows": [
    {
      "n": 2,
      "distinct_labelled_peeling_outputs": 1,
      "partition_instances": 64
    },
    {
      "n": 3,
      "distinct_labelled_peeling_outputs": 4,
      "partition_instances": 12
    },
    {
      "n": 4,
      "distinct_labelled_peeling_outputs": 25,
      "partition_instances": 75
    },
    {
      "n": 5,
      "distinct_labelled_peeling_outputs": 211,
      "partition_instances": 633
    },
    {
      "n": 6,
      "distinct_labelled_peeling_outputs": 2207,
      "partition_instances": 6621
    }
  ],
  "max_GS_moves": 135,
  "elapsed_seconds": 32.679,
  "limitations": "Only finite instances of the stated GS algorithm. Each recorded move is checked for nonempty paths, matching endpoints, distinct witness and target cells, valid rewriting occurrence, and legal edge deletion. This does not certify the external diagram-group theorems or the all-n mathematical induction."
}
