{
  "status": "PASS",
  "rows": [
    {
      "n": 2,
      "matchings": 3,
      "irreducible": 1,
      "already_peelable": 1,
      "replayed_swaps": 0,
      "independent_GS_instances": 64,
      "distinct_GS_inputs": 1
    },
    {
      "n": 3,
      "matchings": 15,
      "irreducible": 4,
      "already_peelable": 3,
      "replayed_swaps": 1,
      "independent_GS_instances": 12,
      "distinct_GS_inputs": 4
    },
    {
      "n": 4,
      "matchings": 105,
      "irreducible": 27,
      "already_peelable": 15,
      "replayed_swaps": 14,
      "independent_GS_instances": 75,
      "distinct_GS_inputs": 25
    },
    {
      "n": 5,
      "matchings": 945,
      "irreducible": 248,
      "already_peelable": 105,
      "replayed_swaps": 190,
      "independent_GS_instances": 633,
      "distinct_GS_inputs": 211
    },
    {
      "n": 6,
      "matchings": 10395,
      "irreducible": 2830,
      "already_peelable": 945,
      "replayed_swaps": 2792,
      "independent_GS_instances": 6621,
      "distinct_GS_inputs": 2207
    },
    {
      "n": 7,
      "matchings": 135135,
      "irreducible": 38232,
      "already_peelable": 10395,
      "replayed_swaps": 45153,
      "independent_GS_instances": 0,
      "distinct_GS_inputs": 0
    }
  ],
  "total_replayed_swaps": 48150,
  "total_replayed_GS_moves": 608241,
  "max_GS_moves": 135,
  "negative_controls_rejected": [
    "own_nonassert_guard",
    "hardened_nonclosed_swap",
    "independent_nonclosed_swap",
    "independent_self_witness",
    "independent_illegal_delete",
    "independent_empty_path",
    "independent_bad_endpoint",
    "hardened_self_witness"
  ],
  "elapsed_seconds": 64.838,
  "limitations": "Finite certificate verification only. Matchings, crossing graphs, closed-cut replay, directed paths, elementary GS operations and final cores are checked independently; peel/reduce provide the certificates. This neither proves the all-n result nor verifies continuous dynamics or external imported theorems."
}
