{
  "status": "PASS",
  "utc": "2026-10-03T13:27:03.609689+00:00",
  "negative_controls": 14,
  "results": [
    {
      "control": "missing historical proof",
      "rejected": true,
      "reason": "closed path scope"
    },
    {
      "control": "unexpected public path",
      "rejected": true,
      "reason": "closed path scope"
    },
    {
      "control": "one-byte proof drift",
      "rejected": true,
      "reason": "TURN_5.md"
    },
    {
      "control": "selected-output replacement",
      "rejected": true,
      "reason": "review/INDEPENDENT_CHECKS.json"
    },
    {
      "control": "tampered_turn_proof",
      "rejected": true,
      "exit_code": 1,
      "stdout_bytes": 0,
      "stdout_sha256": "e3b0c44298fc1c149afbf4c8996fb92427ae41e4649b934ca495991b7852b855",
      "stderr_bytes": 430,
      "stderr_sha256": "d23af2ffa4979b10e44da978810db45063bee3f6f463010c36a355633c25e479",
      "original_sha256": "2818e980f5effbd9d4bf0beb2d28dd48aa7522f4b6de11b1d955ff6f83f4303d",
      "mutated_sha256": "72c8cd5329e891cef99bdd15f8858fc559f6d5fcc21f3db4c499da267df885be"
    },
    {
      "control": "tampered_checker",
      "rejected": true,
      "exit_code": 1,
      "stdout_bytes": 0,
      "stdout_sha256": "e3b0c44298fc1c149afbf4c8996fb92427ae41e4649b934ca495991b7852b855",
      "stderr_bytes": 427,
      "stderr_sha256": "cce5a083d6e5eb3dc761e5c40f52d0d0b137331b89feb0bcf8638a6e6577431f",
      "original_sha256": "ad006116fd96619619647fa639fd3445241dd9b33e560a2ff27da2530a0e6b6c",
      "mutated_sha256": "6d62db5695b1a14050c42dcd24114c8647eb60ed03ec7d81ddc239b2a679caa5"
    },
    {
      "control": "tampered_author_manifest",
      "rejected": true,
      "exit_code": 1,
      "stdout_bytes": 0,
      "stdout_sha256": "e3b0c44298fc1c149afbf4c8996fb92427ae41e4649b934ca495991b7852b855",
      "stderr_bytes": 435,
      "stderr_sha256": "7d2dd9870fee46e9f515103c3ca49ca3b1a6506a055c80ee72db9a0e568b7759",
      "original_sha256": "aa4ebd52776b5f6dbd8dbf95853f3af85851d6b194402e44797ddbbf31f2a1ee",
      "mutated_sha256": "5277d23c93aa6ae8ef12d900b1d0ec1eb48400dfaa6956af417331a774ac8092"
    },
    {
      "control": "foreign queue byte drift",
      "rejected": true,
      "reason": "exact own physical line399 only"
    },
    {
      "control": "foreign own-row column drift",
      "rejected": true,
      "reason": "queue cells8/9 only"
    },
    {
      "control": "unearned solved promotion",
      "rejected": true,
      "reason": "queue final status"
    },
    {
      "control": "changed head",
      "rejected": true,
      "reason": "frozen metadata pins"
    },
    {
      "control": "changed base",
      "rejected": true,
      "reason": "frozen metadata pins"
    },
    {
      "control": "changed draft state",
      "rejected": true,
      "reason": "frozen metadata pins"
    },
    {
      "control": "changed body",
      "rejected": true,
      "reason": "frozen metadata pins"
    }
  ],
  "scope": "Private manifest, original verifier and entire-queue drift negatives only. The metadata predicate tests prospective pin rejection; actual live accepted body/head/base/draft gates remain pending.",
  "snapshot_untouched": true
}
