[main d1e417ad7] Accept PR383 scoped results after full repaired-head adversarial reproduction
 65 files changed, 15923 insertions(+), 3 deletions(-)
 create mode 100644 draft_pr_descending_audit_20261002/audits/pr381_30003853/root_initial_checkpoint_commit.stderr
 create mode 100644 draft_pr_descending_audit_20261002/audits/pr381_30003853/root_initial_checkpoint_commit.stdout
 create mode 100644 draft_pr_descending_audit_20261002/audits/pr381_30003853/root_initial_checkpoint_push.stderr
 create mode 100644 draft_pr_descending_audit_20261002/audits/pr381_30003853/root_initial_checkpoint_push.stdout
 create mode 100644 draft_pr_descending_audit_20261002/audits/pr383_30004047/ACCEPTANCE_DECISION.md
 create mode 100644 draft_pr_descending_audit_20261002/audits/pr383_30004047/acceptance_criteria.json
 create mode 100644 draft_pr_descending_audit_20261002/audits/pr383_30004047/accepted_pr_body.txt
 create mode 100644 draft_pr_descending_audit_20261002/audits/pr383_30004047/final_adversary/.gitignore
 create mode 100644 draft_pr_descending_audit_20261002/audits/pr383_30004047/final_adversary/INDEPENDENCE.md
 create mode 100644 draft_pr_descending_audit_20261002/audits/pr383_30004047/final_adversary/INDEPENDENT_SEAL.json
 create mode 100644 draft_pr_descending_audit_20261002/audits/pr383_30004047/final_adversary/OUTPUT_MANIFEST.json
 create mode 100644 draft_pr_descending_audit_20261002/audits/pr383_30004047/final_adversary/OUTPUT_MANIFEST_VERIFY.json
 create mode 100644 draft_pr_descending_audit_20261002/audits/pr383_30004047/final_adversary/REPORT.md
 create mode 100644 draft_pr_descending_audit_20261002/audits/pr383_30004047/final_adversary/RESEARCH_LOG.md
 create mode 100644 draft_pr_descending_audit_20261002/audits/pr383_30004047/final_adversary/SOURCE_QUALIFICATIONS.json
 create mode 100644 draft_pr_descending_audit_20261002/audits/pr383_30004047/final_adversary/binding_audit.py
 create mode 100644 draft_pr_descending_audit_20261002/audits/pr383_30004047/final_adversary/binding_audit.stderr
 create mode 100644 draft_pr_descending_audit_20261002/audits/pr383_30004047/final_adversary/binding_audit.stdout.json
 create mode 100644 draft_pr_descending_audit_20261002/audits/pr383_30004047/final_adversary/comparison_audit.py
 create mode 100644 draft_pr_descending_audit_20261002/audits/pr383_30004047/final_adversary/comparison_audit.stderr
 create mode 100644 draft_pr_descending_audit_20261002/audits/pr383_30004047/final_adversary/comparison_audit.stdout.json
 create mode 100644 draft_pr_descending_audit_20261002/audits/pr383_30004047/final_adversary/historical_independent.stderr
 create mode 100644 draft_pr_descending_audit_20261002/audits/pr383_30004047/final_adversary/historical_independent.stdout
 create mode 100644 draft_pr_descending_audit_20261002/audits/pr383_30004047/final_adversary/independent_controls.py
 create mode 100644 draft_pr_descending_audit_20261002/audits/pr383_30004047/final_adversary/independent_controls.stderr
 create mode 100644 draft_pr_descending_audit_20261002/audits/pr383_30004047/final_adversary/independent_controls.stdout.json
 create mode 100644 draft_pr_descending_audit_20261002/audits/pr383_30004047/final_adversary/laminar_disjoint_controls.json
 create mode 100644 draft_pr_descending_audit_20261002/audits/pr383_30004047/final_adversary/packet_source.stderr
 create mode 100644 draft_pr_descending_audit_20261002/audits/pr383_30004047/final_adversary/packet_source.stdout
 create mode 100644 draft_pr_descending_audit_20261002/audits/pr383_30004047/final_adversary/postinspection_controls.py
 create mode 100644 draft_pr_descending_audit_20261002/audits/pr383_30004047/final_adversary/postinspection_controls.stderr
 create mode 100644 draft_pr_descending_audit_20261002/audits/pr383_30004047/final_adversary/postinspection_controls.stdout.json
 create mode 100644 draft_pr_descending_audit_20261002/audits/pr383_30004047/final_adversary/publication_source.stderr
 create mode 100644 draft_pr_descending_audit_20261002/audits/pr383_30004047/final_adversary/publication_source.stdout
 create mode 100644 draft_pr_descending_audit_20261002/audits/pr383_30004047/final_adversary/publication_sourcefree.stderr
 create mode 100644 draft_pr_descending_audit_20261002/audits/pr383_30004047/final_adversary/publication_sourcefree.stdout
 create mode 100644 draft_pr_descending_audit_20261002/audits/pr383_30004047/final_adversary/replay_capture.py
 create mode 100644 draft_pr_descending_audit_20261002/audits/pr383_30004047/final_adversary/replay_capture.stderr
 create mode 100644 draft_pr_descending_audit_20261002/audits/pr383_30004047/final_adversary/replay_capture.stdout.json
 create mode 100644 draft_pr_descending_audit_20261002/audits/pr383_30004047/final_adversary/seal_outputs.py
 create mode 100644 draft_pr_descending_audit_20261002/audits/pr383_30004047/final_adversary/turn1.stderr
 create mode 100644 draft_pr_descending_audit_20261002/audits/pr383_30004047/final_adversary/turn1.stdout
 create mode 100644 draft_pr_descending_audit_20261002/audits/pr383_30004047/final_adversary/turn2.stderr
 create mode 100644 draft_pr_descending_audit_20261002/audits/pr383_30004047/final_adversary/turn2.stdout
 create mode 100644 draft_pr_descending_audit_20261002/audits/pr383_30004047/final_adversary/turn3.stderr
 create mode 100644 draft_pr_descending_audit_20261002/audits/pr383_30004047/final_adversary/turn3.stdout
 create mode 100644 draft_pr_descending_audit_20261002/audits/pr383_30004047/final_adversary/turn4.stderr
 create mode 100644 draft_pr_descending_audit_20261002/audits/pr383_30004047/final_adversary/turn4.stdout
 create mode 100644 draft_pr_descending_audit_20261002/audits/pr383_30004047/final_adversary/turn5.stderr
 create mode 100644 draft_pr_descending_audit_20261002/audits/pr383_30004047/final_adversary/turn5.stdout
 create mode 100644 draft_pr_descending_audit_20261002/audits/pr383_30004047/final_adversary/weighted_full_certificates.json
 create mode 100644 draft_pr_descending_audit_20261002/audits/pr383_30004047/merge_body.txt
 create mode 100644 draft_pr_descending_audit_20261002/audits/pr383_30004047/root_final_binding_audit.stderr
 create mode 100644 draft_pr_descending_audit_20261002/audits/pr383_30004047/root_final_binding_audit.stdout
 create mode 100644 draft_pr_descending_audit_20261002/audits/pr383_30004047/root_final_binding_comparison_receipt.json
 create mode 100644 draft_pr_descending_audit_20261002/audits/pr383_30004047/root_final_comparison_audit.stderr
 create mode 100644 draft_pr_descending_audit_20261002/audits/pr383_30004047/root_final_comparison_audit.stdout
 create mode 100644 draft_pr_descending_audit_20261002/audits/pr383_30004047/root_final_independent_controls.stderr
 create mode 100644 draft_pr_descending_audit_20261002/audits/pr383_30004047/root_final_independent_controls.stdout
 create mode 100644 draft_pr_descending_audit_20261002/audits/pr383_30004047/root_final_postinspection_controls.stderr
 create mode 100644 draft_pr_descending_audit_20261002/audits/pr383_30004047/root_final_postinspection_controls.stdout
 create mode 100644 draft_pr_descending_audit_20261002/audits/pr383_30004047/root_new_final_controls_receipt.json
