Merge made by the 'ort' strategy.
 unsolved_math_prioritization/QUEUE.md              |   2 +-
 .../attempts/30004047/CURRENT_STATE.json           |  13 ++
 .../attempts/30004047/FINAL_AUTHOR_MANIFEST.json   | 199 +++++++++++++++++
 .../attempts/30004047/FINAL_REPLAY.json            |  34 +++
 .../attempts/30004047/FINAL_REVIEW_REQUEST.md      |  18 ++
 .../attempts/30004047/FINAL_STATE.json             |  14 ++
 .../attempts/30004047/LOG_T2.md                    |   3 +
 .../attempts/30004047/LOG_T3.md                    |   3 +
 .../attempts/30004047/LOG_T4.md                    |   3 +
 .../attempts/30004047/LOG_T5.md                    |   3 +
 .../attempts/30004047/PUBLICATION_MANIFEST.json    | 244 +++++++++++++++++++++
 .../attempts/30004047/PUBLICATION_STATUS.md        |  15 ++
 .../attempts/30004047/REMOTE_SCOPE.md              |   5 +
 .../attempts/30004047/RESEARCH_LOG.md              |   3 +
 .../attempts/30004047/RESULT.md                    |  31 +++
 .../attempts/30004047/SOURCE_MANIFEST.json         |  18 ++
 .../attempts/30004047/SOURCE_SCOPE.md              |  48 ++++
 .../attempts/30004047/STATE.json                   |  13 ++
 .../attempts/30004047/STATE_T2.json                |  13 ++
 .../attempts/30004047/STATE_T3.json                |  13 ++
 .../attempts/30004047/STATE_T4.json                |  13 ++
 .../attempts/30004047/STATE_T5.json                |  14 ++
 .../attempts/30004047/TURN_1.md                    |  90 ++++++++
 .../attempts/30004047/TURN_1_CHECKS.json           |  12 +
 .../attempts/30004047/TURN_1_MANIFEST.json         |  41 ++++
 .../attempts/30004047/TURN_2.md                    |  95 ++++++++
 .../attempts/30004047/TURN_2_CHECKS.json           |  12 +
 .../attempts/30004047/TURN_2_MANIFEST.json         |  32 +++
 .../attempts/30004047/TURN_3.md                    |  77 +++++++
 .../attempts/30004047/TURN_3_CHECKS.json           |   7 +
 .../attempts/30004047/TURN_3_MANIFEST.json         |  32 +++
 .../attempts/30004047/TURN_4.md                    |  94 ++++++++
 .../attempts/30004047/TURN_4_CHECKS.json           |   7 +
 .../attempts/30004047/TURN_4_MANIFEST.json         |  32 +++
 .../attempts/30004047/TURN_5.md                    |  97 ++++++++
 .../attempts/30004047/TURN_5_CHECKS.json           |  12 +
 .../attempts/30004047/TURN_5_MANIFEST.json         |  32 +++
 .../attempts/30004047/check_turn_1.py              |  45 ++++
 .../attempts/30004047/check_turn_2.py              |  58 +++++
 .../attempts/30004047/check_turn_3.py              |  32 +++
 .../attempts/30004047/check_turn_4.py              |  76 +++++++
 .../attempts/30004047/check_turn_5.py              |  48 ++++
 .../attempts/30004047/review/AUTHOR_REPLAY.json    |  34 +++
 .../30004047/review/INDEPENDENT_CHECKS.json        |   5 +
 .../attempts/30004047/review/REVIEW.md             |  45 ++++
 .../attempts/30004047/review/REVIEW_MANIFEST.json  |  28 +++
 .../attempts/30004047/review/independent_check.py  |  40 ++++
 .../attempts/30004047/verify_packet.py             |  20 ++
 .../attempts/30004047/verify_publication.py        |  14 ++
 49 files changed, 1838 insertions(+), 1 deletion(-)
 create mode 100644 unsolved_math_prioritization/attempts/30004047/CURRENT_STATE.json
 create mode 100644 unsolved_math_prioritization/attempts/30004047/FINAL_AUTHOR_MANIFEST.json
 create mode 100644 unsolved_math_prioritization/attempts/30004047/FINAL_REPLAY.json
 create mode 100644 unsolved_math_prioritization/attempts/30004047/FINAL_REVIEW_REQUEST.md
 create mode 100644 unsolved_math_prioritization/attempts/30004047/FINAL_STATE.json
 create mode 100644 unsolved_math_prioritization/attempts/30004047/LOG_T2.md
 create mode 100644 unsolved_math_prioritization/attempts/30004047/LOG_T3.md
 create mode 100644 unsolved_math_prioritization/attempts/30004047/LOG_T4.md
 create mode 100644 unsolved_math_prioritization/attempts/30004047/LOG_T5.md
 create mode 100644 unsolved_math_prioritization/attempts/30004047/PUBLICATION_MANIFEST.json
 create mode 100644 unsolved_math_prioritization/attempts/30004047/PUBLICATION_STATUS.md
 create mode 100644 unsolved_math_prioritization/attempts/30004047/REMOTE_SCOPE.md
 create mode 100644 unsolved_math_prioritization/attempts/30004047/RESEARCH_LOG.md
 create mode 100644 unsolved_math_prioritization/attempts/30004047/RESULT.md
 create mode 100644 unsolved_math_prioritization/attempts/30004047/SOURCE_MANIFEST.json
 create mode 100644 unsolved_math_prioritization/attempts/30004047/SOURCE_SCOPE.md
 create mode 100644 unsolved_math_prioritization/attempts/30004047/STATE.json
 create mode 100644 unsolved_math_prioritization/attempts/30004047/STATE_T2.json
 create mode 100644 unsolved_math_prioritization/attempts/30004047/STATE_T3.json
 create mode 100644 unsolved_math_prioritization/attempts/30004047/STATE_T4.json
 create mode 100644 unsolved_math_prioritization/attempts/30004047/STATE_T5.json
 create mode 100644 unsolved_math_prioritization/attempts/30004047/TURN_1.md
 create mode 100644 unsolved_math_prioritization/attempts/30004047/TURN_1_CHECKS.json
 create mode 100644 unsolved_math_prioritization/attempts/30004047/TURN_1_MANIFEST.json
 create mode 100644 unsolved_math_prioritization/attempts/30004047/TURN_2.md
 create mode 100644 unsolved_math_prioritization/attempts/30004047/TURN_2_CHECKS.json
 create mode 100644 unsolved_math_prioritization/attempts/30004047/TURN_2_MANIFEST.json
 create mode 100644 unsolved_math_prioritization/attempts/30004047/TURN_3.md
 create mode 100644 unsolved_math_prioritization/attempts/30004047/TURN_3_CHECKS.json
 create mode 100644 unsolved_math_prioritization/attempts/30004047/TURN_3_MANIFEST.json
 create mode 100644 unsolved_math_prioritization/attempts/30004047/TURN_4.md
 create mode 100644 unsolved_math_prioritization/attempts/30004047/TURN_4_CHECKS.json
 create mode 100644 unsolved_math_prioritization/attempts/30004047/TURN_4_MANIFEST.json
 create mode 100644 unsolved_math_prioritization/attempts/30004047/TURN_5.md
 create mode 100644 unsolved_math_prioritization/attempts/30004047/TURN_5_CHECKS.json
 create mode 100644 unsolved_math_prioritization/attempts/30004047/TURN_5_MANIFEST.json
 create mode 100644 unsolved_math_prioritization/attempts/30004047/check_turn_1.py
 create mode 100644 unsolved_math_prioritization/attempts/30004047/check_turn_2.py
 create mode 100644 unsolved_math_prioritization/attempts/30004047/check_turn_3.py
 create mode 100644 unsolved_math_prioritization/attempts/30004047/check_turn_4.py
 create mode 100644 unsolved_math_prioritization/attempts/30004047/check_turn_5.py
 create mode 100644 unsolved_math_prioritization/attempts/30004047/review/AUTHOR_REPLAY.json
 create mode 100644 unsolved_math_prioritization/attempts/30004047/review/INDEPENDENT_CHECKS.json
 create mode 100644 unsolved_math_prioritization/attempts/30004047/review/REVIEW.md
 create mode 100644 unsolved_math_prioritization/attempts/30004047/review/REVIEW_MANIFEST.json
 create mode 100644 unsolved_math_prioritization/attempts/30004047/review/independent_check.py
 create mode 100644 unsolved_math_prioritization/attempts/30004047/verify_packet.py
 create mode 100644 unsolved_math_prioritization/attempts/30004047/verify_publication.py
