[main 6f7073378] Verify PR383 actual merge and preserved current-main queue
 30 files changed, 114 insertions(+)
 create mode 100644 draft_pr_descending_audit_20261002/audits/pr383_30004047/acceptance_checkpoint_commit.stderr
 create mode 100644 draft_pr_descending_audit_20261002/audits/pr383_30004047/acceptance_checkpoint_commit.stdout
 create mode 100644 draft_pr_descending_audit_20261002/audits/pr383_30004047/acceptance_checkpoint_push.stderr
 create mode 100644 draft_pr_descending_audit_20261002/audits/pr383_30004047/acceptance_checkpoint_push.stdout
 create mode 100644 draft_pr_descending_audit_20261002/audits/pr383_30004047/accepted_body_edit.stderr
 create mode 100644 draft_pr_descending_audit_20261002/audits/pr383_30004047/accepted_body_edit.stdout
 create mode 100644 draft_pr_descending_audit_20261002/audits/pr383_30004047/accepted_ready.stderr
 create mode 100644 draft_pr_descending_audit_20261002/audits/pr383_30004047/accepted_ready.stdout
 create mode 100644 draft_pr_descending_audit_20261002/audits/pr383_30004047/actual_acceptance_remote_before.stderr
 create mode 100644 draft_pr_descending_audit_20261002/audits/pr383_30004047/actual_acceptance_remote_before.stdout
 create mode 100644 draft_pr_descending_audit_20261002/audits/pr383_30004047/actual_merge_execution.stderr
 create mode 100644 draft_pr_descending_audit_20261002/audits/pr383_30004047/actual_merge_execution.stdout
 create mode 100644 draft_pr_descending_audit_20261002/audits/pr383_30004047/actual_pre_merge_remote.stderr
 create mode 100644 draft_pr_descending_audit_20261002/audits/pr383_30004047/actual_pre_merge_remote.stdout
 create mode 100644 draft_pr_descending_audit_20261002/audits/pr383_30004047/actual_pre_merge_remote_reconciled.stderr
 create mode 100644 draft_pr_descending_audit_20261002/audits/pr383_30004047/actual_pre_merge_remote_reconciled.stdout
 create mode 100644 draft_pr_descending_audit_20261002/audits/pr383_30004047/post_merge_fetch.stderr
 create mode 100644 draft_pr_descending_audit_20261002/audits/pr383_30004047/post_merge_fetch.stdout
 create mode 100644 draft_pr_descending_audit_20261002/audits/pr383_30004047/post_merge_main_sync.stderr
 create mode 100644 draft_pr_descending_audit_20261002/audits/pr383_30004047/post_merge_main_sync.stdout
 create mode 100644 draft_pr_descending_audit_20261002/audits/pr383_30004047/post_merge_remote.stdout
 create mode 100644 draft_pr_descending_audit_20261002/audits/pr383_30004047/pre_merge_main_fetch.stderr
 create mode 100644 draft_pr_descending_audit_20261002/audits/pr383_30004047/pre_merge_main_fetch.stdout
 create mode 100644 draft_pr_descending_audit_20261002/audits/pr383_30004047/pre_merge_main_fetch_reconciled.stderr
 create mode 100644 draft_pr_descending_audit_20261002/audits/pr383_30004047/pre_merge_main_fetch_reconciled.stdout
 create mode 100644 draft_pr_descending_audit_20261002/audits/pr383_30004047/virtual_integration_receipt.json
 create mode 100644 draft_pr_descending_audit_20261002/audits/pr383_30004047/virtual_merge.stderr
 create mode 100644 draft_pr_descending_audit_20261002/audits/pr383_30004047/virtual_merge.stdout
 create mode 100644 draft_pr_descending_audit_20261002/audits/pr383_30004047/virtual_merge_reconciled.stderr
 create mode 100644 draft_pr_descending_audit_20261002/audits/pr383_30004047/virtual_merge_reconciled.stdout
