{
  "completed_utc": "2026-10-03T03:37:10.158963+00:00",
  "separate_from_source_first_seal": true,
  "nonvacuous_rank_two_actual_graphs": [
    {
      "A_weights": [
        "17/100",
        "19/100",
        "23/100",
        "9/50",
        "23/100"
      ],
      "B_weights": [
        "1/5",
        "1/5",
        "1/5",
        "2/5"
      ],
      "C_weights": [
        "1/4",
        "1/4",
        "1/4",
        "1/4"
      ],
      "B_A_sets": [
        [
          0,
          1
        ],
        [
          1,
          2
        ],
        [
          0,
          2
        ],
        [
          3,
          4
        ]
      ],
      "B_C_sets": [
        [
          0
        ],
        [
          1
        ],
        [
          2
        ],
        [
          3
        ]
      ],
      "x": "2/5",
      "y": "1/4",
      "max_reach": "21/50",
      "at_most_two_positive_A_types": true
    },
    {
      "A_weights": [
        "1/500000000000000000",
        "1/500000000000000000",
        "499999999999999997/1000000000000000000",
        "499999999999999999/1000000000000000000"
      ],
      "B_weights": [
        "1/5",
        "1/5",
        "1/5",
        "2/5"
      ],
      "C_weights": [
        "1/4",
        "1/4",
        "1/4",
        "1/4"
      ],
      "B_A_sets": [
        [
          0,
          1
        ],
        [
          1,
          2
        ],
        [
          0,
          2
        ],
        [
          3
        ]
      ],
      "B_C_sets": [
        [
          0
        ],
        [
          1
        ],
        [
          2
        ],
        [
          3
        ]
      ],
      "x": "2/5",
      "y": "1/4",
      "max_reach": "499999999999999999/1000000000000000000",
      "at_most_two_positive_A_types": true
    },
    {
      "A_weights": [
        "17/100",
        "19/100",
        "21/100",
        "11/50",
        "21/100"
      ],
      "B_weights": [
        "1/5",
        "1/5",
        "1/5",
        "1/5",
        "1/5"
      ],
      "C_weights": [
        "1/5",
        "1/5",
        "1/5",
        "1/5",
        "1/5"
      ],
      "B_A_sets": [
        [
          0,
          1
        ],
        [
          1,
          2
        ],
        [
          2,
          3
        ],
        [
          3,
          4
        ],
        [
          0,
          4
        ]
      ],
      "B_C_sets": [
        [
          0
        ],
        [
          1
        ],
        [
          2
        ],
        [
          3
        ],
        [
          4
        ]
      ],
      "x": "2/5",
      "y": "1/5",
      "max_reach": "43/100",
      "at_most_two_positive_A_types": true
    }
  ],
  "middle_deletion_boundary_checks": 80,
  "weak_boundary_zero_deletion_cases": 8,
  "middle_deletion_parameter_receipts": [
    {
      "k": 2,
      "x": "1000000000000000003/3000000000000000000",
      "y": "1000000000000000003/3000000000000000000",
      "ky": "1000000000000000003/1500000000000000000",
      "k+y-1": "4000000000000000003/3000000000000000000",
      "strict_bound": "9/2000000000000000006",
      "weak_bound": "9/4000000000000000003"
    },
    {
      "k": 2,
      "x": "1/4",
      "y": "1/2",
      "ky": "1",
      "k+y-1": "3/2",
      "strict_bound": "1/4",
      "weak_bound": "0"
    },
    {
      "k": 2,
      "x": "1/1000000000000",
      "y": "499999999999/500000000000",
      "ky": "499999999999/250000000000",
      "k+y-1": "999999999999/500000000000",
      "strict_bound": "999999999997/1999999999996",
      "weak_bound": "0"
    },
    {
      "k": 2,
      "x": "1",
      "y": "1/1000000",
      "ky": "1/500000",
      "k+y-1": "1000001/1000000",
      "strict_bound": "1",
      "weak_bound": "1"
    },
    {
      "k": 3,
      "x": "250000000000000001/1000000000000000000",
      "y": "250000000000000001/1000000000000000000",
      "ky": "750000000000000003/1000000000000000000",
      "k+y-1": "2250000000000000001/1000000000000000000",
      "strict_bound": "4/750000000000000003",
      "weak_bound": "4/2250000000000000001"
    },
    {
      "k": 3,
      "x": "1/6",
      "y": "1/2",
      "ky": "3/2",
      "k+y-1": "5/2",
      "strict_bound": "4/9",
      "weak_bound": "0"
    },
    {
      "k": 3,
      "x": "1/1000000000000",
      "y": "999999999997/1000000000000",
      "ky": "2999999999991/1000000000000",
      "k+y-1": "2999999999997/1000000000000",
      "strict_bound": "666666666664/999999999997",
      "weak_bound": "0"
    },
    {
      "k": 3,
      "x": "1",
      "y": "1/1000000",
      "ky": "3/1000000",
      "k+y-1": "2000001/1000000",
      "strict_bound": "1",
      "weak_bound": "1"
    },
    {
      "k": 19,
      "x": "50000000000000001/1000000000000000000",
      "y": "50000000000000001/1000000000000000000",
      "ky": "950000000000000019/1000000000000000000",
      "k+y-1": "18050000000000000001/1000000000000000000",
      "strict_bound": "20/950000000000000019",
      "weak_bound": "20/18050000000000000001"
    },
    {
      "k": 19,
      "x": "1/38",
      "y": "1/2",
      "ky": "19/2",
      "k+y-1": "37/2",
      "strict_bound": "324/361",
      "weak_bound": "0"
    },
    {
      "k": 19,
      "x": "1/1000000000000",
      "y": "999999999981/1000000000000",
      "ky": "18999999999639/1000000000000",
      "k+y-1": "18999999999981/1000000000000",
      "strict_bound": "1999999999960/2111111111071",
      "weak_bound": "0"
    },
    {
      "k": 19,
      "x": "1",
      "y": "1/1000000",
      "ky": "19/1000000",
      "k+y-1": "18000001/1000000",
      "strict_bound": "1",
      "weak_bound": "1"
    },
    {
      "k": 1000003,
      "x": "250000000000250001/250001000000000000000000",
      "y": "250000000000250001/250001000000000000000000",
      "ky": "250000750000250001750003/250001000000000000000000",
      "k+y-1": "250001500002250000000000250001/250001000000000000000000",
      "strict_bound": "250002000004/250000750000250001750003",
      "weak_bound": "250002000004/250001500002250000000000250001"
    },
    {
      "k": 1000003,
      "x": "1/2000006",
      "y": "1/2",
      "ky": "1000003/2",
      "k+y-1": "2000005/2",
      "strict_bound": "1000004000004/1000006000009",
      "weak_bound": "0"
    },
    {
      "k": 1000003,
      "x": "1/1000000000000",
      "y": "999998999997/1000000000000",
      "ky": "1000001999993999991/1000000000000",
      "k+y-1": "1000002999998999997/1000000000000",
      "strict_bound": "333333666664666664/333333999997999997",
      "weak_bound": "0"
    },
    {
      "k": 1000003,
      "x": "1",
      "y": "1/1000000",
      "ky": "1000003/1000000",
      "k+y-1": "1000002000001/1000000",
      "strict_bound": "1",
      "weak_bound": "1"
    }
  ],
  "actual_middle_deletion": {
    "x": "9/20",
    "y": "3/5",
    "epsilon": "1/10",
    "lower_x_prime": "7/18",
    "actual_x_prime": "1/2",
    "actual_remaining_y": "3/5",
    "reach_before": "1",
    "reach_after": "1"
  },
  "uncrossing": {
    "ordinary_part_sizes": [
      55,
      330,
      11
    ],
    "old_max": 45,
    "all_reassignments": 108900,
    "maximum_reach_histogram": {
      "51": 23100,
      "55": 85800
    },
    "minimum_legal_max": 51,
    "minimizer": [
      [
        0,
        1,
        2,
        3
      ],
      [
        0,
        1,
        2,
        3
      ]
    ],
    "union_per_C": [
      51,
      51,
      51,
      51,
      51,
      51,
      51,
      51,
      55,
      55,
      55
    ],
    "intersection_per_C": [
      45,
      45,
      45,
      45,
      45,
      45,
      45,
      45,
      47,
      47,
      47
    ]
  }
}
