{
  "utc": "2026-10-03T03:37:54.200932+00:00",
  "independent_seal_still_valid": true,
  "every_own_weighted_primal_dual_certificate_rechecked": 70,
  "every_sources_family_lp_certificate_rechecked": 219,
  "every_uniform_boundary_rechecked": 330,
  "every_cover_primal_dual_rechecked": 7,
  "root_full_control_stream_comparisons": [
    {
      "family": "maximal_types_review",
      "script": "actual_graph_controls",
      "full_json_equal": true,
      "excluded_metadata": "elapsed_seconds"
    },
    {
      "family": "maximal_types_review",
      "script": "rank_witness_controls",
      "full_json_equal": true,
      "excluded_metadata": null
    },
    {
      "family": "maximal_types_review",
      "script": "triple_clique_controls",
      "full_json_equal": true,
      "excluded_metadata": null
    },
    {
      "family": "maximal_types_review",
      "script": "deletion_boundary_controls",
      "full_json_equal": true,
      "excluded_metadata": null
    }
  ],
  "root_source_and_laminar_summary_counts_match_frozen_full_outputs": true,
  "own_complete_source_publication_replay_equals_root_full_stdout": true,
  "all_family_artifact_inventories_exact": true,
  "reports_compared": [
    "ROOT_MATHEMATICAL_RECONSTRUCTION.md",
    "sources_lp_review/REVIEW.md",
    "maximal_types_review/PROOF_AUDIT.md",
    "maximal_types_review/REPORT.md",
    "laminar_uncrossing_review/FINAL_REVIEW.md",
    "snapshot/unsolved_math_prioritization/attempts/30004047/review/REVIEW.md"
  ],
  "proof_scope_agreement": "All independently agree on restricted theorem scopes and unresolved arbitrary overlapping higher-rank gap; historical/family conclusions are comparisons, not premises."
}
