[main c5a7e7be0] Preserve PR383 queue integration for fresh final adversarial review
 70 files changed, 4133 insertions(+), 5 deletions(-)
 create mode 100644 draft_pr_descending_audit_20261002/audits/pr383_30004047/queue_repair_receipt.json
 create mode 100644 draft_pr_descending_audit_20261002/audits/pr383_30004047/repair_commit.stderr
 create mode 100644 draft_pr_descending_audit_20261002/audits/pr383_30004047/repair_commit.stdout
 create mode 100644 draft_pr_descending_audit_20261002/audits/pr383_30004047/repair_immediate_remote.stderr
 create mode 100644 draft_pr_descending_audit_20261002/audits/pr383_30004047/repair_immediate_remote.stdout
 create mode 100644 draft_pr_descending_audit_20261002/audits/pr383_30004047/repair_main_fetch.stderr
 create mode 100644 draft_pr_descending_audit_20261002/audits/pr383_30004047/repair_main_fetch.stdout
 create mode 100644 draft_pr_descending_audit_20261002/audits/pr383_30004047/repair_merge_tree.stderr
 create mode 100644 draft_pr_descending_audit_20261002/audits/pr383_30004047/repair_merge_tree.stdout
 create mode 100644 draft_pr_descending_audit_20261002/audits/pr383_30004047/repair_push.stderr
 create mode 100644 draft_pr_descending_audit_20261002/audits/pr383_30004047/repair_push.stdout
 create mode 100644 draft_pr_descending_audit_20261002/audits/pr383_30004047/repair_remote.stderr
 create mode 100644 draft_pr_descending_audit_20261002/audits/pr383_30004047/repair_remote.stdout
 create mode 100644 draft_pr_descending_audit_20261002/audits/pr383_30004047/repaired_snapshot/unsolved_math_prioritization/QUEUE.md
 create mode 100644 draft_pr_descending_audit_20261002/audits/pr383_30004047/repaired_snapshot/unsolved_math_prioritization/attempts/30004047/CURRENT_STATE.json
 create mode 100644 draft_pr_descending_audit_20261002/audits/pr383_30004047/repaired_snapshot/unsolved_math_prioritization/attempts/30004047/FINAL_AUTHOR_MANIFEST.json
 create mode 100644 draft_pr_descending_audit_20261002/audits/pr383_30004047/repaired_snapshot/unsolved_math_prioritization/attempts/30004047/FINAL_REPLAY.json
 create mode 100644 draft_pr_descending_audit_20261002/audits/pr383_30004047/repaired_snapshot/unsolved_math_prioritization/attempts/30004047/FINAL_REVIEW_REQUEST.md
 create mode 100644 draft_pr_descending_audit_20261002/audits/pr383_30004047/repaired_snapshot/unsolved_math_prioritization/attempts/30004047/FINAL_STATE.json
 create mode 100644 draft_pr_descending_audit_20261002/audits/pr383_30004047/repaired_snapshot/unsolved_math_prioritization/attempts/30004047/LOG_T2.md
 create mode 100644 draft_pr_descending_audit_20261002/audits/pr383_30004047/repaired_snapshot/unsolved_math_prioritization/attempts/30004047/LOG_T3.md
 create mode 100644 draft_pr_descending_audit_20261002/audits/pr383_30004047/repaired_snapshot/unsolved_math_prioritization/attempts/30004047/LOG_T4.md
 create mode 100644 draft_pr_descending_audit_20261002/audits/pr383_30004047/repaired_snapshot/unsolved_math_prioritization/attempts/30004047/LOG_T5.md
 create mode 100644 draft_pr_descending_audit_20261002/audits/pr383_30004047/repaired_snapshot/unsolved_math_prioritization/attempts/30004047/PUBLICATION_MANIFEST.json
 create mode 100644 draft_pr_descending_audit_20261002/audits/pr383_30004047/repaired_snapshot/unsolved_math_prioritization/attempts/30004047/PUBLICATION_STATUS.md
 create mode 100644 draft_pr_descending_audit_20261002/audits/pr383_30004047/repaired_snapshot/unsolved_math_prioritization/attempts/30004047/REMOTE_SCOPE.md
 create mode 100644 draft_pr_descending_audit_20261002/audits/pr383_30004047/repaired_snapshot/unsolved_math_prioritization/attempts/30004047/RESEARCH_LOG.md
 create mode 100644 draft_pr_descending_audit_20261002/audits/pr383_30004047/repaired_snapshot/unsolved_math_prioritization/attempts/30004047/RESULT.md
 create mode 100644 draft_pr_descending_audit_20261002/audits/pr383_30004047/repaired_snapshot/unsolved_math_prioritization/attempts/30004047/SOURCE_MANIFEST.json
 create mode 100644 draft_pr_descending_audit_20261002/audits/pr383_30004047/repaired_snapshot/unsolved_math_prioritization/attempts/30004047/SOURCE_SCOPE.md
 create mode 100644 draft_pr_descending_audit_20261002/audits/pr383_30004047/repaired_snapshot/unsolved_math_prioritization/attempts/30004047/STATE.json
 create mode 100644 draft_pr_descending_audit_20261002/audits/pr383_30004047/repaired_snapshot/unsolved_math_prioritization/attempts/30004047/STATE_T2.json
 create mode 100644 draft_pr_descending_audit_20261002/audits/pr383_30004047/repaired_snapshot/unsolved_math_prioritization/attempts/30004047/STATE_T3.json
 create mode 100644 draft_pr_descending_audit_20261002/audits/pr383_30004047/repaired_snapshot/unsolved_math_prioritization/attempts/30004047/STATE_T4.json
 create mode 100644 draft_pr_descending_audit_20261002/audits/pr383_30004047/repaired_snapshot/unsolved_math_prioritization/attempts/30004047/STATE_T5.json
 create mode 100644 draft_pr_descending_audit_20261002/audits/pr383_30004047/repaired_snapshot/unsolved_math_prioritization/attempts/30004047/TURN_1.md
 create mode 100644 draft_pr_descending_audit_20261002/audits/pr383_30004047/repaired_snapshot/unsolved_math_prioritization/attempts/30004047/TURN_1_CHECKS.json
 create mode 100644 draft_pr_descending_audit_20261002/audits/pr383_30004047/repaired_snapshot/unsolved_math_prioritization/attempts/30004047/TURN_1_MANIFEST.json
 create mode 100644 draft_pr_descending_audit_20261002/audits/pr383_30004047/repaired_snapshot/unsolved_math_prioritization/attempts/30004047/TURN_2.md
 create mode 100644 draft_pr_descending_audit_20261002/audits/pr383_30004047/repaired_snapshot/unsolved_math_prioritization/attempts/30004047/TURN_2_CHECKS.json
 create mode 100644 draft_pr_descending_audit_20261002/audits/pr383_30004047/repaired_snapshot/unsolved_math_prioritization/attempts/30004047/TURN_2_MANIFEST.json
 create mode 100644 draft_pr_descending_audit_20261002/audits/pr383_30004047/repaired_snapshot/unsolved_math_prioritization/attempts/30004047/TURN_3.md
 create mode 100644 draft_pr_descending_audit_20261002/audits/pr383_30004047/repaired_snapshot/unsolved_math_prioritization/attempts/30004047/TURN_3_CHECKS.json
 create mode 100644 draft_pr_descending_audit_20261002/audits/pr383_30004047/repaired_snapshot/unsolved_math_prioritization/attempts/30004047/TURN_3_MANIFEST.json
 create mode 100644 draft_pr_descending_audit_20261002/audits/pr383_30004047/repaired_snapshot/unsolved_math_prioritization/attempts/30004047/TURN_4.md
 create mode 100644 draft_pr_descending_audit_20261002/audits/pr383_30004047/repaired_snapshot/unsolved_math_prioritization/attempts/30004047/TURN_4_CHECKS.json
 create mode 100644 draft_pr_descending_audit_20261002/audits/pr383_30004047/repaired_snapshot/unsolved_math_prioritization/attempts/30004047/TURN_4_MANIFEST.json
 create mode 100644 draft_pr_descending_audit_20261002/audits/pr383_30004047/repaired_snapshot/unsolved_math_prioritization/attempts/30004047/TURN_5.md
 create mode 100644 draft_pr_descending_audit_20261002/audits/pr383_30004047/repaired_snapshot/unsolved_math_prioritization/attempts/30004047/TURN_5_CHECKS.json
 create mode 100644 draft_pr_descending_audit_20261002/audits/pr383_30004047/repaired_snapshot/unsolved_math_prioritization/attempts/30004047/TURN_5_MANIFEST.json
 create mode 100644 draft_pr_descending_audit_20261002/audits/pr383_30004047/repaired_snapshot/unsolved_math_prioritization/attempts/30004047/check_turn_1.py
 create mode 100644 draft_pr_descending_audit_20261002/audits/pr383_30004047/repaired_snapshot/unsolved_math_prioritization/attempts/30004047/check_turn_2.py
 create mode 100644 draft_pr_descending_audit_20261002/audits/pr383_30004047/repaired_snapshot/unsolved_math_prioritization/attempts/30004047/check_turn_3.py
 create mode 100644 draft_pr_descending_audit_20261002/audits/pr383_30004047/repaired_snapshot/unsolved_math_prioritization/attempts/30004047/check_turn_4.py
 create mode 100644 draft_pr_descending_audit_20261002/audits/pr383_30004047/repaired_snapshot/unsolved_math_prioritization/attempts/30004047/check_turn_5.py
 create mode 100644 draft_pr_descending_audit_20261002/audits/pr383_30004047/repaired_snapshot/unsolved_math_prioritization/attempts/30004047/review/AUTHOR_REPLAY.json
 create mode 100644 draft_pr_descending_audit_20261002/audits/pr383_30004047/repaired_snapshot/unsolved_math_prioritization/attempts/30004047/review/INDEPENDENT_CHECKS.json
 create mode 100644 draft_pr_descending_audit_20261002/audits/pr383_30004047/repaired_snapshot/unsolved_math_prioritization/attempts/30004047/review/REVIEW.md
 create mode 100644 draft_pr_descending_audit_20261002/audits/pr383_30004047/repaired_snapshot/unsolved_math_prioritization/attempts/30004047/review/REVIEW_MANIFEST.json
 create mode 100644 draft_pr_descending_audit_20261002/audits/pr383_30004047/repaired_snapshot/unsolved_math_prioritization/attempts/30004047/review/independent_check.py
 create mode 100644 draft_pr_descending_audit_20261002/audits/pr383_30004047/repaired_snapshot/unsolved_math_prioritization/attempts/30004047/verify_packet.py
 create mode 100644 draft_pr_descending_audit_20261002/audits/pr383_30004047/repaired_snapshot/unsolved_math_prioritization/attempts/30004047/verify_publication.py
 create mode 100644 draft_pr_descending_audit_20261002/audits/pr383_30004047/repaired_snapshot_manifest.json
 create mode 100644 draft_pr_descending_audit_20261002/audits/pr384_30004106/post_acceptance_checkpoint_commit.stderr
 create mode 100644 draft_pr_descending_audit_20261002/audits/pr384_30004106/post_acceptance_checkpoint_commit.stdout
 create mode 100644 draft_pr_descending_audit_20261002/audits/pr384_30004106/post_acceptance_checkpoint_push.stderr
 create mode 100644 draft_pr_descending_audit_20261002/audits/pr384_30004106/post_acceptance_checkpoint_push.stdout
