{
  "status": "PASS",
  "counts": {
    "eligible_triples": 80,
    "maximal_compatibility_cliques": 161,
    "all_compatible_subfamilies": 4382,
    "independent_classification_checks": 4382,
    "exact_charge_neighborhood_checks": 162642,
    "exceptional_disjoint_fourset_cases": 25
  },
  "weighted_A_cardinality_obstruction": {
    "weights": [
      "1/10",
      "1/10",
      "1/10",
      "7/20",
      "7/20"
    ],
    "reached_types": [
      0,
      1,
      2
    ],
    "reached_mass": "3/10",
    "uniform_rank_bound": 2,
    "purpose": "Refutes weighted-mass-to-uniform-cardinality step, not the original conjecture."
  },
  "scope": "All pairwise-compatible residual triple families on nine equally weighted first vertices with one specified four-type, via independent maximal-clique enumeration."
}
