{
  "checks": [
    {
      "exact_residual": "0",
      "name": "Euclidean energy normalization",
      "status": "PASS"
    },
    {
      "exact_residual": "0",
      "name": "Boundary angular primitive",
      "status": "PASS"
    },
    {
      "exact_residual": "0",
      "name": "Enclosing-sphere Newton mean",
      "status": "PASS"
    },
    {
      "exact_residual": "0",
      "name": "Exact conformal capacity from inner boundary flux",
      "status": "PASS"
    },
    {
      "exact_residual": "0",
      "name": "Exterior radial harmonicity",
      "status": "PASS"
    },
    {
      "exact_residual": "0",
      "name": "ADM conformal mass",
      "status": "PASS"
    },
    {
      "exact_residual": "0",
      "name": "Origin-ray odd term cancellation",
      "status": "PASS"
    },
    {
      "exact_residual": "0",
      "name": "Solid-ball Newton moment by origin rays",
      "status": "PASS"
    },
    {
      "exact_residual": "0",
      "name": "Signed volume-radius shift",
      "status": "PASS"
    },
    {
      "exact_residual": "0",
      "name": "General off-center deficit",
      "status": "PASS"
    },
    {
      "exact_residual": "0",
      "name": "Strict-gap exact expression",
      "status": "PASS"
    },
    {
      "exact_residual": "0",
      "name": "Frozen explicit limit",
      "status": "PASS"
    },
    {
      "exact_residual": "0",
      "name": "Frozen explicit gap",
      "status": "PASS"
    },
    {
      "exact_residual": "0",
      "name": "Centered boundary control",
      "status": "PASS"
    },
    {
      "exact_residual": "0",
      "name": "Zero-mass Euclidean control",
      "status": "PASS"
    },
    {
      "exact_residual": "0",
      "name": "Homothety of deficit",
      "status": "PASS"
    },
    {
      "exact_residual": "0",
      "name": "Homothety of capacity",
      "status": "PASS"
    },
    {
      "exact_residual": "0",
      "name": "Cube-root constant shift",
      "status": "PASS"
    },
    {
      "exact_residual": "0",
      "name": "Cutoff radial Laplacian",
      "status": "PASS"
    },
    {
      "exact_residual": "0",
      "name": "Compact-fill volume-radius order",
      "status": "PASS"
    },
    {
      "exact_residual": "0",
      "name": "Continuous remainder quotient",
      "status": "PASS"
    },
    {
      "exact_residual": "0",
      "name": "Remainder coefficient majorant",
      "status": "PASS"
    },
    {
      "exact_residual": "0",
      "name": "Positive/negative unified formula",
      "status": "PASS"
    }
  ],
  "exact_assertions": 23,
  "mechanisms": [
    "Euclidean variational energy normalization",
    "inner-boundary flux on displaced ball",
    "origin-ray solid-ball Newton moment",
    "radial scalar-curvature exclusion",
    "homothety and limiting controls",
    "continuous binomial remainder bound"
  ],
  "scope": "Auxiliary exact calculations only; see INDEPENDENT_MATHEMATICAL_VERDICT.md for the proof and hypotheses.",
  "status": "PASS",
  "unverified_by_code": [
    "smooth cutoff existence and completeness are analytical",
    "capacitary uniqueness is analytical",
    "arbitrary exhaustion supremum not numerically evaluated",
    "prior theorem applicability independently read from primary sources"
  ]
}
