{
  "categories": {
    "collar_legality": 1,
    "collared_chain": 1,
    "cover_betti": 24,
    "cover_cochain": 24,
    "cover_connected_monodromy": 3000,
    "cycle_basis_boundary": 1,
    "cycle_basis_rank": 1,
    "cycle_substitution": 1,
    "product_rank_bound": 19607,
    "proper_inverse_a": 1,
    "proper_inverse_b": 1,
    "pullback_degree0": 10,
    "pullback_degree1": 10,
    "stable_image": 1,
    "sturmian_sharpness": 5,
    "transfer_cochain0": 10,
    "transfer_cochain1": 10,
    "transfer_leftinverse0": 10,
    "transfer_leftinverse1and2": 10
  },
  "exact_assertions": 22728,
  "scope": "Exact finite cochain, cover, collar and rank controls; topology and admissibility audited analytically"
}
