{
  "status": "pass",
  "uid": 1000,
  "euid": 1000,
  "count": 41,
  "checks": [
    {
      "name": "cutoff_energy_without_ball_volume",
      "arithmetic": "exact_symbolic",
      "status": "pass"
    },
    {
      "name": "annular_average",
      "arithmetic": "exact_symbolic",
      "status": "pass"
    },
    {
      "name": "thickness_ratio",
      "arithmetic": "exact_symbolic",
      "status": "pass"
    },
    {
      "name": "spike_height",
      "arithmetic": "exact_symbolic",
      "status": "pass"
    },
    {
      "name": "relative_radius",
      "arithmetic": "exact_symbolic",
      "status": "pass"
    },
    {
      "name": "adjacent_separation",
      "arithmetic": "exact_symbolic",
      "status": "pass"
    },
    {
      "name": "support_separation_maximum",
      "arithmetic": "exact_rational_or_symbolic_sign",
      "status": "pass"
    },
    {
      "name": "relative_radius_maximum",
      "arithmetic": "exact_rational_or_symbolic_sign",
      "status": "pass"
    },
    {
      "name": "spike_Lq_scaling",
      "arithmetic": "exact_symbolic",
      "status": "pass"
    },
    {
      "name": "critical_norm_scaling",
      "arithmetic": "exact_symbolic",
      "status": "pass"
    },
    {
      "name": "sum_spike_weights",
      "arithmetic": "exact_symbolic",
      "status": "pass"
    },
    {
      "name": "strict_form_margin",
      "arithmetic": "exact_symbolic",
      "status": "pass"
    },
    {
      "name": "baseline_mass",
      "arithmetic": "exact_symbolic",
      "status": "pass"
    },
    {
      "name": "curvature_ratio_exponent",
      "arithmetic": "exact_symbolic",
      "status": "pass"
    },
    {
      "name": "osc_first",
      "arithmetic": "exact_symbolic",
      "status": "pass"
    },
    {
      "name": "osc_second",
      "arithmetic": "exact_symbolic",
      "status": "pass"
    },
    {
      "name": "osc_third",
      "arithmetic": "exact_symbolic",
      "status": "pass"
    },
    {
      "name": "osc_positive_lower",
      "arithmetic": "exact_rational_or_symbolic_sign",
      "status": "pass"
    },
    {
      "name": "osc_first_positive",
      "arithmetic": "exact_rational_or_symbolic_sign",
      "status": "pass"
    },
    {
      "name": "osc_second_positive",
      "arithmetic": "exact_rational_or_symbolic_sign",
      "status": "pass"
    },
    {
      "name": "osc_third_negative",
      "arithmetic": "exact_rational_or_symbolic_sign",
      "status": "pass"
    },
    {
      "name": "entire_equation",
      "arithmetic": "exact_symbolic",
      "status": "pass"
    },
    {
      "name": "entire_linearization",
      "arithmetic": "exact_symbolic",
      "status": "pass"
    },
    {
      "name": "hardy_comparison",
      "arithmetic": "exact_symbolic",
      "status": "pass"
    },
    {
      "name": "dimension_threshold",
      "arithmetic": "exact_symbolic",
      "status": "pass"
    },
    {
      "name": "threshold_n10",
      "arithmetic": "exact_rational_or_symbolic_sign",
      "status": "pass"
    },
    {
      "name": "threshold_n9_fails",
      "arithmetic": "exact_rational_or_symbolic_sign",
      "status": "pass"
    },
    {
      "name": "comparison_nge10_coefficients",
      "arithmetic": "exact_rational_or_symbolic_sign",
      "status": "pass"
    },
    {
      "name": "normalized_value",
      "arithmetic": "exact_symbolic",
      "status": "pass"
    },
    {
      "name": "normalized_derivative",
      "arithmetic": "exact_symbolic",
      "status": "pass"
    },
    {
      "name": "normalized_equation",
      "arithmetic": "exact_symbolic",
      "status": "pass"
    },
    {
      "name": "blowup_PDE_factor",
      "arithmetic": "exact_symbolic",
      "status": "pass"
    },
    {
      "name": "blowup_derivative_at_zero",
      "arithmetic": "exact_symbolic",
      "status": "pass"
    },
    {
      "name": "blowup_stability_coefficient",
      "arithmetic": "exact_symbolic",
      "status": "pass"
    },
    {
      "name": "cylinder_equation_radial",
      "arithmetic": "exact_symbolic",
      "status": "pass"
    },
    {
      "name": "cylinder_radial_weight",
      "arithmetic": "exact_symbolic",
      "status": "pass"
    },
    {
      "name": "cylinder_energy_expansion",
      "arithmetic": "exact_symbolic",
      "status": "pass"
    },
    {
      "name": "angular_equation",
      "arithmetic": "exact_symbolic",
      "status": "pass"
    },
    {
      "name": "potential_chain_rule",
      "arithmetic": "exact_symbolic",
      "status": "pass"
    },
    {
      "name": "gradient_compatibility",
      "arithmetic": "exact_symbolic",
      "status": "pass"
    },
    {
      "name": "log_gradient_segment_constant",
      "arithmetic": "exact_symbolic",
      "status": "pass"
    }
  ],
  "full_target_proved": false,
  "scope": "Exact algebra and rational checks; no compactness, extremality or full-target certificate."
}
