{
  "status": "pass",
  "checks": [
    {
      "name": "annulus_average_constant",
      "result": "pass",
      "arithmetic": "exact_symbolic"
    },
    {
      "name": "thickness_radius_factor",
      "result": "pass",
      "arithmetic": "exact_symbolic"
    },
    {
      "name": "spike_height_scaling",
      "result": "pass",
      "arithmetic": "exact_symbolic"
    },
    {
      "name": "spike_relative_radius",
      "result": "pass",
      "arithmetic": "exact_symbolic"
    },
    {
      "name": "adjacent_support_ratio",
      "result": "pass",
      "arithmetic": "exact_symbolic"
    },
    {
      "name": "adjacent_support_inequality_k_ge_1",
      "result": "pass",
      "arithmetic": "exact_rational_plus_monotonicity"
    },
    {
      "name": "curvature_ratio_exponent",
      "result": "pass",
      "arithmetic": "exact_symbolic"
    },
    {
      "name": "oscillatory_f_first_derivative",
      "result": "pass",
      "arithmetic": "exact_symbolic"
    },
    {
      "name": "oscillatory_f_second_derivative",
      "result": "pass",
      "arithmetic": "exact_symbolic"
    },
    {
      "name": "oscillatory_f_third_derivative",
      "result": "pass",
      "arithmetic": "exact_symbolic"
    },
    {
      "name": "negative_third_derivative_value",
      "result": "pass",
      "arithmetic": "exact_symbolic"
    },
    {
      "name": "oscillatory_derivative_signs",
      "result": "pass",
      "arithmetic": "exact_rational_squared_comparisons"
    },
    {
      "name": "entire_solution_PDE",
      "result": "pass",
      "arithmetic": "exact_symbolic"
    },
    {
      "name": "entire_stability_potential",
      "result": "pass",
      "arithmetic": "exact_symbolic"
    },
    {
      "name": "entire_potential_Hardy_comparison",
      "result": "pass",
      "arithmetic": "exact_symbolic"
    },
    {
      "name": "Hardy_dimension_threshold",
      "result": "pass",
      "arithmetic": "exact_symbolic"
    },
    {
      "name": "normalized_g_value",
      "result": "pass",
      "arithmetic": "exact_symbolic"
    },
    {
      "name": "normalized_g_derivative",
      "result": "pass",
      "arithmetic": "exact_symbolic"
    },
    {
      "name": "normalized_entire_PDE",
      "result": "pass",
      "arithmetic": "exact_symbolic"
    },
    {
      "name": "cylindrical_radial_operator",
      "result": "pass",
      "arithmetic": "exact_symbolic"
    },
    {
      "name": "cylinder_measure_exponent",
      "result": "pass",
      "arithmetic": "exact_symbolic"
    },
    {
      "name": "cylinder_energy_cross_term",
      "result": "pass",
      "arithmetic": "exact_symbolic"
    },
    {
      "name": "potential_chain_rule_jets",
      "result": "pass",
      "arithmetic": "exact_symbolic"
    }
  ],
  "count": 23,
  "numerical_evidence": false,
  "full_target_proved": false,
  "scope": "Exact identities and finite arithmetic checks only. Analytic arguments require mathematical review."
}
