{
  "after": {
    "annulus_constant.py": {
      "bytes": 4085,
      "sha256": "e8201f08a7be7d2287c96835c697dfdb6092cb0854f2c5d1254114f759e6298c"
    },
    "audit_exact.py": {
      "bytes": 6173,
      "sha256": "11cb90ca2f49da6eb6ec0844e882e1d8890c23f3a7d7c33c41aec1d81dcc273a"
    },
    "chain_rule_sign.py": {
      "bytes": 4083,
      "sha256": "6010a8cef88bf0cb257a88656484901589277ea5da2a668e540d003723726511"
    },
    "check_exact.py": {
      "bytes": 4083,
      "sha256": "329a44587860e4f59673b4970785ea2f6989680f78ea7b9e7c34a0f1012f3ced"
    },
    "curvature_ratio.py": {
      "bytes": 4083,
      "sha256": "2253332d5738461783830e6f3f8d1c39279ed02c7f8b36feee1e85c18bdf6fe0"
    },
    "cylinder_drift.py": {
      "bytes": 4083,
      "sha256": "08fd134035ab84b160b65d37b38a7c63c22a3c64739f92c083def83d4fc982f8"
    },
    "cylinder_measure.py": {
      "bytes": 4083,
      "sha256": "4c982b1ccf5c5cad839d5a0739c0092c5c3c135f1477e912493f7faaccb6af90"
    },
    "energy_cross_coefficient.py": {
      "bytes": 4083,
      "sha256": "c11691e0eaba9f38abfe156db7ec95373dd39c2a689dfb6840f9519b7dd17fdf"
    },
    "entire_comparison_coefficient.py": {
      "bytes": 4083,
      "sha256": "89105bf225c706fb9b924b3440f7f5a3b2641d0fb09918206a5ccad0fffeb17e"
    },
    "entire_potential_coefficient.py": {
      "bytes": 4083,
      "sha256": "249fff10aa769bd72d3f8280d5d8c4e07f0f9fc07902bfe7758cd5b9cbf0f0ac"
    },
    "entire_rhs.py": {
      "bytes": 4083,
      "sha256": "22bc8e21da61047a74a5ee1a1163852f13954ac05308aae5a6b1dfe127e20ec5"
    },
    "first_derivative_coefficient.py": {
      "bytes": 4083,
      "sha256": "34470966ff94cf2de4ca54fb79e84cfa1819ea7d69717967e5d73e231db36ead"
    },
    "hardy_threshold.py": {
      "bytes": 4082,
      "sha256": "c0b8b19e25facd0464849fc14abb130d6f4a851d7492bb0d666289130ada92cc"
    },
    "negative_third_sign.py": {
      "bytes": 4083,
      "sha256": "9305222937a854c255ac6e4c99b8b20eb65fc27592b41de8d4fb50c2fbffdec1"
    },
    "normalization_amplitude.py": {
      "bytes": 4083,
      "sha256": "15ffb0318c9ff1094798f3fe6b8e88a178c6ad6f2b82a6a1fbdfc6c54b64800a"
    },
    "normalization_radius.py": {
      "bytes": 4081,
      "sha256": "689106c226a04aa40119ff856425cf725f129d64125760939d5de7319abec0f9"
    },
    "normalized_value.py": {
      "bytes": 4083,
      "sha256": "d152ef8df9f29acfe7bb717bd7e438d0970823d0bf1a1281df47c271ac9b086d"
    },
    "oscillatory_derivative.py": {
      "bytes": 4083,
      "sha256": "c03cbeb961f8b742619d97b56983ce9e3dd6414f914062d7e19b12935ad7b848"
    },
    "spike_exponent.py": {
      "bytes": 4083,
      "sha256": "9ffaa416ddf10d58e2502e870f5a2685a840d7d25cbcaa8c35daf19c30671b30"
    },
    "spike_relative_scale.py": {
      "bytes": 4083,
      "sha256": "73279a3e10760904adc5b58c0fda65260b0dd56762d2f3456409522deff86247"
    },
    "spike_support_ratio.py": {
      "bytes": 4083,
      "sha256": "58cd486fc8704d1c38f68f517604fe69dc3735ac6f0387fee06880d210b2602e"
    },
    "thickness_factor.py": {
      "bytes": 4082,
      "sha256": "bea575717be41883caf01a1317741a399e978dd726b5c30f769f3d8f0015228d"
    }
  },
  "authored_algebra_mutants": 20,
  "before": {
    "annulus_constant.py": {
      "bytes": 4085,
      "sha256": "e8201f08a7be7d2287c96835c697dfdb6092cb0854f2c5d1254114f759e6298c"
    },
    "audit_exact.py": {
      "bytes": 6173,
      "sha256": "11cb90ca2f49da6eb6ec0844e882e1d8890c23f3a7d7c33c41aec1d81dcc273a"
    },
    "chain_rule_sign.py": {
      "bytes": 4083,
      "sha256": "6010a8cef88bf0cb257a88656484901589277ea5da2a668e540d003723726511"
    },
    "check_exact.py": {
      "bytes": 4083,
      "sha256": "329a44587860e4f59673b4970785ea2f6989680f78ea7b9e7c34a0f1012f3ced"
    },
    "curvature_ratio.py": {
      "bytes": 4083,
      "sha256": "2253332d5738461783830e6f3f8d1c39279ed02c7f8b36feee1e85c18bdf6fe0"
    },
    "cylinder_drift.py": {
      "bytes": 4083,
      "sha256": "08fd134035ab84b160b65d37b38a7c63c22a3c64739f92c083def83d4fc982f8"
    },
    "cylinder_measure.py": {
      "bytes": 4083,
      "sha256": "4c982b1ccf5c5cad839d5a0739c0092c5c3c135f1477e912493f7faaccb6af90"
    },
    "energy_cross_coefficient.py": {
      "bytes": 4083,
      "sha256": "c11691e0eaba9f38abfe156db7ec95373dd39c2a689dfb6840f9519b7dd17fdf"
    },
    "entire_comparison_coefficient.py": {
      "bytes": 4083,
      "sha256": "89105bf225c706fb9b924b3440f7f5a3b2641d0fb09918206a5ccad0fffeb17e"
    },
    "entire_potential_coefficient.py": {
      "bytes": 4083,
      "sha256": "249fff10aa769bd72d3f8280d5d8c4e07f0f9fc07902bfe7758cd5b9cbf0f0ac"
    },
    "entire_rhs.py": {
      "bytes": 4083,
      "sha256": "22bc8e21da61047a74a5ee1a1163852f13954ac05308aae5a6b1dfe127e20ec5"
    },
    "first_derivative_coefficient.py": {
      "bytes": 4083,
      "sha256": "34470966ff94cf2de4ca54fb79e84cfa1819ea7d69717967e5d73e231db36ead"
    },
    "hardy_threshold.py": {
      "bytes": 4082,
      "sha256": "c0b8b19e25facd0464849fc14abb130d6f4a851d7492bb0d666289130ada92cc"
    },
    "negative_third_sign.py": {
      "bytes": 4083,
      "sha256": "9305222937a854c255ac6e4c99b8b20eb65fc27592b41de8d4fb50c2fbffdec1"
    },
    "normalization_amplitude.py": {
      "bytes": 4083,
      "sha256": "15ffb0318c9ff1094798f3fe6b8e88a178c6ad6f2b82a6a1fbdfc6c54b64800a"
    },
    "normalization_radius.py": {
      "bytes": 4081,
      "sha256": "689106c226a04aa40119ff856425cf725f129d64125760939d5de7319abec0f9"
    },
    "normalized_value.py": {
      "bytes": 4083,
      "sha256": "d152ef8df9f29acfe7bb717bd7e438d0970823d0bf1a1281df47c271ac9b086d"
    },
    "oscillatory_derivative.py": {
      "bytes": 4083,
      "sha256": "c03cbeb961f8b742619d97b56983ce9e3dd6414f914062d7e19b12935ad7b848"
    },
    "spike_exponent.py": {
      "bytes": 4083,
      "sha256": "9ffaa416ddf10d58e2502e870f5a2685a840d7d25cbcaa8c35daf19c30671b30"
    },
    "spike_relative_scale.py": {
      "bytes": 4083,
      "sha256": "73279a3e10760904adc5b58c0fda65260b0dd56762d2f3456409522deff86247"
    },
    "spike_support_ratio.py": {
      "bytes": 4083,
      "sha256": "58cd486fc8704d1c38f68f517604fe69dc3735ac6f0387fee06880d210b2602e"
    },
    "thickness_factor.py": {
      "bytes": 4082,
      "sha256": "bea575717be41883caf01a1317741a399e978dd726b5c30f769f3d8f0015228d"
    }
  },
  "child_physical_denials": 86,
  "euid": 1000,
  "explicit_failure_runs": 2,
  "fixture_unchanged": true,
  "independent_algebra_mutants": 19,
  "mathematical_negative_controls": 39,
  "normalization": "NONE",
  "optimization": 2,
  "physical_denials": [
    {
      "denied": true,
      "errno": 13,
      "path": "."
    },
    {
      "denied": true,
      "errno": 13,
      "path": "annulus_constant.py"
    },
    {
      "denied": true,
      "errno": 13,
      "path": "audit_exact.py"
    },
    {
      "denied": true,
      "errno": 13,
      "path": "chain_rule_sign.py"
    },
    {
      "denied": true,
      "errno": 13,
      "path": "check_exact.py"
    },
    {
      "denied": true,
      "errno": 13,
      "path": "curvature_ratio.py"
    },
    {
      "denied": true,
      "errno": 13,
      "path": "cylinder_drift.py"
    },
    {
      "denied": true,
      "errno": 13,
      "path": "cylinder_measure.py"
    },
    {
      "denied": true,
      "errno": 13,
      "path": "energy_cross_coefficient.py"
    },
    {
      "denied": true,
      "errno": 13,
      "path": "entire_comparison_coefficient.py"
    },
    {
      "denied": true,
      "errno": 13,
      "path": "entire_potential_coefficient.py"
    },
    {
      "denied": true,
      "errno": 13,
      "path": "entire_rhs.py"
    },
    {
      "denied": true,
      "errno": 13,
      "path": "first_derivative_coefficient.py"
    },
    {
      "denied": true,
      "errno": 13,
      "path": "hardy_threshold.py"
    },
    {
      "denied": true,
      "errno": 13,
      "path": "negative_third_sign.py"
    },
    {
      "denied": true,
      "errno": 13,
      "path": "normalization_amplitude.py"
    },
    {
      "denied": true,
      "errno": 13,
      "path": "normalization_radius.py"
    },
    {
      "denied": true,
      "errno": 13,
      "path": "normalized_value.py"
    },
    {
      "denied": true,
      "errno": 13,
      "path": "oscillatory_derivative.py"
    },
    {
      "denied": true,
      "errno": 13,
      "path": "spike_exponent.py"
    },
    {
      "denied": true,
      "errno": 13,
      "path": "spike_relative_scale.py"
    },
    {
      "denied": true,
      "errno": 13,
      "path": "spike_support_ratio.py"
    },
    {
      "denied": true,
      "errno": 13,
      "path": "thickness_factor.py"
    }
  ],
  "positive_runs": 2,
  "problem_id": 30005996,
  "runs": [
    {
      "arguments": [],
      "case": "baseline-check_exact.py",
      "complete_reference_equality": true,
      "environment": {
        "directory_mode": "0o555",
        "euid": 1000,
        "optimization": 2,
        "physical_denials": [
          {
            "denied": true,
            "errno": 13,
            "operation": "create"
          },
          {
            "denied": true,
            "errno": 13,
            "operation": "append_open"
          }
        ],
        "target_mode": "0o444",
        "uid": 1000
      },
      "exit_code": 0,
      "recursive_exact_types": true,
      "script": "check_exact.py",
      "stderr": "",
      "stderr_bytes": 0,
      "stderr_sha256": "e3b0c44298fc1c149afbf4c8996fb92427ae41e4649b934ca495991b7852b855",
      "stdout": "ENV {\"directory_mode\": \"0o555\", \"euid\": 1000, \"optimization\": 2, \"physical_denials\": [{\"denied\": true, \"errno\": 13, \"operation\": \"create\"}, {\"denied\": true, \"errno\": 13, \"operation\": \"append_open\"}], \"target_mode\": \"0o444\", \"uid\": 1000}\n{\n  \"status\": \"pass\",\n  \"checks\": [\n    {\n      \"name\": \"annulus_average_constant\",\n      \"result\": \"pass\",\n      \"arithmetic\": \"exact_symbolic\"\n    },\n    {\n      \"name\": \"thickness_radius_factor\",\n      \"result\": \"pass\",\n      \"arithmetic\": \"exact_symbolic\"\n    },\n    {\n      \"name\": \"spike_height_scaling\",\n      \"result\": \"pass\",\n      \"arithmetic\": \"exact_symbolic\"\n    },\n    {\n      \"name\": \"spike_relative_radius\",\n      \"result\": \"pass\",\n      \"arithmetic\": \"exact_symbolic\"\n    },\n    {\n      \"name\": \"adjacent_support_ratio\",\n      \"result\": \"pass\",\n      \"arithmetic\": \"exact_symbolic\"\n    },\n    {\n      \"name\": \"adjacent_support_inequality_k_ge_1\",\n      \"result\": \"pass\",\n      \"arithmetic\": \"exact_rational_plus_monotonicity\"\n    },\n    {\n      \"name\": \"curvature_ratio_exponent\",\n      \"result\": \"pass\",\n      \"arithmetic\": \"exact_symbolic\"\n    },\n    {\n      \"name\": \"oscillatory_f_first_derivative\",\n      \"result\": \"pass\",\n      \"arithmetic\": \"exact_symbolic\"\n    },\n    {\n      \"name\": \"oscillatory_f_second_derivative\",\n      \"result\": \"pass\",\n      \"arithmetic\": \"exact_symbolic\"\n    },\n    {\n      \"name\": \"oscillatory_f_third_derivative\",\n      \"result\": \"pass\",\n      \"arithmetic\": \"exact_symbolic\"\n    },\n    {\n      \"name\": \"negative_third_derivative_value\",\n      \"result\": \"pass\",\n      \"arithmetic\": \"exact_symbolic\"\n    },\n    {\n      \"name\": \"oscillatory_derivative_signs\",\n      \"result\": \"pass\",\n      \"arithmetic\": \"exact_rational_squared_comparisons\"\n    },\n    {\n      \"name\": \"entire_solution_PDE\",\n      \"result\": \"pass\",\n      \"arithmetic\": \"exact_symbolic\"\n    },\n    {\n      \"name\": \"entire_stability_potential\",\n      \"result\": \"pass\",\n      \"arithmetic\": \"exact_symbolic\"\n    },\n    {\n      \"name\": \"entire_potential_Hardy_comparison\",\n      \"result\": \"pass\",\n      \"arithmetic\": \"exact_symbolic\"\n    },\n    {\n      \"name\": \"Hardy_dimension_threshold\",\n      \"result\": \"pass\",\n      \"arithmetic\": \"exact_symbolic\"\n    },\n    {\n      \"name\": \"normalized_g_value\",\n      \"result\": \"pass\",\n      \"arithmetic\": \"exact_symbolic\"\n    },\n    {\n      \"name\": \"normalized_g_derivative\",\n      \"result\": \"pass\",\n      \"arithmetic\": \"exact_symbolic\"\n    },\n    {\n      \"name\": \"normalized_entire_PDE\",\n      \"result\": \"pass\",\n      \"arithmetic\": \"exact_symbolic\"\n    },\n    {\n      \"name\": \"cylindrical_radial_operator\",\n      \"result\": \"pass\",\n      \"arithmetic\": \"exact_symbolic\"\n    },\n    {\n      \"name\": \"cylinder_measure_exponent\",\n      \"result\": \"pass\",\n      \"arithmetic\": \"exact_symbolic\"\n    },\n    {\n      \"name\": \"cylinder_energy_cross_term\",\n      \"result\": \"pass\",\n      \"arithmetic\": \"exact_symbolic\"\n    },\n    {\n      \"name\": \"potential_chain_rule_jets\",\n      \"result\": \"pass\",\n      \"arithmetic\": \"exact_symbolic\"\n    }\n  ],\n  \"count\": 23,\n  \"numerical_evidence\": false,\n  \"full_target_proved\": false,\n  \"scope\": \"Exact identities and finite arithmetic checks only. Analytic arguments require mathematical review.\"\n}\n",
      "stdout_bytes": 3209,
      "stdout_sha256": "b28ddda825f7b583cef4f553e69e838176be588018e54b9c6eb3387dce2befab"
    },
    {
      "arguments": [],
      "case": "baseline-audit_exact.py",
      "complete_reference_equality": true,
      "environment": {
        "directory_mode": "0o555",
        "euid": 1000,
        "optimization": 2,
        "physical_denials": [
          {
            "denied": true,
            "errno": 13,
            "operation": "create"
          },
          {
            "denied": true,
            "errno": 13,
            "operation": "append_open"
          }
        ],
        "target_mode": "0o444",
        "uid": 1000
      },
      "exit_code": 0,
      "recursive_exact_types": true,
      "script": "audit_exact.py",
      "stderr": "",
      "stderr_bytes": 0,
      "stderr_sha256": "e3b0c44298fc1c149afbf4c8996fb92427ae41e4649b934ca495991b7852b855",
      "stdout": "ENV {\"directory_mode\": \"0o555\", \"euid\": 1000, \"optimization\": 2, \"physical_denials\": [{\"denied\": true, \"errno\": 13, \"operation\": \"create\"}, {\"denied\": true, \"errno\": 13, \"operation\": \"append_open\"}], \"target_mode\": \"0o444\", \"uid\": 1000}\n{\n  \"status\": \"pass\",\n  \"uid\": 1000,\n  \"euid\": 1000,\n  \"count\": 41,\n  \"checks\": [\n    {\n      \"name\": \"cutoff_energy_without_ball_volume\",\n      \"arithmetic\": \"exact_symbolic\",\n      \"status\": \"pass\"\n    },\n    {\n      \"name\": \"annular_average\",\n      \"arithmetic\": \"exact_symbolic\",\n      \"status\": \"pass\"\n    },\n    {\n      \"name\": \"thickness_ratio\",\n      \"arithmetic\": \"exact_symbolic\",\n      \"status\": \"pass\"\n    },\n    {\n      \"name\": \"spike_height\",\n      \"arithmetic\": \"exact_symbolic\",\n      \"status\": \"pass\"\n    },\n    {\n      \"name\": \"relative_radius\",\n      \"arithmetic\": \"exact_symbolic\",\n      \"status\": \"pass\"\n    },\n    {\n      \"name\": \"adjacent_separation\",\n      \"arithmetic\": \"exact_symbolic\",\n      \"status\": \"pass\"\n    },\n    {\n      \"name\": \"support_separation_maximum\",\n      \"arithmetic\": \"exact_rational_or_symbolic_sign\",\n      \"status\": \"pass\"\n    },\n    {\n      \"name\": \"relative_radius_maximum\",\n      \"arithmetic\": \"exact_rational_or_symbolic_sign\",\n      \"status\": \"pass\"\n    },\n    {\n      \"name\": \"spike_Lq_scaling\",\n      \"arithmetic\": \"exact_symbolic\",\n      \"status\": \"pass\"\n    },\n    {\n      \"name\": \"critical_norm_scaling\",\n      \"arithmetic\": \"exact_symbolic\",\n      \"status\": \"pass\"\n    },\n    {\n      \"name\": \"sum_spike_weights\",\n      \"arithmetic\": \"exact_symbolic\",\n      \"status\": \"pass\"\n    },\n    {\n      \"name\": \"strict_form_margin\",\n      \"arithmetic\": \"exact_symbolic\",\n      \"status\": \"pass\"\n    },\n    {\n      \"name\": \"baseline_mass\",\n      \"arithmetic\": \"exact_symbolic\",\n      \"status\": \"pass\"\n    },\n    {\n      \"name\": \"curvature_ratio_exponent\",\n      \"arithmetic\": \"exact_symbolic\",\n      \"status\": \"pass\"\n    },\n    {\n      \"name\": \"osc_first\",\n      \"arithmetic\": \"exact_symbolic\",\n      \"status\": \"pass\"\n    },\n    {\n      \"name\": \"osc_second\",\n      \"arithmetic\": \"exact_symbolic\",\n      \"status\": \"pass\"\n    },\n    {\n      \"name\": \"osc_third\",\n      \"arithmetic\": \"exact_symbolic\",\n      \"status\": \"pass\"\n    },\n    {\n      \"name\": \"osc_positive_lower\",\n      \"arithmetic\": \"exact_rational_or_symbolic_sign\",\n      \"status\": \"pass\"\n    },\n    {\n      \"name\": \"osc_first_positive\",\n      \"arithmetic\": \"exact_rational_or_symbolic_sign\",\n      \"status\": \"pass\"\n    },\n    {\n      \"name\": \"osc_second_positive\",\n      \"arithmetic\": \"exact_rational_or_symbolic_sign\",\n      \"status\": \"pass\"\n    },\n    {\n      \"name\": \"osc_third_negative\",\n      \"arithmetic\": \"exact_rational_or_symbolic_sign\",\n      \"status\": \"pass\"\n    },\n    {\n      \"name\": \"entire_equation\",\n      \"arithmetic\": \"exact_symbolic\",\n      \"status\": \"pass\"\n    },\n    {\n      \"name\": \"entire_linearization\",\n      \"arithmetic\": \"exact_symbolic\",\n      \"status\": \"pass\"\n    },\n    {\n      \"name\": \"hardy_comparison\",\n      \"arithmetic\": \"exact_symbolic\",\n      \"status\": \"pass\"\n    },\n    {\n      \"name\": \"dimension_threshold\",\n      \"arithmetic\": \"exact_symbolic\",\n      \"status\": \"pass\"\n    },\n    {\n      \"name\": \"threshold_n10\",\n      \"arithmetic\": \"exact_rational_or_symbolic_sign\",\n      \"status\": \"pass\"\n    },\n    {\n      \"name\": \"threshold_n9_fails\",\n      \"arithmetic\": \"exact_rational_or_symbolic_sign\",\n      \"status\": \"pass\"\n    },\n    {\n      \"name\": \"comparison_nge10_coefficients\",\n      \"arithmetic\": \"exact_rational_or_symbolic_sign\",\n      \"status\": \"pass\"\n    },\n    {\n      \"name\": \"normalized_value\",\n      \"arithmetic\": \"exact_symbolic\",\n      \"status\": \"pass\"\n    },\n    {\n      \"name\": \"normalized_derivative\",\n      \"arithmetic\": \"exact_symbolic\",\n      \"status\": \"pass\"\n    },\n    {\n      \"name\": \"normalized_equation\",\n      \"arithmetic\": \"exact_symbolic\",\n      \"status\": \"pass\"\n    },\n    {\n      \"name\": \"blowup_PDE_factor\",\n      \"arithmetic\": \"exact_symbolic\",\n      \"status\": \"pass\"\n    },\n    {\n      \"name\": \"blowup_derivative_at_zero\",\n      \"arithmetic\": \"exact_symbolic\",\n      \"status\": \"pass\"\n    },\n    {\n      \"name\": \"blowup_stability_coefficient\",\n      \"arithmetic\": \"exact_symbolic\",\n      \"status\": \"pass\"\n    },\n    {\n      \"name\": \"cylinder_equation_radial\",\n      \"arithmetic\": \"exact_symbolic\",\n      \"status\": \"pass\"\n    },\n    {\n      \"name\": \"cylinder_radial_weight\",\n      \"arithmetic\": \"exact_symbolic\",\n      \"status\": \"pass\"\n    },\n    {\n      \"name\": \"cylinder_energy_expansion\",\n      \"arithmetic\": \"exact_symbolic\",\n      \"status\": \"pass\"\n    },\n    {\n      \"name\": \"angular_equation\",\n      \"arithmetic\": \"exact_symbolic\",\n      \"status\": \"pass\"\n    },\n    {\n      \"name\": \"potential_chain_rule\",\n      \"arithmetic\": \"exact_symbolic\",\n      \"status\": \"pass\"\n    },\n    {\n      \"name\": \"gradient_compatibility\",\n      \"arithmetic\": \"exact_symbolic\",\n      \"status\": \"pass\"\n    },\n    {\n      \"name\": \"log_gradient_segment_constant\",\n      \"arithmetic\": \"exact_symbolic\",\n      \"status\": \"pass\"\n    }\n  ],\n  \"full_target_proved\": false,\n  \"scope\": \"Exact algebra and rational checks; no compactness, extremality or full-target certificate.\"\n}\n",
      "stdout_bytes": 5167,
      "stdout_sha256": "6a0dca665c51038ad7dd9f541c25841829178b855715175b04af8f579a9b22c1"
    },
    {
      "arguments": [],
      "case": "authored-annulus_constant",
      "environment": {
        "directory_mode": "0o555",
        "euid": 1000,
        "optimization": 2,
        "physical_denials": [
          {
            "denied": true,
            "errno": 13,
            "operation": "create"
          },
          {
            "denied": true,
            "errno": 13,
            "operation": "append_open"
          }
        ],
        "target_mode": "0o444",
        "uid": 1000
      },
      "exit_code": 1,
      "intended_condition": "annulus_average_constant",
      "rejected": true,
      "script": "annulus_constant.py",
      "stderr": "{\"status\": \"fail\", \"error\": \"annulus_average_constant: nonzero exact residual -1\"}\n",
      "stderr_bytes": 83,
      "stderr_sha256": "42f2ac8b75499a9f19fb83a2efc31ffeb0638e33f011e704f9c3cc8fe2d6eac3",
      "stdout": "ENV {\"directory_mode\": \"0o555\", \"euid\": 1000, \"optimization\": 2, \"physical_denials\": [{\"denied\": true, \"errno\": 13, \"operation\": \"create\"}, {\"denied\": true, \"errno\": 13, \"operation\": \"append_open\"}], \"target_mode\": \"0o444\", \"uid\": 1000}\n",
      "stdout_bytes": 237,
      "stdout_sha256": "43f612492d3b2a487bdaa0d42ddd38cf66e407639566cf236aa3742f48063830"
    },
    {
      "arguments": [],
      "case": "authored-thickness_factor",
      "environment": {
        "directory_mode": "0o555",
        "euid": 1000,
        "optimization": 2,
        "physical_denials": [
          {
            "denied": true,
            "errno": 13,
            "operation": "create"
          },
          {
            "denied": true,
            "errno": 13,
            "operation": "append_open"
          }
        ],
        "target_mode": "0o444",
        "uid": 1000
      },
      "exit_code": 1,
      "intended_condition": "thickness_radius_factor",
      "rejected": true,
      "script": "thickness_factor.py",
      "stderr": "{\"status\": \"fail\", \"error\": \"thickness_radius_factor: nonzero exact residual 8\"}\n",
      "stderr_bytes": 81,
      "stderr_sha256": "f0c808868f762f7e637a6283dde7fe7b92ef2cc51fcf31b6acbbd54d4175937a",
      "stdout": "ENV {\"directory_mode\": \"0o555\", \"euid\": 1000, \"optimization\": 2, \"physical_denials\": [{\"denied\": true, \"errno\": 13, \"operation\": \"create\"}, {\"denied\": true, \"errno\": 13, \"operation\": \"append_open\"}], \"target_mode\": \"0o444\", \"uid\": 1000}\n",
      "stdout_bytes": 237,
      "stdout_sha256": "43f612492d3b2a487bdaa0d42ddd38cf66e407639566cf236aa3742f48063830"
    },
    {
      "arguments": [],
      "case": "authored-spike_exponent",
      "environment": {
        "directory_mode": "0o555",
        "euid": 1000,
        "optimization": 2,
        "physical_denials": [
          {
            "denied": true,
            "errno": 13,
            "operation": "create"
          },
          {
            "denied": true,
            "errno": 13,
            "operation": "append_open"
          }
        ],
        "target_mode": "0o444",
        "uid": 1000
      },
      "exit_code": 1,
      "intended_condition": "spike_height_scaling",
      "rejected": true,
      "script": "spike_exponent.py",
      "stderr": "{\"status\": \"fail\", \"error\": \"spike_height_scaling: nonzero exact residual 2**(3*k + 7)\"}\n",
      "stderr_bytes": 89,
      "stderr_sha256": "2847e5adfd41f033c108afca5d74d747a42c9113ed807fb44968664c35369a59",
      "stdout": "ENV {\"directory_mode\": \"0o555\", \"euid\": 1000, \"optimization\": 2, \"physical_denials\": [{\"denied\": true, \"errno\": 13, \"operation\": \"create\"}, {\"denied\": true, \"errno\": 13, \"operation\": \"append_open\"}], \"target_mode\": \"0o444\", \"uid\": 1000}\n",
      "stdout_bytes": 237,
      "stdout_sha256": "43f612492d3b2a487bdaa0d42ddd38cf66e407639566cf236aa3742f48063830"
    },
    {
      "arguments": [],
      "case": "authored-spike_support_ratio",
      "environment": {
        "directory_mode": "0o555",
        "euid": 1000,
        "optimization": 2,
        "physical_denials": [
          {
            "denied": true,
            "errno": 13,
            "operation": "create"
          },
          {
            "denied": true,
            "errno": 13,
            "operation": "append_open"
          }
        ],
        "target_mode": "0o444",
        "uid": 1000
      },
      "exit_code": 1,
      "intended_condition": "adjacent_support_ratio",
      "rejected": true,
      "script": "spike_support_ratio.py",
      "stderr": "{\"status\": \"fail\", \"error\": \"adjacent_support_ratio: nonzero exact residual 2**(-2*k - 6)\"}\n",
      "stderr_bytes": 92,
      "stderr_sha256": "769ca828557370abea67671b910a389cef8414df054fe609fa238be9e24756e4",
      "stdout": "ENV {\"directory_mode\": \"0o555\", \"euid\": 1000, \"optimization\": 2, \"physical_denials\": [{\"denied\": true, \"errno\": 13, \"operation\": \"create\"}, {\"denied\": true, \"errno\": 13, \"operation\": \"append_open\"}], \"target_mode\": \"0o444\", \"uid\": 1000}\n",
      "stdout_bytes": 237,
      "stdout_sha256": "43f612492d3b2a487bdaa0d42ddd38cf66e407639566cf236aa3742f48063830"
    },
    {
      "arguments": [],
      "case": "authored-curvature_ratio",
      "environment": {
        "directory_mode": "0o555",
        "euid": 1000,
        "optimization": 2,
        "physical_denials": [
          {
            "denied": true,
            "errno": 13,
            "operation": "create"
          },
          {
            "denied": true,
            "errno": 13,
            "operation": "append_open"
          }
        ],
        "target_mode": "0o444",
        "uid": 1000
      },
      "exit_code": 1,
      "intended_condition": "curvature_ratio_exponent",
      "rejected": true,
      "script": "curvature_ratio.py",
      "stderr": "{\"status\": \"fail\", \"error\": \"curvature_ratio_exponent: nonzero exact residual 2**(k**2 - 2*k + 1)\"}\n",
      "stderr_bytes": 100,
      "stderr_sha256": "963d2798d5bdaa1a69d4fc586c2fd17a617668cd09493fc5e82b4aa8a3f250b4",
      "stdout": "ENV {\"directory_mode\": \"0o555\", \"euid\": 1000, \"optimization\": 2, \"physical_denials\": [{\"denied\": true, \"errno\": 13, \"operation\": \"create\"}, {\"denied\": true, \"errno\": 13, \"operation\": \"append_open\"}], \"target_mode\": \"0o444\", \"uid\": 1000}\n",
      "stdout_bytes": 237,
      "stdout_sha256": "43f612492d3b2a487bdaa0d42ddd38cf66e407639566cf236aa3742f48063830"
    },
    {
      "arguments": [],
      "case": "authored-oscillatory_derivative",
      "environment": {
        "directory_mode": "0o555",
        "euid": 1000,
        "optimization": 2,
        "physical_denials": [
          {
            "denied": true,
            "errno": 13,
            "operation": "create"
          },
          {
            "denied": true,
            "errno": 13,
            "operation": "append_open"
          }
        ],
        "target_mode": "0o444",
        "uid": 1000
      },
      "exit_code": 1,
      "intended_condition": "oscillatory_f_second_derivative",
      "rejected": true,
      "script": "oscillatory_derivative.py",
      "stderr": "{\"status\": \"fail\", \"error\": \"oscillatory_f_second_derivative: nonzero exact residual exp(t)*cos(t)/5\"}\n",
      "stderr_bytes": 103,
      "stderr_sha256": "59e5c19e809a8fc7cc78c6318c40893df94c885d7780e6c99d7cc56ae1af5e93",
      "stdout": "ENV {\"directory_mode\": \"0o555\", \"euid\": 1000, \"optimization\": 2, \"physical_denials\": [{\"denied\": true, \"errno\": 13, \"operation\": \"create\"}, {\"denied\": true, \"errno\": 13, \"operation\": \"append_open\"}], \"target_mode\": \"0o444\", \"uid\": 1000}\n",
      "stdout_bytes": 237,
      "stdout_sha256": "43f612492d3b2a487bdaa0d42ddd38cf66e407639566cf236aa3742f48063830"
    },
    {
      "arguments": [],
      "case": "authored-entire_rhs",
      "environment": {
        "directory_mode": "0o555",
        "euid": 1000,
        "optimization": 2,
        "physical_denials": [
          {
            "denied": true,
            "errno": 13,
            "operation": "create"
          },
          {
            "denied": true,
            "errno": 13,
            "operation": "append_open"
          }
        ],
        "target_mode": "0o444",
        "uid": 1000
      },
      "exit_code": 1,
      "intended_condition": "entire_solution_PDE",
      "rejected": true,
      "script": "entire_rhs.py",
      "stderr": "{\"status\": \"fail\", \"error\": \"entire_solution_PDE: nonzero exact residual -1/(r**2 + 1)**2\"}\n",
      "stderr_bytes": 92,
      "stderr_sha256": "800342aac84a500092d14bbd3a7f14fb772a69cddb6df73c9f66cdfd43656cc8",
      "stdout": "ENV {\"directory_mode\": \"0o555\", \"euid\": 1000, \"optimization\": 2, \"physical_denials\": [{\"denied\": true, \"errno\": 13, \"operation\": \"create\"}, {\"denied\": true, \"errno\": 13, \"operation\": \"append_open\"}], \"target_mode\": \"0o444\", \"uid\": 1000}\n",
      "stdout_bytes": 237,
      "stdout_sha256": "43f612492d3b2a487bdaa0d42ddd38cf66e407639566cf236aa3742f48063830"
    },
    {
      "arguments": [],
      "case": "authored-hardy_threshold",
      "environment": {
        "directory_mode": "0o555",
        "euid": 1000,
        "optimization": 2,
        "physical_denials": [
          {
            "denied": true,
            "errno": 13,
            "operation": "create"
          },
          {
            "denied": true,
            "errno": 13,
            "operation": "append_open"
          }
        ],
        "target_mode": "0o444",
        "uid": 1000
      },
      "exit_code": 1,
      "intended_condition": "Hardy_dimension_threshold",
      "rejected": true,
      "script": "hardy_threshold.py",
      "stderr": "{\"status\": \"fail\", \"error\": \"Hardy_dimension_threshold: nonzero exact residual 1/2 - n/4\"}\n",
      "stderr_bytes": 91,
      "stderr_sha256": "0a6690db06262160bf8edf6d00bff225ecd938cd2a2e23413b4ad147cc37fe61",
      "stdout": "ENV {\"directory_mode\": \"0o555\", \"euid\": 1000, \"optimization\": 2, \"physical_denials\": [{\"denied\": true, \"errno\": 13, \"operation\": \"create\"}, {\"denied\": true, \"errno\": 13, \"operation\": \"append_open\"}], \"target_mode\": \"0o444\", \"uid\": 1000}\n",
      "stdout_bytes": 237,
      "stdout_sha256": "43f612492d3b2a487bdaa0d42ddd38cf66e407639566cf236aa3742f48063830"
    },
    {
      "arguments": [],
      "case": "authored-normalization_amplitude",
      "environment": {
        "directory_mode": "0o555",
        "euid": 1000,
        "optimization": 2,
        "physical_denials": [
          {
            "denied": true,
            "errno": 13,
            "operation": "create"
          },
          {
            "denied": true,
            "errno": 13,
            "operation": "append_open"
          }
        ],
        "target_mode": "0o444",
        "uid": 1000
      },
      "exit_code": 1,
      "intended_condition": "normalized_g_derivative",
      "rejected": true,
      "script": "normalization_amplitude.py",
      "stderr": "{\"status\": \"fail\", \"error\": \"normalized_g_derivative: nonzero exact residual 4*(n + 1)/n**2\"}\n",
      "stderr_bytes": 94,
      "stderr_sha256": "ef5d4441520e3d455c7aadef22a20d95aa78eaf6b861736c9c87ce4fdb6610ed",
      "stdout": "ENV {\"directory_mode\": \"0o555\", \"euid\": 1000, \"optimization\": 2, \"physical_denials\": [{\"denied\": true, \"errno\": 13, \"operation\": \"create\"}, {\"denied\": true, \"errno\": 13, \"operation\": \"append_open\"}], \"target_mode\": \"0o444\", \"uid\": 1000}\n",
      "stdout_bytes": 237,
      "stdout_sha256": "43f612492d3b2a487bdaa0d42ddd38cf66e407639566cf236aa3742f48063830"
    },
    {
      "arguments": [],
      "case": "authored-normalization_radius",
      "environment": {
        "directory_mode": "0o555",
        "euid": 1000,
        "optimization": 2,
        "physical_denials": [
          {
            "denied": true,
            "errno": 13,
            "operation": "create"
          },
          {
            "denied": true,
            "errno": 13,
            "operation": "append_open"
          }
        ],
        "target_mode": "0o444",
        "uid": 1000
      },
      "exit_code": 1,
      "intended_condition": "normalized_entire_PDE",
      "rejected": true,
      "script": "normalization_radius.py",
      "stderr": "{\"status\": \"fail\", \"error\": \"normalized_entire_PDE: nonzero exact residual 4*(2*n**2 + n*r**2 - 2*r**2)/(n*(4*n**2 + 4*n*r**2 + r**4))\"}\n",
      "stderr_bytes": 137,
      "stderr_sha256": "e608f019007c07929c9740b33b068031912a72949c223f6add4eaabd07871fae",
      "stdout": "ENV {\"directory_mode\": \"0o555\", \"euid\": 1000, \"optimization\": 2, \"physical_denials\": [{\"denied\": true, \"errno\": 13, \"operation\": \"create\"}, {\"denied\": true, \"errno\": 13, \"operation\": \"append_open\"}], \"target_mode\": \"0o444\", \"uid\": 1000}\n",
      "stdout_bytes": 237,
      "stdout_sha256": "43f612492d3b2a487bdaa0d42ddd38cf66e407639566cf236aa3742f48063830"
    },
    {
      "arguments": [],
      "case": "authored-cylinder_drift",
      "environment": {
        "directory_mode": "0o555",
        "euid": 1000,
        "optimization": 2,
        "physical_denials": [
          {
            "denied": true,
            "errno": 13,
            "operation": "create"
          },
          {
            "denied": true,
            "errno": 13,
            "operation": "append_open"
          }
        ],
        "target_mode": "0o444",
        "uid": 1000
      },
      "exit_code": 1,
      "intended_condition": "cylindrical_radial_operator",
      "rejected": true,
      "script": "cylinder_drift.py",
      "stderr": "{\"status\": \"fail\", \"error\": \"cylindrical_radial_operator: nonzero exact residual -4*wt\"}\n",
      "stderr_bytes": 89,
      "stderr_sha256": "836aa229b383940aefe4066635aa112bf2f35deee91affe63ae997792c8180b1",
      "stdout": "ENV {\"directory_mode\": \"0o555\", \"euid\": 1000, \"optimization\": 2, \"physical_denials\": [{\"denied\": true, \"errno\": 13, \"operation\": \"create\"}, {\"denied\": true, \"errno\": 13, \"operation\": \"append_open\"}], \"target_mode\": \"0o444\", \"uid\": 1000}\n",
      "stdout_bytes": 237,
      "stdout_sha256": "43f612492d3b2a487bdaa0d42ddd38cf66e407639566cf236aa3742f48063830"
    },
    {
      "arguments": [],
      "case": "authored-cylinder_measure",
      "environment": {
        "directory_mode": "0o555",
        "euid": 1000,
        "optimization": 2,
        "physical_denials": [
          {
            "denied": true,
            "errno": 13,
            "operation": "create"
          },
          {
            "denied": true,
            "errno": 13,
            "operation": "append_open"
          }
        ],
        "target_mode": "0o444",
        "uid": 1000
      },
      "exit_code": 1,
      "intended_condition": "cylinder_measure_exponent",
      "rejected": true,
      "script": "cylinder_measure.py",
      "stderr": "{\"status\": \"fail\", \"error\": \"cylinder_measure_exponent: nonzero exact residual 1\"}\n",
      "stderr_bytes": 83,
      "stderr_sha256": "8956ffa00daecba2a0cc58027e56c4a1fba46d2bf5c9f46732ea2f53af18518a",
      "stdout": "ENV {\"directory_mode\": \"0o555\", \"euid\": 1000, \"optimization\": 2, \"physical_denials\": [{\"denied\": true, \"errno\": 13, \"operation\": \"create\"}, {\"denied\": true, \"errno\": 13, \"operation\": \"append_open\"}], \"target_mode\": \"0o444\", \"uid\": 1000}\n",
      "stdout_bytes": 237,
      "stdout_sha256": "43f612492d3b2a487bdaa0d42ddd38cf66e407639566cf236aa3742f48063830"
    },
    {
      "arguments": [],
      "case": "authored-chain_rule_sign",
      "environment": {
        "directory_mode": "0o555",
        "euid": 1000,
        "optimization": 2,
        "physical_denials": [
          {
            "denied": true,
            "errno": 13,
            "operation": "create"
          },
          {
            "denied": true,
            "errno": 13,
            "operation": "append_open"
          }
        ],
        "target_mode": "0o444",
        "uid": 1000
      },
      "exit_code": 1,
      "intended_condition": "potential_chain_rule_jets",
      "rejected": true,
      "script": "chain_rule_sign.py",
      "stderr": "{\"status\": \"fail\", \"error\": \"potential_chain_rule_jets: nonzero exact residual -2*Fppp*grad2\"}\n",
      "stderr_bytes": 95,
      "stderr_sha256": "1066e485dd63dfcabb0e8dda54e0441c525ad276f6d21d5a3fb04e0bc4678755",
      "stdout": "ENV {\"directory_mode\": \"0o555\", \"euid\": 1000, \"optimization\": 2, \"physical_denials\": [{\"denied\": true, \"errno\": 13, \"operation\": \"create\"}, {\"denied\": true, \"errno\": 13, \"operation\": \"append_open\"}], \"target_mode\": \"0o444\", \"uid\": 1000}\n",
      "stdout_bytes": 237,
      "stdout_sha256": "43f612492d3b2a487bdaa0d42ddd38cf66e407639566cf236aa3742f48063830"
    },
    {
      "arguments": [],
      "case": "authored-spike_relative_scale",
      "environment": {
        "directory_mode": "0o555",
        "euid": 1000,
        "optimization": 2,
        "physical_denials": [
          {
            "denied": true,
            "errno": 13,
            "operation": "create"
          },
          {
            "denied": true,
            "errno": 13,
            "operation": "append_open"
          }
        ],
        "target_mode": "0o444",
        "uid": 1000
      },
      "exit_code": 1,
      "intended_condition": "spike_relative_radius",
      "rejected": true,
      "script": "spike_relative_scale.py",
      "stderr": "{\"status\": \"fail\", \"error\": \"spike_relative_radius: nonzero exact residual 2**(-3*k - 4)*(2**k - 1)\"}\n",
      "stderr_bytes": 102,
      "stderr_sha256": "db1508fbe064c289511d5c64fa3f89eb39d3fdd6e672b3ce433b8b72bbb9b8d5",
      "stdout": "ENV {\"directory_mode\": \"0o555\", \"euid\": 1000, \"optimization\": 2, \"physical_denials\": [{\"denied\": true, \"errno\": 13, \"operation\": \"create\"}, {\"denied\": true, \"errno\": 13, \"operation\": \"append_open\"}], \"target_mode\": \"0o444\", \"uid\": 1000}\n",
      "stdout_bytes": 237,
      "stdout_sha256": "43f612492d3b2a487bdaa0d42ddd38cf66e407639566cf236aa3742f48063830"
    },
    {
      "arguments": [],
      "case": "authored-first_derivative_coefficient",
      "environment": {
        "directory_mode": "0o555",
        "euid": 1000,
        "optimization": 2,
        "physical_denials": [
          {
            "denied": true,
            "errno": 13,
            "operation": "create"
          },
          {
            "denied": true,
            "errno": 13,
            "operation": "append_open"
          }
        ],
        "target_mode": "0o444",
        "uid": 1000
      },
      "exit_code": 1,
      "intended_condition": "oscillatory_f_first_derivative",
      "rejected": true,
      "script": "first_derivative_coefficient.py",
      "stderr": "{\"status\": \"fail\", \"error\": \"oscillatory_f_first_derivative: nonzero exact residual sqrt(2)*exp(t)*sin(t + pi/4)/5\"}\n",
      "stderr_bytes": 117,
      "stderr_sha256": "ef923b3163eb2d6225d46eb569723d587400535674a98f586fe5ba683a628cbd",
      "stdout": "ENV {\"directory_mode\": \"0o555\", \"euid\": 1000, \"optimization\": 2, \"physical_denials\": [{\"denied\": true, \"errno\": 13, \"operation\": \"create\"}, {\"denied\": true, \"errno\": 13, \"operation\": \"append_open\"}], \"target_mode\": \"0o444\", \"uid\": 1000}\n",
      "stdout_bytes": 237,
      "stdout_sha256": "43f612492d3b2a487bdaa0d42ddd38cf66e407639566cf236aa3742f48063830"
    },
    {
      "arguments": [],
      "case": "authored-negative_third_sign",
      "environment": {
        "directory_mode": "0o555",
        "euid": 1000,
        "optimization": 2,
        "physical_denials": [
          {
            "denied": true,
            "errno": 13,
            "operation": "create"
          },
          {
            "denied": true,
            "errno": 13,
            "operation": "append_open"
          }
        ],
        "target_mode": "0o444",
        "uid": 1000
      },
      "exit_code": 1,
      "intended_condition": "negative_third_derivative_value",
      "rejected": true,
      "script": "negative_third_sign.py",
      "stderr": "{\"status\": \"fail\", \"error\": \"negative_third_derivative_value: nonzero exact residual -8*sqrt(2)/5\"}\n",
      "stderr_bytes": 100,
      "stderr_sha256": "c516c41a9196f741f0e6adcedc93b35150a918df8e2bab499f00bc1d72f2d36e",
      "stdout": "ENV {\"directory_mode\": \"0o555\", \"euid\": 1000, \"optimization\": 2, \"physical_denials\": [{\"denied\": true, \"errno\": 13, \"operation\": \"create\"}, {\"denied\": true, \"errno\": 13, \"operation\": \"append_open\"}], \"target_mode\": \"0o444\", \"uid\": 1000}\n",
      "stdout_bytes": 237,
      "stdout_sha256": "43f612492d3b2a487bdaa0d42ddd38cf66e407639566cf236aa3742f48063830"
    },
    {
      "arguments": [],
      "case": "authored-entire_potential_coefficient",
      "environment": {
        "directory_mode": "0o555",
        "euid": 1000,
        "optimization": 2,
        "physical_denials": [
          {
            "denied": true,
            "errno": 13,
            "operation": "create"
          },
          {
            "denied": true,
            "errno": 13,
            "operation": "append_open"
          }
        ],
        "target_mode": "0o444",
        "uid": 1000
      },
      "exit_code": 1,
      "intended_condition": "entire_stability_potential",
      "rejected": true,
      "script": "entire_potential_coefficient.py",
      "stderr": "{\"status\": \"fail\", \"error\": \"entire_stability_potential: nonzero exact residual 4/(r**2 + 1)**2\"}\n",
      "stderr_bytes": 98,
      "stderr_sha256": "87fbc32d4d6c895a8cd6347269cad1a5d81fd58895dfd1df0f88331290e40c8b",
      "stdout": "ENV {\"directory_mode\": \"0o555\", \"euid\": 1000, \"optimization\": 2, \"physical_denials\": [{\"denied\": true, \"errno\": 13, \"operation\": \"create\"}, {\"denied\": true, \"errno\": 13, \"operation\": \"append_open\"}], \"target_mode\": \"0o444\", \"uid\": 1000}\n",
      "stdout_bytes": 237,
      "stdout_sha256": "43f612492d3b2a487bdaa0d42ddd38cf66e407639566cf236aa3742f48063830"
    },
    {
      "arguments": [],
      "case": "authored-entire_comparison_coefficient",
      "environment": {
        "directory_mode": "0o555",
        "euid": 1000,
        "optimization": 2,
        "physical_denials": [
          {
            "denied": true,
            "errno": 13,
            "operation": "create"
          },
          {
            "denied": true,
            "errno": 13,
            "operation": "append_open"
          }
        ],
        "target_mode": "0o444",
        "uid": 1000
      },
      "exit_code": 1,
      "intended_condition": "entire_potential_Hardy_comparison",
      "rejected": true,
      "script": "entire_comparison_coefficient.py",
      "stderr": "{\"status\": \"fail\", \"error\": \"entire_potential_Hardy_comparison: nonzero exact residual -2*r**2/(r**4 + 2*r**2 + 1)\"}\n",
      "stderr_bytes": 117,
      "stderr_sha256": "d583b5259aa3983856609ce8bb866a9f7d3d083a5a7e1b084f17226ee1e8af6d",
      "stdout": "ENV {\"directory_mode\": \"0o555\", \"euid\": 1000, \"optimization\": 2, \"physical_denials\": [{\"denied\": true, \"errno\": 13, \"operation\": \"create\"}, {\"denied\": true, \"errno\": 13, \"operation\": \"append_open\"}], \"target_mode\": \"0o444\", \"uid\": 1000}\n",
      "stdout_bytes": 237,
      "stdout_sha256": "43f612492d3b2a487bdaa0d42ddd38cf66e407639566cf236aa3742f48063830"
    },
    {
      "arguments": [],
      "case": "authored-normalized_value",
      "environment": {
        "directory_mode": "0o555",
        "euid": 1000,
        "optimization": 2,
        "physical_denials": [
          {
            "denied": true,
            "errno": 13,
            "operation": "create"
          },
          {
            "denied": true,
            "errno": 13,
            "operation": "append_open"
          }
        ],
        "target_mode": "0o444",
        "uid": 1000
      },
      "exit_code": 1,
      "intended_condition": "normalized_g_value",
      "rejected": true,
      "script": "normalized_value.py",
      "stderr": "{\"status\": \"fail\", \"error\": \"normalized_g_value: nonzero exact residual -1\"}\n",
      "stderr_bytes": 77,
      "stderr_sha256": "e573b52cfe750d94a9cab47609162465e6b12d17d63d4986a2b13c436a0f92ed",
      "stdout": "ENV {\"directory_mode\": \"0o555\", \"euid\": 1000, \"optimization\": 2, \"physical_denials\": [{\"denied\": true, \"errno\": 13, \"operation\": \"create\"}, {\"denied\": true, \"errno\": 13, \"operation\": \"append_open\"}], \"target_mode\": \"0o444\", \"uid\": 1000}\n",
      "stdout_bytes": 237,
      "stdout_sha256": "43f612492d3b2a487bdaa0d42ddd38cf66e407639566cf236aa3742f48063830"
    },
    {
      "arguments": [],
      "case": "authored-energy_cross_coefficient",
      "environment": {
        "directory_mode": "0o555",
        "euid": 1000,
        "optimization": 2,
        "physical_denials": [
          {
            "denied": true,
            "errno": 13,
            "operation": "create"
          },
          {
            "denied": true,
            "errno": 13,
            "operation": "append_open"
          }
        ],
        "target_mode": "0o444",
        "uid": 1000
      },
      "exit_code": 1,
      "intended_condition": "cylinder_energy_cross_term",
      "rejected": true,
      "script": "energy_cross_coefficient.py",
      "stderr": "{\"status\": \"fail\", \"error\": \"cylinder_energy_cross_term: nonzero exact residual z*zt*(2 - n)/2\"}\n",
      "stderr_bytes": 97,
      "stderr_sha256": "0d93c49f5307447a0394c75583e25dd8be0c541cc884b08b9a377c981eecbbc5",
      "stdout": "ENV {\"directory_mode\": \"0o555\", \"euid\": 1000, \"optimization\": 2, \"physical_denials\": [{\"denied\": true, \"errno\": 13, \"operation\": \"create\"}, {\"denied\": true, \"errno\": 13, \"operation\": \"append_open\"}], \"target_mode\": \"0o444\", \"uid\": 1000}\n",
      "stdout_bytes": 237,
      "stdout_sha256": "43f612492d3b2a487bdaa0d42ddd38cf66e407639566cf236aa3742f48063830"
    },
    {
      "arguments": [
        "--mutant",
        "cutoff_annulus"
      ],
      "case": "independent-cutoff_annulus",
      "environment": {
        "directory_mode": "0o555",
        "euid": 1000,
        "optimization": 2,
        "physical_denials": [
          {
            "denied": true,
            "errno": 13,
            "operation": "create"
          },
          {
            "denied": true,
            "errno": 13,
            "operation": "append_open"
          }
        ],
        "target_mode": "0o444",
        "uid": 1000
      },
      "exit_code": 1,
      "intended_condition": "cutoff_energy_without_ball_volume",
      "rejected": true,
      "script": "audit_exact.py",
      "stderr": "{\"status\": \"fail\", \"error\": \"cutoff_energy_without_ball_volume: residual -2*r**(n - 2)\", \"uid\": 1000, \"euid\": 1000}\n",
      "stderr_bytes": 116,
      "stderr_sha256": "f76b74051c579b2ff19d1f896b79a91d790977cc49c099953ae4afec6d144e03",
      "stdout": "ENV {\"directory_mode\": \"0o555\", \"euid\": 1000, \"optimization\": 2, \"physical_denials\": [{\"denied\": true, \"errno\": 13, \"operation\": \"create\"}, {\"denied\": true, \"errno\": 13, \"operation\": \"append_open\"}], \"target_mode\": \"0o444\", \"uid\": 1000}\n",
      "stdout_bytes": 237,
      "stdout_sha256": "43f612492d3b2a487bdaa0d42ddd38cf66e407639566cf236aa3742f48063830"
    },
    {
      "arguments": [
        "--mutant",
        "thickness_radius"
      ],
      "case": "independent-thickness_radius",
      "environment": {
        "directory_mode": "0o555",
        "euid": 1000,
        "optimization": 2,
        "physical_denials": [
          {
            "denied": true,
            "errno": 13,
            "operation": "create"
          },
          {
            "denied": true,
            "errno": 13,
            "operation": "append_open"
          }
        ],
        "target_mode": "0o444",
        "uid": 1000
      },
      "exit_code": 1,
      "intended_condition": "thickness_ratio",
      "rejected": true,
      "script": "audit_exact.py",
      "stderr": "{\"status\": \"fail\", \"error\": \"thickness_ratio: residual 2**(3 - 3*n)*(-16**n - 2**(3*n + 1) + 2**(4*n + 1) + 8**n)/r**2\", \"uid\": 1000, \"euid\": 1000}\n",
      "stderr_bytes": 148,
      "stderr_sha256": "d8853d5f24487b0ed887a09ba76b0204f503602dfda15a212ffd8ecde557ba98",
      "stdout": "ENV {\"directory_mode\": \"0o555\", \"euid\": 1000, \"optimization\": 2, \"physical_denials\": [{\"denied\": true, \"errno\": 13, \"operation\": \"create\"}, {\"denied\": true, \"errno\": 13, \"operation\": \"append_open\"}], \"target_mode\": \"0o444\", \"uid\": 1000}\n",
      "stdout_bytes": 237,
      "stdout_sha256": "43f612492d3b2a487bdaa0d42ddd38cf66e407639566cf236aa3742f48063830"
    },
    {
      "arguments": [
        "--mutant",
        "spike_height"
      ],
      "case": "independent-spike_height",
      "environment": {
        "directory_mode": "0o555",
        "euid": 1000,
        "optimization": 2,
        "physical_denials": [
          {
            "denied": true,
            "errno": 13,
            "operation": "create"
          },
          {
            "denied": true,
            "errno": 13,
            "operation": "append_open"
          }
        ],
        "target_mode": "0o444",
        "uid": 1000
      },
      "exit_code": 1,
      "intended_condition": "spike_height",
      "rejected": true,
      "script": "audit_exact.py",
      "stderr": "{\"status\": \"fail\", \"error\": \"spike_height: residual 2**(3*k + 7)\", \"uid\": 1000, \"euid\": 1000}\n",
      "stderr_bytes": 94,
      "stderr_sha256": "2e83541d9db01e59471a3969c407744967cbf54c661043f77a456eb380edd7b8",
      "stdout": "ENV {\"directory_mode\": \"0o555\", \"euid\": 1000, \"optimization\": 2, \"physical_denials\": [{\"denied\": true, \"errno\": 13, \"operation\": \"create\"}, {\"denied\": true, \"errno\": 13, \"operation\": \"append_open\"}], \"target_mode\": \"0o444\", \"uid\": 1000}\n",
      "stdout_bytes": 237,
      "stdout_sha256": "43f612492d3b2a487bdaa0d42ddd38cf66e407639566cf236aa3742f48063830"
    },
    {
      "arguments": [
        "--mutant",
        "spike_support"
      ],
      "case": "independent-spike_support",
      "environment": {
        "directory_mode": "0o555",
        "euid": 1000,
        "optimization": 2,
        "physical_denials": [
          {
            "denied": true,
            "errno": 13,
            "operation": "create"
          },
          {
            "denied": true,
            "errno": 13,
            "operation": "append_open"
          }
        ],
        "target_mode": "0o444",
        "uid": 1000
      },
      "exit_code": 1,
      "intended_condition": "adjacent_separation",
      "rejected": true,
      "script": "audit_exact.py",
      "stderr": "{\"status\": \"fail\", \"error\": \"adjacent_separation: residual 2**(-2*k - 6)\", \"uid\": 1000, \"euid\": 1000}\n",
      "stderr_bytes": 102,
      "stderr_sha256": "d814ab8e2b4311d10ecc2b3a245a4bd5392a20199dfade46903871f52fb6d8b8",
      "stdout": "ENV {\"directory_mode\": \"0o555\", \"euid\": 1000, \"optimization\": 2, \"physical_denials\": [{\"denied\": true, \"errno\": 13, \"operation\": \"create\"}, {\"denied\": true, \"errno\": 13, \"operation\": \"append_open\"}], \"target_mode\": \"0o444\", \"uid\": 1000}\n",
      "stdout_bytes": 237,
      "stdout_sha256": "43f612492d3b2a487bdaa0d42ddd38cf66e407639566cf236aa3742f48063830"
    },
    {
      "arguments": [
        "--mutant",
        "form_margin"
      ],
      "case": "independent-form_margin",
      "environment": {
        "directory_mode": "0o555",
        "euid": 1000,
        "optimization": 2,
        "physical_denials": [
          {
            "denied": true,
            "errno": 13,
            "operation": "create"
          },
          {
            "denied": true,
            "errno": 13,
            "operation": "append_open"
          }
        ],
        "target_mode": "0o444",
        "uid": 1000
      },
      "exit_code": 1,
      "intended_condition": "strict_form_margin",
      "rejected": true,
      "script": "audit_exact.py",
      "stderr": "{\"status\": \"fail\", \"error\": \"strict_form_margin: residual 1/12\", \"uid\": 1000, \"euid\": 1000}\n",
      "stderr_bytes": 92,
      "stderr_sha256": "a4ba1a570e5b5a3e7303f792c07a9f9e9f25a2be95ba45e633ccd9fd1366d083",
      "stdout": "ENV {\"directory_mode\": \"0o555\", \"euid\": 1000, \"optimization\": 2, \"physical_denials\": [{\"denied\": true, \"errno\": 13, \"operation\": \"create\"}, {\"denied\": true, \"errno\": 13, \"operation\": \"append_open\"}], \"target_mode\": \"0o444\", \"uid\": 1000}\n",
      "stdout_bytes": 237,
      "stdout_sha256": "43f612492d3b2a487bdaa0d42ddd38cf66e407639566cf236aa3742f48063830"
    },
    {
      "arguments": [
        "--mutant",
        "mass_baseline"
      ],
      "case": "independent-mass_baseline",
      "environment": {
        "directory_mode": "0o555",
        "euid": 1000,
        "optimization": 2,
        "physical_denials": [
          {
            "denied": true,
            "errno": 13,
            "operation": "create"
          },
          {
            "denied": true,
            "errno": 13,
            "operation": "append_open"
          }
        ],
        "target_mode": "0o444",
        "uid": 1000
      },
      "exit_code": 1,
      "intended_condition": "baseline_mass",
      "rejected": true,
      "script": "audit_exact.py",
      "stderr": "{\"status\": \"fail\", \"error\": \"baseline_mass: residual n*(2 - n)/8\", \"uid\": 1000, \"euid\": 1000}\n",
      "stderr_bytes": 94,
      "stderr_sha256": "c90868dc638c8e059b336ad8f8c0377565986b8a7d6c7fd01f1408da7d28ac91",
      "stdout": "ENV {\"directory_mode\": \"0o555\", \"euid\": 1000, \"optimization\": 2, \"physical_denials\": [{\"denied\": true, \"errno\": 13, \"operation\": \"create\"}, {\"denied\": true, \"errno\": 13, \"operation\": \"append_open\"}], \"target_mode\": \"0o444\", \"uid\": 1000}\n",
      "stdout_bytes": 237,
      "stdout_sha256": "43f612492d3b2a487bdaa0d42ddd38cf66e407639566cf236aa3742f48063830"
    },
    {
      "arguments": [
        "--mutant",
        "curvature_ratio"
      ],
      "case": "independent-curvature_ratio",
      "environment": {
        "directory_mode": "0o555",
        "euid": 1000,
        "optimization": 2,
        "physical_denials": [
          {
            "denied": true,
            "errno": 13,
            "operation": "create"
          },
          {
            "denied": true,
            "errno": 13,
            "operation": "append_open"
          }
        ],
        "target_mode": "0o444",
        "uid": 1000
      },
      "exit_code": 1,
      "intended_condition": "curvature_ratio_exponent",
      "rejected": true,
      "script": "audit_exact.py",
      "stderr": "{\"status\": \"fail\", \"error\": \"curvature_ratio_exponent: residual 1\", \"uid\": 1000, \"euid\": 1000}\n",
      "stderr_bytes": 95,
      "stderr_sha256": "7a4cbf6cbdcabf484f853b6b45360dc994d6fa0968a1c358087dcb73c5968fdc",
      "stdout": "ENV {\"directory_mode\": \"0o555\", \"euid\": 1000, \"optimization\": 2, \"physical_denials\": [{\"denied\": true, \"errno\": 13, \"operation\": \"create\"}, {\"denied\": true, \"errno\": 13, \"operation\": \"append_open\"}], \"target_mode\": \"0o444\", \"uid\": 1000}\n",
      "stdout_bytes": 237,
      "stdout_sha256": "43f612492d3b2a487bdaa0d42ddd38cf66e407639566cf236aa3742f48063830"
    },
    {
      "arguments": [
        "--mutant",
        "oscillatory_coefficient"
      ],
      "case": "independent-oscillatory_coefficient",
      "environment": {
        "directory_mode": "0o555",
        "euid": 1000,
        "optimization": 2,
        "physical_denials": [
          {
            "denied": true,
            "errno": 13,
            "operation": "create"
          },
          {
            "denied": true,
            "errno": 13,
            "operation": "append_open"
          }
        ],
        "target_mode": "0o444",
        "uid": 1000
      },
      "exit_code": 1,
      "intended_condition": "osc_first",
      "rejected": true,
      "script": "audit_exact.py",
      "stderr": "{\"status\": \"fail\", \"error\": \"osc_first: residual -sqrt(2)*exp(t)*sin(t + pi/4)/5\", \"uid\": 1000, \"euid\": 1000}\n",
      "stderr_bytes": 110,
      "stderr_sha256": "130608aa09e78f8d9dd8258b072f40fb3e29d964afa385309e2720d251450c4d",
      "stdout": "ENV {\"directory_mode\": \"0o555\", \"euid\": 1000, \"optimization\": 2, \"physical_denials\": [{\"denied\": true, \"errno\": 13, \"operation\": \"create\"}, {\"denied\": true, \"errno\": 13, \"operation\": \"append_open\"}], \"target_mode\": \"0o444\", \"uid\": 1000}\n",
      "stdout_bytes": 237,
      "stdout_sha256": "43f612492d3b2a487bdaa0d42ddd38cf66e407639566cf236aa3742f48063830"
    },
    {
      "arguments": [
        "--mutant",
        "entire_rhs"
      ],
      "case": "independent-entire_rhs",
      "environment": {
        "directory_mode": "0o555",
        "euid": 1000,
        "optimization": 2,
        "physical_denials": [
          {
            "denied": true,
            "errno": 13,
            "operation": "create"
          },
          {
            "denied": true,
            "errno": 13,
            "operation": "append_open"
          }
        ],
        "target_mode": "0o444",
        "uid": 1000
      },
      "exit_code": 1,
      "intended_condition": "entire_equation",
      "rejected": true,
      "script": "audit_exact.py",
      "stderr": "{\"status\": \"fail\", \"error\": \"entire_equation: residual -1/(r**2 + 1)**2\", \"uid\": 1000, \"euid\": 1000}\n",
      "stderr_bytes": 101,
      "stderr_sha256": "57e0962a8944190474ae2ff202cacf9536e06bf50cead2a0e0c14eada42009c3",
      "stdout": "ENV {\"directory_mode\": \"0o555\", \"euid\": 1000, \"optimization\": 2, \"physical_denials\": [{\"denied\": true, \"errno\": 13, \"operation\": \"create\"}, {\"denied\": true, \"errno\": 13, \"operation\": \"append_open\"}], \"target_mode\": \"0o444\", \"uid\": 1000}\n",
      "stdout_bytes": 237,
      "stdout_sha256": "43f612492d3b2a487bdaa0d42ddd38cf66e407639566cf236aa3742f48063830"
    },
    {
      "arguments": [
        "--mutant",
        "entire_potential"
      ],
      "case": "independent-entire_potential",
      "environment": {
        "directory_mode": "0o555",
        "euid": 1000,
        "optimization": 2,
        "physical_denials": [
          {
            "denied": true,
            "errno": 13,
            "operation": "create"
          },
          {
            "denied": true,
            "errno": 13,
            "operation": "append_open"
          }
        ],
        "target_mode": "0o444",
        "uid": 1000
      },
      "exit_code": 1,
      "intended_condition": "entire_linearization",
      "rejected": true,
      "script": "audit_exact.py",
      "stderr": "{\"status\": \"fail\", \"error\": \"entire_linearization: residual 4/(r**2 + 1)**2\", \"uid\": 1000, \"euid\": 1000}\n",
      "stderr_bytes": 105,
      "stderr_sha256": "2a8ead051017c2c2717573017a6720224082400625286655a0d2645bdda55a39",
      "stdout": "ENV {\"directory_mode\": \"0o555\", \"euid\": 1000, \"optimization\": 2, \"physical_denials\": [{\"denied\": true, \"errno\": 13, \"operation\": \"create\"}, {\"denied\": true, \"errno\": 13, \"operation\": \"append_open\"}], \"target_mode\": \"0o444\", \"uid\": 1000}\n",
      "stdout_bytes": 237,
      "stdout_sha256": "43f612492d3b2a487bdaa0d42ddd38cf66e407639566cf236aa3742f48063830"
    },
    {
      "arguments": [
        "--mutant",
        "hardy_threshold"
      ],
      "case": "independent-hardy_threshold",
      "environment": {
        "directory_mode": "0o555",
        "euid": 1000,
        "optimization": 2,
        "physical_denials": [
          {
            "denied": true,
            "errno": 13,
            "operation": "create"
          },
          {
            "denied": true,
            "errno": 13,
            "operation": "append_open"
          }
        ],
        "target_mode": "0o444",
        "uid": 1000
      },
      "exit_code": 1,
      "intended_condition": "dimension_threshold",
      "rejected": true,
      "script": "audit_exact.py",
      "stderr": "{\"status\": \"fail\", \"error\": \"dimension_threshold: residual 1/2 - n/4\", \"uid\": 1000, \"euid\": 1000}\n",
      "stderr_bytes": 98,
      "stderr_sha256": "d86408d0037675301c75ba804a5da84ae95c40475a8ebd81afc30f67be7254a0",
      "stdout": "ENV {\"directory_mode\": \"0o555\", \"euid\": 1000, \"optimization\": 2, \"physical_denials\": [{\"denied\": true, \"errno\": 13, \"operation\": \"create\"}, {\"denied\": true, \"errno\": 13, \"operation\": \"append_open\"}], \"target_mode\": \"0o444\", \"uid\": 1000}\n",
      "stdout_bytes": 237,
      "stdout_sha256": "43f612492d3b2a487bdaa0d42ddd38cf66e407639566cf236aa3742f48063830"
    },
    {
      "arguments": [
        "--mutant",
        "normalize_amplitude"
      ],
      "case": "independent-normalize_amplitude",
      "environment": {
        "directory_mode": "0o555",
        "euid": 1000,
        "optimization": 2,
        "physical_denials": [
          {
            "denied": true,
            "errno": 13,
            "operation": "create"
          },
          {
            "denied": true,
            "errno": 13,
            "operation": "append_open"
          }
        ],
        "target_mode": "0o444",
        "uid": 1000
      },
      "exit_code": 1,
      "intended_condition": "normalized_derivative",
      "rejected": true,
      "script": "audit_exact.py",
      "stderr": "{\"status\": \"fail\", \"error\": \"normalized_derivative: residual 4*(n + 1)/n**2\", \"uid\": 1000, \"euid\": 1000}\n",
      "stderr_bytes": 105,
      "stderr_sha256": "cd0d25889d527b2b5d72f9132e9c6d408e95e260b0c3a7d8db3ad83a022efc10",
      "stdout": "ENV {\"directory_mode\": \"0o555\", \"euid\": 1000, \"optimization\": 2, \"physical_denials\": [{\"denied\": true, \"errno\": 13, \"operation\": \"create\"}, {\"denied\": true, \"errno\": 13, \"operation\": \"append_open\"}], \"target_mode\": \"0o444\", \"uid\": 1000}\n",
      "stdout_bytes": 237,
      "stdout_sha256": "43f612492d3b2a487bdaa0d42ddd38cf66e407639566cf236aa3742f48063830"
    },
    {
      "arguments": [
        "--mutant",
        "normalize_radius"
      ],
      "case": "independent-normalize_radius",
      "environment": {
        "directory_mode": "0o555",
        "euid": 1000,
        "optimization": 2,
        "physical_denials": [
          {
            "denied": true,
            "errno": 13,
            "operation": "create"
          },
          {
            "denied": true,
            "errno": 13,
            "operation": "append_open"
          }
        ],
        "target_mode": "0o444",
        "uid": 1000
      },
      "exit_code": 1,
      "intended_condition": "normalized_equation",
      "rejected": true,
      "script": "audit_exact.py",
      "stderr": "{\"status\": \"fail\", \"error\": \"normalized_equation: residual 4*(2*n**2 + n*r**2 - 2*r**2)/(n*(4*n**2 + 4*n*r**2 + r**4))\", \"uid\": 1000, \"euid\": 1000}\n",
      "stderr_bytes": 148,
      "stderr_sha256": "6deb730132a1c17c9d41b3a5727b36d92d5683844ad090388cb2a5f6125f706a",
      "stdout": "ENV {\"directory_mode\": \"0o555\", \"euid\": 1000, \"optimization\": 2, \"physical_denials\": [{\"denied\": true, \"errno\": 13, \"operation\": \"create\"}, {\"denied\": true, \"errno\": 13, \"operation\": \"append_open\"}], \"target_mode\": \"0o444\", \"uid\": 1000}\n",
      "stdout_bytes": 237,
      "stdout_sha256": "43f612492d3b2a487bdaa0d42ddd38cf66e407639566cf236aa3742f48063830"
    },
    {
      "arguments": [
        "--mutant",
        "blowup_lambda"
      ],
      "case": "independent-blowup_lambda",
      "environment": {
        "directory_mode": "0o555",
        "euid": 1000,
        "optimization": 2,
        "physical_denials": [
          {
            "denied": true,
            "errno": 13,
            "operation": "create"
          },
          {
            "denied": true,
            "errno": 13,
            "operation": "append_open"
          }
        ],
        "target_mode": "0o444",
        "uid": 1000
      },
      "exit_code": 1,
      "intended_condition": "blowup_PDE_factor",
      "rejected": true,
      "script": "audit_exact.py",
      "stderr": "{\"status\": \"fail\", \"error\": \"blowup_PDE_factor: residual fj*(lam - 1)/f0\", \"uid\": 1000, \"euid\": 1000}\n",
      "stderr_bytes": 102,
      "stderr_sha256": "02826b94ac05824208c1ef29d72d71daa84546d5ba435ec2b47738f5bf33a133",
      "stdout": "ENV {\"directory_mode\": \"0o555\", \"euid\": 1000, \"optimization\": 2, \"physical_denials\": [{\"denied\": true, \"errno\": 13, \"operation\": \"create\"}, {\"denied\": true, \"errno\": 13, \"operation\": \"append_open\"}], \"target_mode\": \"0o444\", \"uid\": 1000}\n",
      "stdout_bytes": 237,
      "stdout_sha256": "43f612492d3b2a487bdaa0d42ddd38cf66e407639566cf236aa3742f48063830"
    },
    {
      "arguments": [
        "--mutant",
        "cylinder_drift"
      ],
      "case": "independent-cylinder_drift",
      "environment": {
        "directory_mode": "0o555",
        "euid": 1000,
        "optimization": 2,
        "physical_denials": [
          {
            "denied": true,
            "errno": 13,
            "operation": "create"
          },
          {
            "denied": true,
            "errno": 13,
            "operation": "append_open"
          }
        ],
        "target_mode": "0o444",
        "uid": 1000
      },
      "exit_code": 1,
      "intended_condition": "cylinder_equation_radial",
      "rejected": true,
      "script": "audit_exact.py",
      "stderr": "{\"status\": \"fail\", \"error\": \"cylinder_equation_radial: residual -4*wt\", \"uid\": 1000, \"euid\": 1000}\n",
      "stderr_bytes": 99,
      "stderr_sha256": "ec6ad65c2c16ae85fc91616feb776f052d7c42ddf8024e6ced651bb19bea47fc",
      "stdout": "ENV {\"directory_mode\": \"0o555\", \"euid\": 1000, \"optimization\": 2, \"physical_denials\": [{\"denied\": true, \"errno\": 13, \"operation\": \"create\"}, {\"denied\": true, \"errno\": 13, \"operation\": \"append_open\"}], \"target_mode\": \"0o444\", \"uid\": 1000}\n",
      "stdout_bytes": 237,
      "stdout_sha256": "43f612492d3b2a487bdaa0d42ddd38cf66e407639566cf236aa3742f48063830"
    },
    {
      "arguments": [
        "--mutant",
        "cylinder_hardy"
      ],
      "case": "independent-cylinder_hardy",
      "environment": {
        "directory_mode": "0o555",
        "euid": 1000,
        "optimization": 2,
        "physical_denials": [
          {
            "denied": true,
            "errno": 13,
            "operation": "create"
          },
          {
            "denied": true,
            "errno": 13,
            "operation": "append_open"
          }
        ],
        "target_mode": "0o444",
        "uid": 1000
      },
      "exit_code": 1,
      "intended_condition": "cylinder_energy_expansion",
      "rejected": true,
      "script": "audit_exact.py",
      "stderr": "{\"status\": \"fail\", \"error\": \"cylinder_energy_expansion: residual -2*n*z**2\", \"uid\": 1000, \"euid\": 1000}\n",
      "stderr_bytes": 104,
      "stderr_sha256": "bdc75d3f968fd8dd19eb05c09cdf611081f66ed9578f345172ac3338062dc939",
      "stdout": "ENV {\"directory_mode\": \"0o555\", \"euid\": 1000, \"optimization\": 2, \"physical_denials\": [{\"denied\": true, \"errno\": 13, \"operation\": \"create\"}, {\"denied\": true, \"errno\": 13, \"operation\": \"append_open\"}], \"target_mode\": \"0o444\", \"uid\": 1000}\n",
      "stdout_bytes": 237,
      "stdout_sha256": "43f612492d3b2a487bdaa0d42ddd38cf66e407639566cf236aa3742f48063830"
    },
    {
      "arguments": [
        "--mutant",
        "angular_sign"
      ],
      "case": "independent-angular_sign",
      "environment": {
        "directory_mode": "0o555",
        "euid": 1000,
        "optimization": 2,
        "physical_denials": [
          {
            "denied": true,
            "errno": 13,
            "operation": "create"
          },
          {
            "denied": true,
            "errno": 13,
            "operation": "append_open"
          }
        ],
        "target_mode": "0o444",
        "uid": 1000
      },
      "exit_code": 1,
      "intended_condition": "angular_equation",
      "rejected": true,
      "script": "audit_exact.py",
      "stderr": "{\"status\": \"fail\", \"error\": \"angular_equation: residual -2*ds\", \"uid\": 1000, \"euid\": 1000}\n",
      "stderr_bytes": 91,
      "stderr_sha256": "2bed92e678b9f83fa4ce698c2e2818fad243d08879faaaab180f8cf803ef9684",
      "stdout": "ENV {\"directory_mode\": \"0o555\", \"euid\": 1000, \"optimization\": 2, \"physical_denials\": [{\"denied\": true, \"errno\": 13, \"operation\": \"create\"}, {\"denied\": true, \"errno\": 13, \"operation\": \"append_open\"}], \"target_mode\": \"0o444\", \"uid\": 1000}\n",
      "stdout_bytes": 237,
      "stdout_sha256": "43f612492d3b2a487bdaa0d42ddd38cf66e407639566cf236aa3742f48063830"
    },
    {
      "arguments": [
        "--mutant",
        "chain_rule_sign"
      ],
      "case": "independent-chain_rule_sign",
      "environment": {
        "directory_mode": "0o555",
        "euid": 1000,
        "optimization": 2,
        "physical_denials": [
          {
            "denied": true,
            "errno": 13,
            "operation": "create"
          },
          {
            "denied": true,
            "errno": 13,
            "operation": "append_open"
          }
        ],
        "target_mode": "0o444",
        "uid": 1000
      },
      "exit_code": 1,
      "intended_condition": "potential_chain_rule",
      "rejected": true,
      "script": "audit_exact.py",
      "stderr": "{\"status\": \"fail\", \"error\": \"potential_chain_rule: residual -2*Fppp*ux**2\", \"uid\": 1000, \"euid\": 1000}\n",
      "stderr_bytes": 103,
      "stderr_sha256": "e47367c0f539c491e1a230001e63cddc144de292d396a29d14ae2ddd1c5ec935",
      "stdout": "ENV {\"directory_mode\": \"0o555\", \"euid\": 1000, \"optimization\": 2, \"physical_denials\": [{\"denied\": true, \"errno\": 13, \"operation\": \"create\"}, {\"denied\": true, \"errno\": 13, \"operation\": \"append_open\"}], \"target_mode\": \"0o444\", \"uid\": 1000}\n",
      "stdout_bytes": 237,
      "stdout_sha256": "43f612492d3b2a487bdaa0d42ddd38cf66e407639566cf236aa3742f48063830"
    },
    {
      "arguments": [
        "--mutant",
        "compatibility_sign"
      ],
      "case": "independent-compatibility_sign",
      "environment": {
        "directory_mode": "0o555",
        "euid": 1000,
        "optimization": 2,
        "physical_denials": [
          {
            "denied": true,
            "errno": 13,
            "operation": "create"
          },
          {
            "denied": true,
            "errno": 13,
            "operation": "append_open"
          }
        ],
        "target_mode": "0o444",
        "uid": 1000
      },
      "exit_code": 1,
      "intended_condition": "gradient_compatibility",
      "rejected": true,
      "script": "audit_exact.py",
      "stderr": "{\"status\": \"fail\", \"error\": \"gradient_compatibility: residual 2*Fp*ux\", \"uid\": 1000, \"euid\": 1000}\n",
      "stderr_bytes": 99,
      "stderr_sha256": "0231520b014dd5535fa24c0c3b2e66f75beabc0ac5c3318e17f721295c9f067a",
      "stdout": "ENV {\"directory_mode\": \"0o555\", \"euid\": 1000, \"optimization\": 2, \"physical_denials\": [{\"denied\": true, \"errno\": 13, \"operation\": \"create\"}, {\"denied\": true, \"errno\": 13, \"operation\": \"append_open\"}], \"target_mode\": \"0o444\", \"uid\": 1000}\n",
      "stdout_bytes": 237,
      "stdout_sha256": "43f612492d3b2a487bdaa0d42ddd38cf66e407639566cf236aa3742f48063830"
    },
    {
      "arguments": [
        "--inject-failure"
      ],
      "case": "explicit-original-failure",
      "environment": {
        "directory_mode": "0o555",
        "euid": 1000,
        "optimization": 2,
        "physical_denials": [
          {
            "denied": true,
            "errno": 13,
            "operation": "create"
          },
          {
            "denied": true,
            "errno": 13,
            "operation": "append_open"
          }
        ],
        "target_mode": "0o444",
        "uid": 1000
      },
      "exit_code": 1,
      "intended_condition": "intentional explicit failure: optimization must not disable checks",
      "rejected": true,
      "script": "check_exact.py",
      "stderr": "{\"status\": \"fail\", \"error\": \"intentional explicit failure: optimization must not disable checks\"}\n",
      "stderr_bytes": 98,
      "stderr_sha256": "d2ff3e54047bafff92b113f0c48fc8601bf83c82c93f156d8e9fe932177df8bf",
      "stdout": "ENV {\"directory_mode\": \"0o555\", \"euid\": 1000, \"optimization\": 2, \"physical_denials\": [{\"denied\": true, \"errno\": 13, \"operation\": \"create\"}, {\"denied\": true, \"errno\": 13, \"operation\": \"append_open\"}], \"target_mode\": \"0o444\", \"uid\": 1000}\n",
      "stdout_bytes": 237,
      "stdout_sha256": "43f612492d3b2a487bdaa0d42ddd38cf66e407639566cf236aa3742f48063830"
    },
    {
      "arguments": [
        "--inject-failure"
      ],
      "case": "explicit-independent-failure",
      "environment": {
        "directory_mode": "0o555",
        "euid": 1000,
        "optimization": 2,
        "physical_denials": [
          {
            "denied": true,
            "errno": 13,
            "operation": "create"
          },
          {
            "denied": true,
            "errno": 13,
            "operation": "append_open"
          }
        ],
        "target_mode": "0o444",
        "uid": 1000
      },
      "exit_code": 1,
      "intended_condition": "intentional explicit failure",
      "rejected": true,
      "script": "audit_exact.py",
      "stderr": "{\"status\": \"fail\", \"error\": \"intentional explicit failure\", \"uid\": 1000, \"euid\": 1000}\n",
      "stderr_bytes": 87,
      "stderr_sha256": "98b8e2caf8af930ed0eedbad889c13d117eedff82e876b6a29ec4d8d99aa52cf",
      "stdout": "ENV {\"directory_mode\": \"0o555\", \"euid\": 1000, \"optimization\": 2, \"physical_denials\": [{\"denied\": true, \"errno\": 13, \"operation\": \"create\"}, {\"denied\": true, \"errno\": 13, \"operation\": \"append_open\"}], \"target_mode\": \"0o444\", \"uid\": 1000}\n",
      "stdout_bytes": 237,
      "stdout_sha256": "43f612492d3b2a487bdaa0d42ddd38cf66e407639566cf236aa3742f48063830"
    }
  ],
  "schema": 1,
  "scope": "Exact algebra support only; mathematical and source-scope conclusions rest on the independent written audit.",
  "source_unchanged": true,
  "status": "PASS",
  "uid": 1000
}
