{
  "pass": true,
  "vertices": 10,
  "edges": 10,
  "faces": 2,
  "candidate_degree": 12,
  "permutations_checked": 1152,
  "abstract_automorphisms": 4,
  "orientation_preserving_automorphisms": 1,
  "orientation_reversing_automorphisms": 1,
  "automorphisms": [
    {
      "vertex_images": [
        0,
        1,
        2,
        3,
        4,
        5,
        6,
        7,
        8,
        9
      ],
      "root_orientation_signs": [
        1,
        1,
        1,
        1
      ]
    },
    {
      "vertex_images": [
        0,
        3,
        2,
        1,
        4,
        8,
        9,
        7,
        5,
        6
      ],
      "root_orientation_signs": [
        -1,
        1,
        -1,
        1
      ]
    },
    {
      "vertex_images": [
        2,
        1,
        0,
        3,
        7,
        5,
        6,
        4,
        8,
        9
      ],
      "root_orientation_signs": [
        1,
        -1,
        1,
        -1
      ]
    },
    {
      "vertex_images": [
        2,
        3,
        0,
        1,
        7,
        8,
        9,
        4,
        5,
        6
      ],
      "root_orientation_signs": [
        -1,
        -1,
        -1,
        -1
      ]
    }
  ],
  "antipodal_vertex_images": [
    2,
    3,
    0,
    1,
    7,
    8,
    9,
    4,
    5,
    6
  ],
  "face_boundary_lengths": [
    10,
    10
  ],
  "rotation_system": {
    "0": [
      3,
      1,
      4
    ],
    "1": [
      0,
      2,
      5
    ],
    "2": [
      1,
      7,
      3
    ],
    "3": [
      2,
      8,
      0
    ],
    "4": [
      0
    ],
    "5": [
      1,
      6
    ],
    "6": [
      5
    ],
    "7": [
      2
    ],
    "8": [
      3,
      9
    ],
    "9": [
      8
    ]
  },
  "edges_list": [
    [
      0,
      1
    ],
    [
      1,
      2
    ],
    [
      2,
      3
    ],
    [
      3,
      0
    ],
    [
      0,
      4
    ],
    [
      1,
      5
    ],
    [
      5,
      6
    ],
    [
      2,
      7
    ],
    [
      3,
      8
    ],
    [
      8,
      9
    ]
  ],
  "face_boundaries": [
    [
      [
        0,
        1
      ],
      [
        1,
        2
      ],
      [
        2,
        7
      ],
      [
        7,
        2
      ],
      [
        2,
        3
      ],
      [
        3,
        8
      ],
      [
        8,
        9
      ],
      [
        9,
        8
      ],
      [
        8,
        3
      ],
      [
        3,
        0
      ]
    ],
    [
      [
        0,
        4
      ],
      [
        4,
        0
      ],
      [
        0,
        3
      ],
      [
        3,
        2
      ],
      [
        2,
        1
      ],
      [
        1,
        5
      ],
      [
        5,
        6
      ],
      [
        6,
        5
      ],
      [
        5,
        1
      ],
      [
        1,
        0
      ]
    ]
  ],
  "radial_vertices": 12,
  "radial_edges_with_multiplicity": 20,
  "radial_connected": true,
  "critical_local_degrees": {
    "4": 4,
    "2": 4,
    "3": 2
  },
  "ramification_total": 20,
  "postcritical_cardinality": 10,
  "scope": "Finite graph and rotation-system verification only. Rational realization, naturality, algebraicity, and field-of-moduli obstruction require the written proof."
}
