{
  "utc": "2026-10-02T11:32:10.349225+00:00",
  "records": [
    {
      "name": "new_controls_baseline",
      "command": [
        "/usr/bin/python3",
        "/Users/alec/Documents/Math/draft_pr_publication_program_20260930/audits/pr39_9500008/tmp/root_pr39_actual_x_hc1nyr/draft_pr_publication_program_20260930/audits/pr39_9500008/uniform_error_scaling_family/audit_controls.py",
        "--candidate",
        "/Users/alec/Documents/Math/draft_pr_publication_program_20260930/audits/pr39_9500008/tmp/root_pr39_actual_x_hc1nyr/draft_pr_publication_program_20260930/audits/pr39_9500008/uniform_error_scaling_family/frozen_original/PARTIAL.md",
        "--out",
        "/Users/alec/Documents/Math/draft_pr_publication_program_20260930/audits/pr39_9500008/tmp/root_pr39_actual_x_hc1nyr/draft_pr_publication_program_20260930/audits/pr39_9500008/uniform_error_scaling_family/exact_control_results.json"
      ],
      "exit_code": 0,
      "expected_exit": 0,
      "observed_expected": true,
      "stdout_sha256": "8ad14d9d18c417f24570184d30bfdd3a897325dc7c32b233aa4a9c184598bb28",
      "stderr_sha256": "e3b0c44298fc1c149afbf4c8996fb92427ae41e4649b934ca495991b7852b855"
    },
    {
      "name": "prose_boundary_removed",
      "command": [
        "/usr/bin/python3",
        "/Users/alec/Documents/Math/draft_pr_publication_program_20260930/audits/pr39_9500008/tmp/root_pr39_actual_x_hc1nyr/draft_pr_publication_program_20260930/audits/pr39_9500008/uniform_error_scaling_family/audit_controls.py",
        "--candidate",
        "/Users/alec/Documents/Math/draft_pr_publication_program_20260930/audits/pr39_9500008/tmp/root_pr39_actual_x_hc1nyr/draft_pr_publication_program_20260930/audits/pr39_9500008/uniform_error_scaling_family/executed_mutations/prose_boundary_removed/PARTIAL.md",
        "--out",
        "/Users/alec/Documents/Math/draft_pr_publication_program_20260930/audits/pr39_9500008/tmp/root_pr39_actual_x_hc1nyr/draft_pr_publication_program_20260930/audits/pr39_9500008/uniform_error_scaling_family/executed_mutations/prose_boundary_removed/receipt.json"
      ],
      "exit_code": 1,
      "expected_exit": 1,
      "observed_expected": true,
      "stdout_sha256": "e3b0c44298fc1c149afbf4c8996fb92427ae41e4649b934ca495991b7852b855",
      "stderr_sha256": "cfe3b3c385923df86951a19baeb6a5acd6f075963024387f7c0c2bbdc1c5f382",
      "mutation": {
        "before": "2\\,\\omega_W(c;R_0+c)",
        "after": "2\\,\\omega_W(c;R_0)"
      },
      "mutated_prose_sha256": "d36094d4543dec9d94849704bf202986333ef9458b49034b2cd374e4e24d282c"
    },
    {
      "name": "prose_rotation_sign",
      "command": [
        "/usr/bin/python3",
        "/Users/alec/Documents/Math/draft_pr_publication_program_20260930/audits/pr39_9500008/tmp/root_pr39_actual_x_hc1nyr/draft_pr_publication_program_20260930/audits/pr39_9500008/uniform_error_scaling_family/audit_controls.py",
        "--candidate",
        "/Users/alec/Documents/Math/draft_pr_publication_program_20260930/audits/pr39_9500008/tmp/root_pr39_actual_x_hc1nyr/draft_pr_publication_program_20260930/audits/pr39_9500008/uniform_error_scaling_family/executed_mutations/prose_rotation_sign/PARTIAL.md",
        "--out",
        "/Users/alec/Documents/Math/draft_pr_publication_program_20260930/audits/pr39_9500008/tmp/root_pr39_actual_x_hc1nyr/draft_pr_publication_program_20260930/audits/pr39_9500008/uniform_error_scaling_family/executed_mutations/prose_rotation_sign/receipt.json"
      ],
      "exit_code": 1,
      "expected_exit": 1,
      "observed_expected": true,
      "stdout_sha256": "e3b0c44298fc1c149afbf4c8996fb92427ae41e4649b934ca495991b7852b855",
      "stderr_sha256": "04d47f06c267b353b5fa5c068edf80491c298218d5e0086d7f13d78e7f552178",
      "mutation": {
        "before": "[W(a+T)-W(a+T-u)]-[W(a+u)-W(a)]",
        "after": "[W(a+T)-W(a+T-u)]+[W(a+u)-W(a)]"
      },
      "mutated_prose_sha256": "fd1a733c400296c27e888eedf49c34bbba689e8873f8f16d02934e75554da26d"
    },
    {
      "name": "prose_tail_nonsummable",
      "command": [
        "/usr/bin/python3",
        "/Users/alec/Documents/Math/draft_pr_publication_program_20260930/audits/pr39_9500008/tmp/root_pr39_actual_x_hc1nyr/draft_pr_publication_program_20260930/audits/pr39_9500008/uniform_error_scaling_family/audit_controls.py",
        "--candidate",
        "/Users/alec/Documents/Math/draft_pr_publication_program_20260930/audits/pr39_9500008/tmp/root_pr39_actual_x_hc1nyr/draft_pr_publication_program_20260930/audits/pr39_9500008/uniform_error_scaling_family/executed_mutations/prose_tail_nonsummable/PARTIAL.md",
        "--out",
        "/Users/alec/Documents/Math/draft_pr_publication_program_20260930/audits/pr39_9500008/tmp/root_pr39_actual_x_hc1nyr/draft_pr_publication_program_20260930/audits/pr39_9500008/uniform_error_scaling_family/executed_mutations/prose_tail_nonsummable/receipt.json"
      ],
      "exit_code": 1,
      "expected_exit": 1,
      "observed_expected": true,
      "stdout_sha256": "e3b0c44298fc1c149afbf4c8996fb92427ae41e4649b934ca495991b7852b855",
      "stderr_sha256": "fce5b6ed4063a045884ce6b76892f077268c5f2625e5ddcf45f9d7f362294d52",
      "mutation": {
        "before": "Take \\(r=8\\sqrt{cm}\\)",
        "after": "Take \\(r=1\\sqrt{cm}\\)"
      },
      "mutated_prose_sha256": "2d56ae5b4af860c26aa742f7104a9ab7ebb4920705c92cdd6ff3f150e1387f97"
    },
    {
      "name": "prose_uniform_bound_weakened",
      "command": [
        "/usr/bin/python3",
        "/Users/alec/Documents/Math/draft_pr_publication_program_20260930/audits/pr39_9500008/tmp/root_pr39_actual_x_hc1nyr/draft_pr_publication_program_20260930/audits/pr39_9500008/uniform_error_scaling_family/audit_controls.py",
        "--candidate",
        "/Users/alec/Documents/Math/draft_pr_publication_program_20260930/audits/pr39_9500008/tmp/root_pr39_actual_x_hc1nyr/draft_pr_publication_program_20260930/audits/pr39_9500008/uniform_error_scaling_family/executed_mutations/prose_uniform_bound_weakened/PARTIAL.md",
        "--out",
        "/Users/alec/Documents/Math/draft_pr_publication_program_20260930/audits/pr39_9500008/tmp/root_pr39_actual_x_hc1nyr/draft_pr_publication_program_20260930/audits/pr39_9500008/uniform_error_scaling_family/executed_mutations/prose_uniform_bound_weakened/receipt.json"
      ],
      "exit_code": 1,
      "expected_exit": 1,
      "observed_expected": true,
      "stdout_sha256": "e3b0c44298fc1c149afbf4c8996fb92427ae41e4649b934ca495991b7852b855",
      "stderr_sha256": "ca6769ad1b43ada9b36475c5fbdb2b33c38b297e3dad9110908bd572aea646c3",
      "mutation": {
        "before": "common deterministic finite bound",
        "after": "piecewise finite bound"
      },
      "mutated_prose_sha256": "f14a265a3636c79dc4fe37eedc68ceecc0531b379b4d06576d35d50aebc265c1"
    },
    {
      "name": "prose_independence_removed",
      "command": [
        "/usr/bin/python3",
        "/Users/alec/Documents/Math/draft_pr_publication_program_20260930/audits/pr39_9500008/tmp/root_pr39_actual_x_hc1nyr/draft_pr_publication_program_20260930/audits/pr39_9500008/uniform_error_scaling_family/audit_controls.py",
        "--candidate",
        "/Users/alec/Documents/Math/draft_pr_publication_program_20260930/audits/pr39_9500008/tmp/root_pr39_actual_x_hc1nyr/draft_pr_publication_program_20260930/audits/pr39_9500008/uniform_error_scaling_family/executed_mutations/prose_independence_removed/PARTIAL.md",
        "--out",
        "/Users/alec/Documents/Math/draft_pr_publication_program_20260930/audits/pr39_9500008/tmp/root_pr39_actual_x_hc1nyr/draft_pr_publication_program_20260930/audits/pr39_9500008/uniform_error_scaling_family/executed_mutations/prose_independence_removed/receipt.json"
      ],
      "exit_code": 1,
      "expected_exit": 1,
      "observed_expected": true,
      "stdout_sha256": "e3b0c44298fc1c149afbf4c8996fb92427ae41e4649b934ca495991b7852b855",
      "stderr_sha256": "515e55cb460dabf84b6522d95767e25cc21b638764c5510d0291d54025e13a87",
      "mutation": {
        "before": "are independent but need not be identically distributed",
        "after": "may be dependent and need not be identically distributed"
      },
      "mutated_prose_sha256": "66aeb2a11a4df93c04f36d044d85c072d392cec1ec94f73bc07ee6a4af615979"
    },
    {
      "name": "prose_divergence_removed",
      "command": [
        "/usr/bin/python3",
        "/Users/alec/Documents/Math/draft_pr_publication_program_20260930/audits/pr39_9500008/tmp/root_pr39_actual_x_hc1nyr/draft_pr_publication_program_20260930/audits/pr39_9500008/uniform_error_scaling_family/audit_controls.py",
        "--candidate",
        "/Users/alec/Documents/Math/draft_pr_publication_program_20260930/audits/pr39_9500008/tmp/root_pr39_actual_x_hc1nyr/draft_pr_publication_program_20260930/audits/pr39_9500008/uniform_error_scaling_family/executed_mutations/prose_divergence_removed/PARTIAL.md",
        "--out",
        "/Users/alec/Documents/Math/draft_pr_publication_program_20260930/audits/pr39_9500008/tmp/root_pr39_actual_x_hc1nyr/draft_pr_publication_program_20260930/audits/pr39_9500008/uniform_error_scaling_family/executed_mutations/prose_divergence_removed/receipt.json"
      ],
      "exit_code": 1,
      "expected_exit": 1,
      "observed_expected": true,
      "stdout_sha256": "e3b0c44298fc1c149afbf4c8996fb92427ae41e4649b934ca495991b7852b855",
      "stderr_sha256": "34e9063ec621ebe2f7aa73ccbd1d7620661146fd8123c1f6c6d1a0d5aa318371",
      "mutation": {
        "before": "sums of durations diverge in both directions",
        "after": "sums of durations may converge in both directions"
      },
      "mutated_prose_sha256": "7ebbf2ac9cee8921a50ae5de7a5b08bcfad6a54d748da2795b93d1b1c181d819"
    },
    {
      "name": "prose_scaling_as_upgrade",
      "command": [
        "/usr/bin/python3",
        "/Users/alec/Documents/Math/draft_pr_publication_program_20260930/audits/pr39_9500008/tmp/root_pr39_actual_x_hc1nyr/draft_pr_publication_program_20260930/audits/pr39_9500008/uniform_error_scaling_family/audit_controls.py",
        "--candidate",
        "/Users/alec/Documents/Math/draft_pr_publication_program_20260930/audits/pr39_9500008/tmp/root_pr39_actual_x_hc1nyr/draft_pr_publication_program_20260930/audits/pr39_9500008/uniform_error_scaling_family/executed_mutations/prose_scaling_as_upgrade/PARTIAL.md",
        "--out",
        "/Users/alec/Documents/Math/draft_pr_publication_program_20260930/audits/pr39_9500008/tmp/root_pr39_actual_x_hc1nyr/draft_pr_publication_program_20260930/audits/pr39_9500008/uniform_error_scaling_family/executed_mutations/prose_scaling_as_upgrade/receipt.json"
      ],
      "exit_code": 1,
      "expected_exit": 1,
      "observed_expected": true,
      "stdout_sha256": "e3b0c44298fc1c149afbf4c8996fb92427ae41e4649b934ca495991b7852b855",
      "stderr_sha256": "81f803925d3d0e1347f977941ae05923a40ecd28f356ee98223995227101bb16",
      "mutation": {
        "before": "\\Longrightarrow",
        "after": "\\longrightarrow\\quad\\text{almost-sure Brownian scaling limit}"
      },
      "mutated_prose_sha256": "486d81d1f8011a4197d3835f0b09a72122a3414e6cebdce7d2b71f6770383081"
    },
    {
      "name": "prose_all_origins_upgrade",
      "command": [
        "/usr/bin/python3",
        "/Users/alec/Documents/Math/draft_pr_publication_program_20260930/audits/pr39_9500008/tmp/root_pr39_actual_x_hc1nyr/draft_pr_publication_program_20260930/audits/pr39_9500008/uniform_error_scaling_family/audit_controls.py",
        "--candidate",
        "/Users/alec/Documents/Math/draft_pr_publication_program_20260930/audits/pr39_9500008/tmp/root_pr39_actual_x_hc1nyr/draft_pr_publication_program_20260930/audits/pr39_9500008/uniform_error_scaling_family/executed_mutations/prose_all_origins_upgrade/PARTIAL.md",
        "--out",
        "/Users/alec/Documents/Math/draft_pr_publication_program_20260930/audits/pr39_9500008/tmp/root_pr39_actual_x_hc1nyr/draft_pr_publication_program_20260930/audits/pr39_9500008/uniform_error_scaling_family/executed_mutations/prose_all_origins_upgrade/receipt.json"
      ],
      "exit_code": 1,
      "expected_exit": 1,
      "observed_expected": true,
      "stdout_sha256": "e3b0c44298fc1c149afbf4c8996fb92427ae41e4649b934ca495991b7852b855",
      "stderr_sha256": "9b2151e087ef268b23c9fc64a7206aab77ae36b06e3690b3404c917a60975368",
      "mutation": {
        "before": "\\tag{2}\n",
        "after": "\\tag{2}\nThis bound holds uniformly over every translated observation window.\n"
      },
      "mutated_prose_sha256": "6eada5581e64e5960674add70d9126d8fa8524735e3936cb8eb143d2f25f1f7f"
    },
    {
      "name": "code_original_rotation_sign",
      "command": [
        "/usr/bin/python3",
        "/Users/alec/Documents/Math/draft_pr_publication_program_20260930/audits/pr39_9500008/tmp/root_pr39_actual_x_hc1nyr/draft_pr_publication_program_20260930/audits/pr39_9500008/uniform_error_scaling_family/executed_mutations/code_original_rotation_sign/verify.py"
      ],
      "exit_code": 1,
      "expected_exit": 1,
      "observed_expected": true,
      "stdout_sha256": "e3b0c44298fc1c149afbf4c8996fb92427ae41e4649b934ca495991b7852b855",
      "stderr_sha256": "23cb83ad26fa2c18349cd3894e5d736dd6be3c78fd9e9551772cac828c5c3acf",
      "mutation": {
        "before": "Y[j]+Y[j+T]-Y[j+T-u]",
        "after": "Y[j]+Y[j+T]+Y[j+T-u]"
      },
      "mutated_program_sha256": "78af79d58354d949bcfaa87e09f29c5fe6a3a39e547b8c1a4937c01be203027e"
    },
    {
      "name": "code_old_independent_tail",
      "command": [
        "/usr/bin/python3",
        "/Users/alec/Documents/Math/draft_pr_publication_program_20260930/audits/pr39_9500008/tmp/root_pr39_actual_x_hc1nyr/draft_pr_publication_program_20260930/audits/pr39_9500008/uniform_error_scaling_family/executed_mutations/code_old_independent_tail/independent_checks.py"
      ],
      "exit_code": 1,
      "expected_exit": 1,
      "observed_expected": true,
      "stdout_sha256": "e3b0c44298fc1c149afbf4c8996fb92427ae41e4649b934ca495991b7852b855",
      "stderr_sha256": "5b6b0c991ca8e5f4f1ce94fd21023ecd44ded001e0edf76069c8f124d4bbc2ee",
      "mutation": {
        "before": "(8*s.sqrt(c*m))**2",
        "after": "(1*s.sqrt(c*m))**2"
      },
      "mutated_program_sha256": "ea5f2b1938b151686ccee1022be82f259371331ea22a78c6b23700d32f3b4454"
    }
  ],
  "scope": "Baseline succeeds; eight prose mutations and two original-program mutations fail. Mutation rejection is not a general automated proof certificate."
}
