{"core_member_bytes": 160213642, "core_member_count": 597, "core_member_modes_checked": true, "package_builder_commit": "10bd695cc7b7e0fd98a187026059b043589244f0", "payload_bytes": 161122700, "payload_file_count": 635, "proof_source_commit": "10bd695cc7b7e0fd98a187026059b043589244f0", "seal_scope": {"compressed_archive_container_checked": false, "delivered_payload_bytes_and_modes": true, "excluded_runtime_roots": [".venv", "review_runs"], "inner_manifest_checks_declared_members": true}, "source_reproduction_closed_resource_contract": true, "source_reproduction_reports": 2, "source_reproduction_source_archives": 2, "source_reproduction_transcripts": 4, "status": "PASS"}
K3P_REFEREE_PACKAGE_INTEGRITY_PASS
{
  "controls": [
    {
      "modes": {
        "cut_topology_existing": "0644",
        "cut_topology_new": "0644",
        "primary_existing": "0644",
        "primary_new": "0644",
        "strong_cut_transfer_existing": "0644",
        "strong_cut_transfer_new": "0644"
      },
      "name": "public_atomic_json_mode_preservation",
      "status": "PASS"
    },
    {
      "name": "location_dependent_primary_report_mode_restore",
      "preserved_regenerated_mode": "0600",
      "restored_mode": "0644",
      "status": "PASS"
    }
  ],
  "mutation": {
    "after": "0600",
    "before": "0644",
    "detected_failure": "atomic output mode drift",
    "name": "unsafe_atomic_mode_replacement",
    "status": "REJECTED"
  },
  "schema": "k3p-output-mode-preservation-control-v1",
  "status": "PASS"
}
K3P_OUTPUT_MODE_PRESERVATION_PASS
{"command": "release_input_semantic_bindings", "elapsed_seconds": 0.21301087480969727, "status": "PASS"}
{"command": "integrated_artifact_binding", "elapsed_seconds": 0.3205309580080211, "status": "PASS"}
{"command": "integrated_fresh_independent_replay", "elapsed_seconds": 2961.9611064579803, "status": "PASS"}
{"command": "integrated_classification_mutations", "elapsed_seconds": 13.374390040989965, "status": "PASS"}
{
  "controls": [
    {
      "modes": {
        "cut_topology_existing": "0644",
        "cut_topology_new": "0644",
        "primary_existing": "0644",
        "primary_new": "0644",
        "strong_cut_transfer_existing": "0644",
        "strong_cut_transfer_new": "0644"
      },
      "name": "public_atomic_json_mode_preservation",
      "status": "PASS"
    },
    {
      "name": "location_dependent_primary_report_mode_restore",
      "preserved_regenerated_mode": "0600",
      "restored_mode": "0644",
      "status": "PASS"
    }
  ],
  "mutation": {
    "after": "0600",
    "before": "0644",
    "detected_failure": "atomic output mode drift",
    "name": "unsafe_atomic_mode_replacement",
    "status": "REJECTED"
  },
  "schema": "k3p-output-mode-preservation-control-v1",
  "status": "PASS"
}
K3P_OUTPUT_MODE_PRESERVATION_PASS
{"command": "cut_topology_graph_regeneration", "elapsed_seconds": 275.9120269168634, "status": "PASS"}
{"command": "cut_topology_graph_compare", "elapsed_seconds": 0.39065783307887614, "status": "PASS"}
{"command": "cut_topology_graph_mutations", "elapsed_seconds": 1.1507411659695208, "status": "PASS"}
{"command": "cut_single_minor_search", "elapsed_seconds": 41.340403917012736, "status": "PASS"}
{"command": "cut_signed_pair_build", "elapsed_seconds": 0.5633034999482334, "status": "PASS"}
{"command": "cut_signed_pair_verify", "elapsed_seconds": 0.5556802500505, "status": "PASS"}
{"command": "cut_signed_pair_mutations", "elapsed_seconds": 13.769453959073871, "status": "PASS"}
{"command": "cut_record39_audit", "elapsed_seconds": 0.6118448749184608, "status": "PASS"}
{"command": "cut_cyclic_build", "elapsed_seconds": 14.439933999907225, "status": "PASS"}
{"command": "cut_cyclic_verify", "elapsed_seconds": 13.438402791973203, "status": "PASS"}
{"command": "cut_cyclic_verify_optimized", "elapsed_seconds": 13.732905833050609, "status": "PASS"}
{"command": "cut_cyclic_manifest", "elapsed_seconds": 0.040380582911893725, "status": "PASS"}
{"command": "cut_record43_audit", "elapsed_seconds": 0.5611366671510041, "status": "PASS"}
{"command": "cut_record60_audit", "elapsed_seconds": 0.566639208002016, "status": "PASS"}
{"command": "cut_final_build", "elapsed_seconds": 1.7261428330093622, "status": "PASS"}
{"command": "cut_final_verify", "elapsed_seconds": 1.6792312909383327, "status": "PASS"}
{"command": "cut_final_mutations", "elapsed_seconds": 44.1162012910936, "status": "PASS"}
{"command": "cut_k3p_directed_inclusion_evidence_build", "elapsed_seconds": 0.08442416694015265, "status": "PASS"}
{"command": "cut_global_transfer_build", "elapsed_seconds": 0.09032279206439853, "status": "PASS"}
{"command": "cut_global_transfer_verify", "elapsed_seconds": 0.6817112499848008, "status": "PASS"}
{"command": "cut_global_transfer_verify_optimized", "elapsed_seconds": 0.72978779184632, "status": "PASS"}
{"command": "cut_global_transfer_adversarial", "elapsed_seconds": 0.5066068340092897, "status": "PASS"}
{"command": "cut_global_transfer_adversarial_mutations", "elapsed_seconds": 10.058247624896467, "status": "PASS"}
{"command": "cut_global_transfer_adversarial_manifest_check", "elapsed_seconds": 0.5053691251669079, "status": "PASS"}
{"command": "cut_global_transfer_release", "elapsed_seconds": 0.6182575421407819, "status": "PASS"}
{"command": "cut_global_transfer_release_optimized", "elapsed_seconds": 0.6173831250052899, "status": "PASS"}
{"command": "cut_global_transfer_manifest", "elapsed_seconds": 0.04673891584388912, "status": "PASS"}
{"command": "tree_sunlet_literal_v2_build", "elapsed_seconds": 0.08996570901945233, "status": "PASS"}
{"command": "tree_sunlet_literal_v2_verify", "elapsed_seconds": 0.08964045811444521, "status": "PASS"}
{"command": "tree_sunlet_literal_v2_mutations", "elapsed_seconds": 0.2624362919013947, "status": "PASS"}
{"command": "four_port_full_universe_producer", "elapsed_seconds": 741.778069708962, "status": "PASS"}
{"command": "non_four_anchor_universe_producer", "elapsed_seconds": 194.37271324987523, "status": "PASS"}
{"command": "restoration_full_producer", "elapsed_seconds": 621.1727808329742, "status": "PASS"}
{"command": "restoration_independent_replay", "elapsed_seconds": 76.18506037490442, "status": "PASS"}
{"command": "restoration_mutations", "elapsed_seconds": 36.756638209102675, "status": "PASS"}
{"command": "restoration_report_portability", "elapsed_seconds": 0.07513554207980633, "status": "PASS"}
{"command": "four_port_full_universe_structure_compare", "elapsed_seconds": 2.3359020419884473, "status": "PASS"}
{"command": "four_port_full_universe_mutations", "elapsed_seconds": 26.992101083975285, "status": "PASS"}
K3P_REFEREE_ACTIVE_VERIFIERS_FAIL: ('command failed', 'probe_hour_scale_producer', 1, 'corrected-probe: one-port anchor 0/176\ncorrected-probe: one-port anchor 20/176\ncorrected-probe: one-port anchor 40/176\ncorrected-probe: one-port anchor 60/176\ncorrected-probe: one-port anchor 80/176\ncorrected-probe: one-port anchor 100/176\ncorrected-probe: one-port anchor 120/176\ncorrected-probe: one-port anchor 140/176\ncorrected-probe: one-port anchor 160/176\ncorrected-probe: one-port raw=29964 survivors=2107 counts={\'displayed_quartet_mismatch\': 27758, \'isomorphic\': 1915, \'k3p_tree_sunlet_sos\': 99, \'triangle\': 192}\ncorrected-probe: two-port parent 0/2107\ncorrected-probe: two-port parent 100/2107\ncorrected-probe: two-port parent 200/2107\ncorrected-probe: two-port parent 300/2107\ncorrected-probe: two-port parent 400/2107\ncorrected-probe: two-port parent 500/2107\ncorrected-probe: two-port parent 600/2107\nException ignored while finalizing file <_io.BufferedWriter name=\'/Users/alec/Documents/Math/k3p_level2_fourth_revision_fresh_referee_2026-08-29/package_copy/review_runs/20260830T023318.110748Z/regenerate/workspace/probes/two_port_ledger.jsonl.gz\'>:\nOSError: [Errno 28] No space left on device\nException ignored while finalizing file <_io.TextIOWrapper name=\'\' encoding=\'utf-8\'>:\nTraceback (most recent call last):\n  File "/opt/homebrew/Cellar/python@3.14/3.14.6/Frameworks/Python.framework/Versions/3.14/lib/python3.14/gzip.py", line 414, in flush\n    self.fileobj.flush()\nOSError: [Errno 28] No space left on device\nException ignored while finalizing file <_io.BufferedWriter name=\'/Users/alec/Documents/Math/k3p_level2_fourth_revision_fresh_referee_2026-08-29/package_copy/review_runs/20260830T023318.110748Z/regenerate/workspace/probes/exact_transport_ledger.jsonl.gz\'>:\nOSError: [Errno 28] No space left on device\nException ignored while finalizing file <_io.TextIOWrapper name=\'\' encoding=\'utf-8\'>:\nTraceback (most recent call last):\n  File "/opt/homebrew/Cellar/python@3.14/3.14.6/Frameworks/Python.framework/Versions/3.14/lib/python3.14/gzip.py", line 414, in flush\n    self.fileobj.flush()\nOSError: [Errno 28] No space left on device\nException ignored while finalizing file <_io.TextIOWrapper name=\'\' encoding=\'utf-8\'>:\nTraceback (most recent call last):\n  File "/opt/homebrew/Cellar/python@3.14/3.14.6/Frameworks/Python.framework/Versions/3.14/lib/python3.14/gzip.py", line 391, in close\n    self._buffer.flush()\n  File "/opt/homebrew/Cellar/python@3.14/3.14.6/Frameworks/Python.framework/Versions/3.14/lib/python3.14/gzip.py", line 138, in write\n    return gzip_file._write_raw(data)\n  File "/opt/homebrew/Cellar/python@3.14/3.14.6/Frameworks/Python.framework/Versions/3.14/lib/python3.14/gzip.py", line 335, in _write_raw\n    self.fileobj.write(self.compress.compress(data))\nOSError: [Errno 28] No space left on device\nException ignored while finalizing file <_io.BufferedWriter name=\'/Users/alec/Documents/Math/k3p_level2_fourth_revision_fresh_referee_2026-08-29/package_copy/review_runs/20260830T023318.110748Z/regenerate/workspace/probes/parent_restriction_ledger.jsonl.gz\'>:\nOSError: [Errno 28] No space left on device\nException ignored while finalizing file <_io.BufferedWriter>:\n\nTraceback (most recent call last):\nRuntimeError: lost gzip_file\nException ignored in sys.unraisablehook: <built-in function unraisablehook>\nCORRECTED_PROBE_FAIL:[Errno 28] No space left on device\n')
