This is pdfTeX, Version 3.141592653-2.6-1.40.24 (TeX Live 2022) (preloaded format=pdflatex)
 restricted \write18 enabled.
entering extended mode
(./supplement.tex
LaTeX2e <2021-11-15> patch level 1
L3 programming layer <2022-02-24> (/private/tmp/exact-diffusion-tinytex.oRiOLW/TinyTeX/texmf-dist/tex/latex/base/article.cls
Document Class: article 2021/10/04 v1.4n Standard LaTeX document class
(/private/tmp/exact-diffusion-tinytex.oRiOLW/TinyTeX/texmf-dist/tex/latex/base/size10.clo)) (/private/tmp/exact-diffusion-tinytex.oRiOLW/TinyTeX/texmf-dist/tex/latex/geometry/geometry.sty (/private/tmp/exact-diffusion-tinytex.oRiOLW/TinyTeX/texmf-dist/tex/latex/graphics/keyval.sty) (/private/tmp/exact-diffusion-tinytex.oRiOLW/TinyTeX/texmf-dist/tex/generic/iftex/ifvtex.sty (/private/tmp/exact-diffusion-tinytex.oRiOLW/TinyTeX/texmf-dist/tex/generic/iftex/iftex.sty))) (/private/tmp/exact-diffusion-tinytex.oRiOLW/TinyTeX/texmf-dist/tex/latex/lineno/lineno.sty) (/private/tmp/exact-diffusion-tinytex.oRiOLW/TinyTeX/texmf-dist/tex/latex/base/fontenc.sty) (/private/tmp/exact-diffusion-tinytex.oRiOLW/TinyTeX/texmf-dist/tex/latex/lm/lmodern.sty) (/private/tmp/exact-diffusion-tinytex.oRiOLW/TinyTeX/texmf-dist/tex/latex/amsmath/amsmath.sty
For additional information on amsmath, use the `?' option.
(/private/tmp/exact-diffusion-tinytex.oRiOLW/TinyTeX/texmf-dist/tex/latex/amsmath/amstext.sty (/private/tmp/exact-diffusion-tinytex.oRiOLW/TinyTeX/texmf-dist/tex/latex/amsmath/amsgen.sty)) (/private/tmp/exact-diffusion-tinytex.oRiOLW/TinyTeX/texmf-dist/tex/latex/amsmath/amsbsy.sty) (/private/tmp/exact-diffusion-tinytex.oRiOLW/TinyTeX/texmf-dist/tex/latex/amsmath/amsopn.sty)) (/private/tmp/exact-diffusion-tinytex.oRiOLW/TinyTeX/texmf-dist/tex/latex/amsfonts/amssymb.sty (/private/tmp/exact-diffusion-tinytex.oRiOLW/TinyTeX/texmf-dist/tex/latex/amsfonts/amsfonts.sty)) (/private/tmp/exact-diffusion-tinytex.oRiOLW/TinyTeX/texmf-dist/tex/latex/amscls/amsthm.sty) (/private/tmp/exact-diffusion-tinytex.oRiOLW/TinyTeX/texmf-dist/tex/latex/mathtools/mathtools.sty (/private/tmp/exact-diffusion-tinytex.oRiOLW/TinyTeX/texmf-dist/tex/latex/tools/calc.sty) (/private/tmp/exact-diffusion-tinytex.oRiOLW/TinyTeX/texmf-dist/tex/latex/mathtools/mhsetup.sty)) (/private/tmp/exact-diffusion-tinytex.oRiOLW/TinyTeX/texmf-dist/tex/latex/booktabs/booktabs.sty) (/private/tmp/exact-diffusion-tinytex.oRiOLW/TinyTeX/texmf-dist/tex/latex/tools/longtable.sty) (/private/tmp/exact-diffusion-tinytex.oRiOLW/TinyTeX/texmf-dist/tex/latex/tools/array.sty) (/private/tmp/exact-diffusion-tinytex.oRiOLW/TinyTeX/texmf-dist/tex/latex/enumitem/enumitem.sty) (/private/tmp/exact-diffusion-tinytex.oRiOLW/TinyTeX/texmf-dist/tex/latex/microtype/microtype.sty (/private/tmp/exact-diffusion-tinytex.oRiOLW/TinyTeX/texmf-dist/tex/latex/etoolbox/etoolbox.sty) (/private/tmp/exact-diffusion-tinytex.oRiOLW/TinyTeX/texmf-dist/tex/latex/microtype/microtype-pdftex.def) (/private/tmp/exact-diffusion-tinytex.oRiOLW/TinyTeX/texmf-dist/tex/latex/microtype/microtype.cfg)) (/private/tmp/exact-diffusion-tinytex.oRiOLW/TinyTeX/texmf-dist/tex/latex/graphics/graphicx.sty (/private/tmp/exact-diffusion-tinytex.oRiOLW/TinyTeX/texmf-dist/tex/latex/graphics/graphics.sty (/private/tmp/exact-diffusion-tinytex.oRiOLW/TinyTeX/texmf-dist/tex/latex/graphics/trig.sty) (/private/tmp/exact-diffusion-tinytex.oRiOLW/TinyTeX/texmf-dist/tex/latex/graphics-cfg/graphics.cfg) (/private/tmp/exact-diffusion-tinytex.oRiOLW/TinyTeX/texmf-dist/tex/latex/graphics-def/pdftex.def))) (/private/tmp/exact-diffusion-tinytex.oRiOLW/TinyTeX/texmf-dist/tex/latex/hyperref/hyperref.sty (/private/tmp/exact-diffusion-tinytex.oRiOLW/TinyTeX/texmf-dist/tex/generic/ltxcmds/ltxcmds.sty) (/private/tmp/exact-diffusion-tinytex.oRiOLW/TinyTeX/texmf-dist/tex/generic/pdftexcmds/pdftexcmds.sty (/private/tmp/exact-diffusion-tinytex.oRiOLW/TinyTeX/texmf-dist/tex/generic/infwarerr/infwarerr.sty)) (/private/tmp/exact-diffusion-tinytex.oRiOLW/TinyTeX/texmf-dist/tex/generic/kvsetkeys/kvsetkeys.sty) (/private/tmp/exact-diffusion-tinytex.oRiOLW/TinyTeX/texmf-dist/tex/generic/kvdefinekeys/kvdefinekeys.sty) (/private/tmp/exact-diffusion-tinytex.oRiOLW/TinyTeX/texmf-dist/tex/generic/pdfescape/pdfescape.sty) (/private/tmp/exact-diffusion-tinytex.oRiOLW/TinyTeX/texmf-dist/tex/latex/hycolor/hycolor.sty) (/private/tmp/exact-diffusion-tinytex.oRiOLW/TinyTeX/texmf-dist/tex/latex/letltxmacro/letltxmacro.sty) (/private/tmp/exact-diffusion-tinytex.oRiOLW/TinyTeX/texmf-dist/tex/latex/auxhook/auxhook.sty) (/private/tmp/exact-diffusion-tinytex.oRiOLW/TinyTeX/texmf-dist/tex/latex/kvoptions/kvoptions.sty) (/private/tmp/exact-diffusion-tinytex.oRiOLW/TinyTeX/texmf-dist/tex/latex/hyperref/pd1enc.def) (/private/tmp/exact-diffusion-tinytex.oRiOLW/TinyTeX/texmf-dist/tex/generic/intcalc/intcalc.sty) (/private/tmp/exact-diffusion-tinytex.oRiOLW/TinyTeX/texmf-dist/tex/generic/etexcmds/etexcmds.sty) (/private/tmp/exact-diffusion-tinytex.oRiOLW/TinyTeX/texmf-dist/tex/latex/hyperref/puenc.def) (/private/tmp/exact-diffusion-tinytex.oRiOLW/TinyTeX/texmf-dist/tex/latex/url/url.sty) (/private/tmp/exact-diffusion-tinytex.oRiOLW/TinyTeX/texmf-dist/tex/generic/bitset/bitset.sty (/private/tmp/exact-diffusion-tinytex.oRiOLW/TinyTeX/texmf-dist/tex/generic/bigintcalc/bigintcalc.sty)) (/private/tmp/exact-diffusion-tinytex.oRiOLW/TinyTeX/texmf-dist/tex/latex/base/atbegshi-ltx.sty)) (/private/tmp/exact-diffusion-tinytex.oRiOLW/TinyTeX/texmf-dist/tex/latex/hyperref/hpdftex.def (/private/tmp/exact-diffusion-tinytex.oRiOLW/TinyTeX/texmf-dist/tex/latex/base/atveryend-ltx.sty) (/private/tmp/exact-diffusion-tinytex.oRiOLW/TinyTeX/texmf-dist/tex/latex/rerunfilecheck/rerunfilecheck.sty (/private/tmp/exact-diffusion-tinytex.oRiOLW/TinyTeX/texmf-dist/tex/generic/uniquecounter/uniquecounter.sty))) (/private/tmp/exact-diffusion-tinytex.oRiOLW/TinyTeX/texmf-dist/tex/latex/lm/t1lmr.fd) (/private/tmp/exact-diffusion-tinytex.oRiOLW/TinyTeX/texmf-dist/tex/latex/l3backend/l3backend-pdftex.def)
No file supplement.aux.
*geometry* driver: auto-detecting
*geometry* detected driver: pdftex
(/private/tmp/exact-diffusion-tinytex.oRiOLW/TinyTeX/texmf-dist/tex/latex/microtype/mt-cmr.cfg) (/private/tmp/exact-diffusion-tinytex.oRiOLW/TinyTeX/texmf-dist/tex/latex/epstopdf-pkg/epstopdf-base.sty (/private/tmp/exact-diffusion-tinytex.oRiOLW/TinyTeX/texmf-dist/tex/latex/latexconfig/epstopdf-sys.cfg)) (/private/tmp/exact-diffusion-tinytex.oRiOLW/TinyTeX/texmf-dist/tex/latex/hyperref/nameref.sty (/private/tmp/exact-diffusion-tinytex.oRiOLW/TinyTeX/texmf-dist/tex/latex/refcount/refcount.sty) (/private/tmp/exact-diffusion-tinytex.oRiOLW/TinyTeX/texmf-dist/tex/generic/gettitlestring/gettitlestring.sty)) (/private/tmp/exact-diffusion-tinytex.oRiOLW/TinyTeX/texmf-dist/tex/latex/lm/t1lmss.fd) (/private/tmp/exact-diffusion-tinytex.oRiOLW/TinyTeX/texmf-dist/tex/latex/lm/ot1lmr.fd) (/private/tmp/exact-diffusion-tinytex.oRiOLW/TinyTeX/texmf-dist/tex/latex/lm/omllmm.fd) (/private/tmp/exact-diffusion-tinytex.oRiOLW/TinyTeX/texmf-dist/tex/latex/lm/omslmsy.fd) (/private/tmp/exact-diffusion-tinytex.oRiOLW/TinyTeX/texmf-dist/tex/latex/lm/omxlmex.fd) (/private/tmp/exact-diffusion-tinytex.oRiOLW/TinyTeX/texmf-dist/tex/latex/amsfonts/umsa.fd) (/private/tmp/exact-diffusion-tinytex.oRiOLW/TinyTeX/texmf-dist/tex/latex/microtype/mt-msa.cfg) (/private/tmp/exact-diffusion-tinytex.oRiOLW/TinyTeX/texmf-dist/tex/latex/amsfonts/umsb.fd) (/private/tmp/exact-diffusion-tinytex.oRiOLW/TinyTeX/texmf-dist/tex/latex/microtype/mt-msb.cfg) [1{/private/tmp/exact-diffusion-tinytex.oRiOLW/TinyTeX/texmf-var/fonts/map/pdftex/updmap/pdftex.map}] (./data/triad_routh_gap.tex) [2] [3] (/private/tmp/exact-diffusion-tinytex.oRiOLW/TinyTeX/texmf-dist/tex/latex/amsfonts/ueuf.fd) (/private/tmp/exact-diffusion-tinytex.oRiOLW/TinyTeX/texmf-dist/tex/latex/microtype/mt-euf.cfg) [4] [5] [6] [7] (/private/tmp/exact-diffusion-tinytex.oRiOLW/TinyTeX/texmf-dist/tex/latex/lm/ot1lmss.fd) [8] [9] [10] [11] [12] (/private/tmp/exact-diffusion-tinytex.oRiOLW/TinyTeX/texmf-dist/tex/latex/lm/t1lmtt.fd)
Overfull \hbox (59.06581pt too wide) in paragraph at lines 886--889
[]\T1/lmr/m/n/10 (-20) From the repos-i-tory root, the com-mand \T1/lmtt/m/n/10 python independent_verifier/verify_symbolic_certificates.py
(./data/certificate_tables.tex [13]

Package longtable Warning: Column widths have changed
(longtable)                in table 2 on input line 133.

[14] [15]

Package longtable Warning: Column widths have changed
(longtable)                in table 3 on input line 166.


Package longtable Warning: Column widths have changed
(longtable)                in table 4 on input line 261.

[16] [17]) (./data/sign_certificate_tables.tex [18]

LaTeX Warning: Reference `eq:Lmpoly' on page 19 undefined on input line 40.


Overfull \hbox (48.9858pt too wide) in alignment at lines 65--68
[] []
[19] [20]) [21]
Overfull \hbox (1.66727pt too wide) detected at line 1007
\OMS/lmsy/m/n/10 L[] \OT1/lmr/m/n/10 = \OML/lmm/m/it/10 A[] \OT1/lmr/m/n/10 + \OML/lmm/m/it/10 D[]@[] \OT1/lmr/m/n/10 : \OML/lmm/m/it/10 X[] [][]\OMS/lmsy/m/n/10 ! \OML/lmm/m/it/10 Y[];  X[] \OT1/lmr/m/n/10 = [] \OML/lmm/m/it/10 ;  Y[] \OT1/lmr/m/n/10 = [] \OML/lmm/m/it/10 :
[22] [23]

Package longtable Warning: Table widths have changed. Rerun LaTeX.

[24] (./supplement.aux)

LaTeX Warning: There were undefined references.


LaTeX Warning: Label(s) may have changed. Rerun to get cross-references right.


Package rerunfilecheck Warning: File `supplement.out' has changed.
(rerunfilecheck)                Rerun to get outlines right
(rerunfilecheck)                or use package `bookmark'.

 )
(see the transcript file for additional information){/private/tmp/exact-diffusion-tinytex.oRiOLW/TinyTeX/texmf-dist/fonts/enc/dvips/lm/lm-ec.enc}{/private/tmp/exact-diffusion-tinytex.oRiOLW/TinyTeX/texmf-dist/fonts/enc/dvips/lm/lm-rm.enc}{/private/tmp/exact-diffusion-tinytex.oRiOLW/TinyTeX/texmf-dist/fonts/enc/dvips/lm/lm-mathit.enc}{/private/tmp/exact-diffusion-tinytex.oRiOLW/TinyTeX/texmf-dist/fonts/enc/dvips/lm/lm-mathsy.enc}{/private/tmp/exact-diffusion-tinytex.oRiOLW/TinyTeX/texmf-dist/fonts/enc/dvips/lm/lm-mathex.enc}</private/tmp/exact-diffusion-tinytex.oRiOLW/TinyTeX/texmf-dist/fonts/type1/public/amsfonts/euler/eufm10.pfb></private/tmp/exact-diffusion-tinytex.oRiOLW/TinyTeX/texmf-dist/fonts/type1/public/amsfonts/euler/eufm7.pfb></private/tmp/exact-diffusion-tinytex.oRiOLW/TinyTeX/texmf-dist/fonts/type1/public/lm/lmbx10.pfb></private/tmp/exact-diffusion-tinytex.oRiOLW/TinyTeX/texmf-dist/fonts/type1/public/lm/lmbx12.pfb></private/tmp/exact-diffusion-tinytex.oRiOLW/TinyTeX/texmf-dist/fonts/type1/public/lm/lmex10.pfb></private/tmp/exact-diffusion-tinytex.oRiOLW/TinyTeX/texmf-dist/fonts/type1/public/lm/lmmi10.pfb></private/tmp/exact-diffusion-tinytex.oRiOLW/TinyTeX/texmf-dist/fonts/type1/public/lm/lmmi12.pfb></private/tmp/exact-diffusion-tinytex.oRiOLW/TinyTeX/texmf-dist/fonts/type1/public/lm/lmmi5.pfb></private/tmp/exact-diffusion-tinytex.oRiOLW/TinyTeX/texmf-dist/fonts/type1/public/lm/lmmi7.pfb></private/tmp/exact-diffusion-tinytex.oRiOLW/TinyTeX/texmf-dist/fonts/type1/public/lm/lmr10.pfb></private/tmp/exact-diffusion-tinytex.oRiOLW/TinyTeX/texmf-dist/fonts/type1/public/lm/lmr12.pfb></private/tmp/exact-diffusion-tinytex.oRiOLW/TinyTeX/texmf-dist/fonts/type1/public/lm/lmr17.pfb></private/tmp/exact-diffusion-tinytex.oRiOLW/TinyTeX/texmf-dist/fonts/type1/public/lm/lmr5.pfb></private/tmp/exact-diffusion-tinytex.oRiOLW/TinyTeX/texmf-dist/fonts/type1/public/lm/lmr7.pfb></private/tmp/exact-diffusion-tinytex.oRiOLW/TinyTeX/texmf-dist/fonts/type1/public/lm/lmss10.pfb></private/tmp/exact-diffusion-tinytex.oRiOLW/TinyTeX/texmf-dist/fonts/type1/public/lm/lmss8.pfb></private/tmp/exact-diffusion-tinytex.oRiOLW/TinyTeX/texmf-dist/fonts/type1/public/lm/lmsy10.pfb></private/tmp/exact-diffusion-tinytex.oRiOLW/TinyTeX/texmf-dist/fonts/type1/public/lm/lmsy5.pfb></private/tmp/exact-diffusion-tinytex.oRiOLW/TinyTeX/texmf-dist/fonts/type1/public/lm/lmsy7.pfb></private/tmp/exact-diffusion-tinytex.oRiOLW/TinyTeX/texmf-dist/fonts/type1/public/lm/lmtt10.pfb></private/tmp/exact-diffusion-tinytex.oRiOLW/TinyTeX/texmf-dist/fonts/type1/public/amsfonts/symbols/msbm7.pfb>
Output written on supplement.pdf (24 pages, 396889 bytes).
Transcript written on supplement.log.
