PRINCIPAL_MINOR_DIFFUSION_RAY_PASS
BOUNDARY_SYMBOLIC_PASS positive_gap_terms=14
CORE_SCHUR_REMAINDER_PASS det=2*a^2*b
CORE_DETERMINANT_RECURRENCE_REGRESSION_PASS m=3..8
ALL_SPECTRUM_FINITE_PASS m=3 a=3/2 b=5/3 categories={'negative-singleton': 6, 'long-cycle-X1-to-Xm-1': 1, 'boundary-triad-principal': 3, 'long-cycle-X2-to-Xm': 1}
ALL_SPECTRUM_FINITE_PASS m=3 a=1 b=2 categories={'negative-singleton': 8, 'long-cycle-X1-to-Xm-1': 1, 'boundary-triad-principal': 2, 'long-cycle-X2-to-Xm': 1}
ALL_SPECTRUM_FINITE_PASS m=4 a=3/2 b=5/3 categories={'negative-singleton': 28, 'boundary-triad-principal': 10, 'long-cycle-X1-to-Xm-1': 1, 'long-cycle-X2-to-Xm': 1}
ALL_SPECTRUM_FINITE_PASS m=4 a=1 b=2 categories={'negative-singleton': 34, 'boundary-triad-principal': 7, 'long-cycle-X1-to-Xm-1': 1, 'long-cycle-X2-to-Xm': 1}
ALL_SPECTRUM_FINITE_PASS m=5 a=3/2 b=5/3 categories={'negative-singleton': 94, 'boundary-triad-principal': 25, 'long-cycle-X1-to-Xm-1': 1, 'long-cycle-X2-to-Xm': 1}
ALL_SPECTRUM_FINITE_PASS m=5 a=1 b=2 categories={'negative-singleton': 108, 'boundary-triad-principal': 18, 'long-cycle-X1-to-Xm-1': 1, 'long-cycle-X2-to-Xm': 1}
ALL_SPECTRUM_FINITE_PASS m=6 a=3/2 b=5/3 categories={'negative-singleton': 266, 'boundary-triad-principal': 56, 'long-cycle-X1-to-Xm-1': 1, 'long-cycle-X2-to-Xm': 1}
ALL_SPECTRUM_FINITE_PASS m=6 a=1 b=2 categories={'negative-singleton': 296, 'boundary-triad-principal': 41, 'long-cycle-X1-to-Xm-1': 1, 'long-cycle-X2-to-Xm': 1}
ALL_SPECTRUM_FINITE_PASS m=8 a=3/2 b=5/3 categories={'negative-singleton': 1660, 'boundary-triad-principal': 246, 'long-cycle-X1-to-Xm-1': 1, 'long-cycle-X2-to-Xm': 1}
ALL_SPECTRUM_FINITE_PASS m=8 a=1 b=2 categories={'negative-singleton': 1786, 'boundary-triad-principal': 183, 'long-cycle-X1-to-Xm-1': 1, 'long-cycle-X2-to-Xm': 1}
PRINCIPAL_MINOR_DIFFUSION_RAY_PASS
NETWORK_ONE_BAD_MINOR_COROLLARY_PASS
ORDER_M_MINORS_PASS
DIFFUSION_CRITERION_PASS
CONTRAST_BOUNDS_PASS
MODE_ISOLATION_PASS
HARMONIC_CORRECTIONS_PASS
CUBIC_SIGN_PASS
GENERIC_CUBIC_RECURRENCE_PASS
{'m': 3, 'degree': 4}
{'m': 4, 'degree': 5}
{'m': 5, 'degree': 6}
VERIFY_DETERMINANT_IDENTITY_PASS
VERIFY_MODE_CERTIFICATES_PASS
VERIFY_MASTER_CERTIFICATE_PASS
VERIFY_NEAR_THRESHOLD_PASS
VERIFY_CUBIC_BOUND_PASS
PRINTED_TABLE_FRESHNESS_NOT_APPLICABLE_MINIMAL_PACKET
VERIFY_EXPOSITION_IDENTITIES_PASS
ALL_SYMBOLIC_CERTIFICATES_PASS
CRITICAL_PROFILE_PASS
MODE_ISOLATION_PASS
HARMONIC_CORRECTIONS_PASS
CUBIC_SIGN_PASS
STABLE_CONTRAST_PASS
IMPROVED_PROFILE_PASS
{'m': 3, 'rank': 3, 'reactions': 5, 'L': 'sqrt(3)/3'}
{'m': 4, 'rank': 4, 'reactions': 6, 'L': 'sqrt(10)/4'}
{'m': 5, 'rank': 5, 'reactions': 7, 'L': 'sqrt(15)/6'}
{'m': 6, 'rank': 6, 'reactions': 8, 'L': 'sqrt(5)/4'}
{'m': 8, 'rank': 8, 'reactions': 10, 'L': 'sqrt(30)/12'}
{'m': 10, 'rank': 10, 'reactions': 12, 'L': 'sqrt(10)/8'}
VERIFY_FAMILY_PASS
{'m': 3, 'tau': '-15167*(-270 + 91*sqrt(3))/(111132*(-135 + 364*sqrt(3)))', 'eta': '143636/(485873 + 2347800*sqrt(3))', 'cubic': '11*(-28351600945908353 + 3215417713698060*sqrt(3))/(15705386265114*(485873 + 2347800*sqrt(3)))'}
VERIFY_NORMAL_FORM_PASS
{'m': 3, 'chi_D': '299*sqrt(3)/27', 'chi_H': '90*sqrt(3)/91', 'product': '230/7'}
{'m': 4, 'chi_D': '299*sqrt(10)/18', 'chi_H': '181*sqrt(10)/455', 'product': '4163/63'}
{'m': 5, 'chi_D': '299*sqrt(15)/18', 'chi_H': '544*sqrt(15)/1365', 'product': '6256/63'}
{'m': 6, 'chi_D': '299*sqrt(5)/9', 'chi_H': '363*sqrt(5)/455', 'product': '2783/21'}
{'m': 8, 'chi_D': '299*sqrt(30)/18', 'chi_H': '109*sqrt(30)/273', 'product': '12535/63'}
{'m': 10, 'chi_D': '299*sqrt(10)/9', 'chi_H': '727*sqrt(10)/910', 'product': '16721/63'}
{'m': 149, 'chi_D': '2093*sqrt(15)/18', 'chi_H': '26752*sqrt(15)/9555', 'product': '307648/63'}
{'m': 200, 'chi_D': '299*sqrt(110)/6', 'chi_H': '18017*sqrt(110)/15015', 'product': '414391/63'}
VERIFY_PARETO_PASS
EXCHANGE_OF_STABILITY_PASS
BRANCH_STABILITY_REGRESSION_PASS
MINIMAL_VERIFIER_PASS
