{"id": "variable_order_direct", "started": "2026-09-06T18:14:09.912563+00:00", "command": "python independent_verifier/verify_mode_isolation.py", "cwd": "/Users/alec/Documents/Math/maximally_collective_stable_turing_patterns_binary_complex_mass_action_networks/independent_preprint_rereview_v1.0.9_2026-09-06/software/scratch/variable_order", "status": 0, "expected": 0, "runtime_seconds": 3.54, "log": "logs/variable_order_direct.log"}
{"id": "variable_order_unchanged_table", "started": "2026-09-06T18:14:13.453174+00:00", "command": "python independent_verifier/frontier_verify_exposition_identities.py", "cwd": "/Users/alec/Documents/Math/maximally_collective_stable_turing_patterns_binary_complex_mass_action_networks/independent_preprint_rereview_v1.0.9_2026-09-06/software/scratch/variable_order", "status": 1, "expected": 1, "runtime_seconds": 1.467, "log": "logs/variable_order_unchanged_table.log"}
{"id": "variable_order_generate", "started": "2026-09-06T18:14:14.920309+00:00", "command": "python computation/generate_tables.py", "cwd": "/Users/alec/Documents/Math/maximally_collective_stable_turing_patterns_binary_complex_mass_action_networks/independent_preprint_rereview_v1.0.9_2026-09-06/software/scratch/variable_order", "status": 0, "expected": 0, "runtime_seconds": 0.296, "log": "logs/variable_order_generate.log"}
{"id": "variable_order_regenerated_table", "started": "2026-09-06T18:14:15.216329+00:00", "command": "python independent_verifier/verify_symbolic_certificates.py", "cwd": "/Users/alec/Documents/Math/maximally_collective_stable_turing_patterns_binary_complex_mass_action_networks/independent_preprint_rereview_v1.0.9_2026-09-06/software/scratch/variable_order", "status": 0, "expected": 0, "runtime_seconds": 35.678, "log": "logs/variable_order_regenerated_table.log"}
{
  "original_variables": [
    "x",
    "z"
  ],
  "mutated_variables": [
    "z",
    "x"
  ],
  "point": {
    "x": 1,
    "z": 2
  },
  "original_polynomial_at_point": "238914",
  "mutated_polynomial_at_point": "2004282",
  "difference_at_point": "1765368",
  "direct_reader_status": 0,
  "unchanged_table_aggregate_status": 1,
  "generator_status": 0,
  "regenerated_table_aggregate_status": 0,
  "mutated_header": "$\\deg_{z}$ & $\\deg_{x}$ & coefficient",
  "header_found": true
}
