{
  "checks": {
    "integrity": {
      "all_hashes_matched": true,
      "no_assert_nodes": true,
      "pinned_files": 12
    },
    "mathematics": {
      "degenerate": {
        "perturbation_mean": "1/30720",
        "perturbation_mean_zero_L2_squared": "11/2202009600",
        "polynomial_piece_identities": 12,
        "rational_point_states": 340,
        "strict_positivity_satisfied": false
      },
      "energy": {
        "dissipation_states": 24,
        "negative_controls": 7,
        "scalar_entropy_states": 16
      },
      "fixed_flux": {
        "fixed_flux_states": 60,
        "radial_dimensions_checked": 8
      }
    }
  },
  "limits": "Bounded exact algebraic regression and integrity tests; not PDE existence, compactness, global convergence, or novelty certification.",
  "python_optimization": 1,
  "readonly": {
    "actual_write_probes": true,
    "directory_create_denied": true,
    "existing_file_write_open_denials": 13
  },
  "readonly_required": true,
  "status": "passed",
  "uid": 1000
}
