{
  "dissipation": {
    "endpoint_subgradient_checks": 12,
    "reaction_states": 24,
    "supporting_hyperplane_checks": 120
  },
  "explicit_cases": {
    "dimensions": [
      2,
      3,
      4,
      5,
      6,
      7,
      8,
      9,
      10,
      11,
      12
    ],
    "fixed_flux_states": 60,
    "perturbation_mean": "1/30720",
    "perturbation_mean_zero_L2_squared": "11/2202009600",
    "radial_states": 341,
    "strict_positivity_of_degenerate_example": false
  },
  "graph": {
    "exact_triangle_network_states": 64,
    "role": "Algebraic non-scalar regression, not a continuum approximation theorem.",
    "weighted_comparators_per_state": 4
  },
  "limits": "Exact bounded regressions and written proof audit; no general PDE existence or convergence certification.",
  "optimization": 0,
  "readonly": {
    "actual_directory_create_denied": true,
    "actual_file_write_open_denials": 3
  },
  "semantic_controls": {
    "Holder_counterexample": {
      "delta": "1/2",
      "epsilon": "1/4096",
      "input_difference_Cdelta_norm": "1/4096",
      "output_difference_Cdelta_seminorm_lower_bound": "1/32",
      "ratio_lower_bound": "128"
    },
    "limits": "The Holder example refutes a generic composition inequality, not by itself the specialized fixed-forcing elliptic-map theorem.",
    "rejected_semantic_overclaims": [
      "wrong cubic sign",
      "wrong square-root branch",
      "nonzero gradient at active obstacle",
      "signed flux substituted for its magnitude",
      "zero density called strictly positive",
      "absolute-value Holder contraction",
      "weighted control implies same unweighted control",
      "weak elliptic product uses arithmetic conductivity",
      "reciprocal commutes with averaging"
    ]
  },
  "status": "passed",
  "uid": 1000
}
