{
  "delivered_directories": 5,
  "delivered_files": 38,
  "delivery_manifest_sha256": "98854f8da9b313710b5de111cf438bc0be87573cf23090163f771e6b974ae9db",
  "optimization": 0,
  "queue": {
    "bytes": 397891,
    "git_blob": "a24f1fd5928eec7274b1326da46dfae1fd5c8da4",
    "sha256": "ba1276b67bce768fcbd962da8081c17623f2ea86ba3ee8824898b810b942f65b"
  },
  "readonly": {
    "directory_create_denials": 5,
    "existing_file_write_open_denials": 39,
    "includes_actual_queue": true
  },
  "replay": {
    "exit_code": 0,
    "stderr": {
      "bytes": 0,
      "sha256": "e3b0c44298fc1c149afbf4c8996fb92427ae41e4649b934ca495991b7852b855",
      "text": "",
      "type": "inline_utf8"
    },
    "stdout": {
      "bytes": 4990,
      "sha256": "edaf0ab58833b7c7351dbed011deecbc8ae13dd99c386a3ed028c59a80eb0091",
      "text": "{\n  \"approaches\": 5,\n  \"default_absent_inputs\": {\n    \"corpus_rehash\": \"NOT_RUN\",\n    \"full_original_patch_roundtrip\": \"NOT_RUN\",\n    \"original_full_reproduction\": \"NOT_RUN\",\n    \"source_pdf_rehash\": \"NOT_RUN\"\n  },\n  \"fresh_replays\": [\n    {\n      \"exit_code\": 0,\n      \"full_stdout_stderr_match_pinned_reference\": true,\n      \"recursive_exact_json_types_match\": true,\n      \"script\": \"current/check_claims.py\",\n      \"stderr\": {\n        \"bytes\": 0,\n        \"sha256\": \"e3b0c44298fc1c149afbf4c8996fb92427ae41e4649b934ca495991b7852b855\",\n        \"text\": \"\",\n        \"type\": \"inline_utf8\"\n      },\n      \"stdout\": {\n        \"bytes\": 1032,\n        \"sha256\": \"8aa140ffc8e99d764755706afe6f7a29449d55f8ee23f2aa99958f2c3b6ce9c7\",\n        \"text\": \"{\\n  \\\"checks\\\": {\\n    \\\"integrity\\\": {\\n      \\\"all_hashes_matched\\\": true,\\n      \\\"no_assert_nodes\\\": true,\\n      \\\"pinned_files\\\": 12\\n    },\\n    \\\"mathematics\\\": {\\n      \\\"degenerate\\\": {\\n        \\\"perturbation_mean\\\": \\\"1/30720\\\",\\n        \\\"perturbation_mean_zero_L2_squared\\\": \\\"11/2202009600\\\",\\n        \\\"polynomial_piece_identities\\\": 12,\\n        \\\"rational_point_states\\\": 340,\\n        \\\"strict_positivity_satisfied\\\": false\\n      },\\n      \\\"energy\\\": {\\n        \\\"dissipation_states\\\": 24,\\n        \\\"negative_controls\\\": 7,\\n        \\\"scalar_entropy_states\\\": 16\\n      },\\n      \\\"fixed_flux\\\": {\\n        \\\"fixed_flux_states\\\": 60,\\n        \\\"radial_dimensions_checked\\\": 8\\n      }\\n    }\\n  },\\n  \\\"limits\\\": \\\"Bounded exact algebraic regression and integrity tests; not PDE existence, compactness, global convergence, or novelty certification.\\\",\\n  \\\"python_optimization\\\": 0,\\n  \\\"readonly\\\": {\\n    \\\"actual_write_probes\\\": true,\\n    \\\"directory_create_denied\\\": true,\\n    \\\"existing_file_write_open_denials\\\": 13\\n  },\\n  \\\"readonly_required\\\": true,\\n  \\\"status\\\": \\\"passed\\\",\\n  \\\"uid\\\": 1000\\n}\\n\",\n        \"type\": \"inline_utf8\"\n      }\n    },\n    {\n      \"exit_code\": 0,\n      \"full_stdout_stderr_match_pinned_reference\": true,\n      \"recursive_exact_json_types_match\": true,\n      \"script\": \"audit/independent_checks.py\",\n      \"stderr\": {\n        \"bytes\": 0,\n        \"sha256\": \"e3b0c44298fc1c149afbf4c8996fb92427ae41e4649b934ca495991b7852b855\",\n        \"text\": \"\",\n        \"type\": \"inline_utf8\"\n      },\n      \"stdout\": {\n        \"bytes\": 1816,\n        \"sha256\": \"aab241bc73c08b8851dc121b6001d20b265bdd75830126c2b12bb994c99d2e86\",\n        \"text\": \"{\\n  \\\"dissipation\\\": {\\n    \\\"endpoint_subgradient_checks\\\": 12,\\n    \\\"reaction_states\\\": 24,\\n    \\\"supporting_hyperplane_checks\\\": 120\\n  },\\n  \\\"explicit_cases\\\": {\\n    \\\"dimensions\\\": [\\n      2,\\n      3,\\n      4,\\n      5,\\n      6,\\n      7,\\n      8,\\n      9,\\n      10,\\n      11,\\n      12\\n    ],\\n    \\\"fixed_flux_states\\\": 60,\\n    \\\"perturbation_mean\\\": \\\"1/30720\\\",\\n    \\\"perturbation_mean_zero_L2_squared\\\": \\\"11/2202009600\\\",\\n    \\\"radial_states\\\": 341,\\n    \\\"strict_positivity_of_degenerate_example\\\": false\\n  },\\n  \\\"graph\\\": {\\n    \\\"exact_triangle_network_states\\\": 64,\\n    \\\"role\\\": \\\"Algebraic non-scalar regression, not a continuum approximation theorem.\\\",\\n    \\\"weighted_comparators_per_state\\\": 4\\n  },\\n  \\\"limits\\\": \\\"Exact bounded regressions and written proof audit; no general PDE existence or convergence certification.\\\",\\n  \\\"optimization\\\": 0,\\n  \\\"readonly\\\": {\\n    \\\"actual_directory_create_denied\\\": true,\\n    \\\"actual_file_write_open_denials\\\": 3\\n  },\\n  \\\"semantic_controls\\\": {\\n    \\\"Holder_counterexample\\\": {\\n      \\\"delta\\\": \\\"1/2\\\",\\n      \\\"epsilon\\\": \\\"1/4096\\\",\\n      \\\"input_difference_Cdelta_norm\\\": \\\"1/4096\\\",\\n      \\\"output_difference_Cdelta_seminorm_lower_bound\\\": \\\"1/32\\\",\\n      \\\"ratio_lower_bound\\\": \\\"128\\\"\\n    },\\n    \\\"limits\\\": \\\"The Holder example refutes a generic composition inequality, not by itself the specialized fixed-forcing elliptic-map theorem.\\\",\\n    \\\"rejected_semantic_overclaims\\\": [\\n      \\\"wrong cubic sign\\\",\\n      \\\"wrong square-root branch\\\",\\n      \\\"nonzero gradient at active obstacle\\\",\\n      \\\"signed flux substituted for its magnitude\\\",\\n      \\\"zero density called strictly positive\\\",\\n      \\\"absolute-value Holder contraction\\\",\\n      \\\"weighted control implies same unweighted control\\\",\\n      \\\"weak elliptic product uses arithmetic conductivity\\\",\\n      \\\"reciprocal commutes with averaging\\\"\\n    ]\\n  },\\n  \\\"status\\\": \\\"passed\\\",\\n  \\\"uid\\\": 1000\\n}\\n\",\n        \"type\": \"inline_utf8\"\n      }\n    }\n  ],\n  \"full_target_resolved\": false,\n  \"novelty_claim\": false,\n  \"optimization\": 0,\n  \"outcome\": \"exhausted\",\n  \"problem_id\": 30003937,\n  \"receipts\": {\n    \"fresh_preserved_runs\": 6,\n    \"full_stdout_stderr_verified\": true\n  },\n  \"schema\": \"dynamic-transport-mathematical-replay-v1\",\n  \"sources\": {\n    \"fresh_corpus_rehash\": \"NOT_RUN\",\n    \"fresh_pdf_rehash\": \"NOT_RUN\",\n    \"records\": 9,\n    \"scope\": \"Public metadata inspected; input source bytes are not distributed.\"\n  },\n  \"status\": \"PASS_SCOPED_PARTIAL_RESULTS\",\n  \"uid\": 1000\n}\n",
      "type": "inline_utf8"
    }
  },
  "schema": "dynamic-transport-bootstrap-v1",
  "status": "PASS_COMPLETE_DELIVERY",
  "uid": 1000,
  "unchanged_before_after": true
}
