{
  "arbitrary_mass_variance_identity_bin_counts": [
    2,
    3,
    4,
    5,
    6,
    7,
    8,
    9,
    10
  ],
  "assertions": 823,
  "dimension_exponents_checked": [
    1,
    2,
    3,
    4,
    5,
    6,
    7,
    8,
    9,
    10,
    11,
    12,
    13,
    14,
    15,
    16,
    17,
    18,
    19,
    20,
    21,
    22,
    23,
    24,
    25,
    26,
    27,
    28,
    29,
    30,
    31,
    32,
    33,
    34,
    35,
    36,
    37,
    38,
    39,
    40,
    41,
    42,
    43,
    44,
    45,
    46,
    47,
    48,
    49,
    50,
    51,
    52,
    53,
    54,
    55,
    56,
    57,
    58,
    59,
    60,
    61,
    62,
    63,
    64,
    65,
    66,
    67,
    68,
    69,
    70,
    71,
    72,
    73,
    74,
    75,
    76,
    77,
    78,
    79,
    80,
    81,
    82,
    83,
    84,
    85,
    86,
    87,
    88,
    89,
    90,
    91,
    92,
    93,
    94,
    95,
    96,
    97,
    98,
    99,
    100
  ],
  "dyadic_thresholds_checked": 101,
  "negative_controls_rejected": [
    "reversed_first_variation_sign",
    "restriction_uses_mass_instead_of_mass_squared",
    "nearest_support_kernel_factor_inverted",
    "localization_diameter_not_shrunk",
    "dimension_two_uses_n_ge_three_tail_bound",
    "dyadic_coefficients_doubled",
    "closed_overlapping_bins_treated_as_probability_partition"
  ],
  "scope": "Symbolic identities, arbitrary-mass dyadic inequality, exact threshold and constant controls, and deliberate false-claim rejection. The sealed analytical audit proves the all-set theorem; finite controls do not certify polarity.",
  "status": "PASS",
  "symbolic_dyadic_envelope": "2**(level + 1)/2 - 1/2",
  "symbolic_first_variation": "H*t**2 + J*t**2 - 2*J*t + J - 2*L*t**2 + 2*L*t",
  "symbolic_layer_cake": "d*d**(-exponent - 1)"
}
