{
  "status": "PASS",
  "symbolic_checks": 32,
  "rational_points": 7,
  "python": "3.14.6",
  "sympy": "1.14.0",
  "source_commit": "adc7f1241b42e322a6451854ab7e4b4c146bf78a",
  "construction_sha256": "fd10c0e2eb35a5572f43263ba88ea893551415c1807f6f6c8ad6158e64caa882",
  "scope": "stabilization, split maps and compositional idempotence only; no nonpolynomiality certificate",
  "checks": [
    "delta(x)=0 in the original five-variable polynomial ring",
    "delta(H)=p^3 in the original five-variable polynomial ring",
    "U^3-u^3=p^2 D",
    "Phi preserves x=s^2+u^3+p^2 F",
    "Phi preserves z=sx+p^2J",
    "Phi preserves y=s+x(x-u^3)",
    "Phi(H)=H+p^3w",
    "inverse D cocycle",
    "Phi inverse composition on u",
    "Phi inverse composition on s",
    "Phi inverse composition on F",
    "Phi inverse composition on J",
    "reverse inverse D cocycle",
    "reverse composition on u",
    "reverse composition on s",
    "reverse composition on F",
    "reverse composition on J",
    "determinant of (F,J)->(L,M) is one",
    "linear inverse recovers L",
    "linear inverse recovers M",
    "Q constant C and factor Q1",
    "H(L) expansion",
    "polynomial root modulo p^3",
    "e polynomial certificate",
    "polynomial W without division",
    "g(q(e))=e: exact polynomial composition",
    "q(g(L))-L exact ideal certificate",
    "cubic difference quotient for q(g(w))-w certificate",
    "rho on p=0 has W(image)=0",
    "rho on p=0 is idempotent on M",
    "rho on p=0 is idempotent on E",
    "rj on special-fiber M",
    "actual factored rho exact rational idempotence point 0",
    "actual factored rho exact rational idempotence point 1",
    "actual factored rho exact rational idempotence point 2",
    "actual factored rho exact rational idempotence point 3",
    "actual factored rho exact rational idempotence point 4",
    "actual factored rho exact rational idempotence point 5",
    "actual factored rho exact rational idempotence point 6"
  ]
}
