{
  "id": 9500008,
  "problem_number": "AMR-094-0008",
  "title": "Concatenated bounded Brownian pieces",
  "statement": "For each $k\\in\\mathbb{Z}$, let $B^k$ be Brownian motion and $T_k$ a stopping time, with the stopped pieces independent, $0\\le T_k<\\infty$, and with their total lengths diverging in both time directions. Form a continuous process $X$ by concatenating the pieces $B^k_{[0,T_k)}$. If there is a deterministic $c<\\infty$ such that $T_k<c$ almost surely for every $k$, must $X$ be a two-sided Brownian motion?",
  "background": "The source notes that a uniform finite-moment bound on the stopping times is not sufficient.\n\nSource list: Burdzy - My favorite open problems (2009)\nSource item: Problem 8\nSource URL: https://sites.math.washington.edu/~burdzy/open_mathjax.php\nAccessed: 2026-07-29\nExtraction: html\nStatus evidence: The author-maintained page lists this item under 'My favorite open problems' as accessed on 2026-07-29; unlike Problem 10, it does not display a solution notice.\nRights note: NEEDS_REVIEW; publicly accessible author-maintained HTML page, no explicit reuse license located.\nDifficulty assignment: default L3",
  "difficulty_level_id": 3,
  "status": "open",
  "proposed_by": null,
  "proposed_year": null,
  "category_id": 19,
  "set_id": 13,
  "view_count": 0,
  "favorite_count": 0,
  "created_at": "2026-07-29T00:00:00Z",
  "updated_at": "2026-08-06T00:00:00Z",
  "published": true,
  "category": {
    "id": 19,
    "name": "probability",
    "display_name": "Probability",
    "description": "Problems involving probability theory, stochastic processes, and random structures.",
    "slug": "probability",
    "order_index": 19,
    "created_at": "2026-07-31T15:26:25.671Z"
  },
  "difficulty": {
    "id": 3,
    "level": 3,
    "name": "L3: Advanced",
    "description": "Difficult problems requiring specialized knowledge and sophisticated techniques.",
    "color_class": "text-yellow-600 bg-yellow-50 border-yellow-200"
  },
  "set": {
    "id": 13,
    "name": "amr_open_problem_lists",
    "display_name": "AMR Open Problem Lists",
    "description": "Open and partially solved problems collected from public source lists indexed by AMR, with per-record provenance and status notes.",
    "slug": "amr-open-problem-lists",
    "order_index": 13,
    "created_at": "2026-07-31T15:26:25.671Z"
  },
  "research_classification": "OPEN-TRIAGE",
  "research_summary": "Appears to remain open. Whether a uniform deterministic bound on the independent stopping times forces the concatenation to be a two-sided Brownian motion is unresolved, and the source's remark that a finite-moment bound fails shows the threshold is delicate."
}
