=== twinwidth.py ===
1 1 []
2 2 []
3 8 []
4 64 []
5 1024 []
6 32768 []
random 7 250 []
random 8 250 []
random 9 250 []
random 10 250 []
random 11 250 []
random 12 250 []

=== verify_small.py ===
{
  "1": {
    "labeled_graphs": 1,
    "upper_bound_verified": 0
  },
  "2": {
    "labeled_graphs": 2,
    "upper_bound_verified": 0
  },
  "3": {
    "labeled_graphs": 8,
    "upper_bound_verified": 0
  },
  "4": {
    "labeled_graphs": 64,
    "upper_bound_verified": 1
  },
  "5": {
    "labeled_graphs": 1024,
    "upper_bound_verified": 2
  },
  "6": {
    "labeled_graphs": 32768,
    "upper_bound_verified": 2
  },
  "random_7": {
    "samples": 250,
    "largest_certificate_width": 3,
    "seed": 481
  },
  "random_8": {
    "samples": 250,
    "largest_certificate_width": 3,
    "seed": 481
  },
  "random_9": {
    "samples": 250,
    "largest_certificate_width": 4,
    "seed": 481
  },
  "random_10": {
    "samples": 250,
    "largest_certificate_width": 4,
    "seed": 481
  },
  "random_11": {
    "samples": 250,
    "largest_certificate_width": 5,
    "seed": 481
  },
  "random_12": {
    "samples": 250,
    "largest_certificate_width": 5,
    "seed": 481
  },
  "exhaustive_certificate_sha256": "78d3bd0cf3c79e0a95b2343035ed9b6e4b58ca5f22f50b00e353a21a9f6a1d8b",
  "method": "Search uses original-graph partitions; verifier independently updates black/nonedge/red trigraph states.",
  "lower_bound_witnesses": {
    "n=4": "P4, min disagreement 1",
    "n=5": "C5, min disagreement 2",
    "n=6": "C5 plus an isolated vertex, min disagreement 2"
  }
}

=== conference_controls.py ===
[
  {
    "n": 5,
    "k": 1,
    "first_pairs": 10,
    "safe_disjoint_second_pairs_per_first": 3,
    "triple_red_degree_counts": {
      "2": 10
    },
    "all_claims_verified": true
  },
  {
    "n": 13,
    "k": 3,
    "first_pairs": 78,
    "safe_disjoint_second_pairs_per_first": 43,
    "triple_red_degree_counts": {
      "8": 234,
      "9": 52
    },
    "all_claims_verified": true
  },
  {
    "n": 17,
    "k": 4,
    "first_pairs": 136,
    "safe_disjoint_second_pairs_per_first": 81,
    "triple_red_degree_counts": {
      "12": 136,
      "11": 544
    },
    "all_claims_verified": true
  },
  {
    "n": 29,
    "k": 7,
    "first_pairs": 406,
    "safe_disjoint_second_pairs_per_first": 267,
    "triple_red_degree_counts": {
      "20": 2842,
      "21": 812
    },
    "all_claims_verified": true
  }
]

=== verify_obstruction.py ===
Verified six bad orders, exact lower bound 2, and two independent width-2 upper certificates.

{
  "all_commands_passed": true,
  "all_four_json_outputs_identical": true,
  "source_unchanged": true,
  "results": [
    {
      "script": "twinwidth.py",
      "exit": 0,
      "seconds": 1.0255493279983057
    },
    {
      "script": "verify_small.py",
      "exit": 0,
      "seconds": 2.1694962969995686
    },
    {
      "script": "conference_controls.py",
      "exit": 0,
      "seconds": 16.278003058003378
    },
    {
      "script": "verify_obstruction.py",
      "exit": 0,
      "seconds": 0.03880926800047746
    }
  ]
}
