{
  "utc": "2026-10-02T11:45:33.080439+00:00",
  "verdict": "VALID_UNSOLVED_PARTIAL_NO_REMAINING_MANDATORY_CORRECTIONS",
  "actual_v2_manifest_sha256": "b48e3e17b884056143a7132fd519872ac5223a0ef15fa4bb3d5738e3f58bb52c",
  "actual_v2_members_plus_self": [
    1502,
    1
  ],
  "frozen_v1_manifest_sha256": "054b156eb6d44903eadeffeda2012a23c68db530b514294830cc0f45c7b93912",
  "frozen_v1_members_plus_self": [
    1499,
    1
  ],
  "changed_existing_members": [
    "CURRENT_CONTEXT.md",
    "README.md"
  ],
  "added_members": [
    "V1_MANIFEST.json",
    "V2_ALIAS_RECEIPT.json",
    "review/REVIEW.md"
  ],
  "other_original_member_bytes_unchanged": 1497,
  "dependency_manifest_sha256": "1b9d41f102cf3345777f4b77c5c5ffbf2db1084d82b6ce8b4a7fb8b5b4af2e79",
  "dependencies_checked": 1472,
  "retained_support_members_plus_self": [
    1269,
    1
  ],
  "every_complete_JSON_parsed_except_exact_control_inputs": {
    "actual_v2": 456,
    "retained_support": 363,
    "dependencies": 436
  },
  "complete_JSONL_records_parsed": {
    "actual_v2": 28,
    "retained_support": 28,
    "dependencies": 28
  },
  "Python_ASTs_parsed_no_imports": {
    "actual_v2": 215,
    "retained_support": 180,
    "dependencies": 215
  },
  "root_actual_capture_sha256": "b4263832f38ca641e262919cb74aabe18d83693a7d2d41a43d1b2c7b265c7309",
  "root_actual_capture": {
    "schema": 1,
    "source_sha256": "c30a30983e3d26f36b2ca055177a0445b26870deb0085082eb6d7f44db554210",
    "argv": [
      "/usr/bin/python3",
      "-B",
      "/Users/alec/Documents/Math/draft_pr_publication_program_20260930/audits/pr38_2765/acceptance_preparation_family/alias_source_revision/restore_review_alias.py",
      "--execute",
      "--preparation-manifest-sha256",
      "0ed8ecfad28606427b8fd3312da3d1b86d17f7b46e1802f831c962c9b0da0e8a"
    ],
    "cwd": "/Users/alec/Documents/Math/draft_pr_publication_program_20260930/audits/pr38_2765",
    "started_utc": "2026-10-02T11:39:38.698094+00:00",
    "actual_execution": true,
    "completed": true,
    "exit_code": 0,
    "pid": 40932,
    "stdio": "complete actual separate child streams",
    "status": "PASS",
    "stdout": {
      "path": "stdout.bin",
      "size": 588,
      "sha256": "9790777dc2dbfb164a0a2769eb939bd4171cfd6561da14d4b8505a2619d5e2c4"
    },
    "stderr": {
      "path": "stderr.bin",
      "size": 0,
      "sha256": "e3b0c44298fc1c149afbf4c8996fb92427ae41e4649b934ca495991b7852b855"
    },
    "finished_utc": "2026-10-02T11:39:39.959201+00:00"
  },
  "root_stdout_whole_JSON_checked": {
    "status": "ACTUAL_ADMINISTRATIVE_V2_ALIAS_BUILD_COMPLETE",
    "candidate": "/Users/alec/Documents/Math/draft_pr_publication_program_20260930/audits/pr38_2765/reviewed_candidate_v2",
    "files_count": 1502,
    "manifest_bytes": 411730,
    "manifest_sha256": "b48e3e17b884056143a7132fd519872ac5223a0ef15fa4bb3d5738e3f58bb52c",
    "v1_manifest_sha256_unchanged": "054b156eb6d44903eadeffeda2012a23c68db530b514294830cc0f45c7b93912",
    "alias_sha256": "8f02671b88b1cdf6e887d087780d3b191672db35e67a8320be3601cbe3834896",
    "actual_capture_by_root_required": true,
    "new_substantive_attempts": 0,
    "audit_turns": 0
  },
  "candidate_builder_or_science_imported_or_executed_by_reviewer": false,
  "candidate_shared_native_git_remote_writes_by_reviewer": false,
  "scientific_verdict_qualification": "The four scoped propositions retain the prior independent report with explicitly imported standard continuity/uniformization inputs. Arbitrary closed self-intersecting references remain unresolved. These finite administrative checks supply no new general mathematical proof.",
  "root_new_final_gate_pending": true,
  "original_substantive_attempts": 2,
  "new_substantive_attempts": 0,
  "audit_turns": 0
}
