Traceback (most recent call last):
  File "/Users/alec/Documents/Math/draft_pr_publication_program_20260930/audits/pr38_2765/whole_current_alias_followup_family/inspect_actual_v2.py", line 140, in <module>
    parse(raw)
    ~~~~~^^^^^
  File "/Users/alec/Documents/Math/draft_pr_publication_program_20260930/audits/pr38_2765/whole_current_alias_followup_family/inspect_actual_v2.py", line 39, in parse
    return json.loads(raw, object_pairs_hook=unique)
           ~~~~~~~~~~^^^^^^^^^^^^^^^^^^^^^^^^^^^^^^^
  File "/opt/homebrew/Cellar/python@3.14/3.14.6/Frameworks/Python.framework/Versions/3.14/lib/python3.14/json/__init__.py", line 365, in loads
    return cls(**kw).decode(s)
           ~~~~~~~~~~~~~~~~^^^
  File "/opt/homebrew/Cellar/python@3.14/3.14.6/Frameworks/Python.framework/Versions/3.14/lib/python3.14/json/decoder.py", line 345, in decode
    obj, end = self.raw_decode(s, idx=_w(s, 0).end())
               ~~~~~~~~~~~~~~~^^^^^^^^^^^^^^^^^^^^^^^
  File "/opt/homebrew/Cellar/python@3.14/3.14.6/Frameworks/Python.framework/Versions/3.14/lib/python3.14/json/decoder.py", line 363, in raw_decode
    raise JSONDecodeError("Expecting value", s, err.value) from None
json.decoder.JSONDecodeError: Expecting value: line 1 column 1 (char 0)

During handling of the above exception, another exception occurred:

Traceback (most recent call last):
  File "/Users/alec/Documents/Math/draft_pr_publication_program_20260930/audits/pr38_2765/whole_current_alias_followup_family/inspect_actual_v2.py", line 149, in <module>
    assert pin is not None and len(raw) == pin['bytes'] and sha(raw) == pin['sha256'], name
           ^^^^^^^^^^^^^^^^^^^^^^^^^^^^^^^^^^^^^^^^^^^^^^^^^^^^^^^^^^^^^^^^^^^^^^^^^^
AssertionError: root_verification/evidence/root_closed_families_actual_reproduction_support/actual/final_partial_or_complete/reconstructed_controls/actual_control_inputs/current_measure_family/nested_manifest_extra/nested/artifact_manifest.json
