multilinear (1, 1) PASS 0.0
multilinear (1, 1, 1) PASS 0.0
multilinear (1, 1, 1, 1) PASS 0.001
multilinear (1, 1, 1, 1, 1) PASS 0.005
multilinear (1, 1, 1, 1, 1, 1) PASS 0.064
multilinear (1, 1, 1, 1, 1, 1, 1) PASS 1.43
multilinear (1, 1, 1, 1, 1, 1, 1, 1) PASS 61.564
binary (0, 2) PASS 0.0
binary (1, 1) PASS 0.0
binary (2, 0) PASS 0.0
binary (0, 3) PASS 0.0
binary (1, 2) PASS 0.0
binary (2, 1) PASS 0.0
binary (3, 0) PASS 0.0
binary (0, 4) PASS 0.0
binary (1, 3) PASS 0.0
binary (2, 2) PASS 0.0
binary (3, 1) PASS 0.0
binary (4, 0) PASS 0.0
binary (0, 5) PASS 0.0
binary (1, 4) PASS 0.0
binary (2, 3) PASS 0.001
binary (3, 2) PASS 0.0
binary (4, 1) PASS 0.0
binary (5, 0) PASS 0.0
binary (0, 6) PASS 0.0
binary (1, 5) PASS 0.0
binary (2, 4) PASS 0.0
binary (3, 3) PASS 0.001
binary (4, 2) PASS 0.0
binary (5, 1) PASS 0.0
binary (6, 0) PASS 0.0
binary (0, 7) PASS 0.0
binary (1, 6) PASS 0.0
binary (2, 5) PASS 0.001
binary (3, 4) PASS 0.001
binary (4, 3) PASS 0.001
binary (5, 2) PASS 0.001
binary (6, 1) PASS 0.0
binary (7, 0) PASS 0.0
binary (0, 8) PASS 0.0
binary (1, 7) PASS 0.0
binary (2, 6) PASS 0.001
binary (3, 5) PASS 0.003
binary (4, 4) PASS 0.004
binary (5, 3) PASS 0.003
binary (6, 2) PASS 0.001
binary (7, 1) PASS 0.0
binary (8, 0) PASS 0.0
binary (0, 9) PASS 0.0
binary (1, 8) PASS 0.0
binary (2, 7) PASS 0.001
binary (3, 6) PASS 0.007
binary (4, 5) PASS 0.02
binary (5, 4) PASS 0.013
binary (6, 3) PASS 0.006
binary (7, 2) PASS 0.001
binary (8, 1) PASS 0.0
binary (9, 0) PASS 0.0
binary (0, 10) PASS 0.0
binary (1, 9) PASS 0.0
binary (2, 8) PASS 0.002
binary (3, 7) PASS 0.012
binary (4, 6) PASS 0.034
binary (5, 5) PASS 0.052
binary (6, 4) PASS 0.04
binary (7, 3) PASS 0.014
binary (8, 2) PASS 0.002
binary (9, 1) PASS 0.0
binary (10, 0) PASS 0.0
binary (0, 11) PASS 0.0
binary (1, 10) PASS 0.0
binary (2, 9) PASS 0.004
binary (3, 8) PASS 0.025
binary (4, 7) PASS 0.081
binary (5, 6) PASS 0.172
binary (6, 5) PASS 0.168
binary (7, 4) PASS 0.082
binary (8, 3) PASS 0.025
binary (9, 2) PASS 0.003
binary (10, 1) PASS 0.0
binary (11, 0) PASS 0.0
binary (0, 12) PASS 0.0
binary (1, 11) PASS 0.0
binary (2, 10) PASS 0.004
binary (3, 9) PASS 0.037
binary (4, 8) PASS 0.181
binary (5, 7) PASS 0.469
binary (6, 6) PASS 0.791
binary (7, 5) PASS 0.553
binary (8, 4) PASS 0.226
binary (9, 3) PASS 0.046
binary (10, 2) PASS 0.004
binary (11, 1) PASS 0.0
binary (12, 0) PASS 0.0
binary (0, 13) PASS 0.0
binary (1, 12) PASS 0.0
binary (2, 11) PASS 0.006
binary (3, 10) PASS 0.062
binary (4, 9) PASS 0.417
binary (5, 8) PASS 1.397
binary (6, 7) PASS 2.7
binary (7, 6) PASS 2.396
binary (8, 5) PASS 1.276
binary (9, 4) PASS 0.41
binary (10, 3) PASS 0.066
binary (11, 2) PASS 0.006
binary (12, 1) PASS 0.0
binary (13, 0) PASS 0.0
