{
  "assertions": 611,
  "by_scope": {
    "pointwise_four_vertex_matching_bound": 64,
    "c4_matching_normalization": 3,
    "module_density_hypothesis": 5,
    "module_low_density_bound": 5,
    "join_edge_identity": 30,
    "join_c4_direct_integral": 30,
    "replacement_exact_gain": 30,
    "replacement_nondecrease": 30,
    "refined_multipartite_bound": 30,
    "tie_mass_constraints": 27,
    "tie_edge_direct_count": 27,
    "tie_c4_direct_count": 27,
    "credited_triangle_family_count": 27,
    "one_edge_obstruction_direct_count": 27,
    "paw_direct_count": 27,
    "edit_separation_constant": 27,
    "explicit_rational_example": 1,
    "finite_edit_lipschitz": 97,
    "collision_union_bound": 97
  },
  "arithmetic": "exact integers and fractions; direct kernel integrations and motif counts",
  "four_vertex_graphs": 64,
  "internal_modules": 5,
  "direct_join_cases": 30,
  "nonmultipartite_tie_cases": 27,
  "max_part_count_in_tie_checks": 12,
  "rational_example": {
    "edge": "16/27",
    "c4": "64/243",
    "triangle": "32/243",
    "one_edge_triple": "8/243",
    "edit_lower_bound": "8/729"
  },
  "scope": "Finite controls supplement the universal join theorem; Pikhurko\u2013Razborov stability is a credited external theorem."
}
