{
  "status": "PASS",
  "author_manifest_sha256": "e594f4629756fbf1a8b372d677de4f174f01f3886d3fa8c58c9dcc87c86fb2fa",
  "public_bindings": 104,
  "receipts": [
    {
      "assertions": 38829,
      "by_scope": {
        "interval_index": 360,
        "first_moment": 360,
        "second_moment": 360,
        "fourth_moment_radical": 360,
        "positive_part_domain": 360,
        "constrained_hessian": 165,
        "reciprocal_endpoint": 40,
        "endpoint_value": 40,
        "credited_endpoint_density": 40,
        "partition_moment_bound": 7337,
        "finite_count_identity": 7337,
        "uniform_count_error": 7337,
        "weighted_c4_formula": 7337,
        "edge_normalization": 7336,
        "direct_induced_vertex_sets": 60
      },
      "arithmetic": "exact integers and fractions; quadratic-radical comparisons by certified squaring",
      "integer_partitions": 7337,
      "partition_max_order": 24,
      "direct_graphs": 60,
      "direct_max_order": 8,
      "scope": "Restricted multipartite controls only; no arbitrary-graph extremal assertion."
    },
    {
      "assertions": 611,
      "by_scope": {
        "pointwise_four_vertex_matching_bound": 64,
        "c4_matching_normalization": 3,
        "module_density_hypothesis": 5,
        "module_low_density_bound": 5,
        "join_edge_identity": 30,
        "join_c4_direct_integral": 30,
        "replacement_exact_gain": 30,
        "replacement_nondecrease": 30,
        "refined_multipartite_bound": 30,
        "tie_mass_constraints": 27,
        "tie_edge_direct_count": 27,
        "tie_c4_direct_count": 27,
        "credited_triangle_family_count": 27,
        "one_edge_obstruction_direct_count": 27,
        "paw_direct_count": 27,
        "edit_separation_constant": 27,
        "explicit_rational_example": 1,
        "finite_edit_lipschitz": 97,
        "collision_union_bound": 97
      },
      "arithmetic": "exact integers and fractions; direct kernel integrations and motif counts",
      "four_vertex_graphs": 64,
      "internal_modules": 5,
      "direct_join_cases": 30,
      "nonmultipartite_tie_cases": 27,
      "max_part_count_in_tie_checks": 12,
      "rational_example": {
        "edge": "16/27",
        "c4": "64/243",
        "triangle": "32/243",
        "one_edge_triple": "8/243",
        "edit_lower_bound": "8/729"
      },
      "scope": "Finite controls supplement the universal join theorem; Pikhurko\u2013Razborov stability is a credited external theorem."
    },
    {
      "assertions": 502,
      "by_scope": {
        "remainder_term_count": 1,
        "conditional_kernel_direct": 150,
        "exact_slope_gap": 9,
        "baseline_count": 9,
        "fractional_density_preservation": 36,
        "fractional_admissibility": 36,
        "local_radius": 36,
        "linear_term_bound": 36,
        "exact_remainder_bound": 36,
        "strict_local_drop": 36,
        "tying_path_masses": 15,
        "tying_path_edge_count": 15,
        "tying_path_c4_direct_count": 15,
        "tying_path_L1": 15,
        "tying_path_Linfinity": 15,
        "tying_path_linear_term": 15,
        "nonvanishing_L1_remainder_ratio": 15,
        "decreasing_edit_distance": 12
      },
      "arithmetic": "exact fractions and integer weighted motif counts; no floating-point tests",
      "fractional_perturbations": 36,
      "exact_tying_paths": 15,
      "scope": "The local theorem is L-infinity small-amplitude only; exact L1 tying paths prevent an edit-distance uniqueness inference."
    },
    {
      "assertions": 44939,
      "by_scope": {
        "profile_derivative_identity": 203,
        "high_density_monotonicity": 203,
        "profile_lower_bound": 203,
        "profile_global_maximum": 203,
        "disjoint_union_profile_grid": 1500,
        "complete_join_profile_grid": 1500,
        "largest_component_density": 506,
        "strict_union_gap_grid": 506,
        "independent_cograph_recognition": 33867,
        "all_small_cograph_profile": 6039,
        "weighted_direct_motif_reconstruction": 104,
        "weighted_cograph_profile": 104,
        "cograph_count_control": 1
      },
      "arithmetic": "exact rational radical comparison and integer weighted motif counts",
      "all_graph_recognition_by_order": [
        {
          "vertices": 1,
          "labeled_graphs": 1,
          "cographs": 1
        },
        {
          "vertices": 2,
          "labeled_graphs": 2,
          "cographs": 2
        },
        {
          "vertices": 3,
          "labeled_graphs": 8,
          "cographs": 8
        },
        {
          "vertices": 4,
          "labeled_graphs": 64,
          "cographs": 52
        },
        {
          "vertices": 5,
          "labeled_graphs": 1024,
          "cographs": 472
        },
        {
          "vertices": 6,
          "labeled_graphs": 32768,
          "cographs": 5504
        }
      ],
      "weighted_cograph_controls": 104,
      "strict_union_gap_cases": 506,
      "join_grid_cases": 1500,
      "scope": "All-size cograph theorem is the written cotree induction, not this order-six enumeration."
    },
    {
      "assertions": 8624,
      "by_scope": {
        "jensen_second_moment": 1250,
        "bounded_factor_moments": 1250,
        "cauchy_moment_bridge": 1250,
        "rank_one_profile_bound": 1250,
        "reduced_moment_interval": 1240,
        "nonnegative_square_bound": 1240,
        "high_density_equality_condition": 20,
        "independent_kernel_factorization": 125,
        "low_density_optimizer_direct": 10,
        "high_density_optimizer_direct": 9,
        "vertical_family_formula": 100,
        "vertical_family_range": 100,
        "branch_junction": 1,
        "upper_branch_derivative_coefficients": 1,
        "restricted_inducibility_value": 1,
        "high_gap_constant": 1,
        "middle_gap_constant": 1,
        "low_gap_exact": 10,
        "strict_candidate_separation": 261,
        "middle_gap_bound": 18,
        "maximal_part_bound": 243,
        "high_gap_bound": 243
      },
      "arithmetic": "exact fractions; independent six-edge kernel integration",
      "rational_finite_support_cases": 1250,
      "independent_product_kernel_integrals": 125,
      "optimizer_kernel_controls": 19,
      "vertical_family_controls": 100,
      "explicit_gap_controls": 261,
      "scope": "The exact rank-one family profile is proved by moment inequalities; the source-wide profile remains unresolved."
    }
  ]
}
