{
  "bounded_stress_solutions": {
    "20": 6,
    "30": 1,
    "40": 6
  },
  "different_fixed_vertices": [
    6,
    1
  ],
  "exact_assertions": 53,
  "necessary_linking_patterns": {
    "20": 6,
    "30": 1,
    "40": 6
  },
  "scope": "Exact conjugation, centrality and subgroup checks; linking classifications and all-length forty-letter slice are proved analytically. Simultaneous-conjugation classification at lengths20 and30 remains unresolved.",
  "status": "PASS",
  "subgroup_orders": [
    120,
    120
  ]
}
