{
  "status": "PASS",
  "exact_assertions": 59132,
  "families": {
    "inseparable": 3,
    "scalar_norm": 289,
    "fixed_gap_logic": 59,
    "finite_feasibility_gap": 40510,
    "quaternion_group": 512,
    "quaternion_exactness": 5,
    "quaternion_actual_restriction": 4,
    "ambient_fourier": 20,
    "abstract_noncyclic": 12807,
    "abstract_axioms": 2499,
    "abstract_semisimple": 12,
    "actual_syzygy_weight": 975,
    "nonconstant_restriction_blocks": 975,
    "completed_weighted_norm_control": 390,
    "F8_ordinary_restrictions": 7,
    "F8_shifted_restriction": 1,
    "F8_actual_indecomposable": 64
  },
  "quaternion_actual_C2_restrictions": [
    {
      "dim": 7,
      "C2_free_summands": 3,
      "C2_trivial_summands": 1
    },
    {
      "dim": 9,
      "C2_free_summands": 4,
      "C2_trivial_summands": 1
    },
    {
      "dim": 7,
      "C2_free_summands": 3,
      "C2_trivial_summands": 1
    }
  ],
  "noncyclic_abstract_cases": [
    {
      "orders": [
        3,
        2
      ],
      "q": 2,
      "rank": 7
    },
    {
      "orders": [
        3,
        2
      ],
      "q": 3,
      "rank": 7
    },
    {
      "orders": [
        3,
        2
      ],
      "q": 7,
      "rank": 7
    },
    {
      "orders": [
        4,
        2
      ],
      "q": 2,
      "rank": 9
    },
    {
      "orders": [
        4,
        2
      ],
      "q": 3,
      "rank": 9
    },
    {
      "orders": [
        4,
        2
      ],
      "q": 7,
      "rank": 9
    },
    {
      "orders": [
        3,
        3
      ],
      "q": 2,
      "rank": 10
    },
    {
      "orders": [
        3,
        3
      ],
      "q": 3,
      "rank": 10
    },
    {
      "orders": [
        3,
        3
      ],
      "q": 7,
      "rank": 10
    },
    {
      "orders": [
        3,
        2,
        2
      ],
      "q": 2,
      "rank": 13
    },
    {
      "orders": [
        3,
        2,
        2
      ],
      "q": 3,
      "rank": 13
    },
    {
      "orders": [
        3,
        2,
        2
      ],
      "q": 7,
      "rank": 13
    }
  ],
  "scope": "New finite controls; no author imports; no universal proof or novelty claim"
}
