{
  "exact_assertions": 51028,
  "subgroup_lattices": [
    {
      "p": 2,
      "rank": 1,
      "subgroups": 2
    },
    {
      "p": 2,
      "rank": 2,
      "subgroups": 5
    },
    {
      "p": 2,
      "rank": 3,
      "subgroups": 16
    },
    {
      "p": 2,
      "rank": 4,
      "subgroups": 67
    },
    {
      "p": 3,
      "rank": 2,
      "subgroups": 6
    },
    {
      "p": 3,
      "rank": 3,
      "subgroups": 28
    }
  ],
  "weighted_block_norm_cases": 1770,
  "auxiliary_functor": "constant Z/4 on nontrivial subgroups, not claimed actual T(H)",
  "F8_C2_cubed_module_indecomposable_control": true,
  "completion_bounds_proved_analytically": true,
  "universal_symmetry_claimed": false
}
