{
  "approaches_exhausted": "5/5",
  "checks": [
    "real payload directory",
    "payload file set changed",
    "pin allowlist changed",
    "regular payload file CLAIMS.json",
    "payload hash mismatch CLAIMS.json",
    "regular payload file README.md",
    "payload hash mismatch README.md",
    "regular payload file RESULTS.md",
    "payload hash mismatch RESULTS.md",
    "regular payload file SOURCE_MANIFEST.json",
    "payload hash mismatch SOURCE_MANIFEST.json",
    "regular payload file STATUS.json",
    "payload hash mismatch STATUS.json",
    "regular payload file VALIDATION.json",
    "payload hash mismatch VALIDATION.json",
    "regular payload file verify.py",
    "payload hash mismatch verify.py",
    "real payload directory",
    "payload file set changed",
    "pin allowlist changed",
    "regular payload file AUDIT.md",
    "payload hash mismatch AUDIT.md",
    "regular payload file CORRECTION.patch",
    "payload hash mismatch CORRECTION.patch",
    "regular payload file ORIGINAL_PINS.json",
    "payload hash mismatch ORIGINAL_PINS.json",
    "regular payload file README.md",
    "payload hash mismatch README.md",
    "regular payload file SOURCE_VERIFICATION.json",
    "payload hash mismatch SOURCE_VERIFICATION.json",
    "regular payload file check_independent.py",
    "payload hash mismatch check_independent.py",
    "read-only acceptance requires true UID/EUID 1000",
    "protected payload is writable: current",
    "protected payload is writable: CLAIMS.json",
    "protected payload is writable: PAYLOAD_PINS.json",
    "protected payload is writable: README.md",
    "protected payload is writable: RESULTS.md",
    "protected payload is writable: SOURCE_MANIFEST.json",
    "protected payload is writable: STATUS.json",
    "protected payload is writable: VALIDATION.json",
    "protected payload is writable: verify.py",
    "read-only acceptance requires true UID/EUID 1000",
    "protected payload is writable: audit",
    "protected payload is writable: AUDIT.md",
    "protected payload is writable: AUDIT_PINS.json",
    "protected payload is writable: CORRECTION.patch",
    "protected payload is writable: ORIGINAL_PINS.json",
    "protected payload is writable: README.md",
    "protected payload is writable: SOURCE_VERIFICATION.json",
    "protected payload is writable: check_independent.py",
    "arctan series inside convergence interval",
    "arctan series inside convergence interval",
    "independent pi enclosure",
    "theta initial bracket",
    "theta final rational bracket",
    "positive exact defect enclosure",
    "tetrahedral tangent angle",
    "exterior and interior angles supplementary",
    "corner defect 2pi minus three interior angles",
    "Euler and trivalence F=3",
    "signed Gauss-Bonnet coefficient identity F=3",
    "combinatorial face deficit F=3",
    "Euler and trivalence F=4",
    "signed Gauss-Bonnet coefficient identity F=4",
    "combinatorial face deficit F=4",
    "Euler and trivalence F=5",
    "signed Gauss-Bonnet coefficient identity F=5",
    "combinatorial face deficit F=5",
    "Euler and trivalence F=12",
    "signed Gauss-Bonnet coefficient identity F=12",
    "combinatorial face deficit F=12",
    "Euler and trivalence F=13",
    "signed Gauss-Bonnet coefficient identity F=13",
    "combinatorial face deficit F=13",
    "Euler and trivalence F=14",
    "signed Gauss-Bonnet coefficient identity F=14",
    "combinatorial face deficit F=14",
    "Euler and trivalence F=100",
    "signed Gauss-Bonnet coefficient identity F=100",
    "combinatorial face deficit F=100",
    "five straight edges insufficient for a minimal disk face",
    "cell deficit sign F=4",
    "rounded deficit display F=4",
    "cell deficit sign F=12",
    "rounded deficit display F=12",
    "cell deficit sign F=13",
    "rounded deficit display F=13",
    "cell deficit sign F=14",
    "rounded deficit display F=14",
    "all-parameter catenoid ODE Laurent identity",
    "catenoid scale at junction",
    "catenoid boundary radius",
    "catenoid boundary slope",
    "boundary arclength normalizer",
    "inward sheet conormals from catenoid derivatives",
    "unit sheet conormals",
    "120-degree junction",
    "three sheet conormals cancel",
    "two sheet conormal norm one",
    "two sheet conormal norm one",
    "two sheet conormal norm one",
    "circle curvature signed inward",
    "signed region integrals and global edge cancellation",
    "local example blocks a purely local nonpositive-sign inference",
    "stellar dual incidence increment",
    "explicit fourteen-face starting hypothesis",
    "decisive insertion average N=1",
    "decisive insertion average N=2",
    "decisive insertion average N=3",
    "decisive insertion average N=4",
    "decisive insertion average N=5",
    "decisive insertion average N=6",
    "decisive insertion average N=7",
    "decisive insertion average N=8",
    "decisive insertion average N=9",
    "decisive insertion average N=10",
    "decisive insertion average N=11",
    "decisive insertion average N=12",
    "decisive insertion average N=13",
    "decisive insertion average N=14",
    "decisive insertion average N=15",
    "decisive insertion average N=16",
    "decisive insertion average N=17",
    "decisive insertion average N=18",
    "decisive insertion average N=19",
    "decisive insertion average N=20",
    "decisive insertion average N=21",
    "decisive insertion average N=22",
    "decisive insertion average N=23",
    "decisive insertion average N=24",
    "decisive insertion average N=25",
    "decisive insertion average N=26",
    "decisive insertion average N=27",
    "decisive insertion average N=28",
    "decisive insertion average N=29",
    "decisive insertion average N=30",
    "decisive insertion average N=31",
    "decisive insertion average N=32",
    "decisive insertion average N=33",
    "decisive insertion average N=34",
    "decisive insertion average N=35",
    "decisive insertion average N=36",
    "decisive insertion average N=37",
    "decisive insertion average N=38",
    "decisive insertion average N=39",
    "decisive insertion average N=40",
    "decisive insertion average N=41",
    "decisive insertion average N=42",
    "decisive insertion average N=43",
    "decisive insertion average N=44",
    "decisive insertion average N=45",
    "decisive insertion average N=46",
    "decisive insertion average N=47",
    "decisive insertion average N=48",
    "decisive insertion average N=49",
    "decisive insertion average N=50",
    "decisive insertion average N=51",
    "decisive insertion average N=52",
    "decisive insertion average N=53",
    "decisive insertion average N=54",
    "decisive insertion average N=55",
    "decisive insertion average N=56",
    "decisive insertion average N=57",
    "decisive insertion average N=58",
    "decisive insertion average N=59",
    "decisive insertion average N=60",
    "decisive insertion average N=61",
    "decisive insertion average N=62",
    "decisive insertion average N=63",
    "decisive insertion average N=64",
    "decisive insertion average N=65",
    "decisive insertion average N=66",
    "decisive insertion average N=67",
    "decisive insertion average N=68",
    "decisive insertion average N=69",
    "decisive insertion average N=70",
    "decisive insertion average N=71",
    "decisive insertion average N=72",
    "decisive insertion average N=73",
    "decisive insertion average N=74",
    "decisive insertion average N=75",
    "decisive insertion average N=76",
    "decisive insertion average N=77",
    "decisive insertion average N=78",
    "decisive insertion average N=79",
    "decisive insertion average N=80",
    "decisive insertion average N=81",
    "decisive insertion average N=82",
    "decisive insertion average N=83",
    "decisive insertion average N=84",
    "decisive insertion average N=85",
    "decisive insertion average N=86",
    "decisive insertion average N=87",
    "decisive insertion average N=88",
    "decisive insertion average N=89",
    "decisive insertion average N=90",
    "decisive insertion average N=91",
    "decisive insertion average N=92",
    "decisive insertion average N=93",
    "decisive insertion average N=94",
    "decisive insertion average N=95",
    "decisive insertion average N=96",
    "decisive insertion average N=97",
    "decisive insertion average N=98",
    "decisive insertion average N=99",
    "decisive insertion average N=100",
    "first single-insertion count threshold",
    "full decoration global corner count",
    "full decoration violates average threshold",
    "density threshold bracket",
    "truncated scalar display average_threshold",
    "truncated scalar display density_cap",
    "dilation hypothesis guard",
    "uniform curvature estimate remains a hypothesis",
    "restricted simple-cell scope and unresolved target",
    "no realization from local or counting checks",
    "audit clarifications present",
    "packet disposition remains unresolved",
    "global realization caveats retained",
    "Kusner source provenance not overclaimed",
    "original checker counts reproduced",
    "original report hash reproduced",
    "independent deficit contained in original enclosure F=4",
    "independent deficit contained in original enclosure F=12",
    "independent deficit contained in original enclosure F=13",
    "independent deficit contained in original enclosure F=14"
  ],
  "euid": 1000,
  "full_target_resolved": false,
  "independent_check_count": 227,
  "independent_exact_intervals": {
    "average_threshold": [
      "395581185311988321859735063202050452710656414477636104424254443077136756309712973624694321979429524607107060617084673566586522281279742442872932279938781129867732899720351130372560568552370967933733260305735222358834362526944026681732027896917770394325221376/29526861649709624683269162114605428987804214152319821364520212010796407857396576710489080496157136895429899587778247198538993070189546292958670153588598794543432707151006402977940391840038652455662872062553061689057558051849825926278739118823115835244568563",
      "4746974223743859862316820758424604541287466547263182600553136130038904330038102905505686065307994134955930373282983318202730488311853400473766593517977094129224572751945382614984911546393090591240156062952538029223888022429317563313780466793710823771664809984/354322339796515496199229945375264702233445356593612530105283950686185069530791278024985699788071583975660999097167307865845140090326605379164702382894344585070443230297717436462035447463784008998525937347775709530796072054782234854119396046467121344582360817"
    ],
    "deficits": {
      "12": [
        "687647425257880427675085297113088414283430744163304134166864982459664367015900884980422600425731364365804426062428453068643423983419782122814840614593259922442340231804571577287931107865118974429646592584974701502394431745768592773119307850673006189839977/446333408878920001110940878973622819764110287545484592408001283093003106509427523043084431058266731008296775990007966157146520783259835073861399951147709101867815031357223412338658425042015663353783850538717718406120090739661145621251272057656021788655616",
        "8251769103094565132101023565357135241435371135663870654828812030078058261143459486764294464185585454133306401949593730209813453798902265396502748720749318472987566472879556290674769613794708054297413579653825247572252629532179084405795237268422793944608003/5356000906547040013331290547683473837169323450545815108896015397116037278113130276517013172699200772099561311880095593885758249399118020886336799413772509222413780376286680948063901100504187960245406206464612620873441088875933747455015264691872261463867392"
      ],
      "13": [
        "902460297366400075171996593244605836092433115190648206576283610521804166427498183718175040722057305116797382766727691198431720678126202646940021791307446215623669750559068589179651894759114308470455653272724646237392911761253049239109180939789579703525389/2060000348671938466665880979878259168142047480979159657267698229660014337735819337121928143345846450807523581492344459186830095922737700340898769005297118931697607837033338826178423500193918446248233156332543315720554264952282210559621255650720100563025920",
        "10829523568396800902063959118935647096359762426632285321880367009115263549062791629297843697158734097872106539985255072826435933662117734201958656950047271023754673698081226229111594566453728789178375187034908101810698901319116170017562937664480484007239951/24720004184063261599990571758539110017704569771749915887212378755920172052829832045463137720150157409690282977908133510241961151072852404090785228063565427180371294044400065914141082002327021354978797875990519788646651179427386526715455067808641206756311040"
      ],
      "14": [
        "-1271062698853315979002371885887539508471613118202956762787751791000925263845650023010914640483599423493680972272199086639955764383850404182032133592971570981451785742409893665614636943440726174681924897857688663426532157068109734726451411900417949935624179/1912857466623942861904032338458383513274758375194933967462862641827156170754689384470361847392571704321271897100034140673485089071113578887977428362061610436576350134388100338594250393037209985801930788023075936026228960312833481233934023104240093379952640",
        "-15252752386239791748028462630650092141483460360528058637202798540549045956641070488865266551786288621665972434097070851364390925194219631038517131610266432982973748015904392534541765578563252481371932851165850300518356166973837474563648418344919646606302961/22954289599487314342848388061500602159297100502339207609554351701925874049056272613644342168710860451855262765200409688081821068853362946655729140344739325238916201612657204063131004716446519829623169456276911232314747523754001774807208277250881120559431680"
      ],
      "4": [
        "69368434678287455781664603685907184189859889467089204741543398758487781220031666695684499998700244256346865566492921193107637500130389317759562916396096487923500517779081379615199750298054089527770443013880743900651032579886180744154267855406326763336736781/6695001133183800016664113184604342296461654313182268886120019246395046597641412845646266465874000965124451639850119492357197811748897526107920999267215636528017225470358351185079876375630234950306757758080765776091801361094917184318769080864840326829834240",
        "832421216139449469379975244230886433088421280222183120033000081823541012978734448351435816538926949763321594223578521684837481987636744739276945996599928947235699957688628217284192439134488638811513078390358797775175933552547155974325720651960584598333841679/80340013598205600199969358215252107557539851758187226633440230956740559171696954147755197590488011581493419678201433908286373740986770313295051991206587638336206705644300214220958516507562819403681093096969189313101616333139006211825228970378083921958010880"
      ]
    },
    "delta": [
      "354322339796515496199229945375264702233445356593612530105283950686185069530791278024985699788071583975660999097167307865845140090326605379164702382894344585070443230297717436462035447463784008998525937347775709530796072054782234854119396046467121344582360817/642720108785644801599754865722016860460318814065497813067521847653924473373575633182041580723904092651947357425611471266290989927894162506360415929652701106689653645154401713767668132060502555229448744775753514504812930665112049694601831763024671375664087040",
      "29526861649709624683269162114605428987804214152319821364520212010796407857396576710489080496157136895429899587778247198538993070189546292958670153588598794543432707151006402977940391840038652455662872062553061689057558051849825926278739118823115835244568563/53560009065470400133312905476834738371693234505458151088960153971160372781131302765170131726992007720995613118800955938857582493991180208863367994137725092224137803762866809480639011005041879602454062064646126208734410888759337474550152646918722614638673920"
    ],
    "density_cap": [
      "106769266703678542236199238414550644990384222523696410460419589783843321696487493422056865862504020351661807038679495959550736476359537417269619921271865030880816236111330747741792359049942767369603529958160952103628493168816862321945538928414437526244120727/956197752685867946361490597711243461709951847257141179855432262274711886895886340652900233501710731575321190252822427637984683794620278720224487227411168724330513454781821561644313983341409259625974282085166176488759722995529842240412649210986926507502961724",
      "8897438891973211853016603201212776559301291827420697339514262537006476846919550161076402483385195964455766805905393606479690350686952829274224935150800996870162500196869255659302458604085083222773474285003820643985725099476768143085159883302925649549369253/79683146057155662196790883142603510404111350629538766754046373495382746725270179970390839005086214721833931957429347989137288859881686049601785525614995386760135621256149953274518716916030874144215141902655364423186949056072709635751057473166421856184336436"
    ],
    "pi": [
      "33652746201256907249319673897283959473504798617299646169521401905554394059491982020371616098711525081624726144152817916950853614090064985695559197276158354078086748541833832441667978487229366302240751618062909898071924642324437482917454965927153872383608425/10712001813094080026662581095366947674338646901091630217792030794232074556226260553034026345398401544199122623760191187771516498798236041772673598827545018444827560752573361896127802201008375920490812412929225241746882177751867494910030529383744522927734784",
      "403832954415082886991836086767407513682057583407595754034256822866653419097652034945571466573185096700460837508864870247104020813120018971543718875218840495908368629134994774206084065146552257324310418825698661016229587831975309360554167470077658108250008835/128544021757128960319950973144403372092063762813099562613504369530784894674715126636408316144780818530389471485122294253258197985578832501272083185930540221337930729030880342753533626412100511045889748955150702900962586133022409938920366352604934275132817408"
    ],
    "theta": [
      "7989383394552957754160986934395517/6490371073168534535663120411525120",
      "15978766789105915508321973868791037/12980742146337069071326240823050240"
    ]
  },
  "limitations": "Exact finite regressions and textual scope guards do not machine-prove analytic theorems or global realizability.",
  "original_checker": {
    "check_count": 56,
    "negative_control_count": 7,
    "report_sha256": "905abb8495e4722091a0c10d860c29e5a51f328b401ff16b75ac29aa99ccf638"
  },
  "semantic_mutants_available": [
    "wrong_corner_defect",
    "wrong_Q_sign",
    "wrong_edge_norm",
    "wrong_catenoid_scale",
    "reverse_circle_curvature",
    "duplicate_catenoid_sheet",
    "nonminimal_ode",
    "discard_cell_transport",
    "wrong_stellar_increment",
    "wrong_count_threshold",
    "wrong_decoration_count",
    "noncompact_dilation",
    "unproved_uniform_bound",
    "claim_global_realization",
    "erase_simple_scope",
    "resolve_two_face_note"
  ],
  "source_documents_required": false,
  "status": "PASS",
  "target_id": 5900021,
  "uid": 1000
}
