{
  "arithmetic": "Exact rational enclosures and Q(sqrt(3)); floats are display only.",
  "average_threshold_display": [
    13.397332571437655,
    13.397332571437667
  ],
  "cell_deficits": {
    "100": {
      "certified_lower_rational": "-3702239152389204602759886022533643516710660929100408480123036244463108211831912887460804932225243213678369886844313703166432916392682141277366537590040919431423120010097080457991593488062162744954173611210362914995669555669711871575371827684693912210580048960648265023184127908895099/38772745769504958345452148303674994024369616923365191658786925915021881948477666537333180014981504875511837209600113581208043891634589442134617687196828655117033759533864070858558464660279943848329985610849892813481645216221204743034522977040978730656206607818603515625000000000000",
      "certified_upper_rational": "-3240698825641357857079693570447420468424940404510697654323613453484493997906963286536206213226640142645434326247504668917367891692691352423143595915589837844388732829128979974844882868364026935768802522158054386599819722595642998436918712484966309263175188646158522749742423842083/33939134267174032619747683254560489158426512949147591655246692035347667187617221807507904286498402404992767291889247020542395871601153202967925707880489360407760507986435873722937680240436917988419307794725138577302257677755295550703351636911975219845771789550781250000000000000",
      "decimal_display": [
        -95.48560667841693,
        -95.48560667841681
      ]
    },
    "12": {
      "certified_lower_rational": "497796383230395081035238400835636962042848036785205237403604262950375091650648742973224014750476834829088580304311674735234276822311326203923176439779538895056221420750090010941869152090543735139560744956329846925107753770748279970817285790019637900936675467280883054780654805948651/323106214745874652878767902530624950203080141028043263823224382625182349570647221144443166791512540629265310080000946510067032430288245351121814059973572125975281329448867257154653872168999532069416546757082440112347043468510039525287691475341489422135055065155029296875000000000000",
      "certified_upper_rational": "435738505304878204434284546253979716091873745456668890923653450269038073338870580210617768994249715238260114916112537445731760145506891847542510123385562408765139447846948675860895080328274817933650459442128585786019599617156702434243651603118696867593117674374633645216072251667/282826118893116938497897360454670742986887607909563263793722433627897226563476848395899202387486686708273060765743725171186632263342943358066047565670744670064670899886965614357814002003640983236827564956042821477518813981294129589194596974266460165381431579589843750000000000000",
      "decimal_display": [
        1.5406586457085498,
        1.5406586457085618
      ]
    },
    "13": {
      "certified_lower_rational": "65330204918536715176923202892937341215763661492007613565148263144178660183604020506103749203222681028728797706848784137649166679731123439317807012292721443748419214271584757702863656458178052880368905862487792259722700773465916578669608215170940012027921456195985754752006480122763/149125945267326762867123647321826900093729295859096890995334330442391853647991025143589153903775018751968604652308129158492476506286882469748529566141648673527052921284092580225224864077999784032038406195576510821083250831620018242440472988619148964062333106994628906250000000000000",
      "certified_upper_rational": "57185802873320393234887984809620968862509680859131362190530094725710816772327166558681962197260790403933622092513558654548587597307718464388121056492807417094376005524176757042957245203809535116193543462315037106915423837739203451773820378129059704304937057443734812338871086771/130535131796823202383644935594463419840101972881336890981718046289798719952373930028876554948070778480741412661112488540547676429235204626799714261078805232337540415332445668165144924001680453801612722287404379143470221837520367502705198603507596999406814575195312500000000000000",
      "decimal_display": [
        0.4380874488434874,
        0.4380874488435006
      ]
    },
    "14": {
      "certified_lower_rational": "-46006891839300567557550968921337532165972607925679766847420383426914478040363854452880236043538260793842240765992916458304547402173526707188431297109516994031372462622833441620598565879665465569563318475474874385637725089799137456410496469488335253317646247949631025183277155446431/69237046016973139902593121970848203614945744506009270819262367705396217765138690245237821455324115849128280731428774252157221235061766860954674441422908312708988856310471555104568686893357042586303545733660522881217223600395008469704505316144604876171797513961791992187500000000000",
      "certified_upper_rational": "-40271434182962107232093559731204753790213956085807068878147794240919542998311326812070557029882776461688804110404382130575974405108595393255854045410727914576323590837610584716017218095378606949316808094020733926297020640061461602119377849548451031915369376882524883945920901927/60605596905667915392406577240286587782904487409192127955797664348835119977887896084835543368747147151772798735516512536682849770716345005299867335500873857871000907118635488790960143286494496407891621062009176030896888710277313483398842208771384321153163909912109375000000000000",
      "decimal_display": [
        -0.664483748021575,
        -0.6644837480215605
      ]
    },
    "4": {
      "certified_lower_rational": "10043331691456757998751430272129456231937186595616145504509605416162837145020106993959653439695295126891494187460278442693568806856387388661399799234826035091600179218130022894881556970619422098988957008971540669472328911589975897121247089141641342699838321894392583231973342794229901/969318644237623958636303707591874850609240423084129791469673147875547048711941663433329500374537621887795930240002839530201097290864736053365442179920716377925843988346601771463961616506998596208249640271247320337041130405530118575863074426024468266405165195465087890625000000000000",
      "certified_upper_rational": "8791277893819051071511507538757161953630087722655229221031078231527065507988493004635217728587181210428474753924333460998230968868684719735465478393784199347751212804610422882010390418265324258166498144897089886662927150100792386232339933621493710801157450221040898179212654282917/848478356679350815493692081364012228960662823728689791381167300883691679690430545187697607162460060124819182297231175513559896790028830074198142697012234010194012699660896843073442006010922949710482694868128464432556441943882388767583790922799380496144294738769531250000000000000",
      "decimal_display": [
        10.361228220629048,
        10.361228220629052
      ]
    }
  },
  "check_count": 56,
  "checks": [
    "certified pi enclosure",
    "lower theta endpoint certified by cosine",
    "upper theta endpoint certified by cosine",
    "cosine monotonicity interval",
    "positive corner defect",
    "13 < average threshold < 14",
    "positive pentagonal-face deficit",
    "facewise and cellwise Gauss-Bonnet coefficients F=4",
    "positive cell deficit F=4",
    "facewise and cellwise Gauss-Bonnet coefficients F=12",
    "positive cell deficit F=12",
    "facewise and cellwise Gauss-Bonnet coefficients F=13",
    "positive cell deficit F=13",
    "facewise and cellwise Gauss-Bonnet coefficients F=14",
    "14-face deficit has opposite sign",
    "facewise and cellwise Gauss-Bonnet coefficients F=100",
    "exact conormal cancellation",
    "cell edge conormal sum has norm one (0, 1)",
    "cell edge conormal sum has norm one (0, 2)",
    "cell edge conormal sum has norm one (1, 2)",
    "local circular-junction geodesic curvatures",
    "one adjacent region has positive edge transport",
    "another adjacent region has negative edge transport",
    "catenoid minimal ODE at common circle",
    "stellar insertion incidence N=1",
    "single-insertion average threshold N=1",
    "stellar insertion incidence N=2",
    "single-insertion average threshold N=2",
    "stellar insertion incidence N=3",
    "single-insertion average threshold N=3",
    "stellar insertion incidence N=4",
    "single-insertion average threshold N=4",
    "stellar insertion incidence N=5",
    "single-insertion average threshold N=5",
    "stellar insertion incidence N=6",
    "single-insertion average threshold N=6",
    "stellar insertion incidence N=7",
    "single-insertion average threshold N=7",
    "stellar insertion incidence N=8",
    "single-insertion average threshold N=8",
    "stellar insertion incidence N=9",
    "single-insertion average threshold N=9",
    "stellar insertion incidence N=10",
    "single-insertion average threshold N=10",
    "stellar insertion incidence N=11",
    "single-insertion average threshold N=11",
    "stellar insertion incidence N=12",
    "single-insertion average threshold N=12",
    "stellar insertion incidence N=13",
    "single-insertion average threshold N=13",
    "stellar insertion incidence N=14",
    "single-insertion average threshold N=14",
    "fully decorated Kelvin count 62/7",
    "full decoration violates minimal-foam average bound",
    "average arithmetic does not imply a per-cell lower bound",
    "certified admissible insertion-density interval"
  ],
  "geometric_scope": "No numerical or exact realization of a bounded foam cell is claimed.",
  "insertion_density_display": [
    0.11166023597500924,
    0.11166023597501179
  ],
  "negative_control_count": 7,
  "negative_controls": [
    "wrong tetrahedral vertex count",
    "wrong dodecahedral vertex count",
    "out-of-scope cosine remainder bound",
    "duplicated sheet is not a Plateau junction",
    "missing third sheet",
    "empty starting decomposition",
    "negative subdivision count"
  ],
  "status": "PASS"
}
