{
  "status": "PASS",
  "scope": "Independent exact audit of Rizzoli--Thomas degree-19683 base-two counterexample only; no novelty claim.",
  "manifest_sha256": "6064e8e6da4d87e3a94e42c3a8fd575db421e2364e914671ad66b38f52cfeb03",
  "independent_method": "dense matrix closure; exact mod-3 RREF fixed spaces; tuple-arithmetic exhaustive neighbor and sumset checks",
  "degree": 19683,
  "point_stabilizer_order": 1152,
  "affine_group_order": 22674816,
  "diagonal_order": 64,
  "coordinate_image_order": 18,
  "point_stabilizer_structure": "C2^6 semidirect D18; pure permutation complement verified via dihedral relations",
  "coordinate_transitive": true,
  "explicit_coordinate_projectors": 9,
  "fixedspace_dimension_histogram": {
    "1": 600,
    "3": 443,
    "5": 99,
    "7": 9,
    "9": 1
  },
  "total_fixed_point_incidence": 77184,
  "orbits_by_Burnside": 67,
  "stabilizer_size_histogram": {
    "1": 1152,
    "2": 12096,
    "4": 2880,
    "6": 384,
    "8": 2448,
    "12": 96,
    "16": 216,
    "18": 128,
    "24": 96,
    "32": 144,
    "64": 18,
    "96": 24,
    "1152": 1
  },
  "regular_vectors": 1152,
  "regular_orbits": 1,
  "base_size": 2,
  "explicit_regular_base": [
    [
      0,
      0,
      0,
      0,
      0,
      0,
      0,
      0,
      0
    ],
    [
      2,
      1,
      1,
      1,
      1,
      1,
      1,
      1,
      0
    ]
  ],
  "regular_vector_codes_sha256": "ad599d7fa427b77837a9304ff318e61a2a8bc579eeed9d3d66b0688f476a8eac",
  "twoR_size": 19587,
  "holes": 96,
  "witness_pair": [
    [
      0,
      0,
      0,
      0,
      0,
      0,
      0,
      0,
      0
    ],
    [
      1,
      1,
      1,
      1,
      1,
      1,
      0,
      0,
      0
    ]
  ],
  "witness_z_code": 364,
  "witness_z_stabilizer": 24,
  "common_neighbors": 0,
  "candidate_vectors_tested": 19683,
  "stabilizers_of_w_minus_z_for_regular_w": {
    "2": 768,
    "4": 168,
    "6": 24,
    "8": 168,
    "24": 24
  },
  "self_pair_common_neighbors_positive_control": 1152,
  "regular_pair_common_neighbors_positive_control": 23,
  "distance_shell_sizes": [
    1,
    1152,
    18434,
    96
  ],
  "diameter": 3,
  "kernel_calibration_controls": "identity, -identity, diagonal sign, transposition, 3-cycle passed",
  "negative_irreducibility_control": "permutation generators fix all-ones line; sign generator does not",
  "comparison_to_frozen_json": "generators, regular-set digest, stabilizer histogram, all 96 holes and fixed witness identical"
}
