{
  "all_sunflower_conversion_checks": 693,
  "coefficient_checks": 824,
  "dgy_Q3m111": {
    "actual_pi4": "5/9",
    "completed_pi4": "2/3",
    "correction_pi4": "1/9",
    "mixed_product_pi4": "2/9"
  },
  "genus_dimension_recursion_checks": 12512,
  "graph_coefficient_checks": 824,
  "limitations": [
    "OWR mixed-product normalization remains unspecified; the 2^h coefficient ratio is not a source declaration.",
    "The all-target OWR existence clause remains unresolved; special stars are necessary in the n=2 extension.",
    "The MP correction is an authored convention repair, not a verified author erratum.",
    "No geometric theorem or unbounded graph enumeration is certified by finite tests.",
    "No novelty, unconditional complete resolution, or journal acceptance claim."
  ],
  "minimal_abelian_intersections": {
    "1": "-1/24",
    "2": "1/640",
    "3": "-305/580608",
    "4": "87983/199065600",
    "5": "-339849/504627200",
    "6": "3527289864593/2191186722816000"
  },
  "mp_Q3m111_repair": {
    "corrected_completed_pi4": "2/3",
    "corrected_correction_pi4": "1/9",
    "quadratic_power_tail_intersection": "-1/12",
    "rejected_abelian_class_substitution_pi4": "1/18"
  },
  "mp_Q53": {
    "IT_sum": "-73/448",
    "MV_rational_coefficient": "73/420",
    "pi_power_from_equation_56": 6,
    "printed_pi_power": 4,
    "reconstructed_special_star_rows": [
      {
        "automorphisms": 1,
        "bottom_intersection": "1",
        "contribution": "-1525/18144",
        "prong_product": 10,
        "tail_genera": [
          3
        ],
        "vertex_product": "-305/18144"
      },
      {
        "automorphisms": 1,
        "bottom_intersection": "6",
        "contribution": "-3/160",
        "prong_product": 12,
        "tail_genera": [
          2,
          1
        ],
        "vertex_product": "-1/160"
      },
      {
        "automorphisms": 6,
        "bottom_intersection": "30",
        "contribution": "-5/1728",
        "prong_product": 8,
        "tail_genera": [
          1,
          1,
          1
        ],
        "vertex_product": "-5/288"
      }
    ],
    "special_star_IT_subtotal": "-19177/181440"
  },
  "owr_coefficients": [
    {
      "abelian_orders": [
        0
      ],
      "dgy_coefficient": "1/2",
      "orders": [
        3
      ],
      "owr_printed_coefficient": "1",
      "quadratic_core": [
        -1
      ],
      "required_product_volume_divisor": 2
    },
    {
      "abelian_orders": [
        0
      ],
      "dgy_coefficient": "3/2",
      "orders": [
        5
      ],
      "owr_printed_coefficient": "3",
      "quadratic_core": [
        1
      ],
      "required_product_volume_divisor": 2
    },
    {
      "abelian_orders": [
        0,
        0
      ],
      "dgy_coefficient": "7/8",
      "orders": [
        7
      ],
      "owr_printed_coefficient": "7/2",
      "quadratic_core": [
        -1
      ],
      "required_product_volume_divisor": 4
    },
    {
      "abelian_orders": [
        2
      ],
      "dgy_coefficient": "3/2",
      "orders": [
        7
      ],
      "owr_printed_coefficient": "3",
      "quadratic_core": [
        -1
      ],
      "required_product_volume_divisor": 2
    },
    {
      "abelian_orders": [
        0
      ],
      "dgy_coefficient": "5/2",
      "orders": [
        7
      ],
      "owr_printed_coefficient": "5",
      "quadratic_core": [
        3
      ],
      "required_product_volume_divisor": 2
    },
    {
      "abelian_orders": [
        0,
        0
      ],
      "dgy_coefficient": "27/8",
      "orders": [
        9
      ],
      "owr_printed_coefficient": "27/2",
      "quadratic_core": [
        1
      ],
      "required_product_volume_divisor": 4
    },
    {
      "abelian_orders": [
        2
      ],
      "dgy_coefficient": "9/2",
      "orders": [
        9
      ],
      "owr_printed_coefficient": "9",
      "quadratic_core": [
        1
      ],
      "required_product_volume_divisor": 2
    },
    {
      "abelian_orders": [
        0
      ],
      "dgy_coefficient": "7/2",
      "orders": [
        9
      ],
      "owr_printed_coefficient": "7",
      "quadratic_core": [
        5
      ],
      "required_product_volume_divisor": 2
    },
    {
      "abelian_orders": [
        0,
        0
      ],
      "dgy_coefficient": "1/4",
      "orders": [
        3,
        3
      ],
      "owr_printed_coefficient": "1",
      "quadratic_core": [
        -1,
        -1
      ],
      "required_product_volume_divisor": 4
    },
    {
      "abelian_orders": [
        0
      ],
      "dgy_coefficient": "1",
      "orders": [
        3,
        3
      ],
      "owr_printed_coefficient": "2",
      "quadratic_core": [
        -1,
        3
      ],
      "required_product_volume_divisor": 2
    },
    {
      "abelian_orders": [
        0,
        0
      ],
      "dgy_coefficient": "3/4",
      "orders": [
        5,
        3
      ],
      "owr_printed_coefficient": "3",
      "quadratic_core": [
        -1,
        1
      ],
      "required_product_volume_divisor": 4
    },
    {
      "abelian_orders": [
        0
      ],
      "dgy_coefficient": "1/2",
      "orders": [
        5,
        3
      ],
      "owr_printed_coefficient": "1",
      "quadratic_core": [
        -1,
        5
      ],
      "required_product_volume_divisor": 2
    },
    {
      "abelian_orders": [
        0
      ],
      "dgy_coefficient": "3/2",
      "orders": [
        5,
        3
      ],
      "owr_printed_coefficient": "3",
      "quadratic_core": [
        1,
        3
      ],
      "required_product_volume_divisor": 2
    },
    {
      "abelian_orders": [
        0,
        0,
        0
      ],
      "dgy_coefficient": "33/16",
      "orders": [
        11
      ],
      "owr_printed_coefficient": "33/2",
      "quadratic_core": [
        -1
      ],
      "required_product_volume_divisor": 8
    },
    {
      "abelian_orders": [
        0,
        2
      ],
      "dgy_coefficient": "33/4",
      "orders": [
        11
      ],
      "owr_printed_coefficient": "33",
      "quadratic_core": [
        -1
      ],
      "required_product_volume_divisor": 4
    },
    {
      "abelian_orders": [
        4
      ],
      "dgy_coefficient": "5/2",
      "orders": [
        11
      ],
      "owr_printed_coefficient": "5",
      "quadratic_core": [
        -1
      ],
      "required_product_volume_divisor": 2
    },
    {
      "abelian_orders": [
        0,
        0
      ],
      "dgy_coefficient": "55/8",
      "orders": [
        11
      ],
      "owr_printed_coefficient": "55/2",
      "quadratic_core": [
        3
      ],
      "required_product_volume_divisor": 4
    },
    {
      "abelian_orders": [
        2
      ],
      "dgy_coefficient": "15/2",
      "orders": [
        11
      ],
      "owr_printed_coefficient": "15",
      "quadratic_core": [
        3
      ],
      "required_product_volume_divisor": 2
    },
    {
      "abelian_orders": [
        0
      ],
      "dgy_coefficient": "9/2",
      "orders": [
        11
      ],
      "owr_printed_coefficient": "9",
      "quadratic_core": [
        7
      ],
      "required_product_volume_divisor": 2
    }
  ],
  "owr_terms_checked": 19,
  "owr_two_point_scope_cases": [
    {
      "known_empty_listed_correction_cores": [
        [
          -1,
          1
        ]
      ],
      "target": [
        1,
        3
      ],
      "target_known_empty": true
    },
    {
      "known_empty_listed_correction_cores": [
        [
          -1,
          1
        ]
      ],
      "target": [
        -1,
        5
      ],
      "target_known_empty": false
    },
    {
      "known_empty_listed_correction_cores": [
        [
          -1,
          1
        ],
        [
          1,
          3
        ]
      ],
      "target": [
        1,
        7
      ],
      "target_known_empty": false
    },
    {
      "known_empty_listed_correction_cores": [
        [
          -1,
          1
        ]
      ],
      "target": [
        -1,
        9
      ],
      "target_known_empty": false
    },
    {
      "known_empty_listed_correction_cores": [
        [
          -1,
          1
        ],
        [
          1,
          3
        ]
      ],
      "target": [
        3,
        5
      ],
      "target_known_empty": false
    },
    {
      "known_empty_listed_correction_cores": [
        [
          -1,
          1
        ],
        [
          1,
          3
        ]
      ],
      "target": [
        1,
        11
      ],
      "target_known_empty": false
    }
  ],
  "proof_turns": 0,
  "quadratic_power_intersections": {
    "1": "-1/12",
    "2": "1/80",
    "3": "-305/18144",
    "4": "87983/1555200",
    "5": "-339849/985600",
    "6": "3527289864593/1069915392000"
  },
  "scope": "Exact finite arithmetic and cited theorem-application checks; not formal certification of geometric theorems.",
  "status": "PASS_CORRECTED_CONVENTION_AUDIT_WITH_OWR_SCOPE_HOLD",
  "tail_conversion_samples": [
    {
      "quadratic_power_over_abelian_intersections": 2,
      "tail_genera": [
        1
      ]
    },
    {
      "quadratic_power_over_abelian_intersections": 8,
      "tail_genera": [
        2
      ]
    },
    {
      "quadratic_power_over_abelian_intersections": 4,
      "tail_genera": [
        1,
        1
      ]
    },
    {
      "quadratic_power_over_abelian_intersections": 32,
      "tail_genera": [
        3
      ]
    },
    {
      "quadratic_power_over_abelian_intersections": 16,
      "tail_genera": [
        1,
        2
      ]
    },
    {
      "quadratic_power_over_abelian_intersections": 8,
      "tail_genera": [
        1,
        1,
        1
      ]
    }
  ],
  "two_singularity_bottom_vs_direct_cycle_checks": 560
}
