BOUNDARY_SYMBOLIC_PASS positive_gap_terms=14
CORE_SCHUR_REMAINDER_PASS det=2*a^2*b
CORE_DETERMINANT_RECURRENCE_REGRESSION_PASS m=3..8
ALL_SPECTRUM_FINITE_PASS m=3 a=3/2 b=5/3 categories={'negative-singleton': 6, 'long-cycle-X1-to-Xm-1': 1, 'boundary-triad-principal': 3, 'long-cycle-X2-to-Xm': 1}
ALL_SPECTRUM_FINITE_PASS m=3 a=1 b=2 categories={'negative-singleton': 8, 'long-cycle-X1-to-Xm-1': 1, 'boundary-triad-principal': 2, 'long-cycle-X2-to-Xm': 1}
ALL_SPECTRUM_FINITE_PASS m=4 a=3/2 b=5/3 categories={'negative-singleton': 28, 'boundary-triad-principal': 10, 'long-cycle-X1-to-Xm-1': 1, 'long-cycle-X2-to-Xm': 1}
ALL_SPECTRUM_FINITE_PASS m=4 a=1 b=2 categories={'negative-singleton': 34, 'boundary-triad-principal': 7, 'long-cycle-X1-to-Xm-1': 1, 'long-cycle-X2-to-Xm': 1}
ALL_SPECTRUM_FINITE_PASS m=5 a=3/2 b=5/3 categories={'negative-singleton': 94, 'boundary-triad-principal': 25, 'long-cycle-X1-to-Xm-1': 1, 'long-cycle-X2-to-Xm': 1}
ALL_SPECTRUM_FINITE_PASS m=5 a=1 b=2 categories={'negative-singleton': 108, 'boundary-triad-principal': 18, 'long-cycle-X1-to-Xm-1': 1, 'long-cycle-X2-to-Xm': 1}
ALL_SPECTRUM_FINITE_PASS m=6 a=3/2 b=5/3 categories={'negative-singleton': 266, 'boundary-triad-principal': 56, 'long-cycle-X1-to-Xm-1': 1, 'long-cycle-X2-to-Xm': 1}
ALL_SPECTRUM_FINITE_PASS m=6 a=1 b=2 categories={'negative-singleton': 296, 'boundary-triad-principal': 41, 'long-cycle-X1-to-Xm-1': 1, 'long-cycle-X2-to-Xm': 1}
ALL_SPECTRUM_FINITE_PASS m=8 a=3/2 b=5/3 categories={'negative-singleton': 1660, 'boundary-triad-principal': 246, 'long-cycle-X1-to-Xm-1': 1, 'long-cycle-X2-to-Xm': 1}
ALL_SPECTRUM_FINITE_PASS m=8 a=1 b=2 categories={'negative-singleton': 1786, 'boundary-triad-principal': 183, 'long-cycle-X1-to-Xm-1': 1, 'long-cycle-X2-to-Xm': 1}
PRINCIPAL_MINOR_DIFFUSION_RAY_PASS
NETWORK_ONE_BAD_MINOR_COROLLARY_PASS
ORDER_M_MINORS_PASS
DIFFUSION_CRITERION_PASS
CONTRAST_BOUNDS_PASS
MODE_ISOLATION_PASS
HARMONIC_CORRECTIONS_PASS
CUBIC_SIGN_PASS
GENERIC_CUBIC_RECURRENCE_PASS
{'m': 3, 'degree': 4}
{'m': 4, 'degree': 5}
{'m': 5, 'degree': 6}
VERIFY_DETERMINANT_IDENTITY_PASS
VERIFY_MODE_CERTIFICATES_PASS
VERIFY_MASTER_CERTIFICATE_PASS
VERIFY_NEAR_THRESHOLD_PASS
VERIFY_CUBIC_BOUND_PASS
Traceback (most recent call last):
  File "/Users/alec/Documents/Math/maximally_collective_stable_turing_patterns_binary_complex_mass_action_networks/independent_full_referee_2026-09-05/software/scratch/full/independent_verifier/frontier_verify_exposition_identities.py", line 572, in <module>
    verify()
  File "/Users/alec/Documents/Math/maximally_collective_stable_turing_patterns_binary_complex_mass_action_networks/independent_full_referee_2026-09-05/software/scratch/full/independent_verifier/frontier_verify_exposition_identities.py", line 558, in verify
    verify_printed_modulus_table()
  File "/Users/alec/Documents/Math/maximally_collective_stable_turing_patterns_binary_complex_mass_action_networks/independent_full_referee_2026-09-05/software/scratch/full/independent_verifier/frontier_verify_exposition_identities.py", line 520, in verify_printed_modulus_table
    assert result.returncode == 0, result.stdout + result.stderr
AssertionError: STALE_GENERATED_MODULUS_TABLE: /Users/alec/Documents/Math/maximally_collective_stable_turing_patterns_binary_complex_mass_action_networks/independent_full_referee_2026-09-05/software/scratch/full/data/certificate_tables.tex

Traceback (most recent call last):
  File "/Users/alec/Documents/Math/maximally_collective_stable_turing_patterns_binary_complex_mass_action_networks/independent_full_referee_2026-09-05/software/scratch/full/independent_verifier/verify_symbolic_certificates.py", line 38, in <module>
    subprocess.run([sys.executable,str(HERE/name)],check=True)
  File "/Library/Developer/CommandLineTools/Library/Frameworks/Python3.framework/Versions/3.9/lib/python3.9/subprocess.py", line 528, in run
    raise CalledProcessError(retcode, process.args,
subprocess.CalledProcessError: Command '['/Library/Developer/CommandLineTools/usr/bin/python', '/Users/alec/Documents/Math/maximally_collective_stable_turing_patterns_binary_complex_mass_action_networks/independent_full_referee_2026-09-05/software/scratch/full/independent_verifier/frontier_verify_exposition_identities.py']' returned non-zero exit status 1.
