amplitude_m3_mu0p01_K16_base.csv	rows=181	max_abs_difference=0
amplitude_m3_mu0p02_K16_base.csv	rows=181	max_abs_difference=0
amplitude_m3_mu0p02_K16_time-tight.csv	rows=181	max_abs_difference=0
amplitude_m3_mu0p02_K32_spatial-fine.csv	rows=181	max_abs_difference=0
amplitude_m3_mu0p04_K16_base.csv	rows=181	max_abs_difference=0
amplitude_m5_mu0p01_K16_base.csv	rows=181	max_abs_difference=0
amplitude_m5_mu0p02_K16_base.csv	rows=181	max_abs_difference=0
amplitude_m5_mu0p02_K16_time-tight.csv	rows=181	max_abs_difference=0
amplitude_m5_mu0p02_K32_spatial-fine.csv	rows=181	max_abs_difference=0
amplitude_m5_mu0p04_K16_base.csv	rows=181	max_abs_difference=0
amplitude_m8_mu0p01_K16_base.csv	rows=181	max_abs_difference=0
amplitude_m8_mu0p02_K16_base.csv	rows=181	max_abs_difference=0
amplitude_m8_mu0p02_K16_time-tight.csv	rows=181	max_abs_difference=0
amplitude_m8_mu0p02_K32_spatial-fine.csv	rows=181	max_abs_difference=0
amplitude_m8_mu0p04_K16_base.csv	rows=181	max_abs_difference=0
profile_m3_modes32.csv	rows=257	max_abs_difference=0
profile_m3_mu0p01_K16_base.csv	rows=257	max_abs_difference=0
profile_m3_mu0p02_K16_base.csv	rows=257	max_abs_difference=0
profile_m3_mu0p02_K16_time-tight.csv	rows=257	max_abs_difference=0
profile_m3_mu0p02_K32_spatial-fine.csv	rows=257	max_abs_difference=0
profile_m3_mu0p04_K16_base.csv	rows=257	max_abs_difference=0
profile_m5_modes32.csv	rows=257	max_abs_difference=0
profile_m5_mu0p01_K16_base.csv	rows=257	max_abs_difference=0
profile_m5_mu0p02_K16_base.csv	rows=257	max_abs_difference=0
profile_m5_mu0p02_K16_time-tight.csv	rows=257	max_abs_difference=0
profile_m5_mu0p02_K32_spatial-fine.csv	rows=257	max_abs_difference=0
profile_m5_mu0p04_K16_base.csv	rows=257	max_abs_difference=0
profile_m8_modes32.csv	rows=257	max_abs_difference=0
profile_m8_mu0p01_K16_base.csv	rows=257	max_abs_difference=0
profile_m8_mu0p02_K16_base.csv	rows=257	max_abs_difference=0
profile_m8_mu0p02_K16_time-tight.csv	rows=257	max_abs_difference=0
profile_m8_mu0p02_K32_spatial-fine.csv	rows=257	max_abs_difference=0
profile_m8_mu0p04_K16_base.csv	rows=257	max_abs_difference=0
CSV_COUNT=33
MAX_ABSOLUTE_DIFFERENCE=0
FINITE_POSITIVE_FINAL_PROFILES_AND_FIXED_MEAN_MASS_PASS
