./CERTIFICATES.md: OK
./CITATION.cff: OK
./LICENSE: OK
./README.md: OK
./RESEARCH_LOG.md: OK
./computation/audit_manuscript.py: OK
./computation/audit_numerical_provenance.py: OK
./computation/audit_pdfs.py: OK
./computation/audit_stale_claims.py: OK
./computation/export_instance.py: OK
./computation/export_pareto_instance.py: OK
./computation/generate_current_profile_data.py: OK
./computation/generate_sign_certificate_tables.py: OK
./computation/generate_tables.py: OK
./computation/simulations.py: OK
./computation/tests/test_flagship.py: OK
./data/README.md: OK
./data/branch_amplitudes.csv: OK
./data/certificate_tables.tex: OK
./data/contrast_table.tex: OK
./data/current_profile_exact.json: FAILED
./data/exact_instances/pareto_m3_L0.json: OK
./data/exact_instances/pareto_m4_L0.json: OK
./data/network_instances/Nhat_m10.json: OK
./data/network_instances/Nhat_m3.json: OK
./data/network_instances/Nhat_m4.json: OK
./data/network_instances/Nhat_m5.json: OK
./data/network_instances/Nhat_m6.json: OK
./data/network_instances/Nhat_m8.json: OK
./data/refinement_checks.csv: OK
./data/sign_certificate_tables.tex: OK
./data/simulation_parameters.json: OK
./data/simulations/amplitude_m3_mu0p01_K16_base.csv: OK
./data/simulations/amplitude_m3_mu0p02_K16_base.csv: OK
./data/simulations/amplitude_m3_mu0p02_K16_time-tight.csv: OK
./data/simulations/amplitude_m3_mu0p02_K32_spatial-fine.csv: OK
./data/simulations/amplitude_m3_mu0p04_K16_base.csv: OK
./data/simulations/amplitude_m5_mu0p01_K16_base.csv: OK
./data/simulations/amplitude_m5_mu0p02_K16_base.csv: OK
./data/simulations/amplitude_m5_mu0p02_K16_time-tight.csv: OK
./data/simulations/amplitude_m5_mu0p02_K32_spatial-fine.csv: OK
./data/simulations/amplitude_m5_mu0p04_K16_base.csv: OK
./data/simulations/amplitude_m8_mu0p01_K16_base.csv: OK
./data/simulations/amplitude_m8_mu0p02_K16_base.csv: OK
./data/simulations/amplitude_m8_mu0p02_K16_time-tight.csv: OK
./data/simulations/amplitude_m8_mu0p02_K32_spatial-fine.csv: OK
./data/simulations/amplitude_m8_mu0p04_K16_base.csv: OK
./data/simulations/parameters_m3_mu0p01_K16_base.json: OK
./data/simulations/parameters_m3_mu0p02_K16_base.json: OK
./data/simulations/parameters_m3_mu0p02_K16_time-tight.json: OK
./data/simulations/parameters_m3_mu0p02_K32_spatial-fine.json: OK
./data/simulations/parameters_m3_mu0p04_K16_base.json: OK
./data/simulations/parameters_m5_mu0p01_K16_base.json: OK
./data/simulations/parameters_m5_mu0p02_K16_base.json: OK
./data/simulations/parameters_m5_mu0p02_K16_time-tight.json: OK
./data/simulations/parameters_m5_mu0p02_K32_spatial-fine.json: OK
./data/simulations/parameters_m5_mu0p04_K16_base.json: OK
./data/simulations/parameters_m8_mu0p01_K16_base.json: OK
./data/simulations/parameters_m8_mu0p02_K16_base.json: OK
./data/simulations/parameters_m8_mu0p02_K16_time-tight.json: OK
./data/simulations/parameters_m8_mu0p02_K32_spatial-fine.json: OK
./data/simulations/parameters_m8_mu0p04_K16_base.json: OK
./data/simulations/profile_m3_modes32.csv: OK
./data/simulations/profile_m3_mu0p01_K16_base.csv: OK
./data/simulations/profile_m3_mu0p02_K16_base.csv: OK
./data/simulations/profile_m3_mu0p02_K16_time-tight.csv: OK
./data/simulations/profile_m3_mu0p02_K32_spatial-fine.csv: OK
./data/simulations/profile_m3_mu0p04_K16_base.csv: OK
./data/simulations/profile_m5_modes32.csv: OK
./data/simulations/profile_m5_mu0p01_K16_base.csv: OK
./data/simulations/profile_m5_mu0p02_K16_base.csv: OK
./data/simulations/profile_m5_mu0p02_K16_time-tight.csv: OK
./data/simulations/profile_m5_mu0p02_K32_spatial-fine.csv: OK
./data/simulations/profile_m5_mu0p04_K16_base.csv: OK
./data/simulations/profile_m8_modes32.csv: OK
./data/simulations/profile_m8_mu0p01_K16_base.csv: OK
./data/simulations/profile_m8_mu0p02_K16_base.csv: OK
./data/simulations/profile_m8_mu0p02_K16_time-tight.csv: OK
./data/simulations/profile_m8_mu0p02_K32_spatial-fine.csv: OK
./data/simulations/profile_m8_mu0p04_K16_base.csv: OK
./data/simulations/simulation_summary.json: OK
./data/triad_routh_gap.tex: OK
./environment/TESTED_ENVIRONMENT.md: OK
./environment/check_toolchain.sh: OK
./environment/texlive-2022.04.lock.txt: OK
./external_audit/proof_skeleton.tex: OK
./external_audit/theorem_summary.tex: OK
./figures/amplitude_scaling.pdf: OK
./figures/amplitude_scaling.py: OK
./figures/network_family.pdf: OK
./figures/network_family.tex: OK
./figures/network_family_standalone.tex: OK
./figures/stable_profiles.pdf: OK
./figures/stable_profiles.py: OK
./figures/stable_tradeoff.pdf: OK
./figures/stable_tradeoff.py: OK
./independent_verifier/README.md: OK
./independent_verifier/certificate_schema.json: OK
./independent_verifier/common.py: OK
./independent_verifier/core.py: OK
./independent_verifier/dd_verify_contrast_bounds.py: OK
./independent_verifier/dd_verify_critical_profile.py: OK
./independent_verifier/dd_verify_cubic_sign.py: OK
./independent_verifier/dd_verify_diffusion_criterion.py: OK
./independent_verifier/dd_verify_harmonic_corrections.py: OK
./independent_verifier/dd_verify_mode_isolation.py: OK
./independent_verifier/dd_verify_order_m_minors.py: OK
./independent_verifier/dd_verify_stable_contrast.py: OK
./independent_verifier/frontier_certificate.json: OK
./independent_verifier/frontier_verify_cubic_bound.py: OK
./independent_verifier/frontier_verify_determinant_identity.py: OK
./independent_verifier/frontier_verify_exposition_identities.py: OK
./independent_verifier/frontier_verify_family.py: OK
./independent_verifier/frontier_verify_master_certificate.py: OK
./independent_verifier/frontier_verify_mode_certificates.py: OK
./independent_verifier/frontier_verify_near_threshold.py: OK
./independent_verifier/frontier_verify_normal_form.py: OK
./independent_verifier/frontier_verify_pareto.py: OK
./independent_verifier/frontier_verify_pareto_curve.py: OK
./independent_verifier/improved_modulus_certificate.json: OK
./independent_verifier/pareto_all_m_certificate.json: OK
./independent_verifier/pareto_core.py: OK
./independent_verifier/stable_core.py: OK
./independent_verifier/verify_all_spectrum.py: OK
./independent_verifier/verify_branch_stability.py: OK
./independent_verifier/verify_contrast_bounds.py: OK
./independent_verifier/verify_critical_profile.py: OK
./independent_verifier/verify_cubic_sign.py: OK
./independent_verifier/verify_current_numerical_provenance.py: OK
./independent_verifier/verify_diffusion_criterion.py: OK
./independent_verifier/verify_exchange_of_stability.py: OK
./independent_verifier/verify_family.py: OK
./independent_verifier/verify_generic_cubic_recurrence.py: OK
./independent_verifier/verify_harmonic_corrections.py: OK
./independent_verifier/verify_improved_profile.py: OK
./independent_verifier/verify_mode_certificates.py: OK
./independent_verifier/verify_mode_isolation.py: OK
./independent_verifier/verify_network_one_bad_minor.py: OK
./independent_verifier/verify_order_m_minors.py: OK
./independent_verifier/verify_pareto_family.py: OK
./independent_verifier/verify_principal_minor_diffusion_ray.py: OK
./independent_verifier/verify_realization_space.py: OK
./independent_verifier/verify_stable_contrast.py: OK
./independent_verifier/verify_symbolic_certificates.py: OK
./literature/citation_audit.csv: OK
./literature/closest_results.md: OK
./literature/priority_boundary.md: OK
./literature/source_quotes.md: OK
./literature/terminology_crosswalk.md: OK
./literature/theorem_comparison.csv: OK
./manuscript/main.bbl: OK
./manuscript/main.pdf: OK
./manuscript/main.tex: OK
./manuscript/references.bib: OK
./manuscript/supplement.pdf: OK
./manuscript/supplement.tex: OK
./proof_audit/all_spectrum_localization.tex: OK
./proof_audit/asymptotics.tex: OK
./proof_audit/bifurcation.tex: OK
./proof_audit/branch_stability.tex: OK
./proof_audit/conservation.tex: OK
./proof_audit/contrast_optimum.tex: OK
./proof_audit/critical_vectors.tex: OK
./proof_audit/cubic_coefficient.tex: OK
./proof_audit/cubic_sign.tex: OK
./proof_audit/exact_diffusion_criterion.tex: OK
./proof_audit/flux_and_realization_space.tex: OK
./proof_audit/flux_cone.tex: OK
./proof_audit/heterogeneity_tradeoff.tex: OK
./proof_audit/homogeneous_stability.tex: OK
./proof_audit/improved_unit_profile.tex: OK
./proof_audit/mosha256sum: WARNING: 1 computed checksum did NOT match
de_isolation.tex: OK
./proof_audit/omission_minor_table.tex: OK
./proof_audit/principal_minor_diffusion_ray.tex: OK
./proof_audit/quadratic_tensor.tex: OK
./proof_audit/reaction_family.tex: OK
./proof_audit/realization_space.tex: OK
./proof_audit/robustness.tex: OK
./proof_audit/second_harmonic_correction.tex: OK
./proof_audit/semipositive_conservation.tex: OK
./proof_audit/stable_pareto_family.tex: OK
./proof_audit/stationary_band.tex: OK
./proof_audit/zero_mode_correction.tex: OK
./replay.sh: OK
./requirements-tested.txt: OK
./requirements.txt: OK
./verification_outputs/PROVENANCE.tsv: OK
./verification_outputs/README.md: OK
./verification_outputs/all_verifier_entrypoints.txt: OK
./verification_outputs/all_verifier_optimized_rejections.txt: OK
./verification_outputs/current_profile_generation.txt: OK
./verification_outputs/detached_numerical_provenance.txt: OK
./verification_outputs/generated_sign_tables.txt: OK
./verification_outputs/generated_tables.txt: OK
./verification_outputs/integrated_designs.txt: OK
./verification_outputs/journal_pdf_semantic_audit.txt: OK
./verification_outputs/manifest_mutation_test.txt: OK
./verification_outputs/manuscript_audit.txt: OK
./verification_outputs/numerical_provenance.txt: OK
./verification_outputs/pdf_preflight/SUMMARY.txt: OK
./verification_outputs/pdf_preflight/figures_amplitude_scaling_pdf.txt: OK
./verification_outputs/pdf_preflight/figures_network_family_pdf.txt: OK
./verification_outputs/pdf_preflight/figures_stable_profiles_pdf.txt: OK
./verification_outputs/pdf_preflight/figures_stable_tradeoff_pdf.txt: OK
./verification_outputs/pdf_preflight/manuscript_main_pdf.txt: OK
./verification_outputs/pdf_preflight/manuscript_supplement_pdf.txt: OK
./verification_outputs/pdf_semantic_audit.txt: OK
./verification_outputs/principal_minor_diffusion_ray.txt: OK
./verification_outputs/pytest.txt: OK
./verification_outputs/simulations.txt: OK
./verification_outputs/stale_claim_audit.txt: OK
./verification_outputs/symbolic_certificates.txt: OK
