Updating 140b9af49..b3b1a74df
Fast-forward
 unsolved_math_prioritization/QUEUE.md              |   2 +-
 .../30002200/CORRECTED_SOURCE_CASE_CHECKS.json     |   7 ++
 .../attempts/30002200/CREDITED_PROOF_GUIDE.md      |  70 +++++++++++
 .../attempts/30002200/CURRENT_SCOPE_CORRECTION.md  |  21 ++++
 .../attempts/30002200/CURRENT_SCOPE_MANIFEST.json  |  52 +++++++++
 .../attempts/30002200/CURRENT_STATE.json           |  10 ++
 .../attempts/30002200/FINAL_SOURCE_MANIFEST.json   |  57 +++++++++
 .../attempts/30002200/PRIOR_GATE.json              |  24 ++++
 .../attempts/30002200/PUBLICATION.md               |   9 ++
 .../attempts/30002200/PUBLICATION_MANIFEST.json    | 128 +++++++++++++++++++++
 .../attempts/30002200/README.md                    |  11 ++
 .../attempts/30002200/REPLAY.json                  |   6 +
 .../attempts/30002200/REVIEW_REQUEST.md            |  11 ++
 .../attempts/30002200/SOURCE_CASE_CHECKS.json      |   7 ++
 .../attempts/30002200/SOURCE_MANIFEST.json         |  34 ++++++
 .../attempts/30002200/SOURCE_RESOLUTION.md         |  36 ++++++
 .../attempts/30002200/review/AUTHOR_REPLAY.json    |   7 ++
 .../review/CORRECTED_INDEPENDENT_CHECKS.json       |   5 +
 .../30002200/review/INDEPENDENT_CHECKS.json        |   5 +
 .../attempts/30002200/review/REVIEW.md             |  33 ++++++
 .../attempts/30002200/review/REVIEW_MANIFEST.json  |  27 +++++
 .../attempts/30002200/review/independent_check.py  |  34 ++++++
 .../30002200/review/independent_check_corrected.py |  42 +++++++
 .../30002200/verify_corrected_source_cases.py      |  69 +++++++++++
 .../attempts/30002200/verify_publication.py        |  12 ++
 .../attempts/30002200/verify_source_cases.py       |  60 ++++++++++
 26 files changed, 778 insertions(+), 1 deletion(-)
 create mode 100644 unsolved_math_prioritization/attempts/30002200/CORRECTED_SOURCE_CASE_CHECKS.json
 create mode 100644 unsolved_math_prioritization/attempts/30002200/CREDITED_PROOF_GUIDE.md
 create mode 100644 unsolved_math_prioritization/attempts/30002200/CURRENT_SCOPE_CORRECTION.md
 create mode 100644 unsolved_math_prioritization/attempts/30002200/CURRENT_SCOPE_MANIFEST.json
 create mode 100644 unsolved_math_prioritization/attempts/30002200/CURRENT_STATE.json
 create mode 100644 unsolved_math_prioritization/attempts/30002200/FINAL_SOURCE_MANIFEST.json
 create mode 100644 unsolved_math_prioritization/attempts/30002200/PRIOR_GATE.json
 create mode 100644 unsolved_math_prioritization/attempts/30002200/PUBLICATION.md
 create mode 100644 unsolved_math_prioritization/attempts/30002200/PUBLICATION_MANIFEST.json
 create mode 100644 unsolved_math_prioritization/attempts/30002200/README.md
 create mode 100644 unsolved_math_prioritization/attempts/30002200/REPLAY.json
 create mode 100644 unsolved_math_prioritization/attempts/30002200/REVIEW_REQUEST.md
 create mode 100644 unsolved_math_prioritization/attempts/30002200/SOURCE_CASE_CHECKS.json
 create mode 100644 unsolved_math_prioritization/attempts/30002200/SOURCE_MANIFEST.json
 create mode 100644 unsolved_math_prioritization/attempts/30002200/SOURCE_RESOLUTION.md
 create mode 100644 unsolved_math_prioritization/attempts/30002200/review/AUTHOR_REPLAY.json
 create mode 100644 unsolved_math_prioritization/attempts/30002200/review/CORRECTED_INDEPENDENT_CHECKS.json
 create mode 100644 unsolved_math_prioritization/attempts/30002200/review/INDEPENDENT_CHECKS.json
 create mode 100644 unsolved_math_prioritization/attempts/30002200/review/REVIEW.md
 create mode 100644 unsolved_math_prioritization/attempts/30002200/review/REVIEW_MANIFEST.json
 create mode 100644 unsolved_math_prioritization/attempts/30002200/review/independent_check.py
 create mode 100644 unsolved_math_prioritization/attempts/30002200/review/independent_check_corrected.py
 create mode 100644 unsolved_math_prioritization/attempts/30002200/verify_corrected_source_cases.py
 create mode 100644 unsolved_math_prioritization/attempts/30002200/verify_publication.py
 create mode 100644 unsolved_math_prioritization/attempts/30002200/verify_source_cases.py
