{
  "status": "PASS",
  "checks": [
    {
      "rank": 5,
      "b": 1,
      "quotient_shift": 9,
      "target_shift": 0,
      "degree_zero_Ext1_dimension": 0
    },
    {
      "rank": 5,
      "b": 1,
      "quotient_shift": 9,
      "target_shift": 3,
      "degree_zero_Ext1_dimension": 0
    },
    {
      "rank": 5,
      "b": 1,
      "quotient_shift": 9,
      "target_shift": 10,
      "degree_zero_Ext1_dimension": 0
    },
    {
      "rank": 5,
      "b": 1,
      "quotient_shift": 9,
      "target_shift": 11,
      "degree_zero_Ext1_dimension": 1
    },
    {
      "rank": 5,
      "b": 1,
      "quotient_shift": 9,
      "target_shift": 13,
      "degree_zero_Ext1_dimension": 0
    },
    {
      "negative_control": "b=2 blanket l-q!=2b splitting inference fails",
      "degree_zero_Ext1_dimension": 10
    },
    {
      "analytic_Hessian_rank": 3,
      "negative_subset_size": 0,
      "angular_signature": [
        0,
        2,
        1
      ],
      "total_Morse_index": 0
    },
    {
      "analytic_Hessian_rank": 5,
      "negative_subset_size": 2,
      "angular_signature": [
        2,
        2,
        1
      ],
      "total_Morse_index": 6
    },
    {
      "analytic_Hessian_rank": 7,
      "negative_subset_size": 3,
      "angular_signature": [
        3,
        3,
        1
      ],
      "total_Morse_index": 9
    },
    {
      "analytic_Hessian_rank": 9,
      "negative_subset_size": 1,
      "angular_signature": [
        1,
        7,
        1
      ],
      "total_Morse_index": 3
    }
  ],
  "finite_control_scope": true
}
