{
  "utc": "2026-10-03T06:38:48.888353+00:00",
  "pr": 377,
  "repaired_head": "a7a6729d544f53b2be20b0e648f4001771bc2f42",
  "parents": [
    "75bea4d3be9904e90c3843892671a440ba4d2c42",
    "a3cfbf7795fc8687f6029e9d00b3ec0a201934f0"
  ],
  "original_head": "75bea4d3be9904e90c3843892671a440ba4d2c42",
  "changed_current_wrappers": [
    "PUBLICATION.md",
    "PUBLICATION_MANIFEST.json",
    "verify_publication.py"
  ],
  "new_current_files": [
    "CURRENT_SCOPE_CORRECTION.md",
    "verify_corrected_source_cases.py",
    "CORRECTED_SOURCE_CASE_CHECKS.json",
    "review/independent_check_corrected.py",
    "review/CORRECTED_INDEPENDENT_CHECKS.json",
    "CURRENT_SCOPE_MANIFEST.json"
  ],
  "preserved_prior_target_files": 16,
  "all_historical_author_and_review_bytes_unchanged": true,
  "all_current_paths": 26,
  "queue_line": 416,
  "queue_cells": [
    8
  ],
  "old_row": "| 405 | 30002200 / OWR-12172-003 | Sharp Syzygy Bounds for Torus Actions | 0.1393 | 5.5 | 3 | 2012 | queued | 0/5 |  |  |  |\n",
  "new_row": "| 405 | 30002200 / OWR-12172-003 | Sharp Syzygy Bounds for Torus Actions | 0.1393 | 5.5 | 3 | 2012 | already_solved | 0/5 |  |  |  |\n",
  "status": "already_solved",
  "turns": "0/5",
  "all_other_queue_bytes_preserved": true,
  "scope_snapshot_manifest": "scope_repaired_snapshot_manifest.json",
  "nonforce_branch_push_confirmed": true,
  "recovered_after_transient_stale_PR_API_without_repeating_push": true,
  "workflow_percent": 90,
  "fresh_corrected_head_gate_pending": true
}
