INDEPENDENT MECHANISM CHECKS; Python 3.14.6 SymPy 1.14.0
Koszul rank/exactness/residue Tor: n= 1 ranks= [1] top residue dimension=1
Koszul rank/exactness/residue Tor: n= 2 ranks= [1, 1] top residue dimension=1
Unsigned differential rejected: 2 nonzero d^2= 1
Koszul rank/exactness/residue Tor: n= 3 ranks= [1, 2, 1] top residue dimension=1
Unsigned differential rejected: 3 nonzero d^2= 3
Koszul rank/exactness/residue Tor: n= 4 ranks= [1, 3, 3, 1] top residue dimension=1
Unsigned differential rejected: 4 nonzero d^2= 6
Koszul rank/exactness/residue Tor: n= 5 ranks= [1, 4, 6, 4, 1] top residue dimension=1
Unsigned differential rejected: 5 nonzero d^2= 10
Koszul rank/exactness/residue Tor: n= 6 ranks= [1, 5, 10, 10, 5, 1] top residue dimension=1
Unsigned differential rejected: 6 nonzero d^2= 15
Koszul rank/exactness/residue Tor: n= 7 ranks= [1, 6, 15, 20, 15, 6, 1] top residue dimension=1
Unsigned differential rejected: 7 nonzero d^2= 21
Zero-extension / odd maximal family: [1] mu= 1 Jacobian rank= 3 dimension= 1
Zero-extension / odd maximal family: [0, 1] mu= 1 Jacobian rank= 4 dimension= 4
Zero-extension / odd maximal family: [1, 1, 1] mu= 2 Jacobian rank= 5 dimension= 7
Zero-extension / odd maximal family: [0, 1, 1, 1] mu= 2 Jacobian rank= 6 dimension= 10
Zero-extension / odd maximal family: [1, 1, 1, 1, 1] mu= 3 Jacobian rank= 7 dimension= 13
Zero-extension / odd maximal family: [0, 1, 1, 1, 1, 1] mu= 3 Jacobian rank= 8 dimension= 16
Zero-extension / odd maximal family: [1, 1, 1, 1, 1, 1, 1] mu= 4 Jacobian rank= 9 dimension= 19
Zero-extension / odd maximal family: [0, 1, 1, 1, 1, 1, 1, 1] mu= 4 Jacobian rank= 10 dimension= 22
Zero-extension / odd maximal family: [1, 1, 1, 1, 1, 1, 1, 1, 1] mu= 5 Jacobian rank= 11 dimension= 25
Zero-extension / odd maximal family: [0, 1, 1, 1, 1, 1, 1, 1, 1, 1] mu= 5 Jacobian rank= 12 dimension= 28
Zero-extension / odd maximal family: [1, 1, 1, 1, 1, 1, 1, 1, 1, 1, 1] mu= 6 Jacobian rank= 13 dimension= 31
Zero-extension / odd maximal family: [0, 1, 1, 1, 1, 1, 1, 1, 1, 1, 1, 1] mu= 6 Jacobian rank= 14 dimension= 34
Balanced nongeneric control: 2 wall subsets= 2 deficient Jacobian rank= 3
Balanced nongeneric control: 4 wall subsets= 6 deficient Jacobian rank= 5
Balanced nongeneric control: 6 wall subsets= 20 deficient Jacobian rank= 7
Balanced nongeneric control: 8 wall subsets= 70 deficient Jacobian rank= 9
Dominant-length chamber control: [1, 1, 4] mu= 1 predicted syzygy order=0
Dominant-length chamber control: [1, 1, 1, 1, 6] mu= 1 predicted syzygy order=0
Dominant-length chamber control: [1, 1, 1, 1, 1, 1, 8] mu= 1 predicted syzygy order=0
Dominant-length chamber control: [1, 1, 1, 1, 1, 1, 1, 1, 10] mu= 1 predicted syzygy order=0
Nonuniform / lower-order control: [1, 1, 1, 2, 2] mu= 1
Nonuniform / lower-order control: [0, 0, 1, 1, 1] mu= 2
Nonuniform / lower-order control: [1, 1, 1, 1, 1] mu= 3
ALL CHECKS PASS; bounded computation only; universal identification remains a cited theorem.
