repair_audit_2026-09-14/BinaryPauli.lean:27:102: error: unsolved goals
case refine_1.a.«1».«0»
htwo : 2 = 0
hone : 1 + 1 = 0
⊢ 0 = 2

case refine_1.a.«1».«1»
htwo : 2 = 0
hone : 1 + 1 = 0
⊢ ¬1 = 2

case refine_2.a.«0».«0»
htwo : 2 = 0
hone : 1 + 1 = 0
⊢ 0 = 2

case refine_2.a.«0».«1»
htwo : 2 = 0
hone : 1 + 1 = 0
⊢ ¬0 = 3

case refine_5.a.«0».«1»
htwo : 2 = 0
hone : 1 + 1 = 0
⊢ (if 0 = 1 + 1 then -1 else 0) = -if 0 = 2 then 1 else 0

case refine_5.a.«1».«1»
htwo : 2 = 0
hone : 1 + 1 = 0
⊢ ¬1 = 2
case refine_1.a.«1».«0»
htwo :
  @Eq.{1} (CyclicBell.General.Ix (@OfNat.ofNat.{0} Nat 2 (instOfNatNat 2)))
    (@OfNat.ofNat.{0} (CyclicBell.General.Ix (@OfNat.ofNat.{0} Nat 2 (instOfNatNat 2))) 2
      (@instOfNatAtLeastTwo.{0} (CyclicBell.General.Ix (@OfNat.ofNat.{0} Nat 2 (instOfNatNat 2))) 2
        (@AddMonoidWithOne.toNatCast.{0} (CyclicBell.General.Ix (@OfNat.ofNat.{0} Nat 2 (instOfNatNat 2)))
          (@AddGroupWithOne.toAddMonoidWithOne.{0} (CyclicBell.General.Ix (@OfNat.ofNat.{0} Nat 2 (instOfNatNat 2)))
            (@Ring.toAddGroupWithOne.{0} (CyclicBell.General.Ix (@OfNat.ofNat.{0} Nat 2 (instOfNatNat 2)))
              (@DivisionRing.toRing.{0} (CyclicBell.General.Ix (@OfNat.ofNat.{0} Nat 2 (instOfNatNat 2)))
                (@Field.toDivisionRing.{0} (CyclicBell.General.Ix (@OfNat.ofNat.{0} Nat 2 (instOfNatNat 2)))
                  (@ZMod.instField (@OfNat.ofNat.{0} Nat 2 (instOfNatNat 2)) Nat.fact_prime_two))))))
        (@instNatAtLeastTwo (@OfNat.ofNat.{0} Nat 0 (instOfNatNat 0)))))
    (@OfNat.ofNat.{0} (CyclicBell.General.Ix (@OfNat.ofNat.{0} Nat 2 (instOfNatNat 2))) 0
      (@Zero.toOfNat0.{0} (CyclicBell.General.Ix (@OfNat.ofNat.{0} Nat 2 (instOfNatNat 2)))
        (@MulZeroClass.toZero.{0} (CyclicBell.General.Ix (@OfNat.ofNat.{0} Nat 2 (instOfNatNat 2)))
          (@NonUnitalNonAssocSemiring.toMulZeroClass.{0}
            (CyclicBell.General.Ix (@OfNat.ofNat.{0} Nat 2 (instOfNatNat 2)))
            (@NonUnitalNonAssocCommSemiring.toNonUnitalNonAssocSemiring.{0}
              (CyclicBell.General.Ix (@OfNat.ofNat.{0} Nat 2 (instOfNatNat 2)))
              (@NonUnitalNonAssocCommRing.toNonUnitalNonAssocCommSemiring.{0}
                (CyclicBell.General.Ix (@OfNat.ofNat.{0} Nat 2 (instOfNatNat 2)))
                (@NonUnitalCommRing.toNonUnitalNonAssocCommRing.{0}
                  (CyclicBell.General.Ix (@OfNat.ofNat.{0} Nat 2 (instOfNatNat 2)))
                  (@CommRing.toNonUnitalCommRing.{0} (CyclicBell.General.Ix (@OfNat.ofNat.{0} Nat 2 (instOfNatNat 2)))
                    (ZMod.commRing (@OfNat.ofNat.{0} Nat 2 (instOfNatNat 2)))))))))))
hone :
  @Eq.{1} (CyclicBell.General.Ix (@OfNat.ofNat.{0} Nat 2 (instOfNatNat 2)))
    (@HAdd.hAdd.{0, 0, 0} (CyclicBell.General.Ix (@OfNat.ofNat.{0} Nat 2 (instOfNatNat 2)))
      (CyclicBell.General.Ix (@OfNat.ofNat.{0} Nat 2 (instOfNatNat 2)))
      (CyclicBell.General.Ix (@OfNat.ofNat.{0} Nat 2 (instOfNatNat 2)))
      (@instHAdd.{0} (CyclicBell.General.Ix (@OfNat.ofNat.{0} Nat 2 (instOfNatNat 2)))
        (@Distrib.toAdd.{0} (CyclicBell.General.Ix (@OfNat.ofNat.{0} Nat 2 (instOfNatNat 2)))
          (@NonUnitalNonAssocSemiring.toDistrib.{0} (CyclicBell.General.Ix (@OfNat.ofNat.{0} Nat 2 (instOfNatNat 2)))
            (@NonUnitalNonAssocCommSemiring.toNonUnitalNonAssocSemiring.{0}
              (CyclicBell.General.Ix (@OfNat.ofNat.{0} Nat 2 (instOfNatNat 2)))
              (@NonUnitalNonAssocCommRing.toNonUnitalNonAssocCommSemiring.{0}
                (CyclicBell.General.Ix (@OfNat.ofNat.{0} Nat 2 (instOfNatNat 2)))
                (@NonUnitalCommRing.toNonUnitalNonAssocCommRing.{0}
                  (CyclicBell.General.Ix (@OfNat.ofNat.{0} Nat 2 (instOfNatNat 2)))
                  (@CommRing.toNonUnitalCommRing.{0} (CyclicBell.General.Ix (@OfNat.ofNat.{0} Nat 2 (instOfNatNat 2)))
                    (ZMod.commRing (@OfNat.ofNat.{0} Nat 2 (instOfNatNat 2))))))))))
      (@OfNat.ofNat.{0} (CyclicBell.General.Ix (@OfNat.ofNat.{0} Nat 2 (instOfNatNat 2))) 1
        (@One.toOfNat1.{0} (CyclicBell.General.Ix (@OfNat.ofNat.{0} Nat 2 (instOfNatNat 2)))
          (@AddMonoidWithOne.toOne.{0} (CyclicBell.General.Ix (@OfNat.ofNat.{0} Nat 2 (instOfNatNat 2)))
            (@AddGroupWithOne.toAddMonoidWithOne.{0} (CyclicBell.General.Ix (@OfNat.ofNat.{0} Nat 2 (instOfNatNat 2)))
              (@Ring.toAddGroupWithOne.{0} (CyclicBell.General.Ix (@OfNat.ofNat.{0} Nat 2 (instOfNatNat 2)))
                (@DivisionRing.toRing.{0} (CyclicBell.General.Ix (@OfNat.ofNat.{0} Nat 2 (instOfNatNat 2)))
                  (@Field.toDivisionRing.{0} (CyclicBell.General.Ix (@OfNat.ofNat.{0} Nat 2 (instOfNatNat 2)))
                    (@ZMod.instField (@OfNat.ofNat.{0} Nat 2 (instOfNatNat 2)) Nat.fact_prime_two))))))))
      (@OfNat.ofNat.{0} (CyclicBell.General.Ix (@OfNat.ofNat.{0} Nat 2 (instOfNatNat 2))) 1
        (@One.toOfNat1.{0} (CyclicBell.General.Ix (@OfNat.ofNat.{0} Nat 2 (instOfNatNat 2)))
          (@AddMonoidWithOne.toOne.{0} (CyclicBell.General.Ix (@OfNat.ofNat.{0} Nat 2 (instOfNatNat 2)))
            (@AddGroupWithOne.toAddMonoidWithOne.{0} (CyclicBell.General.Ix (@OfNat.ofNat.{0} Nat 2 (instOfNatNat 2)))
              (@Ring.toAddGroupWithOne.{0} (CyclicBell.General.Ix (@OfNat.ofNat.{0} Nat 2 (instOfNatNat 2)))
                (@DivisionRing.toRing.{0} (CyclicBell.General.Ix (@OfNat.ofNat.{0} Nat 2 (instOfNatNat 2)))
                  (@Field.toDivisionRing.{0} (CyclicBell.General.Ix (@OfNat.ofNat.{0} Nat 2 (instOfNatNat 2)))
                    (@ZMod.instField (@OfNat.ofNat.{0} Nat 2 (instOfNatNat 2)) Nat.fact_prime_two)))))))))
    (@OfNat.ofNat.{0} (CyclicBell.General.Ix (@OfNat.ofNat.{0} Nat 2 (instOfNatNat 2))) 0
      (@Zero.toOfNat0.{0} (CyclicBell.General.Ix (@OfNat.ofNat.{0} Nat 2 (instOfNatNat 2)))
        (@MulZeroClass.toZero.{0} (CyclicBell.General.Ix (@OfNat.ofNat.{0} Nat 2 (instOfNatNat 2)))
          (@NonUnitalNonAssocSemiring.toMulZeroClass.{0}
            (CyclicBell.General.Ix (@OfNat.ofNat.{0} Nat 2 (instOfNatNat 2)))
            (@NonUnitalNonAssocCommSemiring.toNonUnitalNonAssocSemiring.{0}
              (CyclicBell.General.Ix (@OfNat.ofNat.{0} Nat 2 (instOfNatNat 2)))
              (@NonUnitalNonAssocCommRing.toNonUnitalNonAssocCommSemiring.{0}
                (CyclicBell.General.Ix (@OfNat.ofNat.{0} Nat 2 (instOfNatNat 2)))
                (@NonUnitalCommRing.toNonUnitalNonAssocCommRing.{0}
                  (CyclicBell.General.Ix (@OfNat.ofNat.{0} Nat 2 (instOfNatNat 2)))
                  (@CommRing.toNonUnitalCommRing.{0} (CyclicBell.General.Ix (@OfNat.ofNat.{0} Nat 2 (instOfNatNat 2)))
                    (ZMod.commRing (@OfNat.ofNat.{0} Nat 2 (instOfNatNat 2)))))))))))
⊢ @Eq.{1} (CyclicBell.General.Ix (@OfNat.ofNat.{0} Nat 2 (instOfNatNat 2)))
    (@OfNat.ofNat.{0}
      (Fin
        (@HAdd.hAdd.{0, 0, 0} Nat Nat Nat (@instHAdd.{0} Nat instAddNat) 1 (@OfNat.ofNat.{0} Nat 1 (instOfNatNat 1))))
      0
      (@Fin.instOfNat
        (@HAdd.hAdd.{0, 0, 0} Nat Nat Nat (@instHAdd.{0} Nat instAddNat) 1 (@OfNat.ofNat.{0} Nat 1 (instOfNatNat 1)))
        (@instNeZeroNatHAdd_1 1 (@OfNat.ofNat.{0} Nat 1 (instOfNatNat 1))
          (@Nat.instNeZeroSucc (@OfNat.ofNat.{0} Nat 0 (instOfNatNat 0))))
        0))
    (@OfNat.ofNat.{0} (CyclicBell.General.Ix (@OfNat.ofNat.{0} Nat 2 (instOfNatNat 2))) 2
      (@instOfNatAtLeastTwo.{0} (CyclicBell.General.Ix (@OfNat.ofNat.{0} Nat 2 (instOfNatNat 2))) 2
        (@AddMonoidWithOne.toNatCast.{0} (CyclicBell.General.Ix (@OfNat.ofNat.{0} Nat 2 (instOfNatNat 2)))
          (@AddGroupWithOne.toAddMonoidWithOne.{0} (CyclicBell.General.Ix (@OfNat.ofNat.{0} Nat 2 (instOfNatNat 2)))
            (@Ring.toAddGroupWithOne.{0} (CyclicBell.General.Ix (@OfNat.ofNat.{0} Nat 2 (instOfNatNat 2)))
              (@DivisionRing.toRing.{0} (CyclicBell.General.Ix (@OfNat.ofNat.{0} Nat 2 (instOfNatNat 2)))
                (@Field.toDivisionRing.{0} (CyclicBell.General.Ix (@OfNat.ofNat.{0} Nat 2 (instOfNatNat 2)))
                  (@ZMod.instField (@OfNat.ofNat.{0} Nat 2 (instOfNatNat 2)) Nat.fact_prime_two))))))
        (@instNatAtLeastTwo 0)))
case refine_1.a.«1».«1»
htwo :
  @Eq.{1} (CyclicBell.General.Ix (@OfNat.ofNat.{0} Nat 2 (instOfNatNat 2)))
    (@OfNat.ofNat.{0} (CyclicBell.General.Ix (@OfNat.ofNat.{0} Nat 2 (instOfNatNat 2))) 2
      (@instOfNatAtLeastTwo.{0} (CyclicBell.General.Ix (@OfNat.ofNat.{0} Nat 2 (instOfNatNat 2))) 2
        (@AddMonoidWithOne.toNatCast.{0} (CyclicBell.General.Ix (@OfNat.ofNat.{0} Nat 2 (instOfNatNat 2)))
          (@AddGroupWithOne.toAddMonoidWithOne.{0} (CyclicBell.General.Ix (@OfNat.ofNat.{0} Nat 2 (instOfNatNat 2)))
            (@Ring.toAddGroupWithOne.{0} (CyclicBell.General.Ix (@OfNat.ofNat.{0} Nat 2 (instOfNatNat 2)))
              (@DivisionRing.toRing.{0} (CyclicBell.General.Ix (@OfNat.ofNat.{0} Nat 2 (instOfNatNat 2)))
                (@Field.toDivisionRing.{0} (CyclicBell.General.Ix (@OfNat.ofNat.{0} Nat 2 (instOfNatNat 2)))
                  (@ZMod.instField (@OfNat.ofNat.{0} Nat 2 (instOfNatNat 2)) Nat.fact_prime_two))))))
        (@instNatAtLeastTwo (@OfNat.ofNat.{0} Nat 0 (instOfNatNat 0)))))
    (@OfNat.ofNat.{0} (CyclicBell.General.Ix (@OfNat.ofNat.{0} Nat 2 (instOfNatNat 2))) 0
      (@Zero.toOfNat0.{0} (CyclicBell.General.Ix (@OfNat.ofNat.{0} Nat 2 (instOfNatNat 2)))
        (@MulZeroClass.toZero.{0} (CyclicBell.General.Ix (@OfNat.ofNat.{0} Nat 2 (instOfNatNat 2)))
          (@NonUnitalNonAssocSemiring.toMulZeroClass.{0}
            (CyclicBell.General.Ix (@OfNat.ofNat.{0} Nat 2 (instOfNatNat 2)))
            (@NonUnitalNonAssocCommSemiring.toNonUnitalNonAssocSemiring.{0}
              (CyclicBell.General.Ix (@OfNat.ofNat.{0} Nat 2 (instOfNatNat 2)))
              (@NonUnitalNonAssocCommRing.toNonUnitalNonAssocCommSemiring.{0}
                (CyclicBell.General.Ix (@OfNat.ofNat.{0} Nat 2 (instOfNatNat 2)))
                (@NonUnitalCommRing.toNonUnitalNonAssocCommRing.{0}
                  (CyclicBell.General.Ix (@OfNat.ofNat.{0} Nat 2 (instOfNatNat 2)))
                  (@CommRing.toNonUnitalCommRing.{0} (CyclicBell.General.Ix (@OfNat.ofNat.{0} Nat 2 (instOfNatNat 2)))
                    (ZMod.commRing (@OfNat.ofNat.{0} Nat 2 (instOfNatNat 2)))))))))))
hone :
  @Eq.{1} (CyclicBell.General.Ix (@OfNat.ofNat.{0} Nat 2 (instOfNatNat 2)))
    (@HAdd.hAdd.{0, 0, 0} (CyclicBell.General.Ix (@OfNat.ofNat.{0} Nat 2 (instOfNatNat 2)))
      (CyclicBell.General.Ix (@OfNat.ofNat.{0} Nat 2 (instOfNatNat 2)))
      (CyclicBell.General.Ix (@OfNat.ofNat.{0} Nat 2 (instOfNatNat 2)))
      (@instHAdd.{0} (CyclicBell.General.Ix (@OfNat.ofNat.{0} Nat 2 (instOfNatNat 2)))
        (@Distrib.toAdd.{0} (CyclicBell.General.Ix (@OfNat.ofNat.{0} Nat 2 (instOfNatNat 2)))
          (@NonUnitalNonAssocSemiring.toDistrib.{0} (CyclicBell.General.Ix (@OfNat.ofNat.{0} Nat 2 (instOfNatNat 2)))
            (@NonUnitalNonAssocCommSemiring.toNonUnitalNonAssocSemiring.{0}
              (CyclicBell.General.Ix (@OfNat.ofNat.{0} Nat 2 (instOfNatNat 2)))
              (@NonUnitalNonAssocCommRing.toNonUnitalNonAssocCommSemiring.{0}
                (CyclicBell.General.Ix (@OfNat.ofNat.{0} Nat 2 (instOfNatNat 2)))
                (@NonUnitalCommRing.toNonUnitalNonAssocCommRing.{0}
                  (CyclicBell.General.Ix (@OfNat.ofNat.{0} Nat 2 (instOfNatNat 2)))
                  (@CommRing.toNonUnitalCommRing.{0} (CyclicBell.General.Ix (@OfNat.ofNat.{0} Nat 2 (instOfNatNat 2)))
                    (ZMod.commRing (@OfNat.ofNat.{0} Nat 2 (instOfNatNat 2))))))))))
      (@OfNat.ofNat.{0} (CyclicBell.General.Ix (@OfNat.ofNat.{0} Nat 2 (instOfNatNat 2))) 1
        (@One.toOfNat1.{0} (CyclicBell.General.Ix (@OfNat.ofNat.{0} Nat 2 (instOfNatNat 2)))
          (@AddMonoidWithOne.toOne.{0} (CyclicBell.General.Ix (@OfNat.ofNat.{0} Nat 2 (instOfNatNat 2)))
            (@AddGroupWithOne.toAddMonoidWithOne.{0} (CyclicBell.General.Ix (@OfNat.ofNat.{0} Nat 2 (instOfNatNat 2)))
              (@Ring.toAddGroupWithOne.{0} (CyclicBell.General.Ix (@OfNat.ofNat.{0} Nat 2 (instOfNatNat 2)))
                (@DivisionRing.toRing.{0} (CyclicBell.General.Ix (@OfNat.ofNat.{0} Nat 2 (instOfNatNat 2)))
                  (@Field.toDivisionRing.{0} (CyclicBell.General.Ix (@OfNat.ofNat.{0} Nat 2 (instOfNatNat 2)))
                    (@ZMod.instField (@OfNat.ofNat.{0} Nat 2 (instOfNatNat 2)) Nat.fact_prime_two))))))))
      (@OfNat.ofNat.{0} (CyclicBell.General.Ix (@OfNat.ofNat.{0} Nat 2 (instOfNatNat 2))) 1
        (@One.toOfNat1.{0} (CyclicBell.General.Ix (@OfNat.ofNat.{0} Nat 2 (instOfNatNat 2)))
          (@AddMonoidWithOne.toOne.{0} (CyclicBell.General.Ix (@OfNat.ofNat.{0} Nat 2 (instOfNatNat 2)))
            (@AddGroupWithOne.toAddMonoidWithOne.{0} (CyclicBell.General.Ix (@OfNat.ofNat.{0} Nat 2 (instOfNatNat 2)))
              (@Ring.toAddGroupWithOne.{0} (CyclicBell.General.Ix (@OfNat.ofNat.{0} Nat 2 (instOfNatNat 2)))
                (@DivisionRing.toRing.{0} (CyclicBell.General.Ix (@OfNat.ofNat.{0} Nat 2 (instOfNatNat 2)))
                  (@Field.toDivisionRing.{0} (CyclicBell.General.Ix (@OfNat.ofNat.{0} Nat 2 (instOfNatNat 2)))
                    (@ZMod.instField (@OfNat.ofNat.{0} Nat 2 (instOfNatNat 2)) Nat.fact_prime_two)))))))))
    (@OfNat.ofNat.{0} (CyclicBell.General.Ix (@OfNat.ofNat.{0} Nat 2 (instOfNatNat 2))) 0
      (@Zero.toOfNat0.{0} (CyclicBell.General.Ix (@OfNat.ofNat.{0} Nat 2 (instOfNatNat 2)))
        (@MulZeroClass.toZero.{0} (CyclicBell.General.Ix (@OfNat.ofNat.{0} Nat 2 (instOfNatNat 2)))
          (@NonUnitalNonAssocSemiring.toMulZeroClass.{0}
            (CyclicBell.General.Ix (@OfNat.ofNat.{0} Nat 2 (instOfNatNat 2)))
            (@NonUnitalNonAssocCommSemiring.toNonUnitalNonAssocSemiring.{0}
              (CyclicBell.General.Ix (@OfNat.ofNat.{0} Nat 2 (instOfNatNat 2)))
              (@NonUnitalNonAssocCommRing.toNonUnitalNonAssocCommSemiring.{0}
                (CyclicBell.General.Ix (@OfNat.ofNat.{0} Nat 2 (instOfNatNat 2)))
                (@NonUnitalCommRing.toNonUnitalNonAssocCommRing.{0}
                  (CyclicBell.General.Ix (@OfNat.ofNat.{0} Nat 2 (instOfNatNat 2)))
                  (@CommRing.toNonUnitalCommRing.{0} (CyclicBell.General.Ix (@OfNat.ofNat.{0} Nat 2 (instOfNatNat 2)))
                    (ZMod.commRing (@OfNat.ofNat.{0} Nat 2 (instOfNatNat 2)))))))))))
⊢ Not
    (@Eq.{1} (CyclicBell.General.Ix (@OfNat.ofNat.{0} Nat 2 (instOfNatNat 2)))
      (@OfNat.ofNat.{0}
        (Fin
          (@HAdd.hAdd.{0, 0, 0} Nat Nat Nat (@instHAdd.{0} Nat instAddNat) (@OfNat.ofNat.{0} Nat 0 (instOfNatNat 0))
            (@OfNat.ofNat.{0} Nat 2 (instOfNatNat 2))))
        1
        (@Fin.instOfNat
          (@HAdd.hAdd.{0, 0, 0} Nat Nat Nat (@instHAdd.{0} Nat instAddNat) (@OfNat.ofNat.{0} Nat 0 (instOfNatNat 0))
            (@OfNat.ofNat.{0} Nat 2 (instOfNatNat 2)))
          (@instNeZeroNatHAdd_1 (@OfNat.ofNat.{0} Nat 0 (instOfNatNat 0)) (@OfNat.ofNat.{0} Nat 2 (instOfNatNat 2))
            (@Nat.instNeZeroSucc (@OfNat.ofNat.{0} Nat 1 (instOfNatNat 1))))
          1))
      (@OfNat.ofNat.{0} (CyclicBell.General.Ix (@OfNat.ofNat.{0} Nat 2 (instOfNatNat 2))) 2
        (@instOfNatAtLeastTwo.{0} (CyclicBell.General.Ix (@OfNat.ofNat.{0} Nat 2 (instOfNatNat 2))) 2
          (@AddMonoidWithOne.toNatCast.{0} (CyclicBell.General.Ix (@OfNat.ofNat.{0} Nat 2 (instOfNatNat 2)))
            (@AddGroupWithOne.toAddMonoidWithOne.{0} (CyclicBell.General.Ix (@OfNat.ofNat.{0} Nat 2 (instOfNatNat 2)))
              (@Ring.toAddGroupWithOne.{0} (CyclicBell.General.Ix (@OfNat.ofNat.{0} Nat 2 (instOfNatNat 2)))
                (@DivisionRing.toRing.{0} (CyclicBell.General.Ix (@OfNat.ofNat.{0} Nat 2 (instOfNatNat 2)))
                  (@Field.toDivisionRing.{0} (CyclicBell.General.Ix (@OfNat.ofNat.{0} Nat 2 (instOfNatNat 2)))
                    (@ZMod.instField (@OfNat.ofNat.{0} Nat 2 (instOfNatNat 2)) Nat.fact_prime_two))))))
          (@instNatAtLeastTwo 0))))
case refine_2.a.«0».«0»
htwo :
  @Eq.{1} (CyclicBell.General.Ix (@OfNat.ofNat.{0} Nat 2 (instOfNatNat 2)))
    (@OfNat.ofNat.{0} (CyclicBell.General.Ix (@OfNat.ofNat.{0} Nat 2 (instOfNatNat 2))) 2
      (@instOfNatAtLeastTwo.{0} (CyclicBell.General.Ix (@OfNat.ofNat.{0} Nat 2 (instOfNatNat 2))) 2
        (@AddMonoidWithOne.toNatCast.{0} (CyclicBell.General.Ix (@OfNat.ofNat.{0} Nat 2 (instOfNatNat 2)))
          (@AddGroupWithOne.toAddMonoidWithOne.{0} (CyclicBell.General.Ix (@OfNat.ofNat.{0} Nat 2 (instOfNatNat 2)))
            (@Ring.toAddGroupWithOne.{0} (CyclicBell.General.Ix (@OfNat.ofNat.{0} Nat 2 (instOfNatNat 2)))
              (@DivisionRing.toRing.{0} (CyclicBell.General.Ix (@OfNat.ofNat.{0} Nat 2 (instOfNatNat 2)))
                (@Field.toDivisionRing.{0} (CyclicBell.General.Ix (@OfNat.ofNat.{0} Nat 2 (instOfNatNat 2)))
                  (@ZMod.instField (@OfNat.ofNat.{0} Nat 2 (instOfNatNat 2)) Nat.fact_prime_two))))))
        (@instNatAtLeastTwo (@OfNat.ofNat.{0} Nat 0 (instOfNatNat 0)))))
    (@OfNat.ofNat.{0} (CyclicBell.General.Ix (@OfNat.ofNat.{0} Nat 2 (instOfNatNat 2))) 0
      (@Zero.toOfNat0.{0} (CyclicBell.General.Ix (@OfNat.ofNat.{0} Nat 2 (instOfNatNat 2)))
        (@MulZeroClass.toZero.{0} (CyclicBell.General.Ix (@OfNat.ofNat.{0} Nat 2 (instOfNatNat 2)))
          (@NonUnitalNonAssocSemiring.toMulZeroClass.{0}
            (CyclicBell.General.Ix (@OfNat.ofNat.{0} Nat 2 (instOfNatNat 2)))
            (@NonUnitalNonAssocCommSemiring.toNonUnitalNonAssocSemiring.{0}
              (CyclicBell.General.Ix (@OfNat.ofNat.{0} Nat 2 (instOfNatNat 2)))
              (@NonUnitalNonAssocCommRing.toNonUnitalNonAssocCommSemiring.{0}
                (CyclicBell.General.Ix (@OfNat.ofNat.{0} Nat 2 (instOfNatNat 2)))
                (@NonUnitalCommRing.toNonUnitalNonAssocCommRing.{0}
                  (CyclicBell.General.Ix (@OfNat.ofNat.{0} Nat 2 (instOfNatNat 2)))
                  (@CommRing.toNonUnitalCommRing.{0} (CyclicBell.General.Ix (@OfNat.ofNat.{0} Nat 2 (instOfNatNat 2)))
                    (ZMod.commRing (@OfNat.ofNat.{0} Nat 2 (instOfNatNat 2)))))))))))
hone :
  @Eq.{1} (CyclicBell.General.Ix (@OfNat.ofNat.{0} Nat 2 (instOfNatNat 2)))
    (@HAdd.hAdd.{0, 0, 0} (CyclicBell.General.Ix (@OfNat.ofNat.{0} Nat 2 (instOfNatNat 2)))
      (CyclicBell.General.Ix (@OfNat.ofNat.{0} Nat 2 (instOfNatNat 2)))
      (CyclicBell.General.Ix (@OfNat.ofNat.{0} Nat 2 (instOfNatNat 2)))
      (@instHAdd.{0} (CyclicBell.General.Ix (@OfNat.ofNat.{0} Nat 2 (instOfNatNat 2)))
        (@Distrib.toAdd.{0} (CyclicBell.General.Ix (@OfNat.ofNat.{0} Nat 2 (instOfNatNat 2)))
          (@NonUnitalNonAssocSemiring.toDistrib.{0} (CyclicBell.General.Ix (@OfNat.ofNat.{0} Nat 2 (instOfNatNat 2)))
            (@NonUnitalNonAssocCommSemiring.toNonUnitalNonAssocSemiring.{0}
              (CyclicBell.General.Ix (@OfNat.ofNat.{0} Nat 2 (instOfNatNat 2)))
              (@NonUnitalNonAssocCommRing.toNonUnitalNonAssocCommSemiring.{0}
                (CyclicBell.General.Ix (@OfNat.ofNat.{0} Nat 2 (instOfNatNat 2)))
                (@NonUnitalCommRing.toNonUnitalNonAssocCommRing.{0}
                  (CyclicBell.General.Ix (@OfNat.ofNat.{0} Nat 2 (instOfNatNat 2)))
                  (@CommRing.toNonUnitalCommRing.{0} (CyclicBell.General.Ix (@OfNat.ofNat.{0} Nat 2 (instOfNatNat 2)))
                    (ZMod.commRing (@OfNat.ofNat.{0} Nat 2 (instOfNatNat 2))))))))))
      (@OfNat.ofNat.{0} (CyclicBell.General.Ix (@OfNat.ofNat.{0} Nat 2 (instOfNatNat 2))) 1
        (@One.toOfNat1.{0} (CyclicBell.General.Ix (@OfNat.ofNat.{0} Nat 2 (instOfNatNat 2)))
          (@AddMonoidWithOne.toOne.{0} (CyclicBell.General.Ix (@OfNat.ofNat.{0} Nat 2 (instOfNatNat 2)))
            (@AddGroupWithOne.toAddMonoidWithOne.{0} (CyclicBell.General.Ix (@OfNat.ofNat.{0} Nat 2 (instOfNatNat 2)))
              (@Ring.toAddGroupWithOne.{0} (CyclicBell.General.Ix (@OfNat.ofNat.{0} Nat 2 (instOfNatNat 2)))
                (@DivisionRing.toRing.{0} (CyclicBell.General.Ix (@OfNat.ofNat.{0} Nat 2 (instOfNatNat 2)))
                  (@Field.toDivisionRing.{0} (CyclicBell.General.Ix (@OfNat.ofNat.{0} Nat 2 (instOfNatNat 2)))
                    (@ZMod.instField (@OfNat.ofNat.{0} Nat 2 (instOfNatNat 2)) Nat.fact_prime_two))))))))
      (@OfNat.ofNat.{0} (CyclicBell.General.Ix (@OfNat.ofNat.{0} Nat 2 (instOfNatNat 2))) 1
        (@One.toOfNat1.{0} (CyclicBell.General.Ix (@OfNat.ofNat.{0} Nat 2 (instOfNatNat 2)))
          (@AddMonoidWithOne.toOne.{0} (CyclicBell.General.Ix (@OfNat.ofNat.{0} Nat 2 (instOfNatNat 2)))
            (@AddGroupWithOne.toAddMonoidWithOne.{0} (CyclicBell.General.Ix (@OfNat.ofNat.{0} Nat 2 (instOfNatNat 2)))
              (@Ring.toAddGroupWithOne.{0} (CyclicBell.General.Ix (@OfNat.ofNat.{0} Nat 2 (instOfNatNat 2)))
                (@DivisionRing.toRing.{0} (CyclicBell.General.Ix (@OfNat.ofNat.{0} Nat 2 (instOfNatNat 2)))
                  (@Field.toDivisionRing.{0} (CyclicBell.General.Ix (@OfNat.ofNat.{0} Nat 2 (instOfNatNat 2)))
                    (@ZMod.instField (@OfNat.ofNat.{0} Nat 2 (instOfNatNat 2)) Nat.fact_prime_two)))))))))
    (@OfNat.ofNat.{0} (CyclicBell.General.Ix (@OfNat.ofNat.{0} Nat 2 (instOfNatNat 2))) 0
      (@Zero.toOfNat0.{0} (CyclicBell.General.Ix (@OfNat.ofNat.{0} Nat 2 (instOfNatNat 2)))
        (@MulZeroClass.toZero.{0} (CyclicBell.General.Ix (@OfNat.ofNat.{0} Nat 2 (instOfNatNat 2)))
          (@NonUnitalNonAssocSemiring.toMulZeroClass.{0}
            (CyclicBell.General.Ix (@OfNat.ofNat.{0} Nat 2 (instOfNatNat 2)))
            (@NonUnitalNonAssocCommSemiring.toNonUnitalNonAssocSemiring.{0}
              (CyclicBell.General.Ix (@OfNat.ofNat.{0} Nat 2 (instOfNatNat 2)))
              (@NonUnitalNonAssocCommRing.toNonUnitalNonAssocCommSemiring.{0}
                (CyclicBell.General.Ix (@OfNat.ofNat.{0} Nat 2 (instOfNatNat 2)))
                (@NonUnitalCommRing.toNonUnitalNonAssocCommRing.{0}
                  (CyclicBell.General.Ix (@OfNat.ofNat.{0} Nat 2 (instOfNatNat 2)))
                  (@CommRing.toNonUnitalCommRing.{0} (CyclicBell.General.Ix (@OfNat.ofNat.{0} Nat 2 (instOfNatNat 2)))
                    (ZMod.commRing (@OfNat.ofNat.{0} Nat 2 (instOfNatNat 2)))))))))))
⊢ @Eq.{1} (CyclicBell.General.Ix (@OfNat.ofNat.{0} Nat 2 (instOfNatNat 2)))
    (@OfNat.ofNat.{0}
      (Fin
        (@HAdd.hAdd.{0, 0, 0} Nat Nat Nat (@instHAdd.{0} Nat instAddNat) 1 (@OfNat.ofNat.{0} Nat 1 (instOfNatNat 1))))
      0
      (@Fin.instOfNat
        (@HAdd.hAdd.{0, 0, 0} Nat Nat Nat (@instHAdd.{0} Nat instAddNat) 1 (@OfNat.ofNat.{0} Nat 1 (instOfNatNat 1)))
        (@instNeZeroNatHAdd_1 1 (@OfNat.ofNat.{0} Nat 1 (instOfNatNat 1))
          (@Nat.instNeZeroSucc (@OfNat.ofNat.{0} Nat 0 (instOfNatNat 0))))
        0))
    (@OfNat.ofNat.{0} (CyclicBell.General.Ix (@OfNat.ofNat.{0} Nat 2 (instOfNatNat 2))) 2
      (@instOfNatAtLeastTwo.{0} (CyclicBell.General.Ix (@OfNat.ofNat.{0} Nat 2 (instOfNatNat 2))) 2
        (@AddMonoidWithOne.toNatCast.{0} (CyclicBell.General.Ix (@OfNat.ofNat.{0} Nat 2 (instOfNatNat 2)))
          (@AddGroupWithOne.toAddMonoidWithOne.{0} (CyclicBell.General.Ix (@OfNat.ofNat.{0} Nat 2 (instOfNatNat 2)))
            (@Ring.toAddGroupWithOne.{0} (CyclicBell.General.Ix (@OfNat.ofNat.{0} Nat 2 (instOfNatNat 2)))
              (@DivisionRing.toRing.{0} (CyclicBell.General.Ix (@OfNat.ofNat.{0} Nat 2 (instOfNatNat 2)))
                (@Field.toDivisionRing.{0} (CyclicBell.General.Ix (@OfNat.ofNat.{0} Nat 2 (instOfNatNat 2)))
                  (@ZMod.instField (@OfNat.ofNat.{0} Nat 2 (instOfNatNat 2)) Nat.fact_prime_two))))))
        (@instNatAtLeastTwo 0)))
case refine_2.a.«0».«1»
htwo :
  @Eq.{1} (CyclicBell.General.Ix (@OfNat.ofNat.{0} Nat 2 (instOfNatNat 2)))
    (@OfNat.ofNat.{0} (CyclicBell.General.Ix (@OfNat.ofNat.{0} Nat 2 (instOfNatNat 2))) 2
      (@instOfNatAtLeastTwo.{0} (CyclicBell.General.Ix (@OfNat.ofNat.{0} Nat 2 (instOfNatNat 2))) 2
        (@AddMonoidWithOne.toNatCast.{0} (CyclicBell.General.Ix (@OfNat.ofNat.{0} Nat 2 (instOfNatNat 2)))
          (@AddGroupWithOne.toAddMonoidWithOne.{0} (CyclicBell.General.Ix (@OfNat.ofNat.{0} Nat 2 (instOfNatNat 2)))
            (@Ring.toAddGroupWithOne.{0} (CyclicBell.General.Ix (@OfNat.ofNat.{0} Nat 2 (instOfNatNat 2)))
              (@DivisionRing.toRing.{0} (CyclicBell.General.Ix (@OfNat.ofNat.{0} Nat 2 (instOfNatNat 2)))
                (@Field.toDivisionRing.{0} (CyclicBell.General.Ix (@OfNat.ofNat.{0} Nat 2 (instOfNatNat 2)))
                  (@ZMod.instField (@OfNat.ofNat.{0} Nat 2 (instOfNatNat 2)) Nat.fact_prime_two))))))
        (@instNatAtLeastTwo (@OfNat.ofNat.{0} Nat 0 (instOfNatNat 0)))))
    (@OfNat.ofNat.{0} (CyclicBell.General.Ix (@OfNat.ofNat.{0} Nat 2 (instOfNatNat 2))) 0
      (@Zero.toOfNat0.{0} (CyclicBell.General.Ix (@OfNat.ofNat.{0} Nat 2 (instOfNatNat 2)))
        (@MulZeroClass.toZero.{0} (CyclicBell.General.Ix (@OfNat.ofNat.{0} Nat 2 (instOfNatNat 2)))
          (@NonUnitalNonAssocSemiring.toMulZeroClass.{0}
            (CyclicBell.General.Ix (@OfNat.ofNat.{0} Nat 2 (instOfNatNat 2)))
            (@NonUnitalNonAssocCommSemiring.toNonUnitalNonAssocSemiring.{0}
              (CyclicBell.General.Ix (@OfNat.ofNat.{0} Nat 2 (instOfNatNat 2)))
              (@NonUnitalNonAssocCommRing.toNonUnitalNonAssocCommSemiring.{0}
                (CyclicBell.General.Ix (@OfNat.ofNat.{0} Nat 2 (instOfNatNat 2)))
                (@NonUnitalCommRing.toNonUnitalNonAssocCommRing.{0}
                  (CyclicBell.General.Ix (@OfNat.ofNat.{0} Nat 2 (instOfNatNat 2)))
                  (@CommRing.toNonUnitalCommRing.{0} (CyclicBell.General.Ix (@OfNat.ofNat.{0} Nat 2 (instOfNatNat 2)))
                    (ZMod.commRing (@OfNat.ofNat.{0} Nat 2 (instOfNatNat 2)))))))))))
hone :
  @Eq.{1} (CyclicBell.General.Ix (@OfNat.ofNat.{0} Nat 2 (instOfNatNat 2)))
    (@HAdd.hAdd.{0, 0, 0} (CyclicBell.General.Ix (@OfNat.ofNat.{0} Nat 2 (instOfNatNat 2)))
      (CyclicBell.General.Ix (@OfNat.ofNat.{0} Nat 2 (instOfNatNat 2)))
      (CyclicBell.General.Ix (@OfNat.ofNat.{0} Nat 2 (instOfNatNat 2)))
      (@instHAdd.{0} (CyclicBell.General.Ix (@OfNat.ofNat.{0} Nat 2 (instOfNatNat 2)))
        (@Distrib.toAdd.{0} (CyclicBell.General.Ix (@OfNat.ofNat.{0} Nat 2 (instOfNatNat 2)))
          (@NonUnitalNonAssocSemiring.toDistrib.{0} (CyclicBell.General.Ix (@OfNat.ofNat.{0} Nat 2 (instOfNatNat 2)))
            (@NonUnitalNonAssocCommSemiring.toNonUnitalNonAssocSemiring.{0}
              (CyclicBell.General.Ix (@OfNat.ofNat.{0} Nat 2 (instOfNatNat 2)))
              (@NonUnitalNonAssocCommRing.toNonUnitalNonAssocCommSemiring.{0}
                (CyclicBell.General.Ix (@OfNat.ofNat.{0} Nat 2 (instOfNatNat 2)))
                (@NonUnitalCommRing.toNonUnitalNonAssocCommRing.{0}
                  (CyclicBell.General.Ix (@OfNat.ofNat.{0} Nat 2 (instOfNatNat 2)))
                  (@CommRing.toNonUnitalCommRing.{0} (CyclicBell.General.Ix (@OfNat.ofNat.{0} Nat 2 (instOfNatNat 2)))
                    (ZMod.commRing (@OfNat.ofNat.{0} Nat 2 (instOfNatNat 2))))))))))
      (@OfNat.ofNat.{0} (CyclicBell.General.Ix (@OfNat.ofNat.{0} Nat 2 (instOfNatNat 2))) 1
        (@One.toOfNat1.{0} (CyclicBell.General.Ix (@OfNat.ofNat.{0} Nat 2 (instOfNatNat 2)))
          (@AddMonoidWithOne.toOne.{0} (CyclicBell.General.Ix (@OfNat.ofNat.{0} Nat 2 (instOfNatNat 2)))
            (@AddGroupWithOne.toAddMonoidWithOne.{0} (CyclicBell.General.Ix (@OfNat.ofNat.{0} Nat 2 (instOfNatNat 2)))
              (@Ring.toAddGroupWithOne.{0} (CyclicBell.General.Ix (@OfNat.ofNat.{0} Nat 2 (instOfNatNat 2)))
                (@DivisionRing.toRing.{0} (CyclicBell.General.Ix (@OfNat.ofNat.{0} Nat 2 (instOfNatNat 2)))
                  (@Field.toDivisionRing.{0} (CyclicBell.General.Ix (@OfNat.ofNat.{0} Nat 2 (instOfNatNat 2)))
                    (@ZMod.instField (@OfNat.ofNat.{0} Nat 2 (instOfNatNat 2)) Nat.fact_prime_two))))))))
      (@OfNat.ofNat.{0} (CyclicBell.General.Ix (@OfNat.ofNat.{0} Nat 2 (instOfNatNat 2))) 1
        (@One.toOfNat1.{0} (CyclicBell.General.Ix (@OfNat.ofNat.{0} Nat 2 (instOfNatNat 2)))
          (@AddMonoidWithOne.toOne.{0} (CyclicBell.General.Ix (@OfNat.ofNat.{0} Nat 2 (instOfNatNat 2)))
            (@AddGroupWithOne.toAddMonoidWithOne.{0} (CyclicBell.General.Ix (@OfNat.ofNat.{0} Nat 2 (instOfNatNat 2)))
              (@Ring.toAddGroupWithOne.{0} (CyclicBell.General.Ix (@OfNat.ofNat.{0} Nat 2 (instOfNatNat 2)))
                (@DivisionRing.toRing.{0} (CyclicBell.General.Ix (@OfNat.ofNat.{0} Nat 2 (instOfNatNat 2)))
                  (@Field.toDivisionRing.{0} (CyclicBell.General.Ix (@OfNat.ofNat.{0} Nat 2 (instOfNatNat 2)))
                    (@ZMod.instField (@OfNat.ofNat.{0} Nat 2 (instOfNatNat 2)) Nat.fact_prime_two)))))))))
    (@OfNat.ofNat.{0} (CyclicBell.General.Ix (@OfNat.ofNat.{0} Nat 2 (instOfNatNat 2))) 0
      (@Zero.toOfNat0.{0} (CyclicBell.General.Ix (@OfNat.ofNat.{0} Nat 2 (instOfNatNat 2)))
        (@MulZeroClass.toZero.{0} (CyclicBell.General.Ix (@OfNat.ofNat.{0} Nat 2 (instOfNatNat 2)))
          (@NonUnitalNonAssocSemiring.toMulZeroClass.{0}
            (CyclicBell.General.Ix (@OfNat.ofNat.{0} Nat 2 (instOfNatNat 2)))
            (@NonUnitalNonAssocCommSemiring.toNonUnitalNonAssocSemiring.{0}
              (CyclicBell.General.Ix (@OfNat.ofNat.{0} Nat 2 (instOfNatNat 2)))
              (@NonUnitalNonAssocCommRing.toNonUnitalNonAssocCommSemiring.{0}
                (CyclicBell.General.Ix (@OfNat.ofNat.{0} Nat 2 (instOfNatNat 2)))
                (@NonUnitalCommRing.toNonUnitalNonAssocCommRing.{0}
                  (CyclicBell.General.Ix (@OfNat.ofNat.{0} Nat 2 (instOfNatNat 2)))
                  (@CommRing.toNonUnitalCommRing.{0} (CyclicBell.General.Ix (@OfNat.ofNat.{0} Nat 2 (instOfNatNat 2)))
                    (ZMod.commRing (@OfNat.ofNat.{0} Nat 2 (instOfNatNat 2)))))))))))
⊢ Not
    (@Eq.{1} (CyclicBell.General.Ix (@OfNat.ofNat.{0} Nat 2 (instOfNatNat 2)))
      (@OfNat.ofNat.{0}
        (Fin
          (@HAdd.hAdd.{0, 0, 0} Nat Nat Nat (@instHAdd.{0} Nat instAddNat) 1 (@OfNat.ofNat.{0} Nat 1 (instOfNatNat 1))))
        0
        (@Fin.instOfNat
          (@HAdd.hAdd.{0, 0, 0} Nat Nat Nat (@instHAdd.{0} Nat instAddNat) 1 (@OfNat.ofNat.{0} Nat 1 (instOfNatNat 1)))
          (@instNeZeroNatHAdd_1 1 (@OfNat.ofNat.{0} Nat 1 (instOfNatNat 1))
            (@Nat.instNeZeroSucc (@OfNat.ofNat.{0} Nat 0 (instOfNatNat 0))))
          0))
      (@OfNat.ofNat.{0} (CyclicBell.General.Ix (@OfNat.ofNat.{0} Nat 2 (instOfNatNat 2))) 3
        (@instOfNatAtLeastTwo.{0} (CyclicBell.General.Ix (@OfNat.ofNat.{0} Nat 2 (instOfNatNat 2))) 3
          (@AddMonoidWithOne.toNatCast.{0} (CyclicBell.General.Ix (@OfNat.ofNat.{0} Nat 2 (instOfNatNat 2)))
            (@AddGroupWithOne.toAddMonoidWithOne.{0} (CyclicBell.General.Ix (@OfNat.ofNat.{0} Nat 2 (instOfNatNat 2)))
              (@Ring.toAddGroupWithOne.{0} (CyclicBell.General.Ix (@OfNat.ofNat.{0} Nat 2 (instOfNatNat 2)))
                (@DivisionRing.toRing.{0} (CyclicBell.General.Ix (@OfNat.ofNat.{0} Nat 2 (instOfNatNat 2)))
                  (@Field.toDivisionRing.{0} (CyclicBell.General.Ix (@OfNat.ofNat.{0} Nat 2 (instOfNatNat 2)))
                    (@ZMod.instField (@OfNat.ofNat.{0} Nat 2 (instOfNatNat 2)) Nat.fact_prime_two))))))
          (@instNatAtLeastTwo 1))))
case refine_5.a.«0».«1»
htwo :
  @Eq.{1} (CyclicBell.General.Ix (@OfNat.ofNat.{0} Nat 2 (instOfNatNat 2)))
    (@OfNat.ofNat.{0} (CyclicBell.General.Ix (@OfNat.ofNat.{0} Nat 2 (instOfNatNat 2))) 2
      (@instOfNatAtLeastTwo.{0} (CyclicBell.General.Ix (@OfNat.ofNat.{0} Nat 2 (instOfNatNat 2))) 2
        (@AddMonoidWithOne.toNatCast.{0} (CyclicBell.General.Ix (@OfNat.ofNat.{0} Nat 2 (instOfNatNat 2)))
          (@AddGroupWithOne.toAddMonoidWithOne.{0} (CyclicBell.General.Ix (@OfNat.ofNat.{0} Nat 2 (instOfNatNat 2)))
            (@Ring.toAddGroupWithOne.{0} (CyclicBell.General.Ix (@OfNat.ofNat.{0} Nat 2 (instOfNatNat 2)))
              (@DivisionRing.toRing.{0} (CyclicBell.General.Ix (@OfNat.ofNat.{0} Nat 2 (instOfNatNat 2)))
                (@Field.toDivisionRing.{0} (CyclicBell.General.Ix (@OfNat.ofNat.{0} Nat 2 (instOfNatNat 2)))
                  (@ZMod.instField (@OfNat.ofNat.{0} Nat 2 (instOfNatNat 2)) Nat.fact_prime_two))))))
        (@instNatAtLeastTwo (@OfNat.ofNat.{0} Nat 0 (instOfNatNat 0)))))
    (@OfNat.ofNat.{0} (CyclicBell.General.Ix (@OfNat.ofNat.{0} Nat 2 (instOfNatNat 2))) 0
      (@Zero.toOfNat0.{0} (CyclicBell.General.Ix (@OfNat.ofNat.{0} Nat 2 (instOfNatNat 2)))
        (@MulZeroClass.toZero.{0} (CyclicBell.General.Ix (@OfNat.ofNat.{0} Nat 2 (instOfNatNat 2)))
          (@NonUnitalNonAssocSemiring.toMulZeroClass.{0}
            (CyclicBell.General.Ix (@OfNat.ofNat.{0} Nat 2 (instOfNatNat 2)))
            (@NonUnitalNonAssocCommSemiring.toNonUnitalNonAssocSemiring.{0}
              (CyclicBell.General.Ix (@OfNat.ofNat.{0} Nat 2 (instOfNatNat 2)))
              (@NonUnitalNonAssocCommRing.toNonUnitalNonAssocCommSemiring.{0}
                (CyclicBell.General.Ix (@OfNat.ofNat.{0} Nat 2 (instOfNatNat 2)))
                (@NonUnitalCommRing.toNonUnitalNonAssocCommRing.{0}
                  (CyclicBell.General.Ix (@OfNat.ofNat.{0} Nat 2 (instOfNatNat 2)))
                  (@CommRing.toNonUnitalCommRing.{0} (CyclicBell.General.Ix (@OfNat.ofNat.{0} Nat 2 (instOfNatNat 2)))
                    (ZMod.commRing (@OfNat.ofNat.{0} Nat 2 (instOfNatNat 2)))))))))))
hone :
  @Eq.{1} (CyclicBell.General.Ix (@OfNat.ofNat.{0} Nat 2 (instOfNatNat 2)))
    (@HAdd.hAdd.{0, 0, 0} (CyclicBell.General.Ix (@OfNat.ofNat.{0} Nat 2 (instOfNatNat 2)))
      (CyclicBell.General.Ix (@OfNat.ofNat.{0} Nat 2 (instOfNatNat 2)))
      (CyclicBell.General.Ix (@OfNat.ofNat.{0} Nat 2 (instOfNatNat 2)))
      (@instHAdd.{0} (CyclicBell.General.Ix (@OfNat.ofNat.{0} Nat 2 (instOfNatNat 2)))
        (@Distrib.toAdd.{0} (CyclicBell.General.Ix (@OfNat.ofNat.{0} Nat 2 (instOfNatNat 2)))
          (@NonUnitalNonAssocSemiring.toDistrib.{0} (CyclicBell.General.Ix (@OfNat.ofNat.{0} Nat 2 (instOfNatNat 2)))
            (@NonUnitalNonAssocCommSemiring.toNonUnitalNonAssocSemiring.{0}
              (CyclicBell.General.Ix (@OfNat.ofNat.{0} Nat 2 (instOfNatNat 2)))
              (@NonUnitalNonAssocCommRing.toNonUnitalNonAssocCommSemiring.{0}
                (CyclicBell.General.Ix (@OfNat.ofNat.{0} Nat 2 (instOfNatNat 2)))
                (@NonUnitalCommRing.toNonUnitalNonAssocCommRing.{0}
                  (CyclicBell.General.Ix (@OfNat.ofNat.{0} Nat 2 (instOfNatNat 2)))
                  (@CommRing.toNonUnitalCommRing.{0} (CyclicBell.General.Ix (@OfNat.ofNat.{0} Nat 2 (instOfNatNat 2)))
                    (ZMod.commRing (@OfNat.ofNat.{0} Nat 2 (instOfNatNat 2))))))))))
      (@OfNat.ofNat.{0} (CyclicBell.General.Ix (@OfNat.ofNat.{0} Nat 2 (instOfNatNat 2))) 1
        (@One.toOfNat1.{0} (CyclicBell.General.Ix (@OfNat.ofNat.{0} Nat 2 (instOfNatNat 2)))
          (@AddMonoidWithOne.toOne.{0} (CyclicBell.General.Ix (@OfNat.ofNat.{0} Nat 2 (instOfNatNat 2)))
            (@AddGroupWithOne.toAddMonoidWithOne.{0} (CyclicBell.General.Ix (@OfNat.ofNat.{0} Nat 2 (instOfNatNat 2)))
              (@Ring.toAddGroupWithOne.{0} (CyclicBell.General.Ix (@OfNat.ofNat.{0} Nat 2 (instOfNatNat 2)))
                (@DivisionRing.toRing.{0} (CyclicBell.General.Ix (@OfNat.ofNat.{0} Nat 2 (instOfNatNat 2)))
                  (@Field.toDivisionRing.{0} (CyclicBell.General.Ix (@OfNat.ofNat.{0} Nat 2 (instOfNatNat 2)))
                    (@ZMod.instField (@OfNat.ofNat.{0} Nat 2 (instOfNatNat 2)) Nat.fact_prime_two))))))))
      (@OfNat.ofNat.{0} (CyclicBell.General.Ix (@OfNat.ofNat.{0} Nat 2 (instOfNatNat 2))) 1
        (@One.toOfNat1.{0} (CyclicBell.General.Ix (@OfNat.ofNat.{0} Nat 2 (instOfNatNat 2)))
          (@AddMonoidWithOne.toOne.{0} (CyclicBell.General.Ix (@OfNat.ofNat.{0} Nat 2 (instOfNatNat 2)))
            (@AddGroupWithOne.toAddMonoidWithOne.{0} (CyclicBell.General.Ix (@OfNat.ofNat.{0} Nat 2 (instOfNatNat 2)))
              (@Ring.toAddGroupWithOne.{0} (CyclicBell.General.Ix (@OfNat.ofNat.{0} Nat 2 (instOfNatNat 2)))
                (@DivisionRing.toRing.{0} (CyclicBell.General.Ix (@OfNat.ofNat.{0} Nat 2 (instOfNatNat 2)))
                  (@Field.toDivisionRing.{0} (CyclicBell.General.Ix (@OfNat.ofNat.{0} Nat 2 (instOfNatNat 2)))
                    (@ZMod.instField (@OfNat.ofNat.{0} Nat 2 (instOfNatNat 2)) Nat.fact_prime_two)))))))))
    (@OfNat.ofNat.{0} (CyclicBell.General.Ix (@OfNat.ofNat.{0} Nat 2 (instOfNatNat 2))) 0
      (@Zero.toOfNat0.{0} (CyclicBell.General.Ix (@OfNat.ofNat.{0} Nat 2 (instOfNatNat 2)))
        (@MulZeroClass.toZero.{0} (CyclicBell.General.Ix (@OfNat.ofNat.{0} Nat 2 (instOfNatNat 2)))
          (@NonUnitalNonAssocSemiring.toMulZeroClass.{0}
            (CyclicBell.General.Ix (@OfNat.ofNat.{0} Nat 2 (instOfNatNat 2)))
            (@NonUnitalNonAssocCommSemiring.toNonUnitalNonAssocSemiring.{0}
              (CyclicBell.General.Ix (@OfNat.ofNat.{0} Nat 2 (instOfNatNat 2)))
              (@NonUnitalNonAssocCommRing.toNonUnitalNonAssocCommSemiring.{0}
                (CyclicBell.General.Ix (@OfNat.ofNat.{0} Nat 2 (instOfNatNat 2)))
                (@NonUnitalCommRing.toNonUnitalNonAssocCommRing.{0}
                  (CyclicBell.General.Ix (@OfNat.ofNat.{0} Nat 2 (instOfNatNat 2)))
                  (@CommRing.toNonUnitalCommRing.{0} (CyclicBell.General.Ix (@OfNat.ofNat.{0} Nat 2 (instOfNatNat 2)))
                    (ZMod.commRing (@OfNat.ofNat.{0} Nat 2 (instOfNatNat 2)))))))))))
⊢ @Eq.{1} Complex
    (@ite.{1} Complex
      (@Eq.{1} (CyclicBell.General.Ix (@OfNat.ofNat.{0} Nat 2 (instOfNatNat 2)))
        (@OfNat.ofNat.{0}
          (Fin
            (@HAdd.hAdd.{0, 0, 0} Nat Nat Nat (@instHAdd.{0} Nat instAddNat) 1
              (@OfNat.ofNat.{0} Nat 1 (instOfNatNat 1))))
          0
          (@Fin.instOfNat
            (@HAdd.hAdd.{0, 0, 0} Nat Nat Nat (@instHAdd.{0} Nat instAddNat) 1
              (@OfNat.ofNat.{0} Nat 1 (instOfNatNat 1)))
            (@instNeZeroNatHAdd_1 1 (@OfNat.ofNat.{0} Nat 1 (instOfNatNat 1))
              (@Nat.instNeZeroSucc (@OfNat.ofNat.{0} Nat 0 (instOfNatNat 0))))
            0))
        (@HAdd.hAdd.{0, 0, 0} (CyclicBell.General.Ix (@OfNat.ofNat.{0} Nat 2 (instOfNatNat 2)))
          (CyclicBell.General.Ix (@OfNat.ofNat.{0} Nat 2 (instOfNatNat 2)))
          (CyclicBell.General.Ix (@OfNat.ofNat.{0} Nat 2 (instOfNatNat 2)))
          (@instHAdd.{0} (CyclicBell.General.Ix (@OfNat.ofNat.{0} Nat 2 (instOfNatNat 2)))
            (@Distrib.toAdd.{0} (CyclicBell.General.Ix (@OfNat.ofNat.{0} Nat 2 (instOfNatNat 2)))
              (@NonUnitalNonAssocSemiring.toDistrib.{0}
                (CyclicBell.General.Ix (@OfNat.ofNat.{0} Nat 2 (instOfNatNat 2)))
                (@NonUnitalNonAssocCommSemiring.toNonUnitalNonAssocSemiring.{0}
                  (CyclicBell.General.Ix (@OfNat.ofNat.{0} Nat 2 (instOfNatNat 2)))
                  (@NonUnitalNonAssocCommRing.toNonUnitalNonAssocCommSemiring.{0}
                    (CyclicBell.General.Ix (@OfNat.ofNat.{0} Nat 2 (instOfNatNat 2)))
                    (@NonUnitalCommRing.toNonUnitalNonAssocCommRing.{0}
                      (CyclicBell.General.Ix (@OfNat.ofNat.{0} Nat 2 (instOfNatNat 2)))
                      (@CommRing.toNonUnitalCommRing.{0}
                        (CyclicBell.General.Ix (@OfNat.ofNat.{0} Nat 2 (instOfNatNat 2)))
                        (ZMod.commRing (@OfNat.ofNat.{0} Nat 2 (instOfNatNat 2))))))))))
          (@OfNat.ofNat.{0}
            (Fin
              (@HAdd.hAdd.{0, 0, 0} Nat Nat Nat (@instHAdd.{0} Nat instAddNat) (@OfNat.ofNat.{0} Nat 0 (instOfNatNat 0))
                (@OfNat.ofNat.{0} Nat 2 (instOfNatNat 2))))
            1
            (@Fin.instOfNat
              (@HAdd.hAdd.{0, 0, 0} Nat Nat Nat (@instHAdd.{0} Nat instAddNat) (@OfNat.ofNat.{0} Nat 0 (instOfNatNat 0))
                (@OfNat.ofNat.{0} Nat 2 (instOfNatNat 2)))
              (@instNeZeroNatHAdd_1 (@OfNat.ofNat.{0} Nat 0 (instOfNatNat 0)) (@OfNat.ofNat.{0} Nat 2 (instOfNatNat 2))
                (@Nat.instNeZeroSucc (@OfNat.ofNat.{0} Nat 1 (instOfNatNat 1))))
              1))
          (@OfNat.ofNat.{0} (CyclicBell.General.Ix (@OfNat.ofNat.{0} Nat 2 (instOfNatNat 2))) 1
            (@One.toOfNat1.{0} (CyclicBell.General.Ix (@OfNat.ofNat.{0} Nat 2 (instOfNatNat 2)))
              (@AddMonoidWithOne.toOne.{0} (CyclicBell.General.Ix (@OfNat.ofNat.{0} Nat 2 (instOfNatNat 2)))
                (@AddGroupWithOne.toAddMonoidWithOne.{0}
                  (CyclicBell.General.Ix (@OfNat.ofNat.{0} Nat 2 (instOfNatNat 2)))
                  (@Ring.toAddGroupWithOne.{0} (CyclicBell.General.Ix (@OfNat.ofNat.{0} Nat 2 (instOfNatNat 2)))
                    (@CommRing.toRing.{0} (CyclicBell.General.Ix (@OfNat.ofNat.{0} Nat 2 (instOfNatNat 2)))
                      (ZMod.commRing (@OfNat.ofNat.{0} Nat 2 (instOfNatNat 2)))))))))))
      (ZMod.decidableEq (@OfNat.ofNat.{0} Nat 2 (instOfNatNat 2))
        (@OfNat.ofNat.{0}
          (Fin
            (@HAdd.hAdd.{0, 0, 0} Nat Nat Nat (@instHAdd.{0} Nat instAddNat) 1
              (@OfNat.ofNat.{0} Nat 1 (instOfNatNat 1))))
          0
          (@Fin.instOfNat
            (@HAdd.hAdd.{0, 0, 0} Nat Nat Nat (@instHAdd.{0} Nat instAddNat) 1
              (@OfNat.ofNat.{0} Nat 1 (instOfNatNat 1)))
            (@instNeZeroNatHAdd_1 1 (@OfNat.ofNat.{0} Nat 1 (instOfNatNat 1))
              (@Nat.instNeZeroSucc (@OfNat.ofNat.{0} Nat 0 (instOfNatNat 0))))
            0))
        (@HAdd.hAdd.{0, 0, 0} (CyclicBell.General.Ix (@OfNat.ofNat.{0} Nat 2 (instOfNatNat 2)))
          (CyclicBell.General.Ix (@OfNat.ofNat.{0} Nat 2 (instOfNatNat 2)))
          (CyclicBell.General.Ix (@OfNat.ofNat.{0} Nat 2 (instOfNatNat 2)))
          (@instHAdd.{0} (CyclicBell.General.Ix (@OfNat.ofNat.{0} Nat 2 (instOfNatNat 2)))
            (@Distrib.toAdd.{0} (CyclicBell.General.Ix (@OfNat.ofNat.{0} Nat 2 (instOfNatNat 2)))
              (@NonUnitalNonAssocSemiring.toDistrib.{0}
                (CyclicBell.General.Ix (@OfNat.ofNat.{0} Nat 2 (instOfNatNat 2)))
                (@NonUnitalNonAssocCommSemiring.toNonUnitalNonAssocSemiring.{0}
                  (CyclicBell.General.Ix (@OfNat.ofNat.{0} Nat 2 (instOfNatNat 2)))
                  (@NonUnitalNonAssocCommRing.toNonUnitalNonAssocCommSemiring.{0}
                    (CyclicBell.General.Ix (@OfNat.ofNat.{0} Nat 2 (instOfNatNat 2)))
                    (@NonUnitalCommRing.toNonUnitalNonAssocCommRing.{0}
                      (CyclicBell.General.Ix (@OfNat.ofNat.{0} Nat 2 (instOfNatNat 2)))
                      (@CommRing.toNonUnitalCommRing.{0}
                        (CyclicBell.General.Ix (@OfNat.ofNat.{0} Nat 2 (instOfNatNat 2)))
                        (ZMod.commRing (@OfNat.ofNat.{0} Nat 2 (instOfNatNat 2))))))))))
          (@OfNat.ofNat.{0}
            (Fin
              (@HAdd.hAdd.{0, 0, 0} Nat Nat Nat (@instHAdd.{0} Nat instAddNat) (@OfNat.ofNat.{0} Nat 0 (instOfNatNat 0))
                (@OfNat.ofNat.{0} Nat 2 (instOfNatNat 2))))
            1
            (@Fin.instOfNat
              (@HAdd.hAdd.{0, 0, 0} Nat Nat Nat (@instHAdd.{0} Nat instAddNat) (@OfNat.ofNat.{0} Nat 0 (instOfNatNat 0))
                (@OfNat.ofNat.{0} Nat 2 (instOfNatNat 2)))
              (@instNeZeroNatHAdd_1 (@OfNat.ofNat.{0} Nat 0 (instOfNatNat 0)) (@OfNat.ofNat.{0} Nat 2 (instOfNatNat 2))
                (@Nat.instNeZeroSucc (@OfNat.ofNat.{0} Nat 1 (instOfNatNat 1))))
              1))
          (@OfNat.ofNat.{0} (CyclicBell.General.Ix (@OfNat.ofNat.{0} Nat 2 (instOfNatNat 2))) 1
            (@One.toOfNat1.{0} (CyclicBell.General.Ix (@OfNat.ofNat.{0} Nat 2 (instOfNatNat 2)))
              (@AddMonoidWithOne.toOne.{0} (CyclicBell.General.Ix (@OfNat.ofNat.{0} Nat 2 (instOfNatNat 2)))
                (@AddGroupWithOne.toAddMonoidWithOne.{0}
                  (CyclicBell.General.Ix (@OfNat.ofNat.{0} Nat 2 (instOfNatNat 2)))
                  (@Ring.toAddGroupWithOne.{0} (CyclicBell.General.Ix (@OfNat.ofNat.{0} Nat 2 (instOfNatNat 2)))
                    (@CommRing.toRing.{0} (CyclicBell.General.Ix (@OfNat.ofNat.{0} Nat 2 (instOfNatNat 2)))
                      (ZMod.commRing (@OfNat.ofNat.{0} Nat 2 (instOfNatNat 2)))))))))))
      (@Neg.neg.{0} Complex Complex.instNeg (@OfNat.ofNat.{0} Complex 1 (@One.toOfNat1.{0} Complex Complex.instOne)))
      (@OfNat.ofNat.{0} Complex 0
        (@Zero.toOfNat0.{0} Complex
          (@MulZeroClass.toZero.{0} Complex
            (@NonUnitalNonAssocSemiring.toMulZeroClass.{0} Complex
              (@NonUnitalNonAssocCommSemiring.toNonUnitalNonAssocSemiring.{0} Complex
                (@NonUnitalNonAssocCommRing.toNonUnitalNonAssocCommSemiring.{0} Complex
                  (@NonUnitalCommRing.toNonUnitalNonAssocCommRing.{0} Complex
                    (@NonUnitalNormedCommRing.toNonUnitalCommRing.{0} Complex
                      (@NonUnitalCommCStarAlgebra.toNonUnitalNormedCommRing.{0} Complex
                        (@CommCStarAlgebra.toNonUnitalCommCStarAlgebra.{0} Complex
                          instCommCStarAlgebraComplex)))))))))))
    (@Neg.neg.{0} Complex Complex.instNeg
      (@ite.{1} Complex
        (@Eq.{1} (CyclicBell.General.Ix (@OfNat.ofNat.{0} Nat 2 (instOfNatNat 2)))
          (@OfNat.ofNat.{0}
            (Fin
              (@HAdd.hAdd.{0, 0, 0} Nat Nat Nat (@instHAdd.{0} Nat instAddNat) 1
                (@OfNat.ofNat.{0} Nat 1 (instOfNatNat 1))))
            0
            (@Fin.instOfNat
              (@HAdd.hAdd.{0, 0, 0} Nat Nat Nat (@instHAdd.{0} Nat instAddNat) 1
                (@OfNat.ofNat.{0} Nat 1 (instOfNatNat 1)))
              (@instNeZeroNatHAdd_1 1 (@OfNat.ofNat.{0} Nat 1 (instOfNatNat 1))
                (@Nat.instNeZeroSucc (@OfNat.ofNat.{0} Nat 0 (instOfNatNat 0))))
              0))
          (@OfNat.ofNat.{0} (CyclicBell.General.Ix (@OfNat.ofNat.{0} Nat 2 (instOfNatNat 2))) 2
            (@instOfNatAtLeastTwo.{0} (CyclicBell.General.Ix (@OfNat.ofNat.{0} Nat 2 (instOfNatNat 2))) 2
              (@AddMonoidWithOne.toNatCast.{0} (CyclicBell.General.Ix (@OfNat.ofNat.{0} Nat 2 (instOfNatNat 2)))
                (@AddGroupWithOne.toAddMonoidWithOne.{0}
                  (CyclicBell.General.Ix (@OfNat.ofNat.{0} Nat 2 (instOfNatNat 2)))
                  (@Ring.toAddGroupWithOne.{0} (CyclicBell.General.Ix (@OfNat.ofNat.{0} Nat 2 (instOfNatNat 2)))
                    (@DivisionRing.toRing.{0} (CyclicBell.General.Ix (@OfNat.ofNat.{0} Nat 2 (instOfNatNat 2)))
                      (@Field.toDivisionRing.{0} (CyclicBell.General.Ix (@OfNat.ofNat.{0} Nat 2 (instOfNatNat 2)))
                        (@ZMod.instField (@OfNat.ofNat.{0} Nat 2 (instOfNatNat 2)) Nat.fact_prime_two))))))
              (@instNatAtLeastTwo 0))))
        (ZMod.decidableEq (@OfNat.ofNat.{0} Nat 2 (instOfNatNat 2))
          (@OfNat.ofNat.{0}
            (Fin
              (@HAdd.hAdd.{0, 0, 0} Nat Nat Nat (@instHAdd.{0} Nat instAddNat) 1
                (@OfNat.ofNat.{0} Nat 1 (instOfNatNat 1))))
            0
            (@Fin.instOfNat
              (@HAdd.hAdd.{0, 0, 0} Nat Nat Nat (@instHAdd.{0} Nat instAddNat) 1
                (@OfNat.ofNat.{0} Nat 1 (instOfNatNat 1)))
              (@instNeZeroNatHAdd_1 1 (@OfNat.ofNat.{0} Nat 1 (instOfNatNat 1))
                (@Nat.instNeZeroSucc (@OfNat.ofNat.{0} Nat 0 (instOfNatNat 0))))
              0))
          (@OfNat.ofNat.{0} (CyclicBell.General.Ix (@OfNat.ofNat.{0} Nat 2 (instOfNatNat 2))) 2
            (@instOfNatAtLeastTwo.{0} (CyclicBell.General.Ix (@OfNat.ofNat.{0} Nat 2 (instOfNatNat 2))) 2
              (@AddMonoidWithOne.toNatCast.{0} (CyclicBell.General.Ix (@OfNat.ofNat.{0} Nat 2 (instOfNatNat 2)))
                (@AddGroupWithOne.toAddMonoidWithOne.{0}
                  (CyclicBell.General.Ix (@OfNat.ofNat.{0} Nat 2 (instOfNatNat 2)))
                  (@Ring.toAddGroupWithOne.{0} (CyclicBell.General.Ix (@OfNat.ofNat.{0} Nat 2 (instOfNatNat 2)))
                    (@DivisionRing.toRing.{0} (CyclicBell.General.Ix (@OfNat.ofNat.{0} Nat 2 (instOfNatNat 2)))
                      (@Field.toDivisionRing.{0} (CyclicBell.General.Ix (@OfNat.ofNat.{0} Nat 2 (instOfNatNat 2)))
                        (@ZMod.instField (@OfNat.ofNat.{0} Nat 2 (instOfNatNat 2)) Nat.fact_prime_two))))))
              (@instNatAtLeastTwo 0))))
        (@OfNat.ofNat.{0} Complex 1
          (@One.toOfNat1.{0} Complex
            (@MulOneClass.toOne.{0} Complex
              (@Monoid.toMulOneClass.{0} Complex
                (@MonoidWithZero.toMonoid.{0} Complex (@Semiring.toMonoidWithZero.{0} Complex Complex.instSemiring))))))
        (@OfNat.ofNat.{0} Complex 0 (@Zero.toOfNat0.{0} Complex Complex.instZero))))
case refine_5.a.«1».«1»
htwo :
  @Eq.{1} (CyclicBell.General.Ix (@OfNat.ofNat.{0} Nat 2 (instOfNatNat 2)))
    (@OfNat.ofNat.{0} (CyclicBell.General.Ix (@OfNat.ofNat.{0} Nat 2 (instOfNatNat 2))) 2
      (@instOfNatAtLeastTwo.{0} (CyclicBell.General.Ix (@OfNat.ofNat.{0} Nat 2 (instOfNatNat 2))) 2
        (@AddMonoidWithOne.toNatCast.{0} (CyclicBell.General.Ix (@OfNat.ofNat.{0} Nat 2 (instOfNatNat 2)))
          (@AddGroupWithOne.toAddMonoidWithOne.{0} (CyclicBell.General.Ix (@OfNat.ofNat.{0} Nat 2 (instOfNatNat 2)))
            (@Ring.toAddGroupWithOne.{0} (CyclicBell.General.Ix (@OfNat.ofNat.{0} Nat 2 (instOfNatNat 2)))
              (@DivisionRing.toRing.{0} (CyclicBell.General.Ix (@OfNat.ofNat.{0} Nat 2 (instOfNatNat 2)))
                (@Field.toDivisionRing.{0} (CyclicBell.General.Ix (@OfNat.ofNat.{0} Nat 2 (instOfNatNat 2)))
                  (@ZMod.instField (@OfNat.ofNat.{0} Nat 2 (instOfNatNat 2)) Nat.fact_prime_two))))))
        (@instNatAtLeastTwo (@OfNat.ofNat.{0} Nat 0 (instOfNatNat 0)))))
    (@OfNat.ofNat.{0} (CyclicBell.General.Ix (@OfNat.ofNat.{0} Nat 2 (instOfNatNat 2))) 0
      (@Zero.toOfNat0.{0} (CyclicBell.General.Ix (@OfNat.ofNat.{0} Nat 2 (instOfNatNat 2)))
        (@MulZeroClass.toZero.{0} (CyclicBell.General.Ix (@OfNat.ofNat.{0} Nat 2 (instOfNatNat 2)))
          (@NonUnitalNonAssocSemiring.toMulZeroClass.{0}
            (CyclicBell.General.Ix (@OfNat.ofNat.{0} Nat 2 (instOfNatNat 2)))
            (@NonUnitalNonAssocCommSemiring.toNonUnitalNonAssocSemiring.{0}
              (CyclicBell.General.Ix (@OfNat.ofNat.{0} Nat 2 (instOfNatNat 2)))
              (@NonUnitalNonAssocCommRing.toNonUnitalNonAssocCommSemiring.{0}
                (CyclicBell.General.Ix (@OfNat.ofNat.{0} Nat 2 (instOfNatNat 2)))
                (@NonUnitalCommRing.toNonUnitalNonAssocCommRing.{0}
                  (CyclicBell.General.Ix (@OfNat.ofNat.{0} Nat 2 (instOfNatNat 2)))
                  (@CommRing.toNonUnitalCommRing.{0} (CyclicBell.General.Ix (@OfNat.ofNat.{0} Nat 2 (instOfNatNat 2)))
                    (ZMod.commRing (@OfNat.ofNat.{0} Nat 2 (instOfNatNat 2)))))))))))
hone :
  @Eq.{1} (CyclicBell.General.Ix (@OfNat.ofNat.{0} Nat 2 (instOfNatNat 2)))
    (@HAdd.hAdd.{0, 0, 0} (CyclicBell.General.Ix (@OfNat.ofNat.{0} Nat 2 (instOfNatNat 2)))
      (CyclicBell.General.Ix (@OfNat.ofNat.{0} Nat 2 (instOfNatNat 2)))
      (CyclicBell.General.Ix (@OfNat.ofNat.{0} Nat 2 (instOfNatNat 2)))
      (@instHAdd.{0} (CyclicBell.General.Ix (@OfNat.ofNat.{0} Nat 2 (instOfNatNat 2)))
        (@Distrib.toAdd.{0} (CyclicBell.General.Ix (@OfNat.ofNat.{0} Nat 2 (instOfNatNat 2)))
          (@NonUnitalNonAssocSemiring.toDistrib.{0} (CyclicBell.General.Ix (@OfNat.ofNat.{0} Nat 2 (instOfNatNat 2)))
            (@NonUnitalNonAssocCommSemiring.toNonUnitalNonAssocSemiring.{0}
              (CyclicBell.General.Ix (@OfNat.ofNat.{0} Nat 2 (instOfNatNat 2)))
              (@NonUnitalNonAssocCommRing.toNonUnitalNonAssocCommSemiring.{0}
                (CyclicBell.General.Ix (@OfNat.ofNat.{0} Nat 2 (instOfNatNat 2)))
                (@NonUnitalCommRing.toNonUnitalNonAssocCommRing.{0}
                  (CyclicBell.General.Ix (@OfNat.ofNat.{0} Nat 2 (instOfNatNat 2)))
                  (@CommRing.toNonUnitalCommRing.{0} (CyclicBell.General.Ix (@OfNat.ofNat.{0} Nat 2 (instOfNatNat 2)))
                    (ZMod.commRing (@OfNat.ofNat.{0} Nat 2 (instOfNatNat 2))))))))))
      (@OfNat.ofNat.{0} (CyclicBell.General.Ix (@OfNat.ofNat.{0} Nat 2 (instOfNatNat 2))) 1
        (@One.toOfNat1.{0} (CyclicBell.General.Ix (@OfNat.ofNat.{0} Nat 2 (instOfNatNat 2)))
          (@AddMonoidWithOne.toOne.{0} (CyclicBell.General.Ix (@OfNat.ofNat.{0} Nat 2 (instOfNatNat 2)))
            (@AddGroupWithOne.toAddMonoidWithOne.{0} (CyclicBell.General.Ix (@OfNat.ofNat.{0} Nat 2 (instOfNatNat 2)))
              (@Ring.toAddGroupWithOne.{0} (CyclicBell.General.Ix (@OfNat.ofNat.{0} Nat 2 (instOfNatNat 2)))
                (@DivisionRing.toRing.{0} (CyclicBell.General.Ix (@OfNat.ofNat.{0} Nat 2 (instOfNatNat 2)))
                  (@Field.toDivisionRing.{0} (CyclicBell.General.Ix (@OfNat.ofNat.{0} Nat 2 (instOfNatNat 2)))
                    (@ZMod.instField (@OfNat.ofNat.{0} Nat 2 (instOfNatNat 2)) Nat.fact_prime_two))))))))
      (@OfNat.ofNat.{0} (CyclicBell.General.Ix (@OfNat.ofNat.{0} Nat 2 (instOfNatNat 2))) 1
        (@One.toOfNat1.{0} (CyclicBell.General.Ix (@OfNat.ofNat.{0} Nat 2 (instOfNatNat 2)))
          (@AddMonoidWithOne.toOne.{0} (CyclicBell.General.Ix (@OfNat.ofNat.{0} Nat 2 (instOfNatNat 2)))
            (@AddGroupWithOne.toAddMonoidWithOne.{0} (CyclicBell.General.Ix (@OfNat.ofNat.{0} Nat 2 (instOfNatNat 2)))
              (@Ring.toAddGroupWithOne.{0} (CyclicBell.General.Ix (@OfNat.ofNat.{0} Nat 2 (instOfNatNat 2)))
                (@DivisionRing.toRing.{0} (CyclicBell.General.Ix (@OfNat.ofNat.{0} Nat 2 (instOfNatNat 2)))
                  (@Field.toDivisionRing.{0} (CyclicBell.General.Ix (@OfNat.ofNat.{0} Nat 2 (instOfNatNat 2)))
                    (@ZMod.instField (@OfNat.ofNat.{0} Nat 2 (instOfNatNat 2)) Nat.fact_prime_two)))))))))
    (@OfNat.ofNat.{0} (CyclicBell.General.Ix (@OfNat.ofNat.{0} Nat 2 (instOfNatNat 2))) 0
      (@Zero.toOfNat0.{0} (CyclicBell.General.Ix (@OfNat.ofNat.{0} Nat 2 (instOfNatNat 2)))
        (@MulZeroClass.toZero.{0} (CyclicBell.General.Ix (@OfNat.ofNat.{0} Nat 2 (instOfNatNat 2)))
          (@NonUnitalNonAssocSemiring.toMulZeroClass.{0}
            (CyclicBell.General.Ix (@OfNat.ofNat.{0} Nat 2 (instOfNatNat 2)))
            (@NonUnitalNonAssocCommSemiring.toNonUnitalNonAssocSemiring.{0}
              (CyclicBell.General.Ix (@OfNat.ofNat.{0} Nat 2 (instOfNatNat 2)))
              (@NonUnitalNonAssocCommRing.toNonUnitalNonAssocCommSemiring.{0}
                (CyclicBell.General.Ix (@OfNat.ofNat.{0} Nat 2 (instOfNatNat 2)))
                (@NonUnitalCommRing.toNonUnitalNonAssocCommRing.{0}
                  (CyclicBell.General.Ix (@OfNat.ofNat.{0} Nat 2 (instOfNatNat 2)))
                  (@CommRing.toNonUnitalCommRing.{0} (CyclicBell.General.Ix (@OfNat.ofNat.{0} Nat 2 (instOfNatNat 2)))
                    (ZMod.commRing (@OfNat.ofNat.{0} Nat 2 (instOfNatNat 2)))))))))))
⊢ Not
    (@Eq.{1} (CyclicBell.General.Ix (@OfNat.ofNat.{0} Nat 2 (instOfNatNat 2)))
      (@OfNat.ofNat.{0}
        (Fin
          (@HAdd.hAdd.{0, 0, 0} Nat Nat Nat (@instHAdd.{0} Nat instAddNat) (@OfNat.ofNat.{0} Nat 0 (instOfNatNat 0))
            (@OfNat.ofNat.{0} Nat 2 (instOfNatNat 2))))
        1
        (@Fin.instOfNat
          (@HAdd.hAdd.{0, 0, 0} Nat Nat Nat (@instHAdd.{0} Nat instAddNat) (@OfNat.ofNat.{0} Nat 0 (instOfNatNat 0))
            (@OfNat.ofNat.{0} Nat 2 (instOfNatNat 2)))
          (@instNeZeroNatHAdd_1 (@OfNat.ofNat.{0} Nat 0 (instOfNatNat 0)) (@OfNat.ofNat.{0} Nat 2 (instOfNatNat 2))
            (@Nat.instNeZeroSucc (@OfNat.ofNat.{0} Nat 1 (instOfNatNat 1))))
          1))
      (@OfNat.ofNat.{0} (CyclicBell.General.Ix (@OfNat.ofNat.{0} Nat 2 (instOfNatNat 2))) 2
        (@instOfNatAtLeastTwo.{0} (CyclicBell.General.Ix (@OfNat.ofNat.{0} Nat 2 (instOfNatNat 2))) 2
          (@AddMonoidWithOne.toNatCast.{0} (CyclicBell.General.Ix (@OfNat.ofNat.{0} Nat 2 (instOfNatNat 2)))
            (@AddGroupWithOne.toAddMonoidWithOne.{0} (CyclicBell.General.Ix (@OfNat.ofNat.{0} Nat 2 (instOfNatNat 2)))
              (@Ring.toAddGroupWithOne.{0} (CyclicBell.General.Ix (@OfNat.ofNat.{0} Nat 2 (instOfNatNat 2)))
                (@DivisionRing.toRing.{0} (CyclicBell.General.Ix (@OfNat.ofNat.{0} Nat 2 (instOfNatNat 2)))
                  (@Field.toDivisionRing.{0} (CyclicBell.General.Ix (@OfNat.ofNat.{0} Nat 2 (instOfNatNat 2)))
                    (@ZMod.instField (@OfNat.ofNat.{0} Nat 2 (instOfNatNat 2)) Nat.fact_prime_two))))))
          (@instNatAtLeastTwo 0))))
