⚠ [2835/2837] Replayed CyclicBell.MatrixAlgebra
warning: ././././CyclicBell/MatrixAlgebra.lean:74:8: automatically included section variable(s) unused in theorem 'CyclicBell.stateEval_add':
  [DecidableEq ι]
consider restructuring your `variable` declarations so that the variables are not in scope or explicitly omit them:
  omit [DecidableEq ι] in theorem ...
note: this linter can be disabled with `set_option linter.unusedSectionVars false`
warning: ././././CyclicBell/MatrixAlgebra.lean:77:8: automatically included section variable(s) unused in theorem 'CyclicBell.stateEval_sub':
  [DecidableEq ι]
consider restructuring your `variable` declarations so that the variables are not in scope or explicitly omit them:
  omit [DecidableEq ι] in theorem ...
note: this linter can be disabled with `set_option linter.unusedSectionVars false`
warning: ././././CyclicBell/MatrixAlgebra.lean:80:8: automatically included section variable(s) unused in theorem 'CyclicBell.stateEval_zero':
  [DecidableEq ι]
consider restructuring your `variable` declarations so that the variables are not in scope or explicitly omit them:
  omit [DecidableEq ι] in theorem ...
note: this linter can be disabled with `set_option linter.unusedSectionVars false`
warning: ././././CyclicBell/MatrixAlgebra.lean:85:0: automatically included section variable(s) unused in theorem 'CyclicBell.stateEval_sum':
  [DecidableEq ι]
consider restructuring your `variable` declarations so that the variables are not in scope or explicitly omit them:
  omit [DecidableEq ι] in theorem ...
note: this linter can be disabled with `set_option linter.unusedSectionVars false`
warning: ././././CyclicBell/MatrixAlgebra.lean:89:0: automatically included section variable(s) unused in theorem 'CyclicBell.stateEval_adjoint':
  [DecidableEq ι]
consider restructuring your `variable` declarations so that the variables are not in scope or explicitly omit them:
  omit [DecidableEq ι] in theorem ...
note: this linter can be disabled with `set_option linter.unusedSectionVars false`
⚠ [2837/2837] Built CyclicBell.GeneralModel
warning: ././././CyclicBell/GeneralModel.lean:54:8: automatically included section variable(s) unused in theorem 'CyclicBell.General.kron_mul':
  [DecidableEq ι]
  [DecidableEq κ]
consider restructuring your `variable` declarations so that the variables are not in scope or explicitly omit them:
  omit [DecidableEq ι] [DecidableEq κ] in theorem ...
note: this linter can be disabled with `set_option linter.unusedSectionVars false`
warning: ././././CyclicBell/GeneralModel.lean:66:8: automatically included section variable(s) unused in theorem 'CyclicBell.General.kron_star':
  [Fintype ι]
  [Fintype κ]
  [DecidableEq ι]
  [DecidableEq κ]
consider restructuring your `variable` declarations so that the variables are not in scope or explicitly omit them:
  omit [Fintype ι] [Fintype κ] [DecidableEq ι] [DecidableEq κ] in theorem ...
note: this linter can be disabled with `set_option linter.unusedSectionVars false`
warning: ././././CyclicBell/GeneralModel.lean:71:8: automatically included section variable(s) unused in theorem 'CyclicBell.General.kron_one':
  [Fintype ι]
  [Fintype κ]
consider restructuring your `variable` declarations so that the variables are not in scope or explicitly omit them:
  omit [Fintype ι] [Fintype κ] in theorem ...
note: this linter can be disabled with `set_option linter.unusedSectionVars false`
warning: ././././CyclicBell/GeneralModel.lean:76:8: automatically included section variable(s) unused in theorem 'CyclicBell.General.kron_add_left':
  [Fintype ι]
  [Fintype κ]
  [DecidableEq ι]
  [DecidableEq κ]
consider restructuring your `variable` declarations so that the variables are not in scope or explicitly omit them:
  omit [Fintype ι] [Fintype κ] [DecidableEq ι] [DecidableEq κ] in theorem ...
note: this linter can be disabled with `set_option linter.unusedSectionVars false`
warning: ././././CyclicBell/GeneralModel.lean:79:8: automatically included section variable(s) unused in theorem 'CyclicBell.General.kron_add_right':
  [Fintype ι]
  [Fintype κ]
  [DecidableEq ι]
  [DecidableEq κ]
consider restructuring your `variable` declarations so that the variables are not in scope or explicitly omit them:
  omit [Fintype ι] [Fintype κ] [DecidableEq ι] [DecidableEq κ] in theorem ...
note: this linter can be disabled with `set_option linter.unusedSectionVars false`
warning: ././././CyclicBell/GeneralModel.lean:82:8: automatically included section variable(s) unused in theorem 'CyclicBell.General.kron_smul_left':
  [Fintype ι]
  [Fintype κ]
  [DecidableEq ι]
  [DecidableEq κ]
consider restructuring your `variable` declarations so that the variables are not in scope or explicitly omit them:
  omit [Fintype ι] [Fintype κ] [DecidableEq ι] [DecidableEq κ] in theorem ...
note: this linter can be disabled with `set_option linter.unusedSectionVars false`
warning: ././././CyclicBell/GeneralModel.lean:85:8: automatically included section variable(s) unused in theorem 'CyclicBell.General.kron_smul_right':
  [Fintype ι]
  [Fintype κ]
  [DecidableEq ι]
  [DecidableEq κ]
consider restructuring your `variable` declarations so that the variables are not in scope or explicitly omit them:
  omit [Fintype ι] [Fintype κ] [DecidableEq ι] [DecidableEq κ] in theorem ...
note: this linter can be disabled with `set_option linter.unusedSectionVars false`
warning: ././././CyclicBell/GeneralModel.lean:88:8: automatically included section variable(s) unused in theorem 'CyclicBell.General.kron_sum_left':
  [Fintype ι]
  [Fintype κ]
  [DecidableEq ι]
  [DecidableEq κ]
consider restructuring your `variable` declarations so that the variables are not in scope or explicitly omit them:
  omit [Fintype ι] [Fintype κ] [DecidableEq ι] [DecidableEq κ] in theorem ...
note: this linter can be disabled with `set_option linter.unusedSectionVars false`
warning: ././././CyclicBell/GeneralModel.lean:91:8: automatically included section variable(s) unused in theorem 'CyclicBell.General.kron_sum_right':
  [Fintype ι]
  [Fintype κ]
  [DecidableEq ι]
  [DecidableEq κ]
consider restructuring your `variable` declarations so that the variables are not in scope or explicitly omit them:
  omit [Fintype ι] [Fintype κ] [DecidableEq ι] [DecidableEq κ] in theorem ...
note: this linter can be disabled with `set_option linter.unusedSectionVars false`
warning: ././././CyclicBell/GeneralModel.lean:219:0: automatically included section variable(s) unused in theorem 'CyclicBell.General.kron_projector':
  [Fintype ι]
  [Fintype κ]
  [DecidableEq ι]
  [DecidableEq κ]
consider restructuring your `variable` declarations so that the variables are not in scope or explicitly omit them:
  omit [Fintype ι] [Fintype κ] [DecidableEq ι] [DecidableEq κ] in theorem ...
note: this linter can be disabled with `set_option linter.unusedSectionVars false`
warning: ././././CyclicBell/GeneralModel.lean:252:0: automatically included section variable(s) unused in theorem 'CyclicBell.General.trace_hermitian_product_real':
  [DecidableEq ι]
consider restructuring your `variable` declarations so that the variables are not in scope or explicitly omit them:
  omit [DecidableEq ι] in theorem ...
note: this linter can be disabled with `set_option linter.unusedSectionVars false`
Build completed successfully.
