CyclicBell/GeneralExposure.lean:55:0: warning: automatically included section variable(s) unused in theorem 'CyclicBell.General.exposure_constant_diagonal':
  [NeZero d]
consider restructuring your `variable` declarations so that the variables are not in scope or explicitly omit them:
  omit [NeZero d] in theorem ...
note: this linter can be disabled with `set_option linter.unusedSectionVars false`
CyclicBell/GeneralExposure.lean:66:55: error: failed to synthesize
  HSMul ℂ ((j : Ix d) → ?m.4697 j) ?m.5160
(deterministic) timeout at `typeclass`, maximum number of heartbeats (20000) has been reached
Use `set_option synthInstance.maxHeartbeats <num>` to set the limit.

Additional diagnostic information may be available using the `set_option diagnostics true` command.

Additional diagnostic information may be available using the `set_option diagnostics true` command.
CyclicBell/GeneralExposure.lean:67:24: error: unsolved goals
d : ℕ
inst✝ : NeZero d
r c c' : Ix d → ℂ
hr : UnitPhases r
i : Ix d
κ : ℝ
heigen : sorry
⊢ c 0 + c' 0 = ↑κ
CyclicBell/GeneralExposure.lean:76:55: error: failed to synthesize
  HSMul ℂ ((j : Ix d) → ?m.58663 j) ?m.59126
(deterministic) timeout at `typeclass`, maximum number of heartbeats (20000) has been reached
Use `set_option synthInstance.maxHeartbeats <num>` to set the limit.

Additional diagnostic information may be available using the `set_option diagnostics true` command.

Additional diagnostic information may be available using the `set_option diagnostics true` command.
CyclicBell/GeneralExposure.lean:89:6: error: failed to synthesize
  HSMul ℂ ((j : Ix d) → ?m.113559 j) ?m.114022
(deterministic) timeout at `typeclass`, maximum number of heartbeats (20000) has been reached
Use `set_option synthInstance.maxHeartbeats <num>` to set the limit.

Additional diagnostic information may be available using the `set_option diagnostics true` command.

Additional diagnostic information may be available using the `set_option diagnostics true` command.
