⚠ [2835/2860] Replayed CyclicBell.MatrixAlgebra
warning: ././././CyclicBell/MatrixAlgebra.lean:74:8: automatically included section variable(s) unused in theorem 'CyclicBell.stateEval_add':
  [DecidableEq ι]
consider restructuring your `variable` declarations so that the variables are not in scope or explicitly omit them:
  omit [DecidableEq ι] in theorem ...
note: this linter can be disabled with `set_option linter.unusedSectionVars false`
warning: ././././CyclicBell/MatrixAlgebra.lean:77:8: automatically included section variable(s) unused in theorem 'CyclicBell.stateEval_sub':
  [DecidableEq ι]
consider restructuring your `variable` declarations so that the variables are not in scope or explicitly omit them:
  omit [DecidableEq ι] in theorem ...
note: this linter can be disabled with `set_option linter.unusedSectionVars false`
warning: ././././CyclicBell/MatrixAlgebra.lean:80:8: automatically included section variable(s) unused in theorem 'CyclicBell.stateEval_zero':
  [DecidableEq ι]
consider restructuring your `variable` declarations so that the variables are not in scope or explicitly omit them:
  omit [DecidableEq ι] in theorem ...
note: this linter can be disabled with `set_option linter.unusedSectionVars false`
warning: ././././CyclicBell/MatrixAlgebra.lean:85:0: automatically included section variable(s) unused in theorem 'CyclicBell.stateEval_sum':
  [DecidableEq ι]
consider restructuring your `variable` declarations so that the variables are not in scope or explicitly omit them:
  omit [DecidableEq ι] in theorem ...
note: this linter can be disabled with `set_option linter.unusedSectionVars false`
warning: ././././CyclicBell/MatrixAlgebra.lean:89:0: automatically included section variable(s) unused in theorem 'CyclicBell.stateEval_adjoint':
  [DecidableEq ι]
consider restructuring your `variable` declarations so that the variables are not in scope or explicitly omit them:
  omit [DecidableEq ι] in theorem ...
note: this linter can be disabled with `set_option linter.unusedSectionVars false`
⚠ [2837/2860] Replayed CyclicBell.GeneralModel
warning: ././././CyclicBell/GeneralModel.lean:54:8: automatically included section variable(s) unused in theorem 'CyclicBell.General.kron_mul':
  [DecidableEq ι]
  [DecidableEq κ]
consider restructuring your `variable` declarations so that the variables are not in scope or explicitly omit them:
  omit [DecidableEq ι] [DecidableEq κ] in theorem ...
note: this linter can be disabled with `set_option linter.unusedSectionVars false`
warning: ././././CyclicBell/GeneralModel.lean:66:8: automatically included section variable(s) unused in theorem 'CyclicBell.General.kron_star':
  [Fintype ι]
  [Fintype κ]
  [DecidableEq ι]
  [DecidableEq κ]
consider restructuring your `variable` declarations so that the variables are not in scope or explicitly omit them:
  omit [Fintype ι] [Fintype κ] [DecidableEq ι] [DecidableEq κ] in theorem ...
note: this linter can be disabled with `set_option linter.unusedSectionVars false`
warning: ././././CyclicBell/GeneralModel.lean:71:8: automatically included section variable(s) unused in theorem 'CyclicBell.General.kron_one':
  [Fintype ι]
  [Fintype κ]
consider restructuring your `variable` declarations so that the variables are not in scope or explicitly omit them:
  omit [Fintype ι] [Fintype κ] in theorem ...
note: this linter can be disabled with `set_option linter.unusedSectionVars false`
warning: ././././CyclicBell/GeneralModel.lean:76:8: automatically included section variable(s) unused in theorem 'CyclicBell.General.kron_add_left':
  [Fintype ι]
  [Fintype κ]
  [DecidableEq ι]
  [DecidableEq κ]
consider restructuring your `variable` declarations so that the variables are not in scope or explicitly omit them:
  omit [Fintype ι] [Fintype κ] [DecidableEq ι] [DecidableEq κ] in theorem ...
note: this linter can be disabled with `set_option linter.unusedSectionVars false`
warning: ././././CyclicBell/GeneralModel.lean:79:8: automatically included section variable(s) unused in theorem 'CyclicBell.General.kron_add_right':
  [Fintype ι]
  [Fintype κ]
  [DecidableEq ι]
  [DecidableEq κ]
consider restructuring your `variable` declarations so that the variables are not in scope or explicitly omit them:
  omit [Fintype ι] [Fintype κ] [DecidableEq ι] [DecidableEq κ] in theorem ...
note: this linter can be disabled with `set_option linter.unusedSectionVars false`
warning: ././././CyclicBell/GeneralModel.lean:82:8: automatically included section variable(s) unused in theorem 'CyclicBell.General.kron_smul_left':
  [Fintype ι]
  [Fintype κ]
  [DecidableEq ι]
  [DecidableEq κ]
consider restructuring your `variable` declarations so that the variables are not in scope or explicitly omit them:
  omit [Fintype ι] [Fintype κ] [DecidableEq ι] [DecidableEq κ] in theorem ...
note: this linter can be disabled with `set_option linter.unusedSectionVars false`
warning: ././././CyclicBell/GeneralModel.lean:85:8: automatically included section variable(s) unused in theorem 'CyclicBell.General.kron_smul_right':
  [Fintype ι]
  [Fintype κ]
  [DecidableEq ι]
  [DecidableEq κ]
consider restructuring your `variable` declarations so that the variables are not in scope or explicitly omit them:
  omit [Fintype ι] [Fintype κ] [DecidableEq ι] [DecidableEq κ] in theorem ...
note: this linter can be disabled with `set_option linter.unusedSectionVars false`
warning: ././././CyclicBell/GeneralModel.lean:88:8: automatically included section variable(s) unused in theorem 'CyclicBell.General.kron_sum_left':
  [Fintype ι]
  [Fintype κ]
  [DecidableEq ι]
  [DecidableEq κ]
consider restructuring your `variable` declarations so that the variables are not in scope or explicitly omit them:
  omit [Fintype ι] [Fintype κ] [DecidableEq ι] [DecidableEq κ] in theorem ...
note: this linter can be disabled with `set_option linter.unusedSectionVars false`
warning: ././././CyclicBell/GeneralModel.lean:91:8: automatically included section variable(s) unused in theorem 'CyclicBell.General.kron_sum_right':
  [Fintype ι]
  [Fintype κ]
  [DecidableEq ι]
  [DecidableEq κ]
consider restructuring your `variable` declarations so that the variables are not in scope or explicitly omit them:
  omit [Fintype ι] [Fintype κ] [DecidableEq ι] [DecidableEq κ] in theorem ...
note: this linter can be disabled with `set_option linter.unusedSectionVars false`
warning: ././././CyclicBell/GeneralModel.lean:219:0: automatically included section variable(s) unused in theorem 'CyclicBell.General.kron_projector':
  [Fintype ι]
  [Fintype κ]
  [DecidableEq ι]
  [DecidableEq κ]
consider restructuring your `variable` declarations so that the variables are not in scope or explicitly omit them:
  omit [Fintype ι] [Fintype κ] [DecidableEq ι] [DecidableEq κ] in theorem ...
note: this linter can be disabled with `set_option linter.unusedSectionVars false`
warning: ././././CyclicBell/GeneralModel.lean:252:0: automatically included section variable(s) unused in theorem 'CyclicBell.General.trace_hermitian_product_real':
  [DecidableEq ι]
consider restructuring your `variable` declarations so that the variables are not in scope or explicitly omit them:
  omit [DecidableEq ι] in theorem ...
note: this linter can be disabled with `set_option linter.unusedSectionVars false`
⚠ [2838/2860] Replayed CyclicBell.GeneralWitness
warning: ././././CyclicBell/GeneralWitness.lean:278:0: automatically included section variable(s) unused in theorem 'CyclicBell.General.phase_prod_unit':
  [NeZero d]
consider restructuring your `variable` declarations so that the variables are not in scope or explicitly omit them:
  omit [NeZero d] in theorem ...
note: this linter can be disabled with `set_option linter.unusedSectionVars false`
warning: ././././CyclicBell/GeneralWitness.lean:290:0: automatically included section variable(s) unused in theorem 'CyclicBell.General.prefix_unit':
  [NeZero d]
consider restructuring your `variable` declarations so that the variables are not in scope or explicitly omit them:
  omit [NeZero d] in theorem ...
note: this linter can be disabled with `set_option linter.unusedSectionVars false`
warning: ././././CyclicBell/GeneralWitness.lean:307:8: automatically included section variable(s) unused in theorem 'CyclicBell.General.prefix_zero':
  [NeZero d]
consider restructuring your `variable` declarations so that the variables are not in scope or explicitly omit them:
  omit [NeZero d] in theorem ...
note: this linter can be disabled with `set_option linter.unusedSectionVars false`
⚠ [2839/2860] Replayed CyclicBell.GeneralPhases
warning: ././././CyclicBell/GeneralPhases.lean:71:0: automatically included section variable(s) unused in theorem 'CyclicBell.General.parityDelta_cases':
  [NeZero d]
consider restructuring your `variable` declarations so that the variables are not in scope or explicitly omit them:
  omit [NeZero d] in theorem ...
note: this linter can be disabled with `set_option linter.unusedSectionVars false`
warning: ././././CyclicBell/GeneralPhases.lean:76:0: automatically included section variable(s) unused in theorem 'CyclicBell.General.parity_shift_even':
  [NeZero d]
consider restructuring your `variable` declarations so that the variables are not in scope or explicitly omit them:
  omit [NeZero d] in theorem ...
note: this linter can be disabled with `set_option linter.unusedSectionVars false`
⚠ [2840/2860] Replayed CyclicBell.GeneralPhaseTables
warning: ././././CyclicBell/GeneralPhaseTables.lean:21:0: automatically included section variable(s) unused in theorem 'CyclicBell.General.offsetPhase_unit':
  [NeZero d]
consider restructuring your `variable` declarations so that the variables are not in scope or explicitly omit them:
  omit [NeZero d] in theorem ...
note: this linter can be disabled with `set_option linter.unusedSectionVars false`
warning: ././././CyclicBell/GeneralPhaseTables.lean:253:4: Used `tac1 <;> tac2` where `(tac1; tac2)` would suffice
note: this linter can be disabled with `set_option linter.unnecessarySeqFocus false`
⚠ [2857/2860] Replayed CyclicBell.GeneralPhaseBounds
warning: ././././CyclicBell/GeneralPhaseBounds.lean:64:60: 'ring' tactic does nothing
note: this linter can be disabled with `set_option linter.unusedTactic false`
warning: ././././CyclicBell/GeneralPhaseBounds.lean:101:30: 'ring' tactic does nothing
note: this linter can be disabled with `set_option linter.unusedTactic false`
warning: ././././CyclicBell/GeneralPhaseBounds.lean:64:60: this tactic is never executed
note: this linter can be disabled with `set_option linter.unreachableTactic false`
warning: ././././CyclicBell/GeneralPhaseBounds.lean:101:30: this tactic is never executed
note: this linter can be disabled with `set_option linter.unreachableTactic false`
warning: ././././CyclicBell/GeneralPhaseBounds.lean:37:46: Used `tac1 <;> tac2` where `(tac1; tac2)` would suffice
note: this linter can be disabled with `set_option linter.unnecessarySeqFocus false`
warning: ././././CyclicBell/GeneralPhaseBounds.lean:37:60: Used `tac1 <;> tac2` where `(tac1; tac2)` would suffice
note: this linter can be disabled with `set_option linter.unnecessarySeqFocus false`
warning: ././././CyclicBell/GeneralPhaseBounds.lean:84:26: Used `tac1 <;> tac2` where `(tac1; tac2)` would suffice
note: this linter can be disabled with `set_option linter.unnecessarySeqFocus false`
warning: ././././CyclicBell/GeneralPhaseBounds.lean:84:41: Used `tac1 <;> tac2` where `(tac1; tac2)` would suffice
note: this linter can be disabled with `set_option linter.unnecessarySeqFocus false`
warning: ././././CyclicBell/GeneralPhaseBounds.lean:86:26: Used `tac1 <;> tac2` where `(tac1; tac2)` would suffice
note: this linter can be disabled with `set_option linter.unnecessarySeqFocus false`
warning: ././././CyclicBell/GeneralPhaseBounds.lean:86:41: Used `tac1 <;> tac2` where `(tac1; tac2)` would suffice
note: this linter can be disabled with `set_option linter.unnecessarySeqFocus false`
warning: ././././CyclicBell/GeneralPhaseBounds.lean:133:60: 'push_cast' tactic does nothing
note: this linter can be disabled with `set_option linter.unusedTactic false`
warning: ././././CyclicBell/GeneralPhaseBounds.lean:133:74: 'ring' tactic does nothing
note: this linter can be disabled with `set_option linter.unusedTactic false`
warning: ././././CyclicBell/GeneralPhaseBounds.lean:135:60: 'push_cast' tactic does nothing
note: this linter can be disabled with `set_option linter.unusedTactic false`
warning: ././././CyclicBell/GeneralPhaseBounds.lean:135:74: 'ring' tactic does nothing
note: this linter can be disabled with `set_option linter.unusedTactic false`
warning: ././././CyclicBell/GeneralPhaseBounds.lean:137:60: 'push_cast' tactic does nothing
note: this linter can be disabled with `set_option linter.unusedTactic false`
warning: ././././CyclicBell/GeneralPhaseBounds.lean:139:60: 'push_cast' tactic does nothing
note: this linter can be disabled with `set_option linter.unusedTactic false`
warning: ././././CyclicBell/GeneralPhaseBounds.lean:139:74: 'ring' tactic does nothing
note: this linter can be disabled with `set_option linter.unusedTactic false`
warning: ././././CyclicBell/GeneralPhaseBounds.lean:133:60: this tactic is never executed
note: this linter can be disabled with `set_option linter.unreachableTactic false`
warning: ././././CyclicBell/GeneralPhaseBounds.lean:133:74: this tactic is never executed
note: this linter can be disabled with `set_option linter.unreachableTactic false`
warning: ././././CyclicBell/GeneralPhaseBounds.lean:135:60: this tactic is never executed
note: this linter can be disabled with `set_option linter.unreachableTactic false`
warning: ././././CyclicBell/GeneralPhaseBounds.lean:135:74: this tactic is never executed
note: this linter can be disabled with `set_option linter.unreachableTactic false`
warning: ././././CyclicBell/GeneralPhaseBounds.lean:139:60: this tactic is never executed
note: this linter can be disabled with `set_option linter.unreachableTactic false`
warning: ././././CyclicBell/GeneralPhaseBounds.lean:139:74: this tactic is never executed
note: this linter can be disabled with `set_option linter.unreachableTactic false`
warning: ././././CyclicBell/GeneralPhaseBounds.lean:137:56: Used `tac1 <;> tac2` where `(tac1; tac2)` would suffice
note: this linter can be disabled with `set_option linter.unnecessarySeqFocus false`
warning: ././././CyclicBell/GeneralPhaseBounds.lean:137:70: Used `tac1 <;> tac2` where `(tac1; tac2)` would suffice
note: this linter can be disabled with `set_option linter.unnecessarySeqFocus false`
warning: ././././CyclicBell/GeneralPhaseBounds.lean:148:0: automatically included section variable(s) unused in theorem 'CyclicBell.General.standard_numerator':
  [NeZero d]
consider restructuring your `variable` declarations so that the variables are not in scope or explicitly omit them:
  omit [NeZero d] in theorem ...
note: this linter can be disabled with `set_option linter.unusedSectionVars false`
warning: ././././CyclicBell/GeneralPhaseBounds.lean:239:76: Used `tac1 <;> tac2` where `(tac1; tac2)` would suffice
note: this linter can be disabled with `set_option linter.unnecessarySeqFocus false`
⚠ [2858/2860] Replayed CyclicBell.GeneralAnchoredTables
warning: ././././CyclicBell/GeneralAnchoredTables.lean:34:33: 'push_cast' tactic does nothing
note: this linter can be disabled with `set_option linter.unusedTactic false`
warning: ././././CyclicBell/GeneralAnchoredTables.lean:36:33: 'push_cast' tactic does nothing
note: this linter can be disabled with `set_option linter.unusedTactic false`
warning: ././././CyclicBell/GeneralAnchoredTables.lean:36:47: 'ring' tactic does nothing
note: this linter can be disabled with `set_option linter.unusedTactic false`
warning: ././././CyclicBell/GeneralAnchoredTables.lean:36:33: this tactic is never executed
note: this linter can be disabled with `set_option linter.unreachableTactic false`
warning: ././././CyclicBell/GeneralAnchoredTables.lean:36:47: this tactic is never executed
note: this linter can be disabled with `set_option linter.unreachableTactic false`
warning: ././././CyclicBell/GeneralAnchoredTables.lean:34:29: Used `tac1 <;> tac2` where `(tac1; tac2)` would suffice
note: this linter can be disabled with `set_option linter.unnecessarySeqFocus false`
warning: ././././CyclicBell/GeneralAnchoredTables.lean:34:43: Used `tac1 <;> tac2` where `(tac1; tac2)` would suffice
note: this linter can be disabled with `set_option linter.unnecessarySeqFocus false`
warning: ././././CyclicBell/GeneralAnchoredTables.lean:88:74: Used `tac1 <;> tac2` where `(tac1; tac2)` would suffice
note: this linter can be disabled with `set_option linter.unnecessarySeqFocus false`
warning: ././././CyclicBell/GeneralAnchoredTables.lean:123:6: 'rw [show Real.pi * (-(1 / 2) : ℝ) / 2 = -(Real.pi / 4) by ring, Real.sin_neg, neg_sq,
  Real.sin_pi_div_four]' tactic does nothing
note: this linter can be disabled with `set_option linter.unusedTactic false`
warning: ././././CyclicBell/GeneralAnchoredTables.lean:123:103: 'norm_num' tactic does nothing
note: this linter can be disabled with `set_option linter.unusedTactic false`
warning: ././././CyclicBell/GeneralAnchoredTables.lean:126:6: 'rw [show Real.pi * (-(3 / 2) : ℝ) / 2 = -(Real.pi - Real.pi / 4) by ring, Real.sin_neg, neg_sq, Real.sin_pi_sub,
  Real.sin_pi_div_four]' tactic does nothing
note: this linter can be disabled with `set_option linter.unusedTactic false`
warning: ././././CyclicBell/GeneralAnchoredTables.lean:126:127: 'norm_num' tactic does nothing
note: this linter can be disabled with `set_option linter.unusedTactic false`
warning: ././././CyclicBell/GeneralAnchoredTables.lean:123:55: this tactic is never executed
note: this linter can be disabled with `set_option linter.unreachableTactic false`
warning: ././././CyclicBell/GeneralAnchoredTables.lean:123:103: this tactic is never executed
note: this linter can be disabled with `set_option linter.unreachableTactic false`
warning: ././././CyclicBell/GeneralAnchoredTables.lean:126:6: this tactic is never executed
note: this linter can be disabled with `set_option linter.unreachableTactic false`
warning: ././././CyclicBell/GeneralAnchoredTables.lean:126:127: this tactic is never executed
note: this linter can be disabled with `set_option linter.unreachableTactic false`
⚠ [2859/2860] Built CyclicBell.GeneralPhaseEntropy
warning: ././././CyclicBell/GeneralPhaseEntropy.lean:80:6: Used `tac1 <;> tac2` where `(tac1; tac2)` would suffice
note: this linter can be disabled with `set_option linter.unnecessarySeqFocus false`
✔ [2860/2860] Built CyclicBell.PhaseTableStatements
Build completed successfully.
