⚠ [2795/2799] Replayed Kourovka.Linear.Basis
warning: ././././Kourovka/Linear/Basis.lean:14:8: automatically included section variable(s) unused in theorem 'Kourovka.Linear.unitVec_same':
  [Fintype I]
consider restructuring your `variable` declarations so that the variables are not in scope or explicitly omit them:
  omit [Fintype I] in theorem ...
note: this linter can be disabled with `set_option linter.unusedSectionVars false`
warning: ././././Kourovka/Linear/Basis.lean:17:8: automatically included section variable(s) unused in theorem 'Kourovka.Linear.unitVec_other':
  [Fintype I]
consider restructuring your `variable` declarations so that the variables are not in scope or explicitly omit them:
  omit [Fintype I] in theorem ...
note: this linter can be disabled with `set_option linter.unusedSectionVars false`
⚠ [2797/2799] Replayed Kourovka.Ambient.IntData
warning: ././././Kourovka/Ambient/IntData.lean:340:78: unused variable `j`
note: this linter can be disabled with `set_option linter.unusedVariables false`
warning: ././././Kourovka/Ambient/IntData.lean:340:80: unused variable `k`
note: this linter can be disabled with `set_option linter.unusedVariables false`
warning: ././././Kourovka/Ambient/IntData.lean:340:82: unused variable `o`
note: this linter can be disabled with `set_option linter.unusedVariables false`
warning: ././././Kourovka/Ambient/IntData.lean:341:76: unused variable `j`
note: this linter can be disabled with `set_option linter.unusedVariables false`
✖ [2799/2799] Building Kourovka.Ambient.Checks.Chunk00
trace: .> LEAN_PATH=././.lake/packages/Cli/.lake/build/lib/lean:././.lake/packages/batteries/.lake/build/lib/lean:././.lake/packages/Qq/.lake/build/lib/lean:././.lake/packages/aesop/.lake/build/lib/lean:././.lake/packages/proofwidgets/.lake/build/lib/lean:././.lake/packages/importGraph/.lake/build/lib/lean:././.lake/packages/LeanSearchClient/.lake/build/lib/lean:././.lake/packages/plausible/.lake/build/lib/lean:././.lake/packages/mathlib/.lake/build/lib/lean:././.lake/build/lib/lean /Users/alec/.elan/toolchains/leanprover--lean4---v4.19.0/bin/lean ././././Kourovka/Ambient/Checks/Chunk00.lean -R ./././. -o ././.lake/build/lib/lean/Kourovka/Ambient/Checks/Chunk00.olean -i ././.lake/build/lib/lean/Kourovka/Ambient/Checks/Chunk00.ilean -c ././.lake/build/ir/Kourovka/Ambient/Checks/Chunk00.c --json
error: Lean exited with code 137
Some required builds logged failures:
- Kourovka.Ambient.Checks.Chunk00
error: build failed
