✖ [1020/1157] Running Mathlib.Algebra.Group.Aut
error: no such file or directory (error code: 2)
  file: ././.lake/packages/mathlib/././Mathlib/Algebra/Group/Aut.lean
✖ [1021/1157] Running Kourovka.Challenge
error: ././././Kourovka/Challenge.lean: bad import 'Mathlib.Algebra.Group.Aut'
✖ [2797/2798] Building Kourovka.Parameters
trace: .> LEAN_PATH=././.lake/packages/Cli/.lake/build/lib/lean:././.lake/packages/batteries/.lake/build/lib/lean:././.lake/packages/Qq/.lake/build/lib/lean:././.lake/packages/aesop/.lake/build/lib/lean:././.lake/packages/proofwidgets/.lake/build/lib/lean:././.lake/packages/importGraph/.lake/build/lib/lean:././.lake/packages/LeanSearchClient/.lake/build/lib/lean:././.lake/packages/plausible/.lake/build/lib/lean:././.lake/packages/mathlib/.lake/build/lib/lean:././.lake/build/lib/lean /Users/alec/.elan/toolchains/leanprover--lean4---v4.19.0/bin/lean ././././Kourovka/Parameters.lean -R ./././. -o ././.lake/build/lib/lean/Kourovka/Parameters.olean -i ././.lake/build/lib/lean/Kourovka/Parameters.ilean -c ././.lake/build/ir/Kourovka/Parameters.c --json
error: ././././Kourovka/Parameters.lean:20:54: unsolved goals
⊢ 846 < 1009
error: Lean exited with code 1
⚠ [2798/2798] Built Kourovka.Linear.Basis
warning: ././././Kourovka/Linear/Basis.lean:14:8: automatically included section variable(s) unused in theorem 'Kourovka.Linear.unitVec_same':
  [Fintype I]
consider restructuring your `variable` declarations so that the variables are not in scope or explicitly omit them:
  omit [Fintype I] in theorem ...
note: this linter can be disabled with `set_option linter.unusedSectionVars false`
warning: ././././Kourovka/Linear/Basis.lean:17:8: automatically included section variable(s) unused in theorem 'Kourovka.Linear.unitVec_other':
  [Fintype I]
consider restructuring your `variable` declarations so that the variables are not in scope or explicitly omit them:
  omit [Fintype I] in theorem ...
note: this linter can be disabled with `set_option linter.unusedSectionVars false`
Some required builds logged failures:
- Mathlib.Algebra.Group.Aut
- Kourovka.Challenge
- Kourovka.Parameters
error: build failed
