Kourovka/Finite/BracketTrees.lean:27:8: warning: automatically included section variable(s) unused in theorem 'Kourovka.Finite.BracketTree.length_map':
  [AddCommGroup V]
consider restructuring your `variable` declarations so that the variables are not in scope or explicitly omit them:
  omit [AddCommGroup V] in theorem ...
note: this linter can be disabled with `set_option linter.unusedSectionVars false`
Kourovka/Finite/BracketTrees.lean:33:0: warning: automatically included section variable(s) unused in theorem 'Kourovka.Finite.BracketTree.length_pos':
  [AddCommGroup V]
consider restructuring your `variable` declarations so that the variables are not in scope or explicitly omit them:
  omit [AddCommGroup V] in theorem ...
note: this linter can be disabled with `set_option linter.unusedSectionVars false`
Kourovka/Finite/BracketTrees.lean:49:8: warning: automatically included section variable(s) unused in theorem 'Kourovka.Finite.BracketTree.map_map':
  [AddCommGroup V]
consider restructuring your `variable` declarations so that the variables are not in scope or explicitly omit them:
  omit [AddCommGroup V] in theorem ...
note: this linter can be disabled with `set_option linter.unusedSectionVars false`
Kourovka/Finite/BracketTrees.lean:55:8: warning: automatically included section variable(s) unused in theorem 'Kourovka.Finite.BracketTree.map_id':
  [AddCommGroup V]
consider restructuring your `variable` declarations so that the variables are not in scope or explicitly omit them:
  omit [AddCommGroup V] in theorem ...
note: this linter can be disabled with `set_option linter.unusedSectionVars false`
