✖ [2793/2998] Running Mathlib.Data.List.ToFinset
error: no such file or directory (error code: 2)
  file: ././.lake/packages/mathlib/././Mathlib/Data/List/ToFinset.lean
✖ [2794/2998] Running Kourovka.BCH.CoefficientSoundness
error: ././././Kourovka/BCH/CoefficientSoundness.lean: bad import 'Mathlib.Data.List.ToFinset'
✖ [2795/2998] Running Mathlib.LinearAlgebra.Basic
error: no such file or directory (error code: 2)
  file: ././.lake/packages/mathlib/././Mathlib/LinearAlgebra/Basic.lean
✖ [2796/2998] Running Kourovka.Certificates.KernelTransport
error: ././././Kourovka/Certificates/KernelTransport.lean: bad import 'Mathlib.LinearAlgebra.Basic'
✖ [2797/2998] Running Kourovka.Certificates.DiagonalKernel
error: ././././Kourovka/Certificates/DiagonalKernel.lean: bad import 'Kourovka.Certificates.KernelTransport'
✖ [2798/2998] Running Kourovka.Certificates.Elementary
error: ././././Kourovka/Certificates/Elementary.lean: bad import 'Kourovka.Certificates.KernelTransport'
✖ [2799/2998] Running Mathlib.GroupTheory.Automorphism
error: no such file or directory (error code: 2)
  file: ././.lake/packages/mathlib/././Mathlib/GroupTheory/Automorphism.lean
✖ [2800/2998] Running Kourovka.Challenge
error: ././././Kourovka/Challenge.lean: bad import 'Mathlib.GroupTheory.Automorphism'
✖ [2801/2998] Running Kourovka.Finite.AdditiveLinear
error: ././././Kourovka/Finite/AdditiveLinear.lean: bad import 'Mathlib.LinearAlgebra.Basic'
✖ [2802/2998] Running Kourovka.Finite.Coordinates
error: ././././Kourovka/Finite/Coordinates.lean: bad import 'Kourovka.Finite.AdditiveLinear'
✖ [2924/3033] Running Kourovka.Finite.Nilpotency
error: ././././Kourovka/Finite/Nilpotency.lean: bad import 'Kourovka.Finite.Coordinates'
✖ [2935/3033] Running Kourovka.Finite.PadicQuotient
error: ././././Kourovka/Finite/PadicQuotient.lean: bad import 'Kourovka.Finite.Coordinates'
✖ [2936/3033] Running Kourovka.Finite.LieAutomorphisms
error: ././././Kourovka/Finite/LieAutomorphisms.lean: bad import 'Kourovka.Finite.Coordinates'
✖ [2937/3033] Running Kourovka.Lattice.NearIdentity
error: ././././Kourovka/Lattice/NearIdentity.lean: bad import 'Kourovka.Finite.Coordinates'
✖ [2938/3033] Running Kourovka
error: ././././Kourovka.lean: bad import 'Kourovka.BCH.CoefficientSoundness'
error: ././././Kourovka.lean: bad import 'Kourovka.Certificates.DiagonalKernel'
error: ././././Kourovka.lean: bad import 'Kourovka.Certificates.Elementary'
error: ././././Kourovka.lean: bad import 'Kourovka.Certificates.KernelTransport'
error: ././././Kourovka.lean: bad import 'Kourovka.Challenge'
error: ././././Kourovka.lean: bad import 'Kourovka.Finite.AdditiveLinear'
error: ././././Kourovka.lean: bad import 'Kourovka.Finite.Coordinates'
error: ././././Kourovka.lean: bad import 'Kourovka.Finite.Nilpotency'
error: ././././Kourovka.lean: bad import 'Kourovka.Finite.PadicQuotient'
error: ././././Kourovka.lean: bad import 'Kourovka.Finite.LieAutomorphisms'
error: ././././Kourovka.lean: bad import 'Kourovka.Lattice.NearIdentity'
✔ [2939/3033] Built Kourovka.ExportedData
✔ [2940/3033] Built Kourovka.RawCoefficients
✔ [2941/3033] Built Kourovka.Words
✖ [2942/3033] Building Kourovka.Parameters
trace: .> LEAN_PATH=././.lake/packages/Cli/.lake/build/lib/lean:././.lake/packages/batteries/.lake/build/lib/lean:././.lake/packages/Qq/.lake/build/lib/lean:././.lake/packages/aesop/.lake/build/lib/lean:././.lake/packages/proofwidgets/.lake/build/lib/lean:././.lake/packages/importGraph/.lake/build/lib/lean:././.lake/packages/LeanSearchClient/.lake/build/lib/lean:././.lake/packages/plausible/.lake/build/lib/lean:././.lake/packages/mathlib/.lake/build/lib/lean:././.lake/build/lib/lean /Users/alec/.elan/toolchains/leanprover--lean4---v4.19.0/bin/lean ././././Kourovka/Parameters.lean -R ./././. -o ././.lake/build/lib/lean/Kourovka/Parameters.olean -i ././.lake/build/lib/lean/Kourovka/Parameters.ilean -c ././.lake/build/ir/Kourovka/Parameters.c --json
error: ././././Kourovka/Parameters.lean:14:43: unsolved goals
⊢ Nat.Prime 1009
error: Lean exited with code 1
✔ [2943/3033] Built Kourovka.Bracket
✖ [2944/3033] Building Kourovka.Certificates.ScalarKernel
trace: .> LEAN_PATH=././.lake/packages/Cli/.lake/build/lib/lean:././.lake/packages/batteries/.lake/build/lib/lean:././.lake/packages/Qq/.lake/build/lib/lean:././.lake/packages/aesop/.lake/build/lib/lean:././.lake/packages/proofwidgets/.lake/build/lib/lean:././.lake/packages/importGraph/.lake/build/lib/lean:././.lake/packages/LeanSearchClient/.lake/build/lib/lean:././.lake/packages/plausible/.lake/build/lib/lean:././.lake/packages/mathlib/.lake/build/lib/lean:././.lake/build/lib/lean /Users/alec/.elan/toolchains/leanprover--lean4---v4.19.0/bin/lean ././././Kourovka/Certificates/ScalarKernel.lean -R ./././. -o ././.lake/build/lib/lean/Kourovka/Certificates/ScalarKernel.olean -i ././.lake/build/lib/lean/Kourovka/Certificates/ScalarKernel.ilean -c ././.lake/build/ir/Kourovka/Certificates/ScalarKernel.c --json
error: ././././Kourovka/Certificates/ScalarKernel.lean:26:38: unknown identifier 'hc'
error: ././././Kourovka/Certificates/ScalarKernel.lean:28:2: type mismatch, term
  x.property
after simplification has type
  ↑c * ↑x = 0 : Prop
but is expected to have type
  ↑c * ↑(↑x).val = 0 : Prop
error: ././././Kourovka/Certificates/ScalarKernel.lean:31:46: unknown identifier 'hq'
error: ././././Kourovka/Certificates/ScalarKernel.lean:30:62: unsolved goals
c q : ℕ
t : Fin c
⊢ q * ↑t < c * q
error: ././././Kourovka/Certificates/ScalarKernel.lean:38:10: failed to synthesize
  NeZero (c * q)

Additional diagnostic information may be available using the `set_option diagnostics true` command.
error: ././././Kourovka/Certificates/ScalarKernel.lean:49:50: application type mismatch
  Kourovka.Certificates.ScalarKernel.kernel_divisible c q hc
argument
  hc
has type
  0 < c : Prop
but is expected to have type
  Carrier c q : Type
error: ././././Kourovka/Certificates/ScalarKernel.lean:45:14: unsolved goals
case a
c q : ℕ
hc : 0 < c
hq : 0 < q
x : Carrier c q
⊢ ↑(q * ((↑x).val / q)) = ↑x
error: ././././Kourovka/Certificates/ScalarKernel.lean:55:51: application type mismatch
  Kourovka.Certificates.ScalarKernel.multiple_bound c q hc
argument
  hc
has type
  0 < c : Prop
but is expected to have type
  Fin c : Type
error: ././././Kourovka/Certificates/ScalarKernel.lean:51:15: unsolved goals
case h
c q : ℕ
hc : 0 < c
hq : 0 < q
t : Fin c
⊢ (↑(q * ↑t)).val / q = ↑t
error: ././././Kourovka/Certificates/ScalarKernel.lean:60:35: unknown identifier 'hc'
error: ././././Kourovka/Certificates/ScalarKernel.lean:60:38: unknown identifier 'hq'
error: ././././Kourovka/Certificates/ScalarKernel.lean:59:45: unsolved goals
c q : ℕ
⊢ Nat.card (Carrier c q) = c
error: ././././Kourovka/Certificates/ScalarKernel.lean:69:12: function expected at
  card (p ^ v) (p ^ (i - v))
term has type
  Nat.card (Carrier (p ^ v) (p ^ (i - v))) = p ^ v
error: ././././Kourovka/Certificates/ScalarKernel.lean:67:62: unsolved goals
p i v : ℕ
hp : 0 < p
hv : v ≤ i
he : p ^ v * p ^ (i - v) = p ^ i
⊢ Nat.card { x // ↑(p ^ v) * x = 0 } = p ^ v
error: Lean exited with code 1
✔ [2945/3033] Built Kourovka.FlagScalars
✖ [2946/3033] Building Kourovka.Analytic.NilpotentUnit
trace: .> LEAN_PATH=././.lake/packages/Cli/.lake/build/lib/lean:././.lake/packages/batteries/.lake/build/lib/lean:././.lake/packages/Qq/.lake/build/lib/lean:././.lake/packages/aesop/.lake/build/lib/lean:././.lake/packages/proofwidgets/.lake/build/lib/lean:././.lake/packages/importGraph/.lake/build/lib/lean:././.lake/packages/LeanSearchClient/.lake/build/lib/lean:././.lake/packages/plausible/.lake/build/lib/lean:././.lake/packages/mathlib/.lake/build/lib/lean:././.lake/build/lib/lean /Users/alec/.elan/toolchains/leanprover--lean4---v4.19.0/bin/lean ././././Kourovka/Analytic/NilpotentUnit.lean -R ./././. -o ././.lake/build/lib/lean/Kourovka/Analytic/NilpotentUnit.olean -i ././.lake/build/lib/lean/Kourovka/Analytic/NilpotentUnit.ilean -c ././.lake/build/ir/Kourovka/Analytic/NilpotentUnit.c --json
error: ././././Kourovka/Analytic/NilpotentUnit.lean:63:10: invalid field 'add_right', the environment does not contain 'Eq.add_right'
  Eq.symm (Algebra.commutes c X)
has type
  X * (algebraMap R A) c = (algebraMap R A) c * X
error: ././././Kourovka/Analytic/NilpotentUnit.lean:80:13: failed to synthesize
  Inv (Module.End R M)

Additional diagnostic information may be available using the `set_option diagnostics true` command.
error: ././././Kourovka/Analytic/NilpotentUnit.lean:107:21: failed to synthesize
  Inv (Module.End R M)

Additional diagnostic information may be available using the `set_option diagnostics true` command.
error: ././././Kourovka/Analytic/NilpotentUnit.lean:113:65: invalid `▸` notation, expected result type of cast is 
  X v ∈ S
however, the equality 
  he
of type 
  (fun D => D (X v)) (U.inv * ↑U) = (fun D => D (X v)) 1
does not contain the expected result type on either the left or the right hand side
error: Lean exited with code 1
✖ [2947/3033] Building Kourovka.BCH.Dynkin
trace: .> LEAN_PATH=././.lake/packages/Cli/.lake/build/lib/lean:././.lake/packages/batteries/.lake/build/lib/lean:././.lake/packages/Qq/.lake/build/lib/lean:././.lake/packages/aesop/.lake/build/lib/lean:././.lake/packages/proofwidgets/.lake/build/lib/lean:././.lake/packages/importGraph/.lake/build/lib/lean:././.lake/packages/LeanSearchClient/.lake/build/lib/lean:././.lake/packages/plausible/.lake/build/lib/lean:././.lake/packages/mathlib/.lake/build/lib/lean:././.lake/build/lib/lean /Users/alec/.elan/toolchains/leanprover--lean4---v4.19.0/bin/lean ././././Kourovka/BCH/Dynkin.lean -R ./././. -o ././.lake/build/lib/lean/Kourovka/BCH/Dynkin.olean -i ././.lake/build/lib/lean/Kourovka/BCH/Dynkin.ilean -c ././.lake/build/ir/Kourovka/BCH/Dynkin.c --json
warning: ././././Kourovka/BCH/Dynkin.lean:72:24: `List.append_eq_nil` has been deprecated: use `List.append_eq_nil_iff` instead
warning: ././././Kourovka/BCH/Dynkin.lean:139:48: `List.append_eq_nil` has been deprecated: use `List.append_eq_nil_iff` instead
error: ././././Kourovka/BCH/Dynkin.lean:143:6: 'change' tactic failed, pattern
  ⁅s a, dynkinWord s (b :: rest)⁆ = ⁅s a, wordAction s w (dynkinWord s v)⁆
is not definitionally equal to target
  dynkinWord s (a :: w ++ v) = wordAction s (a :: w) (dynkinWord s v)
error: ././././Kourovka/BCH/Dynkin.lean:152:16: unsolved goals
case cons.mk
α : Type u_1
L : Type u_2
inst✝ : LieRing L
s : α → L
P : List (ℤ × List α)
ih : polyAction s P 0 = 0
c : ℤ
w : List α
⊢ Poly.sumEval (fun w => 0) P = 0
error: ././././Kourovka/BCH/Dynkin.lean:231:4: 'change' tactic failed, pattern
  polyAction s (a.expand.mul b.expand) z - polyAction s (b.expand.mul a.expand) z = ?m.15978
is not definitionally equal to target
  Poly.sumEval (fun w => wordAction s w z) (a.expand.mul b.expand) +
      -Poly.sumEval (fun w => wordAction s w z) (b.expand.mul a.expand) =
    ⁅LieWord.eval s (a.comm b), z⁆
error: ././././Kourovka/BCH/Dynkin.lean:246:4: 'change' tactic failed, pattern
  dynkin s (a.expand.mul b.expand) - dynkin s (b.expand.mul a.expand) = ?m.16439
is not definitionally equal to target
  Poly.sumEval (dynkinWord s) (a.expand.mul b.expand) + -Poly.sumEval (dynkinWord s) (b.expand.mul a.expand) =
    (a.comm b).degree • LieWord.eval s (a.comm b)
error: Lean exited with code 1
✖ [2948/3033] Building Kourovka.Linear.Basis
trace: .> LEAN_PATH=././.lake/packages/Cli/.lake/build/lib/lean:././.lake/packages/batteries/.lake/build/lib/lean:././.lake/packages/Qq/.lake/build/lib/lean:././.lake/packages/aesop/.lake/build/lib/lean:././.lake/packages/proofwidgets/.lake/build/lib/lean:././.lake/packages/importGraph/.lake/build/lib/lean:././.lake/packages/LeanSearchClient/.lake/build/lib/lean:././.lake/packages/plausible/.lake/build/lib/lean:././.lake/packages/mathlib/.lake/build/lib/lean:././.lake/build/lib/lean /Users/alec/.elan/toolchains/leanprover--lean4---v4.19.0/bin/lean ././././Kourovka/Linear/Basis.lean -R ./././. -o ././.lake/build/lib/lean/Kourovka/Linear/Basis.olean -i ././.lake/build/lib/lean/Kourovka/Linear/Basis.ilean -c ././.lake/build/ir/Kourovka/Linear/Basis.c --json
warning: ././././Kourovka/Linear/Basis.lean:14:8: automatically included section variable(s) unused in theorem 'Kourovka.Linear.unitVec_same':
  [Fintype I]
consider restructuring your `variable` declarations so that the variables are not in scope or explicitly omit them:
  omit [Fintype I] in theorem ...
note: this linter can be disabled with `set_option linter.unusedSectionVars false`
warning: ././././Kourovka/Linear/Basis.lean:17:8: automatically included section variable(s) unused in theorem 'Kourovka.Linear.unitVec_other':
  [Fintype I]
consider restructuring your `variable` declarations so that the variables are not in scope or explicitly omit them:
  omit [Fintype I] in theorem ...
note: this linter can be disabled with `set_option linter.unusedSectionVars false`
info: ././././Kourovka/Linear/Basis.lean:75:8: Try this: abel_nf
error: ././././Kourovka/Linear/Basis.lean:71:18: unsolved goals
case h.h.h
R : Type u_1
inst✝⁴ : CommRing R
I : Type u_2
inst✝³ : Fintype I
inst✝² : DecidableEq I
V : Type u_3
inst✝¹ : AddCommGroup V
inst✝ : Module R V
b : (I → R) →ₗ[R] (I → R) →ₗ[R] I → R
u v z : I → R
w x✝ : I
⊢ ({
          toFun := fun w =>
            (b u) ((b v) w) +
              ((b u) ((b z) w) +
                (-1 • (b ((b u) v)) w + (-1 • (b ((b u) z)) w + (-1 • (b v) ((b u) w) + -1 • (b z) ((b u) w))))),
          map_add' := ⋯, map_smul' := ⋯ } ∘ₗ
        LinearMap.single R (fun i => R) w)
      1 x✝ =
    (({ toFun := fun w => (b u) ((b v) w) + (-1 • (b ((b u) v)) w + -1 • (b v) ((b u) w)), map_add' := ⋯,
            map_smul' := ⋯ } +
          { toFun := fun w => (b u) ((b z) w) + (-1 • (b ((b u) z)) w + -1 • (b z) ((b u) w)), map_add' := ⋯,
            map_smul' := ⋯ }) ∘ₗ
        LinearMap.single R (fun i => R) w)
      1 x✝
error: ././././Kourovka/Linear/Basis.lean:76:19: unsolved goals
case h.h.h
R : Type u_1
inst✝⁴ : CommRing R
I : Type u_2
inst✝³ : Fintype I
inst✝² : DecidableEq I
V : Type u_3
inst✝¹ : AddCommGroup V
inst✝ : Module R V
b : (I → R) →ₗ[R] (I → R) →ₗ[R] I → R
u : I → R
a : R
v : I → R
w x✝ : I
⊢ ({ toFun := fun w => a • (b u) ((b v) w) - a • (b ((b u) v)) w - a • (b v) ((b u) w), map_add' := ⋯,
          map_smul' := ⋯ } ∘ₗ
        LinearMap.single R (fun i => R) w)
      1 x✝ =
    ((a • { toFun := fun w => (b u) ((b v) w) - (b ((b u) v)) w - (b v) ((b u) w), map_add' := ⋯, map_smul' := ⋯ }) ∘ₗ
        LinearMap.single R (fun i => R) w)
      1 x✝
error: ././././Kourovka/Linear/Basis.lean:84:4: tactic 'simp' failed, nested error:
(deterministic) timeout at `simp`, maximum number of heartbeats (200000) has been reached
Use `set_option maxHeartbeats <num>` to set the limit.

Additional diagnostic information may be available using the `set_option diagnostics true` command.
error: ././././Kourovka/Linear/Basis.lean:86:4: (deterministic) timeout at `«tactic execution»`, maximum number of heartbeats (200000) has been reached
Use `set_option maxHeartbeats <num>` to set the limit.

Additional diagnostic information may be available using the `set_option diagnostics true` command.
error: ././././Kourovka/Linear/Basis.lean:59:4: (deterministic) timeout at `whnf`, maximum number of heartbeats (200000) has been reached
Use `set_option maxHeartbeats <num>` to set the limit.

Additional diagnostic information may be available using the `set_option diagnostics true` command.
error: ././././Kourovka/Linear/Basis.lean:97:12: unknown identifier 'jacobiTensor'
error: ././././Kourovka/Linear/Basis.lean:104:34: function expected at
  F
term has type
  ℕ
error: Lean exited with code 1
