⚠ [2795/2797] Replayed Kourovka.Linear.Basis
warning: ././././Kourovka/Linear/Basis.lean:14:8: automatically included section variable(s) unused in theorem 'Kourovka.Linear.unitVec_same':
  [Fintype I]
consider restructuring your `variable` declarations so that the variables are not in scope or explicitly omit them:
  omit [Fintype I] in theorem ...
note: this linter can be disabled with `set_option linter.unusedSectionVars false`
warning: ././././Kourovka/Linear/Basis.lean:17:8: automatically included section variable(s) unused in theorem 'Kourovka.Linear.unitVec_other':
  [Fintype I]
consider restructuring your `variable` declarations so that the variables are not in scope or explicitly omit them:
  omit [Fintype I] in theorem ...
note: this linter can be disabled with `set_option linter.unusedSectionVars false`
⚠ [2797/2797] Replayed Kourovka.Ambient.IntData
warning: ././././Kourovka/Ambient/IntData.lean:340:78: unused variable `j`
note: this linter can be disabled with `set_option linter.unusedVariables false`
warning: ././././Kourovka/Ambient/IntData.lean:340:80: unused variable `k`
note: this linter can be disabled with `set_option linter.unusedVariables false`
warning: ././././Kourovka/Ambient/IntData.lean:340:82: unused variable `o`
note: this linter can be disabled with `set_option linter.unusedVariables false`
warning: ././././Kourovka/Ambient/IntData.lean:341:76: unused variable `j`
note: this linter can be disabled with `set_option linter.unusedVariables false`
Build completed successfully.
