{
  "GL_generator_incidence_checks": 317,
  "algebra_mutation_control_count": 8,
  "algebra_mutation_controls": [
    {
      "exit_code": 1,
      "identity": "minimum replaced by maximum",
      "intended_rejection_reason": "linear minimum support",
      "intended_rejection_reason_matched": true,
      "rejected": true,
      "stderr": "REJECT: current check: linear minimum support\n",
      "stdout": ""
    },
    {
      "exit_code": 1,
      "identity": "retain zero projective coordinate",
      "intended_rejection_reason": "projective minimum support",
      "intended_rejection_reason_matched": true,
      "rejected": true,
      "stderr": "REJECT: current check: projective minimum support\n",
      "stdout": ""
    },
    {
      "exit_code": 1,
      "identity": "drop zero from hyperplane sum",
      "intended_rejection_reason": "hyperplane identity",
      "intended_rejection_reason_matched": true,
      "rejected": true,
      "stderr": "REJECT: current check: hyperplane identity\n",
      "stdout": ""
    },
    {
      "exit_code": 1,
      "identity": "invert containment requirement",
      "intended_rejection_reason": "chain containment",
      "intended_rejection_reason_matched": true,
      "rejected": true,
      "stderr": "REJECT: current check: chain containment\n",
      "stdout": ""
    },
    {
      "exit_code": 1,
      "identity": "invert strict rank drop",
      "intended_rejection_reason": "strict rank drop",
      "intended_rejection_reason_matched": true,
      "rejected": true,
      "stderr": "REJECT: current check: strict rank drop\n",
      "stdout": ""
    },
    {
      "exit_code": 1,
      "identity": "replace linear generator by constant zero",
      "intended_rejection_reason": "GL generator invariance",
      "intended_rejection_reason_matched": true,
      "rejected": true,
      "stderr": "REJECT: current check: GL generator invariance\n",
      "stdout": ""
    },
    {
      "exit_code": 1,
      "identity": "destroy ternary partial isomorphism",
      "intended_rejection_reason": "ternary partial isomorphism",
      "intended_rejection_reason_matched": true,
      "rejected": true,
      "stderr": "REJECT: current check: ternary partial isomorphism\n",
      "stdout": ""
    },
    {
      "exit_code": 1,
      "identity": "erase dependency obstruction",
      "intended_rejection_reason": "dependency obstruction",
      "intended_rejection_reason_matched": true,
      "rejected": true,
      "stderr": "REJECT: current check: dependency obstruction\n",
      "stdout": ""
    }
  ],
  "containment_incidence_checks": 60,
  "dependency_obstruction": true,
  "document_byte_check_count": 7,
  "document_byte_checks": [
    {
      "bytes": 896,
      "document": "accepted/AUDIT_STATUS.json",
      "preserved": true,
      "sha256": "9aea4be1283325a52e1a36bd697ef38f1d78d7c59603a22d9a353b3ed8df8efc"
    },
    {
      "bytes": 2947,
      "document": "accepted/CHECK_RESULTS.json",
      "preserved": true,
      "sha256": "688e25aa00dc5429be4222c143e873df308ebdfeca1c2c1f4c11e25d993ef1c2"
    },
    {
      "bytes": 1024,
      "document": "accepted/MANIFEST.json",
      "preserved": true,
      "sha256": "81c70019d4d9cc6de42ede026009ea899e56199e93b23aeed50f1c587fa9f2fc"
    },
    {
      "bytes": 3211,
      "document": "accepted/SOURCE_METADATA.json",
      "preserved": true,
      "sha256": "cd98e52d1b28ee929ef5e39a8d24a83da4f3800dc592a4799cfbc91ad02534c0"
    },
    {
      "bytes": 17715,
      "document": "accepted/SOURCE_SCOPE_AND_PRIOR_PROOF_AUDIT.md",
      "preserved": true,
      "sha256": "3fed365528ba84b4edd9f8f146190917e18a4084d3215ded51fe82ad9dbbe27f"
    },
    {
      "bytes": 2656,
      "document": "accepted/SOURCE_SCOPE_REPAIR.md",
      "preserved": true,
      "sha256": "984e49199391e3d26e68c32a67909c849a7bf91005e0a211580405d09cd94a3c"
    },
    {
      "bytes": 3890,
      "document": "accepted/verify_known_chain.py",
      "preserved": true,
      "sha256": "d36b57e55b0f92aa163f35697e1cfb5fcbd82b0780b931d1a57cdf9e64cd9105"
    }
  ],
  "euid": 1000,
  "finite_case_count": 10,
  "finite_tests": [
    {
      "affine_minimum_weight": 2,
      "affine_rank": 1,
      "ambient_dimension": 1,
      "generators": 1,
      "minimum_weight": 2,
      "projective_minimum_weight": 1,
      "projective_rank": 1,
      "rank": 1,
      "subspace_dimension": 1
    },
    {
      "affine_minimum_weight": 2,
      "affine_rank": 3,
      "ambient_dimension": 2,
      "generators": 3,
      "minimum_weight": 2,
      "projective_minimum_weight": 1,
      "projective_rank": 3,
      "rank": 3,
      "subspace_dimension": 1
    },
    {
      "affine_minimum_weight": 4,
      "affine_rank": 1,
      "ambient_dimension": 2,
      "generators": 1,
      "minimum_weight": 4,
      "projective_minimum_weight": 3,
      "projective_rank": 1,
      "rank": 1,
      "subspace_dimension": 2
    },
    {
      "affine_minimum_weight": 2,
      "affine_rank": 7,
      "ambient_dimension": 3,
      "generators": 7,
      "minimum_weight": 2,
      "projective_minimum_weight": 1,
      "projective_rank": 7,
      "rank": 7,
      "subspace_dimension": 1
    },
    {
      "affine_minimum_weight": 4,
      "affine_rank": 4,
      "ambient_dimension": 3,
      "generators": 7,
      "minimum_weight": 4,
      "projective_minimum_weight": 3,
      "projective_rank": 4,
      "rank": 4,
      "subspace_dimension": 2
    },
    {
      "affine_minimum_weight": 8,
      "affine_rank": 1,
      "ambient_dimension": 3,
      "generators": 1,
      "minimum_weight": 8,
      "projective_minimum_weight": 7,
      "projective_rank": 1,
      "rank": 1,
      "subspace_dimension": 3
    },
    {
      "affine_minimum_weight": 2,
      "affine_rank": 15,
      "ambient_dimension": 4,
      "generators": 15,
      "minimum_weight": 2,
      "projective_minimum_weight": 1,
      "projective_rank": 15,
      "rank": 15,
      "subspace_dimension": 1
    },
    {
      "affine_minimum_weight": 4,
      "affine_rank": 11,
      "ambient_dimension": 4,
      "generators": 35,
      "minimum_weight": 4,
      "projective_minimum_weight": 3,
      "projective_rank": 11,
      "rank": 11,
      "subspace_dimension": 2
    },
    {
      "affine_minimum_weight": 8,
      "affine_rank": 5,
      "ambient_dimension": 4,
      "generators": 15,
      "minimum_weight": 8,
      "projective_minimum_weight": 7,
      "projective_rank": 5,
      "rank": 5,
      "subspace_dimension": 3
    },
    {
      "affine_minimum_weight": 16,
      "affine_rank": 1,
      "ambient_dimension": 4,
      "generators": 1,
      "minimum_weight": 16,
      "projective_minimum_weight": 15,
      "projective_rank": 1,
      "rank": 1,
      "subspace_dimension": 4
    }
  ],
  "historical_checker_execution": "NOT_RUN",
  "historical_result_replay": "NOT_RUN",
  "hyperplane_identities": 60,
  "infinite_proof_basis": "Written induction and mathematical arguments in accepted audit; finite computation corroborates small cases only.",
  "problem_id": 30006513,
  "python_optimize": 1,
  "schema": 1,
  "scope_declaration_control_count": 2,
  "scope_declaration_controls": [
    {
      "identity": "exact acceptance declaration",
      "passed": true
    },
    {
      "identity": "exact status declaration",
      "passed": true
    }
  ],
  "source_theorem_computationally_certified": false,
  "status": "passed",
  "ternary_relation_triples": 125,
  "uid": 1000
}
