Exact certificate run, 2026-08-01 (America/Los_Angeles)

Command:
  PYTHONDONTWRITEBYTECODE=1 ../../.venv/bin/python verify_triangle_module.py

Output:
  PASS exact alpha_Bd
  PASS exact Y_Bd
  PASS exact alpha_dB
  PASS exact I_dB
  PASS exact X_Bd
  PASS limit alpha_Bd->1/3
  PASS limit alpha_dB->1/3
  PASS limit Y_Bd->1
  PASS limit 2delta X_Bd->1
  PASS limit I_dB->(2r+1)/(2r)
  PASS limit J_dB->(r+2)/2
  PASS macro thresholds
  PASS center reverse ratios
  PASS endpoint comparison coefficients

Exact full-chain quotient run:
  PYTHONDONTWRITEBYTECODE=1 ../../.venv/bin/python verify_center_triangle_lumping.py

Output:
  PASS c=2 M=1 delta=1/5 z=2/7 epsilon=1/13 r=6/5 rule=Bd cells=22
  PASS c=2 M=1 delta=1/5 z=2/7 epsilon=1/13 r=6/5 rule=dB cells=22
  PASS c=2 M=2 delta=2/9 z=3/8 epsilon=1/17 r=7/3 rule=Bd cells=106
  PASS c=2 M=2 delta=2/9 z=3/8 epsilon=1/17 r=7/3 rule=dB cells=106
