{
  "p": 29,
  "generators": [
    [
      0,
      28,
      1,
      0
    ],
    [
      2,
      7,
      12,
      28
    ]
  ],
  "complement_order": 120,
  "independent_triple_indices": [
    1,
    19,
    82
  ],
  "independent_triple_matrices": [
    [
      0,
      28,
      1,
      0
    ],
    [
      12,
      24,
      0,
      17
    ],
    [
      25,
      3,
      4,
      4
    ]
  ],
  "pair_orders": [
    8,
    12,
    20
  ],
  "odd_subgroup_orders": [
    1,
    3,
    5
  ],
  "line_stabilizer_orders": [
    4
  ]
}
{
  "p": 11,
  "generators": [
    [
      0,
      10,
      1,
      0
    ],
    [
      0,
      2,
      5,
      1
    ]
  ],
  "complement_order": 120,
  "independent_triple_indices": [
    1,
    19,
    82
  ],
  "independent_triple_matrices": [
    [
      0,
      10,
      1,
      0
    ],
    [
      9,
      4,
      7,
      2
    ],
    [
      1,
      4,
      5,
      10
    ]
  ],
  "pair_orders": [
    8,
    12,
    20
  ],
  "odd_subgroup_orders": [
    1,
    3,
    5
  ],
  "line_stabilizer_orders": [
    10
  ]
}
