START C1
C1 arbitrary {'mode': 'arbitrary', 'value': 0, 'optimal': True, 'selected': [], 'intersection': [0]}
C1 normal {'mode': 'normal', 'value': 0, 'optimal': True, 'selected': [], 'intersection': [0]}
C1 faithful {'mode': 'faithful', 'value': 0, 'optimal': True, 'selected': [], 'intersection': [0]}
TOTAL SECONDS 0.004081010818481445
START C6
C6 arbitrary {'mode': 'arbitrary', 'optimal': True, 'status': 'Optimization terminated successfully. (HiGHS Status 7: Optimal)', 'seconds': 0.006475210189819336, 'variables': 5, 'constraints': 8, 'subgroups': 4, 'meet_irreducibles': 2, 'cyclic_subgroups_nontrivial': 3, 'value': 2, 'selected': [2, 3], 'intersection': [0], 'witnesses': [3, 2], 'upper_bound': 2.0, 'gap': 0.0}
C6 normal {'mode': 'normal', 'optimal': True, 'status': 'Optimization terminated successfully. (HiGHS Status 7: Optimal)', 'seconds': 0.0017435550689697266, 'variables': 8, 'constraints': 14, 'subgroups': 4, 'meet_irreducibles': 2, 'cyclic_subgroups_nontrivial': 3, 'value': 2, 'selected': [2, 3], 'intersection': [0], 'witnesses': [3, 2], 'upper_bound': 2.0, 'gap': 0.0}
C6 faithful {'mode': 'faithful', 'optimal': True, 'status': 'Optimization terminated successfully. (HiGHS Status 7: Optimal)', 'seconds': 0.0008385181427001953, 'variables': 5, 'constraints': 11, 'subgroups': 4, 'meet_irreducibles': 2, 'cyclic_subgroups_nontrivial': 3, 'value': 2, 'selected': [2, 3], 'intersection': [0], 'witnesses': [3, 2], 'upper_bound': 2.0, 'gap': 0.0}
TOTAL SECONDS 0.013071060180664062
START Q8
Q8 arbitrary {'mode': 'arbitrary', 'optimal': True, 'status': 'Optimization terminated successfully. (HiGHS Status 7: Optimal)', 'seconds': 0.004185199737548828, 'variables': 8, 'constraints': 12, 'subgroups': 6, 'meet_irreducibles': 4, 'cyclic_subgroups_nontrivial': 4, 'value': 2, 'selected': [1, 4], 'intersection': [0, 3], 'witnesses': [4, 1], 'upper_bound': 2.0, 'gap': 0.0}
Q8 normal {'mode': 'normal', 'optimal': True, 'status': 'Optimization terminated successfully. (HiGHS Status 7: Optimal)', 'seconds': 0.00420379638671875, 'variables': 12, 'constraints': 20, 'subgroups': 6, 'meet_irreducibles': 4, 'cyclic_subgroups_nontrivial': 4, 'value': 2, 'selected': [1, 4], 'intersection': [0, 3], 'witnesses': [4, 1], 'upper_bound': 1.9999999999999998, 'gap': 0.0}
Q8 faithful {'mode': 'faithful', 'optimal': True, 'status': 'Optimization terminated successfully. (HiGHS Status 7: Optimal)', 'seconds': 0.0009326934814453125, 'variables': 8, 'constraints': 16, 'subgroups': 6, 'meet_irreducibles': 4, 'cyclic_subgroups_nontrivial': 4, 'value': 1, 'selected': [0], 'intersection': [0], 'witnesses': [1], 'upper_bound': 1.0, 'gap': 0.0}
TOTAL SECONDS 0.013603687286376953
START Q8xC2
Q8xC2 arbitrary {'mode': 'arbitrary', 'optimal': True, 'status': 'Optimization terminated successfully. (HiGHS Status 7: Optimal)', 'seconds': 0.021635770797729492, 'variables': 18, 'constraints': 27, 'subgroups': 19, 'meet_irreducibles': 9, 'cyclic_subgroups_nontrivial': 9, 'value': 3, 'selected': [12, 14, 17], 'intersection': [0, 3], 'witnesses': [9, 10, 12], 'upper_bound': 3.0, 'gap': 0.0}
Q8xC2 normal {'mode': 'normal', 'optimal': True, 'status': 'Optimization terminated successfully. (HiGHS Status 7: Optimal)', 'seconds': 0.03111886978149414, 'variables': 27, 'constraints': 45, 'subgroups': 19, 'meet_irreducibles': 9, 'cyclic_subgroups_nontrivial': 9, 'value': 3, 'selected': [12, 14, 17], 'intersection': [0, 3], 'witnesses': [9, 10, 12], 'upper_bound': 3.0, 'gap': 0.0}
Q8xC2 faithful {'mode': 'faithful', 'optimal': True, 'status': 'Optimization terminated successfully. (HiGHS Status 7: Optimal)', 'seconds': 0.016064882278442383, 'variables': 18, 'constraints': 36, 'subgroups': 19, 'meet_irreducibles': 9, 'cyclic_subgroups_nontrivial': 9, 'value': 2, 'selected': [5, 8], 'intersection': [0], 'witnesses': [11, 8], 'upper_bound': 2.0, 'gap': 0.0}
TOTAL SECONDS 0.07419466972351074
START D8
D8 arbitrary {'mode': 'arbitrary', 'optimal': True, 'status': 'Optimization terminated successfully. (HiGHS Status 7: Optimal)', 'seconds': 0.008945941925048828, 'variables': 13, 'constraints': 19, 'subgroups': 10, 'meet_irreducibles': 7, 'cyclic_subgroups_nontrivial': 6, 'value': 2, 'selected': [2, 5], 'intersection': [0], 'witnesses': [5, 2], 'upper_bound': 2.0, 'gap': 0.0}
D8 normal {'mode': 'normal', 'optimal': True, 'status': 'Optimization terminated successfully. (HiGHS Status 7: Optimal)', 'seconds': 0.01773238182067871, 'variables': 17, 'constraints': 31, 'subgroups': 10, 'meet_irreducibles': 7, 'cyclic_subgroups_nontrivial': 6, 'value': 2, 'selected': [2, 5], 'intersection': [0], 'witnesses': [5, 2], 'upper_bound': 2.0, 'gap': 0.0}
D8 faithful {'mode': 'faithful', 'optimal': True, 'status': 'Optimization terminated successfully. (HiGHS Status 7: Optimal)', 'seconds': 0.009787321090698242, 'variables': 13, 'constraints': 25, 'subgroups': 10, 'meet_irreducibles': 7, 'cyclic_subgroups_nontrivial': 6, 'value': 2, 'selected': [4, 5], 'intersection': [0], 'witnesses': [5, 4], 'upper_bound': 2.0000000000000027, 'gap': 0.0}
TOTAL SECONDS 0.04099678993225098
START S3
S3 arbitrary {'mode': 'arbitrary', 'optimal': True, 'status': 'Optimization terminated successfully. (HiGHS Status 7: Optimal)', 'seconds': 0.0012111663818359375, 'variables': 8, 'constraints': 12, 'subgroups': 6, 'meet_irreducibles': 4, 'cyclic_subgroups_nontrivial': 4, 'value': 2, 'selected': [2, 4], 'intersection': [0], 'witnesses': [5, 2], 'upper_bound': 2.0, 'gap': 0.0}
S3 normal {'mode': 'normal', 'optimal': True, 'status': 'Optimization terminated successfully. (HiGHS Status 7: Optimal)', 'seconds': 0.0012810230255126953, 'variables': 10, 'constraints': 20, 'subgroups': 6, 'meet_irreducibles': 4, 'cyclic_subgroups_nontrivial': 4, 'value': 2, 'selected': [2, 4], 'intersection': [0], 'witnesses': [5, 2], 'upper_bound': 2.0, 'gap': 0.0}
S3 faithful {'mode': 'faithful', 'optimal': True, 'status': 'Optimization terminated successfully. (HiGHS Status 7: Optimal)', 'seconds': 0.0011138916015625, 'variables': 8, 'constraints': 16, 'subgroups': 6, 'meet_irreducibles': 4, 'cyclic_subgroups_nontrivial': 4, 'value': 2, 'selected': [2, 4], 'intersection': [0], 'witnesses': [5, 2], 'upper_bound': 2.0, 'gap': 0.0}
TOTAL SECONDS 0.007722139358520508
START A4
A4 arbitrary {'mode': 'arbitrary', 'optimal': True, 'status': 'Optimization terminated successfully. (HiGHS Status 7: Optimal)', 'seconds': 0.010212421417236328, 'variables': 15, 'constraints': 22, 'subgroups': 10, 'meet_irreducibles': 8, 'cyclic_subgroups_nontrivial': 7, 'value': 2, 'selected': [5, 6], 'intersection': [0], 'witnesses': [8, 7], 'upper_bound': 2.00000000000003, 'gap': 0.0}
A4 normal {'mode': 'normal', 'optimal': True, 'status': 'Optimization terminated successfully. (HiGHS Status 7: Optimal)', 'seconds': 0.016011953353881836, 'variables': 17, 'constraints': 36, 'subgroups': 10, 'meet_irreducibles': 8, 'cyclic_subgroups_nontrivial': 7, 'value': 2, 'selected': [2, 9], 'intersection': [0], 'witnesses': [4, 2], 'upper_bound': 2.0000000000000027, 'gap': 0.0}
A4 faithful {'mode': 'faithful', 'optimal': True, 'status': 'Optimization terminated successfully. (HiGHS Status 7: Optimal)', 'seconds': 0.014710664749145508, 'variables': 15, 'constraints': 29, 'subgroups': 10, 'meet_irreducibles': 8, 'cyclic_subgroups_nontrivial': 7, 'value': 2, 'selected': [4, 6], 'intersection': [0], 'witnesses': [8, 5], 'upper_bound': 2.0, 'gap': 0.0}
TOTAL SECONDS 0.0456700325012207
START S4
S4 arbitrary {'mode': 'arbitrary', 'optimal': True, 'status': 'Optimization terminated successfully. (HiGHS Status 7: Optimal)', 'seconds': 0.0457158088684082, 'variables': 30, 'constraints': 46, 'subgroups': 30, 'meet_irreducibles': 14, 'cyclic_subgroups_nontrivial': 16, 'value': 3, 'selected': [18, 19, 28], 'intersection': [0], 'witnesses': [17, 19, 3], 'upper_bound': 3.0, 'gap': 0.0}
S4 normal {'mode': 'normal', 'optimal': True, 'status': 'Optimization terminated successfully. (HiGHS Status 7: Optimal)', 'seconds': 0.1344921588897705, 'variables': 34, 'constraints': 78, 'subgroups': 30, 'meet_irreducibles': 14, 'cyclic_subgroups_nontrivial': 16, 'value': 3, 'selected': [20, 21, 28], 'intersection': [0], 'witnesses': [19, 18, 2], 'upper_bound': 3.0, 'gap': 0.0}
S4 faithful {'mode': 'faithful', 'optimal': True, 'status': 'Optimization terminated successfully. (HiGHS Status 7: Optimal)', 'seconds': 0.04255366325378418, 'variables': 30, 'constraints': 62, 'subgroups': 30, 'meet_irreducibles': 14, 'cyclic_subgroups_nontrivial': 16, 'value': 3, 'selected': [20, 21, 28], 'intersection': [0], 'witnesses': [19, 18, 2], 'upper_bound': 3.0, 'gap': 0.0}
TOTAL SECONDS 0.2287766933441162
START A5
A5 arbitrary {'mode': 'arbitrary', 'optimal': True, 'status': 'Optimization terminated successfully. (HiGHS Status 7: Optimal)', 'seconds': 0.4640069007873535, 'variables': 63, 'constraints': 94, 'subgroups': 59, 'meet_irreducibles': 32, 'cyclic_subgroups_nontrivial': 31, 'value': 3, 'selected': [33, 37, 51], 'intersection': [0], 'witnesses': [55, 10, 39], 'upper_bound': 3.0000000000001323, 'gap': 0.0}
A5 normal {'mode': 'normal', 'optimal': True, 'status': 'Optimization terminated successfully. (HiGHS Status 7: Optimal)', 'seconds': 0.7175257205963135, 'variables': 66, 'constraints': 156, 'subgroups': 59, 'meet_irreducibles': 32, 'cyclic_subgroups_nontrivial': 31, 'value': 3, 'selected': [32, 47, 49], 'intersection': [0], 'witnesses': [59, 7, 33], 'upper_bound': 3.0000000000000178, 'gap': 0.0}
A5 faithful {'mode': 'faithful', 'optimal': True, 'status': 'Optimization terminated successfully. (HiGHS Status 7: Optimal)', 'seconds': 0.510852575302124, 'variables': 63, 'constraints': 125, 'subgroups': 59, 'meet_irreducibles': 32, 'cyclic_subgroups_nontrivial': 31, 'value': 3, 'selected': [41, 47, 50], 'intersection': [0], 'witnesses': [11, 39, 59], 'upper_bound': 3.0, 'gap': 0.0}
TOTAL SECONDS 1.705045461654663
START UT4_2
UT4_2 arbitrary {'mode': 'arbitrary', 'optimal': True, 'status': 'Optimization terminated successfully. (HiGHS Status 7: Optimal)', 'seconds': 1.385648488998413, 'variables': 116, 'constraints': 161, 'subgroups': 225, 'meet_irreducibles': 71, 'cyclic_subgroups_nontrivial': 45, 'value': 4, 'selected': [189, 190, 193, 210], 'intersection': [0, 63], 'witnesses': [25, 19, 28, 22], 'upper_bound': 4.0, 'gap': 0.0}
UT4_2 normal {'mode': 'normal', 'optimal': True, 'status': 'Optimization terminated successfully. (HiGHS Status 7: Optimal)', 'seconds': 4.12134575843811, 'variables': 131, 'constraints': 251, 'subgroups': 225, 'meet_irreducibles': 71, 'cyclic_subgroups_nontrivial': 45, 'value': 4, 'selected': [189, 190, 204, 210], 'intersection': [0, 63], 'witnesses': [29, 19, 28, 22], 'upper_bound': 4.000000000000295, 'gap': 0.0}
UT4_2 faithful {'mode': 'faithful', 'optimal': True, 'status': 'Optimization terminated successfully. (HiGHS Status 7: Optimal)', 'seconds': 1.641298532485962, 'variables': 116, 'constraints': 206, 'subgroups': 225, 'meet_irreducibles': 71, 'cyclic_subgroups_nontrivial': 45, 'value': 4, 'selected': [76, 106, 194, 195], 'intersection': [0], 'witnesses': [55, 43, 25, 63], 'upper_bound': 4.0, 'gap': 0.0}
TOTAL SECONDS 7.183225870132446
START SL2_3
SL2_3 arbitrary {'mode': 'arbitrary', 'optimal': True, 'status': 'Optimization terminated successfully. (HiGHS Status 7: Optimal)', 'seconds': 0.03937268257141113, 'variables': 24, 'constraints': 36, 'subgroups': 15, 'meet_irreducibles': 12, 'cyclic_subgroups_nontrivial': 12, 'value': 2, 'selected': [2, 3], 'intersection': [0, 6], 'witnesses': [4, 2], 'upper_bound': 2.000000000000001, 'gap': 0.0}
SL2_3 normal {'mode': 'normal', 'optimal': True, 'status': 'Optimization terminated successfully. (HiGHS Status 7: Optimal)', 'seconds': 0.058362722396850586, 'variables': 28, 'constraints': 60, 'subgroups': 15, 'meet_irreducibles': 12, 'cyclic_subgroups_nontrivial': 12, 'value': 2, 'selected': [7, 9], 'intersection': [0], 'witnesses': [10, 8], 'upper_bound': 2.0, 'gap': 0.0}
SL2_3 faithful {'mode': 'faithful', 'optimal': True, 'status': 'Optimization terminated successfully. (HiGHS Status 7: Optimal)', 'seconds': 0.02776956558227539, 'variables': 24, 'constraints': 48, 'subgroups': 15, 'meet_irreducibles': 12, 'cyclic_subgroups_nontrivial': 12, 'value': 2, 'selected': [1, 14], 'intersection': [0], 'witnesses': [2, 1], 'upper_bound': 2.0000000000000258, 'gap': 0.0}
TOTAL SECONDS 0.13129115104675293
START GL2_3
GL2_3 arbitrary {'mode': 'arbitrary', 'optimal': True, 'status': 'Optimization terminated successfully. (HiGHS Status 7: Optimal)', 'seconds': 0.1573197841644287, 'variables': 49, 'constraints': 76, 'subgroups': 55, 'meet_irreducibles': 22, 'cyclic_subgroups_nontrivial': 27, 'value': 3, 'selected': [29, 31, 35], 'intersection': [0], 'witnesses': [45, 3, 1], 'upper_bound': 3.0, 'gap': 0.0}
GL2_3 normal {'mode': 'normal', 'optimal': True, 'status': 'Optimization terminated successfully. (HiGHS Status 7: Optimal)', 'seconds': 0.34873461723327637, 'variables': 55, 'constraints': 130, 'subgroups': 55, 'meet_irreducibles': 22, 'cyclic_subgroups_nontrivial': 27, 'value': 3, 'selected': [34, 35, 49], 'intersection': [0, 28], 'witnesses': [11, 43, 3], 'upper_bound': 3.0000000000000284, 'gap': 0.0}
GL2_3 faithful {'mode': 'faithful', 'optimal': True, 'status': 'Optimization terminated successfully. (HiGHS Status 7: Optimal)', 'seconds': 0.3752737045288086, 'variables': 49, 'constraints': 103, 'subgroups': 55, 'meet_irreducibles': 22, 'cyclic_subgroups_nontrivial': 27, 'value': 3, 'selected': [28, 29, 41], 'intersection': [0], 'witnesses': [10, 5, 1], 'upper_bound': 3.0, 'gap': 0.0}
TOTAL SECONDS 0.8938124179840088
