Makefile: OK
README.md: OK
data/A4_group.json: OK
data/A4_results.json: OK
data/A4_subgroups.json: OK
data/A4_table.txt: OK
data/A5_group.json: OK
data/A5_results.json: OK
data/A5_subgroups.json: OK
data/A5_table.txt: OK
data/BI_11_group.json: OK
data/BI_11_structure.json: OK
data/BI_11_subgroups.json: OK
data/BI_11_table.txt: OK
data/BI_29_group.json: OK
data/BI_29_structure.json: OK
data/BI_29_subgroups.json: OK
data/BI_29_table.txt: OK
data/C1_group.json: OK
data/C1_results.json: OK
data/C1_subgroups.json: OK
data/C1_table.txt: OK
data/C6_group.json: OK
data/C6_results.json: OK
data/C6_subgroups.json: OK
data/C6_table.txt: OK
data/D8_group.json: OK
data/D8_results.json: OK
data/D8_subgroups.json: OK
data/D8_table.txt: OK
data/GL2_3_group.json: OK
data/GL2_3_results.json: OK
data/GL2_3_subgroups.json: OK
data/GL2_3_table.txt: OK
data/PSL2_7_group.json: OK
data/PSL2_7_results.json: OK
data/PSL2_7_subgroups.json: OK
data/PSL2_7_table.txt: OK
data/Q8_group.json: OK
data/Q8_results.json: OK
data/Q8_subgroups.json: OK
data/Q8_table.txt: OK
data/Q8xC2_group.json: OK
data/Q8xC2_results.json: OK
data/Q8xC2_subgroups.json: OK
data/Q8xC2_table.txt: OK
data/S3_group.json: OK
data/S3_results.json: OK
data/S3_subgroups.json: OK
data/S3_table.txt: OK
data/S4_group.json: OK
data/S4_results.json: OK
data/S4_subgroups.json: OK
data/S4_table.txt: OK
data/S5_group.json: OK
data/S5_results.json: OK
data/S5_subgroups.json: OK
data/S5_table.txt: OK
data/SL2_3_group.json: OK
data/SL2_3_results.json: OK
data/SL2_3_subgroups.json: OK
data/SL2_3_table.txt: OK
data/SL2_5_group.json: OK
data/SL2_5_results.json: OK
data/SL2_5_subgroups.json: OK
data/SL2_5_table.txt: OK
data/UT4_2_group.json: OK
data/UT4_2_results.json: OK
data/UT4_2_subgroups.json: OK
data/UT4_2_table.txt: OK
data/certified/finite_certificate.json: OK
data/certified/subgroup_order_distribution.json: OK
data/certified/subgroups_cpp.txt: OK
data/certified/verification_python.json: OK
data/group_spec.json: OK
logs/affine_discovery.log: OK
logs/cpp_compile.log: OK
logs/cpp_compile_initial_warnings.log: OK
logs/cross_verification.log: OK
logs/environment.json: OK
logs/examples_initial.log: OK
logs/examples_second.log: OK
logs/latex_pass1.log: OK
logs/latex_pass2.log: OK
logs/pdf_quality_check.txt: OK
logs/verification_cpp.log: OK
logs/verification_python.log: OK
manifest.json: OK
progress.json: OK
proof.pdf: OK
proof.tex: OK
references/source_audit.md: OK
research_log.md: OK
src/compare_certificates.py: OK
src/discover_affine.py: OK
src/enumerate_subgroups.cpp: OK
src/groups.py: OK
src/lattice_opt.py: OK
src/run_examples.py: OK
src/verify_counterexample.cpp: OK
src/verify_counterexample.py: OK
