{
  "result": "PASS",
  "prime": 29,
  "group_order": 100920,
  "claimed_invariants_proved_in_manuscript": {
    "b": 3,
    "mu_prime": 4,
    "faithful_maximum_minimal_base": 3
  },
  "complement": {
    "order": 120,
    "subgroups": 76,
    "normal_subgroup_orders": [
      1,
      2,
      120
    ],
    "odd_subgroup_orders": [
      1,
      3,
      5
    ],
    "unique_involution": [
      28,
      0,
      0,
      28
    ],
    "isomorphism_to_SL2_5_verified": true,
    "quotient_A5_verified": true,
    "all_proper_subgroup_4_families_checked": 1215450,
    "irredundant_4_families": 0,
    "all_proper_subgroup_3_families_checked": 67525,
    "faithful_minimal_3_families": 0
  },
  "line_stabilizers": {
    "number_of_lines": 30,
    "all_orders": 4,
    "all_cyclic": true
  },
  "independent_set": [
    [
      1,
      0,
      1,
      0,
      0,
      1
    ],
    [
      0,
      0,
      0,
      28,
      1,
      0
    ],
    [
      0,
      0,
      12,
      24,
      0,
      17
    ],
    [
      0,
      0,
      25,
      3,
      4,
      4
    ]
  ],
  "omission_orders": [
    120,
    6728,
    10092,
    16820
  ],
  "omission_total_intersection_order": 2,
  "omission_intersection_normal": false,
  "omission_core_orders": [
    1,
    1682,
    1682,
    1682
  ],
  "faithful_3_family": {
    "subgroup_orders": [
      58,
      58,
      58
    ],
    "pair_intersection_orders": [
      2,
      2,
      2
    ],
    "total_intersection_order": 1,
    "coset_action_degree": 5220
  },
  "adversarial_prime_11": {
    "torus_generator": [
      6,
      10,
      0,
      2
    ],
    "eigenlines": [
      [
        1,
        0
      ],
      [
        1,
        4
      ]
    ],
    "subgroup_orders": [
      110,
      110,
      242,
      605
    ],
    "deletion_intersection_orders": [
      11,
      11,
      5,
      2
    ]
  },
  "affine_elements_sha256": "2f4c3b8353a9a5cd7d2cbbeb8a0d48dd0e203f4371652fd25c5ca2936fff5efc",
  "seconds": 0.821,
  "scope": "The program verifies finite certificates. The universal upper bound on all affine subgroup families is structural, not a large-group enumeration."
}
