{
  "fiveclosedfamilies": [
    {
      "family": "hprinciple_family",
      "manifest_sha256": "c119d9d3e401250cf39dc64d3aed4ff8e1f9031d801298ccf95502c5d5bd6ee5",
      "members": 27,
      "all_exact": true
    },
    {
      "family": "integral_action_family",
      "manifest_sha256": "ffc00421503b93f07a5cbb300caa08029aa963e02e4139eb1311effd207a36fc",
      "members": 34,
      "all_exact": true
    },
    {
      "family": "primary_scope_family",
      "manifest_sha256": "c4d4122c1e55874c980a3cc01cd69c978717954522f8bda0ff1dc257147a3fe0",
      "members": 41,
      "all_exact": true
    },
    {
      "family": "priority_flag_family",
      "manifest_sha256": "572199590787525f185009a444340b1f70dc534471446f75725dbb9e290fa6c2",
      "members": 32,
      "all_exact": true
    },
    {
      "family": "priority_topology_family",
      "manifest_sha256": "e5adbd34c44642c020d1840fc2846fd93980753322f17dd099106a1278bc387c",
      "members": 17,
      "all_exact": true
    }
  ],
  "completeactualcomparisons": [
    {
      "family": "priority_flag_family",
      "output": "CONTROL_RESULTS.json",
      "complete_equal_except_clock": "generated_utc"
    },
    {
      "family": "priority_topology_family",
      "output": "SPECIALIZATION_CHECK.json",
      "complete_equal_except_clock": "recorded_utc"
    },
    {
      "family": "primary_scope_family",
      "complete_actual_results_equal_except": "utc/runs.utc_started; exact expected-failure stderr normalized ONLY the verified absolute private prefix, without altering either captured receipt",
      "actual_output_runs": 8
    }
  ],
  "dependencies": 186
}
