{
  "adaptive_controls": 13560,
  "assertions": 24692,
  "by_family": {
    "adaptive_budget": 13560,
    "genus_11_not_excluded": 1,
    "genus_12_exclusion": 1,
    "integrated_simplex_rank": 1035,
    "mean_bounds": 1080,
    "nonconstant_trace": 136,
    "poisson_first_term": 1,
    "poisson_strict_gap": 1,
    "random_stretch": 4776,
    "rotation": 748,
    "smooth_polygon_area": 999,
    "systole_cosh_bound": 1,
    "threshold_monotonicity": 1,
    "top_k_mean": 1080,
    "triangle_cover_index": 999,
    "uniform_delta": 1,
    "unique_largest_exponent": 136,
    "weighted_trace_expansion": 136
  },
  "scope": "Exact finite algebra controls only; the source/proof audit supplies the universal geometric and probabilistic reasoning.",
  "status": "PASS"
}
