./LICENSES.md: OK
./output/referee/README.md: OK
./output/referee/REFEREE_BUNDLE_CONTENTS.json: OK
./output/referee/build_referee_bundle.py: OK
./package/original/checkpoint_2/continuation_2/K2P_TREE_SUNLET_SIGN_CERTIFICATE.md: OK
./package/original/checkpoint_2/continuation_2/K2P_TRIANGLE_GERM_EXACT.md: OK
./package/original/checkpoint_2/continuation_2/verify_triangle_and_sunlet.py: OK
./package/referee/k2p_offline_sweep_portable/DIRECT_CLOSURE_LOCK.json: OK
./package/referee/k2p_offline_sweep_portable/INPUT_LOCK.json: OK
./package/referee/k2p_offline_sweep_portable/README.md: OK
./package/referee/k2p_offline_sweep_portable/README_DIRECT_CLOSURE.md: OK
./package/referee/k2p_offline_sweep_portable/atlas/descriptors_4.pkl: OK
./package/referee/k2p_offline_sweep_portable/atlas/k2p_atlas_core.py: OK
./package/referee/k2p_offline_sweep_portable/atlas/rank_certs_4.pkl: OK
./package/referee/k2p_offline_sweep_portable/build_direct_closure_lock.py: OK
./package/referee/k2p_offline_sweep_portable/certificates/direct_hard_cases.json: OK
./package/referee/k2p_offline_sweep_portable/compare_semantic_runs.py: OK
./package/referee/k2p_offline_sweep_portable/direct_closure_mutation_report.json: OK
./package/referee/k2p_offline_sweep_portable/guarded_run.py: OK
./package/referee/k2p_offline_sweep_portable/merge_manifests.py: OK
./package/referee/k2p_offline_sweep_portable/proofs/THETA_QUARTIC_OBSTRUCTIONS.md: OK
./package/referee/k2p_offline_sweep_portable/proofs/four_port_direct_residual_closure_certificate.json: OK
./package/referee/k2p_offline_sweep_portable/proofs/theta0_quintic_orbit_certificate.json: OK
./package/referee/k2p_offline_sweep_portable/proofs/theta3_cubic_obstruction_certificate.json: OK
./package/referee/k2p_offline_sweep_portable/proofs/theta_modular_invariant_probe.py: OK
./package/referee/k2p_offline_sweep_portable/proofs/theta_quartic_obstruction_certificates.json: OK
./package/referee/k2p_offline_sweep_portable/proofs/theta_quartic_obstructions_independent_certificate.json: OK
./package/referee/k2p_offline_sweep_portable/proofs/verify_four_port_direct_residual_closure.py: OK
./package/referee/k2p_offline_sweep_portable/proofs/verify_theta0_quintic_orbit.py: OK
./package/referee/k2p_offline_sweep_portable/proofs/verify_theta_quartic_obstructions.py: OK
./package/referee/k2p_offline_sweep_portable/proofs/verify_theta_quartic_obstructions_independent.py: OK
./package/referee/k2p_offline_sweep_portable/requirements.txt: OK
./package/referee/k2p_offline_sweep_portable/results/four_port_release_v4/FOUR_PORT_SWEEP_MERGED_STATUS.json: OK
./package/referee/k2p_offline_sweep_portable/results/four_port_release_v4/PROVENANCE.json: OK
./package/referee/k2p_offline_sweep_portable/results/four_port_release_v4/source_0/residual_manifest.json: OK
./package/referee/k2p_offline_sweep_portable/results/four_port_release_v4/source_1/records/class_000025.json: OK
./package/referee/k2p_offline_sweep_portable/results/four_port_release_v4/source_1/records/class_000026.json: OK
./package/referee/k2p_offline_sweep_portable/results/four_port_release_v4/source_1/records/class_000027.json: OK
./package/referee/k2p_offline_sweep_portable/results/four_port_release_v4/source_1/records/class_000028.json: OK
./package/referee/k2p_offline_sweep_portable/results/four_port_release_v4/source_1/records/class_000029.json: OK
./package/referee/k2p_offline_sweep_portable/results/four_port_release_v4/source_1/records/class_000030.json: OK
./package/referee/k2p_offline_sweep_portable/results/four_port_release_v4/source_1/records/class_000031.json: OK
./package/referee/k2p_offline_sweep_portable/results/four_port_release_v4/source_1/records/class_000032.json: OK
./package/referee/k2p_offline_sweep_portable/results/four_port_release_v4/source_1/records/class_000033.json: OK
./package/referee/k2p_offline_sweep_portable/results/four_port_release_v4/source_1/records/class_000034.json: OK
./package/referee/k2p_offline_sweep_portable/results/four_port_release_v4/source_1/records/class_000035.json: OK
./package/referee/k2p_offline_sweep_portable/results/four_port_release_v4/source_1/records/class_000036.json: OK
./package/referee/k2p_offline_sweep_portable/results/four_port_release_v4/source_1/records/class_000037.json: OK
./package/referee/k2p_offline_sweep_portable/results/four_port_release_v4/source_1/records/class_000039.json: OK
./package/referee/k2p_offline_sweep_portable/results/four_port_release_v4/source_1/records/class_000040.json: OK
./package/referee/k2p_offline_sweep_portable/results/four_port_release_v4/source_1/records/class_000041.json: OK
./package/referee/k2p_offline_sweep_portable/results/four_port_release_v4/source_1/records/class_000042.json: OK
./package/referee/k2p_offline_sweep_portable/results/four_port_release_v4/source_1/records/class_000043.json: OK
./package/referee/k2p_offline_sweep_portable/results/four_port_release_v4/source_1/records/class_000044.json: OK
./package/referee/k2p_offline_sweep_portable/results/four_port_release_v4/source_1/records/class_000045.json: OK
./package/referee/k2p_offline_sweep_portable/results/four_port_release_v4/source_1/records/class_000046.json: OK
./package/referee/k2p_offline_sweep_portable/results/four_port_release_v4/source_1/records/class_000047.json: OK
./package/referee/k2p_offline_sweep_portable/results/four_port_release_v4/source_1/residual_manifest.json: OK
./package/referee/k2p_offline_sweep_portable/results/four_port_release_v4/source_2/records/class_000112.json: OK
./package/referee/k2p_offline_sweep_portable/results/four_port_release_v4/source_2/records/class_000113.json: OK
./package/referee/k2p_offline_sweep_portable/results/four_port_release_v4/source_2/records/class_000114.json: OK
./package/referee/k2p_offline_sweep_portable/results/four_port_release_v4/source_2/records/class_000115.json: OK
./package/referee/k2p_offline_sweep_portable/results/four_port_release_v4/source_2/residual_manifest.json: OK
./package/referee/k2p_offline_sweep_portable/results/four_port_release_v4/source_3/records/class_000112.json: OK
./package/referee/k2p_offline_sweep_portable/results/four_port_release_v4/source_3/records/class_000113.json: OK
./package/referee/k2p_offline_sweep_portable/results/four_port_release_v4/source_3/records/class_000114.json: OK
./package/referee/k2p_offline_sweep_portable/results/four_port_release_v4/source_3/records/class_000115.json: OK
./package/referee/k2p_offline_sweep_portable/results/four_port_release_v4/source_3/residual_manifest.json: OK
./package/referee/k2p_offline_sweep_portable/results/four_port_release_v4/source_4/records/class_000008.json: OK
./package/referee/k2p_offline_sweep_portable/results/four_port_release_v4/source_4/records/class_000009.json: OK
./package/referee/k2p_offline_sweep_portable/results/four_port_release_v4/source_4/records/class_000010.json: OK
./package/referee/k2p_offline_sweep_portable/results/four_port_release_v4/source_4/records/class_000011.json: OK
./package/referee/k2p_offline_sweep_portable/results/four_port_release_v4/source_4/residual_manifest.json: OK
./package/referee/k2p_offline_sweep_portable/results/four_port_release_v4/source_5/records/class_000009.json: OK
./package/referee/k2p_offline_sweep_portable/results/four_port_release_v4/source_5/records/class_000010.json: OK
./package/referee/k2p_offline_sweep_portable/results/four_port_release_v4/source_5/residual_manifest.json: OK
./package/referee/k2p_offline_sweep_portable/resumable_four_port_driver.py: OK
./package/referee/k2p_offline_sweep_portable/run_all_sources.sh: OK
./package/referee/k2p_offline_sweep_portable/schemas/four_port_record_v3.schema.json: OK
./package/referee/k2p_offline_sweep_portable/test_direct_closure_release_mutations.py: OK
./package/referee/k2p_offline_sweep_portable/test_exact_kernels.py: OK
./package/referee/k2p_offline_sweep_portable/test_mutations.py: OK
./package/referee/k2p_offline_sweep_portable/verify_direct_closure_release.py: OK
./package/referee/k2p_offline_sweep_portable/verify_package.py: OK
./proof_compression_submission/AI_REFEREE_PROMPT.md: OK
./proof_compression_submission/COMPRESSED_BOUNDED_THEOREM.md: OK
./proof_compression_submission/COMPRESSION_GATES.md: OK
./proof_compression_submission/FEEDBACK_DISPOSITION.md: OK
./proof_compression_submission/FRESH_ADVERSARIAL_R2_DISPOSITION.md: OK
./proof_compression_submission/FRESH_REVIEW_DISPOSITION.md: OK
./proof_compression_submission/PDF_BUILD_REPORT.json: OK
./proof_compression_submission/PDF_BUILD_REPORT.md: OK
./proof_compression_submission/PROOF_COMPRESSION_RESULT.json: OK
./proof_compression_submission/PROOF_COMPRESSION_RESULT.md: OK
./proof_compression_submission/README.md: OK
./proof_compression_submission/RESEARCH_LOG.md: OK
./proof_compression_submission/THEOREM_TO_TEMPLATE_CROSSWALK.json: OK
./proof_compression_submission/THEOREM_TO_TEMPLATE_CROSSWALK.md: OK
./proof_compression_submission/adversarial_review/ADVERSARIAL_ARTICLE_AUDIT.md: OK
./proof_compression_submission/adversarial_review/RESEARCH_LOG.md: OK
./proof_compression_submission/adversarial_review/STATIC_AUDIT_RESULT.json: OK
./proof_compression_submission/adversarial_review/audit_article_sources.py: OK
./proof_compression_submission/analysis/FAMILY_COVERAGE_EQUIVALENCE_CERTIFICATE.json: OK
./proof_compression_submission/analysis/FINITE_UNIVERSE_COMPLETENESS.md: OK
./proof_compression_submission/analysis/PROOF_COMPRESSION_BASELINE.json: OK
./proof_compression_submission/analysis/PROOF_COMPRESSION_BASELINE.md: OK
./proof_compression_submission/analysis/RESEARCH_LOG.md: OK
./proof_compression_submission/analysis/WEAK_SHARPNESS_COLUMN_CROSSWALK.json: OK
./proof_compression_submission/analysis/build_weak_sharpness_column_crosswalk.py: OK
./proof_compression_submission/analysis/compression_common.py: OK
./proof_compression_submission/analysis/derive_baseline_and_universe.py: OK
./proof_compression_submission/analysis/test_weak_sharpness_column_crosswalk_mutations.py: OK
./proof_compression_submission/analysis/verify_family_coverage_equivalence.py: OK
./proof_compression_submission/analysis/verify_weak_sharpness_column_crosswalk.py: OK
./proof_compression_submission/article/main.tex: OK
./proof_compression_submission/article/references.bib: OK
./proof_compression_submission/build_clean_full_replay_telemetry.py: OK
./proof_compression_submission/build_compressed_release.py: OK
./proof_compression_submission/build_submission_pdfs.py: OK
./proof_compression_submission/crosswalk/CROSSWALK_BUNDLE_MUTATION_REPORT.json: OK
./proof_compression_submission/crosswalk/README.md: OK
./proof_compression_submission/crosswalk/RESEARCH_LOG.md: OK
./proof_compression_submission/crosswalk/REVISED_REFEREE_BUNDLE_MANIFEST.json: OK
./proof_compression_submission/crosswalk/THEOREM_ARTIFACT_CROSSWALK.json: OK
./proof_compression_submission/crosswalk/THEOREM_ARTIFACT_CROSSWALK.md: OK
./proof_compression_submission/crosswalk/build_revised_referee_bundle.py: OK
./proof_compression_submission/crosswalk/build_theorem_artifact_crosswalk.py: OK
./proof_compression_submission/crosswalk/check_revised_referee_bundle.py: OK
./proof_compression_submission/crosswalk/test_crosswalk_bundle_mutations.py: OK
./proof_compression_submission/output/FINAL_CLEAN_FULL_REPLAY.json: OK
./proof_compression_submission/output/FINAL_CLEAN_FULL_REPLAY_TELEMETRY.json: OK
./proof_compression_submission/output/FINAL_RELEASE_MUTATIONS.json: OK
./proof_compression_submission/output/K2P_SAME_Principal_Domain_Article.pdf: OK
./proof_compression_submission/output/K2P_SAME_Reader_Supplement.pdf: OK
./proof_compression_submission/output/logs/article.log: OK
./proof_compression_submission/output/logs/supplement.log: OK
./proof_compression_submission/probe/PROBE_WORD_COVERAGE.json: OK
./proof_compression_submission/probe/PROBE_WORD_THEOREM.md: OK
./proof_compression_submission/probe/RESEARCH_LOG.md: OK
./proof_compression_submission/probe/verify_probe_word_theorem.py: OK
./proof_compression_submission/restoration/RESEARCH_LOG.md: OK
./proof_compression_submission/restoration/RESTORATION_ARCHETYPES.json: OK
./proof_compression_submission/restoration/RESTORATION_ARCHETYPES.md: OK
./proof_compression_submission/restoration/RESTORATION_ARCHETYPE_VERIFICATION.json: OK
./proof_compression_submission/restoration/analyze_restoration_archetypes.py: OK
./proof_compression_submission/restoration/verify_restoration_archetypes.py: OK
./proof_compression_submission/results/.gitkeep: OK
./proof_compression_submission/results/COMPRESSION_MUTATION_RESULT.json: OK
./proof_compression_submission/results/OLD_NEW_EQUIVALENCE_RESULT.json: OK
./proof_compression_submission/results/VERIFICATION_TRANSCRIPT.md: OK
./proof_compression_submission/run_compression_mutations.py: OK
./proof_compression_submission/supplement/certificate_appendix.tex: OK
./proof_compression_submission/supplement/compression_tables.tex: OK
./proof_compression_submission/supplement/supplement.tex: OK
./proof_compression_submission/templates/DIRECT_CERTIFICATE_TEMPLATE_TABLE.json: OK
./proof_compression_submission/templates/DIRECT_CERTIFICATE_TEMPLATE_TABLE.md: OK
./proof_compression_submission/templates/PRINTED_CERTIFICATE_APPENDIX.json: OK
./proof_compression_submission/templates/build_printed_certificate_appendix.py: OK
./proof_compression_submission/templates/derive_direct_templates.py: OK
./proof_compression_submission/templates/test_printed_certificate_appendix_mutations.py: OK
./proof_compression_submission/templates/verify_printed_certificate_appendix.py: OK
./proof_compression_submission/test_clean_full_replay_telemetry.py: OK
./proof_compression_submission/verify_compressed_release.py: OK
./proof_compression_submission/verify_old_new_equivalence.py: OK
./work/adversarial_proof_review/PHYSICAL_LOCAL_PRODUCT_REPAIR.md: OK
./work/adversarial_proof_review/PROBE_AUDIT.md: OK
./work/adversarial_proof_review/PROBE_INPUT_CONTRACT.md: OK
./work/adversarial_proof_review/TOPOLOGY_DIRECTIONAL_THEOREM.md: OK
./work/adversarial_proof_review/audit_certificate.json: OK
./work/adversarial_proof_review/audit_cycle_tree_sunlet_full_map.py: OK
./work/adversarial_proof_review/audit_raw4_tree_sunlet_full_map.py: OK
./work/adversarial_proof_review/audit_theta2_tree_sunlet_full_map.py: OK
./work/adversarial_proof_review/build_corrected_cycle_promotion.py: OK
./work/adversarial_proof_review/build_probe_input_contract.py: OK
./work/adversarial_proof_review/cycle_promotion_independent_verification.json: OK
./work/adversarial_proof_review/cycle_promotion_mutation_certificate.json: OK
./work/adversarial_proof_review/cycle_tree_sunlet_full_map_certificate.json: OK
./work/adversarial_proof_review/cycle_tree_sunlet_independent_replay_certificate.json: OK
./work/adversarial_proof_review/mutation_certificate.json: OK
./work/adversarial_proof_review/probe_input_contract.json: OK
./work/adversarial_proof_review/probe_input_independent_verification.json: OK
./work/adversarial_proof_review/probe_input_mutation_certificate.json: OK
./work/adversarial_proof_review/raw4_tree_sunlet_full_map_certificate.json: OK
./work/adversarial_proof_review/test_cycle_promotion_mutations.py: OK
./work/adversarial_proof_review/test_mutations.py: OK
./work/adversarial_proof_review/test_probe_input_mutations.py: OK
./work/adversarial_proof_review/theta2_tree_sunlet_full_map_certificate.json: OK
./work/adversarial_proof_review/topology_direction_certificate.json: OK
./work/adversarial_proof_review/unconditional_lift_counterexample.json: OK
./work/adversarial_proof_review/verify_adversarial.py: OK
./work/adversarial_proof_review/verify_corrected_cycle_promotion.py: OK
./work/adversarial_proof_review/verify_cycle_whole_map_independent.py: OK
./work/adversarial_proof_review/verify_probe_input_contract.py: OK
./work/adversarial_proof_review/verify_probe_input_structure.py: OK
./work/adversarial_proof_review/verify_topology_direction.py: OK
./work/audit_unified_closure/AUDIT_REPORT.md: OK
./work/bridge_marginal_closure/PROOF.md: OK
./work/bridge_marginal_closure/certificate.json: OK
./work/bridge_marginal_closure/verify_bridge_marginal.py: OK
./work/canonicalizer_completeness/PROOF.md: OK
./work/canonicalizer_completeness/README.md: OK
./work/canonicalizer_completeness/canonicalizer_audit.py: OK
./work/canonicalizer_completeness/canonicalizer_completeness_certificate.json: OK
./work/canonicalizer_completeness/canonicalizer_completeness_mutation_certificate.json: OK
./work/canonicalizer_completeness/inheritance_transport/README.md: OK
./work/canonicalizer_completeness/inheritance_transport/RESEARCH_LOG.md: OK
./work/canonicalizer_completeness/inheritance_transport/build_parameter_transport_certificate.py: OK
./work/canonicalizer_completeness/inheritance_transport/parameter_transport_certificate.json: OK
./work/canonicalizer_completeness/inheritance_transport/parameter_transport_mutation_report.json: OK
./work/canonicalizer_completeness/inheritance_transport/probe_relation_parameter_transports.jsonl.gz: OK
./work/canonicalizer_completeness/inheritance_transport/probe_restriction_parameter_transports.jsonl.gz: OK
./work/canonicalizer_completeness/inheritance_transport/restoration_restriction_parameter_transports.jsonl.gz: OK
./work/canonicalizer_completeness/inheritance_transport/run_parameter_transport_mutations.py: OK
./work/canonicalizer_completeness/inheritance_transport/verify_parameter_transport_certificate.py: OK
./work/canonicalizer_completeness/test_canonicalizer_mutations.py: OK
./work/canonicalizer_completeness/verify_canonicalizer_completeness.py: OK
./work/corrected_composite_ledgers/README.md: OK
./work/corrected_composite_ledgers/RESEARCH_LOG.md: OK
./work/corrected_composite_ledgers/SHA256SUMS: OK
./work/corrected_composite_ledgers/artifacts/raw4_corrected_composite_independent_replay.json: OK
./work/corrected_composite_ledgers/artifacts/raw4_corrected_composite_ledger.jsonl.gz: OK
./work/corrected_composite_ledgers/artifacts/raw4_corrected_composite_mutations.json: OK
./work/corrected_composite_ledgers/artifacts/raw4_corrected_composite_summary.json: OK
./work/corrected_composite_ledgers/artifacts/raw4_terminal_certificate_registry.json.gz: OK
./work/corrected_composite_ledgers/artifacts/release_contract_replay.json: OK
./work/corrected_composite_ledgers/artifacts/theta2_corrected_composite_independent_replay.json: OK
./work/corrected_composite_ledgers/artifacts/theta2_corrected_composite_ledger.jsonl.gz: OK
./work/corrected_composite_ledgers/artifacts/theta2_corrected_composite_mutations.json: OK
./work/corrected_composite_ledgers/artifacts/theta2_corrected_composite_summary.json: OK
./work/corrected_composite_ledgers/build_terminal_registry.py: OK
./work/corrected_composite_ledgers/composite_support.py: OK
./work/corrected_composite_ledgers/generate_corrected_composites.py: OK
./work/corrected_composite_ledgers/run_composite_mutations.py: OK
./work/corrected_composite_ledgers/test_composite_mutation_output_safety.py: OK
./work/corrected_composite_ledgers/validate_release_contract.py: OK
./work/corrected_composite_ledgers/verify_corrected_composites_independent.py: OK
./work/cycle_three_port_closure/MANIFEST.sha256: OK
./work/cycle_three_port_closure/PROOF.md: OK
./work/cycle_three_port_closure/README.md: OK
./work/cycle_three_port_closure/RESEARCH_LOG.md: OK
./work/cycle_three_port_closure/artifacts/base_raw_ledger.jsonl.gz: OK
./work/cycle_three_port_closure/artifacts/cycle_three_port_summary.json: OK
./work/cycle_three_port_closure/artifacts/full_completion_ledger.jsonl.gz: OK
./work/cycle_three_port_closure/artifacts/physical_anchors.json: OK
./work/cycle_three_port_closure/artifacts/quadratic_certificates.json: OK
./work/cycle_three_port_closure/artifacts/rank_witnesses.json: OK
./work/cycle_three_port_closure/artifacts/restoration_roots.jsonl.gz: OK
./work/cycle_three_port_closure/artifacts/topology_witnesses.json: OK
./work/cycle_three_port_closure/artifacts/transport_certificates.json: OK
./work/cycle_three_port_closure/cycle_common.py: OK
./work/cycle_three_port_closure/generate_cycle_closure.py: OK
./work/cycle_three_port_closure/mutation_certificate.json: OK
./work/cycle_three_port_closure/promotion/cycle_base_authoritative.jsonl.gz: OK
./work/cycle_three_port_closure/promotion/cycle_full_authoritative.jsonl.gz: OK
./work/cycle_three_port_closure/promotion/cycle_promotion_certificate.json: OK
./work/cycle_three_port_closure/test_mutations.py: OK
./work/cycle_three_port_closure/verify_cycle_closure.py: OK
./work/domain_rooting_closure/PROOF.md: OK
./work/domain_rooting_closure/domain_rooting_certificate.json: OK
./work/domain_rooting_closure/verify_domain_rooting.py: OK
./work/final_theorem_release/CORRECTED_FINITE_UNIVERSE_CONTRACT.md: OK
./work/final_theorem_release/HISTORICAL_ARTIFACT_REGISTRY.json: OK
./work/final_theorem_release/README.md: OK
./work/final_theorem_release/RELEASE_LOCK.json: OK
./work/final_theorem_release/RESEARCH_LOG.md: OK
./work/final_theorem_release/build_corrected_universe_release.py: OK
./work/final_theorem_release/build_release_lock.py: OK
./work/final_theorem_release/composite_reseal_diff_audit.json: OK
./work/final_theorem_release/corrected_finite_universe_locator.json: OK
./work/final_theorem_release/corrected_universe_certificate.json: OK
./work/final_theorem_release/corrected_universe_independent_replay.json: OK
./work/final_theorem_release/corrected_universe_mutation_report.json: OK
./work/final_theorem_release/full_map_reseal_audit.json: OK
./work/final_theorem_release/no_assert_triangle_sunlet.py: OK
./work/final_theorem_release/release_common.py: OK
./work/final_theorem_release/requirements.txt: OK
./work/final_theorem_release/run_corrected_universe_mutations.py: OK
./work/final_theorem_release/run_release_mutations.py: OK
./work/final_theorem_release/test_final_replay_output_contract.py: OK
./work/final_theorem_release/test_nested_mutation_output_contract.py: OK
./work/final_theorem_release/test_release_mutation_output_contract.py: OK
./work/final_theorem_release/test_semantic_mutation_diagnostic_contracts.py: OK
./work/final_theorem_release/triangle_sunlet_certificate.json: OK
./work/final_theorem_release/verify_composite_reseal_diff.py: OK
./work/final_theorem_release/verify_corrected_universe_independent.py: OK
./work/final_theorem_release/verify_final_theorem_release.py: OK
./work/final_theorem_release/verify_full_map_reseal.py: OK
./work/global_proof_adversary/AUDIT.md: OK
./work/global_proof_adversary/component_scale_certificate.json: OK
./work/global_proof_adversary/probe_full_audit/AUDIT_REPORT.md: OK
./work/global_proof_adversary/probe_full_audit/independent_probe_graph_audit.py: OK
./work/global_proof_adversary/probe_full_audit/independent_probe_graph_audit_certificate.json: OK
./work/global_proof_adversary/probe_full_audit/independent_probe_mutation_report.json: OK
./work/global_proof_adversary/probe_full_audit/primitive_anchor_replay.json: OK
./work/global_proof_adversary/probe_full_audit/upstream_independent_replay.json: OK
./work/global_proof_adversary/verify_component_scales.py: OK
./work/global_theorem_closure/GLOBAL_PROOF.md: OK
./work/global_theorem_closure/README.md: OK
./work/global_theorem_closure/RESEARCH_LOG.md: OK
./work/global_theorem_closure/promotion_manuscript/K2P_SAME_PROMOTION_MANUSCRIPT.md: OK
./work/global_theorem_closure/promotion_manuscript/PROBE_PROMOTION_PLACEHOLDER.json: OK
./work/global_theorem_closure/promotion_manuscript/QUANTIFIER_AUDIT.md: OK
./work/global_theorem_closure/promotion_manuscript/verify_promotion_gate.py: OK
./work/probe_coherence_corrected/MANIFEST.sha256: OK
./work/probe_coherence_corrected/PROOF.md: OK
./work/probe_coherence_corrected/README.md: OK
./work/probe_coherence_corrected/RESEARCH_LOG.md: OK
./work/probe_coherence_corrected/build_probe_coherence_corrected.py: OK
./work/probe_coherence_corrected/exact_transport_ledger.jsonl.gz: OK
./work/probe_coherence_corrected/one_port_ledger.jsonl.gz: OK
./work/probe_coherence_corrected/parent_restriction_ledger.jsonl.gz: OK
./work/probe_coherence_corrected/probe_coherence_certificate.json: OK
./work/probe_coherence_corrected/probe_coherence_independent_verification.json: OK
./work/probe_coherence_corrected/probe_coherence_mutation_certificate.json: OK
./work/probe_coherence_corrected/reseal_probe_certificate.py: OK
./work/probe_coherence_corrected/run_probe_coherence_mutations.py: OK
./work/probe_coherence_corrected/separation_proof_registry.json.gz: OK
./work/probe_coherence_corrected/site_transport_partition_verification.json: OK
./work/probe_coherence_corrected/two_port_ledger.jsonl.gz: OK
./work/probe_coherence_corrected/two_port_parent_inventory.jsonl.gz: OK
./work/probe_coherence_corrected/verify_probe_coherence_corrected.py: OK
./work/probe_coherence_corrected/verify_site_transport_partition.py: OK
./work/quartet_separation_closure/PROOF.md: OK
./work/quartet_separation_closure/QUARTET_SEMANTICS_SPEC.json: OK
./work/quartet_separation_closure/quartet_logic_certificate.json: OK
./work/quartet_separation_closure/quartet_semantics_mutation_certificate.json: OK
./work/quartet_separation_closure/quartet_terminal_binding_certificate.json: OK
./work/quartet_separation_closure/quartet_terminal_binding_mutation_certificate.json: OK
./work/quartet_separation_closure/test_quartet_semantics_mutations.py: OK
./work/quartet_separation_closure/test_quartet_semantics_relocation.py: OK
./work/quartet_separation_closure/test_quartet_terminal_binding_mutations.py: OK
./work/quartet_separation_closure/verify_quartet_logic.py: OK
./work/quartet_separation_closure/verify_quartet_terminal_bindings.py: OK
./work/rank_upper_certificates/MANIFEST.sha256: OK
./work/rank_upper_certificates/PROOF.md: OK
./work/rank_upper_certificates/README.md: OK
./work/rank_upper_certificates/RESEARCH_LOG.md: OK
./work/rank_upper_certificates/ansatz_experiments.py: OK
./work/rank_upper_certificates/base_ansatz_census.json: OK
./work/rank_upper_certificates/build_exception_orbits.py: OK
./work/rank_upper_certificates/build_manifest.py: OK
./work/rank_upper_certificates/build_rank_upper_coverage.py: OK
./work/rank_upper_certificates/census_base_ansatz.py: OK
./work/rank_upper_certificates/descriptor_actions.py: OK
./work/rank_upper_certificates/exception_orbit_representatives.pkl: OK
./work/rank_upper_certificates/exception_orbits.json: OK
./work/rank_upper_certificates/exception_syzygies/orbit_000.json: OK
./work/rank_upper_certificates/exception_syzygies/orbit_001.json: OK
./work/rank_upper_certificates/exception_syzygies/orbit_002.json: OK
./work/rank_upper_certificates/exception_syzygies/orbit_003.json: OK
./work/rank_upper_certificates/exception_syzygies/orbit_004.json: OK
./work/rank_upper_certificates/exception_syzygies/orbit_005.json: OK
./work/rank_upper_certificates/exception_syzygies/orbit_006.json: OK
./work/rank_upper_certificates/exception_syzygies/orbit_007.json: OK
./work/rank_upper_certificates/exception_syzygies/orbit_008.json: OK
./work/rank_upper_certificates/exception_syzygies/orbit_009.json: OK
./work/rank_upper_certificates/exception_syzygies/orbit_010.json: OK
./work/rank_upper_certificates/exception_syzygies/orbit_011.json: OK
./work/rank_upper_certificates/exception_syzygies/orbit_012.json: OK
./work/rank_upper_certificates/exception_syzygies/orbit_013.json: OK
./work/rank_upper_certificates/exception_syzygies/orbit_014.json: OK
./work/rank_upper_certificates/exception_syzygies/orbit_015.json: OK
./work/rank_upper_certificates/exception_syzygies/orbit_016.json: OK
./work/rank_upper_certificates/exception_syzygies/orbit_017.json: OK
./work/rank_upper_certificates/exception_syzygies/orbit_018.json: OK
./work/rank_upper_certificates/exception_syzygies/orbit_019.json: OK
./work/rank_upper_certificates/exception_syzygies/orbit_020.json: OK
./work/rank_upper_certificates/exception_syzygies/orbit_021.json: OK
./work/rank_upper_certificates/exception_syzygies/orbit_022.json: OK
./work/rank_upper_certificates/exception_syzygies/orbit_023.json: OK
./work/rank_upper_certificates/exception_syzygies/orbit_024.json: OK
./work/rank_upper_certificates/exception_syzygies/orbit_025.json: OK
./work/rank_upper_certificates/exception_syzygies/orbit_026.json: OK
./work/rank_upper_certificates/exception_syzygies/orbit_027.json: OK
./work/rank_upper_certificates/exception_syzygies/orbit_028.json: OK
./work/rank_upper_certificates/exception_syzygies/orbit_029.json: OK
./work/rank_upper_certificates/exception_syzygies/orbit_030.json: OK
./work/rank_upper_certificates/exception_syzygies/orbit_031.json: OK
./work/rank_upper_certificates/exception_syzygies/orbit_032.json: OK
./work/rank_upper_certificates/exception_syzygies/orbit_033.json: OK
./work/rank_upper_certificates/exception_syzygies/orbit_034.json: OK
./work/rank_upper_certificates/exception_syzygies/orbit_035.json: OK
./work/rank_upper_certificates/exception_syzygies/orbit_036.json: OK
./work/rank_upper_certificates/exception_syzygies/orbit_037.json: OK
./work/rank_upper_certificates/exception_syzygies/orbit_038.json: OK
./work/rank_upper_certificates/exception_syzygies/orbit_039.json: OK
./work/rank_upper_certificates/exception_syzygies/orbit_040.json: OK
./work/rank_upper_certificates/exception_syzygies/orbit_041.json: OK
./work/rank_upper_certificates/exception_syzygies/orbit_042.json: OK
./work/rank_upper_certificates/exception_syzygies/orbit_043.json: OK
./work/rank_upper_certificates/exception_syzygies/orbit_044.json: OK
./work/rank_upper_certificates/exception_syzygies/orbit_045.json: OK
./work/rank_upper_certificates/exception_syzygies/orbit_046.json: OK
./work/rank_upper_certificates/exception_syzygies/orbit_047.json: OK
./work/rank_upper_certificates/exception_syzygies/orbit_048.json: OK
./work/rank_upper_certificates/exception_syzygies/orbit_049.json: OK
./work/rank_upper_certificates/exception_syzygies/orbit_050.json: OK
./work/rank_upper_certificates/exception_syzygies/orbit_051.json: OK
./work/rank_upper_certificates/exception_syzygies/orbit_052.json: OK
./work/rank_upper_certificates/exception_syzygies/orbit_053.json: OK
./work/rank_upper_certificates/exception_syzygies/orbit_054.json: OK
./work/rank_upper_certificates/exception_syzygies/orbit_055.json: OK
./work/rank_upper_certificates/exception_syzygies/orbit_056.json: OK
./work/rank_upper_certificates/exception_syzygies/orbit_057.json: OK
./work/rank_upper_certificates/exception_syzygies/orbit_058.json: OK
./work/rank_upper_certificates/exception_syzygies/orbit_059.json: OK
./work/rank_upper_certificates/exception_syzygies/orbit_060.json: OK
./work/rank_upper_certificates/exception_syzygies/orbit_061.json: OK
./work/rank_upper_certificates/exception_syzygies/orbit_062.json: OK
./work/rank_upper_certificates/exception_syzygies/orbit_063.json: OK
./work/rank_upper_certificates/exception_syzygies/orbit_064.json: OK
./work/rank_upper_certificates/exception_syzygies/orbit_065.json: OK
./work/rank_upper_certificates/exception_syzygies/orbit_066.json: OK
./work/rank_upper_certificates/exception_syzygies/orbit_067.json: OK
./work/rank_upper_certificates/exception_syzygies/orbit_068.json: OK
./work/rank_upper_certificates/exception_syzygies/orbit_069.json: OK
./work/rank_upper_certificates/exception_syzygies/orbit_070.json: OK
./work/rank_upper_certificates/exception_syzygies/orbit_071.json: OK
./work/rank_upper_certificates/exception_syzygies/orbit_072.json: OK
./work/rank_upper_certificates/exception_syzygies/orbit_073.json: OK
./work/rank_upper_certificates/exception_syzygies/orbit_074.json: OK
./work/rank_upper_certificates/generate_exception_syzygies.py: OK
./work/rank_upper_certificates/manifest.json: OK
./work/rank_upper_certificates/mutation_report.json: OK
./work/rank_upper_certificates/mutation_tests.py: OK
./work/rank_upper_certificates/rank_upper_coverage.json: OK
./work/rank_upper_certificates/rank_upper_replay.json: OK
./work/rank_upper_certificates/select_missing_supports.py: OK
./work/rank_upper_certificates/syzygy_upper.py: OK
./work/rank_upper_certificates/verify_rank_upper_certificates.py: OK
./work/raw4_sign_reclassification/analyze_raw4_sign.py: OK
./work/raw4_sign_reclassification/build_raw4_corrected_terminal_ledger.py: OK
./work/raw4_sign_reclassification/mutation_tests.py: OK
./work/raw4_sign_reclassification/raw4_corrected_replay_certificate.json: OK
./work/raw4_sign_reclassification/raw4_corrected_terminal_ledger.json: OK
./work/raw4_sign_reclassification/raw4_mutation_certificate.json: OK
./work/raw4_sign_reclassification/raw4_sign_reclassification.json: OK
./work/raw4_sign_reclassification/verify_raw4_corrected_terminal_ledger.py: OK
./work/raw_ledger_audit/artifacts/rank_lower_certificates.json.gz: OK
./work/raw_ledger_audit/artifacts/rank_upper_binding.json.gz: OK
./work/raw_ledger_audit/artifacts/raw_directional_ledger.jsonl.gz: OK
./work/raw_ledger_audit/artifacts/raw_ledger_mutation_report.json: OK
./work/raw_ledger_audit/artifacts/raw_ledger_summary.json: OK
./work/raw_ledger_audit/artifacts/retained_class_partition.json.gz: OK
./work/raw_ledger_audit/generate_raw_ledger.py: OK
./work/raw_ledger_audit/ledger_common.py: OK
./work/raw_ledger_audit/rank_upper_binding.py: OK
./work/raw_ledger_audit/test_mutations.py: OK
./work/raw_ledger_audit/verify_raw_ledger.py: OK
./work/restoration_forest/RESTORATION_CLOSURE.md: OK
./work/restoration_forest/enumerate_five_port.py: OK
./work/restoration_forest/five_port_certificate.json: OK
./work/restoration_forest/replay_report.json: OK
./work/restoration_sign_reclassification/build_corrected_restoration_forest.py: OK
./work/restoration_sign_reclassification/corrected_restoration_forest.json: OK
./work/restoration_sign_reclassification/corrected_restoration_historical_crosswalk.json: OK
./work/restoration_sign_reclassification/corrected_restoration_mutation_certificate.json: OK
./work/restoration_sign_reclassification/corrected_restoration_replay_certificate.json: OK
./work/restoration_sign_reclassification/mutate_corrected_restoration_forest.py: OK
./work/restoration_sign_reclassification/verify_corrected_restoration_forest.py: OK
./work/theorem_assembly/THEOREM_STATEMENTS_DRAFT.md: OK
./work/theta2_five_port_closure/PROOF.md: OK
./work/theta2_five_port_closure/artifacts/class_partition.json.gz: OK
./work/theta2_five_port_closure/artifacts/direct_proof_certificates.json.gz: OK
./work/theta2_five_port_closure/artifacts/exact_rank_certificates.json.gz: OK
./work/theta2_five_port_closure/artifacts/fixed_full_restoration_closure.json.gz: OK
./work/theta2_five_port_closure/artifacts/mutation_report.json: OK
./work/theta2_five_port_closure/artifacts/raw_directional_ledger.jsonl.gz: OK
./work/theta2_five_port_closure/artifacts/theta2_five_port_summary.json: OK
./work/theta2_five_port_closure/generate_theta2_ledger.py: OK
./work/theta2_five_port_closure/restoration_closure.py: OK
./work/theta2_five_port_closure/syzygy_upper.py: OK
./work/theta2_five_port_closure/test_mutations.py: OK
./work/theta2_five_port_closure/theta2_common.py: OK
./work/theta2_five_port_closure/verify_theta2_ledger.py: OK
./work/theta2_sign_reclassification/README.md: OK
./work/theta2_sign_reclassification/RESEARCH_LOG.md: OK
./work/theta2_sign_reclassification/mutation_tests.py: OK
./work/theta2_sign_reclassification/theta2_independent_replay_certificate.json: OK
./work/theta2_sign_reclassification/theta2_mutation_certificate.json: OK
./work/theta2_sign_reclassification/verify_theta2_full_map_independent.py: OK
./work/weak_sharpness_audit/PROOF_AUDIT.md: OK
./work/weak_sharpness_audit/audit_certificate.json: OK
./work/weak_sharpness_audit/audit_weak_sharpness.py: OK
./work/weak_sharpness_audit/mutation_report.json: OK
./work/weak_sharpness_audit/test_mutations.py: OK
./work/weak_sharpness_closure/PROOF.md: OK
./work/weak_sharpness_closure/verify_weak_sharpness.py: OK
./work/weak_sharpness_closure/weak_sharpness_certificate.json: OK
