{
  "exact_homogeneous_chain_components": [
    {
      "r": 3,
      "b": 1,
      "q": 0,
      "dimensions": [
        1,
        0,
        0,
        0
      ],
      "boundary_ranks": [
        0,
        0,
        0
      ],
      "homology": [
        1,
        0,
        0,
        0
      ]
    },
    {
      "r": 3,
      "b": 1,
      "q": 1,
      "dimensions": [
        3,
        3,
        0,
        0
      ],
      "boundary_ranks": [
        3,
        0,
        0
      ],
      "homology": [
        0,
        0,
        0,
        0
      ]
    },
    {
      "r": 3,
      "b": 1,
      "q": 2,
      "dimensions": [
        6,
        9,
        3,
        0
      ],
      "boundary_ranks": [
        6,
        3,
        0
      ],
      "homology": [
        0,
        0,
        0,
        0
      ]
    },
    {
      "r": 3,
      "b": 1,
      "q": 3,
      "dimensions": [
        10,
        18,
        9,
        1
      ],
      "boundary_ranks": [
        10,
        8,
        1
      ],
      "homology": [
        0,
        0,
        0,
        0
      ]
    },
    {
      "r": 3,
      "b": 1,
      "q": 4,
      "dimensions": [
        15,
        30,
        18,
        3
      ],
      "boundary_ranks": [
        15,
        15,
        3
      ],
      "homology": [
        0,
        0,
        0,
        0
      ]
    },
    {
      "r": 3,
      "b": 2,
      "q": 0,
      "dimensions": [
        1,
        0,
        0,
        0
      ],
      "boundary_ranks": [
        0,
        0,
        0
      ],
      "homology": [
        1,
        0,
        0,
        0
      ]
    },
    {
      "r": 3,
      "b": 2,
      "q": 1,
      "dimensions": [
        3,
        0,
        0,
        0
      ],
      "boundary_ranks": [
        0,
        0,
        0
      ],
      "homology": [
        3,
        0,
        0,
        0
      ]
    },
    {
      "r": 3,
      "b": 2,
      "q": 2,
      "dimensions": [
        6,
        3,
        0,
        0
      ],
      "boundary_ranks": [
        3,
        0,
        0
      ],
      "homology": [
        3,
        0,
        0,
        0
      ]
    },
    {
      "r": 3,
      "b": 2,
      "q": 3,
      "dimensions": [
        10,
        9,
        0,
        0
      ],
      "boundary_ranks": [
        9,
        0,
        0
      ],
      "homology": [
        1,
        0,
        0,
        0
      ]
    },
    {
      "r": 3,
      "b": 2,
      "q": 4,
      "dimensions": [
        15,
        18,
        3,
        0
      ],
      "boundary_ranks": [
        15,
        3,
        0
      ],
      "homology": [
        0,
        0,
        0,
        0
      ]
    },
    {
      "r": 3,
      "b": 2,
      "q": 5,
      "dimensions": [
        21,
        30,
        9,
        0
      ],
      "boundary_ranks": [
        21,
        9,
        0
      ],
      "homology": [
        0,
        0,
        0,
        0
      ]
    },
    {
      "r": 3,
      "b": 2,
      "q": 6,
      "dimensions": [
        28,
        45,
        18,
        1
      ],
      "boundary_ranks": [
        28,
        17,
        1
      ],
      "homology": [
        0,
        0,
        0,
        0
      ]
    },
    {
      "r": 3,
      "b": 2,
      "q": 7,
      "dimensions": [
        36,
        63,
        30,
        3
      ],
      "boundary_ranks": [
        36,
        27,
        3
      ],
      "homology": [
        0,
        0,
        0,
        0
      ]
    },
    {
      "r": 5,
      "b": 1,
      "q": 0,
      "dimensions": [
        1,
        0,
        0,
        0,
        0,
        0
      ],
      "boundary_ranks": [
        0,
        0,
        0,
        0,
        0
      ],
      "homology": [
        1,
        0,
        0,
        0,
        0,
        0
      ]
    },
    {
      "r": 5,
      "b": 1,
      "q": 1,
      "dimensions": [
        5,
        5,
        0,
        0,
        0,
        0
      ],
      "boundary_ranks": [
        5,
        0,
        0,
        0,
        0
      ],
      "homology": [
        0,
        0,
        0,
        0,
        0,
        0
      ]
    },
    {
      "r": 5,
      "b": 1,
      "q": 2,
      "dimensions": [
        15,
        25,
        10,
        0,
        0,
        0
      ],
      "boundary_ranks": [
        15,
        10,
        0,
        0,
        0
      ],
      "homology": [
        0,
        0,
        0,
        0,
        0,
        0
      ]
    },
    {
      "r": 5,
      "b": 1,
      "q": 3,
      "dimensions": [
        35,
        75,
        50,
        10,
        0,
        0
      ],
      "boundary_ranks": [
        35,
        40,
        10,
        0,
        0
      ],
      "homology": [
        0,
        0,
        0,
        0,
        0,
        0
      ]
    },
    {
      "r": 5,
      "b": 1,
      "q": 4,
      "dimensions": [
        70,
        175,
        150,
        50,
        5,
        0
      ],
      "boundary_ranks": [
        70,
        105,
        45,
        5,
        0
      ],
      "homology": [
        0,
        0,
        0,
        0,
        0,
        0
      ]
    },
    {
      "r": 5,
      "b": 1,
      "q": 5,
      "dimensions": [
        126,
        350,
        350,
        150,
        25,
        1
      ],
      "boundary_ranks": [
        126,
        224,
        126,
        24,
        1
      ],
      "homology": [
        0,
        0,
        0,
        0,
        0,
        0
      ]
    },
    {
      "r": 5,
      "b": 1,
      "q": 6,
      "dimensions": [
        210,
        630,
        700,
        350,
        75,
        5
      ],
      "boundary_ranks": [
        210,
        420,
        280,
        70,
        5
      ],
      "homology": [
        0,
        0,
        0,
        0,
        0,
        0
      ]
    },
    {
      "r": 5,
      "b": 2,
      "q": 0,
      "dimensions": [
        1,
        0,
        0,
        0,
        0,
        0
      ],
      "boundary_ranks": [
        0,
        0,
        0,
        0,
        0
      ],
      "homology": [
        1,
        0,
        0,
        0,
        0,
        0
      ]
    },
    {
      "r": 5,
      "b": 2,
      "q": 1,
      "dimensions": [
        5,
        0,
        0,
        0,
        0,
        0
      ],
      "boundary_ranks": [
        0,
        0,
        0,
        0,
        0
      ],
      "homology": [
        5,
        0,
        0,
        0,
        0,
        0
      ]
    },
    {
      "r": 5,
      "b": 2,
      "q": 2,
      "dimensions": [
        15,
        5,
        0,
        0,
        0,
        0
      ],
      "boundary_ranks": [
        5,
        0,
        0,
        0,
        0
      ],
      "homology": [
        10,
        0,
        0,
        0,
        0,
        0
      ]
    },
    {
      "r": 5,
      "b": 2,
      "q": 3,
      "dimensions": [
        35,
        25,
        0,
        0,
        0,
        0
      ],
      "boundary_ranks": [
        25,
        0,
        0,
        0,
        0
      ],
      "homology": [
        10,
        0,
        0,
        0,
        0,
        0
      ]
    },
    {
      "r": 5,
      "b": 2,
      "q": 4,
      "dimensions": [
        70,
        75,
        10,
        0,
        0,
        0
      ],
      "boundary_ranks": [
        65,
        10,
        0,
        0,
        0
      ],
      "homology": [
        5,
        0,
        0,
        0,
        0,
        0
      ]
    },
    {
      "r": 5,
      "b": 2,
      "q": 5,
      "dimensions": [
        126,
        175,
        50,
        0,
        0,
        0
      ],
      "boundary_ranks": [
        125,
        50,
        0,
        0,
        0
      ],
      "homology": [
        1,
        0,
        0,
        0,
        0,
        0
      ]
    },
    {
      "r": 5,
      "b": 2,
      "q": 6,
      "dimensions": [
        210,
        350,
        150,
        10,
        0,
        0
      ],
      "boundary_ranks": [
        210,
        140,
        10,
        0,
        0
      ],
      "homology": [
        0,
        0,
        0,
        0,
        0,
        0
      ]
    },
    {
      "r": 6,
      "b": 1,
      "q": 0,
      "dimensions": [
        1,
        0,
        0,
        0,
        0,
        0,
        0
      ],
      "boundary_ranks": [
        0,
        0,
        0,
        0,
        0,
        0
      ],
      "homology": [
        1,
        0,
        0,
        0,
        0,
        0,
        0
      ]
    },
    {
      "r": 6,
      "b": 1,
      "q": 1,
      "dimensions": [
        6,
        6,
        0,
        0,
        0,
        0,
        0
      ],
      "boundary_ranks": [
        6,
        0,
        0,
        0,
        0,
        0
      ],
      "homology": [
        0,
        0,
        0,
        0,
        0,
        0,
        0
      ]
    },
    {
      "r": 6,
      "b": 1,
      "q": 2,
      "dimensions": [
        21,
        36,
        15,
        0,
        0,
        0,
        0
      ],
      "boundary_ranks": [
        21,
        15,
        0,
        0,
        0,
        0
      ],
      "homology": [
        0,
        0,
        0,
        0,
        0,
        0,
        0
      ]
    },
    {
      "r": 6,
      "b": 1,
      "q": 3,
      "dimensions": [
        56,
        126,
        90,
        20,
        0,
        0,
        0
      ],
      "boundary_ranks": [
        56,
        70,
        20,
        0,
        0,
        0
      ],
      "homology": [
        0,
        0,
        0,
        0,
        0,
        0,
        0
      ]
    },
    {
      "r": 6,
      "b": 1,
      "q": 4,
      "dimensions": [
        126,
        336,
        315,
        120,
        15,
        0,
        0
      ],
      "boundary_ranks": [
        126,
        210,
        105,
        15,
        0,
        0
      ],
      "homology": [
        0,
        0,
        0,
        0,
        0,
        0,
        0
      ]
    },
    {
      "r": 6,
      "b": 1,
      "q": 5,
      "dimensions": [
        252,
        756,
        840,
        420,
        90,
        6,
        0
      ],
      "boundary_ranks": [
        252,
        504,
        336,
        84,
        6,
        0
      ],
      "homology": [
        0,
        0,
        0,
        0,
        0,
        0,
        0
      ]
    },
    {
      "r": 6,
      "b": 1,
      "q": 6,
      "dimensions": [
        462,
        1512,
        1890,
        1120,
        315,
        36,
        1
      ],
      "boundary_ranks": [
        462,
        1050,
        840,
        280,
        35,
        1
      ],
      "homology": [
        0,
        0,
        0,
        0,
        0,
        0,
        0
      ]
    }
  ],
  "unsigned_d_squared_nonzero_entries": 3,
  "power_mutation_rejected": true,
  "Ext1_controls": [
    {
      "r": 3,
      "b": 2,
      "k": 2,
      "target_shift": 0,
      "quotient_shift": 0,
      "degree0_Ext1_dim": 3
    },
    {
      "r": 5,
      "b": 1,
      "k": 4,
      "target_shift": 3,
      "quotient_shift": 9,
      "degree0_Ext1_dim": 0
    },
    {
      "r": 5,
      "b": 5,
      "k": 4,
      "target_shift": 11,
      "quotient_shift": 41,
      "degree0_Ext1_dim": 1
    },
    {
      "r": 5,
      "b": 1,
      "k": 2,
      "target_shift": 0,
      "quotient_shift": 0,
      "degree0_Ext1_dim": 0
    }
  ],
  "depth_controls": [
    {
      "odd_rank": 5,
      "k": 2,
      "pd": 3,
      "depth_at_odd_m": 2,
      "even_rank": 6,
      "even_full_max_depth": 3,
      "even_witness_prime_height": 5,
      "even_witness_prime_depth": 2,
      "syzygy_order_odd_and_even": 2
    },
    {
      "odd_rank": 7,
      "k": 3,
      "pd": 4,
      "depth_at_odd_m": 3,
      "even_rank": 8,
      "even_full_max_depth": 4,
      "even_witness_prime_height": 7,
      "even_witness_prime_depth": 3,
      "syzygy_order_odd_and_even": 3
    },
    {
      "odd_rank": 9,
      "k": 4,
      "pd": 5,
      "depth_at_odd_m": 4,
      "even_rank": 10,
      "even_full_max_depth": 5,
      "even_witness_prime_height": 9,
      "even_witness_prime_depth": 4,
      "syzygy_order_odd_and_even": 4
    },
    {
      "odd_rank": 11,
      "k": 5,
      "pd": 6,
      "depth_at_odd_m": 5,
      "even_rank": 12,
      "even_full_max_depth": 6,
      "even_witness_prime_height": 11,
      "even_witness_prime_depth": 5,
      "syzygy_order_odd_and_even": 5
    }
  ]
}
PASS: exact chain matrices, Koszul quotient homology, signs/powers controls, Ext controls, rank-5/6 depth witnesses.
BOUNDARY: this executable corroborates bounded cases; INDEPENDENT_DERIVATION.md contains the universal proof.
