{"started_utc": "2026-10-03T05:43:08.024345+00:00", "method": "exact subset sums and independently derived grade identities"}
{"dimension_a1_b1": 1, "family": "padded_odd", "generic": true, "lengths": [1], "long_count": 1, "m": 0, "mu": 1, "r": 1}
{"dimension_a1_b1": 4, "family": "padded_odd", "generic": true, "lengths": [0, 1], "long_count": 2, "m": 0, "mu": 1, "r": 2}
{"dimension_a1_b1": 7, "family": "padded_odd", "generic": true, "lengths": [0, 0, 1], "long_count": 4, "m": 0, "mu": 1, "r": 3}
{"dimension_a1_b1": 7, "family": "padded_odd", "generic": true, "lengths": [1, 1, 1], "long_count": 4, "m": 1, "mu": 2, "r": 3}
{"dimension_a1_b1": 10, "family": "padded_odd", "generic": true, "lengths": [0, 0, 0, 1], "long_count": 8, "m": 0, "mu": 1, "r": 4}
{"dimension_a1_b1": 10, "family": "padded_odd", "generic": true, "lengths": [0, 1, 1, 1], "long_count": 8, "m": 1, "mu": 2, "r": 4}
{"dimension_a1_b1": 13, "family": "padded_odd", "generic": true, "lengths": [0, 0, 0, 0, 1], "long_count": 16, "m": 0, "mu": 1, "r": 5}
{"dimension_a1_b1": 13, "family": "padded_odd", "generic": true, "lengths": [0, 0, 1, 1, 1], "long_count": 16, "m": 1, "mu": 2, "r": 5}
{"dimension_a1_b1": 13, "family": "padded_odd", "generic": true, "lengths": [1, 1, 1, 1, 1], "long_count": 16, "m": 2, "mu": 3, "r": 5}
{"dimension_a1_b1": 16, "family": "padded_odd", "generic": true, "lengths": [0, 0, 0, 0, 0, 1], "long_count": 32, "m": 0, "mu": 1, "r": 6}
{"dimension_a1_b1": 16, "family": "padded_odd", "generic": true, "lengths": [0, 0, 0, 1, 1, 1], "long_count": 32, "m": 1, "mu": 2, "r": 6}
{"dimension_a1_b1": 16, "family": "padded_odd", "generic": true, "lengths": [0, 1, 1, 1, 1, 1], "long_count": 32, "m": 2, "mu": 3, "r": 6}
{"dimension_a1_b1": 19, "family": "padded_odd", "generic": true, "lengths": [0, 0, 0, 0, 0, 0, 1], "long_count": 64, "m": 0, "mu": 1, "r": 7}
{"dimension_a1_b1": 19, "family": "padded_odd", "generic": true, "lengths": [0, 0, 0, 0, 1, 1, 1], "long_count": 64, "m": 1, "mu": 2, "r": 7}
{"dimension_a1_b1": 19, "family": "padded_odd", "generic": true, "lengths": [0, 0, 1, 1, 1, 1, 1], "long_count": 64, "m": 2, "mu": 3, "r": 7}
{"dimension_a1_b1": 19, "family": "padded_odd", "generic": true, "lengths": [1, 1, 1, 1, 1, 1, 1], "long_count": 64, "m": 3, "mu": 4, "r": 7}
{"dimension_a1_b1": 22, "family": "padded_odd", "generic": true, "lengths": [0, 0, 0, 0, 0, 0, 0, 1], "long_count": 128, "m": 0, "mu": 1, "r": 8}
{"dimension_a1_b1": 22, "family": "padded_odd", "generic": true, "lengths": [0, 0, 0, 0, 0, 1, 1, 1], "long_count": 128, "m": 1, "mu": 2, "r": 8}
{"dimension_a1_b1": 22, "family": "padded_odd", "generic": true, "lengths": [0, 0, 0, 1, 1, 1, 1, 1], "long_count": 128, "m": 2, "mu": 3, "r": 8}
{"dimension_a1_b1": 22, "family": "padded_odd", "generic": true, "lengths": [0, 1, 1, 1, 1, 1, 1, 1], "long_count": 128, "m": 3, "mu": 4, "r": 8}
{"dimension_a1_b1": 25, "family": "padded_odd", "generic": true, "lengths": [0, 0, 0, 0, 0, 0, 0, 0, 1], "long_count": 256, "m": 0, "mu": 1, "r": 9}
{"dimension_a1_b1": 25, "family": "padded_odd", "generic": true, "lengths": [0, 0, 0, 0, 0, 0, 1, 1, 1], "long_count": 256, "m": 1, "mu": 2, "r": 9}
{"dimension_a1_b1": 25, "family": "padded_odd", "generic": true, "lengths": [0, 0, 0, 0, 1, 1, 1, 1, 1], "long_count": 256, "m": 2, "mu": 3, "r": 9}
{"dimension_a1_b1": 25, "family": "padded_odd", "generic": true, "lengths": [0, 0, 1, 1, 1, 1, 1, 1, 1], "long_count": 256, "m": 3, "mu": 4, "r": 9}
{"dimension_a1_b1": 25, "family": "padded_odd", "generic": true, "lengths": [1, 1, 1, 1, 1, 1, 1, 1, 1], "long_count": 256, "m": 4, "mu": 5, "r": 9}
{"dimension_a1_b1": 28, "family": "padded_odd", "generic": true, "lengths": [0, 0, 0, 0, 0, 0, 0, 0, 0, 1], "long_count": 512, "m": 0, "mu": 1, "r": 10}
{"dimension_a1_b1": 28, "family": "padded_odd", "generic": true, "lengths": [0, 0, 0, 0, 0, 0, 0, 1, 1, 1], "long_count": 512, "m": 1, "mu": 2, "r": 10}
{"dimension_a1_b1": 28, "family": "padded_odd", "generic": true, "lengths": [0, 0, 0, 0, 0, 1, 1, 1, 1, 1], "long_count": 512, "m": 2, "mu": 3, "r": 10}
{"dimension_a1_b1": 28, "family": "padded_odd", "generic": true, "lengths": [0, 0, 0, 1, 1, 1, 1, 1, 1, 1], "long_count": 512, "m": 3, "mu": 4, "r": 10}
{"dimension_a1_b1": 28, "family": "padded_odd", "generic": true, "lengths": [0, 1, 1, 1, 1, 1, 1, 1, 1, 1], "long_count": 512, "m": 4, "mu": 5, "r": 10}
{"dimension_a1_b1": 31, "family": "padded_odd", "generic": true, "lengths": [0, 0, 0, 0, 0, 0, 0, 0, 0, 0, 1], "long_count": 1024, "m": 0, "mu": 1, "r": 11}
{"dimension_a1_b1": 31, "family": "padded_odd", "generic": true, "lengths": [0, 0, 0, 0, 0, 0, 0, 0, 1, 1, 1], "long_count": 1024, "m": 1, "mu": 2, "r": 11}
{"dimension_a1_b1": 31, "family": "padded_odd", "generic": true, "lengths": [0, 0, 0, 0, 0, 0, 1, 1, 1, 1, 1], "long_count": 1024, "m": 2, "mu": 3, "r": 11}
{"dimension_a1_b1": 31, "family": "padded_odd", "generic": true, "lengths": [0, 0, 0, 0, 1, 1, 1, 1, 1, 1, 1], "long_count": 1024, "m": 3, "mu": 4, "r": 11}
{"dimension_a1_b1": 31, "family": "padded_odd", "generic": true, "lengths": [0, 0, 1, 1, 1, 1, 1, 1, 1, 1, 1], "long_count": 1024, "m": 4, "mu": 5, "r": 11}
{"dimension_a1_b1": 31, "family": "padded_odd", "generic": true, "lengths": [1, 1, 1, 1, 1, 1, 1, 1, 1, 1, 1], "long_count": 1024, "m": 5, "mu": 6, "r": 11}
{"dimension_a1_b1": 34, "family": "padded_odd", "generic": true, "lengths": [0, 0, 0, 0, 0, 0, 0, 0, 0, 0, 0, 1], "long_count": 2048, "m": 0, "mu": 1, "r": 12}
{"dimension_a1_b1": 34, "family": "padded_odd", "generic": true, "lengths": [0, 0, 0, 0, 0, 0, 0, 0, 0, 1, 1, 1], "long_count": 2048, "m": 1, "mu": 2, "r": 12}
{"dimension_a1_b1": 34, "family": "padded_odd", "generic": true, "lengths": [0, 0, 0, 0, 0, 0, 0, 1, 1, 1, 1, 1], "long_count": 2048, "m": 2, "mu": 3, "r": 12}
{"dimension_a1_b1": 34, "family": "padded_odd", "generic": true, "lengths": [0, 0, 0, 0, 0, 1, 1, 1, 1, 1, 1, 1], "long_count": 2048, "m": 3, "mu": 4, "r": 12}
{"dimension_a1_b1": 34, "family": "padded_odd", "generic": true, "lengths": [0, 0, 0, 1, 1, 1, 1, 1, 1, 1, 1, 1], "long_count": 2048, "m": 4, "mu": 5, "r": 12}
{"dimension_a1_b1": 34, "family": "padded_odd", "generic": true, "lengths": [0, 1, 1, 1, 1, 1, 1, 1, 1, 1, 1, 1], "long_count": 2048, "m": 5, "mu": 6, "r": 12}
{"dimension_a1_b1": 37, "family": "padded_odd", "generic": true, "lengths": [0, 0, 0, 0, 0, 0, 0, 0, 0, 0, 0, 0, 1], "long_count": 4096, "m": 0, "mu": 1, "r": 13}
{"dimension_a1_b1": 37, "family": "padded_odd", "generic": true, "lengths": [0, 0, 0, 0, 0, 0, 0, 0, 0, 0, 1, 1, 1], "long_count": 4096, "m": 1, "mu": 2, "r": 13}
{"dimension_a1_b1": 37, "family": "padded_odd", "generic": true, "lengths": [0, 0, 0, 0, 0, 0, 0, 0, 1, 1, 1, 1, 1], "long_count": 4096, "m": 2, "mu": 3, "r": 13}
{"dimension_a1_b1": 37, "family": "padded_odd", "generic": true, "lengths": [0, 0, 0, 0, 0, 0, 1, 1, 1, 1, 1, 1, 1], "long_count": 4096, "m": 3, "mu": 4, "r": 13}
{"dimension_a1_b1": 37, "family": "padded_odd", "generic": true, "lengths": [0, 0, 0, 0, 1, 1, 1, 1, 1, 1, 1, 1, 1], "long_count": 4096, "m": 4, "mu": 5, "r": 13}
{"dimension_a1_b1": 37, "family": "padded_odd", "generic": true, "lengths": [0, 0, 1, 1, 1, 1, 1, 1, 1, 1, 1, 1, 1], "long_count": 4096, "m": 5, "mu": 6, "r": 13}
{"dimension_a1_b1": 37, "family": "padded_odd", "generic": true, "lengths": [1, 1, 1, 1, 1, 1, 1, 1, 1, 1, 1, 1, 1], "long_count": 4096, "m": 6, "mu": 7, "r": 13}
{"dimension_a1_b1": 40, "family": "padded_odd", "generic": true, "lengths": [0, 0, 0, 0, 0, 0, 0, 0, 0, 0, 0, 0, 0, 1], "long_count": 8192, "m": 0, "mu": 1, "r": 14}
{"dimension_a1_b1": 40, "family": "padded_odd", "generic": true, "lengths": [0, 0, 0, 0, 0, 0, 0, 0, 0, 0, 0, 1, 1, 1], "long_count": 8192, "m": 1, "mu": 2, "r": 14}
{"dimension_a1_b1": 40, "family": "padded_odd", "generic": true, "lengths": [0, 0, 0, 0, 0, 0, 0, 0, 0, 1, 1, 1, 1, 1], "long_count": 8192, "m": 2, "mu": 3, "r": 14}
{"dimension_a1_b1": 40, "family": "padded_odd", "generic": true, "lengths": [0, 0, 0, 0, 0, 0, 0, 1, 1, 1, 1, 1, 1, 1], "long_count": 8192, "m": 3, "mu": 4, "r": 14}
{"dimension_a1_b1": 40, "family": "padded_odd", "generic": true, "lengths": [0, 0, 0, 0, 0, 1, 1, 1, 1, 1, 1, 1, 1, 1], "long_count": 8192, "m": 4, "mu": 5, "r": 14}
{"dimension_a1_b1": 40, "family": "padded_odd", "generic": true, "lengths": [0, 0, 0, 1, 1, 1, 1, 1, 1, 1, 1, 1, 1, 1], "long_count": 8192, "m": 5, "mu": 6, "r": 14}
{"dimension_a1_b1": 40, "family": "padded_odd", "generic": true, "lengths": [0, 1, 1, 1, 1, 1, 1, 1, 1, 1, 1, 1, 1, 1], "long_count": 8192, "m": 6, "mu": 7, "r": 14}
{"dimension_a1_b1": 43, "family": "padded_odd", "generic": true, "lengths": [0, 0, 0, 0, 0, 0, 0, 0, 0, 0, 0, 0, 0, 0, 1], "long_count": 16384, "m": 0, "mu": 1, "r": 15}
{"dimension_a1_b1": 43, "family": "padded_odd", "generic": true, "lengths": [0, 0, 0, 0, 0, 0, 0, 0, 0, 0, 0, 0, 1, 1, 1], "long_count": 16384, "m": 1, "mu": 2, "r": 15}
{"dimension_a1_b1": 43, "family": "padded_odd", "generic": true, "lengths": [0, 0, 0, 0, 0, 0, 0, 0, 0, 0, 1, 1, 1, 1, 1], "long_count": 16384, "m": 2, "mu": 3, "r": 15}
{"dimension_a1_b1": 43, "family": "padded_odd", "generic": true, "lengths": [0, 0, 0, 0, 0, 0, 0, 0, 1, 1, 1, 1, 1, 1, 1], "long_count": 16384, "m": 3, "mu": 4, "r": 15}
{"dimension_a1_b1": 43, "family": "padded_odd", "generic": true, "lengths": [0, 0, 0, 0, 0, 0, 1, 1, 1, 1, 1, 1, 1, 1, 1], "long_count": 16384, "m": 4, "mu": 5, "r": 15}
{"dimension_a1_b1": 43, "family": "padded_odd", "generic": true, "lengths": [0, 0, 0, 0, 1, 1, 1, 1, 1, 1, 1, 1, 1, 1, 1], "long_count": 16384, "m": 5, "mu": 6, "r": 15}
{"dimension_a1_b1": 43, "family": "padded_odd", "generic": true, "lengths": [0, 0, 1, 1, 1, 1, 1, 1, 1, 1, 1, 1, 1, 1, 1], "long_count": 16384, "m": 6, "mu": 7, "r": 15}
{"dimension_a1_b1": 43, "family": "padded_odd", "generic": true, "lengths": [1, 1, 1, 1, 1, 1, 1, 1, 1, 1, 1, 1, 1, 1, 1], "long_count": 16384, "m": 7, "mu": 8, "r": 15}
{"negative_control": "even_equilateral", "r": 2, "generic": false, "tie_count": 2}
{"negative_control": "even_equilateral", "r": 4, "generic": false, "tie_count": 6}
{"negative_control": "even_equilateral", "r": 6, "generic": false, "tie_count": 20}
{"negative_control": "even_equilateral", "r": 8, "generic": false, "tie_count": 70}
{"negative_control": "even_equilateral", "r": 10, "generic": false, "tie_count": 252}
{"negative_control": "even_equilateral", "r": 12, "generic": false, "tie_count": 924}
{"negative_control": "even_equilateral", "r": 14, "generic": false, "tie_count": 3432}
{"permutation_control_count": 10, "invariant": {"generic": true, "mu": 1, "long_count": 16}}
{"grade_control_count": 48, "b1_masks_2023_error": true, "b2_detects_old_shift_difference": 2, "topological_proof_is_not_computation": true, "padded_odd_case_count": 64, "completed_utc": "2026-10-03T05:43:08.368387+00:00", "status": "PASS"}
