{
  "head": "75bea4d3be9904e90c3843892671a440ba4d2c42",
  "snapshot_hash_bound_files": 20,
  "nested_manifests": [
    {
      "manifest": "FINAL_SOURCE_MANIFEST.json",
      "explicit_hash_bound_entries": 10
    },
    {
      "manifest": "PUBLICATION_MANIFEST.json",
      "explicit_hash_bound_entries": 18
    },
    {
      "manifest": "REVIEW_MANIFEST.json",
      "explicit_hash_bound_entries": 4
    }
  ],
  "primary_pdf_retrievals_hash_exact": 4,
  "author_receipt_byte_exact": true,
  "old_review_receipt_byte_exact": true,
  "rank5_independent_inclusion_component_controls": [
    {
      "cohomology_degree": 0,
      "C": {
        "degree": -15,
        "source_dim": 0,
        "target_dim": 1,
        "rank": 0,
        "kernel": 0,
        "cokernel": 1
      },
      "Q": {
        "degree": -14,
        "source_dim": 0,
        "target_dim": 0,
        "rank": 0,
        "kernel": 0,
        "cokernel": 0
      },
      "C_predicted": 1,
      "Q_predicted": 0
    },
    {
      "cohomology_degree": 1,
      "C": {
        "degree": -14,
        "source_dim": 0,
        "target_dim": 0,
        "rank": 0,
        "kernel": 0,
        "cokernel": 0
      },
      "Q": {
        "degree": -13,
        "source_dim": 0,
        "target_dim": 5,
        "rank": 0,
        "kernel": 0,
        "cokernel": 5
      },
      "C_predicted": 0,
      "Q_predicted": 0
    },
    {
      "cohomology_degree": 2,
      "C": {
        "degree": -13,
        "source_dim": 0,
        "target_dim": 5,
        "rank": 0,
        "kernel": 0,
        "cokernel": 5
      },
      "Q": {
        "degree": -12,
        "source_dim": 0,
        "target_dim": 5,
        "rank": 0,
        "kernel": 0,
        "cokernel": 5
      },
      "C_predicted": 5,
      "Q_predicted": 0
    },
    {
      "cohomology_degree": 3,
      "C": {
        "degree": -12,
        "source_dim": 0,
        "target_dim": 5,
        "rank": 0,
        "kernel": 0,
        "cokernel": 5
      },
      "Q": {
        "degree": -11,
        "source_dim": 0,
        "target_dim": 15,
        "rank": 0,
        "kernel": 0,
        "cokernel": 15
      },
      "C_predicted": 5,
      "Q_predicted": 0
    },
    {
      "cohomology_degree": 4,
      "C": {
        "degree": -11,
        "source_dim": 0,
        "target_dim": 15,
        "rank": 0,
        "kernel": 0,
        "cokernel": 15
      },
      "Q": {
        "degree": -10,
        "source_dim": 0,
        "target_dim": 25,
        "rank": 0,
        "kernel": 0,
        "cokernel": 25
      },
      "C_predicted": 15,
      "Q_predicted": 0
    },
    {
      "cohomology_degree": 5,
      "C": {
        "degree": -10,
        "source_dim": 0,
        "target_dim": 25,
        "rank": 0,
        "kernel": 0,
        "cokernel": 25
      },
      "Q": {
        "degree": -9,
        "source_dim": 0,
        "target_dim": 45,
        "rank": 0,
        "kernel": 0,
        "cokernel": 45
      },
      "C_predicted": 25,
      "Q_predicted": 0
    },
    {
      "cohomology_degree": 6,
      "C": {
        "degree": -9,
        "source_dim": 0,
        "target_dim": 45,
        "rank": 0,
        "kernel": 0,
        "cokernel": 45
      },
      "Q": {
        "degree": -8,
        "source_dim": 0,
        "target_dim": 75,
        "rank": 0,
        "kernel": 0,
        "cokernel": 75
      },
      "C_predicted": 45,
      "Q_predicted": 0
    },
    {
      "cohomology_degree": 7,
      "C": {
        "degree": -8,
        "source_dim": 0,
        "target_dim": 75,
        "rank": 0,
        "kernel": 0,
        "cokernel": 75
      },
      "Q": {
        "degree": -7,
        "source_dim": 10,
        "target_dim": 120,
        "rank": 10,
        "kernel": 0,
        "cokernel": 110
      },
      "C_predicted": 75,
      "Q_predicted": 0
    },
    {
      "cohomology_degree": 8,
      "C": {
        "degree": -7,
        "source_dim": 10,
        "target_dim": 120,
        "rank": 10,
        "kernel": 0,
        "cokernel": 110
      },
      "Q": {
        "degree": -6,
        "source_dim": 10,
        "target_dim": 185,
        "rank": 10,
        "kernel": 0,
        "cokernel": 175
      },
      "C_predicted": 110,
      "Q_predicted": 0
    },
    {
      "cohomology_degree": 9,
      "C": {
        "degree": -6,
        "source_dim": 10,
        "target_dim": 185,
        "rank": 10,
        "kernel": 0,
        "cokernel": 175
      },
      "Q": {
        "degree": -5,
        "source_dim": 50,
        "target_dim": 276,
        "rank": 45,
        "kernel": 5,
        "cokernel": 231
      },
      "C_predicted": 175,
      "Q_predicted": 5
    },
    {
      "cohomology_degree": 10,
      "C": {
        "degree": -5,
        "source_dim": 50,
        "target_dim": 276,
        "rank": 45,
        "kernel": 5,
        "cokernel": 231
      },
      "Q": {
        "degree": -4,
        "source_dim": 55,
        "target_dim": 400,
        "rank": 50,
        "kernel": 5,
        "cokernel": 350
      },
      "C_predicted": 231,
      "Q_predicted": 5
    },
    {
      "cohomology_degree": 11,
      "C": {
        "degree": -4,
        "source_dim": 55,
        "target_dim": 400,
        "rank": 50,
        "kernel": 5,
        "cokernel": 350
      },
      "Q": {
        "degree": -3,
        "source_dim": 155,
        "target_dim": 565,
        "rank": 131,
        "kernel": 24,
        "cokernel": 434
      },
      "C_predicted": 350,
      "Q_predicted": 24
    },
    {
      "cohomology_degree": 12,
      "C": {
        "degree": -3,
        "source_dim": 155,
        "target_dim": 565,
        "rank": 131,
        "kernel": 24,
        "cokernel": 434
      },
      "Q": {
        "degree": -2,
        "source_dim": 175,
        "target_dim": 780,
        "rank": 150,
        "kernel": 25,
        "cokernel": 630
      },
      "C_predicted": 434,
      "Q_predicted": 25
    },
    {
      "cohomology_degree": 13,
      "C": {
        "degree": -2,
        "source_dim": 175,
        "target_dim": 780,
        "rank": 150,
        "kernel": 25,
        "cokernel": 630
      },
      "Q": {
        "degree": -1,
        "source_dim": 376,
        "target_dim": 1055,
        "rank": 305,
        "kernel": 71,
        "cokernel": 750
      },
      "C_predicted": 630,
      "Q_predicted": 71
    },
    {
      "cohomology_degree": 14,
      "C": {
        "degree": -1,
        "source_dim": 376,
        "target_dim": 1055,
        "rank": 305,
        "kernel": 71,
        "cokernel": 750
      },
      "Q": {
        "degree": 0,
        "source_dim": 426,
        "target_dim": 1401,
        "rank": 351,
        "kernel": 75,
        "cokernel": 1050
      },
      "C_predicted": 750,
      "Q_predicted": 75
    },
    {
      "cohomology_degree": 15,
      "C": {
        "degree": 0,
        "source_dim": 426,
        "target_dim": 1401,
        "rank": 351,
        "kernel": 75,
        "cokernel": 1050
      },
      "Q": {
        "degree": 1,
        "source_dim": 780,
        "target_dim": 1830,
        "rank": 615,
        "kernel": 165,
        "cokernel": 1215
      },
      "C_predicted": 1050,
      "Q_predicted": 165
    }
  ],
  "rank5_extension": {
    "left_free_target_shifts": [
      0,
      3
    ],
    "right_koszul_shift": 9,
    "right_free_quotient_shifts": [
      10,
      13
    ],
    "correct_target_minus_quotient": [
      -9,
      -6
    ],
    "old_frozen_assertions_arithmetic_only": true
  }
}
PASS: frozen bindings and full receipts; independent actual inclusion matrices reproduce corrected left/right grading.
REPAIR REQUIRED: guide line 54, author checker line 59, old reviewer checker line 33, old review extension paragraph use quotient free shifts as targets.
