Exact rational controls; seed 30002200377; finite evidence only.
{"negative_x_block_distribution": {"0": 1}, "rank": 1, "short_critical_manifolds": 1, "vector": ["1"]}
{"negative_x_block_distribution": {"0": 1}, "rank": 1, "short_critical_manifolds": 1, "vector": ["1"]}
{"negative_x_block_distribution": {"0": 1}, "rank": 1, "short_critical_manifolds": 1, "vector": ["15/7"]}
{"negative_x_block_distribution": {"0": 1}, "rank": 1, "short_critical_manifolds": 1, "vector": ["5/7"]}
{"negative_x_block_distribution": {"0": 1, "1": 1}, "rank": 2, "short_critical_manifolds": 2, "vector": ["1", "2"]}
{"negative_x_block_distribution": {"0": 1, "1": 1}, "rank": 2, "short_critical_manifolds": 2, "vector": ["1/7", "10/7"]}
{"negative_x_block_distribution": {"0": 1, "1": 1}, "rank": 2, "short_critical_manifolds": 2, "vector": ["15/7", "12/7"]}
{"negative_x_block_distribution": {"0": 1, "1": 3}, "rank": 3, "short_critical_manifolds": 4, "vector": ["1", "1", "1"]}
{"negative_x_block_distribution": {"0": 1, "1": 2, "2": 1}, "rank": 3, "short_critical_manifolds": 4, "vector": ["1", "2", "4"]}
{"negative_x_block_distribution": {"0": 1, "1": 3}, "rank": 3, "short_critical_manifolds": 4, "vector": ["4/7", "9/7", "8/7"]}
{"negative_x_block_distribution": {"0": 1, "1": 2, "2": 1}, "rank": 3, "short_critical_manifolds": 4, "vector": ["17/7", "1", "3/7"]}
{"negative_x_block_distribution": {"0": 1, "1": 3, "2": 3, "3": 1}, "rank": 4, "short_critical_manifolds": 8, "vector": ["1", "2", "4", "8"]}
{"negative_x_block_distribution": {"0": 1, "1": 4, "2": 3}, "rank": 4, "short_critical_manifolds": 8, "vector": ["16/7", "1/7", "11/7", "15/7"]}
{"negative_x_block_distribution": {"0": 1, "1": 4, "2": 3}, "rank": 4, "short_critical_manifolds": 8, "vector": ["11/7", "9/7", "1/7", "18/7"]}
{"negative_x_block_distribution": {"0": 1, "1": 5, "2": 10}, "rank": 5, "short_critical_manifolds": 16, "vector": ["1", "1", "1", "1", "1"]}
{"negative_x_block_distribution": {"0": 1, "1": 4, "2": 6, "3": 4, "4": 1}, "rank": 5, "short_critical_manifolds": 16, "vector": ["1", "2", "4", "8", "16"]}
{"negative_x_block_distribution": {"0": 1, "1": 5, "2": 9, "3": 1}, "rank": 5, "short_critical_manifolds": 16, "vector": ["15/7", "12/7", "8/7", "6/7", "8/7"]}
{"negative_x_block_distribution": {"0": 1, "1": 5, "2": 9, "3": 1}, "rank": 5, "short_critical_manifolds": 16, "vector": ["9/7", "10/7", "13/7", "10/7", "17/7"]}
{"negative_x_block_distribution": {"0": 1, "1": 5, "2": 10, "3": 10, "4": 5, "5": 1}, "rank": 6, "short_critical_manifolds": 32, "vector": ["1", "2", "4", "8", "16", "32"]}
{"negative_x_block_distribution": {"0": 1, "1": 6, "2": 13, "3": 10, "4": 2}, "rank": 6, "short_critical_manifolds": 32, "vector": ["4/7", "19/7", "12/7", "16/7", "2/7", "16/7"]}
{"negative_x_block_distribution": {"0": 1, "1": 6, "2": 15, "3": 10}, "rank": 6, "short_critical_manifolds": 32, "vector": ["11/7", "13/7", "17/7", "12/7", "3/7", "1"]}
{"negative_x_block_distribution": {"0": 1, "1": 7, "2": 21, "3": 35}, "rank": 7, "short_critical_manifolds": 64, "vector": ["1", "1", "1", "1", "1", "1", "1"]}
{"negative_x_block_distribution": {"0": 1, "1": 6, "2": 15, "3": 20, "4": 15, "5": 6, "6": 1}, "rank": 7, "short_critical_manifolds": 64, "vector": ["1", "2", "4", "8", "16", "32", "64"]}
{"negative_x_block_distribution": {"0": 1, "1": 7, "2": 21, "3": 35}, "rank": 7, "short_critical_manifolds": 64, "vector": ["18/7", "17/7", "11/7", "12/7", "18/7", "17/7", "18/7"]}
{"negative_x_block_distribution": {"0": 1, "1": 7, "2": 21, "3": 26, "4": 9}, "rank": 7, "short_critical_manifolds": 64, "vector": ["18/7", "8/7", "18/7", "16/7", "2/7", "17/7", "12/7"]}
{"negative_x_block_distribution": {"0": 1, "1": 7, "2": 21, "3": 35, "4": 35, "5": 21, "6": 7, "7": 1}, "rank": 8, "short_critical_manifolds": 128, "vector": ["1", "2", "4", "8", "16", "32", "64", "128"]}
{"negative_x_block_distribution": {"0": 1, "1": 8, "2": 28, "3": 53, "4": 35, "5": 3}, "rank": 8, "short_critical_manifolds": 128, "vector": ["2", "17/7", "16/7", "19/7", "4/7", "1", "9/7", "9/7"]}
{"negative_x_block_distribution": {"0": 1, "1": 8, "2": 28, "3": 56, "4": 35}, "rank": 8, "short_critical_manifolds": 128, "vector": ["1", "6/7", "9/7", "10/7", "8/7", "6/7", "9/7", "2/7"]}
{"negative_x_block_distribution": {"0": 1, "1": 9, "2": 36, "3": 84, "4": 126}, "rank": 9, "short_critical_manifolds": 256, "vector": ["1", "1", "1", "1", "1", "1", "1", "1", "1"]}
{"negative_x_block_distribution": {"0": 1, "1": 8, "2": 28, "3": 56, "4": 70, "5": 56, "6": 28, "7": 8, "8": 1}, "rank": 9, "short_critical_manifolds": 256, "vector": ["1", "2", "4", "8", "16", "32", "64", "128", "256"]}
{"negative_x_block_distribution": {"0": 1, "1": 9, "2": 36, "3": 81, "4": 86, "5": 40, "6": 3}, "rank": 9, "short_critical_manifolds": 256, "vector": ["9/7", "1/7", "2", "12/7", "16/7", "2", "11/7", "3/7", "3/7"]}
{"negative_x_block_distribution": {"0": 1, "1": 9, "2": 36, "3": 77, "4": 85, "5": 41, "6": 7}, "rank": 9, "short_critical_manifolds": 256, "vector": ["2/7", "4/7", "4/7", "3/7", "1/7", "15/7", "18/7", "12/7", "12/7"]}
{"lengths": "powers of two / 3", "rank": 10, "sampled_signed_vectors": 40}
{"lengths": "powers of two / 3", "rank": 11, "sampled_signed_vectors": 40}
{"lengths": "powers of two / 3", "rank": 12, "sampled_signed_vectors": 40}
{"lengths": "powers of two / 3", "rank": 13, "sampled_signed_vectors": 40}
{"lengths": "powers of two / 3", "rank": 14, "sampled_signed_vectors": 40}
{"lengths": "powers of two / 3", "rank": 20, "sampled_signed_vectors": 40}
{"wall_rank": 2, "explicit_nonzero_gradient_relation": ["-1/2", "1/2", "1", "0"]}
{"wall_rank": 4, "explicit_nonzero_gradient_relation": ["-1/2", "-1/2", "1/2", "1/2", "1", "0"]}
{"wall_rank": 6, "explicit_nonzero_gradient_relation": ["-1/2", "-1/2", "-1/2", "1/2", "1/2", "1/2", "1", "0"]}
{"wall_rank": 8, "explicit_nonzero_gradient_relation": ["-1/2", "-1/2", "-1/2", "-1/2", "1/2", "1/2", "1/2", "1/2", "1", "0"]}
{"wall_rank": 10, "explicit_nonzero_gradient_relation": ["-1/2", "-1/2", "-1/2", "-1/2", "-1/2", "1/2", "1/2", "1/2", "1/2", "1/2", "1", "0"]}
SOURCE_FALSIFIER: l=(1,2), u=(1,-1), z=0 is in complement; printed unweighted f=0 and Df=0; corrected f=-1.
{"rank": 2, "odd_support": 1, "zero_factor_count": 1, "generic": true, "dimension_additive": true}
{"rank": 3, "odd_support": 3, "zero_factor_count": 0, "generic": true, "dimension_additive": true}
{"rank": 4, "odd_support": 3, "zero_factor_count": 1, "generic": true, "dimension_additive": true}
{"rank": 5, "odd_support": 5, "zero_factor_count": 0, "generic": true, "dimension_additive": true}
{"rank": 6, "odd_support": 5, "zero_factor_count": 1, "generic": true, "dimension_additive": true}
{"rank": 7, "odd_support": 7, "zero_factor_count": 0, "generic": true, "dimension_additive": true}
{"rank": 8, "odd_support": 7, "zero_factor_count": 1, "generic": true, "dimension_additive": true}
{"rank": 9, "odd_support": 9, "zero_factor_count": 0, "generic": true, "dimension_additive": true}
{"rank": 10, "odd_support": 9, "zero_factor_count": 1, "generic": true, "dimension_additive": true}
{"rank": 11, "odd_support": 11, "zero_factor_count": 0, "generic": true, "dimension_additive": true}
{"rank": 12, "odd_support": 11, "zero_factor_count": 1, "generic": true, "dimension_additive": true}
{"rank": 13, "odd_support": 13, "zero_factor_count": 0, "generic": true, "dimension_additive": true}
{"rank": 14, "odd_support": 13, "zero_factor_count": 1, "generic": true, "dimension_additive": true}
{"all_assertions_passed": true, "orientation_sign_controls": 9217, "signed_hessian_cases": 2114}
