M	unsolved_math_prioritization/QUEUE.md
A	unsolved_math_prioritization/attempts/30002200/CORRECTED_SOURCE_CASE_CHECKS.json
A	unsolved_math_prioritization/attempts/30002200/CREDITED_PROOF_GUIDE.md
A	unsolved_math_prioritization/attempts/30002200/CURRENT_SCOPE_CORRECTION.md
A	unsolved_math_prioritization/attempts/30002200/CURRENT_SCOPE_MANIFEST.json
A	unsolved_math_prioritization/attempts/30002200/CURRENT_STATE.json
A	unsolved_math_prioritization/attempts/30002200/FINAL_SOURCE_MANIFEST.json
A	unsolved_math_prioritization/attempts/30002200/PRIOR_GATE.json
A	unsolved_math_prioritization/attempts/30002200/PUBLICATION.md
A	unsolved_math_prioritization/attempts/30002200/PUBLICATION_MANIFEST.json
A	unsolved_math_prioritization/attempts/30002200/README.md
A	unsolved_math_prioritization/attempts/30002200/REPLAY.json
A	unsolved_math_prioritization/attempts/30002200/REVIEW_REQUEST.md
A	unsolved_math_prioritization/attempts/30002200/SOURCE_CASE_CHECKS.json
A	unsolved_math_prioritization/attempts/30002200/SOURCE_MANIFEST.json
A	unsolved_math_prioritization/attempts/30002200/SOURCE_RESOLUTION.md
A	unsolved_math_prioritization/attempts/30002200/review/AUTHOR_REPLAY.json
A	unsolved_math_prioritization/attempts/30002200/review/CORRECTED_INDEPENDENT_CHECKS.json
A	unsolved_math_prioritization/attempts/30002200/review/INDEPENDENT_CHECKS.json
A	unsolved_math_prioritization/attempts/30002200/review/REVIEW.md
A	unsolved_math_prioritization/attempts/30002200/review/REVIEW_MANIFEST.json
A	unsolved_math_prioritization/attempts/30002200/review/independent_check.py
A	unsolved_math_prioritization/attempts/30002200/review/independent_check_corrected.py
A	unsolved_math_prioritization/attempts/30002200/verify_corrected_source_cases.py
A	unsolved_math_prioritization/attempts/30002200/verify_publication.py
A	unsolved_math_prioritization/attempts/30002200/verify_source_cases.py
