Updating 209581a46..feec7623f
Fast-forward
 unsolved_math_prioritization/QUEUE.md              |   2 +-
 .../attempts/2302055/CURRENT_STATE.json            |  13 ++
 .../attempts/2302055/CURRENT_STATE_T1.json         |  19 ++
 .../attempts/2302055/CURRENT_STATE_T2.json         |  11 +
 .../attempts/2302055/CURRENT_STATE_T3.json         |  12 +
 .../attempts/2302055/CURRENT_STATE_T4.json         |  11 +
 .../attempts/2302055/CURRENT_STATE_T5.json         |  14 ++
 .../attempts/2302055/DISPOSITION.json              |  19 ++
 .../attempts/2302055/FINAL_AUTHOR_MANIFEST.json    | 201 +++++++++++++++++
 .../attempts/2302055/FINAL_README.md               |  15 ++
 .../attempts/2302055/FINAL_REVIEW_REQUEST.md       |  18 ++
 .../attempts/2302055/PRIOR_GATE.json               |  27 +++
 .../attempts/2302055/PUBLICATION_MANIFEST.json     | 245 +++++++++++++++++++++
 .../attempts/2302055/PUBLICATION_STATUS.md         |  13 ++
 .../attempts/2302055/RESULT.md                     |  23 ++
 .../attempts/2302055/SOURCE_ADDITION_T4.json       |  16 ++
 .../attempts/2302055/SOURCE_GATE_MANIFEST.json     |  26 +++
 .../attempts/2302055/SOURCE_MANIFEST.json          |  34 +++
 .../attempts/2302055/SOURCE_SCOPE.md               |  41 ++++
 .../attempts/2302055/TURN_1.md                     | 115 ++++++++++
 .../attempts/2302055/TURN_1_CHECKS.json            |   7 +
 .../attempts/2302055/TURN_1_LOG.md                 |   5 +
 .../attempts/2302055/TURN_1_MANIFEST.json          |  56 +++++
 .../attempts/2302055/TURN_2.md                     | 140 ++++++++++++
 .../attempts/2302055/TURN_2_CHECKS.json            |   7 +
 .../attempts/2302055/TURN_2_LOG.md                 |   5 +
 .../attempts/2302055/TURN_2_MANIFEST.json          |  86 ++++++++
 .../attempts/2302055/TURN_3.md                     | 113 ++++++++++
 .../attempts/2302055/TURN_3_CHECKS.json            |   6 +
 .../attempts/2302055/TURN_3_LOG.md                 |   5 +
 .../attempts/2302055/TURN_3_MANIFEST.json          | 116 ++++++++++
 .../attempts/2302055/TURN_4.md                     | 105 +++++++++
 .../attempts/2302055/TURN_4_CHECKS.json            |   6 +
 .../attempts/2302055/TURN_4_LOG.md                 |   5 +
 .../attempts/2302055/TURN_4_MANIFEST.json          | 151 +++++++++++++
 .../attempts/2302055/TURN_5.md                     | 115 ++++++++++
 .../attempts/2302055/TURN_5_CHECKS.json            |   8 +
 .../attempts/2302055/TURN_5_LOG.md                 |   5 +
 .../attempts/2302055/TURN_5_MANIFEST.json          | 196 +++++++++++++++++
 .../attempts/2302055/review/AUTHOR_REPLAY.json     |  41 ++++
 .../2302055/review/INDEPENDENT_CHECKS.json         |   5 +
 .../attempts/2302055/review/REVIEW.md              |  43 ++++
 .../attempts/2302055/review/REVIEW_MANIFEST.json   |  32 +++
 .../attempts/2302055/review/independent_check.py   |  42 ++++
 .../attempts/2302055/review/replay_author.py       |   9 +
 .../attempts/2302055/verify_turn1.py               |  60 +++++
 .../attempts/2302055/verify_turn2.py               |  56 +++++
 .../attempts/2302055/verify_turn3.py               |  37 ++++
 .../attempts/2302055/verify_turn4.py               |  34 +++
 .../attempts/2302055/verify_turn5.py               |  42 ++++
 50 files changed, 2412 insertions(+), 1 deletion(-)
 create mode 100644 unsolved_math_prioritization/attempts/2302055/CURRENT_STATE.json
 create mode 100644 unsolved_math_prioritization/attempts/2302055/CURRENT_STATE_T1.json
 create mode 100644 unsolved_math_prioritization/attempts/2302055/CURRENT_STATE_T2.json
 create mode 100644 unsolved_math_prioritization/attempts/2302055/CURRENT_STATE_T3.json
 create mode 100644 unsolved_math_prioritization/attempts/2302055/CURRENT_STATE_T4.json
 create mode 100644 unsolved_math_prioritization/attempts/2302055/CURRENT_STATE_T5.json
 create mode 100644 unsolved_math_prioritization/attempts/2302055/DISPOSITION.json
 create mode 100644 unsolved_math_prioritization/attempts/2302055/FINAL_AUTHOR_MANIFEST.json
 create mode 100644 unsolved_math_prioritization/attempts/2302055/FINAL_README.md
 create mode 100644 unsolved_math_prioritization/attempts/2302055/FINAL_REVIEW_REQUEST.md
 create mode 100644 unsolved_math_prioritization/attempts/2302055/PRIOR_GATE.json
 create mode 100644 unsolved_math_prioritization/attempts/2302055/PUBLICATION_MANIFEST.json
 create mode 100644 unsolved_math_prioritization/attempts/2302055/PUBLICATION_STATUS.md
 create mode 100644 unsolved_math_prioritization/attempts/2302055/RESULT.md
 create mode 100644 unsolved_math_prioritization/attempts/2302055/SOURCE_ADDITION_T4.json
 create mode 100644 unsolved_math_prioritization/attempts/2302055/SOURCE_GATE_MANIFEST.json
 create mode 100644 unsolved_math_prioritization/attempts/2302055/SOURCE_MANIFEST.json
 create mode 100644 unsolved_math_prioritization/attempts/2302055/SOURCE_SCOPE.md
 create mode 100644 unsolved_math_prioritization/attempts/2302055/TURN_1.md
 create mode 100644 unsolved_math_prioritization/attempts/2302055/TURN_1_CHECKS.json
 create mode 100644 unsolved_math_prioritization/attempts/2302055/TURN_1_LOG.md
 create mode 100644 unsolved_math_prioritization/attempts/2302055/TURN_1_MANIFEST.json
 create mode 100644 unsolved_math_prioritization/attempts/2302055/TURN_2.md
 create mode 100644 unsolved_math_prioritization/attempts/2302055/TURN_2_CHECKS.json
 create mode 100644 unsolved_math_prioritization/attempts/2302055/TURN_2_LOG.md
 create mode 100644 unsolved_math_prioritization/attempts/2302055/TURN_2_MANIFEST.json
 create mode 100644 unsolved_math_prioritization/attempts/2302055/TURN_3.md
 create mode 100644 unsolved_math_prioritization/attempts/2302055/TURN_3_CHECKS.json
 create mode 100644 unsolved_math_prioritization/attempts/2302055/TURN_3_LOG.md
 create mode 100644 unsolved_math_prioritization/attempts/2302055/TURN_3_MANIFEST.json
 create mode 100644 unsolved_math_prioritization/attempts/2302055/TURN_4.md
 create mode 100644 unsolved_math_prioritization/attempts/2302055/TURN_4_CHECKS.json
 create mode 100644 unsolved_math_prioritization/attempts/2302055/TURN_4_LOG.md
 create mode 100644 unsolved_math_prioritization/attempts/2302055/TURN_4_MANIFEST.json
 create mode 100644 unsolved_math_prioritization/attempts/2302055/TURN_5.md
 create mode 100644 unsolved_math_prioritization/attempts/2302055/TURN_5_CHECKS.json
 create mode 100644 unsolved_math_prioritization/attempts/2302055/TURN_5_LOG.md
 create mode 100644 unsolved_math_prioritization/attempts/2302055/TURN_5_MANIFEST.json
 create mode 100644 unsolved_math_prioritization/attempts/2302055/review/AUTHOR_REPLAY.json
 create mode 100644 unsolved_math_prioritization/attempts/2302055/review/INDEPENDENT_CHECKS.json
 create mode 100644 unsolved_math_prioritization/attempts/2302055/review/REVIEW.md
 create mode 100644 unsolved_math_prioritization/attempts/2302055/review/REVIEW_MANIFEST.json
 create mode 100644 unsolved_math_prioritization/attempts/2302055/review/independent_check.py
 create mode 100644 unsolved_math_prioritization/attempts/2302055/review/replay_author.py
 create mode 100644 unsolved_math_prioritization/attempts/2302055/verify_turn1.py
 create mode 100644 unsolved_math_prioritization/attempts/2302055/verify_turn2.py
 create mode 100644 unsolved_math_prioritization/attempts/2302055/verify_turn3.py
 create mode 100644 unsolved_math_prioritization/attempts/2302055/verify_turn4.py
 create mode 100644 unsolved_math_prioritization/attempts/2302055/verify_turn5.py
