{
  "assertions": 38829,
  "by_scope": {
    "interval_index": 360,
    "first_moment": 360,
    "second_moment": 360,
    "fourth_moment_radical": 360,
    "positive_part_domain": 360,
    "constrained_hessian": 165,
    "reciprocal_endpoint": 40,
    "endpoint_value": 40,
    "credited_endpoint_density": 40,
    "partition_moment_bound": 7337,
    "finite_count_identity": 7337,
    "uniform_count_error": 7337,
    "weighted_c4_formula": 7337,
    "edge_normalization": 7336,
    "direct_induced_vertex_sets": 60
  },
  "arithmetic": "exact integers and fractions; quadratic-radical comparisons by certified squaring",
  "integer_partitions": 7337,
  "partition_max_order": 24,
  "direct_graphs": 60,
  "direct_max_order": 8,
  "scope": "Restricted multipartite controls only; no arbitrary-graph extremal assertion."
}
