{
  "after": {
    "bad_reflection.py": {
      "bytes": 2532,
      "sha256": "1967a63d537f8237f097eb94c7718fa518c271ae3cd502546d5e10349414b39b"
    },
    "bad_triangle_d.py": {
      "bytes": 2532,
      "sha256": "a027516eada7d20990afd0d1a6a64997625375d811101849fa9e024e90a84d1d"
    },
    "independent_verify.py": {
      "bytes": 13495,
      "sha256": "1da15d509a65d7c1a812c5b43775646198d09b48be9771e47322a7ba8fc99eb2"
    },
    "verify_calculations_hardened.py": {
      "bytes": 2600,
      "sha256": "1e6f36e8257e29317e304a884bc040ddca0234e382981b9bc4584baf8fa776e9"
    },
    "zero_initial_vector.py": {
      "bytes": 2532,
      "sha256": "ea81a79a84f2d11e7d6c157593ff69d9de414623591b5b3302dc8838f9ac2c3c"
    }
  },
  "before": {
    "bad_reflection.py": {
      "bytes": 2532,
      "sha256": "1967a63d537f8237f097eb94c7718fa518c271ae3cd502546d5e10349414b39b"
    },
    "bad_triangle_d.py": {
      "bytes": 2532,
      "sha256": "a027516eada7d20990afd0d1a6a64997625375d811101849fa9e024e90a84d1d"
    },
    "independent_verify.py": {
      "bytes": 13495,
      "sha256": "1da15d509a65d7c1a812c5b43775646198d09b48be9771e47322a7ba8fc99eb2"
    },
    "verify_calculations_hardened.py": {
      "bytes": 2600,
      "sha256": "1e6f36e8257e29317e304a884bc040ddca0234e382981b9bc4584baf8fa776e9"
    },
    "zero_initial_vector.py": {
      "bytes": 2532,
      "sha256": "ea81a79a84f2d11e7d6c157593ff69d9de414623591b5b3302dc8838f9ac2c3c"
    }
  },
  "child_physical_denials": 38,
  "euid": 1000,
  "fixture_unchanged": true,
  "hardened_semantic_mutants": 3,
  "independent_semantic_mutants": 14,
  "mathematical_negative_controls": 17,
  "normalization": "NONE",
  "optimization": 2,
  "physical_denials": [
    {
      "denied": true,
      "errno": 13,
      "path": "."
    },
    {
      "denied": true,
      "errno": 13,
      "path": "bad_reflection.py"
    },
    {
      "denied": true,
      "errno": 13,
      "path": "bad_triangle_d.py"
    },
    {
      "denied": true,
      "errno": 13,
      "path": "independent_verify.py"
    },
    {
      "denied": true,
      "errno": 13,
      "path": "verify_calculations_hardened.py"
    },
    {
      "denied": true,
      "errno": 13,
      "path": "zero_initial_vector.py"
    }
  ],
  "portable_original_checker_replay": "NOT_RUN",
  "positive_runs": 2,
  "problem_id": 30004454,
  "runs": [
    {
      "arguments": [],
      "case": "baseline-verify_calculations_hardened.py",
      "complete_reference_equality": true,
      "environment": {
        "directory_mode": "0o555",
        "euid": 1000,
        "optimization": 2,
        "physical_denials": [
          {
            "denied": true,
            "errno": 13,
            "operation": "create"
          },
          {
            "denied": true,
            "errno": 13,
            "operation": "append_open"
          }
        ],
        "target_mode": "0o444",
        "uid": 1000
      },
      "exit_code": 0,
      "recursive_exact_types": false,
      "script": "verify_calculations_hardened.py",
      "stderr": "",
      "stderr_bytes": 0,
      "stderr_sha256": "e3b0c44298fc1c149afbf4c8996fb92427ae41e4649b934ca495991b7852b855",
      "stdout": "ENV {\"directory_mode\": \"0o555\", \"euid\": 1000, \"optimization\": 2, \"physical_denials\": [{\"denied\": true, \"errno\": 13, \"operation\": \"create\"}, {\"denied\": true, \"errno\": 13, \"operation\": \"append_open\"}], \"target_mode\": \"0o444\", \"uid\": 1000}\nPASS: exact reflection identities for n=0..100; triangle quotient presentation check.\n",
      "stdout_bytes": 323,
      "stdout_sha256": "64e1745a85bf061a90a8110abe6e59dfb7df8b686acacf02f3c488564142669b"
    },
    {
      "arguments": [],
      "case": "baseline-independent_verify.py",
      "complete_reference_equality": true,
      "environment": {
        "directory_mode": "0o555",
        "euid": 1000,
        "optimization": 2,
        "physical_denials": [
          {
            "denied": true,
            "errno": 13,
            "operation": "create"
          },
          {
            "denied": true,
            "errno": 13,
            "operation": "append_open"
          }
        ],
        "target_mode": "0o444",
        "uid": 1000
      },
      "exit_code": 0,
      "recursive_exact_types": true,
      "script": "independent_verify.py",
      "stderr": "",
      "stderr_bytes": 0,
      "stderr_sha256": "e3b0c44298fc1c149afbf4c8996fb92427ae41e4649b934ca495991b7852b855",
      "stdout": "ENV {\"directory_mode\": \"0o555\", \"euid\": 1000, \"optimization\": 2, \"physical_denials\": [{\"denied\": true, \"errno\": 13, \"operation\": \"create\"}, {\"denied\": true, \"errno\": 13, \"operation\": \"append_open\"}], \"target_mode\": \"0o444\", \"uid\": 1000}\n{\"checks\": 6066, \"cyclic_graphs\": 626, \"euid\": 1000, \"mutant\": null, \"optimization\": 2, \"result\": \"PASS\", \"uid\": 1000}\n",
      "stdout_bytes": 356,
      "stdout_sha256": "1bd78385c99871caa95fd843bcf3f637349561c682ee62d9ba1ce290e7961f2c"
    },
    {
      "arguments": [],
      "case": "bad_reflection",
      "environment": {
        "directory_mode": "0o555",
        "euid": 1000,
        "optimization": 2,
        "physical_denials": [
          {
            "denied": true,
            "errno": 13,
            "operation": "create"
          },
          {
            "denied": true,
            "errno": 13,
            "operation": "append_open"
          }
        ],
        "target_mode": "0o444",
        "uid": 1000
      },
      "exit_code": 1,
      "intended_condition": "Failed original check at line 33",
      "rejected": true,
      "script": "bad_reflection.py",
      "stderr": "Traceback (most recent call last):\n  File \"<string>\", line 12, in <module>\n  File \"<coxeter-bad_reflection>\", line 57, in <module>\n  File \"<coxeter-bad_reflection>\", line 31, in test_reflection_obstruction\n  File \"<coxeter-bad_reflection>\", line 9, in require\nRuntimeError: Failed original check at line 33\n",
      "stderr_bytes": 307,
      "stderr_sha256": "f520ee037425b77032880f85ed648ca70a2344750e1c6040c8fa236ab099bdbf",
      "stdout": "ENV {\"directory_mode\": \"0o555\", \"euid\": 1000, \"optimization\": 2, \"physical_denials\": [{\"denied\": true, \"errno\": 13, \"operation\": \"create\"}, {\"denied\": true, \"errno\": 13, \"operation\": \"append_open\"}], \"target_mode\": \"0o444\", \"uid\": 1000}\n",
      "stdout_bytes": 237,
      "stdout_sha256": "43f612492d3b2a487bdaa0d42ddd38cf66e407639566cf236aa3742f48063830"
    },
    {
      "arguments": [],
      "case": "bad_triangle_d",
      "environment": {
        "directory_mode": "0o555",
        "euid": 1000,
        "optimization": 2,
        "physical_denials": [
          {
            "denied": true,
            "errno": 13,
            "operation": "create"
          },
          {
            "denied": true,
            "errno": 13,
            "operation": "append_open"
          }
        ],
        "target_mode": "0o444",
        "uid": 1000
      },
      "exit_code": 1,
      "intended_condition": "Failed original check at line 52",
      "rejected": true,
      "script": "bad_triangle_d.py",
      "stderr": "Traceback (most recent call last):\n  File \"<string>\", line 12, in <module>\n  File \"<coxeter-bad_triangle_d>\", line 58, in <module>\n  File \"<coxeter-bad_triangle_d>\", line 48, in test_triangle_quotient_example\n  File \"<coxeter-bad_triangle_d>\", line 9, in require\nRuntimeError: Failed original check at line 52\n",
      "stderr_bytes": 310,
      "stderr_sha256": "eb87f7157e6baeff65d4ff7a300435c01f0a10558193b8b6f8a2fdb914a04c52",
      "stdout": "ENV {\"directory_mode\": \"0o555\", \"euid\": 1000, \"optimization\": 2, \"physical_denials\": [{\"denied\": true, \"errno\": 13, \"operation\": \"create\"}, {\"denied\": true, \"errno\": 13, \"operation\": \"append_open\"}], \"target_mode\": \"0o444\", \"uid\": 1000}\n",
      "stdout_bytes": 237,
      "stdout_sha256": "43f612492d3b2a487bdaa0d42ddd38cf66e407639566cf236aa3742f48063830"
    },
    {
      "arguments": [],
      "case": "zero_initial_vector",
      "environment": {
        "directory_mode": "0o555",
        "euid": 1000,
        "optimization": 2,
        "physical_denials": [
          {
            "denied": true,
            "errno": 13,
            "operation": "create"
          },
          {
            "denied": true,
            "errno": 13,
            "operation": "append_open"
          }
        ],
        "target_mode": "0o444",
        "uid": 1000
      },
      "exit_code": 1,
      "intended_condition": "Failed original check at line 39",
      "rejected": true,
      "script": "zero_initial_vector.py",
      "stderr": "Traceback (most recent call last):\n  File \"<string>\", line 12, in <module>\n  File \"<coxeter-zero_initial_vector>\", line 57, in <module>\n  File \"<coxeter-zero_initial_vector>\", line 37, in test_reflection_obstruction\n  File \"<coxeter-zero_initial_vector>\", line 9, in require\nRuntimeError: Failed original check at line 39\n",
      "stderr_bytes": 322,
      "stderr_sha256": "0587f7282595b8061e83541e731c6aa46213eb2ba09a1981f43043b43e8f1b2c",
      "stdout": "ENV {\"directory_mode\": \"0o555\", \"euid\": 1000, \"optimization\": 2, \"physical_denials\": [{\"denied\": true, \"errno\": 13, \"operation\": \"create\"}, {\"denied\": true, \"errno\": 13, \"operation\": \"append_open\"}], \"target_mode\": \"0o444\", \"uid\": 1000}\n",
      "stdout_bytes": 237,
      "stdout_sha256": "43f612492d3b2a487bdaa0d42ddd38cf66e407639566cf236aa3742f48063830"
    },
    {
      "arguments": [
        "--mutant",
        "reflection_entry"
      ],
      "case": "reflection_entry",
      "environment": {
        "directory_mode": "0o555",
        "euid": 1000,
        "optimization": 2,
        "physical_denials": [
          {
            "denied": true,
            "errno": 13,
            "operation": "create"
          },
          {
            "denied": true,
            "errno": 13,
            "operation": "append_open"
          }
        ],
        "target_mode": "0o444",
        "uid": 1000
      },
      "exit_code": 1,
      "intended_condition": "each generator preserves the exact Gram form",
      "rejected": true,
      "script": "independent_verify.py",
      "stderr": "",
      "stderr_bytes": 0,
      "stderr_sha256": "e3b0c44298fc1c149afbf4c8996fb92427ae41e4649b934ca495991b7852b855",
      "stdout": "ENV {\"directory_mode\": \"0o555\", \"euid\": 1000, \"optimization\": 2, \"physical_denials\": [{\"denied\": true, \"errno\": 13, \"operation\": \"create\"}, {\"denied\": true, \"errno\": 13, \"operation\": \"append_open\"}], \"target_mode\": \"0o444\", \"uid\": 1000}\n{\"check\": \"each generator preserves the exact Gram form\", \"checks\": 3, \"euid\": 1000, \"mutant\": \"reflection_entry\", \"optimization\": 2, \"result\": \"FAIL\", \"uid\": 1000}\n",
      "stdout_bytes": 402,
      "stdout_sha256": "f5eaa23aa0e3ab7884aafb9397b9092a3696967bebbc9b472ccf448730e9384c"
    },
    {
      "arguments": [
        "--mutant",
        "reverse_st"
      ],
      "case": "reverse_st",
      "environment": {
        "directory_mode": "0o555",
        "euid": 1000,
        "optimization": 2,
        "physical_denials": [
          {
            "denied": true,
            "errno": 13,
            "operation": "create"
          },
          {
            "denied": true,
            "errno": 13,
            "operation": "append_open"
          }
        ],
        "target_mode": "0o444",
        "uid": 1000
      },
      "exit_code": 1,
      "intended_condition": "column-vector product is rho(s)rho(t)",
      "rejected": true,
      "script": "independent_verify.py",
      "stderr": "",
      "stderr_bytes": 0,
      "stderr_sha256": "e3b0c44298fc1c149afbf4c8996fb92427ae41e4649b934ca495991b7852b855",
      "stdout": "ENV {\"directory_mode\": \"0o555\", \"euid\": 1000, \"optimization\": 2, \"physical_denials\": [{\"denied\": true, \"errno\": 13, \"operation\": \"create\"}, {\"denied\": true, \"errno\": 13, \"operation\": \"append_open\"}], \"target_mode\": \"0o444\", \"uid\": 1000}\n{\"check\": \"column-vector product is rho(s)rho(t)\", \"checks\": 8, \"euid\": 1000, \"mutant\": \"reverse_st\", \"optimization\": 2, \"result\": \"FAIL\", \"uid\": 1000}\n",
      "stdout_bytes": 389,
      "stdout_sha256": "2d3e6105e09af734d64ecd602118ff91a7290468328db57d86ed8a6c3d7c3fab"
    },
    {
      "arguments": [
        "--mutant",
        "root_polynomial"
      ],
      "case": "root_polynomial",
      "environment": {
        "directory_mode": "0o555",
        "euid": 1000,
        "optimization": 2,
        "physical_denials": [
          {
            "denied": true,
            "errno": 13,
            "operation": "create"
          },
          {
            "denied": true,
            "errno": 13,
            "operation": "append_open"
          }
        ],
        "target_mode": "0o444",
        "uid": 1000
      },
      "exit_code": 1,
      "intended_condition": "coefficient-wise universal recurrence A v(n)=v(n+1)",
      "rejected": true,
      "script": "independent_verify.py",
      "stderr": "",
      "stderr_bytes": 0,
      "stderr_sha256": "e3b0c44298fc1c149afbf4c8996fb92427ae41e4649b934ca495991b7852b855",
      "stdout": "ENV {\"directory_mode\": \"0o555\", \"euid\": 1000, \"optimization\": 2, \"physical_denials\": [{\"denied\": true, \"errno\": 13, \"operation\": \"create\"}, {\"denied\": true, \"errno\": 13, \"operation\": \"append_open\"}], \"target_mode\": \"0o444\", \"uid\": 1000}\n{\"check\": \"coefficient-wise universal recurrence A v(n)=v(n+1)\", \"checks\": 10, \"euid\": 1000, \"mutant\": \"root_polynomial\", \"optimization\": 2, \"result\": \"FAIL\", \"uid\": 1000}\n",
      "stdout_bytes": 409,
      "stdout_sha256": "1a0ee56331aab82ae304dca94e0c28f7dc21d46e6e6ea841fcddc046342cb678"
    },
    {
      "arguments": [
        "--mutant",
        "pairing_sign"
      ],
      "case": "pairing_sign",
      "environment": {
        "directory_mode": "0o555",
        "euid": 1000,
        "optimization": 2,
        "physical_denials": [
          {
            "denied": true,
            "errno": 13,
            "operation": "create"
          },
          {
            "denied": true,
            "errno": 13,
            "operation": "append_open"
          }
        ],
        "target_mode": "0o444",
        "uid": 1000
      },
      "exit_code": 1,
      "intended_condition": "coefficient-wise pairing B(e_t,v(n))=-1-4n",
      "rejected": true,
      "script": "independent_verify.py",
      "stderr": "",
      "stderr_bytes": 0,
      "stderr_sha256": "e3b0c44298fc1c149afbf4c8996fb92427ae41e4649b934ca495991b7852b855",
      "stdout": "ENV {\"directory_mode\": \"0o555\", \"euid\": 1000, \"optimization\": 2, \"physical_denials\": [{\"denied\": true, \"errno\": 13, \"operation\": \"create\"}, {\"denied\": true, \"errno\": 13, \"operation\": \"append_open\"}], \"target_mode\": \"0o444\", \"uid\": 1000}\n{\"check\": \"coefficient-wise pairing B(e_t,v(n))=-1-4n\", \"checks\": 14, \"euid\": 1000, \"mutant\": \"pairing_sign\", \"optimization\": 2, \"result\": \"FAIL\", \"uid\": 1000}\n",
      "stdout_bytes": 397,
      "stdout_sha256": "c7c0a9ffefa1fbb7a4b97c64b15d098b350a230afe2e2d79799d043a53604ede"
    },
    {
      "arguments": [
        "--mutant",
        "spherical_triangle"
      ],
      "case": "spherical_triangle",
      "environment": {
        "directory_mode": "0o555",
        "euid": 1000,
        "optimization": 2,
        "physical_denials": [
          {
            "denied": true,
            "errno": 13,
            "operation": "create"
          },
          {
            "denied": true,
            "errno": 13,
            "operation": "append_open"
          }
        ],
        "target_mode": "0o444",
        "uid": 1000
      },
      "exit_code": 1,
      "intended_condition": "triangle must have d at least 3",
      "rejected": true,
      "script": "independent_verify.py",
      "stderr": "",
      "stderr_bytes": 0,
      "stderr_sha256": "e3b0c44298fc1c149afbf4c8996fb92427ae41e4649b934ca495991b7852b855",
      "stdout": "ENV {\"directory_mode\": \"0o555\", \"euid\": 1000, \"optimization\": 2, \"physical_denials\": [{\"denied\": true, \"errno\": 13, \"operation\": \"create\"}, {\"denied\": true, \"errno\": 13, \"operation\": \"append_open\"}], \"target_mode\": \"0o444\", \"uid\": 1000}\n{\"check\": \"triangle must have d at least 3\", \"checks\": 906, \"euid\": 1000, \"mutant\": \"spherical_triangle\", \"optimization\": 2, \"result\": \"FAIL\", \"uid\": 1000}\n",
      "stdout_bytes": 393,
      "stdout_sha256": "e2e4c42b8703ac6bcac2aa88fb1048f57704d84005ffcd995d9881e2ec0c3685"
    },
    {
      "arguments": [
        "--mutant",
        "nondivisible_label"
      ],
      "case": "nondivisible_label",
      "environment": {
        "directory_mode": "0o555",
        "euid": 1000,
        "optimization": 2,
        "physical_denials": [
          {
            "denied": true,
            "errno": 13,
            "operation": "create"
          },
          {
            "denied": true,
            "errno": 13,
            "operation": "append_open"
          }
        ],
        "target_mode": "0o444",
        "uid": 1000
      },
      "exit_code": 1,
      "intended_condition": "common divisor must divide every finite label",
      "rejected": true,
      "script": "independent_verify.py",
      "stderr": "",
      "stderr_bytes": 0,
      "stderr_sha256": "e3b0c44298fc1c149afbf4c8996fb92427ae41e4649b934ca495991b7852b855",
      "stdout": "ENV {\"directory_mode\": \"0o555\", \"euid\": 1000, \"optimization\": 2, \"physical_denials\": [{\"denied\": true, \"errno\": 13, \"operation\": \"create\"}, {\"denied\": true, \"errno\": 13, \"operation\": \"append_open\"}], \"target_mode\": \"0o444\", \"uid\": 1000}\n{\"check\": \"common divisor must divide every finite label\", \"checks\": 907, \"euid\": 1000, \"mutant\": \"nondivisible_label\", \"optimization\": 2, \"result\": \"FAIL\", \"uid\": 1000}\n",
      "stdout_bytes": 407,
      "stdout_sha256": "8dc928500f700db99b899412bf565925ea1d1598da128446c80e04c451c0fe54"
    },
    {
      "arguments": [
        "--mutant",
        "disconnected_part"
      ],
      "case": "disconnected_part",
      "environment": {
        "directory_mode": "0o555",
        "euid": 1000,
        "optimization": 2,
        "physical_denials": [
          {
            "denied": true,
            "errno": 13,
            "operation": "create"
          },
          {
            "denied": true,
            "errno": 13,
            "operation": "append_open"
          }
        ],
        "target_mode": "0o444",
        "uid": 1000
      },
      "exit_code": 1,
      "intended_condition": "each contracted part is connected",
      "rejected": true,
      "script": "independent_verify.py",
      "stderr": "",
      "stderr_bytes": 0,
      "stderr_sha256": "e3b0c44298fc1c149afbf4c8996fb92427ae41e4649b934ca495991b7852b855",
      "stdout": "ENV {\"directory_mode\": \"0o555\", \"euid\": 1000, \"optimization\": 2, \"physical_denials\": [{\"denied\": true, \"errno\": 13, \"operation\": \"create\"}, {\"denied\": true, \"errno\": 13, \"operation\": \"append_open\"}], \"target_mode\": \"0o444\", \"uid\": 1000}\n{\"check\": \"each contracted part is connected\", \"checks\": 909, \"euid\": 1000, \"mutant\": \"disconnected_part\", \"optimization\": 2, \"result\": \"FAIL\", \"uid\": 1000}\n",
      "stdout_bytes": 394,
      "stdout_sha256": "cda13ebc69ee27f9589fc2f7cffeab483aedc0d1894d0b4cf36f4396e8f15f11"
    },
    {
      "arguments": [
        "--mutant",
        "kill_partial_odd_component"
      ],
      "case": "kill_partial_odd_component",
      "environment": {
        "directory_mode": "0o555",
        "euid": 1000,
        "optimization": 2,
        "physical_denials": [
          {
            "denied": true,
            "errno": 13,
            "operation": "create"
          },
          {
            "denied": true,
            "errno": 13,
            "operation": "append_open"
          }
        ],
        "target_mode": "0o444",
        "uid": 1000
      },
      "exit_code": 1,
      "intended_condition": "each original relator survives in D_infinity",
      "rejected": true,
      "script": "independent_verify.py",
      "stderr": "",
      "stderr_bytes": 0,
      "stderr_sha256": "e3b0c44298fc1c149afbf4c8996fb92427ae41e4649b934ca495991b7852b855",
      "stdout": "ENV {\"directory_mode\": \"0o555\", \"euid\": 1000, \"optimization\": 2, \"physical_denials\": [{\"denied\": true, \"errno\": 13, \"operation\": \"create\"}, {\"denied\": true, \"errno\": 13, \"operation\": \"append_open\"}], \"target_mode\": \"0o444\", \"uid\": 1000}\n{\"check\": \"each original relator survives in D_infinity\", \"checks\": 5923, \"euid\": 1000, \"mutant\": \"kill_partial_odd_component\", \"optimization\": 2, \"result\": \"FAIL\", \"uid\": 1000}\n",
      "stdout_bytes": 415,
      "stdout_sha256": "0b2e7a866d1abba488d39eda5ea33335a99f17929fedb2a3d6d7e5f433fd5916"
    },
    {
      "arguments": [
        "--mutant",
        "separated_even_cross_edge"
      ],
      "case": "separated_even_cross_edge",
      "environment": {
        "directory_mode": "0o555",
        "euid": 1000,
        "optimization": 2,
        "physical_denials": [
          {
            "denied": true,
            "errno": 13,
            "operation": "create"
          },
          {
            "denied": true,
            "errno": 13,
            "operation": "append_open"
          }
        ],
        "target_mode": "0o444",
        "uid": 1000
      },
      "exit_code": 1,
      "intended_condition": "each original relator survives in D_infinity",
      "rejected": true,
      "script": "independent_verify.py",
      "stderr": "",
      "stderr_bytes": 0,
      "stderr_sha256": "e3b0c44298fc1c149afbf4c8996fb92427ae41e4649b934ca495991b7852b855",
      "stdout": "ENV {\"directory_mode\": \"0o555\", \"euid\": 1000, \"optimization\": 2, \"physical_denials\": [{\"denied\": true, \"errno\": 13, \"operation\": \"create\"}, {\"denied\": true, \"errno\": 13, \"operation\": \"append_open\"}], \"target_mode\": \"0o444\", \"uid\": 1000}\n{\"check\": \"each original relator survives in D_infinity\", \"checks\": 5927, \"euid\": 1000, \"mutant\": \"separated_even_cross_edge\", \"optimization\": 2, \"result\": \"FAIL\", \"uid\": 1000}\n",
      "stdout_bytes": 414,
      "stdout_sha256": "f1bba3d6199e5126a93fe669375991d32bdab8c255abeb25f305c47ccfda8a73"
    },
    {
      "arguments": [
        "--mutant",
        "invent_missing_edge"
      ],
      "case": "invent_missing_edge",
      "environment": {
        "directory_mode": "0o555",
        "euid": 1000,
        "optimization": 2,
        "physical_denials": [
          {
            "denied": true,
            "errno": 13,
            "operation": "create"
          },
          {
            "denied": true,
            "errno": 13,
            "operation": "append_open"
          }
        ],
        "target_mode": "0o444",
        "uid": 1000
      },
      "exit_code": 1,
      "intended_condition": "missing edges must not be given order-two relations",
      "rejected": true,
      "script": "independent_verify.py",
      "stderr": "",
      "stderr_bytes": 0,
      "stderr_sha256": "e3b0c44298fc1c149afbf4c8996fb92427ae41e4649b934ca495991b7852b855",
      "stdout": "ENV {\"directory_mode\": \"0o555\", \"euid\": 1000, \"optimization\": 2, \"physical_denials\": [{\"denied\": true, \"errno\": 13, \"operation\": \"create\"}, {\"denied\": true, \"errno\": 13, \"operation\": \"append_open\"}], \"target_mode\": \"0o444\", \"uid\": 1000}\n{\"check\": \"missing edges must not be given order-two relations\", \"checks\": 5928, \"euid\": 1000, \"mutant\": \"invent_missing_edge\", \"optimization\": 2, \"result\": \"FAIL\", \"uid\": 1000}\n",
      "stdout_bytes": 415,
      "stdout_sha256": "7c2ebfcfc953dbed1b7b13064dbf46974a4d7950a3d8e5f62b7a9b8809d4e9c0"
    },
    {
      "arguments": [
        "--mutant",
        "trivial_overlap_centralizer"
      ],
      "case": "trivial_overlap_centralizer",
      "environment": {
        "directory_mode": "0o555",
        "euid": 1000,
        "optimization": 2,
        "physical_denials": [
          {
            "denied": true,
            "errno": 13,
            "operation": "create"
          },
          {
            "denied": true,
            "errno": 13,
            "operation": "append_open"
          }
        ],
        "target_mode": "0o444",
        "uid": 1000
      },
      "exit_code": 1,
      "intended_condition": "transposition centralizer has order two, not one",
      "rejected": true,
      "script": "independent_verify.py",
      "stderr": "",
      "stderr_bytes": 0,
      "stderr_sha256": "e3b0c44298fc1c149afbf4c8996fb92427ae41e4649b934ca495991b7852b855",
      "stdout": "ENV {\"directory_mode\": \"0o555\", \"euid\": 1000, \"optimization\": 2, \"physical_denials\": [{\"denied\": true, \"errno\": 13, \"operation\": \"create\"}, {\"denied\": true, \"errno\": 13, \"operation\": \"append_open\"}], \"target_mode\": \"0o444\", \"uid\": 1000}\n{\"check\": \"transposition centralizer has order two, not one\", \"checks\": 6030, \"euid\": 1000, \"mutant\": \"trivial_overlap_centralizer\", \"optimization\": 2, \"result\": \"FAIL\", \"uid\": 1000}\n",
      "stdout_bytes": 420,
      "stdout_sha256": "f5d204e279eda5ef4f932b7fc2211017b9adc73c787c310b3d96a5b2678fb074"
    },
    {
      "arguments": [
        "--mutant",
        "homomorphic_conjugator"
      ],
      "case": "homomorphic_conjugator",
      "environment": {
        "directory_mode": "0o555",
        "euid": 1000,
        "optimization": 2,
        "physical_denials": [
          {
            "denied": true,
            "errno": 13,
            "operation": "create"
          },
          {
            "denied": true,
            "errno": 13,
            "operation": "append_open"
          }
        ],
        "target_mode": "0o444",
        "uid": 1000
      },
      "exit_code": 1,
      "intended_condition": "anchor conjugator satisfies crossed composition law",
      "rejected": true,
      "script": "independent_verify.py",
      "stderr": "",
      "stderr_bytes": 0,
      "stderr_sha256": "e3b0c44298fc1c149afbf4c8996fb92427ae41e4649b934ca495991b7852b855",
      "stdout": "ENV {\"directory_mode\": \"0o555\", \"euid\": 1000, \"optimization\": 2, \"physical_denials\": [{\"denied\": true, \"errno\": 13, \"operation\": \"create\"}, {\"denied\": true, \"errno\": 13, \"operation\": \"append_open\"}], \"target_mode\": \"0o444\", \"uid\": 1000}\n{\"check\": \"anchor conjugator satisfies crossed composition law\", \"checks\": 6049, \"euid\": 1000, \"mutant\": \"homomorphic_conjugator\", \"optimization\": 2, \"result\": \"FAIL\", \"uid\": 1000}\n",
      "stdout_bytes": 418,
      "stdout_sha256": "1e13324527e2b5aac8a6c7c6f07d07f61dee763ae1557a592d6a3db641e9cfe4"
    },
    {
      "arguments": [
        "--mutant",
        "replace_full_stabilizer_by_spe"
      ],
      "case": "replace_full_stabilizer_by_spe",
      "environment": {
        "directory_mode": "0o555",
        "euid": 1000,
        "optimization": 2,
        "physical_denials": [
          {
            "denied": true,
            "errno": 13,
            "operation": "create"
          },
          {
            "denied": true,
            "errno": 13,
            "operation": "append_open"
          }
        ],
        "target_mode": "0o444",
        "uid": 1000
      },
      "exit_code": 1,
      "intended_condition": "full stabilizer has full Aut(C2^2) restriction image",
      "rejected": true,
      "script": "independent_verify.py",
      "stderr": "",
      "stderr_bytes": 0,
      "stderr_sha256": "e3b0c44298fc1c149afbf4c8996fb92427ae41e4649b934ca495991b7852b855",
      "stdout": "ENV {\"directory_mode\": \"0o555\", \"euid\": 1000, \"optimization\": 2, \"physical_denials\": [{\"denied\": true, \"errno\": 13, \"operation\": \"create\"}, {\"denied\": true, \"errno\": 13, \"operation\": \"append_open\"}], \"target_mode\": \"0o444\", \"uid\": 1000}\n{\"check\": \"full stabilizer has full Aut(C2^2) restriction image\", \"checks\": 6055, \"euid\": 1000, \"mutant\": \"replace_full_stabilizer_by_spe\", \"optimization\": 2, \"result\": \"FAIL\", \"uid\": 1000}\n",
      "stdout_bytes": 427,
      "stdout_sha256": "06a0a86eeb1f0fa1ac64639b72aaece429fb4b043319dc594f27add641f1ba2c"
    },
    {
      "arguments": [
        "--mutant",
        "finite_index_image_is_coxeter"
      ],
      "case": "finite_index_image_is_coxeter",
      "environment": {
        "directory_mode": "0o555",
        "euid": 1000,
        "optimization": 2,
        "physical_denials": [
          {
            "denied": true,
            "errno": 13,
            "operation": "create"
          },
          {
            "denied": true,
            "errno": 13,
            "operation": "append_open"
          }
        ],
        "target_mode": "0o444",
        "uid": 1000
      },
      "exit_code": 1,
      "intended_condition": "infinite cyclic finite-index image is not an infinite Coxeter group",
      "rejected": true,
      "script": "independent_verify.py",
      "stderr": "",
      "stderr_bytes": 0,
      "stderr_sha256": "e3b0c44298fc1c149afbf4c8996fb92427ae41e4649b934ca495991b7852b855",
      "stdout": "ENV {\"directory_mode\": \"0o555\", \"euid\": 1000, \"optimization\": 2, \"physical_denials\": [{\"denied\": true, \"errno\": 13, \"operation\": \"create\"}, {\"denied\": true, \"errno\": 13, \"operation\": \"append_open\"}], \"target_mode\": \"0o444\", \"uid\": 1000}\n{\"check\": \"infinite cyclic finite-index image is not an infinite Coxeter group\", \"checks\": 6065, \"euid\": 1000, \"mutant\": \"finite_index_image_is_coxeter\", \"optimization\": 2, \"result\": \"FAIL\", \"uid\": 1000}\n",
      "stdout_bytes": 441,
      "stdout_sha256": "710cbf329d07adad1567fbb0222be528dc76107b4b016ea3596b815d27acb7db"
    }
  ],
  "schema": 1,
  "scope": "Current hardened and independent mathematical controls; historical assertion-only original is excluded; finite support does not certify universal proofs.",
  "source_unchanged": true,
  "status": "PASS",
  "uid": 1000
}
