{
  "after": {
    "bad_reflection.py": {
      "bytes": 2532,
      "sha256": "1967a63d537f8237f097eb94c7718fa518c271ae3cd502546d5e10349414b39b"
    },
    "bad_triangle_d.py": {
      "bytes": 2532,
      "sha256": "a027516eada7d20990afd0d1a6a64997625375d811101849fa9e024e90a84d1d"
    },
    "independent_verify.py": {
      "bytes": 13495,
      "sha256": "1da15d509a65d7c1a812c5b43775646198d09b48be9771e47322a7ba8fc99eb2"
    },
    "verify_calculations_hardened.py": {
      "bytes": 2600,
      "sha256": "1e6f36e8257e29317e304a884bc040ddca0234e382981b9bc4584baf8fa776e9"
    },
    "zero_initial_vector.py": {
      "bytes": 2532,
      "sha256": "ea81a79a84f2d11e7d6c157593ff69d9de414623591b5b3302dc8838f9ac2c3c"
    }
  },
  "before": {
    "bad_reflection.py": {
      "bytes": 2532,
      "sha256": "1967a63d537f8237f097eb94c7718fa518c271ae3cd502546d5e10349414b39b"
    },
    "bad_triangle_d.py": {
      "bytes": 2532,
      "sha256": "a027516eada7d20990afd0d1a6a64997625375d811101849fa9e024e90a84d1d"
    },
    "independent_verify.py": {
      "bytes": 13495,
      "sha256": "1da15d509a65d7c1a812c5b43775646198d09b48be9771e47322a7ba8fc99eb2"
    },
    "verify_calculations_hardened.py": {
      "bytes": 2600,
      "sha256": "1e6f36e8257e29317e304a884bc040ddca0234e382981b9bc4584baf8fa776e9"
    },
    "zero_initial_vector.py": {
      "bytes": 2532,
      "sha256": "ea81a79a84f2d11e7d6c157593ff69d9de414623591b5b3302dc8838f9ac2c3c"
    }
  },
  "child_physical_denials": 38,
  "euid": 1000,
  "fixture_unchanged": true,
  "hardened_semantic_mutants": 3,
  "independent_semantic_mutants": 14,
  "mathematical_negative_controls": 17,
  "normalization": "NONE",
  "optimization": 0,
  "physical_denials": [
    {
      "denied": true,
      "errno": 13,
      "path": "."
    },
    {
      "denied": true,
      "errno": 13,
      "path": "bad_reflection.py"
    },
    {
      "denied": true,
      "errno": 13,
      "path": "bad_triangle_d.py"
    },
    {
      "denied": true,
      "errno": 13,
      "path": "independent_verify.py"
    },
    {
      "denied": true,
      "errno": 13,
      "path": "verify_calculations_hardened.py"
    },
    {
      "denied": true,
      "errno": 13,
      "path": "zero_initial_vector.py"
    }
  ],
  "portable_original_checker_replay": "NOT_RUN",
  "positive_runs": 2,
  "problem_id": 30004454,
  "runs": [
    {
      "arguments": [],
      "case": "baseline-verify_calculations_hardened.py",
      "complete_reference_equality": true,
      "environment": {
        "directory_mode": "0o555",
        "euid": 1000,
        "optimization": 0,
        "physical_denials": [
          {
            "denied": true,
            "errno": 13,
            "operation": "create"
          },
          {
            "denied": true,
            "errno": 13,
            "operation": "append_open"
          }
        ],
        "target_mode": "0o444",
        "uid": 1000
      },
      "exit_code": 0,
      "recursive_exact_types": false,
      "script": "verify_calculations_hardened.py",
      "stderr": "",
      "stderr_bytes": 0,
      "stderr_sha256": "e3b0c44298fc1c149afbf4c8996fb92427ae41e4649b934ca495991b7852b855",
      "stdout": "ENV {\"directory_mode\": \"0o555\", \"euid\": 1000, \"optimization\": 0, \"physical_denials\": [{\"denied\": true, \"errno\": 13, \"operation\": \"create\"}, {\"denied\": true, \"errno\": 13, \"operation\": \"append_open\"}], \"target_mode\": \"0o444\", \"uid\": 1000}\nPASS: exact reflection identities for n=0..100; triangle quotient presentation check.\n",
      "stdout_bytes": 323,
      "stdout_sha256": "2b316d024c35c68c15947a8e84ef431a92bc7710dd13dedd716d9ff0ae7032ce"
    },
    {
      "arguments": [],
      "case": "baseline-independent_verify.py",
      "complete_reference_equality": true,
      "environment": {
        "directory_mode": "0o555",
        "euid": 1000,
        "optimization": 0,
        "physical_denials": [
          {
            "denied": true,
            "errno": 13,
            "operation": "create"
          },
          {
            "denied": true,
            "errno": 13,
            "operation": "append_open"
          }
        ],
        "target_mode": "0o444",
        "uid": 1000
      },
      "exit_code": 0,
      "recursive_exact_types": true,
      "script": "independent_verify.py",
      "stderr": "",
      "stderr_bytes": 0,
      "stderr_sha256": "e3b0c44298fc1c149afbf4c8996fb92427ae41e4649b934ca495991b7852b855",
      "stdout": "ENV {\"directory_mode\": \"0o555\", \"euid\": 1000, \"optimization\": 0, \"physical_denials\": [{\"denied\": true, \"errno\": 13, \"operation\": \"create\"}, {\"denied\": true, \"errno\": 13, \"operation\": \"append_open\"}], \"target_mode\": \"0o444\", \"uid\": 1000}\n{\"checks\": 6066, \"cyclic_graphs\": 626, \"euid\": 1000, \"mutant\": null, \"optimization\": 0, \"result\": \"PASS\", \"uid\": 1000}\n",
      "stdout_bytes": 356,
      "stdout_sha256": "cddf62b7b5c8d2cde5d67ef5150fe90651fdabdc4afcb6609a89c990d9421ea5"
    },
    {
      "arguments": [],
      "case": "bad_reflection",
      "environment": {
        "directory_mode": "0o555",
        "euid": 1000,
        "optimization": 0,
        "physical_denials": [
          {
            "denied": true,
            "errno": 13,
            "operation": "create"
          },
          {
            "denied": true,
            "errno": 13,
            "operation": "append_open"
          }
        ],
        "target_mode": "0o444",
        "uid": 1000
      },
      "exit_code": 1,
      "intended_condition": "Failed original check at line 33",
      "rejected": true,
      "script": "bad_reflection.py",
      "stderr": "Traceback (most recent call last):\n  File \"<string>\", line 12, in <module>\n  File \"<coxeter-bad_reflection>\", line 57, in <module>\n  File \"<coxeter-bad_reflection>\", line 31, in test_reflection_obstruction\n  File \"<coxeter-bad_reflection>\", line 9, in require\nRuntimeError: Failed original check at line 33\n",
      "stderr_bytes": 307,
      "stderr_sha256": "f520ee037425b77032880f85ed648ca70a2344750e1c6040c8fa236ab099bdbf",
      "stdout": "ENV {\"directory_mode\": \"0o555\", \"euid\": 1000, \"optimization\": 0, \"physical_denials\": [{\"denied\": true, \"errno\": 13, \"operation\": \"create\"}, {\"denied\": true, \"errno\": 13, \"operation\": \"append_open\"}], \"target_mode\": \"0o444\", \"uid\": 1000}\n",
      "stdout_bytes": 237,
      "stdout_sha256": "5a64e8c90977be29be457a60f11d69543d936c01621cb3a5a1c6b5b4d1e277ea"
    },
    {
      "arguments": [],
      "case": "bad_triangle_d",
      "environment": {
        "directory_mode": "0o555",
        "euid": 1000,
        "optimization": 0,
        "physical_denials": [
          {
            "denied": true,
            "errno": 13,
            "operation": "create"
          },
          {
            "denied": true,
            "errno": 13,
            "operation": "append_open"
          }
        ],
        "target_mode": "0o444",
        "uid": 1000
      },
      "exit_code": 1,
      "intended_condition": "Failed original check at line 52",
      "rejected": true,
      "script": "bad_triangle_d.py",
      "stderr": "Traceback (most recent call last):\n  File \"<string>\", line 12, in <module>\n  File \"<coxeter-bad_triangle_d>\", line 58, in <module>\n  File \"<coxeter-bad_triangle_d>\", line 48, in test_triangle_quotient_example\n  File \"<coxeter-bad_triangle_d>\", line 9, in require\nRuntimeError: Failed original check at line 52\n",
      "stderr_bytes": 310,
      "stderr_sha256": "eb87f7157e6baeff65d4ff7a300435c01f0a10558193b8b6f8a2fdb914a04c52",
      "stdout": "ENV {\"directory_mode\": \"0o555\", \"euid\": 1000, \"optimization\": 0, \"physical_denials\": [{\"denied\": true, \"errno\": 13, \"operation\": \"create\"}, {\"denied\": true, \"errno\": 13, \"operation\": \"append_open\"}], \"target_mode\": \"0o444\", \"uid\": 1000}\n",
      "stdout_bytes": 237,
      "stdout_sha256": "5a64e8c90977be29be457a60f11d69543d936c01621cb3a5a1c6b5b4d1e277ea"
    },
    {
      "arguments": [],
      "case": "zero_initial_vector",
      "environment": {
        "directory_mode": "0o555",
        "euid": 1000,
        "optimization": 0,
        "physical_denials": [
          {
            "denied": true,
            "errno": 13,
            "operation": "create"
          },
          {
            "denied": true,
            "errno": 13,
            "operation": "append_open"
          }
        ],
        "target_mode": "0o444",
        "uid": 1000
      },
      "exit_code": 1,
      "intended_condition": "Failed original check at line 39",
      "rejected": true,
      "script": "zero_initial_vector.py",
      "stderr": "Traceback (most recent call last):\n  File \"<string>\", line 12, in <module>\n  File \"<coxeter-zero_initial_vector>\", line 57, in <module>\n  File \"<coxeter-zero_initial_vector>\", line 37, in test_reflection_obstruction\n  File \"<coxeter-zero_initial_vector>\", line 9, in require\nRuntimeError: Failed original check at line 39\n",
      "stderr_bytes": 322,
      "stderr_sha256": "0587f7282595b8061e83541e731c6aa46213eb2ba09a1981f43043b43e8f1b2c",
      "stdout": "ENV {\"directory_mode\": \"0o555\", \"euid\": 1000, \"optimization\": 0, \"physical_denials\": [{\"denied\": true, \"errno\": 13, \"operation\": \"create\"}, {\"denied\": true, \"errno\": 13, \"operation\": \"append_open\"}], \"target_mode\": \"0o444\", \"uid\": 1000}\n",
      "stdout_bytes": 237,
      "stdout_sha256": "5a64e8c90977be29be457a60f11d69543d936c01621cb3a5a1c6b5b4d1e277ea"
    },
    {
      "arguments": [
        "--mutant",
        "reflection_entry"
      ],
      "case": "reflection_entry",
      "environment": {
        "directory_mode": "0o555",
        "euid": 1000,
        "optimization": 0,
        "physical_denials": [
          {
            "denied": true,
            "errno": 13,
            "operation": "create"
          },
          {
            "denied": true,
            "errno": 13,
            "operation": "append_open"
          }
        ],
        "target_mode": "0o444",
        "uid": 1000
      },
      "exit_code": 1,
      "intended_condition": "each generator preserves the exact Gram form",
      "rejected": true,
      "script": "independent_verify.py",
      "stderr": "",
      "stderr_bytes": 0,
      "stderr_sha256": "e3b0c44298fc1c149afbf4c8996fb92427ae41e4649b934ca495991b7852b855",
      "stdout": "ENV {\"directory_mode\": \"0o555\", \"euid\": 1000, \"optimization\": 0, \"physical_denials\": [{\"denied\": true, \"errno\": 13, \"operation\": \"create\"}, {\"denied\": true, \"errno\": 13, \"operation\": \"append_open\"}], \"target_mode\": \"0o444\", \"uid\": 1000}\n{\"check\": \"each generator preserves the exact Gram form\", \"checks\": 3, \"euid\": 1000, \"mutant\": \"reflection_entry\", \"optimization\": 0, \"result\": \"FAIL\", \"uid\": 1000}\n",
      "stdout_bytes": 402,
      "stdout_sha256": "2932d08f6c76781be70547cd9932bcf23c88915d381a9cd44637da1b18efafa0"
    },
    {
      "arguments": [
        "--mutant",
        "reverse_st"
      ],
      "case": "reverse_st",
      "environment": {
        "directory_mode": "0o555",
        "euid": 1000,
        "optimization": 0,
        "physical_denials": [
          {
            "denied": true,
            "errno": 13,
            "operation": "create"
          },
          {
            "denied": true,
            "errno": 13,
            "operation": "append_open"
          }
        ],
        "target_mode": "0o444",
        "uid": 1000
      },
      "exit_code": 1,
      "intended_condition": "column-vector product is rho(s)rho(t)",
      "rejected": true,
      "script": "independent_verify.py",
      "stderr": "",
      "stderr_bytes": 0,
      "stderr_sha256": "e3b0c44298fc1c149afbf4c8996fb92427ae41e4649b934ca495991b7852b855",
      "stdout": "ENV {\"directory_mode\": \"0o555\", \"euid\": 1000, \"optimization\": 0, \"physical_denials\": [{\"denied\": true, \"errno\": 13, \"operation\": \"create\"}, {\"denied\": true, \"errno\": 13, \"operation\": \"append_open\"}], \"target_mode\": \"0o444\", \"uid\": 1000}\n{\"check\": \"column-vector product is rho(s)rho(t)\", \"checks\": 8, \"euid\": 1000, \"mutant\": \"reverse_st\", \"optimization\": 0, \"result\": \"FAIL\", \"uid\": 1000}\n",
      "stdout_bytes": 389,
      "stdout_sha256": "dd86a44ccce40a2a4a171c40afc421e729c4d48081e60e6e63a4dead28263e87"
    },
    {
      "arguments": [
        "--mutant",
        "root_polynomial"
      ],
      "case": "root_polynomial",
      "environment": {
        "directory_mode": "0o555",
        "euid": 1000,
        "optimization": 0,
        "physical_denials": [
          {
            "denied": true,
            "errno": 13,
            "operation": "create"
          },
          {
            "denied": true,
            "errno": 13,
            "operation": "append_open"
          }
        ],
        "target_mode": "0o444",
        "uid": 1000
      },
      "exit_code": 1,
      "intended_condition": "coefficient-wise universal recurrence A v(n)=v(n+1)",
      "rejected": true,
      "script": "independent_verify.py",
      "stderr": "",
      "stderr_bytes": 0,
      "stderr_sha256": "e3b0c44298fc1c149afbf4c8996fb92427ae41e4649b934ca495991b7852b855",
      "stdout": "ENV {\"directory_mode\": \"0o555\", \"euid\": 1000, \"optimization\": 0, \"physical_denials\": [{\"denied\": true, \"errno\": 13, \"operation\": \"create\"}, {\"denied\": true, \"errno\": 13, \"operation\": \"append_open\"}], \"target_mode\": \"0o444\", \"uid\": 1000}\n{\"check\": \"coefficient-wise universal recurrence A v(n)=v(n+1)\", \"checks\": 10, \"euid\": 1000, \"mutant\": \"root_polynomial\", \"optimization\": 0, \"result\": \"FAIL\", \"uid\": 1000}\n",
      "stdout_bytes": 409,
      "stdout_sha256": "39cf006d1769745fcccd94135863be65bc96096bc2d7dc93cc89d3354fcc9691"
    },
    {
      "arguments": [
        "--mutant",
        "pairing_sign"
      ],
      "case": "pairing_sign",
      "environment": {
        "directory_mode": "0o555",
        "euid": 1000,
        "optimization": 0,
        "physical_denials": [
          {
            "denied": true,
            "errno": 13,
            "operation": "create"
          },
          {
            "denied": true,
            "errno": 13,
            "operation": "append_open"
          }
        ],
        "target_mode": "0o444",
        "uid": 1000
      },
      "exit_code": 1,
      "intended_condition": "coefficient-wise pairing B(e_t,v(n))=-1-4n",
      "rejected": true,
      "script": "independent_verify.py",
      "stderr": "",
      "stderr_bytes": 0,
      "stderr_sha256": "e3b0c44298fc1c149afbf4c8996fb92427ae41e4649b934ca495991b7852b855",
      "stdout": "ENV {\"directory_mode\": \"0o555\", \"euid\": 1000, \"optimization\": 0, \"physical_denials\": [{\"denied\": true, \"errno\": 13, \"operation\": \"create\"}, {\"denied\": true, \"errno\": 13, \"operation\": \"append_open\"}], \"target_mode\": \"0o444\", \"uid\": 1000}\n{\"check\": \"coefficient-wise pairing B(e_t,v(n))=-1-4n\", \"checks\": 14, \"euid\": 1000, \"mutant\": \"pairing_sign\", \"optimization\": 0, \"result\": \"FAIL\", \"uid\": 1000}\n",
      "stdout_bytes": 397,
      "stdout_sha256": "56f0a6a2dd1cacf3289da93a2bfb82ec369b2924e1c42805ee3a45a4a72344fd"
    },
    {
      "arguments": [
        "--mutant",
        "spherical_triangle"
      ],
      "case": "spherical_triangle",
      "environment": {
        "directory_mode": "0o555",
        "euid": 1000,
        "optimization": 0,
        "physical_denials": [
          {
            "denied": true,
            "errno": 13,
            "operation": "create"
          },
          {
            "denied": true,
            "errno": 13,
            "operation": "append_open"
          }
        ],
        "target_mode": "0o444",
        "uid": 1000
      },
      "exit_code": 1,
      "intended_condition": "triangle must have d at least 3",
      "rejected": true,
      "script": "independent_verify.py",
      "stderr": "",
      "stderr_bytes": 0,
      "stderr_sha256": "e3b0c44298fc1c149afbf4c8996fb92427ae41e4649b934ca495991b7852b855",
      "stdout": "ENV {\"directory_mode\": \"0o555\", \"euid\": 1000, \"optimization\": 0, \"physical_denials\": [{\"denied\": true, \"errno\": 13, \"operation\": \"create\"}, {\"denied\": true, \"errno\": 13, \"operation\": \"append_open\"}], \"target_mode\": \"0o444\", \"uid\": 1000}\n{\"check\": \"triangle must have d at least 3\", \"checks\": 906, \"euid\": 1000, \"mutant\": \"spherical_triangle\", \"optimization\": 0, \"result\": \"FAIL\", \"uid\": 1000}\n",
      "stdout_bytes": 393,
      "stdout_sha256": "bf8555a054b3961310b05ff3830a0282a04f8594f60e80de076c9fec931221ac"
    },
    {
      "arguments": [
        "--mutant",
        "nondivisible_label"
      ],
      "case": "nondivisible_label",
      "environment": {
        "directory_mode": "0o555",
        "euid": 1000,
        "optimization": 0,
        "physical_denials": [
          {
            "denied": true,
            "errno": 13,
            "operation": "create"
          },
          {
            "denied": true,
            "errno": 13,
            "operation": "append_open"
          }
        ],
        "target_mode": "0o444",
        "uid": 1000
      },
      "exit_code": 1,
      "intended_condition": "common divisor must divide every finite label",
      "rejected": true,
      "script": "independent_verify.py",
      "stderr": "",
      "stderr_bytes": 0,
      "stderr_sha256": "e3b0c44298fc1c149afbf4c8996fb92427ae41e4649b934ca495991b7852b855",
      "stdout": "ENV {\"directory_mode\": \"0o555\", \"euid\": 1000, \"optimization\": 0, \"physical_denials\": [{\"denied\": true, \"errno\": 13, \"operation\": \"create\"}, {\"denied\": true, \"errno\": 13, \"operation\": \"append_open\"}], \"target_mode\": \"0o444\", \"uid\": 1000}\n{\"check\": \"common divisor must divide every finite label\", \"checks\": 907, \"euid\": 1000, \"mutant\": \"nondivisible_label\", \"optimization\": 0, \"result\": \"FAIL\", \"uid\": 1000}\n",
      "stdout_bytes": 407,
      "stdout_sha256": "275533952e86064c0c9c3d0b56f5668bec2b52ff28e3927545df2501159bdc26"
    },
    {
      "arguments": [
        "--mutant",
        "disconnected_part"
      ],
      "case": "disconnected_part",
      "environment": {
        "directory_mode": "0o555",
        "euid": 1000,
        "optimization": 0,
        "physical_denials": [
          {
            "denied": true,
            "errno": 13,
            "operation": "create"
          },
          {
            "denied": true,
            "errno": 13,
            "operation": "append_open"
          }
        ],
        "target_mode": "0o444",
        "uid": 1000
      },
      "exit_code": 1,
      "intended_condition": "each contracted part is connected",
      "rejected": true,
      "script": "independent_verify.py",
      "stderr": "",
      "stderr_bytes": 0,
      "stderr_sha256": "e3b0c44298fc1c149afbf4c8996fb92427ae41e4649b934ca495991b7852b855",
      "stdout": "ENV {\"directory_mode\": \"0o555\", \"euid\": 1000, \"optimization\": 0, \"physical_denials\": [{\"denied\": true, \"errno\": 13, \"operation\": \"create\"}, {\"denied\": true, \"errno\": 13, \"operation\": \"append_open\"}], \"target_mode\": \"0o444\", \"uid\": 1000}\n{\"check\": \"each contracted part is connected\", \"checks\": 909, \"euid\": 1000, \"mutant\": \"disconnected_part\", \"optimization\": 0, \"result\": \"FAIL\", \"uid\": 1000}\n",
      "stdout_bytes": 394,
      "stdout_sha256": "c157da7a695b0bf6e03a500bf49efe43dba468172071b902112aa6c492b6f106"
    },
    {
      "arguments": [
        "--mutant",
        "kill_partial_odd_component"
      ],
      "case": "kill_partial_odd_component",
      "environment": {
        "directory_mode": "0o555",
        "euid": 1000,
        "optimization": 0,
        "physical_denials": [
          {
            "denied": true,
            "errno": 13,
            "operation": "create"
          },
          {
            "denied": true,
            "errno": 13,
            "operation": "append_open"
          }
        ],
        "target_mode": "0o444",
        "uid": 1000
      },
      "exit_code": 1,
      "intended_condition": "each original relator survives in D_infinity",
      "rejected": true,
      "script": "independent_verify.py",
      "stderr": "",
      "stderr_bytes": 0,
      "stderr_sha256": "e3b0c44298fc1c149afbf4c8996fb92427ae41e4649b934ca495991b7852b855",
      "stdout": "ENV {\"directory_mode\": \"0o555\", \"euid\": 1000, \"optimization\": 0, \"physical_denials\": [{\"denied\": true, \"errno\": 13, \"operation\": \"create\"}, {\"denied\": true, \"errno\": 13, \"operation\": \"append_open\"}], \"target_mode\": \"0o444\", \"uid\": 1000}\n{\"check\": \"each original relator survives in D_infinity\", \"checks\": 5923, \"euid\": 1000, \"mutant\": \"kill_partial_odd_component\", \"optimization\": 0, \"result\": \"FAIL\", \"uid\": 1000}\n",
      "stdout_bytes": 415,
      "stdout_sha256": "0fc268732861f5626dc345d7fbf44a42fb1f6bd50d804e56f94904b8cc5af609"
    },
    {
      "arguments": [
        "--mutant",
        "separated_even_cross_edge"
      ],
      "case": "separated_even_cross_edge",
      "environment": {
        "directory_mode": "0o555",
        "euid": 1000,
        "optimization": 0,
        "physical_denials": [
          {
            "denied": true,
            "errno": 13,
            "operation": "create"
          },
          {
            "denied": true,
            "errno": 13,
            "operation": "append_open"
          }
        ],
        "target_mode": "0o444",
        "uid": 1000
      },
      "exit_code": 1,
      "intended_condition": "each original relator survives in D_infinity",
      "rejected": true,
      "script": "independent_verify.py",
      "stderr": "",
      "stderr_bytes": 0,
      "stderr_sha256": "e3b0c44298fc1c149afbf4c8996fb92427ae41e4649b934ca495991b7852b855",
      "stdout": "ENV {\"directory_mode\": \"0o555\", \"euid\": 1000, \"optimization\": 0, \"physical_denials\": [{\"denied\": true, \"errno\": 13, \"operation\": \"create\"}, {\"denied\": true, \"errno\": 13, \"operation\": \"append_open\"}], \"target_mode\": \"0o444\", \"uid\": 1000}\n{\"check\": \"each original relator survives in D_infinity\", \"checks\": 5927, \"euid\": 1000, \"mutant\": \"separated_even_cross_edge\", \"optimization\": 0, \"result\": \"FAIL\", \"uid\": 1000}\n",
      "stdout_bytes": 414,
      "stdout_sha256": "2739dc391fa811bc72d66deec201a166b4901aaa8168ae4d1256f296c835a056"
    },
    {
      "arguments": [
        "--mutant",
        "invent_missing_edge"
      ],
      "case": "invent_missing_edge",
      "environment": {
        "directory_mode": "0o555",
        "euid": 1000,
        "optimization": 0,
        "physical_denials": [
          {
            "denied": true,
            "errno": 13,
            "operation": "create"
          },
          {
            "denied": true,
            "errno": 13,
            "operation": "append_open"
          }
        ],
        "target_mode": "0o444",
        "uid": 1000
      },
      "exit_code": 1,
      "intended_condition": "missing edges must not be given order-two relations",
      "rejected": true,
      "script": "independent_verify.py",
      "stderr": "",
      "stderr_bytes": 0,
      "stderr_sha256": "e3b0c44298fc1c149afbf4c8996fb92427ae41e4649b934ca495991b7852b855",
      "stdout": "ENV {\"directory_mode\": \"0o555\", \"euid\": 1000, \"optimization\": 0, \"physical_denials\": [{\"denied\": true, \"errno\": 13, \"operation\": \"create\"}, {\"denied\": true, \"errno\": 13, \"operation\": \"append_open\"}], \"target_mode\": \"0o444\", \"uid\": 1000}\n{\"check\": \"missing edges must not be given order-two relations\", \"checks\": 5928, \"euid\": 1000, \"mutant\": \"invent_missing_edge\", \"optimization\": 0, \"result\": \"FAIL\", \"uid\": 1000}\n",
      "stdout_bytes": 415,
      "stdout_sha256": "cf1859928effe0efcf9ad18941e6bad62cf9a3812636658764131c82cc2d0789"
    },
    {
      "arguments": [
        "--mutant",
        "trivial_overlap_centralizer"
      ],
      "case": "trivial_overlap_centralizer",
      "environment": {
        "directory_mode": "0o555",
        "euid": 1000,
        "optimization": 0,
        "physical_denials": [
          {
            "denied": true,
            "errno": 13,
            "operation": "create"
          },
          {
            "denied": true,
            "errno": 13,
            "operation": "append_open"
          }
        ],
        "target_mode": "0o444",
        "uid": 1000
      },
      "exit_code": 1,
      "intended_condition": "transposition centralizer has order two, not one",
      "rejected": true,
      "script": "independent_verify.py",
      "stderr": "",
      "stderr_bytes": 0,
      "stderr_sha256": "e3b0c44298fc1c149afbf4c8996fb92427ae41e4649b934ca495991b7852b855",
      "stdout": "ENV {\"directory_mode\": \"0o555\", \"euid\": 1000, \"optimization\": 0, \"physical_denials\": [{\"denied\": true, \"errno\": 13, \"operation\": \"create\"}, {\"denied\": true, \"errno\": 13, \"operation\": \"append_open\"}], \"target_mode\": \"0o444\", \"uid\": 1000}\n{\"check\": \"transposition centralizer has order two, not one\", \"checks\": 6030, \"euid\": 1000, \"mutant\": \"trivial_overlap_centralizer\", \"optimization\": 0, \"result\": \"FAIL\", \"uid\": 1000}\n",
      "stdout_bytes": 420,
      "stdout_sha256": "e3e4d5feee132c6a720d9003afa610b5d2f5470d1d4f5bcbbdb5285f9744c8e8"
    },
    {
      "arguments": [
        "--mutant",
        "homomorphic_conjugator"
      ],
      "case": "homomorphic_conjugator",
      "environment": {
        "directory_mode": "0o555",
        "euid": 1000,
        "optimization": 0,
        "physical_denials": [
          {
            "denied": true,
            "errno": 13,
            "operation": "create"
          },
          {
            "denied": true,
            "errno": 13,
            "operation": "append_open"
          }
        ],
        "target_mode": "0o444",
        "uid": 1000
      },
      "exit_code": 1,
      "intended_condition": "anchor conjugator satisfies crossed composition law",
      "rejected": true,
      "script": "independent_verify.py",
      "stderr": "",
      "stderr_bytes": 0,
      "stderr_sha256": "e3b0c44298fc1c149afbf4c8996fb92427ae41e4649b934ca495991b7852b855",
      "stdout": "ENV {\"directory_mode\": \"0o555\", \"euid\": 1000, \"optimization\": 0, \"physical_denials\": [{\"denied\": true, \"errno\": 13, \"operation\": \"create\"}, {\"denied\": true, \"errno\": 13, \"operation\": \"append_open\"}], \"target_mode\": \"0o444\", \"uid\": 1000}\n{\"check\": \"anchor conjugator satisfies crossed composition law\", \"checks\": 6049, \"euid\": 1000, \"mutant\": \"homomorphic_conjugator\", \"optimization\": 0, \"result\": \"FAIL\", \"uid\": 1000}\n",
      "stdout_bytes": 418,
      "stdout_sha256": "c22501d109c2a0582d2e59c68d8c142d5a3f643e45406df61b416cc1963f8664"
    },
    {
      "arguments": [
        "--mutant",
        "replace_full_stabilizer_by_spe"
      ],
      "case": "replace_full_stabilizer_by_spe",
      "environment": {
        "directory_mode": "0o555",
        "euid": 1000,
        "optimization": 0,
        "physical_denials": [
          {
            "denied": true,
            "errno": 13,
            "operation": "create"
          },
          {
            "denied": true,
            "errno": 13,
            "operation": "append_open"
          }
        ],
        "target_mode": "0o444",
        "uid": 1000
      },
      "exit_code": 1,
      "intended_condition": "full stabilizer has full Aut(C2^2) restriction image",
      "rejected": true,
      "script": "independent_verify.py",
      "stderr": "",
      "stderr_bytes": 0,
      "stderr_sha256": "e3b0c44298fc1c149afbf4c8996fb92427ae41e4649b934ca495991b7852b855",
      "stdout": "ENV {\"directory_mode\": \"0o555\", \"euid\": 1000, \"optimization\": 0, \"physical_denials\": [{\"denied\": true, \"errno\": 13, \"operation\": \"create\"}, {\"denied\": true, \"errno\": 13, \"operation\": \"append_open\"}], \"target_mode\": \"0o444\", \"uid\": 1000}\n{\"check\": \"full stabilizer has full Aut(C2^2) restriction image\", \"checks\": 6055, \"euid\": 1000, \"mutant\": \"replace_full_stabilizer_by_spe\", \"optimization\": 0, \"result\": \"FAIL\", \"uid\": 1000}\n",
      "stdout_bytes": 427,
      "stdout_sha256": "1c108d35ce687d5c028d7f7ef26d42b051abacb22c5f7a2cb8047391b223c259"
    },
    {
      "arguments": [
        "--mutant",
        "finite_index_image_is_coxeter"
      ],
      "case": "finite_index_image_is_coxeter",
      "environment": {
        "directory_mode": "0o555",
        "euid": 1000,
        "optimization": 0,
        "physical_denials": [
          {
            "denied": true,
            "errno": 13,
            "operation": "create"
          },
          {
            "denied": true,
            "errno": 13,
            "operation": "append_open"
          }
        ],
        "target_mode": "0o444",
        "uid": 1000
      },
      "exit_code": 1,
      "intended_condition": "infinite cyclic finite-index image is not an infinite Coxeter group",
      "rejected": true,
      "script": "independent_verify.py",
      "stderr": "",
      "stderr_bytes": 0,
      "stderr_sha256": "e3b0c44298fc1c149afbf4c8996fb92427ae41e4649b934ca495991b7852b855",
      "stdout": "ENV {\"directory_mode\": \"0o555\", \"euid\": 1000, \"optimization\": 0, \"physical_denials\": [{\"denied\": true, \"errno\": 13, \"operation\": \"create\"}, {\"denied\": true, \"errno\": 13, \"operation\": \"append_open\"}], \"target_mode\": \"0o444\", \"uid\": 1000}\n{\"check\": \"infinite cyclic finite-index image is not an infinite Coxeter group\", \"checks\": 6065, \"euid\": 1000, \"mutant\": \"finite_index_image_is_coxeter\", \"optimization\": 0, \"result\": \"FAIL\", \"uid\": 1000}\n",
      "stdout_bytes": 441,
      "stdout_sha256": "c2142e5b6e6d8a083d7848ce4fc5303b14d6e43e3aa4eb389a65663dc544c4fa"
    }
  ],
  "schema": 1,
  "scope": "Current hardened and independent mathematical controls; historical assertion-only original is excluded; finite support does not certify universal proofs.",
  "source_unchanged": true,
  "status": "PASS",
  "uid": 1000
}
