{
  "after": {
    "bad_reflection.py": {
      "bytes": 2532,
      "sha256": "1967a63d537f8237f097eb94c7718fa518c271ae3cd502546d5e10349414b39b"
    },
    "bad_triangle_d.py": {
      "bytes": 2532,
      "sha256": "a027516eada7d20990afd0d1a6a64997625375d811101849fa9e024e90a84d1d"
    },
    "independent_verify.py": {
      "bytes": 13495,
      "sha256": "1da15d509a65d7c1a812c5b43775646198d09b48be9771e47322a7ba8fc99eb2"
    },
    "verify_calculations_hardened.py": {
      "bytes": 2600,
      "sha256": "1e6f36e8257e29317e304a884bc040ddca0234e382981b9bc4584baf8fa776e9"
    },
    "zero_initial_vector.py": {
      "bytes": 2532,
      "sha256": "ea81a79a84f2d11e7d6c157593ff69d9de414623591b5b3302dc8838f9ac2c3c"
    }
  },
  "before": {
    "bad_reflection.py": {
      "bytes": 2532,
      "sha256": "1967a63d537f8237f097eb94c7718fa518c271ae3cd502546d5e10349414b39b"
    },
    "bad_triangle_d.py": {
      "bytes": 2532,
      "sha256": "a027516eada7d20990afd0d1a6a64997625375d811101849fa9e024e90a84d1d"
    },
    "independent_verify.py": {
      "bytes": 13495,
      "sha256": "1da15d509a65d7c1a812c5b43775646198d09b48be9771e47322a7ba8fc99eb2"
    },
    "verify_calculations_hardened.py": {
      "bytes": 2600,
      "sha256": "1e6f36e8257e29317e304a884bc040ddca0234e382981b9bc4584baf8fa776e9"
    },
    "zero_initial_vector.py": {
      "bytes": 2532,
      "sha256": "ea81a79a84f2d11e7d6c157593ff69d9de414623591b5b3302dc8838f9ac2c3c"
    }
  },
  "child_physical_denials": 38,
  "euid": 1000,
  "fixture_unchanged": true,
  "hardened_semantic_mutants": 3,
  "independent_semantic_mutants": 14,
  "mathematical_negative_controls": 17,
  "normalization": "NONE",
  "optimization": 1,
  "physical_denials": [
    {
      "denied": true,
      "errno": 13,
      "path": "."
    },
    {
      "denied": true,
      "errno": 13,
      "path": "bad_reflection.py"
    },
    {
      "denied": true,
      "errno": 13,
      "path": "bad_triangle_d.py"
    },
    {
      "denied": true,
      "errno": 13,
      "path": "independent_verify.py"
    },
    {
      "denied": true,
      "errno": 13,
      "path": "verify_calculations_hardened.py"
    },
    {
      "denied": true,
      "errno": 13,
      "path": "zero_initial_vector.py"
    }
  ],
  "portable_original_checker_replay": "NOT_RUN",
  "positive_runs": 2,
  "problem_id": 30004454,
  "runs": [
    {
      "arguments": [],
      "case": "baseline-verify_calculations_hardened.py",
      "complete_reference_equality": true,
      "environment": {
        "directory_mode": "0o555",
        "euid": 1000,
        "optimization": 1,
        "physical_denials": [
          {
            "denied": true,
            "errno": 13,
            "operation": "create"
          },
          {
            "denied": true,
            "errno": 13,
            "operation": "append_open"
          }
        ],
        "target_mode": "0o444",
        "uid": 1000
      },
      "exit_code": 0,
      "recursive_exact_types": false,
      "script": "verify_calculations_hardened.py",
      "stderr": "",
      "stderr_bytes": 0,
      "stderr_sha256": "e3b0c44298fc1c149afbf4c8996fb92427ae41e4649b934ca495991b7852b855",
      "stdout": "ENV {\"directory_mode\": \"0o555\", \"euid\": 1000, \"optimization\": 1, \"physical_denials\": [{\"denied\": true, \"errno\": 13, \"operation\": \"create\"}, {\"denied\": true, \"errno\": 13, \"operation\": \"append_open\"}], \"target_mode\": \"0o444\", \"uid\": 1000}\nPASS: exact reflection identities for n=0..100; triangle quotient presentation check.\n",
      "stdout_bytes": 323,
      "stdout_sha256": "3b568b246302b54dcb515df4eff58a04dc410a0382bf716d61b8f08bdc9ef46b"
    },
    {
      "arguments": [],
      "case": "baseline-independent_verify.py",
      "complete_reference_equality": true,
      "environment": {
        "directory_mode": "0o555",
        "euid": 1000,
        "optimization": 1,
        "physical_denials": [
          {
            "denied": true,
            "errno": 13,
            "operation": "create"
          },
          {
            "denied": true,
            "errno": 13,
            "operation": "append_open"
          }
        ],
        "target_mode": "0o444",
        "uid": 1000
      },
      "exit_code": 0,
      "recursive_exact_types": true,
      "script": "independent_verify.py",
      "stderr": "",
      "stderr_bytes": 0,
      "stderr_sha256": "e3b0c44298fc1c149afbf4c8996fb92427ae41e4649b934ca495991b7852b855",
      "stdout": "ENV {\"directory_mode\": \"0o555\", \"euid\": 1000, \"optimization\": 1, \"physical_denials\": [{\"denied\": true, \"errno\": 13, \"operation\": \"create\"}, {\"denied\": true, \"errno\": 13, \"operation\": \"append_open\"}], \"target_mode\": \"0o444\", \"uid\": 1000}\n{\"checks\": 6066, \"cyclic_graphs\": 626, \"euid\": 1000, \"mutant\": null, \"optimization\": 1, \"result\": \"PASS\", \"uid\": 1000}\n",
      "stdout_bytes": 356,
      "stdout_sha256": "3230273a5a9ab1d486ab34701ae360a26c49ee408cba0f35181ea0e14ea41af1"
    },
    {
      "arguments": [],
      "case": "bad_reflection",
      "environment": {
        "directory_mode": "0o555",
        "euid": 1000,
        "optimization": 1,
        "physical_denials": [
          {
            "denied": true,
            "errno": 13,
            "operation": "create"
          },
          {
            "denied": true,
            "errno": 13,
            "operation": "append_open"
          }
        ],
        "target_mode": "0o444",
        "uid": 1000
      },
      "exit_code": 1,
      "intended_condition": "Failed original check at line 33",
      "rejected": true,
      "script": "bad_reflection.py",
      "stderr": "Traceback (most recent call last):\n  File \"<string>\", line 12, in <module>\n  File \"<coxeter-bad_reflection>\", line 57, in <module>\n  File \"<coxeter-bad_reflection>\", line 31, in test_reflection_obstruction\n  File \"<coxeter-bad_reflection>\", line 9, in require\nRuntimeError: Failed original check at line 33\n",
      "stderr_bytes": 307,
      "stderr_sha256": "f520ee037425b77032880f85ed648ca70a2344750e1c6040c8fa236ab099bdbf",
      "stdout": "ENV {\"directory_mode\": \"0o555\", \"euid\": 1000, \"optimization\": 1, \"physical_denials\": [{\"denied\": true, \"errno\": 13, \"operation\": \"create\"}, {\"denied\": true, \"errno\": 13, \"operation\": \"append_open\"}], \"target_mode\": \"0o444\", \"uid\": 1000}\n",
      "stdout_bytes": 237,
      "stdout_sha256": "04ab6cf274e29dcfce738d8af98e51c5f20cda0442574a1227b979c17ddbaf9d"
    },
    {
      "arguments": [],
      "case": "bad_triangle_d",
      "environment": {
        "directory_mode": "0o555",
        "euid": 1000,
        "optimization": 1,
        "physical_denials": [
          {
            "denied": true,
            "errno": 13,
            "operation": "create"
          },
          {
            "denied": true,
            "errno": 13,
            "operation": "append_open"
          }
        ],
        "target_mode": "0o444",
        "uid": 1000
      },
      "exit_code": 1,
      "intended_condition": "Failed original check at line 52",
      "rejected": true,
      "script": "bad_triangle_d.py",
      "stderr": "Traceback (most recent call last):\n  File \"<string>\", line 12, in <module>\n  File \"<coxeter-bad_triangle_d>\", line 58, in <module>\n  File \"<coxeter-bad_triangle_d>\", line 48, in test_triangle_quotient_example\n  File \"<coxeter-bad_triangle_d>\", line 9, in require\nRuntimeError: Failed original check at line 52\n",
      "stderr_bytes": 310,
      "stderr_sha256": "eb87f7157e6baeff65d4ff7a300435c01f0a10558193b8b6f8a2fdb914a04c52",
      "stdout": "ENV {\"directory_mode\": \"0o555\", \"euid\": 1000, \"optimization\": 1, \"physical_denials\": [{\"denied\": true, \"errno\": 13, \"operation\": \"create\"}, {\"denied\": true, \"errno\": 13, \"operation\": \"append_open\"}], \"target_mode\": \"0o444\", \"uid\": 1000}\n",
      "stdout_bytes": 237,
      "stdout_sha256": "04ab6cf274e29dcfce738d8af98e51c5f20cda0442574a1227b979c17ddbaf9d"
    },
    {
      "arguments": [],
      "case": "zero_initial_vector",
      "environment": {
        "directory_mode": "0o555",
        "euid": 1000,
        "optimization": 1,
        "physical_denials": [
          {
            "denied": true,
            "errno": 13,
            "operation": "create"
          },
          {
            "denied": true,
            "errno": 13,
            "operation": "append_open"
          }
        ],
        "target_mode": "0o444",
        "uid": 1000
      },
      "exit_code": 1,
      "intended_condition": "Failed original check at line 39",
      "rejected": true,
      "script": "zero_initial_vector.py",
      "stderr": "Traceback (most recent call last):\n  File \"<string>\", line 12, in <module>\n  File \"<coxeter-zero_initial_vector>\", line 57, in <module>\n  File \"<coxeter-zero_initial_vector>\", line 37, in test_reflection_obstruction\n  File \"<coxeter-zero_initial_vector>\", line 9, in require\nRuntimeError: Failed original check at line 39\n",
      "stderr_bytes": 322,
      "stderr_sha256": "0587f7282595b8061e83541e731c6aa46213eb2ba09a1981f43043b43e8f1b2c",
      "stdout": "ENV {\"directory_mode\": \"0o555\", \"euid\": 1000, \"optimization\": 1, \"physical_denials\": [{\"denied\": true, \"errno\": 13, \"operation\": \"create\"}, {\"denied\": true, \"errno\": 13, \"operation\": \"append_open\"}], \"target_mode\": \"0o444\", \"uid\": 1000}\n",
      "stdout_bytes": 237,
      "stdout_sha256": "04ab6cf274e29dcfce738d8af98e51c5f20cda0442574a1227b979c17ddbaf9d"
    },
    {
      "arguments": [
        "--mutant",
        "reflection_entry"
      ],
      "case": "reflection_entry",
      "environment": {
        "directory_mode": "0o555",
        "euid": 1000,
        "optimization": 1,
        "physical_denials": [
          {
            "denied": true,
            "errno": 13,
            "operation": "create"
          },
          {
            "denied": true,
            "errno": 13,
            "operation": "append_open"
          }
        ],
        "target_mode": "0o444",
        "uid": 1000
      },
      "exit_code": 1,
      "intended_condition": "each generator preserves the exact Gram form",
      "rejected": true,
      "script": "independent_verify.py",
      "stderr": "",
      "stderr_bytes": 0,
      "stderr_sha256": "e3b0c44298fc1c149afbf4c8996fb92427ae41e4649b934ca495991b7852b855",
      "stdout": "ENV {\"directory_mode\": \"0o555\", \"euid\": 1000, \"optimization\": 1, \"physical_denials\": [{\"denied\": true, \"errno\": 13, \"operation\": \"create\"}, {\"denied\": true, \"errno\": 13, \"operation\": \"append_open\"}], \"target_mode\": \"0o444\", \"uid\": 1000}\n{\"check\": \"each generator preserves the exact Gram form\", \"checks\": 3, \"euid\": 1000, \"mutant\": \"reflection_entry\", \"optimization\": 1, \"result\": \"FAIL\", \"uid\": 1000}\n",
      "stdout_bytes": 402,
      "stdout_sha256": "8f4cdde01b074ce1912bcc9a62a2b08bacb45e39434001c8218a47a1f35a882e"
    },
    {
      "arguments": [
        "--mutant",
        "reverse_st"
      ],
      "case": "reverse_st",
      "environment": {
        "directory_mode": "0o555",
        "euid": 1000,
        "optimization": 1,
        "physical_denials": [
          {
            "denied": true,
            "errno": 13,
            "operation": "create"
          },
          {
            "denied": true,
            "errno": 13,
            "operation": "append_open"
          }
        ],
        "target_mode": "0o444",
        "uid": 1000
      },
      "exit_code": 1,
      "intended_condition": "column-vector product is rho(s)rho(t)",
      "rejected": true,
      "script": "independent_verify.py",
      "stderr": "",
      "stderr_bytes": 0,
      "stderr_sha256": "e3b0c44298fc1c149afbf4c8996fb92427ae41e4649b934ca495991b7852b855",
      "stdout": "ENV {\"directory_mode\": \"0o555\", \"euid\": 1000, \"optimization\": 1, \"physical_denials\": [{\"denied\": true, \"errno\": 13, \"operation\": \"create\"}, {\"denied\": true, \"errno\": 13, \"operation\": \"append_open\"}], \"target_mode\": \"0o444\", \"uid\": 1000}\n{\"check\": \"column-vector product is rho(s)rho(t)\", \"checks\": 8, \"euid\": 1000, \"mutant\": \"reverse_st\", \"optimization\": 1, \"result\": \"FAIL\", \"uid\": 1000}\n",
      "stdout_bytes": 389,
      "stdout_sha256": "c8a63fe7cfd1a387352ce34328af11b276dad0aee650bfdbc6caf9b0a9a8a5ba"
    },
    {
      "arguments": [
        "--mutant",
        "root_polynomial"
      ],
      "case": "root_polynomial",
      "environment": {
        "directory_mode": "0o555",
        "euid": 1000,
        "optimization": 1,
        "physical_denials": [
          {
            "denied": true,
            "errno": 13,
            "operation": "create"
          },
          {
            "denied": true,
            "errno": 13,
            "operation": "append_open"
          }
        ],
        "target_mode": "0o444",
        "uid": 1000
      },
      "exit_code": 1,
      "intended_condition": "coefficient-wise universal recurrence A v(n)=v(n+1)",
      "rejected": true,
      "script": "independent_verify.py",
      "stderr": "",
      "stderr_bytes": 0,
      "stderr_sha256": "e3b0c44298fc1c149afbf4c8996fb92427ae41e4649b934ca495991b7852b855",
      "stdout": "ENV {\"directory_mode\": \"0o555\", \"euid\": 1000, \"optimization\": 1, \"physical_denials\": [{\"denied\": true, \"errno\": 13, \"operation\": \"create\"}, {\"denied\": true, \"errno\": 13, \"operation\": \"append_open\"}], \"target_mode\": \"0o444\", \"uid\": 1000}\n{\"check\": \"coefficient-wise universal recurrence A v(n)=v(n+1)\", \"checks\": 10, \"euid\": 1000, \"mutant\": \"root_polynomial\", \"optimization\": 1, \"result\": \"FAIL\", \"uid\": 1000}\n",
      "stdout_bytes": 409,
      "stdout_sha256": "069736fc10dad7f85ab5671d15f934fddf7c6bf61f7044e1412061567dea67be"
    },
    {
      "arguments": [
        "--mutant",
        "pairing_sign"
      ],
      "case": "pairing_sign",
      "environment": {
        "directory_mode": "0o555",
        "euid": 1000,
        "optimization": 1,
        "physical_denials": [
          {
            "denied": true,
            "errno": 13,
            "operation": "create"
          },
          {
            "denied": true,
            "errno": 13,
            "operation": "append_open"
          }
        ],
        "target_mode": "0o444",
        "uid": 1000
      },
      "exit_code": 1,
      "intended_condition": "coefficient-wise pairing B(e_t,v(n))=-1-4n",
      "rejected": true,
      "script": "independent_verify.py",
      "stderr": "",
      "stderr_bytes": 0,
      "stderr_sha256": "e3b0c44298fc1c149afbf4c8996fb92427ae41e4649b934ca495991b7852b855",
      "stdout": "ENV {\"directory_mode\": \"0o555\", \"euid\": 1000, \"optimization\": 1, \"physical_denials\": [{\"denied\": true, \"errno\": 13, \"operation\": \"create\"}, {\"denied\": true, \"errno\": 13, \"operation\": \"append_open\"}], \"target_mode\": \"0o444\", \"uid\": 1000}\n{\"check\": \"coefficient-wise pairing B(e_t,v(n))=-1-4n\", \"checks\": 14, \"euid\": 1000, \"mutant\": \"pairing_sign\", \"optimization\": 1, \"result\": \"FAIL\", \"uid\": 1000}\n",
      "stdout_bytes": 397,
      "stdout_sha256": "2b23adc9af041891ba551bb32ad184b4f9510c8c54b75b000fbf8441a04989be"
    },
    {
      "arguments": [
        "--mutant",
        "spherical_triangle"
      ],
      "case": "spherical_triangle",
      "environment": {
        "directory_mode": "0o555",
        "euid": 1000,
        "optimization": 1,
        "physical_denials": [
          {
            "denied": true,
            "errno": 13,
            "operation": "create"
          },
          {
            "denied": true,
            "errno": 13,
            "operation": "append_open"
          }
        ],
        "target_mode": "0o444",
        "uid": 1000
      },
      "exit_code": 1,
      "intended_condition": "triangle must have d at least 3",
      "rejected": true,
      "script": "independent_verify.py",
      "stderr": "",
      "stderr_bytes": 0,
      "stderr_sha256": "e3b0c44298fc1c149afbf4c8996fb92427ae41e4649b934ca495991b7852b855",
      "stdout": "ENV {\"directory_mode\": \"0o555\", \"euid\": 1000, \"optimization\": 1, \"physical_denials\": [{\"denied\": true, \"errno\": 13, \"operation\": \"create\"}, {\"denied\": true, \"errno\": 13, \"operation\": \"append_open\"}], \"target_mode\": \"0o444\", \"uid\": 1000}\n{\"check\": \"triangle must have d at least 3\", \"checks\": 906, \"euid\": 1000, \"mutant\": \"spherical_triangle\", \"optimization\": 1, \"result\": \"FAIL\", \"uid\": 1000}\n",
      "stdout_bytes": 393,
      "stdout_sha256": "bdb51bd2638baf2d67918e40d2c65583df29dea138c5196bba9bffd035f6f62b"
    },
    {
      "arguments": [
        "--mutant",
        "nondivisible_label"
      ],
      "case": "nondivisible_label",
      "environment": {
        "directory_mode": "0o555",
        "euid": 1000,
        "optimization": 1,
        "physical_denials": [
          {
            "denied": true,
            "errno": 13,
            "operation": "create"
          },
          {
            "denied": true,
            "errno": 13,
            "operation": "append_open"
          }
        ],
        "target_mode": "0o444",
        "uid": 1000
      },
      "exit_code": 1,
      "intended_condition": "common divisor must divide every finite label",
      "rejected": true,
      "script": "independent_verify.py",
      "stderr": "",
      "stderr_bytes": 0,
      "stderr_sha256": "e3b0c44298fc1c149afbf4c8996fb92427ae41e4649b934ca495991b7852b855",
      "stdout": "ENV {\"directory_mode\": \"0o555\", \"euid\": 1000, \"optimization\": 1, \"physical_denials\": [{\"denied\": true, \"errno\": 13, \"operation\": \"create\"}, {\"denied\": true, \"errno\": 13, \"operation\": \"append_open\"}], \"target_mode\": \"0o444\", \"uid\": 1000}\n{\"check\": \"common divisor must divide every finite label\", \"checks\": 907, \"euid\": 1000, \"mutant\": \"nondivisible_label\", \"optimization\": 1, \"result\": \"FAIL\", \"uid\": 1000}\n",
      "stdout_bytes": 407,
      "stdout_sha256": "d2d0a489d75c304b1b3b821f74af5ad5017d1e064b1b7a94830f5dfd4e3bf0f2"
    },
    {
      "arguments": [
        "--mutant",
        "disconnected_part"
      ],
      "case": "disconnected_part",
      "environment": {
        "directory_mode": "0o555",
        "euid": 1000,
        "optimization": 1,
        "physical_denials": [
          {
            "denied": true,
            "errno": 13,
            "operation": "create"
          },
          {
            "denied": true,
            "errno": 13,
            "operation": "append_open"
          }
        ],
        "target_mode": "0o444",
        "uid": 1000
      },
      "exit_code": 1,
      "intended_condition": "each contracted part is connected",
      "rejected": true,
      "script": "independent_verify.py",
      "stderr": "",
      "stderr_bytes": 0,
      "stderr_sha256": "e3b0c44298fc1c149afbf4c8996fb92427ae41e4649b934ca495991b7852b855",
      "stdout": "ENV {\"directory_mode\": \"0o555\", \"euid\": 1000, \"optimization\": 1, \"physical_denials\": [{\"denied\": true, \"errno\": 13, \"operation\": \"create\"}, {\"denied\": true, \"errno\": 13, \"operation\": \"append_open\"}], \"target_mode\": \"0o444\", \"uid\": 1000}\n{\"check\": \"each contracted part is connected\", \"checks\": 909, \"euid\": 1000, \"mutant\": \"disconnected_part\", \"optimization\": 1, \"result\": \"FAIL\", \"uid\": 1000}\n",
      "stdout_bytes": 394,
      "stdout_sha256": "5ad33dddee092bc60cc0dad1721f0e1646b58ca44fcf7a4231f41bb526d83634"
    },
    {
      "arguments": [
        "--mutant",
        "kill_partial_odd_component"
      ],
      "case": "kill_partial_odd_component",
      "environment": {
        "directory_mode": "0o555",
        "euid": 1000,
        "optimization": 1,
        "physical_denials": [
          {
            "denied": true,
            "errno": 13,
            "operation": "create"
          },
          {
            "denied": true,
            "errno": 13,
            "operation": "append_open"
          }
        ],
        "target_mode": "0o444",
        "uid": 1000
      },
      "exit_code": 1,
      "intended_condition": "each original relator survives in D_infinity",
      "rejected": true,
      "script": "independent_verify.py",
      "stderr": "",
      "stderr_bytes": 0,
      "stderr_sha256": "e3b0c44298fc1c149afbf4c8996fb92427ae41e4649b934ca495991b7852b855",
      "stdout": "ENV {\"directory_mode\": \"0o555\", \"euid\": 1000, \"optimization\": 1, \"physical_denials\": [{\"denied\": true, \"errno\": 13, \"operation\": \"create\"}, {\"denied\": true, \"errno\": 13, \"operation\": \"append_open\"}], \"target_mode\": \"0o444\", \"uid\": 1000}\n{\"check\": \"each original relator survives in D_infinity\", \"checks\": 5923, \"euid\": 1000, \"mutant\": \"kill_partial_odd_component\", \"optimization\": 1, \"result\": \"FAIL\", \"uid\": 1000}\n",
      "stdout_bytes": 415,
      "stdout_sha256": "af3b45a8316751426382d5ef11fd524aa6fd18d34ac25accc5faf4203fafb16c"
    },
    {
      "arguments": [
        "--mutant",
        "separated_even_cross_edge"
      ],
      "case": "separated_even_cross_edge",
      "environment": {
        "directory_mode": "0o555",
        "euid": 1000,
        "optimization": 1,
        "physical_denials": [
          {
            "denied": true,
            "errno": 13,
            "operation": "create"
          },
          {
            "denied": true,
            "errno": 13,
            "operation": "append_open"
          }
        ],
        "target_mode": "0o444",
        "uid": 1000
      },
      "exit_code": 1,
      "intended_condition": "each original relator survives in D_infinity",
      "rejected": true,
      "script": "independent_verify.py",
      "stderr": "",
      "stderr_bytes": 0,
      "stderr_sha256": "e3b0c44298fc1c149afbf4c8996fb92427ae41e4649b934ca495991b7852b855",
      "stdout": "ENV {\"directory_mode\": \"0o555\", \"euid\": 1000, \"optimization\": 1, \"physical_denials\": [{\"denied\": true, \"errno\": 13, \"operation\": \"create\"}, {\"denied\": true, \"errno\": 13, \"operation\": \"append_open\"}], \"target_mode\": \"0o444\", \"uid\": 1000}\n{\"check\": \"each original relator survives in D_infinity\", \"checks\": 5927, \"euid\": 1000, \"mutant\": \"separated_even_cross_edge\", \"optimization\": 1, \"result\": \"FAIL\", \"uid\": 1000}\n",
      "stdout_bytes": 414,
      "stdout_sha256": "4a7776dd8fc04b50cd5413fee7f56a0a306974b703868b468ed685f3e09ce0c0"
    },
    {
      "arguments": [
        "--mutant",
        "invent_missing_edge"
      ],
      "case": "invent_missing_edge",
      "environment": {
        "directory_mode": "0o555",
        "euid": 1000,
        "optimization": 1,
        "physical_denials": [
          {
            "denied": true,
            "errno": 13,
            "operation": "create"
          },
          {
            "denied": true,
            "errno": 13,
            "operation": "append_open"
          }
        ],
        "target_mode": "0o444",
        "uid": 1000
      },
      "exit_code": 1,
      "intended_condition": "missing edges must not be given order-two relations",
      "rejected": true,
      "script": "independent_verify.py",
      "stderr": "",
      "stderr_bytes": 0,
      "stderr_sha256": "e3b0c44298fc1c149afbf4c8996fb92427ae41e4649b934ca495991b7852b855",
      "stdout": "ENV {\"directory_mode\": \"0o555\", \"euid\": 1000, \"optimization\": 1, \"physical_denials\": [{\"denied\": true, \"errno\": 13, \"operation\": \"create\"}, {\"denied\": true, \"errno\": 13, \"operation\": \"append_open\"}], \"target_mode\": \"0o444\", \"uid\": 1000}\n{\"check\": \"missing edges must not be given order-two relations\", \"checks\": 5928, \"euid\": 1000, \"mutant\": \"invent_missing_edge\", \"optimization\": 1, \"result\": \"FAIL\", \"uid\": 1000}\n",
      "stdout_bytes": 415,
      "stdout_sha256": "741aa1373be021a992100d72519f646867e32221315c0a1e0d594586918f205c"
    },
    {
      "arguments": [
        "--mutant",
        "trivial_overlap_centralizer"
      ],
      "case": "trivial_overlap_centralizer",
      "environment": {
        "directory_mode": "0o555",
        "euid": 1000,
        "optimization": 1,
        "physical_denials": [
          {
            "denied": true,
            "errno": 13,
            "operation": "create"
          },
          {
            "denied": true,
            "errno": 13,
            "operation": "append_open"
          }
        ],
        "target_mode": "0o444",
        "uid": 1000
      },
      "exit_code": 1,
      "intended_condition": "transposition centralizer has order two, not one",
      "rejected": true,
      "script": "independent_verify.py",
      "stderr": "",
      "stderr_bytes": 0,
      "stderr_sha256": "e3b0c44298fc1c149afbf4c8996fb92427ae41e4649b934ca495991b7852b855",
      "stdout": "ENV {\"directory_mode\": \"0o555\", \"euid\": 1000, \"optimization\": 1, \"physical_denials\": [{\"denied\": true, \"errno\": 13, \"operation\": \"create\"}, {\"denied\": true, \"errno\": 13, \"operation\": \"append_open\"}], \"target_mode\": \"0o444\", \"uid\": 1000}\n{\"check\": \"transposition centralizer has order two, not one\", \"checks\": 6030, \"euid\": 1000, \"mutant\": \"trivial_overlap_centralizer\", \"optimization\": 1, \"result\": \"FAIL\", \"uid\": 1000}\n",
      "stdout_bytes": 420,
      "stdout_sha256": "378968fb93426851c3270602596fd225c06107070520fbb7e038f521ea56ae74"
    },
    {
      "arguments": [
        "--mutant",
        "homomorphic_conjugator"
      ],
      "case": "homomorphic_conjugator",
      "environment": {
        "directory_mode": "0o555",
        "euid": 1000,
        "optimization": 1,
        "physical_denials": [
          {
            "denied": true,
            "errno": 13,
            "operation": "create"
          },
          {
            "denied": true,
            "errno": 13,
            "operation": "append_open"
          }
        ],
        "target_mode": "0o444",
        "uid": 1000
      },
      "exit_code": 1,
      "intended_condition": "anchor conjugator satisfies crossed composition law",
      "rejected": true,
      "script": "independent_verify.py",
      "stderr": "",
      "stderr_bytes": 0,
      "stderr_sha256": "e3b0c44298fc1c149afbf4c8996fb92427ae41e4649b934ca495991b7852b855",
      "stdout": "ENV {\"directory_mode\": \"0o555\", \"euid\": 1000, \"optimization\": 1, \"physical_denials\": [{\"denied\": true, \"errno\": 13, \"operation\": \"create\"}, {\"denied\": true, \"errno\": 13, \"operation\": \"append_open\"}], \"target_mode\": \"0o444\", \"uid\": 1000}\n{\"check\": \"anchor conjugator satisfies crossed composition law\", \"checks\": 6049, \"euid\": 1000, \"mutant\": \"homomorphic_conjugator\", \"optimization\": 1, \"result\": \"FAIL\", \"uid\": 1000}\n",
      "stdout_bytes": 418,
      "stdout_sha256": "03b5e3f514a00f2559b0a528bee385a0ff9e0db83f8e6163794c2eac02f65aa5"
    },
    {
      "arguments": [
        "--mutant",
        "replace_full_stabilizer_by_spe"
      ],
      "case": "replace_full_stabilizer_by_spe",
      "environment": {
        "directory_mode": "0o555",
        "euid": 1000,
        "optimization": 1,
        "physical_denials": [
          {
            "denied": true,
            "errno": 13,
            "operation": "create"
          },
          {
            "denied": true,
            "errno": 13,
            "operation": "append_open"
          }
        ],
        "target_mode": "0o444",
        "uid": 1000
      },
      "exit_code": 1,
      "intended_condition": "full stabilizer has full Aut(C2^2) restriction image",
      "rejected": true,
      "script": "independent_verify.py",
      "stderr": "",
      "stderr_bytes": 0,
      "stderr_sha256": "e3b0c44298fc1c149afbf4c8996fb92427ae41e4649b934ca495991b7852b855",
      "stdout": "ENV {\"directory_mode\": \"0o555\", \"euid\": 1000, \"optimization\": 1, \"physical_denials\": [{\"denied\": true, \"errno\": 13, \"operation\": \"create\"}, {\"denied\": true, \"errno\": 13, \"operation\": \"append_open\"}], \"target_mode\": \"0o444\", \"uid\": 1000}\n{\"check\": \"full stabilizer has full Aut(C2^2) restriction image\", \"checks\": 6055, \"euid\": 1000, \"mutant\": \"replace_full_stabilizer_by_spe\", \"optimization\": 1, \"result\": \"FAIL\", \"uid\": 1000}\n",
      "stdout_bytes": 427,
      "stdout_sha256": "44cebc9df3febc3ad4b8632e02e4ef84c0e8422719f9744cea9ade15023b5fd1"
    },
    {
      "arguments": [
        "--mutant",
        "finite_index_image_is_coxeter"
      ],
      "case": "finite_index_image_is_coxeter",
      "environment": {
        "directory_mode": "0o555",
        "euid": 1000,
        "optimization": 1,
        "physical_denials": [
          {
            "denied": true,
            "errno": 13,
            "operation": "create"
          },
          {
            "denied": true,
            "errno": 13,
            "operation": "append_open"
          }
        ],
        "target_mode": "0o444",
        "uid": 1000
      },
      "exit_code": 1,
      "intended_condition": "infinite cyclic finite-index image is not an infinite Coxeter group",
      "rejected": true,
      "script": "independent_verify.py",
      "stderr": "",
      "stderr_bytes": 0,
      "stderr_sha256": "e3b0c44298fc1c149afbf4c8996fb92427ae41e4649b934ca495991b7852b855",
      "stdout": "ENV {\"directory_mode\": \"0o555\", \"euid\": 1000, \"optimization\": 1, \"physical_denials\": [{\"denied\": true, \"errno\": 13, \"operation\": \"create\"}, {\"denied\": true, \"errno\": 13, \"operation\": \"append_open\"}], \"target_mode\": \"0o444\", \"uid\": 1000}\n{\"check\": \"infinite cyclic finite-index image is not an infinite Coxeter group\", \"checks\": 6065, \"euid\": 1000, \"mutant\": \"finite_index_image_is_coxeter\", \"optimization\": 1, \"result\": \"FAIL\", \"uid\": 1000}\n",
      "stdout_bytes": 441,
      "stdout_sha256": "df2bb3597f09cbd95f962e57967528a44351cdc752e9d82591d0ed8bb8b6d44b"
    }
  ],
  "schema": 1,
  "scope": "Current hardened and independent mathematical controls; historical assertion-only original is excluded; finite support does not certify universal proofs.",
  "source_unchanged": true,
  "status": "PASS",
  "uid": 1000
}
